
[12:50:28] > x64 Spruce log, item of _XDsTeezy, has just expired, the item is definitively deleted.
[12:50:28] > x1 §f§l§x§F§C§D§0§5§CW§x§F§A§A§A§4§Bu§x§F§9§8§4§3§Bk§x§F§7§5§F§2§Ao§x§F§5§3§9§1§9n§x§F§4§1§3§0§8g §x§F§5§3§9§1§9S§x§F§7§5§F§2§At§x§F§9§8§4§3§Bi§x§F§A§A§A§4§Bc§x§F§C§D§0§5§Ck, item of kopo555, has just expired, the item is definitively deleted.
[12:50:28] > x64 Spruce log, item of _XDsTeezy, has just expired, the item is definitively deleted.
[12:50:35] > Abbadex remove x1 Elytra from expire
[12:50:36] > Abbadex remove x1 §x§F§F§7§C§0§0§lSteamsparks Key from expire
[12:50:36] > Abbadex remove x1 §x§F§F§7§C§0§0§lSteamsparks Key from expire
[12:50:36] > Abbadex remove x1 §f§l§x§F§C§D§0§5§CW§x§F§A§A§2§4§8u§x§F§8§7§4§3§3k§x§F§6§4§5§1§Fo§x§F§4§1§7§0§Ang§x§F§6§4§5§1§F §x§F§8§7§4§3§3K§x§F§A§A§2§4§8e§x§F§C§D§0§5§Cy from expire
[12:50:37] > Abbadex remove x1 §f§l§8B§x§6§4§6§4§6§4a§x§7§4§7§4§7§4h§x§8§3§8§3§8§3a§x§9§3§9§3§9§3m§x§A§2§A§2§A§2ut§x§9§3§9§3§9§3 §x§8§3§8§3§8§3M§x§7§4§7§4§7§4a§x§6§4§6§4§6§4c§8e form expire
[12:50:37] > Abbadex remove x1 §x§E§4§3§A§9§6§lW§x§E§7§5§3§A§3§lI§x§E§B§6§B§B§0§lN§x§E§E§8§4§B§D§lG§x§F§2§9§D§C§B§lS §x§F§8§C§E§E§5§lO§x§F§C§E§6§F§2§lF §x§F§C§E§6§F§2§lE§x§F§8§C§E§E§5§lT§x§F§5§B§5§D§8§lE§x§F§2§9§D§C§B§lR§x§E§E§8§4§B§D§lN§x§E§B§6§B§B§0§lI§x§E§7§5§3§A§3§lT§x§E§4§3§A§9§6§lY form expire
[12:50:37] > Abbadex remove x1 §f§l§x§F§C§D§0§5§CW§x§F§A§A§2§4§8u§x§F§8§7§4§3§3k§x§F§6§4§5§1§Fo§x§F§4§1§7§0§Ang§x§F§6§4§5§1§F §x§F§8§7§4§3§3K§x§F§A§A§2§4§8e§x§F§C§D§0§5§Cy form expire
[12:50:37] > Abbadex remove x2 §f§l§x§F§C§D§0§5§CW§x§F§A§A§2§4§8u§x§F§8§7§4§3§3k§x§F§6§4§5§1§Fo§x§F§4§1§7§0§Ang§x§F§6§4§5§1§F §x§F§8§7§4§3§3K§x§F§A§A§2§4§8e§x§F§C§D§0§5§Cy form expire
[12:54:18] > nachfaust added x1 Diamond boots in auction for 15000.
[13:13:32] > nachfaust added x2 Enchanted golden apple in auction for 200000.
[13:14:53] > Cooldoggiexd added x1 §x§F§F§5§5§0§0§lsᴇʟʟᴡᴀɴᴅ §6- 5.0x in auction for 500000.
[13:15:05] > Abbadex buy x1 §x§F§F§5§5§0§0§lsᴇʟʟᴡᴀɴᴅ §6- 5.0x to Cooldoggiexd for $500,000.
[13:15:18] > Abbadex remove x1 §x§F§F§5§5§0§0§lsᴇʟʟᴡᴀɴᴅ §6- 5.0x from buy
[13:15:18] > Abbadex remove x1 §x§F§F§5§5§0§0§lsᴇʟʟᴡᴀɴᴅ §6- 5.0x from buy
[13:21:38] > Kodakoda buy x1 Diamond boots to nachfaust for $15,000.
[13:21:53] > Kodakoda remove x1 Diamond boots from buy
[13:27:03] > monggol remove x1 §x§E§5§1§B§1§B§lDracula Blade from expire
[13:27:03] > monggol remove x1 §x§F§F§7§C§0§0§lSteamsparks Shovel from expire
[13:27:04] > monggol remove x9 §x§F§F§3§E§0§0§lD§x§F§F§3§7§0§0§le§x§F§F§3§0§0§0§lm§x§F§F§2§9§0§0§lo§x§F§F§2§2§0§0§ln §x§F§F§1§5§0§0§lL§x§F§F§0§E§0§0§lo§x§F§F§0§7§0§0§lr§x§F§F§0§0§0§0§ld §x§F§F§0§E§0§0§lF§x§F§F§1§5§0§0§lr§x§F§F§1§C§0§0§la§x§F§F§2§2§0§0§lg§x§F§F§2§9§0§0§lm§x§F§F§3§0§0§0§le§x§F§F§3§7§0§0§ln§x§F§F§3§E§0§0§lt from expire
[13:27:04] > monggol remove x1 §f§l§x§F§C§D§0§5§CW§x§F§B§B§D§5§4u§x§F§A§A§A§4§Bk§x§F§A§9§7§4§3o§x§F§9§8§4§3§Bn§x§F§8§7§1§3§2g§x§F§7§5§F§2§A §x§F§6§4§C§2§1B§x§F§5§3§9§1§9o§x§F§5§2§6§1§1o§x§F§4§1§3§0§8t§x§F§3§0§0§0§0s from expire
[13:27:04] > monggol remove x1 §x§F§F§7§C§0§0§lSteamsparks Boots from expire
[13:27:04] > monggol remove x1 §f§l§x§F§C§D§0§5§CW§x§F§B§B§D§5§4u§x§F§A§A§A§4§Bk§x§F§A§9§7§4§3o§x§F§9§8§4§3§Bn§x§F§8§7§1§3§2g§x§F§7§5§F§2§A §x§F§6§4§C§2§1B§x§F§5§3§9§1§9o§x§F§5§2§6§1§1o§x§F§4§1§3§0§8t§x§F§3§0§0§0§0s from expire
[13:42:10] > Noir buy x1 §f§x§F§B§B§6§1§DC§x§F§0§A§F§1§Ca§x§E§5§A§8§1§Bp§x§D§B§A§0§1§9y§x§D§0§9§9§1§8b§x§C§5§9§2§1§7a§x§B§A§8§B§1§6r§x§A§F§8§4§1§5a§x§A§4§7§D§1§4 §x§9§A§7§5§1§2H§x§8§F§6§E§1§1a§x§8§4§6§7§1§0t to nachfaust for $200,000.
[13:56:02] > nachfaust added x64 Diamond in auction for 200000.
[13:56:13] > nachfaust added x64 Diamond in auction for 200000.
[13:56:47] > Noir remove x1 §f§x§F§B§B§6§1§DC§x§F§0§A§F§1§Ca§x§E§5§A§8§1§Bp§x§D§B§A§0§1§9y§x§D§0§9§9§1§8b§x§C§5§9§2§1§7a§x§B§A§8§B§1§6r§x§A§F§8§4§1§5a§x§A§4§7§D§1§4 §x§9§A§7§5§1§2H§x§8§F§6§E§1§1a§x§8§4§6§7§1§0t from buy
[13:57:11] > ZachIsImmortal buy x1 §x§E§5§1§B§1§B§lDracula Battleaxe to _BAAM for $250,000.
[14:08:59] > nachfaust remove x64 Diamond from storage
[14:09:00] > nachfaust remove x64 Diamond from storage
[14:09:11] > nachfaust added x64 Diamond in auction for 100000.
[14:09:21] > .Allxnzv remove x1 §x§F§F§7§C§0§0§lSteamsparks Boots from storage
[14:09:22] > nachfaust added x64 Diamond in auction for 100000.
[14:09:23] > .Allxnzv remove x1 §f§l§x§8§A§0§0§F§FS§x§9§8§0§0§D§Dh§x§A§6§0§0§B§Bi§x§B§4§0§0§9§9n§x§C§2§0§0§7§7e§x§D§0§0§0§5§5 §x§D§E§0§0§3§3O§x§E§C§0§0§1§1ni§x§D§E§0§0§3§3 §x§D§0§0§0§5§5S§x§C§2§0§0§7§7h§x§B§4§0§0§9§9i§x§A§6§0§0§B§Be§x§9§8§0§0§D§Dl§x§8§A§0§0§F§Fd from storage
[14:09:41] > .Allxnzv added x1 §f§l§x§8§A§0§0§F§FS§x§9§8§0§0§D§Dh§x§A§6§0§0§B§Bi§x§B§4§0§0§9§9n§x§C§2§0§0§7§7e§x§D§0§0§0§5§5 §x§D§E§0§0§3§3O§x§E§C§0§0§1§1ni§x§D§E§0§0§3§3 §x§D§0§0§0§5§5S§x§C§2§0§0§7§7h§x§B§4§0§0§9§9i§x§A§6§0§0§B§Be§x§9§8§0§0§D§Dl§x§8§A§0§0§F§Fd in auction for 900000.
[14:09:55] > .Allxnzv added x1 §x§F§F§7§C§0§0§lSteamsparks Boots in auction for 90000.
[14:17:39] > ZachIsImmortal remove x1 §x§E§5§1§B§1§B§lDracula Battleaxe from buy
[14:20:26] > Rain_Reinn added x1 LEATHER in auction for 15000.
[14:25:55] > anneyong buy x2 Ominous trial key to Xavier881 for $350,000.
[14:26:05] > _BAAM remove x1 §x§F§F§7§C§0§0§lSteamsparks Sword form storage
[14:26:05] > _BAAM remove x1 §f§l§8B§x§6§2§6§2§6§2a§x§6§F§6§F§6§Fh§x§7§C§7§C§7§Ca§x§8§9§8§9§8§9m§x§9§6§9§6§9§6u§x§A§3§A§3§A§3t §x§9§6§9§6§9§6D§x§8§9§8§9§8§9a§x§7§C§7§C§7§Cg§x§6§F§6§F§6§Fg§x§6§2§6§2§6§2e§8r form storage
[14:26:05] > _BAAM remove x1 §x§F§F§7§C§0§0§lSteamsparks Staff form storage
[14:26:07] > anneyong remove x2 Ominous trial key form buy
[14:26:24] > x1 §x§E§5§1§B§1§B§lDracula Staff on sale by imnectarfr has just expired, it goes in the inventory of expired items.
[14:26:24] > _BAAM added x1 §f§l§8B§x§6§2§6§2§6§2a§x§6§F§6§F§6§Fh§x§7§C§7§C§7§Ca§x§8§9§8§9§8§9m§x§9§6§9§6§9§6u§x§A§3§A§3§A§3t §x§9§6§9§6§9§6D§x§8§9§8§9§8§9a§x§7§C§7§C§7§Cg§x§6§F§6§F§6§Fg§x§6§2§6§2§6§2e§8r in auction for 500000.
[14:26:35] > _BAAM added x1 §x§F§F§7§C§0§0§lSteamsparks Staff in auction for 200000.
[14:26:53] > _BAAM added x1 §x§F§F§7§C§0§0§lSteamsparks Sword in auction for 250000.
[14:32:12] > Icon_Skully buy x1 §x§F§F§7§C§0§0§lSteamsparks Helmet to PrinceBGC for $200,000.
[14:32:33] > Icon_Skully buy x1 §x§F§F§7§C§0§0§lSteamsparks Sword to _BAAM for $250,000.
[14:32:43] > Icon_Skully remove x1 §x§F§F§7§C§0§0§lSteamsparks Helmet form buy
[14:32:43] > Icon_Skully remove x1 §x§F§F§7§C§0§0§lSteamsparks Sword form buy
[14:42:10] > Icon_Skully buy x1 §x§E§5§1§B§1§B§lDracula Chestplate to Protection for $300,000.
[14:43:32] > Icon_Skully remove x1 §x§E§5§1§B§1§B§lDracula Chestplate from buy
[14:51:28] > x64 Observer on sale by Zypher_0w0 has just expired, it goes in the inventory of expired items.
[14:51:58] > nachfaust buy x1 LEATHER to Rain_Reinn for $15,000.
[14:52:47] > nachfaust remove x1 LEATHER from buy
[14:56:54] > _BAAM added x1 §x§F§F§7§C§0§0§lSteamsparks Shovel in auction for 300000.
[15:06:03] > Cooldoggiexd added x1 Enchanted book in auction for 600000.
[15:07:17] > micailatot added x1 Enchanted book in auction for 12500.
[15:07:35] > Cooldoggiexd remove x1 Enchanted book from storage
[15:07:36] > micailatot added x1 Enchanted book in auction for 12000.
[15:07:54] > Takeremu added x1 Enchanted book in auction for 2500.
[15:07:56] > micailatot added x2 Trial key in auction for 3000.
[15:08:05] > Takeremu added x1 Enchanted book in auction for 2500.
[15:08:17] > Takeremu added x1 Enchanted book in auction for 2500.
[15:08:31] > Takeremu added x1 Enchanted book in auction for 2500.
[15:08:45] > Takeremu added x1 Enchanted book in auction for 2500.
[15:08:56] > Takeremu added x1 Enchanted book in auction for 2500.
[15:09:03] > Cooldoggiexd added x1 Enchanted book in auction for 600000.
[15:09:08] > Takeremu added x1 Enchanted book in auction for 2500.
[15:09:19] > Takeremu added x1 Enchanted book in auction for 2500.
[15:09:24] > .JakeTheMiner457 buy x1 Enchanted book to Takeremu for $2,500.
[15:09:32] > Takeremu added x1 Enchanted book in auction for 2500.
[15:09:37] > .JakeTheMiner457 buy x1 Enchanted book to Takeremu for $2,500.
[15:09:43] > Takeremu added x1 Enchanted book in auction for 2500.
[15:09:55] > Takeremu added x1 Enchanted book in auction for 2500.
[15:09:55] > .JakeTheMiner457 remove x1 Enchanted book from buy
[15:09:57] > .JakeTheMiner457 remove x1 Enchanted book from buy
[15:21:36] > nachfaust remove x64 Diamond from storage
[15:21:45] > nachfaust added x1 §x§3§4§9§8§D§Bꜱᴋᴇʟᴇᴛᴏɴ ꜱᴘᴀᴡɴᴇʀ in auction for 300000.
[15:36:34] > .Vikisczfn added x64 Stone in auction for 1000.
[15:39:17] > YuliPH buy x1 Enchanted book to Takeremu for $2,500.
[15:39:19] > YuliPH buy x1 Enchanted book to Takeremu for $2,500.
[15:39:54] > YuliPH remove x1 Enchanted book from buy
[15:39:55] > YuliPH remove x1 Enchanted book from buy
[15:54:12] > Zypher_0w0 remove x64 Wither skeleton skull form storage
[15:54:12] > Zypher_0w0 remove x64 Wither skeleton skull form storage
[15:54:12] > Zypher_0w0 remove x64 Wither skeleton skull form storage
[15:54:34] > Zypher_0w0 added x64 Wither skeleton skull in auction for 320000.
[15:54:50] > Zypher_0w0 added x64 Wither skeleton skull in auction for 320000.
[15:55:12] > .JoshuaCraft9422 buy x1 Enchanted book to Takeremu for $2,500.
[15:55:58] > Zypher_0w0 added x64 Wither skeleton skull in auction for 320000.
[15:57:15] > firewallisgood remove x54 Diamond from storage
[15:57:50] > firewallisgood added x1 Enchanted golden apple in auction for 200000.
[15:58:20] > Cooldoggiexd added x2 Enchanted golden apple in auction for 200000.
[15:58:32] > firewallisgood remove x1 Enchanted golden apple from storage
[15:58:47] > firewallisgood added x1 Enchanted golden apple in auction for 600000.
[15:59:26] > CrimsonVex buy x1 Enchanted book to Takeremu for $2,500.
[15:59:32] > CrimsonVex buy x1 Enchanted book to Takeremu for $2,500.
[15:59:34] > CrimsonVex buy x1 Enchanted book to Takeremu for $2,500.
[15:59:39] > CrimsonVex buy x1 Enchanted book to Takeremu for $2,500.
[15:59:41] > CrimsonVex buy x1 Enchanted book to Takeremu for $2,500.
[16:00:18] > CrimsonVex buy x1 Enchanted book to Takeremu for $2,500.
[16:03:34] > YuliPH buy x1 Enchanted book to Cooldoggiexd for $600,000.
[16:05:30] > Cooldoggiexd added x1 Enchanted book in auction for 600000.
[16:05:33] > YuliPH added x1 §f§l§x§8§A§0§0§F§FS§x§9§9§0§0§D§Bh§x§A§8§0§0§B§6i§x§B§7§0§0§9§2n§x§C§6§0§0§6§De§x§D§5§0§0§4§9 §x§E§4§0§0§2§4O§x§F§3§0§0§0§0n§x§E§4§0§0§2§4i§x§D§5§0§0§4§9 §x§C§6§0§0§6§DS§x§B§7§0§0§9§2t§x§A§8§0§0§B§6a§x§9§9§0§0§D§Bf§x§8§A§0§0§F§Ff in auction for 5000000.
[16:05:55] > Cooldoggiexd added x1 Enchanted book in auction for 600000.
[16:05:56] > dat_boi added x1 §f§l§8B§x§6§2§6§2§6§2a§x§6§F§6§F§6§Fh§x§7§C§7§C§7§Ca§x§8§9§8§9§8§9m§x§9§6§9§6§9§6u§x§A§3§A§3§A§3t §x§9§6§9§6§9§6S§x§8§9§8§9§8§9h§x§7§C§7§C§7§Ci§x§6§F§6§F§6§Fe§x§6§2§6§2§6§2l§8d in auction for 300000.
[16:06:07] > Cooldoggiexd added x1 Enchanted book in auction for 600000.
[16:06:38] > YuliPH remove x1 §f§l§x§8§A§0§0§F§FS§x§9§9§0§0§D§Bh§x§A§8§0§0§B§6i§x§B§7§0§0§9§2n§x§C§6§0§0§6§De§x§D§5§0§0§4§9 §x§E§4§0§0§2§4O§x§F§3§0§0§0§0n§x§E§4§0§0§2§4i§x§D§5§0§0§4§9 §x§C§6§0§0§6§DS§x§B§7§0§0§9§2t§x§A§8§0§0§B§6a§x§9§9§0§0§D§Bf§x§8§A§0§0§F§Ff from storage
[16:06:58] > YuliPH remove x1 Enchanted book from buy
[16:07:51] > dat_boi added x1 §f§l§8B§x§6§6§6§6§6§6a§x§7§7§7§7§7§7h§x§8§8§8§8§8§8a§x§9§9§9§9§9§9m§7u§x§9§9§9§9§9§9t§x§8§8§8§8§8§8 §x§7§7§7§7§7§7B§x§6§6§6§6§6§6o§8w in auction for 300000.
[16:07:57] > YuliPH remove x1 §f§l§x§8§A§0§0§F§FS§x§9§9§0§0§D§Bh§x§A§8§0§0§B§6i§x§B§7§0§0§9§2n§x§C§6§0§0§6§De§x§D§5§0§0§4§9 §x§E§4§0§0§2§4O§x§F§3§0§0§0§0n§x§E§4§0§0§2§4i§x§D§5§0§0§4§9 §x§C§6§0§0§6§DS§x§B§7§0§0§9§2t§x§A§8§0§0§B§6a§x§9§9§0§0§D§Bf§x§8§A§0§0§F§Ff from expire
[16:08:00] > BlackKnight remove x1 §f§l§8B§x§6§0§6§0§6§0a§x§6§C§6§C§6§Ch§x§7§7§7§7§7§7a§x§8§2§8§2§8§2m§x§8§E§8§E§8§Eu§x§9§9§9§9§9§9t§x§A§4§A§4§A§4 G§x§9§9§9§9§9§9a§x§8§E§8§E§8§Eu§x§8§2§8§2§8§2n§x§7§7§7§7§7§7t§x§6§C§6§C§6§Cl§x§6§0§6§0§6§0e§8t form expire
[16:08:00] > BlackKnight remove x1 §f§l§8B§x§5§F§5§F§5§Fa§x§6§9§6§9§6§9h§x§7§3§7§3§7§3a§x§7§D§7§D§7§Dm§x§8§7§8§7§8§7u§x§9§1§9§1§9§1t§x§9§B§9§B§9§B §x§A§5§A§5§A§5Ch§x§9§B§9§B§9§Be§x§9§1§9§1§9§1s§x§8§7§8§7§8§7t§x§7§D§7§D§7§Dp§x§7§3§7§3§7§3l§x§6§9§6§9§6§9a§x§5§F§5§F§5§Ft§8e form expire
[16:08:00] > BlackKnight remove x1 §f§l§8B§x§6§1§6§1§6§1a§x§6§D§6§D§6§Dh§x§7§9§7§9§7§9a§x§8§6§8§6§8§6m§x§9§2§9§2§9§2u§x§9§E§9§E§9§Et§7 §x§9§E§9§E§9§EH§x§9§2§9§2§9§2a§x§8§6§8§6§8§6l§x§7§9§7§9§7§9b§x§6§D§6§D§6§De§x§6§1§6§1§6§1r§8d form expire
[16:08:00] > BlackKnight remove x1 §f§l§8B§x§6§3§6§3§6§3a§x§7§1§7§1§7§1h§x§8§0§8§0§8§0a§x§8§E§8§E§8§Em§x§9§C§9§C§9§Cu§7t§x§9§C§9§C§9§C §x§8§E§8§E§8§ES§x§8§0§8§0§8§0w§x§7§1§7§1§7§1o§x§6§3§6§3§6§3r§8d form expire
[16:08:00] > BlackKnight remove x1 §f§l§8B§x§6§4§6§4§6§4a§x§7§4§7§4§7§4h§x§8§3§8§3§8§3a§x§9§3§9§3§9§3m§x§A§2§A§2§A§2ut§x§9§3§9§3§9§3 §x§8§3§8§3§8§3C§x§7§4§7§4§7§4l§x§6§4§6§4§6§4u§8b form expire
[16:08:00] > BlackKnight remove x1 §f§l§8B§x§6§6§6§6§6§6a§x§7§7§7§7§7§7h§x§8§8§8§8§8§8a§x§9§9§9§9§9§9m§7u§x§9§9§9§9§9§9t§x§8§8§8§8§8§8 §x§7§7§7§7§7§7H§x§6§6§6§6§6§6o§8e form expire
[16:08:00] > BlackKnight remove x1 §x§5§9§A§1§D§9§lA§x§6§E§A§D§D§Er§x§8§3§B§9§E§3c§x§9§7§C§4§E§7h§x§A§C§D§0§E§Ca§x§C§1§D§C§F§1n§x§D§6§E§8§F§6g§x§E§A§F§3§F§Ae§fl §x§D§0§E§4§F§4S§x§B§8§D§7§E§Fh§x§A§0§C§9§E§9i§x§8§8§B§C§E§4e§x§7§1§A§E§D§El§x§5§9§A§1§D§9d form expire
[16:08:17] > YuliPH added x1 §f§l§x§8§A§0§0§F§FS§x§9§9§0§0§D§Bh§x§A§8§0§0§B§6i§x§B§7§0§0§9§2n§x§C§6§0§0§6§De§x§D§5§0§0§4§9 §x§E§4§0§0§2§4O§x§F§3§0§0§0§0n§x§E§4§0§0§2§4i§x§D§5§0§0§4§9 §x§C§6§0§0§6§DS§x§B§7§0§0§9§2t§x§A§8§0§0§B§6a§x§9§9§0§0§D§Bf§x§8§A§0§0§F§Ff in auction for 2000000.
[16:08:29] > BlackKnight added x1 §x§5§9§A§1§D§9§lA§x§6§E§A§D§D§Er§x§8§3§B§9§E§3c§x§9§7§C§4§E§7h§x§A§C§D§0§E§Ca§x§C§1§D§C§F§1n§x§D§6§E§8§F§6g§x§E§A§F§3§F§Ae§fl §x§D§0§E§4§F§4S§x§B§8§D§7§E§Fh§x§A§0§C§9§E§9i§x§8§8§B§C§E§4e§x§7§1§A§E§D§El§x§5§9§A§1§D§9d in auction for 1000000.
[16:08:51] > BlackKnight buy x1 §f§l§8B§x§6§6§6§6§6§6a§x§7§7§7§7§7§7h§x§8§8§8§8§8§8a§x§9§9§9§9§9§9m§7u§x§9§9§9§9§9§9t§x§8§8§8§8§8§8 §x§7§7§7§7§7§7B§x§6§6§6§6§6§6o§8w to dat_boi for $300,000.
[16:08:53] > BlackKnight buy x1 §f§l§8B§x§6§2§6§2§6§2a§x§6§F§6§F§6§Fh§x§7§C§7§C§7§Ca§x§8§9§8§9§8§9m§x§9§6§9§6§9§6u§x§A§3§A§3§A§3t §x§9§6§9§6§9§6S§x§8§9§8§9§8§9h§x§7§C§7§C§7§Ci§x§6§F§6§F§6§Fe§x§6§2§6§2§6§2l§8d to dat_boi for $300,000.
[16:08:57] > BlackKnight buy x1 §f§l§8B§x§6§2§6§2§6§2a§x§6§F§6§F§6§Fh§x§7§C§7§C§7§Ca§x§8§9§8§9§8§9m§x§9§6§9§6§9§6u§x§A§3§A§3§A§3t §x§9§6§9§6§9§6D§x§8§9§8§9§8§9a§x§7§C§7§C§7§Cg§x§6§F§6§F§6§Fg§x§6§2§6§2§6§2e§8r to _BAAM for $500,000.
[16:09:43] > BlackKnight added x1 §f§l§8B§x§5§F§5§F§5§Fa§x§6§9§6§9§6§9h§x§7§3§7§3§7§3a§x§7§D§7§D§7§Dm§x§8§7§8§7§8§7u§x§9§1§9§1§9§1t§x§9§B§9§B§9§B §x§A§5§A§5§A§5Ch§x§9§B§9§B§9§Be§x§9§1§9§1§9§1s§x§8§7§8§7§8§7t§x§7§D§7§D§7§Dp§x§7§3§7§3§7§3l§x§6§9§6§9§6§9a§x§5§F§5§F§5§Ft§8e in auction for 2000000.
[16:09:55] > BlackKnight added x1 §f§l§8B§x§6§4§6§4§6§4a§x§7§4§7§4§7§4h§x§8§3§8§3§8§3a§x§9§3§9§3§9§3m§x§A§2§A§2§A§2ut§x§9§3§9§3§9§3 §x§8§3§8§3§8§3C§x§7§4§7§4§7§4l§x§6§4§6§4§6§4u§8b in auction for 1000000.
[16:10:05] > BlackKnight added x1 §f§l§8B§x§6§0§6§0§6§0a§x§6§C§6§C§6§Ch§x§7§7§7§7§7§7a§x§8§2§8§2§8§2m§x§8§E§8§E§8§Eu§x§9§9§9§9§9§9t§x§A§4§A§4§A§4 G§x§9§9§9§9§9§9a§x§8§E§8§E§8§Eu§x§8§2§8§2§8§2n§x§7§7§7§7§7§7t§x§6§C§6§C§6§Cl§x§6§0§6§0§6§0e§8t in auction for 650000.
[16:10:44] > BlackKnight added x1 §f§l§8B§x§6§1§6§1§6§1a§x§6§D§6§D§6§Dh§x§7§9§7§9§7§9a§x§8§6§8§6§8§6m§x§9§2§9§2§9§2u§x§9§E§9§E§9§Et§7 §x§9§E§9§E§9§EH§x§9§2§9§2§9§2a§x§8§6§8§6§8§6l§x§7§9§7§9§7§9b§x§6§D§6§D§6§De§x§6§1§6§1§6§1r§8d in auction for 550000.
[16:10:56] > BlackKnight added x1 §f§l§8B§x§6§6§6§6§6§6a§x§7§7§7§7§7§7h§x§8§8§8§8§8§8a§x§9§9§9§9§9§9m§7u§x§9§9§9§9§9§9t§x§8§8§8§8§8§8 §x§7§7§7§7§7§7H§x§6§6§6§6§6§6o§8e in auction for 450000.
[16:11:09] > BlackKnight added x1 §f§l§8B§x§6§3§6§3§6§3a§x§7§1§7§1§7§1h§x§8§0§8§0§8§0a§x§8§E§8§E§8§Em§x§9§C§9§C§9§Cu§7t§x§9§C§9§C§9§C §x§8§E§8§E§8§ES§x§8§0§8§0§8§0w§x§7§1§7§1§7§1o§x§6§3§6§3§6§3r§8d in auction for 1000000.
[16:16:55] > Icon_Skully added x1 §fShogun Boots in auction for 100000.
[16:17:47] > dat_boi added x1 §f§l§8B§x§6§3§6§3§6§3a§x§7§1§7§1§7§1h§x§8§0§8§0§8§0a§x§8§E§8§E§8§Em§x§9§C§9§C§9§Cu§7t§x§9§C§9§C§9§C §x§8§E§8§E§8§ES§x§8§0§8§0§8§0p§x§7§1§7§1§7§1e§x§6§3§6§3§6§3a§8r in auction for 200000.
[16:18:03] > dat_boi added x1 §x§E§5§1§B§1§B§lDracula Halberd in auction for 200000.
[16:18:35] > dat_boi added x1 §x§F§F§7§C§0§0§lSteamsparks Blade in auction for 210000.
[16:18:57] > dat_boi added x1 §f§l§8B§x§6§1§6§1§6§1a§x§6§D§6§D§6§Dh§x§7§9§7§9§7§9a§x§8§6§8§6§8§6m§x§9§2§9§2§9§2u§x§9§E§9§E§9§Et§7 §x§9§E§9§E§9§EH§x§9§2§9§2§9§2a§x§8§6§8§6§8§6l§x§7§9§7§9§7§9b§x§6§D§6§D§6§De§x§6§1§6§1§6§1r§8d in auction for 200000.
[16:19:54] > Frog_Frince added x1 §x§F§F§7§C§0§0§lSteamsparks Wings in auction for 2000000.
[16:20:30] > Frog_Frince remove x1 §x§F§F§7§C§0§0§lSteamsparks Wings from storage
[16:20:46] > Frog_Frince added x1 §x§F§F§7§C§0§0§lSteamsparks Wings in auction for 1500000.
[16:20:56] > nachfaust buy x1 §x§F§F§7§C§0§0§lSteamsparks Wings to Frog_Frince for $1,500,000.
[16:21:13] > nachfaust remove x1 §x§F§F§7§C§0§0§lSteamsparks Wings from buy
[16:23:13] > namerikangel added x4 §x§3§4§9§8§D§Bᴢᴏᴍʙɪᴇ ꜱᴘᴀᴡɴᴇʀ in auction for 1000000.
[16:24:29] > BlackKnight buy x1 §fShogun Boots to Icon_Skully for $100,000.
[16:24:36] > BlackKnight buy x1 §f§l§8B§x§6§1§6§1§6§1a§x§6§D§6§D§6§Dh§x§7§9§7§9§7§9a§x§8§6§8§6§8§6m§x§9§2§9§2§9§2u§x§9§E§9§E§9§Et§7 §x§9§E§9§E§9§EH§x§9§2§9§2§9§2a§x§8§6§8§6§8§6l§x§7§9§7§9§7§9b§x§6§D§6§D§6§De§x§6§1§6§1§6§1r§8d to dat_boi for $200,000.
[16:24:39] > BlackKnight buy x1 §f§l§8B§x§6§3§6§3§6§3a§x§7§1§7§1§7§1h§x§8§0§8§0§8§0a§x§8§E§8§E§8§Em§x§9§C§9§C§9§Cu§7t§x§9§C§9§C§9§C §x§8§E§8§E§8§ES§x§8§0§8§0§8§0p§x§7§1§7§1§7§1e§x§6§3§6§3§6§3a§8r to dat_boi for $200,000.
[16:27:21] > dat_boi added x1 Saddle in auction for 200.
[16:27:55] > nachfaust remove x1 §x§3§4§9§8§D§Bꜱᴋᴇʟᴇᴛᴏɴ ꜱᴘᴀᴡɴᴇʀ from storage
[16:28:00] > nachfaust remove x64 Diamond from storage
[16:28:14] > nachfaust added x1 Enchanted book in auction for 20000.
[16:28:35] > nachfaust added x1 §x§3§4§9§8§D§Bꜱᴋᴇʟᴇᴛᴏɴ ꜱᴘᴀᴡɴᴇʀ in auction for 200000.
[16:28:43] > kabayooo remove x1 go to diamond for gudies form storage
[16:28:43] > kabayooo remove x1 Enchanted book form storage
[16:28:57] > kabayooo added x1 Enchanted book in auction for 30000.
[16:29:00] > Icon_Skully added x1 §x§F§F§3§E§0§0§lD§x§F§F§3§6§0§0§le§x§F§F§2§F§0§0§lm§x§F§F§2§7§0§0§lo§x§F§F§1§F§0§0§ln §x§F§F§1§0§0§0§lL§x§F§F§0§8§0§0§lo§x§F§F§0§0§0§0§lr§x§F§F§0§9§0§0§ld §x§F§F§1§B§0§0§lS§x§F§F§2§3§0§0§lt§x§F§F§2§C§0§0§la§x§F§F§3§5§0§0§lf§x§F§F§3§E§0§0§lf in auction for 150000.
[16:29:16] > kabayooo buy x1 §x§3§4§9§8§D§Bꜱᴋᴇʟᴇᴛᴏɴ ꜱᴘᴀᴡɴᴇʀ to nachfaust for $200,000.
[16:29:22] > kabayooo remove x1 §x§3§4§9§8§D§Bꜱᴋᴇʟᴇᴛᴏɴ ꜱᴘᴀᴡɴᴇʀ from buy
[16:29:51] > aBlizzardGod added x3 Enchanted golden apple in auction for 150000.
[16:29:59] > Icon_Skully added x1 §fShogun Hammer in auction for 450000.
[16:30:06] > Cooldoggiexd remove x2 Enchanted golden apple from storage
[16:30:10] > x1 /pwarp go MARKETS, item of FRANZ_JOSEF0, has just expired, the item is definitively deleted.
[16:30:11] > Cooldoggiexd remove x2 Enchanted golden apple from expire
[16:30:21] > Cooldoggiexd added x4 Enchanted golden apple in auction for 150000.
[16:30:23] > nachfaust added x1 Mace in auction for 1500000.
[16:34:47] > dat_boi remove x1 Saddle from storage
[16:36:16] > Icon_Skully added x1 §fShogun Fishing Rod in auction for 100000.
[16:37:11] > Icon_Skully added x1 §x§F§F§3§E§0§0§lD§x§F§F§3§5§0§0§le§x§F§F§2§C§0§0§lm§x§F§F§2§3§0§0§lo§x§F§F§1§B§0§0§ln §x§F§F§0§9§0§0§lL§x§F§F§0§0§0§0§lo§x§F§F§0§A§0§0§lr§x§F§F§1§5§0§0§ld §x§F§F§2§9§0§0§lA§x§F§F§3§4§0§0§lx§x§F§F§3§E§0§0§le in auction for 200000.
[16:37:21] > aBlizzardGod buy x1 §x§F§F§3§E§0§0§lD§x§F§F§3§6§0§0§le§x§F§F§2§F§0§0§lm§x§F§F§2§7§0§0§lo§x§F§F§1§F§0§0§ln §x§F§F§1§0§0§0§lL§x§F§F§0§8§0§0§lo§x§F§F§0§0§0§0§lr§x§F§F§0§9§0§0§ld §x§F§F§1§B§0§0§lS§x§F§F§2§3§0§0§lt§x§F§F§2§C§0§0§la§x§F§F§3§5§0§0§lf§x§F§F§3§E§0§0§lf to Icon_Skully for $150,000.
[16:40:11] > BlackKnight buy x1 §fShogun Fishing Rod to Icon_Skully for $100,000.
[16:40:51] > firewallisgood added x1 Diamond pickaxe in auction for 1000000.
[16:42:00] > Unforce01 added x1 §x§E§5§1§B§1§B§lDracula Wings in auction for 1000000.
[16:42:30] > dat_boi added x1 §f§l§8B§x§6§1§6§1§6§1a§x§6§D§6§D§6§Dh§x§7§9§7§9§7§9a§x§8§6§8§6§8§6m§x§9§2§9§2§9§2u§x§9§E§9§E§9§Et§7 §x§9§E§9§E§9§EH§x§9§2§9§2§9§2a§x§8§6§8§6§8§6l§x§7§9§7§9§7§9b§x§6§D§6§D§6§De§x§6§1§6§1§6§1r§8d in auction for 200000.
[16:42:49] > firewallisgood remove x1 Diamond pickaxe from storage
[16:43:10] > firewallisgood remove x1 Enchanted golden apple from storage
[16:44:47] > Icon_Skully added x1 §f§l§x§F§C§D§0§5§CW§x§F§A§A§2§4§8u§x§F§8§7§4§3§3k§x§F§6§4§5§1§Fo§x§F§4§1§7§0§Ang§x§F§6§4§5§1§F §x§F§8§7§4§3§3H§x§F§A§A§2§4§8a§x§F§C§D§0§5§Ct in auction for 250000.
[16:47:44] > namerikangel added x1 Music disc otherside in auction for 100000.
[16:48:31] > Icon_Skully added x1 §x§5§9§A§1§D§9§lA§x§7§1§A§E§D§Er§x§8§8§B§C§E§4c§x§A§0§C§9§E§9h§x§B§8§D§7§E§Fa§x§D§0§E§4§F§4n§x§E§7§F§2§F§Ag§fe§x§E§7§F§2§F§Al §x§B§8§D§7§E§FS§x§A§0§C§9§E§9w§x§8§8§B§C§E§4o§x§7§1§A§E§D§Er§x§5§9§A§1§D§9d in auction for 250000.
[16:50:26] > alecczzz buy x1 §x§6§0§0§0§F§F§lɢᴏᴅʟʏ ɪᴛᴇᴍ to HwanYo for $380,000.
[16:51:36] > alecczzz remove x1 §x§6§0§0§0§F§F§lɢᴏᴅʟʏ ɪᴛᴇᴍ from buy
[16:52:07] > Unforce01 added x1 §f§l§x§8§A§0§0§F§FS§x§9§C§0§0§D§5h§x§A§D§0§0§A§Ai§x§B§F§0§0§8§0n§x§D§0§0§0§5§5e§x§E§2§0§0§2§B §x§F§3§0§0§0§0O§x§E§2§0§0§2§An§x§D§0§0§0§5§5i§x§B§F§0§0§8§0 §x§A§D§0§0§A§AA§x§9§C§0§0§D§5x§x§8§A§0§0§F§Fe in auction for 1500000.
[16:56:11] > dat_boi added x1 §f§l§8B§x§6§3§6§3§6§3a§x§7§1§7§1§7§1h§x§8§0§8§0§8§0a§x§8§E§8§E§8§Em§x§9§C§9§C§9§Cu§7t§x§9§C§9§C§9§C §x§8§E§8§E§8§ES§x§8§0§8§0§8§0p§x§7§1§7§1§7§1e§x§6§3§6§3§6§3a§8r in auction for 200000.
[17:02:46] > Icon_Skully added x1 §fShogun Bow in auction for 100000.
[17:03:21] > Icon_Skully added x1 §x§F§F§3§E§0§0§lD§x§F§F§3§5§0§0§le§x§F§F§2§C§0§0§lm§x§F§F§2§3§0§0§lo§x§F§F§1§B§0§0§ln §x§F§F§0§9§0§0§lL§x§F§F§0§0§0§0§lo§x§F§F§0§A§0§0§lr§x§F§F§1§5§0§0§ld §x§F§F§2§9§0§0§lB§x§F§F§3§4§0§0§lo§x§F§F§3§E§0§0§lw in auction for 150000.
[17:13:33] > Icon_Skully remove x1 §fShogun Hammer form storage
[17:13:33] > Icon_Skully remove x1 §x§F§F§3§E§0§0§lD§x§F§F§3§5§0§0§le§x§F§F§2§C§0§0§lm§x§F§F§2§3§0§0§lo§x§F§F§1§B§0§0§ln §x§F§F§0§9§0§0§lL§x§F§F§0§0§0§0§lo§x§F§F§0§A§0§0§lr§x§F§F§1§5§0§0§ld §x§F§F§2§9§0§0§lA§x§F§F§3§4§0§0§lx§x§F§F§3§E§0§0§le form storage
[17:13:33] > Icon_Skully remove x1 §x§5§9§A§1§D§9§lA§x§7§1§A§E§D§Er§x§8§8§B§C§E§4c§x§A§0§C§9§E§9h§x§B§8§D§7§E§Fa§x§D§0§E§4§F§4n§x§E§7§F§2§F§Ag§fe§x§E§7§F§2§F§Al §x§B§8§D§7§E§FS§x§A§0§C§9§E§9w§x§8§8§B§C§E§4o§x§7§1§A§E§D§Er§x§5§9§A§1§D§9d form storage
[17:13:33] > Icon_Skully remove x1 §f§l§x§F§C§D§0§5§CW§x§F§A§A§2§4§8u§x§F§8§7§4§3§3k§x§F§6§4§5§1§Fo§x§F§4§1§7§0§Ang§x§F§6§4§5§1§F §x§F§8§7§4§3§3H§x§F§A§A§2§4§8a§x§F§C§D§0§5§Ct form storage
[17:13:33] > Icon_Skully remove x1 §x§F§F§3§E§0§0§lD§x§F§F§3§5§0§0§le§x§F§F§2§C§0§0§lm§x§F§F§2§3§0§0§lo§x§F§F§1§B§0§0§ln §x§F§F§0§9§0§0§lL§x§F§F§0§0§0§0§lo§x§F§F§0§A§0§0§lr§x§F§F§1§5§0§0§ld §x§F§F§2§9§0§0§lB§x§F§F§3§4§0§0§lo§x§F§F§3§E§0§0§lw form storage
[17:13:33] > Icon_Skully remove x1 §fShogun Bow form storage
[17:13:55] > Icon_Skully buy x1 §x§E§5§1§B§1§B§lDracula Wings to Unforce01 for $1,000,000.
[17:14:06] > Icon_Skully buy x1 §f§l§x§8§A§0§0§F§FS§x§9§C§0§0§D§5h§x§A§D§0§0§A§Ai§x§B§F§0§0§8§0n§x§D§0§0§0§5§5e§x§E§2§0§0§2§B §x§F§3§0§0§0§0O§x§E§2§0§0§2§An§x§D§0§0§0§5§5i§x§B§F§0§0§8§0 §x§A§D§0§0§A§AA§x§9§C§0§0§D§5x§x§8§A§0§0§F§Fe to Unforce01 for $1,500,000.
[17:14:11] > Unforce01 buy x1 §f§l§x§8§A§0§0§F§FS§x§9§8§0§0§D§Dh§x§A§6§0§0§B§Bi§x§B§4§0§0§9§9n§x§C§2§0§0§7§7e§x§D§0§0§0§5§5 §x§D§E§0§0§3§3O§x§E§C§0§0§1§1ni§x§D§E§0§0§3§3 §x§D§0§0§0§5§5H§x§C§2§0§0§7§7e§x§B§4§0§0§9§9l§x§A§6§0§0§B§Bm§x§9§8§0§0§D§De§x§8§A§0§0§F§Ft to giyahnpogi for $6,000,000.
[17:14:15] > Icon_Skully remove x1 §f§l§x§8§A§0§0§F§FS§x§9§C§0§0§D§5h§x§A§D§0§0§A§Ai§x§B§F§0§0§8§0n§x§D§0§0§0§5§5e§x§E§2§0§0§2§B §x§F§3§0§0§0§0O§x§E§2§0§0§2§An§x§D§0§0§0§5§5i§x§B§F§0§0§8§0 §x§A§D§0§0§A§AA§x§9§C§0§0§D§5x§x§8§A§0§0§F§Fe form buy
[17:14:15] > Icon_Skully remove x1 §x§E§5§1§B§1§B§lDracula Wings form buy
[17:14:18] > Unforce01 remove x1 §f§l§x§8§A§0§0§F§FS§x§9§8§0§0§D§Dh§x§A§6§0§0§B§Bi§x§B§4§0§0§9§9n§x§C§2§0§0§7§7e§x§D§0§0§0§5§5 §x§D§E§0§0§3§3O§x§E§C§0§0§1§1ni§x§D§E§0§0§3§3 §x§D§0§0§0§5§5H§x§C§2§0§0§7§7e§x§B§4§0§0§9§9l§x§A§6§0§0§B§Bm§x§9§8§0§0§D§De§x§8§A§0§0§F§Ft form buy
[17:18:08] > PrezXie added x1 §f§l§8B§x§6§1§6§1§6§1a§x§6§D§6§D§6§Dh§x§7§9§7§9§7§9a§x§8§6§8§6§8§6m§x§9§2§9§2§9§2u§x§9§E§9§E§9§Et§7 §x§9§E§9§E§9§EH§x§9§2§9§2§9§2a§x§8§6§8§6§8§6l§x§7§9§7§9§7§9b§x§6§D§6§D§6§De§x§6§1§6§1§6§1r§8d in auction for 500000.
[17:19:48] > Torrr buy x1 §f§l§8B§x§6§3§6§3§6§3a§x§7§1§7§1§7§1h§x§8§0§8§0§8§0a§x§8§E§8§E§8§Em§x§9§C§9§C§9§Cu§7t§x§9§C§9§C§9§C §x§8§E§8§E§8§ES§x§8§0§8§0§8§0p§x§7§1§7§1§7§1e§x§6§3§6§3§6§3a§8r to dat_boi for $200,000.
[17:24:56] > firewallisgood added x1 Trident in auction for 600000.
[17:26:11] > cheeseburgerx buy x1 §x§E§E§0§0§0§0§lᴜɴʟɪᴍɪᴛᴇᴅ sᴇʟʟᴡᴀɴᴅ to KnightFlash for $500,000.
[17:27:58] > firewallisgood remove x1 Trident from storage
[17:31:35] > Icon_Skully added x1 §x§5§9§A§1§D§9§lA§x§7§5§B§1§D§Fr§x§9§0§C§0§E§6c§x§A§C§D§0§E§Ch§x§C§8§E§0§F§2a§x§E§3§E§F§F§9n§fg§x§E§3§E§F§F§9e§x§C§8§E§0§F§2l §x§9§0§C§0§E§6B§x§7§5§B§1§D§Fo§x§5§9§A§1§D§9w in auction for 250000.
[17:32:22] > Icon_Skully added x1 §x§F§F§3§E§0§0§lD§x§F§F§3§6§0§0§le§x§F§F§2§F§0§0§lm§x§F§F§2§7§0§0§lo§x§F§F§1§F§0§0§ln §x§F§F§1§0§0§0§lL§x§F§F§0§8§0§0§lo§x§F§F§0§0§0§0§lr§x§F§F§0§9§0§0§ld §x§F§F§1§B§0§0§lB§x§F§F§2§3§0§0§lo§x§F§F§2§C§0§0§lo§x§F§F§3§5§0§0§lt§x§F§F§3§E§0§0§ls in auction for 150000.
[17:32:34] > Icon_Skully added x1 §x§F§F§3§E§0§0§lD§x§F§F§3§6§0§0§le§x§F§F§2§F§0§0§lm§x§F§F§2§7§0§0§lo§x§F§F§1§F§0§0§ln §x§F§F§1§0§0§0§lL§x§F§F§0§8§0§0§lo§x§F§F§0§0§0§0§lr§x§F§F§0§8§0§0§ld §x§F§F§1§7§0§0§lH§x§F§F§1§F§0§0§le§x§F§F§2§7§0§0§ll§x§F§F§2§F§0§0§lm§x§F§F§3§6§0§0§le§x§F§F§3§E§0§0§lt in auction for 150000.
[17:33:01] > 8it5inn buy x1 §x§F§F§3§E§0§0§lD§x§F§F§3§6§0§0§le§x§F§F§2§F§0§0§lm§x§F§F§2§7§0§0§lo§x§F§F§1§F§0§0§ln §x§F§F§1§0§0§0§lL§x§F§F§0§8§0§0§lo§x§F§F§0§0§0§0§lr§x§F§F§0§8§0§0§ld §x§F§F§1§7§0§0§lH§x§F§F§1§F§0§0§le§x§F§F§2§7§0§0§ll§x§F§F§2§F§0§0§lm§x§F§F§3§6§0§0§le§x§F§F§3§E§0§0§lt to Icon_Skully for $150,000.
[17:33:04] > Icon_Skully added x1 §x§F§F§3§E§0§0§lD§x§F§F§3§8§0§0§le§x§F§F§3§2§0§0§lm§x§F§F§2§B§0§0§lo§x§F§F§2§5§0§0§ln §x§F§F§1§9§0§0§lL§x§F§F§1§3§0§0§lo§x§F§F§0§C§0§0§lr§x§F§F§0§6§0§0§ld §x§F§F§0§6§0§0§lB§x§F§F§0§C§0§0§la§x§F§F§1§3§0§0§lt§x§F§F§1§9§0§0§lt§x§F§F§1§F§0§0§ll§x§F§F§2§5§0§0§le §x§F§F§3§2§0§0§lA§x§F§F§3§8§0§0§lx§x§F§F§3§E§0§0§le in auction for 150000.
[17:33:05] > 8it5inn remove x1 §x§F§F§3§E§0§0§lD§x§F§F§3§6§0§0§le§x§F§F§2§F§0§0§lm§x§F§F§2§7§0§0§lo§x§F§F§1§F§0§0§ln §x§F§F§1§0§0§0§lL§x§F§F§0§8§0§0§lo§x§F§F§0§0§0§0§lr§x§F§F§0§8§0§0§ld §x§F§F§1§7§0§0§lH§x§F§F§1§F§0§0§le§x§F§F§2§7§0§0§ll§x§F§F§2§F§0§0§lm§x§F§F§3§6§0§0§le§x§F§F§3§E§0§0§lt from buy
[17:33:54] > Icon_Skully added x1 §x§F§F§3§E§0§0§lDemon Lord Spear in auction for 150000.
[17:34:02] > 8it5inn buy x1 §x§F§F§3§E§0§0§lD§x§F§F§3§8§0§0§le§x§F§F§3§2§0§0§lm§x§F§F§2§B§0§0§lo§x§F§F§2§5§0§0§ln §x§F§F§1§9§0§0§lL§x§F§F§1§3§0§0§lo§x§F§F§0§C§0§0§lr§x§F§F§0§6§0§0§ld §x§F§F§0§6§0§0§lB§x§F§F§0§C§0§0§la§x§F§F§1§3§0§0§lt§x§F§F§1§9§0§0§lt§x§F§F§1§F§0§0§ll§x§F§F§2§5§0§0§le §x§F§F§3§2§0§0§lA§x§F§F§3§8§0§0§lx§x§F§F§3§E§0§0§le to Icon_Skully for $150,000.
[17:34:08] > 8it5inn remove x1 §x§F§F§3§E§0§0§lD§x§F§F§3§8§0§0§le§x§F§F§3§2§0§0§lm§x§F§F§2§B§0§0§lo§x§F§F§2§5§0§0§ln §x§F§F§1§9§0§0§lL§x§F§F§1§3§0§0§lo§x§F§F§0§C§0§0§lr§x§F§F§0§6§0§0§ld §x§F§F§0§6§0§0§lB§x§F§F§0§C§0§0§la§x§F§F§1§3§0§0§lt§x§F§F§1§9§0§0§lt§x§F§F§1§F§0§0§ll§x§F§F§2§5§0§0§le §x§F§F§3§2§0§0§lA§x§F§F§3§8§0§0§lx§x§F§F§3§E§0§0§le from buy
[17:34:13] > Icon_Skully added x1 §x§F§F§3§E§0§0§lD§x§F§F§3§5§0§0§le§x§F§F§2§C§0§0§lm§x§F§F§2§3§0§0§lo§x§F§F§1§B§0§0§ln §x§F§F§0§9§0§0§lL§x§F§F§0§0§0§0§lo§x§F§F§0§A§0§0§lr§x§F§F§1§5§0§0§ld §x§F§F§2§9§0§0§lA§x§F§F§3§4§0§0§lx§x§F§F§3§E§0§0§le in auction for 150000.
[17:34:29] > Icon_Skully added x1 §x§F§F§3§E§0§0§lD§x§F§F§3§6§0§0§le§x§F§F§2§F§0§0§lm§x§F§F§2§7§0§0§lo§x§F§F§1§F§0§0§ln §x§F§F§1§0§0§0§lL§x§F§F§0§8§0§0§lo§x§F§F§0§0§0§0§lr§x§F§F§0§9§0§0§ld §x§F§F§1§B§0§0§lS§x§F§F§2§3§0§0§lt§x§F§F§2§C§0§0§la§x§F§F§3§5§0§0§lf§x§F§F§3§E§0§0§lf in auction for 150000.
[17:34:46] > 8it5inn buy x1 §x§F§F§3§E§0§0§lD§x§F§F§3§5§0§0§le§x§F§F§2§C§0§0§lm§x§F§F§2§3§0§0§lo§x§F§F§1§B§0§0§ln §x§F§F§0§9§0§0§lL§x§F§F§0§0§0§0§lo§x§F§F§0§A§0§0§lr§x§F§F§1§5§0§0§ld §x§F§F§2§9§0§0§lA§x§F§F§3§4§0§0§lx§x§F§F§3§E§0§0§le to Icon_Skully for $150,000.
[17:34:54] > 8it5inn remove x1 §x§F§F§3§E§0§0§lD§x§F§F§3§5§0§0§le§x§F§F§2§C§0§0§lm§x§F§F§2§3§0§0§lo§x§F§F§1§B§0§0§ln §x§F§F§0§9§0§0§lL§x§F§F§0§0§0§0§lo§x§F§F§0§A§0§0§lr§x§F§F§1§5§0§0§ld §x§F§F§2§9§0§0§lA§x§F§F§3§4§0§0§lx§x§F§F§3§E§0§0§le from buy
[17:35:00] > Icon_Skully added x1 §x§F§F§3§E§0§0§lD§x§F§F§3§5§0§0§le§x§F§F§2§C§0§0§lm§x§F§F§2§3§0§0§lo§x§F§F§1§B§0§0§ln §x§F§F§0§9§0§0§lL§x§F§F§0§0§0§0§lo§x§F§F§0§A§0§0§lr§x§F§F§1§5§0§0§ld §x§F§F§2§9§0§0§lA§x§F§F§3§4§0§0§lx§x§F§F§3§E§0§0§le in auction for 150000.
[17:35:31] > Icon_Skully added x1 §x§F§F§3§E§0§0§lD§x§F§F§3§5§0§0§le§x§F§F§2§C§0§0§lm§x§F§F§2§3§0§0§lo§x§F§F§1§B§0§0§ln §x§F§F§0§9§0§0§lL§x§F§F§0§0§0§0§lo§x§F§F§0§A§0§0§lr§x§F§F§1§5§0§0§ld §x§F§F§2§9§0§0§lB§x§F§F§3§4§0§0§lo§x§F§F§3§E§0§0§lw in auction for 150000.
[17:36:05] > 8it5inn buy x1 §x§F§F§3§E§0§0§lD§x§F§F§3§5§0§0§le§x§F§F§2§C§0§0§lm§x§F§F§2§3§0§0§lo§x§F§F§1§B§0§0§ln §x§F§F§0§9§0§0§lL§x§F§F§0§0§0§0§lo§x§F§F§0§A§0§0§lr§x§F§F§1§5§0§0§ld §x§F§F§2§9§0§0§lB§x§F§F§3§4§0§0§lo§x§F§F§3§E§0§0§lw to Icon_Skully for $150,000.
[17:36:12] > 8it5inn remove x1 §x§F§F§3§E§0§0§lD§x§F§F§3§5§0§0§le§x§F§F§2§C§0§0§lm§x§F§F§2§3§0§0§lo§x§F§F§1§B§0§0§ln §x§F§F§0§9§0§0§lL§x§F§F§0§0§0§0§lo§x§F§F§0§A§0§0§lr§x§F§F§1§5§0§0§ld §x§F§F§2§9§0§0§lB§x§F§F§3§4§0§0§lo§x§F§F§3§E§0§0§lw from buy
[17:36:20] > Icon_Skully added x1 §x§5§9§A§1§D§9§lA§x§7§1§A§E§D§Er§x§8§8§B§C§E§4c§x§A§0§C§9§E§9h§x§B§8§D§7§E§Fa§x§D§0§E§4§F§4n§x§E§7§F§2§F§Ag§fe§x§E§7§F§2§F§Al §x§B§8§D§7§E§FS§x§A§0§C§9§E§9w§x§8§8§B§C§E§4o§x§7§1§A§E§D§Er§x§5§9§A§1§D§9d in auction for 200000.
[17:37:09] > BlackKnight buy x1 §x§5§9§A§1§D§9§lA§x§7§1§A§E§D§Er§x§8§8§B§C§E§4c§x§A§0§C§9§E§9h§x§B§8§D§7§E§Fa§x§D§0§E§4§F§4n§x§E§7§F§2§F§Ag§fe§x§E§7§F§2§F§Al §x§B§8§D§7§E§FS§x§A§0§C§9§E§9w§x§8§8§B§C§E§4o§x§7§1§A§E§D§Er§x§5§9§A§1§D§9d to Icon_Skully for $200,000.
[17:37:13] > BlackKnight buy x1 §x§5§9§A§1§D§9§lA§x§7§5§B§1§D§Fr§x§9§0§C§0§E§6c§x§A§C§D§0§E§Ch§x§C§8§E§0§F§2a§x§E§3§E§F§F§9n§fg§x§E§3§E§F§F§9e§x§C§8§E§0§F§2l §x§9§0§C§0§E§6B§x§7§5§B§1§D§Fo§x§5§9§A§1§D§9w to Icon_Skully for $250,000.
[17:37:38] > Icon_Skully added x1 §x§F§F§3§E§0§0§lD§x§F§F§3§7§0§0§le§x§F§F§3§0§0§0§lm§x§F§F§2§9§0§0§lo§x§F§F§2§2§0§0§ln §x§F§F§1§5§0§0§lL§x§F§F§0§E§0§0§lo§x§F§F§0§7§0§0§lr§x§F§F§0§0§0§0§ld §x§F§F§1§0§0§0§lP§x§F§F§1§7§0§0§li§x§F§F§1§F§0§0§lc§x§F§F§2§7§0§0§lk§x§F§F§2§F§0§0§la§x§F§F§3§6§0§0§lx§x§F§F§3§E§0§0§le in auction for 150000.
[17:37:59] > aBlizzardGod buy x2 Furnace to Shadowflip_24 for $100.
[17:38:36] > Icon_Skully added x1 §x§5§9§A§1§D§9§lA§x§6§A§A§A§D§Dr§x§7§A§B§4§E§1c§x§8§B§B§D§E§4h§x§9§B§C§7§E§8a§x§A§C§D§0§E§Cn§x§B§D§D§9§F§0g§x§C§D§E§3§F§4e§x§D§E§E§C§F§7l §fF§x§E§E§F§6§F§Bi§x§D§E§E§C§F§7s§x§C§D§E§3§F§4h§x§B§D§D§9§F§0i§x§A§C§D§0§E§Cn§x§9§B§C§7§E§8g §x§7§A§B§4§E§1R§x§6§A§A§A§D§Do§x§5§9§A§1§D§9d in auction for 200000.
[17:39:39] > BlackKnight buy x1 §x§5§9§A§1§D§9§lA§x§6§A§A§A§D§Dr§x§7§A§B§4§E§1c§x§8§B§B§D§E§4h§x§9§B§C§7§E§8a§x§A§C§D§0§E§Cn§x§B§D§D§9§F§0g§x§C§D§E§3§F§4e§x§D§E§E§C§F§7l §fF§x§E§E§F§6§F§Bi§x§D§E§E§C§F§7s§x§C§D§E§3§F§4h§x§B§D§D§9§F§0i§x§A§C§D§0§E§Cn§x§9§B§C§7§E§8g §x§7§A§B§4§E§1R§x§6§A§A§A§D§Do§x§5§9§A§1§D§9d to Icon_Skully for $200,000.
[17:39:39] > kabayooo added x1 go to diamond for gudies in auction for 99999999999999.
[17:40:17] > aBlizzardGod remove x1 §x§F§F§3§E§0§0§lD§x§F§F§3§6§0§0§le§x§F§F§2§F§0§0§lm§x§F§F§2§7§0§0§lo§x§F§F§1§F§0§0§ln §x§F§F§1§0§0§0§lL§x§F§F§0§8§0§0§lo§x§F§F§0§0§0§0§lr§x§F§F§0§9§0§0§ld §x§F§F§1§B§0§0§lS§x§F§F§2§3§0§0§lt§x§F§F§2§C§0§0§la§x§F§F§3§5§0§0§lf§x§F§F§3§E§0§0§lf from buy
[17:41:30] > Callistrix added x1 §x§E§5§1§B§1§B§lDracula Fishing in auction for 250000.
[17:41:37] > aBlizzardGod added x1 §x§F§F§3§E§0§0§lD§x§F§F§3§6§0§0§le§x§F§F§2§F§0§0§lm§x§F§F§2§7§0§0§lo§x§F§F§1§F§0§0§ln §x§F§F§1§0§0§0§lL§x§F§F§0§8§0§0§lo§x§F§F§0§0§0§0§lr§x§F§F§0§9§0§0§ld §x§F§F§1§B§0§0§lS§x§F§F§2§3§0§0§lt§x§F§F§2§C§0§0§la§x§F§F§3§5§0§0§lf§x§F§F§3§E§0§0§lf in auction for 200000.
[17:41:49] > HPMR_GaMerz buy x1 Enchanted book to kabayooo for $30,000.
[17:41:59] > HPMR_GaMerz buy x4 Enchanted golden apple to Cooldoggiexd for $150,000.
[17:42:10] > HPMR_GaMerz buy x2 Trial key to micailatot for $3,000.
[17:42:39] > cheeseburgerx remove x1 §x§E§E§0§0§0§0§lᴜɴʟɪᴍɪᴛᴇᴅ sᴇʟʟᴡᴀɴᴅ from buy
[17:58:20] > Torrr remove x1 §f§l§8B§x§6§3§6§3§6§3a§x§7§1§7§1§7§1h§x§8§0§8§0§8§0a§x§8§E§8§E§8§Em§x§9§C§9§C§9§Cu§7t§x§9§C§9§C§9§C §x§8§E§8§E§8§ES§x§8§0§8§0§8§0p§x§7§1§7§1§7§1e§x§6§3§6§3§6§3a§8r from buy
[17:58:38] > x1 §f§l§8B§x§6§2§6§2§6§2a§x§6§F§6§F§6§Fh§x§7§C§7§C§7§Ca§x§8§9§8§9§8§9m§x§9§6§9§6§9§6u§x§A§3§A§3§A§3t §x§9§6§9§6§9§6H§x§8§9§8§9§8§9a§x§7§C§7§C§7§Ct§x§6§F§6§F§6§F §x§6§2§6§2§6§2V§82 on sale by MakmakJV has just expired, it goes in the inventory of expired items.
[17:58:47] > kabayooo added x1 §x§F§F§5§5§0§0§lsᴇʟʟᴡᴀɴᴅ §6- 10.0x in auction for 1400000.
[17:59:07] > Unforce01 added x1 §x§E§5§1§B§1§B§lDracula Helmet in auction for 250000.
[17:59:07] > kabayooo added x1 §x§F§F§5§5§0§0§lsᴇʟʟᴡᴀɴᴅ §6- 10.0x in auction for 1400000.
[17:59:16] > x1 §x§F§0§7§A§5§4§lZombie Apocalyptic Bow, item of tic_sz, has just expired, the item is definitively deleted.
[17:59:16] > x64 Spider eye, item of tic_sz, has just expired, the item is definitively deleted.
[17:59:20] > Icon_Skully buy x1 §x§E§5§1§B§1§B§lDracula Helmet to Unforce01 for $250,000.
[17:59:22] > HandsomeCat added x1 §x§F§F§5§5§0§0§lsᴇʟʟᴡᴀɴᴅ §6- 10.0x in auction for 500000.
[17:59:27] > Icon_Skully remove x1 §x§E§5§1§B§1§B§lDracula Helmet from buy
[17:59:28] > HwanYo buy x1 §x§F§F§5§5§0§0§lsᴇʟʟᴡᴀɴᴅ §6- 10.0x to HandsomeCat for $500,000.
[17:59:32] > scarlettti added x1 §x§F§F§3§E§0§0§lSellwand Voucher in auction for 1500000.
[18:00:13] > Protection added x1 §x§E§E§0§0§0§0§lᴜɴʟɪᴍɪᴛᴇᴅ sᴇʟʟᴡᴀɴᴅ in auction for 1250000.
[18:00:43] > Protection remove x1 §x§E§E§0§0§0§0§lᴜɴʟɪᴍɪᴛᴇᴅ sᴇʟʟᴡᴀɴᴅ from storage
[18:00:54] > HwanYo added x3 §x§5§C§C§F§F§C§lC§x§5§C§D§1§F§5§lo§x§5§D§D§4§E§E§ls§x§5§D§D§6§E§7§lm§x§5§E§D§9§E§1§le§x§5§E§D§B§D§A§lt§x§5§E§D§D§D§3§li§x§5§F§E§0§C§C§lc §x§5§F§E§0§C§C§lH§x§5§E§D§D§D§3§la§x§5§E§D§B§D§A§lt§x§5§E§D§9§E§1§ls §x§5§D§D§4§E§E§lK§x§5§C§D§1§F§5§le§x§5§C§C§F§F§C§ly in auction for 200000.
[18:01:00] > Protection added x1 §x§E§E§0§0§0§0§lᴜɴʟɪᴍɪᴛᴇᴅ sᴇʟʟᴡᴀɴᴅ in auction for 2000000.
[18:01:33] > dat_boi added x5 §x§C§9§A§7§F§C§lL§x§B§D§A§E§F§6§le§x§B§1§B§4§F§0§lg§x§A§6§B§B§E§A§le§x§9§A§C§1§E§4§ln§x§8§E§C§8§D§D§ld§x§8§2§C§E§D§7§la§x§7§7§D§5§D§1§lr§x§6§B§D§B§C§B§ly §x§6§B§D§B§C§B§lC§x§7§7§D§5§D§1§lr§x§8§2§C§E§D§7§la§x§8§E§C§8§D§D§lt§x§9§A§C§1§E§4§le §x§B§1§B§4§F§0§lK§x§B§D§A§E§F§6§le§x§C§9§A§7§F§C§ly in auction for 300000.
[18:01:43] > HwanYo added x64 Experience bottle in auction for 120000.
[18:02:01] > kabayooo added x1 §x§E§5§1§B§1§B§lDracula Sickle in auction for 100000.
[18:02:10] > Icon_Skully buy x1 §x§E§5§1§B§1§B§lDracula Sickle to kabayooo for $100,000.
[18:02:22] > Icon_Skully remove x1 §x§F§F§3§E§0§0§lD§x§F§F§3§7§0§0§le§x§F§F§3§0§0§0§lm§x§F§F§2§9§0§0§lo§x§F§F§2§2§0§0§ln §x§F§F§1§5§0§0§lL§x§F§F§0§E§0§0§lo§x§F§F§0§7§0§0§lr§x§F§F§0§0§0§0§ld §x§F§F§1§0§0§0§lP§x§F§F§1§7§0§0§li§x§F§F§1§F§0§0§lc§x§F§F§2§7§0§0§lk§x§F§F§2§F§0§0§la§x§F§F§3§6§0§0§lx§x§F§F§3§E§0§0§le from storage
[18:02:36] > Icon_Skully remove x1 §x§F§F§3§E§0§0§lD§x§F§F§3§6§0§0§le§x§F§F§2§F§0§0§lm§x§F§F§2§7§0§0§lo§x§F§F§1§F§0§0§ln §x§F§F§1§0§0§0§lL§x§F§F§0§8§0§0§lo§x§F§F§0§0§0§0§lr§x§F§F§0§9§0§0§ld §x§F§F§1§B§0§0§lS§x§F§F§2§3§0§0§lt§x§F§F§2§C§0§0§la§x§F§F§3§5§0§0§lf§x§F§F§3§E§0§0§lf form storage
[18:02:36] > Icon_Skully remove x1 §x§F§F§3§E§0§0§lDemon Lord Spear form storage
[18:02:36] > Icon_Skully remove x1 §x§F§F§3§E§0§0§lD§x§F§F§3§5§0§0§le§x§F§F§2§C§0§0§lm§x§F§F§2§3§0§0§lo§x§F§F§1§B§0§0§ln §x§F§F§0§9§0§0§lL§x§F§F§0§0§0§0§lo§x§F§F§0§A§0§0§lr§x§F§F§1§5§0§0§ld §x§F§F§2§9§0§0§lA§x§F§F§3§4§0§0§lx§x§F§F§3§E§0§0§le form storage
[18:02:36] > Icon_Skully remove x1 §x§F§F§3§E§0§0§lD§x§F§F§3§6§0§0§le§x§F§F§2§F§0§0§lm§x§F§F§2§7§0§0§lo§x§F§F§1§F§0§0§ln §x§F§F§1§0§0§0§lL§x§F§F§0§8§0§0§lo§x§F§F§0§0§0§0§lr§x§F§F§0§9§0§0§ld §x§F§F§1§B§0§0§lB§x§F§F§2§3§0§0§lo§x§F§F§2§C§0§0§lo§x§F§F§3§5§0§0§lt§x§F§F§3§E§0§0§ls form storage
[18:03:01] > Icon_Skully remove x1 §x§E§5§1§B§1§B§lDracula Sickle from buy
[18:07:42] > Unforce01 added x1 §x§F§F§7§C§0§0§lSteamsparks Chestplate in auction for 250000.
[18:07:54] > Icon_Skully buy x1 §x§F§F§7§C§0§0§lSteamsparks Chestplate to Unforce01 for $250,000.
[18:08:03] > Icon_Skully remove x1 §x§F§F§7§C§0§0§lSteamsparks Chestplate from buy
[18:10:32] > YuliPH remove x1 §f§l§x§8§A§0§0§F§FS§x§9§9§0§0§D§Bh§x§A§8§0§0§B§6i§x§B§7§0§0§9§2n§x§C§6§0§0§6§De§x§D§5§0§0§4§9 §x§E§4§0§0§2§4O§x§F§3§0§0§0§0n§x§E§4§0§0§2§4i§x§D§5§0§0§4§9 §x§C§6§0§0§6§DS§x§B§7§0§0§9§2t§x§A§8§0§0§B§6a§x§9§9§0§0§D§Bf§x§8§A§0§0§F§Ff from storage
[18:10:36] > YuliPH remove x1 §f§l§x§8§A§0§0§F§FS§x§9§9§0§0§D§Bh§x§A§8§0§0§B§6i§x§B§7§0§0§9§2n§x§C§6§0§0§6§De§x§D§5§0§0§4§9 §x§E§4§0§0§2§4O§x§F§3§0§0§0§0n§x§E§4§0§0§2§4i§x§D§5§0§0§4§9 §x§C§6§0§0§6§DS§x§B§7§0§0§9§2t§x§A§8§0§0§B§6a§x§9§9§0§0§D§Bf§x§8§A§0§0§F§Ff from expire
[18:18:28] > HwanYo remove x1 §x§F§F§5§5§0§0§lsᴇʟʟᴡᴀɴᴅ §6- 10.0x from buy
[18:19:01] > namerikangel added x11 §x§C§9§A§7§F§C§lL§x§B§D§A§E§F§6§le§x§B§1§B§4§F§0§lg§x§A§6§B§B§E§A§le§x§9§A§C§1§E§4§ln§x§8§E§C§8§D§D§ld§x§8§2§C§E§D§7§la§x§7§7§D§5§D§1§lr§x§6§B§D§B§C§B§ly §x§6§B§D§B§C§B§lC§x§7§7§D§5§D§1§lr§x§8§2§C§E§D§7§la§x§8§E§C§8§D§D§lt§x§9§A§C§1§E§4§le §x§B§1§B§4§F§0§lK§x§B§D§A§E§F§6§le§x§C§9§A§7§F§C§ly in auction for 1000000.
[18:40:15] > x64 FIREWORKS AT /PWARP GO RAIN on sale by Rain_Reinn has just expired, it goes in the inventory of expired items.
[18:40:15] > x1 SELL YOUR EMERALDS FOR 50 EACH AT /PWARP GO NBS on sale by Rain_Reinn has just expired, it goes in the inventory of expired items.
[18:40:15] > x1 BOOKS AT /PWARP GO NBS on sale by Rain_Reinn has just expired, it goes in the inventory of expired items.
[18:41:07] > nebula12321 remove x1 §x§F§F§3§E§0§0§lD§x§F§F§3§5§0§0§le§x§F§F§2§C§0§0§lm§x§F§F§2§3§0§0§lo§x§F§F§1§B§0§0§ln §x§F§F§0§9§0§0§lL§x§F§F§0§0§0§0§lo§x§F§F§0§A§0§0§lr§x§F§F§1§5§0§0§ld §x§F§F§2§9§0§0§lB§x§F§F§3§4§0§0§lo§x§F§F§3§E§0§0§lw from expire
[18:41:08] > nebula12321 remove x1 §x§E§5§1§B§1§B§lDracula Bow from expire
[18:41:08] > nebula12321 remove x1 Music disc lava chicken from expire
[18:41:16] > nebula12321 added x1 §x§F§F§3§E§0§0§lD§x§F§F§3§5§0§0§le§x§F§F§2§C§0§0§lm§x§F§F§2§3§0§0§lo§x§F§F§1§B§0§0§ln §x§F§F§0§9§0§0§lL§x§F§F§0§0§0§0§lo§x§F§F§0§A§0§0§lr§x§F§F§1§5§0§0§ld §x§F§F§2§9§0§0§lB§x§F§F§3§4§0§0§lo§x§F§F§3§E§0§0§lw in auction for 1500000.
[18:41:27] > nebula12321 added x1 §x§E§5§1§B§1§B§lDracula Bow in auction for 550000.
[18:41:40] > nebula12321 added x1 Music disc lava chicken in auction for 500000.
[18:42:53] > Icon_Skully buy x1 §x§F§F§7§C§0§0§lSteamsparks Blade to dat_boi for $210,000.
[18:43:38] > Icon_Skully remove x1 §x§F§F§7§C§0§0§lSteamsparks Blade from buy
[18:45:46] > HwanYo added x1 §f§l§x§F§C§D§0§5§CW§x§F§B§B§0§4§Eu§x§F§9§9§0§4§0k§x§F§8§7§0§3§2o§x§F§6§5§0§2§3n§x§F§5§3§0§1§5g§x§F§4§1§0§0§7 H§x§F§5§3§0§1§5a§x§F§6§5§0§2§3l§x§F§8§7§0§3§2b§x§F§9§9§0§4§0e§x§F§B§B§0§4§Er§x§F§C§D§0§5§Cd in auction for 400000.
[18:48:00] > HwanYo added x1 §x§F§F§7§C§0§0§lSteamsparks Shield in auction for 100000.
[18:48:24] > HwanYo remove x32 Wither skeleton skull from storage
[18:48:28] > HwanYo added x1 §x§F§F§7§C§0§0§lSteamsparks Helmet in auction for 50000.
[18:49:07] > Icon_Skully buy x1 §x§F§F§7§C§0§0§lSteamsparks Helmet to HwanYo for $50,000.
[18:49:21] > Icon_Skully remove x1 §x§F§F§7§C§0§0§lSteamsparks Helmet from buy
[18:54:33] > dat_boi remove x1 §x§F§F§7§C§0§0§lSteamsparks Staff from storage
[18:54:33] > dat_boi remove x1 §x§E§5§1§B§1§B§lDracula Dagger from storage
[18:54:34] > dat_boi remove x1 §x§E§5§1§B§1§B§lDracula Halberd from storage
[18:54:34] > dat_boi remove x1 §f§l§8B§x§6§1§6§1§6§1a§x§6§D§6§D§6§Dh§x§7§9§7§9§7§9a§x§8§6§8§6§8§6m§x§9§2§9§2§9§2u§x§9§E§9§E§9§Et§7 §x§9§E§9§E§9§EH§x§9§2§9§2§9§2a§x§8§6§8§6§8§6l§x§7§9§7§9§7§9b§x§6§D§6§D§6§De§x§6§1§6§1§6§1r§8d from storage
[18:55:38] > ThatMidnight buy x1 Enchanted book to nachfaust for $20,000.
[18:59:08] > HwanYo added x32 Wither skeleton skull in auction for 100000.
[19:16:55] > scarlettti added x1 §f§l§8B§x§6§3§6§3§6§3a§x§7§1§7§1§7§1h§x§8§0§8§0§8§0a§x§8§E§8§E§8§Em§x§9§C§9§C§9§Cu§7t§x§9§C§9§C§9§C §x§8§E§8§E§8§ES§x§8§0§8§0§8§0t§x§7§1§7§1§7§1a§x§6§3§6§3§6§3f§8f in auction for 950000.
[19:18:00] > x1 §f§l§8B§x§6§1§6§1§6§1a§x§6§D§6§D§6§Dh§x§7§9§7§9§7§9a§x§8§6§8§6§8§6m§x§9§2§9§2§9§2u§x§9§E§9§E§9§Et§7 §x§9§E§9§E§9§EH§x§9§2§9§2§9§2a§x§8§6§8§6§8§6l§x§7§9§7§9§7§9b§x§6§D§6§D§6§De§x§6§1§6§1§6§1r§8d on sale by frenchhee has just expired, it goes in the inventory of expired items.
[19:25:45] > dat_boi added x64 Melon in auction for 10000.
[19:26:34] > MasterEVO12 added x20 Melon in auction for 10000.
[19:26:46] > dat_boi remove x64 Melon from storage
[19:28:10] > claypotter added x1 Enchanted book in auction for 3500.
[19:28:25] > claypotter added x1 Enchanted book in auction for 3500.
[19:28:46] > ELITEWARRIOR buy x1 Enchanted book to claypotter for $3,500.
[19:28:48] > ELITEWARRIOR buy x1 Enchanted book to claypotter for $3,500.
[19:35:24] > Icon_Skully added x1 §f§l§x§F§C§D§0§5§CW§x§F§A§A§2§4§8u§x§F§8§7§4§3§3k§x§F§6§4§5§1§Fo§x§F§4§1§7§0§Ang§x§F§6§4§5§1§F §x§F§8§7§4§3§3H§x§F§A§A§2§4§8a§x§F§C§D§0§5§Ct in auction for 150000.
[19:35:48] > Icon_Skully added x1 §x§F§F§7§C§0§0§lSteamsparks Helmet in auction for 150000.
[19:36:18] > Icon_Skully added x1 §x§F§F§3§E§0§0§lD§x§F§F§3§5§0§0§le§x§F§F§2§C§0§0§lm§x§F§F§2§3§0§0§lo§x§F§F§1§B§0§0§ln §x§F§F§0§9§0§0§lL§x§F§F§0§0§0§0§lo§x§F§F§0§A§0§0§lr§x§F§F§1§5§0§0§ld §x§F§F§2§9§0§0§lA§x§F§F§3§4§0§0§lx§x§F§F§3§E§0§0§le in auction for 150000.
[19:36:50] > Icon_Skully remove x1 §x§F§F§7§C§0§0§lSteamsparks Helmet from storage
[19:36:53] > Icon_Skully remove x1 §f§l§x§F§C§D§0§5§CW§x§F§A§A§2§4§8u§x§F§8§7§4§3§3k§x§F§6§4§5§1§Fo§x§F§4§1§7§0§Ang§x§F§6§4§5§1§F §x§F§8§7§4§3§3H§x§F§A§A§2§4§8a§x§F§C§D§0§5§Ct from storage
[19:36:53] > Icon_Skully remove x1 §x§F§F§3§E§0§0§lD§x§F§F§3§5§0§0§le§x§F§F§2§C§0§0§lm§x§F§F§2§3§0§0§lo§x§F§F§1§B§0§0§ln §x§F§F§0§9§0§0§lL§x§F§F§0§0§0§0§lo§x§F§F§0§A§0§0§lr§x§F§F§1§5§0§0§ld §x§F§F§2§9§0§0§lA§x§F§F§3§4§0§0§lx§x§F§F§3§E§0§0§le from storage
[19:37:03] > ThatMidnight added x1 §x§F§F§5§5§0§0§lsᴇʟʟᴡᴀɴᴅ §6- 5.0x in auction for 700000.
[19:37:09] > mae buy x1 §x§F§F§5§5§0§0§lsᴇʟʟᴡᴀɴᴅ §6- 5.0x to ThatMidnight for $700,000.
[19:39:18] > TrH_Yuuki buy x1 §x§E§5§1§B§1§B§lDracula Fishing to Callistrix for $250,000.
[19:39:28] > RebornKimmy remove x5 §x§F§C§D§0§5§C§lB§x§E§6§D§3§6§B§la§x§C§F§D§5§7§A§ls§x§B§9§D§8§8§9§li§x§A§2§D§A§9§8§lc §x§7§5§D§F§B§6§lC§x§5§F§E§2§C§5§lr§x§7§5§D§F§B§6§la§x§8§C§D§D§A§7§lt§x§A§2§D§A§9§8§le §x§C§F§D§5§7§A§lK§x§E§6§D§3§6§B§le§x§F§C§D§0§5§C§ly form buy
[19:39:28] > RebornKimmy remove x1 Diamond boots form buy
[19:39:28] > RebornKimmy remove x5 §x§F§C§9§0§5§C§lE§x§E§6§9§C§6§B§lp§x§C§F§A§7§7§A§li§x§B§9§B§3§8§9§lc §x§8§C§C§B§A§7§lC§x§7§5§D§6§B§6§lr§x§5§F§E§2§C§5§la§x§7§9§D§4§B§4§lt§x§9§3§C§7§A§2§le §x§C§8§A§B§7§F§lK§x§E§2§9§E§6§E§le§x§F§C§9§0§5§C§ly form buy
[19:39:58] > TrH_Yuuki remove x1 §x§E§5§1§B§1§B§lDracula Fishing from buy
[19:44:22] > khenjieMC buy x1 §x§E§5§1§B§1§B§lDracula Pickaxe to nachfaust for $500,000.
[19:44:53] > khenjieMC remove x1 §x§E§5§1§B§1§B§lDracula Pickaxe from buy
[20:00:04] > HwanYo remove x1 §x§F§F§7§C§0§0§lSteamsparks Shield from storage
[20:00:06] > khenjieMC buy x4 §x§3§4§9§8§D§Bᴢᴏᴍʙɪᴇ ꜱᴘᴀᴡɴᴇʀ to namerikangel for $1,000,000.
[20:00:07] > HwanYo added x1 §f§l§x§8§A§0§0§F§FS§x§9§C§0§0§D§5h§x§A§D§0§0§A§Ai§x§B§F§0§0§8§0n§x§D§0§0§0§5§5e§x§E§2§0§0§2§B §x§F§3§0§0§0§0O§x§E§2§0§0§2§An§x§D§0§0§0§5§5i§x§B§F§0§0§8§0 §x§A§D§0§0§A§AH§x§9§C§0§0§D§5o§x§8§A§0§0§F§Fe in auction for 850000.
[20:00:18] > khenjieMC remove x4 §x§3§4§9§8§D§Bᴢᴏᴍʙɪᴇ ꜱᴘᴀᴡɴᴇʀ from buy
[20:00:18] > BlackKnight buy x1 §f§l§x§8§A§0§0§F§FS§x§9§C§0§0§D§5h§x§A§D§0§0§A§Ai§x§B§F§0§0§8§0n§x§D§0§0§0§5§5e§x§E§2§0§0§2§B §x§F§3§0§0§0§0O§x§E§2§0§0§2§An§x§D§0§0§0§5§5i§x§B§F§0§0§8§0 §x§A§D§0§0§A§AH§x§9§C§0§0§D§5o§x§8§A§0§0§F§Fe to HwanYo for $850,000.
[20:00:48] > BlackKnight remove x1 §f§l§8B§x§6§2§6§2§6§2a§x§6§F§6§F§6§Fh§x§7§C§7§C§7§Ca§x§8§9§8§9§8§9m§x§9§6§9§6§9§6u§x§A§3§A§3§A§3t §x§9§6§9§6§9§6D§x§8§9§8§9§8§9a§x§7§C§7§C§7§Cg§x§6§F§6§F§6§Fg§x§6§2§6§2§6§2e§8r form buy
[20:00:48] > BlackKnight remove x1 §f§l§8B§x§6§6§6§6§6§6a§x§7§7§7§7§7§7h§x§8§8§8§8§8§8a§x§9§9§9§9§9§9m§7u§x§9§9§9§9§9§9t§x§8§8§8§8§8§8 §x§7§7§7§7§7§7B§x§6§6§6§6§6§6o§8w form buy
[20:00:48] > BlackKnight remove x1 §f§l§8B§x§6§2§6§2§6§2a§x§6§F§6§F§6§Fh§x§7§C§7§C§7§Ca§x§8§9§8§9§8§9m§x§9§6§9§6§9§6u§x§A§3§A§3§A§3t §x§9§6§9§6§9§6S§x§8§9§8§9§8§9h§x§7§C§7§C§7§Ci§x§6§F§6§F§6§Fe§x§6§2§6§2§6§2l§8d form buy
[20:00:48] > BlackKnight remove x1 §fShogun Boots form buy
[20:00:48] > BlackKnight remove x1 §f§l§8B§x§6§1§6§1§6§1a§x§6§D§6§D§6§Dh§x§7§9§7§9§7§9a§x§8§6§8§6§8§6m§x§9§2§9§2§9§2u§x§9§E§9§E§9§Et§7 §x§9§E§9§E§9§EH§x§9§2§9§2§9§2a§x§8§6§8§6§8§6l§x§7§9§7§9§7§9b§x§6§D§6§D§6§De§x§6§1§6§1§6§1r§8d form buy
[20:00:48] > BlackKnight remove x1 §fShogun Fishing Rod form buy
[20:00:48] > BlackKnight remove x1 §x§5§9§A§1§D§9§lA§x§7§5§B§1§D§Fr§x§9§0§C§0§E§6c§x§A§C§D§0§E§Ch§x§C§8§E§0§F§2a§x§E§3§E§F§F§9n§fg§x§E§3§E§F§F§9e§x§C§8§E§0§F§2l §x§9§0§C§0§E§6B§x§7§5§B§1§D§Fo§x§5§9§A§1§D§9w form buy
[20:00:48] > BlackKnight remove x1 §x§5§9§A§1§D§9§lA§x§7§1§A§E§D§Er§x§8§8§B§C§E§4c§x§A§0§C§9§E§9h§x§B§8§D§7§E§Fa§x§D§0§E§4§F§4n§x§E§7§F§2§F§Ag§fe§x§E§7§F§2§F§Al §x§B§8§D§7§E§FS§x§A§0§C§9§E§9w§x§8§8§B§C§E§4o§x§7§1§A§E§D§Er§x§5§9§A§1§D§9d form buy
[20:00:48] > BlackKnight remove x1 §f§l§x§8§A§0§0§F§FS§x§9§C§0§0§D§5h§x§A§D§0§0§A§Ai§x§B§F§0§0§8§0n§x§D§0§0§0§5§5e§x§E§2§0§0§2§B §x§F§3§0§0§0§0O§x§E§2§0§0§2§An§x§D§0§0§0§5§5i§x§B§F§0§0§8§0 §x§A§D§0§0§A§AH§x§9§C§0§0§D§5o§x§8§A§0§0§F§Fe form buy
[20:00:48] > BlackKnight remove x1 §x§5§9§A§1§D§9§lA§x§6§A§A§A§D§Dr§x§7§A§B§4§E§1c§x§8§B§B§D§E§4h§x§9§B§C§7§E§8a§x§A§C§D§0§E§Cn§x§B§D§D§9§F§0g§x§C§D§E§3§F§4e§x§D§E§E§C§F§7l §fF§x§E§E§F§6§F§Bi§x§D§E§E§C§F§7s§x§C§D§E§3§F§4h§x§B§D§D§9§F§0i§x§A§C§D§0§E§Cn§x§9§B§C§7§E§8g §x§7§A§B§4§E§1R§x§6§A§A§A§D§Do§x§5§9§A§1§D§9d form buy
[20:00:48] > BlackKnight remove x1 §f§l§8B§x§6§3§6§3§6§3a§x§7§1§7§1§7§1h§x§8§0§8§0§8§0a§x§8§E§8§E§8§Em§x§9§C§9§C§9§Cu§7t§x§9§C§9§C§9§C §x§8§E§8§E§8§ES§x§8§0§8§0§8§0p§x§7§1§7§1§7§1e§x§6§3§6§3§6§3a§8r form buy
[20:11:10] > Zen0969 added x1 Shulker box in auction for 500000.
[20:11:15] > Zen0969 remove x1 Shulker box from storage
[20:11:18] > khenjieMC buy x1 §fPanda Hat to Johng10910 for $50,000.
[20:11:24] > khenjieMC remove x1 §fPanda Hat from buy
[20:11:56] > Zen0969 added x1 White shulker box in auction for 500000.
[20:12:08] > Zen0969 added x1 White shulker box in auction for 500000.
[20:12:36] > Zen0969 added x1 White shulker box in auction for 500000.
[20:13:51] > Zen0969 added x1 White shulker box in auction for 500000.
[20:14:03] > Zen0969 added x1 White shulker box in auction for 500000.
[20:14:15] > Zen0969 added x1 White shulker box in auction for 500000.
[20:14:38] > Zen0969 added x1 White shulker box in auction for 500000.
[20:14:48] > Zen0969 remove x1 White shulker box from storage
[20:17:43] > zopell10 added x1 §x§F§F§7§C§0§0§lSteamsparks Hoe in auction for 100000.
[20:18:01] > zopell10 added x1 §x§F§F§7§C§0§0§lSteamsparks Halberd in auction for 100000.
[20:18:12] > zopell10 added x1 §x§F§F§7§C§0§0§lSteamsparks Chestplate in auction for 100000.
[20:18:23] > zopell10 added x1 §x§F§F§7§C§0§0§lSteamsparks Sword in auction for 100000.
[20:18:33] > Icon_Skully buy x1 §x§F§F§7§C§0§0§lSteamsparks Chestplate to zopell10 for $100,000.
[20:19:12] > zopell10 added x1 §x§E§5§1§B§1§B§lDracula Shovel in auction for 25000.
[20:19:50] > Icon_Skully buy x1 §x§E§5§1§B§1§B§lDracula Shovel to zopell10 for $25,000.
[20:20:05] > Icon_Skully remove x1 §x§F§F§7§C§0§0§lSteamsparks Chestplate form buy
[20:20:05] > Icon_Skully remove x1 §x§E§5§1§B§1§B§lDracula Shovel form buy
[20:20:08] > zopell10 added x1 §x§E§5§1§B§1§B§lDracula Blade in auction for 75000.
[20:20:26] > TrH_Yuuki buy x1 §x§E§5§1§B§1§B§lDracula Blade to zopell10 for $75,000.
[20:20:39] > zopell10 remove x1 §x§F§F§7§C§0§0§lSteamsparks Sword from storage
[20:20:39] > zopell10 remove x1 §x§F§F§7§C§0§0§lSteamsparks Halberd from storage
[20:20:40] > zopell10 remove x1 §x§F§F§7§C§0§0§lSteamsparks Hoe from storage
[20:20:49] > zopell10 added x1 §x§F§F§7§C§0§0§lSteamsparks Sword in auction for 75000.
[20:20:54] > TrH_Yuuki remove x1 §x§E§5§1§B§1§B§lDracula Blade from buy
[20:21:06] > zopell10 added x1 §x§F§F§7§C§0§0§lSteamsparks Halberd in auction for 75000.
[20:21:17] > zopell10 added x1 §x§F§F§7§C§0§0§lSteamsparks Hoe in auction for 7500.
[20:21:31] > EnderDragon0120 buy x1 §x§F§F§7§C§0§0§lSteamsparks Sword to zopell10 for $75,000.
[20:21:36] > Icon_Skully buy x1 §x§F§F§7§C§0§0§lSteamsparks Hoe to zopell10 for $7,500.
[20:24:45] > Icon_Skully added x1 §f§l§x§8§A§0§0§F§FS§x§9§5§0§0§E§4h§x§A§0§0§0§C§9i§x§A§B§0§0§A§En§x§B§6§0§0§9§4e§x§C§1§0§0§7§9 §x§C§C§0§0§5§EO§x§D§7§0§0§4§3n§x§E§2§0§0§2§8i§x§E§D§0§0§0§D C§x§E§2§0§0§2§8h§x§D§7§0§0§4§3e§x§C§C§0§0§5§Es§x§C§1§0§0§7§9t§x§B§6§0§0§9§4p§x§A§B§0§0§A§El§x§A§0§0§0§C§9a§x§9§5§0§0§E§4t§x§8§A§0§0§F§Fe in auction for 2500000.
[20:25:44] > .Allxnzv buy x1 Enchanted book to Cooldoggiexd for $600,000.
[20:26:01] > .Allxnzv remove x1 Enchanted book from buy
[20:26:42] > .Allxnzv added x1 §f§l§x§8§A§0§0§F§FS§x§9§6§0§0§E§1h§x§A§3§0§0§C§3i§x§A§F§0§0§A§5n§x§B§B§0§0§8§7e§x§C§8§0§0§6§9 §x§D§4§0§0§4§BO§x§E§0§0§0§2§Dn§x§E§D§0§0§0§Fi §x§E§0§0§0§2§DL§x§D§4§0§0§4§Be§x§C§8§0§0§6§9g§x§B§B§0§0§8§7g§x§A§F§0§0§A§5i§x§A§3§0§0§C§3n§x§9§6§0§0§E§1g§x§8§A§0§0§F§Fs in auction for 2500000.
[20:26:55] > Icon_Skully remove x1 §f§l§x§8§A§0§0§F§FS§x§9§5§0§0§E§4h§x§A§0§0§0§C§9i§x§A§B§0§0§A§En§x§B§6§0§0§9§4e§x§C§1§0§0§7§9 §x§C§C§0§0§5§EO§x§D§7§0§0§4§3n§x§E§2§0§0§2§8i§x§E§D§0§0§0§D C§x§E§2§0§0§2§8h§x§D§7§0§0§4§3e§x§C§C§0§0§5§Es§x§C§1§0§0§7§9t§x§B§6§0§0§9§4p§x§A§B§0§0§A§El§x§A§0§0§0§C§9a§x§9§5§0§0§E§4t§x§8§A§0§0§F§Fe from storage
[20:27:47] > RizzaIck remove x1 §f§l§8B§x§6§4§6§4§6§4a§x§7§4§7§4§7§4h§x§8§3§8§3§8§3a§x§9§3§9§3§9§3m§x§A§2§A§2§A§2ut§x§9§3§9§3§9§3 §x§8§3§8§3§8§3C§x§7§4§7§4§7§4l§x§6§4§6§4§6§4u§8b from expire
[20:27:48] > RizzaIck remove x1 §f§l§x§F§C§D§0§5§CW§x§F§B§A§D§4§Du§x§F§9§8§B§3§Dk§x§F§8§6§8§2§Eo§x§F§6§4§5§1§Fn§x§F§5§2§3§0§Fg§x§F§3§0§0§0§0 §x§F§5§2§3§0§FS§x§F§6§4§5§1§Fh§x§F§8§6§8§2§Eo§x§F§9§8§B§3§Dv§x§F§B§A§D§4§De§x§F§C§D§0§5§Cl from expire
[20:27:48] > RizzaIck remove x1 §f§l§8B§x§6§2§6§2§6§2a§x§6§F§6§F§6§Fh§x§7§C§7§C§7§Ca§x§8§9§8§9§8§9m§x§9§6§9§6§9§6u§x§A§3§A§3§A§3t §x§9§6§9§6§9§6S§x§8§9§8§9§8§9h§x§7§C§7§C§7§Co§x§6§F§6§F§6§Fv§x§6§2§6§2§6§2e§8l from expire
[20:27:49] > RizzaIck remove x1 §f§l§x§F§C§D§0§5§CW§x§F§A§A§2§4§8u§x§F§8§7§4§3§3k§x§F§6§4§5§1§Fo§x§F§4§1§7§0§Ang§x§F§6§4§5§1§F §x§F§8§7§4§3§3H§x§F§A§A§2§4§8o§x§F§C§D§0§5§Ce from expire
[20:28:02] > Icon_Skully added x1 §x§F§F§3§E§0§0§lD§x§F§F§3§6§0§0§le§x§F§F§2§F§0§0§lm§x§F§F§2§7§0§0§lo§x§F§F§1§F§0§0§ln §x§F§F§1§0§0§0§lL§x§F§F§0§8§0§0§lo§x§F§F§0§0§0§0§lr§x§F§F§0§9§0§0§ld §x§F§F§1§B§0§0§lS§x§F§F§2§3§0§0§lt§x§F§F§2§C§0§0§la§x§F§F§3§5§0§0§lf§x§F§F§3§E§0§0§lf in auction for 150000.
[20:28:13] > Icon_Skully added x1 §x§F§F§3§E§0§0§lD§x§F§F§3§5§0§0§le§x§F§F§2§C§0§0§lm§x§F§F§2§3§0§0§lo§x§F§F§1§B§0§0§ln §x§F§F§0§9§0§0§lL§x§F§F§0§0§0§0§lo§x§F§F§0§A§0§0§lr§x§F§F§1§5§0§0§ld §x§F§F§2§9§0§0§lA§x§F§F§3§4§0§0§lx§x§F§F§3§E§0§0§le in auction for 150000.
[20:28:25] > Icon_Skully added x1 §x§F§F§3§E§0§0§lD§x§F§F§3§7§0§0§le§x§F§F§3§0§0§0§lm§x§F§F§2§9§0§0§lo§x§F§F§2§2§0§0§ln §x§F§F§1§5§0§0§lL§x§F§F§0§E§0§0§lo§x§F§F§0§7§0§0§lr§x§F§F§0§0§0§0§ld §x§F§F§1§0§0§0§lP§x§F§F§1§7§0§0§li§x§F§F§1§F§0§0§lc§x§F§F§2§7§0§0§lk§x§F§F§2§F§0§0§la§x§F§F§3§6§0§0§lx§x§F§F§3§E§0§0§le in auction for 150000.
[20:28:44] > Icon_Skully added x1 §x§F§F§3§E§0§0§lDemon Lord Spear in auction for 150000.
[20:31:32] > Icon_Skully added x1 §x§F§F§3§E§0§0§lD§x§F§F§3§6§0§0§le§x§F§F§2§F§0§0§lm§x§F§F§2§7§0§0§lo§x§F§F§1§F§0§0§ln §x§F§F§1§0§0§0§lL§x§F§F§0§8§0§0§lo§x§F§F§0§0§0§0§lr§x§F§F§0§9§0§0§ld §x§F§F§1§B§0§0§lB§x§F§F§2§3§0§0§lo§x§F§F§2§C§0§0§lo§x§F§F§3§5§0§0§lt§x§F§F§3§E§0§0§ls in auction for 200000.
[20:31:45] > Icon_Skully added x1 §f§l§x§F§C§D§0§5§CW§x§F§A§A§2§4§8u§x§F§8§7§4§3§3k§x§F§6§4§5§1§Fo§x§F§4§1§7§0§Ang§x§F§6§4§5§1§F §x§F§8§7§4§3§3H§x§F§A§A§2§4§8a§x§F§C§D§0§5§Ct in auction for 200000.
[20:31:45] > Kodakoda added x1 §f§l§8B§x§6§2§6§2§6§2a§x§6§F§6§F§6§Fh§x§7§C§7§C§7§Ca§x§8§9§8§9§8§9m§x§9§6§9§6§9§6u§x§A§3§A§3§A§3t §x§9§6§9§6§9§6H§x§8§9§8§9§8§9a§x§7§C§7§C§7§Cm§x§6§F§6§F§6§Fm§x§6§2§6§2§6§2e§8r in auction for 1000000.
[20:32:14] > Trashcan buy x64 Experience bottle to HwanYo for $120,000.
[20:33:50] > Trashcan remove x64 Experience bottle from buy
[20:34:27] > sigman added x1 §x§5§9§A§1§D§9§lA§x§7§1§A§E§D§Er§x§8§8§B§C§E§4c§x§A§0§C§9§E§9h§x§B§8§D§7§E§Fa§x§D§0§E§4§F§4n§x§E§7§F§2§F§Ag§fe§x§E§7§F§2§F§Al §x§B§8§D§7§E§FS§x§A§0§C§9§E§9w§x§8§8§B§C§E§4o§x§7§1§A§E§D§Er§x§5§9§A§1§D§9d in auction for 1500000.
[20:52:47] > kabayooo remove x1 §x§F§F§5§5§0§0§lsᴇʟʟᴡᴀɴᴅ §6- 10.0x from storage
[20:52:49] > kabayooo remove x1 §x§F§F§5§5§0§0§lsᴇʟʟᴡᴀɴᴅ §6- 10.0x from storage
[20:53:13] > kabayooo added x1 §x§F§F§5§5§0§0§lsᴇʟʟᴡᴀɴᴅ §6- 10.0x in auction for 1200000.
[20:53:13] > Kodakoda added x1 §x§F§F§5§5§0§0§lsᴇʟʟᴡᴀɴᴅ §6- 5.0x in auction for 500000.
[20:53:38] > kabayooo added x1 §x§F§F§5§5§0§0§lsᴇʟʟᴡᴀɴᴅ §6- 10.0x in auction for 1200000.
[20:54:15] > nachfaust added x1 §fAdventure Hat in auction for 100000.
[20:54:46] > .AppriXD buy x32 Wither skeleton skull to HwanYo for $100,000.
[20:54:50] > UnavailableTest buy x1 §x§F§F§5§5§0§0§lsᴇʟʟᴡᴀɴᴅ §6- 10.0x to kabayooo for $1,200,000.
[20:54:54] > UnavailableTest buy x1 §x§F§F§5§5§0§0§lsᴇʟʟᴡᴀɴᴅ §6- 10.0x to kabayooo for $1,200,000.
[20:55:17] > UnavailableTest remove x1 §x§F§F§5§5§0§0§lsᴇʟʟᴡᴀɴᴅ §6- 10.0x form buy
[20:55:17] > UnavailableTest remove x1 §x§F§F§5§5§0§0§lsᴇʟʟᴡᴀɴᴅ §6- 10.0x form buy
[20:56:32] > tic_sz added x64 Coal block in auction for 10.
[20:56:42] > Nxwaf buy x64 Coal block to tic_sz for $10.
[20:56:51] > VortexZayne buy x1 §esᴘɪᴅᴇʀ sᴘᴀᴡɴᴇʀ to omikiyomi for $600,000.
[20:58:24] > 8it5inn added x1 §x§F§F§5§5§0§0§lsᴇʟʟᴡᴀɴᴅ §6- 20.0x in auction for 2500000.
[20:58:29] > tic_sz buy x1 §x§F§F§5§5§0§0§lsᴇʟʟᴡᴀɴᴅ §6- 20.0x to 8it5inn for $2,500,000.
[20:59:24] > Kaynn added x1 §x§F§F§5§5§0§0§lsᴇʟʟᴡᴀɴᴅ §6- 5.0x in auction for 300000.
[20:59:29] > mae buy x1 §x§F§F§5§5§0§0§lsᴇʟʟᴡᴀɴᴅ §6- 5.0x to Kaynn for $300,000.
[20:59:33] > VortexZayne added x1 §f§l§x§8§A§0§0§F§FS§x§9§8§0§0§D§Dh§x§A§6§0§0§B§Bi§x§B§4§0§0§9§9n§x§C§2§0§0§7§7e§x§D§0§0§0§5§5 §x§D§E§0§0§3§3O§x§E§C§0§0§1§1ni§x§D§E§0§0§3§3 §x§D§0§0§0§5§5S§x§C§2§0§0§7§7i§x§B§4§0§0§9§9c§x§A§6§0§0§B§Bk§x§9§8§0§0§D§Dl§x§8§A§0§0§F§Fe in auction for 1200000.
[21:00:05] > .Allxnzv buy x1 §f§l§x§8§A§0§0§F§FS§x§9§8§0§0§D§Dh§x§A§6§0§0§B§Bi§x§B§4§0§0§9§9n§x§C§2§0§0§7§7e§x§D§0§0§0§5§5 §x§D§E§0§0§3§3O§x§E§C§0§0§1§1ni§x§D§E§0§0§3§3 §x§D§0§0§0§5§5S§x§C§2§0§0§7§7i§x§B§4§0§0§9§9c§x§A§6§0§0§B§Bk§x§9§8§0§0§D§Dl§x§8§A§0§0§F§Fe to VortexZayne for $1,200,000.
[21:00:17] > .Allxnzv remove x1 §f§l§x§8§A§0§0§F§FS§x§9§8§0§0§D§Dh§x§A§6§0§0§B§Bi§x§B§4§0§0§9§9n§x§C§2§0§0§7§7e§x§D§0§0§0§5§5 §x§D§E§0§0§3§3O§x§E§C§0§0§1§1ni§x§D§E§0§0§3§3 §x§D§0§0§0§5§5S§x§C§2§0§0§7§7i§x§B§4§0§0§9§9c§x§A§6§0§0§B§Bk§x§9§8§0§0§D§Dl§x§8§A§0§0§F§Fe from buy
[21:00:24] > Zee_ added x1 §x§F§F§5§5§0§0§lsᴇʟʟᴡᴀɴᴅ §6- 5.0x in auction for 350000.
[21:00:27] > BlackKnight buy x1 §x§F§F§5§5§0§0§lsᴇʟʟᴡᴀɴᴅ §6- 5.0x to Zee_ for $350,000.
[21:00:37] > shelby buy x1 §x§F§F§5§5§0§0§lsᴇʟʟᴡᴀɴᴅ §6- 5.0x to Kodakoda for $500,000.
[21:00:58] > shelby remove x1 §x§F§F§5§5§0§0§lsᴇʟʟᴡᴀɴᴅ §6- 5.0x from buy
[21:01:08] > shelby added x1 §x§F§F§5§5§0§0§lsᴇʟʟᴡᴀɴᴅ §6- 5.0x in auction for 1000000.
[21:01:20] > Zee_ added x1 §x§F§F§5§5§0§0§lsᴇʟʟᴡᴀɴᴅ §6- 5.0x in auction for 350000.
[21:01:21] > mauserdart added x1 §x§F§F§5§5§0§0§lsᴇʟʟᴡᴀɴᴅ §6- 5.0x in auction for 450000.
[21:01:23] > BlackKnight buy x1 §x§F§F§5§5§0§0§lsᴇʟʟᴡᴀɴᴅ §6- 5.0x to mauserdart for $450,000.
[21:01:26] > BlackKnight buy x1 §x§F§F§5§5§0§0§lsᴇʟʟᴡᴀɴᴅ §6- 5.0x to Zee_ for $350,000.
[21:01:47] > mauserdart added x1 §x§F§F§5§5§0§0§lsᴇʟʟᴡᴀɴᴅ §6- 20.0x in auction for 9999999999999.
[21:02:09] > tic_sz added x1 §x§F§F§5§5§0§0§lsᴇʟʟᴡᴀɴᴅ §6- 5.0x in auction for 700000.
[21:02:11] > mae remove x1 §x§F§F§5§5§0§0§lsᴇʟʟᴡᴀɴᴅ §6- 5.0x from buy
[21:02:12] > mae remove x1 §x§F§F§5§5§0§0§lsᴇʟʟᴡᴀɴᴅ §6- 5.0x from buy
[21:02:23] > mauserdart added x4 §x§3§4§9§8§D§Bꜱᴋᴇʟᴇᴛᴏɴ ꜱᴘᴀᴡɴᴇʀ in auction for 2000000.
[21:02:38] > tic_sz remove x1 §x§F§F§5§5§0§0§lsᴇʟʟᴡᴀɴᴅ §6- 20.0x from buy
[21:02:55] > tic_sz added x1 §x§F§F§5§5§0§0§lsᴇʟʟᴡᴀɴᴅ §6- 20.0x in auction for 3000000.
[21:02:55] > VortexZayne buy x4 §x§3§4§9§8§D§Bꜱᴋᴇʟᴇᴛᴏɴ ꜱᴘᴀᴡɴᴇʀ to mauserdart for $2,000,000.
[21:03:07] > FLaMesd added x1 §x§3§4§9§8§D§Bᴄᴀᴠᴇ ꜱᴘɪᴅᴇʀ ꜱᴘᴀᴡɴᴇʀ in auction for 600000.
[21:03:09] > mauserdart remove x1 §x§F§F§5§5§0§0§lsᴇʟʟᴡᴀɴᴅ §6- 20.0x from storage
[21:03:24] > mauserdart added x1 §x§F§F§5§5§0§0§lsᴇʟʟᴡᴀɴᴅ §6- 20.0x in auction for 2500000.
[21:03:30] > azuyeca added x1 §x§F§F§5§5§0§0§lsᴇʟʟᴡᴀɴᴅ §6- 5.0x in auction for 700000.
[21:03:35] > FLaMesd added x4 §x§3§4§9§8§D§Bᴄᴀᴠᴇ ꜱᴘɪᴅᴇʀ ꜱᴘᴀᴡɴᴇʀ in auction for 2000000.
[21:03:51] > tic_sz remove x1 §x§F§F§5§5§0§0§lsᴇʟʟᴡᴀɴᴅ §6- 5.0x from storage
[21:03:51] > tic_sz remove x1 §x§F§F§5§5§0§0§lsᴇʟʟᴡᴀɴᴅ §6- 20.0x from storage
[21:03:55] > .Allxnzv remove x1 §f§l§x§8§A§0§0§F§FS§x§9§6§0§0§E§1h§x§A§3§0§0§C§3i§x§A§F§0§0§A§5n§x§B§B§0§0§8§7e§x§C§8§0§0§6§9 §x§D§4§0§0§4§BO§x§E§0§0§0§2§Dn§x§E§D§0§0§0§Fi §x§E§0§0§0§2§DL§x§D§4§0§0§4§Be§x§C§8§0§0§6§9g§x§B§B§0§0§8§7g§x§A§F§0§0§A§5i§x§A§3§0§0§C§3n§x§9§6§0§0§E§1g§x§8§A§0§0§F§Fs from storage
[21:04:01] > tic_sz added x1 §x§F§F§5§5§0§0§lsᴇʟʟᴡᴀɴᴅ §6- 20.0x in auction for 2500000.
[21:04:03] > VortexZayne remove x1 Netherite ingot from buy
[21:04:03] > VortexZayne remove x1 Netherite ingot from buy
[21:04:03] > VortexZayne remove x1 Netherite ingot from buy
[21:04:05] > VortexZayne remove x1 Netherite ingot from buy
[21:04:06] > VortexZayne remove x1 Netherite ingot from buy
[21:04:07] > VortexZayne remove x4 §x§3§4§9§8§D§Bꜱᴋᴇʟᴇᴛᴏɴ ꜱᴘᴀᴡɴᴇʀ from buy
[21:04:07] > VortexZayne remove x1 §esᴘɪᴅᴇʀ sᴘᴀᴡɴᴇʀ from buy
[21:04:19] > bedrock_enjoy3r buy x1 §x§F§F§5§5§0§0§lsᴇʟʟᴡᴀɴᴅ §6- 20.0x to mauserdart for $2,500,000.
[21:04:23] > .Allxnzv added x1 §f§l§x§8§A§0§0§F§FS§x§9§6§0§0§E§1h§x§A§3§0§0§C§3i§x§A§F§0§0§A§5n§x§B§B§0§0§8§7e§x§C§8§0§0§6§9 §x§D§4§0§0§4§BO§x§E§0§0§0§2§Dn§x§E§D§0§0§0§Fi §x§E§0§0§0§2§DL§x§D§4§0§0§4§Be§x§C§8§0§0§6§9g§x§B§B§0§0§8§7g§x§A§F§0§0§A§5i§x§A§3§0§0§C§3n§x§9§6§0§0§E§1g§x§8§A§0§0§F§Fs in auction for 2500000.
[21:04:26] > bedrock_enjoy3r buy x1 §x§F§F§5§5§0§0§lsᴇʟʟᴡᴀɴᴅ §6- 20.0x to tic_sz for $2,500,000.
[21:04:32] > mauserdart buy x1 §f§l§x§8§A§0§0§F§FS§x§9§6§0§0§E§1h§x§A§3§0§0§C§3i§x§A§F§0§0§A§5n§x§B§B§0§0§8§7e§x§C§8§0§0§6§9 §x§D§4§0§0§4§BO§x§E§0§0§0§2§Dn§x§E§D§0§0§0§Fi §x§E§0§0§0§2§DL§x§D§4§0§0§4§Be§x§C§8§0§0§6§9g§x§B§B§0§0§8§7g§x§A§F§0§0§A§5i§x§A§3§0§0§C§3n§x§9§6§0§0§E§1g§x§8§A§0§0§F§Fs to .Allxnzv for $2,500,000.
[21:04:39] > mauserdart remove x1 §f§l§x§8§A§0§0§F§FS§x§9§6§0§0§E§1h§x§A§3§0§0§C§3i§x§A§F§0§0§A§5n§x§B§B§0§0§8§7e§x§C§8§0§0§6§9 §x§D§4§0§0§4§BO§x§E§0§0§0§2§Dn§x§E§D§0§0§0§Fi §x§E§0§0§0§2§DL§x§D§4§0§0§4§Be§x§C§8§0§0§6§9g§x§B§B§0§0§8§7g§x§A§F§0§0§A§5i§x§A§3§0§0§C§3n§x§9§6§0§0§E§1g§x§8§A§0§0§F§Fs from buy
[21:04:48] > VortexZayne added x1 §x§F§F§3§E§0§0§lD§x§F§F§3§6§0§0§le§x§F§F§2§F§0§0§lm§x§F§F§2§7§0§0§lo§x§F§F§1§F§0§0§ln §x§F§F§1§0§0§0§lL§x§F§F§0§8§0§0§lo§x§F§F§0§0§0§0§lr§x§F§F§0§8§0§0§ld §x§F§F§1§7§0§0§lD§x§F§F§1§F§0§0§la§x§F§F§2§7§0§0§lg§x§F§F§2§F§0§0§lg§x§F§F§3§6§0§0§le§x§F§F§3§E§0§0§lr in auction for 500000.
[21:05:02] > VortexZayne added x1 §x§E§5§1§B§1§B§lDracula Pickaxe in auction for 500000.
[21:05:59] > Kodakoda remove x1 §f§l§8B§x§6§2§6§2§6§2a§x§6§F§6§F§6§Fh§x§7§C§7§C§7§Ca§x§8§9§8§9§8§9m§x§9§6§9§6§9§6u§x§A§3§A§3§A§3t §x§9§6§9§6§9§6H§x§8§9§8§9§8§9a§x§7§C§7§C§7§Cm§x§6§F§6§F§6§Fm§x§6§2§6§2§6§2e§8r form storage
[21:07:13] > Kodakoda added x1 §f§l§8B§x§6§2§6§2§6§2a§x§6§F§6§F§6§Fh§x§7§C§7§C§7§Ca§x§8§9§8§9§8§9m§x§9§6§9§6§9§6u§x§A§3§A§3§A§3t §x§9§6§9§6§9§6H§x§8§9§8§9§8§9a§x§7§C§7§C§7§Cm§x§6§F§6§F§6§Fm§x§6§2§6§2§6§2e§8r in auction for 950000.
[21:07:29] > VortexZayne remove x1 §x§F§F§3§E§0§0§lD§x§F§F§3§6§0§0§le§x§F§F§2§F§0§0§lm§x§F§F§2§7§0§0§lo§x§F§F§1§F§0§0§ln §x§F§F§1§0§0§0§lL§x§F§F§0§8§0§0§lo§x§F§F§0§0§0§0§lr§x§F§F§0§8§0§0§ld §x§F§F§1§7§0§0§lD§x§F§F§1§F§0§0§la§x§F§F§2§7§0§0§lg§x§F§F§2§F§0§0§lg§x§F§F§3§6§0§0§le§x§F§F§3§E§0§0§lr from storage
[21:07:29] > VortexZayne remove x1 §x§E§5§1§B§1§B§lDracula Pickaxe from storage
[21:07:38] > VortexZayne added x1 §x§E§5§1§B§1§B§lDracula Pickaxe in auction for 250000.
[21:07:52] > Raineee buy x1 §x§F§F§7§C§0§0§lSteamsparks Pickaxe to EnderDragon0120 for $400,000.
[21:07:54] > VortexZayne added x1 §x§F§F§3§E§0§0§lD§x§F§F§3§6§0§0§le§x§F§F§2§F§0§0§lm§x§F§F§2§7§0§0§lo§x§F§F§1§F§0§0§ln §x§F§F§1§0§0§0§lL§x§F§F§0§8§0§0§lo§x§F§F§0§0§0§0§lr§x§F§F§0§8§0§0§ld §x§F§F§1§7§0§0§lD§x§F§F§1§F§0§0§la§x§F§F§2§7§0§0§lg§x§F§F§2§F§0§0§lg§x§F§F§3§6§0§0§le§x§F§F§3§E§0§0§lr in auction for 250000.
[21:08:03] > Raineee remove x1 §x§F§F§7§C§0§0§lSteamsparks Pickaxe from buy
[21:08:12] > mauserdart added x3 §x§3§4§9§8§D§Bꜱᴋᴇʟᴇᴛᴏɴ ꜱᴘᴀᴡɴᴇʀ in auction for 1500000.
[21:08:34] > nachfaust added x1 §x§3§4§9§8§D§Bʙʟᴀᴢᴇ ꜱᴘᴀᴡɴᴇʀ in auction for 1000000.
[21:10:23] > Raineee added x1 §x§F§0§7§A§5§4§lZombie Apocalyptic Pistol in auction for 250000.
[21:11:34] > FLaMesd remove x4 §x§3§4§9§8§D§Bᴄᴀᴠᴇ ꜱᴘɪᴅᴇʀ ꜱᴘᴀᴡɴᴇʀ from storage
[21:11:35] > FLaMesd remove x1 §x§3§4§9§8§D§Bᴄᴀᴠᴇ ꜱᴘɪᴅᴇʀ ꜱᴘᴀᴡɴᴇʀ from storage
[21:11:54] > .Vikisczfn added x1 §x§3§4§9§8§D§Bꜱᴘɪᴅᴇʀ ꜱᴘᴀᴡɴᴇʀ in auction for 500000.
[21:15:49] > Callistrix remove x1 §f§l§x§F§C§D§0§5§CW§x§F§B§A§D§4§Du§x§F§9§8§B§3§Dk§x§F§8§6§8§2§Eo§x§F§6§4§5§1§Fn§x§F§5§2§3§0§Fg§x§F§3§0§0§0§0 §x§F§5§2§3§0§FS§x§F§6§4§5§1§Fh§x§F§8§6§8§2§Eo§x§F§9§8§B§3§Dv§x§F§B§A§D§4§De§x§F§C§D§0§5§Cl from storage
[21:15:50] > Callistrix remove x1 §x§F§F§7§C§0§0§lSteamsparks Spear from storage
[21:16:13] > mauserdart added x1 Shulker box in auction for 48384.
[21:16:32] > Callistrix buy x1 §x§F§0§7§A§5§4§lZombie Apocalyptic Pistol to Raineee for $250,000.
[21:16:50] > Callistrix remove x1 §x§F§0§7§A§5§4§lZombie Apocalyptic Pistol from buy
[21:17:00] > TrH_Yuuki buy x1 Shulker box to mauserdart for $48,384.
[21:17:18] > namerikangel remove x1 Enchanted book from storage
[21:17:20] > namerikangel remove x1 §x§E§5§1§B§1§B§lDracula Staff from storage
[21:17:38] > TrH_Yuuki remove x1 Shulker box from buy
[21:18:01] > Callistrix added x1 §f§l§x§F§C§D§0§5§CW§x§F§B§A§D§4§Du§x§F§9§8§B§3§Dk§x§F§8§6§8§2§Eo§x§F§6§4§5§1§Fn§x§F§5§2§3§0§Fg§x§F§3§0§0§0§0 §x§F§5§2§3§0§FS§x§F§6§4§5§1§Fh§x§F§8§6§8§2§Eo§x§F§9§8§B§3§Dv§x§F§B§A§D§4§De§x§F§C§D§0§5§Cl in auction for 150000.
[21:18:42] > Callistrix added x1 §x§F§F§7§C§0§0§lSteamsparks Spear in auction for 200000.
[21:19:06] > YchannR added x1 §x§F§F§3§E§0§0§lDemon Lord Wings in auction for 20000000.
[21:19:24] > Protection remove x1 §x§E§E§0§0§0§0§lᴜɴʟɪᴍɪᴛᴇᴅ sᴇʟʟᴡᴀɴᴅ from storage
[21:19:31] > EnderDragon0120 remove x1 §x§F§F§7§C§0§0§lSteamsparks Battle Axe from storage
[21:34:35] > warbuild69 added x10 §x§F§C§D§0§5§C§lB§x§E§6§D§3§6§B§la§x§C§F§D§5§7§A§ls§x§B§9§D§8§8§9§li§x§A§2§D§A§9§8§lc §x§7§5§D§F§B§6§lC§x§5§F§E§2§C§5§lr§x§7§5§D§F§B§6§la§x§8§C§D§D§A§7§lt§x§A§2§D§A§9§8§le §x§C§F§D§5§7§A§lK§x§E§6§D§3§6§B§le§x§F§C§D§0§5§C§ly in auction for 150000.
[21:35:33] > Applegod9 buy x10 §x§F§C§D§0§5§C§lB§x§E§6§D§3§6§B§la§x§C§F§D§5§7§A§ls§x§B§9§D§8§8§9§li§x§A§2§D§A§9§8§lc §x§7§5§D§F§B§6§lC§x§5§F§E§2§C§5§lr§x§7§5§D§F§B§6§la§x§8§C§D§D§A§7§lt§x§A§2§D§A§9§8§le §x§C§F§D§5§7§A§lK§x§E§6§D§3§6§B§le§x§F§C§D§0§5§C§ly to warbuild69 for $150,000.
[21:36:00] > Applegod9 buy x1 Mace to nachfaust for $1,500,000.
[21:36:17] > Applegod9 remove x1 Mace from buy
[21:36:28] > Applegod9 remove x10 §x§F§C§D§0§5§C§lB§x§E§6§D§3§6§B§la§x§C§F§D§5§7§A§ls§x§B§9§D§8§8§9§li§x§A§2§D§A§9§8§lc §x§7§5§D§F§B§6§lC§x§5§F§E§2§C§5§lr§x§7§5§D§F§B§6§la§x§8§C§D§D§A§7§lt§x§A§2§D§A§9§8§le §x§C§F§D§5§7§A§lK§x§E§6§D§3§6§B§le§x§F§C§D§0§5§C§ly from buy
[21:40:59] > x64 Cherry log on sale by CoinDegree52415 has just expired, it goes in the inventory of expired items.
[21:42:32] > _BAAM added x1 §x§E§5§1§B§1§B§lDracula Battleaxe in auction for 300000.
[21:42:39] > ReKYee added x5 §x§F§C§D§0§5§C§lB§x§E§6§D§3§6§B§la§x§C§F§D§5§7§A§ls§x§B§9§D§8§8§9§li§x§A§2§D§A§9§8§lc §x§7§5§D§F§B§6§lC§x§5§F§E§2§C§5§lr§x§7§5§D§F§B§6§la§x§8§C§D§D§A§7§lt§x§A§2§D§A§9§8§le §x§C§F§D§5§7§A§lK§x§E§6§D§3§6§B§le§x§F§C§D§0§5§C§ly in auction for 250000.
[21:42:43] > _BAAM added x1 §x§F§F§7§C§0§0§lSteamsparks Bow in auction for 500000.
[21:43:01] > ReKYee added x5 §x§F§C§9§0§5§C§lE§x§E§6§9§C§6§B§lp§x§C§F§A§7§7§A§li§x§B§9§B§3§8§9§lc §x§8§C§C§B§A§7§lC§x§7§5§D§6§B§6§lr§x§5§F§E§2§C§5§la§x§7§9§D§4§B§4§lt§x§9§3§C§7§A§2§le §x§C§8§A§B§7§F§lK§x§E§2§9§E§6§E§le§x§F§C§9§0§5§C§ly in auction for 320000.
[21:45:28] > _BAAM added x1 §x§F§F§7§C§0§0§lSteamsparks Hammer in auction for 500000.
[21:46:56] > EnderDragon0120 added x1 §x§F§F§7§C§0§0§lSteamsparks Battle Axe in auction for 300000.
[21:48:34] > 8it5inn added x1 §x§F§F§5§5§0§0§lsᴇʟʟᴡᴀɴᴅ §6- 5.0x in auction for 300000.
[21:49:02] > HwanYo buy x1 §x§F§F§5§5§0§0§lsᴇʟʟᴡᴀɴᴅ §6- 5.0x to 8it5inn for $300,000.
[21:49:09] > HwanYo remove x1 §x§F§F§5§5§0§0§lsᴇʟʟᴡᴀɴᴅ §6- 5.0x from buy
[21:49:17] > BlackJordan69 added x1 §x§F§F§5§5§0§0§lsᴇʟʟᴡᴀɴᴅ §6- 10.0x in auction for 600000.
[21:49:23] > MrZyrus7228 buy x1 §x§F§F§5§5§0§0§lsᴇʟʟᴡᴀɴᴅ §6- 10.0x to BlackJordan69 for $600,000.
[21:49:31] > MrZyrus7228 remove x1 §x§F§F§5§5§0§0§lsᴇʟʟᴡᴀɴᴅ §6- 10.0x from buy
[21:49:40] > shelby remove x1 §x§F§F§5§5§0§0§lsᴇʟʟᴡᴀɴᴅ §6- 5.0x from storage
[21:49:41] > shelby remove x1 §x§F§F§5§5§0§0§lsᴇʟʟᴡᴀɴᴅ §6- 5.0x from storage
[21:51:19] > frenchhee buy x1 §x§3§4§9§8§D§Bꜱᴘɪᴅᴇʀ ꜱᴘᴀᴡɴᴇʀ to .Vikisczfn for $500,000.
[21:51:25] > frenchhee buy x25 Deepslate diamond ore to YooRushy for $390,000.
[21:51:53] > frenchhee remove x25 Deepslate diamond ore from buy
[21:51:53] > frenchhee remove x1 §x§3§4§9§8§D§Bꜱᴘɪᴅᴇʀ ꜱᴘᴀᴡɴᴇʀ from buy
[21:51:59] > .Vikisczfn added x1 §x§3§4§9§8§D§Bꜱᴘɪᴅᴇʀ ꜱᴘᴀᴡɴᴇʀ in auction for 500000.
[21:55:06] > frenchhee buy x1 §x§3§4§9§8§D§Bꜱᴘɪᴅᴇʀ ꜱᴘᴀᴡɴᴇʀ to .Vikisczfn for $500,000.
[21:55:18] > frenchhee remove x1 §x§3§4§9§8§D§Bꜱᴘɪᴅᴇʀ ꜱᴘᴀᴡɴᴇʀ from buy
[21:56:49] > reckahorp buy x1 §x§E§5§1§B§1§B§lDracula Pickaxe to VortexZayne for $250,000.
[21:56:53] > reckahorp remove x1 §x§E§5§1§B§1§B§lDracula Pickaxe from buy
[22:00:00] > kabayooo added x1 Netherite helmet in auction for 200000.
[22:00:27] > claypotter added x64 Carrot in auction for 320.
[22:00:27] > kabayooo added x1 Netherite helmet in auction for 200000.
[22:00:41] > claypotter added x64 Carrot in auction for 320.
[22:00:54] > .AppriXD buy x64 Carrot to claypotter for $320.
[22:00:59] > .AppriXD buy x64 Carrot to claypotter for $320.
[22:01:05] > claypotter added x64 Carrot in auction for 320.
[22:01:14] > .JakeTheMiner457 buy x64 Carrot to claypotter for $320.
[22:01:21] > claypotter added x64 Carrot in auction for 320.
[22:01:26] > kabayooo added x1 §x§F§F§3§E§0§0§lD§x§F§F§3§6§0§0§le§x§F§F§2§F§0§0§lm§x§F§F§2§7§0§0§lo§x§F§F§1§F§0§0§ln §x§F§F§1§0§0§0§lL§x§F§F§0§8§0§0§lo§x§F§F§0§0§0§0§lr§x§F§F§0§8§0§0§ld §x§F§F§1§7§0§0§lH§x§F§F§1§F§0§0§le§x§F§F§2§7§0§0§ll§x§F§F§2§F§0§0§lm§x§F§F§3§6§0§0§le§x§F§F§3§E§0§0§lt in auction for 300000.
[22:01:34] > .JakeTheMiner457 buy x64 Carrot to claypotter for $320.
[22:01:37] > reckahorp buy x1 §x§F§F§3§E§0§0§lD§x§F§F§3§6§0§0§le§x§F§F§2§F§0§0§lm§x§F§F§2§7§0§0§lo§x§F§F§1§F§0§0§ln §x§F§F§1§0§0§0§lL§x§F§F§0§8§0§0§lo§x§F§F§0§0§0§0§lr§x§F§F§0§8§0§0§ld §x§F§F§1§7§0§0§lH§x§F§F§1§F§0§0§le§x§F§F§2§7§0§0§ll§x§F§F§2§F§0§0§lm§x§F§F§3§6§0§0§le§x§F§F§3§E§0§0§lt to kabayooo for $300,000.
[22:01:43] > claypotter added x64 Carrot in auction for 320.
[22:02:00] > kabayooo remove x1 Netherite helmet from storage
[22:02:04] > reckahorp remove x1 §x§F§F§3§E§0§0§lD§x§F§F§3§6§0§0§le§x§F§F§2§F§0§0§lm§x§F§F§2§7§0§0§lo§x§F§F§1§F§0§0§ln §x§F§F§1§0§0§0§lL§x§F§F§0§8§0§0§lo§x§F§F§0§0§0§0§lr§x§F§F§0§8§0§0§ld §x§F§F§1§7§0§0§lH§x§F§F§1§F§0§0§le§x§F§F§2§7§0§0§ll§x§F§F§2§F§0§0§lm§x§F§F§3§6§0§0§le§x§F§F§3§E§0§0§lt from buy
[22:02:06] > .JakeTheMiner457 buy x64 Carrot to claypotter for $320.
[22:02:10] > claypotter added x64 Carrot in auction for 320.
[22:02:10] > x4 Nether star, item of Akiesha, has just expired, the item is definitively deleted.
[22:02:10] > x1 §x§E§5§1§B§1§B§lDracula Sickle, item of FRANZ_JOSEF0, has just expired, the item is definitively deleted.
[22:02:15] > sean_kirby buy x64 Wither skeleton skull to Zypher_0w0 for $320,000.
[22:02:16] > kabayooo remove x1 wind charge diamond and gold for 850 at diamond from expire
[22:02:17] > kabayooo remove x1 Netherite helmet from expire
[22:02:21] > claypotter added x64 Carrot in auction for 320.
[22:02:24] > .JakeTheMiner457 buy x64 Carrot to claypotter for $320.
[22:02:25] > kabayooo added x1 wind charge diamond and gold for 850 at diamond in auction for 9999999999999.
[22:02:29] > .JakeTheMiner457 buy x64 Carrot to claypotter for $320.
[22:02:30] > .AppriXD remove x64 Carrot from buy
[22:02:30] > .AppriXD remove x32 Wither skeleton skull from buy
[22:02:31] > .AppriXD remove x64 Carrot from buy
[22:02:41] > kabayooo added x1 Netherite helmet in auction for 250000.
[22:02:49] > Zen0969 buy x1 Netherite helmet to kabayooo for $250,000.
[22:02:50] > Zen0969 buy x1 Netherite helmet to kabayooo for $200,000.
[22:03:35] > .JakeTheMiner457 remove x64 Carrot form buy
[22:03:35] > .JakeTheMiner457 remove x64 Carrot form buy
[22:03:35] > .JakeTheMiner457 remove x64 Carrot form buy
[22:03:35] > .JakeTheMiner457 remove x64 Carrot form buy
[22:03:35] > .JakeTheMiner457 remove x64 Carrot form buy
[22:07:08] > Kaynn added x1 Dragon head in auction for 100000.
[22:07:18] > nachfaust added x1 Mace in auction for 1500000.
[22:08:05] > namerikangel remove x1 Music disc otherside from storage
[22:08:06] > namerikangel remove x11 §x§C§9§A§7§F§C§lL§x§B§D§A§E§F§6§le§x§B§1§B§4§F§0§lg§x§A§6§B§B§E§A§le§x§9§A§C§1§E§4§ln§x§8§E§C§8§D§D§ld§x§8§2§C§E§D§7§la§x§7§7§D§5§D§1§lr§x§6§B§D§B§C§B§ly §x§6§B§D§B§C§B§lC§x§7§7§D§5§D§1§lr§x§8§2§C§E§D§7§la§x§8§E§C§8§D§D§lt§x§9§A§C§1§E§4§le §x§B§1§B§4§F§0§lK§x§B§D§A§E§F§6§le§x§C§9§A§7§F§C§ly from storage
[22:08:28] > namerikangel added x11 §x§C§9§A§7§F§C§lL§x§B§D§A§E§F§6§le§x§B§1§B§4§F§0§lg§x§A§6§B§B§E§A§le§x§9§A§C§1§E§4§ln§x§8§E§C§8§D§D§ld§x§8§2§C§E§D§7§la§x§7§7§D§5§D§1§lr§x§6§B§D§B§C§B§ly §x§6§B§D§B§C§B§lC§x§7§7§D§5§D§1§lr§x§8§2§C§E§D§7§la§x§8§E§C§8§D§D§lt§x§9§A§C§1§E§4§le §x§B§1§B§4§F§0§lK§x§B§D§A§E§F§6§le§x§C§9§A§7§F§C§ly in auction for 150000.
[22:10:05] > Unforce01 added x1 Shulker box in auction for 150000.
[22:13:01] > ELITEWARRIOR remove x1 Enchanted book form buy
[22:13:01] > ELITEWARRIOR remove x1 Enchanted book form buy
[22:15:55] > kabayooo added x1 §x§5§C§C§F§F§C§lC§x§5§C§D§1§F§5§lo§x§5§D§D§4§E§E§ls§x§5§D§D§6§E§7§lm§x§5§E§D§9§E§1§le§x§5§E§D§B§D§A§lt§x§5§E§D§D§D§3§li§x§5§F§E§0§C§C§lc §x§5§F§E§0§C§C§lH§x§5§E§D§D§D§3§la§x§5§E§D§B§D§A§lt§x§5§E§D§9§E§1§ls §x§5§D§D§4§E§E§lK§x§5§C§D§1§F§5§le§x§5§C§C§F§F§C§ly in auction for 10.
[22:16:02] > .AppriXD buy x1 §x§5§C§C§F§F§C§lC§x§5§C§D§1§F§5§lo§x§5§D§D§4§E§E§ls§x§5§D§D§6§E§7§lm§x§5§E§D§9§E§1§le§x§5§E§D§B§D§A§lt§x§5§E§D§D§D§3§li§x§5§F§E§0§C§C§lc §x§5§F§E§0§C§C§lH§x§5§E§D§D§D§3§la§x§5§E§D§B§D§A§lt§x§5§E§D§9§E§1§ls §x§5§D§D§4§E§E§lK§x§5§C§D§1§F§5§le§x§5§C§C§F§F§C§ly to kabayooo for $10.
[22:16:30] > Julene added x1 §x§F§F§3§E§0§0§lSellwand Voucher in auction for 250000.
[22:16:33] > UnavailableTest buy x1 §x§F§F§3§E§0§0§lSellwand Voucher to Julene for $250,000.
[22:16:39] > Szee buy x11 §x§C§9§A§7§F§C§lL§x§B§D§A§E§F§6§le§x§B§1§B§4§F§0§lg§x§A§6§B§B§E§A§le§x§9§A§C§1§E§4§ln§x§8§E§C§8§D§D§ld§x§8§2§C§E§D§7§la§x§7§7§D§5§D§1§lr§x§6§B§D§B§C§B§ly §x§6§B§D§B§C§B§lC§x§7§7§D§5§D§1§lr§x§8§2§C§E§D§7§la§x§8§E§C§8§D§D§lt§x§9§A§C§1§E§4§le §x§B§1§B§4§F§0§lK§x§B§D§A§E§F§6§le§x§C§9§A§7§F§C§ly to namerikangel for $150,000.
[22:16:53] > UnavailableTest remove x1 §x§F§F§3§E§0§0§lSellwand Voucher form buy
[22:16:58] > Raineee added x1 §x§F§F§5§5§0§0§lsᴇʟʟᴡᴀɴᴅ §6- 5.0x in auction for 150000.
[22:17:01] > Unforce01 buy x1 §x§F§F§5§5§0§0§lsᴇʟʟᴡᴀɴᴅ §6- 5.0x to Raineee for $150,000.
[22:17:11] > .AppriXD remove x1 §x§5§C§C§F§F§C§lC§x§5§C§D§1§F§5§lo§x§5§D§D§4§E§E§ls§x§5§D§D§6§E§7§lm§x§5§E§D§9§E§1§le§x§5§E§D§B§D§A§lt§x§5§E§D§D§D§3§li§x§5§F§E§0§C§C§lc §x§5§F§E§0§C§C§lH§x§5§E§D§D§D§3§la§x§5§E§D§B§D§A§lt§x§5§E§D§9§E§1§ls §x§5§D§D§4§E§E§lK§x§5§C§D§1§F§5§le§x§5§C§C§F§F§C§ly from buy
[22:17:47] > Unforce01 remove x1 §x§F§F§5§5§0§0§lsᴇʟʟᴡᴀɴᴅ §6- 5.0x form buy
[22:21:37] > Cooldoggiexd added x2 Enchanted golden apple in auction for 100000.
[22:27:31] > Quibz added x1 §x§F§F§3§E§0§0§lD§x§F§F§3§6§0§0§le§x§F§F§2§F§0§0§lm§x§F§F§2§7§0§0§lo§x§F§F§1§F§0§0§ln §x§F§F§1§0§0§0§lL§x§F§F§0§8§0§0§lo§x§F§F§0§0§0§0§lr§x§F§F§0§9§0§0§ld §x§F§F§1§B§0§0§lS§x§F§F§2§3§0§0§lw§x§F§F§2§C§0§0§lo§x§F§F§3§5§0§0§lr§x§F§F§3§E§0§0§ld in auction for 2000000.
[22:36:09] > BlackJordan69 buy x1 §x§F§F§3§E§0§0§lD§x§F§F§3§7§0§0§le§x§F§F§3§0§0§0§lm§x§F§F§2§9§0§0§lo§x§F§F§2§2§0§0§ln §x§F§F§1§5§0§0§lL§x§F§F§0§E§0§0§lo§x§F§F§0§7§0§0§lr§x§F§F§0§0§0§0§ld §x§F§F§1§0§0§0§lP§x§F§F§1§7§0§0§li§x§F§F§1§F§0§0§lc§x§F§F§2§7§0§0§lk§x§F§F§2§F§0§0§la§x§F§F§3§6§0§0§lx§x§F§F§3§E§0§0§le to Icon_Skully for $150,000.
[22:36:54] > BlackJordan69 buy x1 §x§E§3§A§F§4§F§lʟᴇɢᴇɴᴅᴀʀʏ ɪᴛᴇᴍ to EnderDragon0120 for $85,000.
[22:37:05] > x1 §fAxolotl Plushie (Gold) §6(#7/101), bought by octopus_01, has just expired, the item is definitively deleted.
[22:37:06] > BlackJordan69 remove x1 §x§E§3§A§F§4§F§lʟᴇɢᴇɴᴅᴀʀʏ ɪᴛᴇᴍ form buy
[22:37:06] > BlackJordan69 remove x1 §x§F§F§3§E§0§0§lD§x§F§F§3§7§0§0§le§x§F§F§3§0§0§0§lm§x§F§F§2§9§0§0§lo§x§F§F§2§2§0§0§ln §x§F§F§1§5§0§0§lL§x§F§F§0§E§0§0§lo§x§F§F§0§7§0§0§lr§x§F§F§0§0§0§0§ld §x§F§F§1§0§0§0§lP§x§F§F§1§7§0§0§li§x§F§F§1§F§0§0§lc§x§F§F§2§7§0§0§lk§x§F§F§2§F§0§0§la§x§F§F§3§6§0§0§lx§x§F§F§3§E§0§0§le form buy
[22:49:52] > nachfaust remove x1 §fAdventure Hat from storage
[22:50:14] > nachfaust added x5 Netherite upgrade smithing template in auction for 1500000.
[22:55:42] > claypotter added x1 Enchanted book in auction for 3500.
[22:55:49] > HPMR_GaMerz buy x1 Enchanted book to claypotter for $3,500.
[22:55:57] > claypotter added x1 Enchanted book in auction for 3500.
[22:56:07] > claypotter added x1 Enchanted book in auction for 3500.
[22:56:10] > .AppriXD buy x1 Enchanted book to claypotter for $3,500.
[22:56:43] > Xavier881 added x2 Ominous trial key in auction for 350000.
[22:57:39] > claypotter added x1 Enchanted book in auction for 3500.
[22:57:53] > .Allxnzv buy x1 Enchanted book to claypotter for $3,500.
[22:58:01] > x1 §fWandering Trader Plushie §6(#92/101), bought by octopus_01, has just expired, the item is definitively deleted.
[22:58:03] > .Allxnzv remove x1 Enchanted book from buy
[23:00:39] > Cooldoggiexd buy x1 Shulker box to anneyong for $2,000,000.
[23:00:44] > Cooldoggiexd remove x1 Shulker box from buy
[23:05:55] > x1 §fHusk Plushie §6(#50/101) on sale by alecczzz has just expired, it goes in the inventory of expired items.
[23:08:47] > Icon_Skully buy x1 Enchanted book to claypotter for $3,500.
[23:24:44] > x1 §x§F§F§5§5§0§0§lsᴇʟʟᴡᴀɴᴅ §6- 5.0x on sale by aninin has just expired, it goes in the inventory of expired items.
[23:30:50] > .Allxnzv remove x1 §f§l§x§8§A§0§0§F§FS§x§9§8§0§0§D§Dh§x§A§6§0§0§B§Bi§x§B§4§0§0§9§9n§x§C§2§0§0§7§7e§x§D§0§0§0§5§5 §x§D§E§0§0§3§3O§x§E§C§0§0§1§1ni§x§D§E§0§0§3§3 §x§D§0§0§0§5§5S§x§C§2§0§0§7§7h§x§B§4§0§0§9§9i§x§A§6§0§0§B§Be§x§9§8§0§0§D§Dl§x§8§A§0§0§F§Fd from storage
[23:31:05] > .Allxnzv added x1 §f§l§x§8§A§0§0§F§FS§x§9§8§0§0§D§Dh§x§A§6§0§0§B§Bi§x§B§4§0§0§9§9n§x§C§2§0§0§7§7e§x§D§0§0§0§5§5 §x§D§E§0§0§3§3O§x§E§C§0§0§1§1ni§x§D§E§0§0§3§3 §x§D§0§0§0§5§5S§x§C§2§0§0§7§7h§x§B§4§0§0§9§9i§x§A§6§0§0§B§Be§x§9§8§0§0§D§Dl§x§8§A§0§0§F§Fd in auction for 850000.
[23:37:20] > El3ctric_Ey3 remove x1 §x§5§9§A§1§D§9§lA§x§6§E§A§D§D§Er§x§8§3§B§9§E§3c§x§9§7§C§4§E§7h§x§A§C§D§0§E§Ca§x§C§1§D§C§F§1n§x§D§6§E§8§F§6g§x§E§A§F§3§F§Ae§fl §x§D§0§E§4§F§4H§x§B§8§D§7§E§Fa§x§A§0§C§9§E§9m§x§8§8§B§C§E§4m§x§7§1§A§E§D§Ee§x§5§9§A§1§D§9r from storage
[23:52:46] > x2 Emerald on sale by Julene has just expired, it goes in the inventory of expired items.
[23:54:46] > Kodakoda added x1 §f<#5FE2C5>Archangel Fishing rod §7#1 in auction for 500000.
[00:01:42] > monggol added x1 §x§F§0§7§A§5§4§lZombie Apocalyptic Key in auction for 300000.
[00:03:48] > .JakeTheMiner457 added x1 Netherite upgrade smithing template in auction for 100000.
[00:04:37] > .JakeTheMiner457 added x1 Netherite upgrade smithing template in auction for 100000.
[00:04:41] > Renzy01 added x1 Netherite upgrade smithing template in auction for 90000.
[00:04:59] > RizzaIck buy x1 Netherite upgrade smithing template to Renzy01 for $90,000.
[00:05:05] > .JakeTheMiner457 added x1 Netherite upgrade smithing template in auction for 100000.
[00:05:07] > RizzaIck remove x1 Netherite upgrade smithing template from buy
[00:05:34] > Renzy01 added x1 Netherite upgrade smithing template in auction for 90000.
[00:05:48] > Renzy01 added x1 Netherite upgrade smithing template in auction for 90000.
[00:06:24] > Renzy01 added x1 Netherite upgrade smithing template in auction for 90000.
[00:29:26] > Ch4r_380 buy x1 Shulker box to Unforce01 for $150,000.
[00:29:34] > HPMR_GaMerz buy x1 White shulker box to Zen0969 for $500,000.
[00:29:53] > HPMR_GaMerz buy x3 Enchanted golden apple to aBlizzardGod for $150,000.
[00:30:39] > nachfaust remove x5 Netherite upgrade smithing template from storage
[00:30:52] > Ch4r_380 remove x1 Shulker box from buy
[00:31:10] > nachfaust remove x1 Mace form storage
[00:31:10] > nachfaust remove x2 Enchanted golden apple form storage
[00:31:10] > nachfaust remove x1 §f§l§x§F§C§D§0§5§CW§x§F§A§A§A§4§Bu§x§F§9§8§4§3§Bk§x§F§7§5§F§2§Ao§x§F§5§3§9§1§9n§x§F§4§1§3§0§8g §x§F§5§3§9§1§9S§x§F§7§5§F§2§At§x§F§9§8§4§3§Ba§x§F§A§A§A§4§Bf§x§F§C§D§0§5§Cf form storage
[00:31:10] > nachfaust remove x1 §x§3§4§9§8§D§Bʙʟᴀᴢᴇ ꜱᴘᴀᴡɴᴇʀ form storage
[00:31:33] > nachfaust added x1 §f§l§x§F§C§D§0§5§CW§x§F§A§A§A§4§Bu§x§F§9§8§4§3§Bk§x§F§7§5§F§2§Ao§x§F§5§3§9§1§9n§x§F§4§1§3§0§8g §x§F§5§3§9§1§9S§x§F§7§5§F§2§At§x§F§9§8§4§3§Ba§x§F§A§A§A§4§Bf§x§F§C§D§0§5§Cf in auction for 150000.
[00:31:54] > nachfaust added x1 §x§3§4§9§8§D§Bʙʟᴀᴢᴇ ꜱᴘᴀᴡɴᴇʀ in auction for 600000.
[00:32:05] > HPMR_GaMerz buy x1 §x§3§4§9§8§D§Bʙʟᴀᴢᴇ ꜱᴘᴀᴡɴᴇʀ to nachfaust for $600,000.
[00:32:06] > nachfaust added x1 Mace in auction for 1000000.
[00:34:31] > nachfaust added x4 Snout armor trim smithing template in auction for 400000.
[00:34:43] > nachfaust added x4 Netherite upgrade smithing template in auction for 350000.
[00:35:30] > nachfaust added x4 Flow armor trim smithing template in auction for 400000.
[00:46:08] > claypotter added x1 §x§F§F§5§5§0§0§lsᴇʟʟᴡᴀɴᴅ §6- 5.0x in auction for 700000.
[00:46:10] > Kodakoda added x1 §x§F§F§5§5§0§0§lsᴇʟʟᴡᴀɴᴅ §6- 5.0x in auction for 500000.
[00:57:37] > Kodakoda added x8 Enchanted golden apple in auction for 20000.
[00:58:05] > YchannR buy x8 Enchanted golden apple to Kodakoda for $20,000.
[01:01:17] > Kodakoda remove x1 §x§F§F§5§5§0§0§lsᴇʟʟᴡᴀɴᴅ §6- 5.0x from storage
[01:04:14] > Kodakoda added x28 Shulker shell in auction for 25000.
[01:05:03] > Callistrix buy x28 Shulker shell to Kodakoda for $25,000.
[01:05:14] > Callistrix remove x28 Shulker shell from buy
[01:07:31] > tic_sz added x1 §fShogun Sword in auction for 50000000.
[01:08:06] > tic_sz remove x1 §fShogun Sword from storage
[01:08:26] > x2 §x§5§C§C§F§F§C§lC§x§5§C§D§1§F§5§lo§x§5§D§D§4§E§E§ls§x§5§D§D§6§E§7§lm§x§5§E§D§9§E§1§le§x§5§E§D§B§D§A§lt§x§5§E§D§D§D§3§li§x§5§F§E§0§C§C§lc §x§5§F§E§0§C§C§lH§x§5§E§D§D§D§3§la§x§5§E§D§B§D§A§lt§x§5§E§D§9§E§1§ls §x§5§D§D§4§E§E§lK§x§5§C§D§1§F§5§le§x§5§C§C§F§F§C§ly, item of Jeax, has just expired, the item is definitively deleted.
[01:08:26] > x1 §f§x§D§0§D§0§D§0J§x§C§9§C§9§C§9e§x§C§2§C§2§C§2t§x§B§B§B§B§B§B §x§B§3§B§3§B§3P§x§A§C§A§C§A§Ci§x§A§5§A§5§A§5l§x§9§E§9§E§9§Eo§x§9§7§9§7§9§7t§x§9§0§9§0§9§0 §x§8§9§8§9§8§9H§x§8§2§8§2§8§2e§x§7§A§7§A§7§Al§x§7§3§7§3§7§3m§x§6§C§6§C§6§Ce§x§6§5§6§5§6§5t, item of Dragonde3znu1s, has just expired, the item is definitively deleted.
[01:08:27] > tic_sz remove x1 §fShogun Sword from expire
[01:11:40] > Julene remove x1 Ominous bottle form storage
[01:11:53] > Julene added x1 Ominous bottle in auction for 50000.
[01:22:24] > YchannR remove x1 Netherite upgrade smithing template from buy
[01:35:31] > .JakeTheMiner457 added x1 §x§3§4§9§8§D§Bᴄᴀᴠᴇ ꜱᴘɪᴅᴇʀ ꜱᴘᴀᴡɴᴇʀ in auction for 95000.
[01:35:46] > Zypher_0w0 buy x1 §x§3§4§9§8§D§Bᴄᴀᴠᴇ ꜱᴘɪᴅᴇʀ ꜱᴘᴀᴡɴᴇʀ to .JakeTheMiner457 for $95,000.
[01:35:51] > Zypher_0w0 remove x1 §x§3§4§9§8§D§Bᴄᴀᴠᴇ ꜱᴘɪᴅᴇʀ ꜱᴘᴀᴡɴᴇʀ from buy
[01:38:37] > .JakeTheMiner457 remove x1 Netherite upgrade smithing template from storage
[01:38:51] > .JakeTheMiner457 remove x1 Netherite upgrade smithing template from storage
[01:38:57] > .JakeTheMiner457 remove x1 Netherite upgrade smithing template from storage
[01:39:40] > Tiltera4549 added x1 §x§C§9§A§7§F§C§lL§x§B§D§A§E§F§6§le§x§B§1§B§4§F§0§lg§x§A§6§B§B§E§A§le§x§9§A§C§1§E§4§ln§x§8§E§C§8§D§D§ld§x§8§2§C§E§D§7§la§x§7§7§D§5§D§1§lr§x§6§B§D§B§C§B§ly §x§6§B§D§B§C§B§lC§x§7§7§D§5§D§1§lr§x§8§2§C§E§D§7§la§x§8§E§C§8§D§D§lt§x§9§A§C§1§E§4§le §x§B§1§B§4§F§0§lK§x§B§D§A§E§F§6§le§x§C§9§A§7§F§C§ly in auction for 150000.
[01:40:10] > Tiltera4549 added x3 §x§C§9§A§7§F§C§lL§x§B§D§A§E§F§6§le§x§B§1§B§4§F§0§lg§x§A§6§B§B§E§A§le§x§9§A§C§1§E§4§ln§x§8§E§C§8§D§D§ld§x§8§2§C§E§D§7§la§x§7§7§D§5§D§1§lr§x§6§B§D§B§C§B§ly §x§6§B§D§B§C§B§lC§x§7§7§D§5§D§1§lr§x§8§2§C§E§D§7§la§x§8§E§C§8§D§D§lt§x§9§A§C§1§E§4§le §x§B§1§B§4§F§0§lK§x§B§D§A§E§F§6§le§x§C§9§A§7§F§C§ly in auction for 300000.
[01:40:46] > Tiltera4549 added x1 §x§F§C§D§0§5§C§lB§x§E§6§D§3§6§B§la§x§C§F§D§5§7§A§ls§x§B§9§D§8§8§9§li§x§A§2§D§A§9§8§lc §x§7§5§D§F§B§6§lC§x§5§F§E§2§C§5§lr§x§7§5§D§F§B§6§la§x§8§C§D§D§A§7§lt§x§A§2§D§A§9§8§le §x§C§F§D§5§7§A§lK§x§E§6§D§3§6§B§le§x§F§C§D§0§5§C§ly in auction for 200000.
[01:42:09] > ThatMidnight buy x1 Ominous bottle to Julene for $50,000.
[01:42:16] > ThatMidnight remove x1 Enchanted book from buy
[01:42:17] > ThatMidnight remove x1 Ominous bottle from buy
[01:44:11] > Rain_Reinn remove x1 BOOKS AT /PWARP GO NBS form expire
[01:44:11] > Rain_Reinn remove x64 FIREWORKS AT /PWARP GO RAIN form expire
[01:44:11] > Rain_Reinn remove x1 SELL YOUR EMERALDS FOR 50 EACH AT /PWARP GO NBS form expire
[01:44:31] > .JakeTheMiner457 added x1 §x§3§4§9§8§D§Bᴄᴀᴠᴇ ꜱᴘɪᴅᴇʀ ꜱᴘᴀᴡɴᴇʀ in auction for 200000.
[01:47:20] > Zypher_0w0 added x1 Enchanted book in auction for 2200.
[01:47:28] > Fogstrap buy x1 Enchanted book to Zypher_0w0 for $2,200.
[01:51:22] > Fogstrap remove x1 Enchanted book from buy
[01:52:50] > Rain_Reinn added x64 Hopper in auction for 80000.
[01:55:34] > x1 Enchanted book, item of VortexZayne, has just expired, the item is definitively deleted.
[01:55:38] > .JakeTheMiner457 remove x1 Netherite upgrade smithing template from expire
[01:55:39] > .JakeTheMiner457 remove x1 Netherite upgrade smithing template from expire
[01:55:41] > .JakeTheMiner457 remove x1 Netherite upgrade smithing template from expire
[01:56:14] > .JakeTheMiner457 remove x1 §x§3§4§9§8§D§Bᴄᴀᴠᴇ ꜱᴘɪᴅᴇʀ ꜱᴘᴀᴡɴᴇʀ from storage
[01:56:29] > .JakeTheMiner457 remove x1 §x§3§4§9§8§D§Bᴄᴀᴠᴇ ꜱᴘɪᴅᴇʀ ꜱᴘᴀᴡɴᴇʀ from expire
[01:57:30] > .JakeTheMiner457 added x1 Netherite upgrade smithing template in auction for 85000.
[01:58:15] > .JakeTheMiner457 added x1 Netherite upgrade smithing template in auction for 85000.
[01:58:35] > .JakeTheMiner457 added x1 Netherite upgrade smithing template in auction for 85000.
[01:58:56] > .JakeTheMiner457 added x1 §x§3§4§9§8§D§Bᴄᴀᴠᴇ ꜱᴘɪᴅᴇʀ ꜱᴘᴀᴡɴᴇʀ in auction for 105000.
[01:58:58] > ELITEWARRIOR buy x1 Netherite upgrade smithing template to .JakeTheMiner457 for $85,000.
[01:59:05] > ELITEWARRIOR remove x1 Netherite upgrade smithing template form buy
[01:59:22] > Icon_Skully buy x1 §x§3§4§9§8§D§Bᴄᴀᴠᴇ ꜱᴘɪᴅᴇʀ ꜱᴘᴀᴡɴᴇʀ to .JakeTheMiner457 for $105,000.
[01:59:31] > Icon_Skully remove x1 §x§F§F§7§C§0§0§lSteamsparks Hoe from buy
[01:59:31] > Icon_Skully remove x1 Enchanted book from buy
[01:59:32] > Icon_Skully remove x1 §x§3§4§9§8§D§Bᴄᴀᴠᴇ ꜱᴘɪᴅᴇʀ ꜱᴘᴀᴡɴᴇʀ from buy
[03:00:31] > belvi__ buy x2 Ominous trial key to Xavier881 for $350,000.
[03:00:45] > belvi__ remove x2 Ominous trial key from buy
[03:40:00] > Panda_Nooba added x1 Enchanted book in auction for 200.
[03:54:20] > Xavier881 added x2 Ominous trial key in auction for 350000.
[04:51:39] > BlackJordan69 buy x1 §x§F§F§3§E§0§0§lD§x§F§F§3§6§0§0§le§x§F§F§2§F§0§0§lm§x§F§F§2§7§0§0§lo§x§F§F§1§F§0§0§ln §x§F§F§1§0§0§0§lL§x§F§F§0§8§0§0§lo§x§F§F§0§0§0§0§lr§x§F§F§0§8§0§0§ld §x§F§F§1§7§0§0§lD§x§F§F§1§F§0§0§la§x§F§F§2§7§0§0§lg§x§F§F§2§F§0§0§lg§x§F§F§3§6§0§0§le§x§F§F§3§E§0§0§lr to .JoshuaCraft9422 for $600,000.
[04:51:47] > BlackJordan69 remove x1 §x§F§F§3§E§0§0§lD§x§F§F§3§6§0§0§le§x§F§F§2§F§0§0§lm§x§F§F§2§7§0§0§lo§x§F§F§1§F§0§0§ln §x§F§F§1§0§0§0§lL§x§F§F§0§8§0§0§lo§x§F§F§0§0§0§0§lr§x§F§F§0§8§0§0§ld §x§F§F§1§7§0§0§lD§x§F§F§1§F§0§0§la§x§F§F§2§7§0§0§lg§x§F§F§2§F§0§0§lg§x§F§F§3§6§0§0§le§x§F§F§3§E§0§0§lr from buy
[04:52:16] > BlackJordan69 added x1 Enchanted book in auction for 75000.
[04:53:36] > ThatMidnight buy x1 §x§F§F§3§E§0§0§lD§x§F§F§3§6§0§0§le§x§F§F§2§F§0§0§lm§x§F§F§2§7§0§0§lo§x§F§F§1§F§0§0§ln §x§F§F§1§0§0§0§lL§x§F§F§0§8§0§0§lo§x§F§F§0§0§0§0§lr§x§F§F§0§9§0§0§ld §x§F§F§1§B§0§0§lB§x§F§F§2§3§0§0§lo§x§F§F§2§C§0§0§lo§x§F§F§3§5§0§0§lt§x§F§F§3§E§0§0§ls to Icon_Skully for $200,000.
[04:53:43] > ThatMidnight remove x1 §x§F§F§3§E§0§0§lD§x§F§F§3§6§0§0§le§x§F§F§2§F§0§0§lm§x§F§F§2§7§0§0§lo§x§F§F§1§F§0§0§ln §x§F§F§1§0§0§0§lL§x§F§F§0§8§0§0§lo§x§F§F§0§0§0§0§lr§x§F§F§0§9§0§0§ld §x§F§F§1§B§0§0§lB§x§F§F§2§3§0§0§lo§x§F§F§2§C§0§0§lo§x§F§F§3§5§0§0§lt§x§F§F§3§E§0§0§ls from buy
[04:54:20] > BlackJordan69 added x2 §x§F§F§3§E§0§0§lD§x§F§F§3§7§0§0§le§x§F§F§3§0§0§0§lm§x§F§F§2§9§0§0§lo§x§F§F§2§2§0§0§ln §x§F§F§1§5§0§0§lL§x§F§F§0§E§0§0§lo§x§F§F§0§7§0§0§lr§x§F§F§0§0§0§0§ld §x§F§F§0§E§0§0§lF§x§F§F§1§5§0§0§lr§x§F§F§1§C§0§0§la§x§F§F§2§2§0§0§lg§x§F§F§2§9§0§0§lm§x§F§F§3§0§0§0§le§x§F§F§3§7§0§0§ln§x§F§F§3§E§0§0§lt in auction for 700000.
[04:54:40] > BlackJordan69 added x1 Enchanted golden apple in auction for 75000.
[05:05:15] > Panda_Nooba remove x1 Enchanted book form storage
[05:18:59] > Doomday152 added x5 Netherite upgrade smithing template in auction for 350000.
[06:01:36] > .AyakoKoru buy x1 Netherite upgrade smithing template to .JakeTheMiner457 for $85,000.
[06:01:48] > .AyakoKoru remove x1 Netherite upgrade smithing template from buy
[06:57:26] > Renzy01 remove x1 Netherite upgrade smithing template from storage
[06:57:29] > Renzy01 remove x1 Netherite upgrade smithing template from storage
[06:58:25] > Renzy01 remove x1 Netherite upgrade smithing template from storage
[07:15:12] > Callistrix added x1 §x§F§0§7§A§5§4§lZombie Apocalyptic Pistol in auction for 250000.
[07:36:13] > Callistrix buy x5 §x§C§9§A§7§F§C§lL§x§B§D§A§E§F§6§le§x§B§1§B§4§F§0§lg§x§A§6§B§B§E§A§le§x§9§A§C§1§E§4§ln§x§8§E§C§8§D§D§ld§x§8§2§C§E§D§7§la§x§7§7§D§5§D§1§lr§x§6§B§D§B§C§B§ly §x§6§B§D§B§C§B§lC§x§7§7§D§5§D§1§lr§x§8§2§C§E§D§7§la§x§8§E§C§8§D§D§lt§x§9§A§C§1§E§4§le §x§B§1§B§4§F§0§lK§x§B§D§A§E§F§6§le§x§C§9§A§7§F§C§ly to dat_boi for $300,000.
[07:37:23] > Callistrix remove x5 §x§C§9§A§7§F§C§lL§x§B§D§A§E§F§6§le§x§B§1§B§4§F§0§lg§x§A§6§B§B§E§A§le§x§9§A§C§1§E§4§ln§x§8§E§C§8§D§D§ld§x§8§2§C§E§D§7§la§x§7§7§D§5§D§1§lr§x§6§B§D§B§C§B§ly §x§6§B§D§B§C§B§lC§x§7§7§D§5§D§1§lr§x§8§2§C§E§D§7§la§x§8§E§C§8§D§D§lt§x§9§A§C§1§E§4§le §x§B§1§B§4§F§0§lK§x§B§D§A§E§F§6§le§x§C§9§A§7§F§C§ly from buy
[07:39:55] > Callistrix added x1 §7Cemetery Hat in auction for 200000.
[07:42:52] > Callistrix added x1 §x§E§5§1§B§1§B§lDracula Battleaxe in auction for 250000.
[08:07:57] > MasterEVO12 remove x20 Melon from storage
[08:54:30] > x1 §x§F§F§3§E§0§0§lD§x§F§F§3§6§0§0§le§x§F§F§2§F§0§0§lm§x§F§F§2§7§0§0§lo§x§F§F§1§F§0§0§ln §x§F§F§1§0§0§0§lL§x§F§F§0§8§0§0§lo§x§F§F§0§0§0§0§lr§x§F§F§0§9§0§0§ld §x§F§F§1§B§0§0§lS§x§F§F§2§3§0§0§lp§x§F§F§2§C§0§0§le§x§F§F§3§5§0§0§la§x§F§F§3§E§0§0§lr, item of MrGh0st1y, has just expired, the item is definitively deleted.
[09:03:17] > dat_boi buy x1 Netherite upgrade smithing template to .JakeTheMiner457 for $85,000.
[09:49:37] > x1 §x§5§9§A§1§D§9§lA§x§7§1§A§E§D§Er§x§8§8§B§C§E§4c§x§A§0§C§9§E§9h§x§B§8§D§7§E§Fa§x§D§0§E§4§F§4n§x§E§7§F§2§F§Ag§fe§x§E§7§F§2§F§Al §x§B§8§D§7§E§FS§x§A§0§C§9§E§9t§x§8§8§B§C§E§4a§x§7§1§A§E§D§Ef§x§5§9§A§1§D§9f on sale by Seirione has just expired, it goes in the inventory of expired items.
[09:50:39] > PrinceBGC remove x1 §x§5§C§C§F§F§C§lC§x§5§C§D§1§F§5§lo§x§5§D§D§4§E§E§ls§x§5§D§D§6§E§7§lm§x§5§E§D§9§E§1§le§x§5§E§D§B§D§A§lt§x§5§E§D§D§D§3§li§x§5§F§E§0§C§C§lc §x§5§F§E§0§C§C§lH§x§5§E§D§D§D§3§la§x§5§E§D§B§D§A§lt§x§5§E§D§9§E§1§ls §x§5§D§D§4§E§E§lK§x§5§C§D§1§F§5§le§x§5§C§C§F§F§C§ly from storage
[09:50:40] > PrinceBGC remove x1 §x§5§C§C§F§F§C§lC§x§5§C§D§1§F§5§lo§x§5§D§D§4§E§E§ls§x§5§D§D§6§E§7§lm§x§5§E§D§9§E§1§le§x§5§E§D§B§D§A§lt§x§5§E§D§D§D§3§li§x§5§F§E§0§C§C§lc §x§5§F§E§0§C§C§lH§x§5§E§D§D§D§3§la§x§5§E§D§B§D§A§lt§x§5§E§D§9§E§1§ls §x§5§D§D§4§E§E§lK§x§5§C§D§1§F§5§le§x§5§C§C§F§F§C§ly from storage
[09:50:41] > PrinceBGC remove x1 §f§l§8B§x§6§2§6§2§6§2a§x§6§F§6§F§6§Fh§x§7§C§7§C§7§Ca§x§8§9§8§9§8§9m§x§9§6§9§6§9§6u§x§A§3§A§3§A§3t §x§9§6§9§6§9§6H§x§8§9§8§9§8§9a§x§7§C§7§C§7§Ct§x§6§F§6§F§6§F §x§6§2§6§2§6§2V§82 from storage
[09:50:50] > PrinceBGC added x1 §f§l§8B§x§6§2§6§2§6§2a§x§6§F§6§F§6§Fh§x§7§C§7§C§7§Ca§x§8§9§8§9§8§9m§x§9§6§9§6§9§6u§x§A§3§A§3§A§3t §x§9§6§9§6§9§6H§x§8§9§8§9§8§9a§x§7§C§7§C§7§Ct§x§6§F§6§F§6§F §x§6§2§6§2§6§2V§82 in auction for 200000.
[09:51:02] > PrinceBGC added x2 §x§5§C§C§F§F§C§lC§x§5§C§D§1§F§5§lo§x§5§D§D§4§E§E§ls§x§5§D§D§6§E§7§lm§x§5§E§D§9§E§1§le§x§5§E§D§B§D§A§lt§x§5§E§D§D§D§3§li§x§5§F§E§0§C§C§lc §x§5§F§E§0§C§C§lH§x§5§E§D§D§D§3§la§x§5§E§D§B§D§A§lt§x§5§E§D§9§E§1§ls §x§5§D§D§4§E§E§lK§x§5§C§D§1§F§5§le§x§5§C§C§F§F§C§ly in auction for 100000.
[10:21:14] > Kaynn added x1 §x§F§F§5§5§0§0§lsᴇʟʟᴡᴀɴᴅ §6- 10.0x in auction for 1000000.
[10:21:14] > x1 §f§l§8B§x§6§2§6§2§6§2a§x§6§F§6§F§6§Fh§x§7§C§7§C§7§Ca§x§8§9§8§9§8§9m§x§9§6§9§6§9§6u§x§A§3§A§3§A§3t §x§9§6§9§6§9§6D§x§8§9§8§9§8§9a§x§7§C§7§C§7§Cg§x§6§F§6§F§6§Fg§x§6§2§6§2§6§2e§8r on sale by GoldEngine11 has just expired, it goes in the inventory of expired items.
[10:21:14] > x1 §x§5§9§A§1§D§9§lA§x§7§5§B§1§D§Fr§x§9§0§C§0§E§6c§x§A§C§D§0§E§Ch§x§C§8§E§0§F§2a§x§E§3§E§F§F§9n§fg§x§E§3§E§F§F§9e§x§C§8§E§0§F§2l §x§9§0§C§0§E§6B§x§7§5§B§1§D§Fo§x§5§9§A§1§D§9w on sale by GoldEngine11 has just expired, it goes in the inventory of expired items.
[10:21:21] > king_ARK buy x1 §x§F§F§5§5§0§0§lsᴇʟʟᴡᴀɴᴅ §6- 10.0x to Kaynn for $1,000,000.
[10:21:24] > ThatMidnight added x1 §x§F§F§5§5§0§0§lsᴇʟʟᴡᴀɴᴅ §6- 5.0x in auction for 700000.
[10:22:05] > Kodakoda added x1 §x§F§F§5§5§0§0§lsᴇʟʟᴡᴀɴᴅ §6- 10.0x in auction for 1450000.
[10:23:31] > Kodakoda remove x1 §x§F§F§5§5§0§0§lsᴇʟʟᴡᴀɴᴅ §6- 10.0x from storage
[10:24:14] > dat_boi added x1 §f§l§8B§x§6§1§6§1§6§1a§x§6§D§6§D§6§Dh§x§7§9§7§9§7§9a§x§8§6§8§6§8§6m§x§9§2§9§2§9§2u§x§9§E§9§E§9§Et§7 §x§9§E§9§E§9§EH§x§9§2§9§2§9§2a§x§8§6§8§6§8§6l§x§7§9§7§9§7§9b§x§6§D§6§D§6§De§x§6§1§6§1§6§1r§8d in auction for 150000.
[10:24:17] > Kodakoda added x1 §x§F§F§5§5§0§0§lsᴇʟʟᴡᴀɴᴅ §6- 10.0x in auction for 750000.
[10:24:25] > king_ARK buy x1 §x§F§F§5§5§0§0§lsᴇʟʟᴡᴀɴᴅ §6- 10.0x to Kodakoda for $750,000.
[10:24:27] > dat_boi added x1 §x§E§5§1§B§1§B§lDracula Dagger in auction for 200000.
[10:24:44] > dat_boi added x1 §x§F§F§7§C§0§0§lSteamsparks Staff in auction for 200000.
[10:25:00] > dat_boi added x1 §x§E§5§1§B§1§B§lDracula Halberd in auction for 200000.
[10:25:06] > Kodakoda remove x1 §f<#5FE2C5>Archangel Fishing rod §7#1 from storage
[10:26:40] > Kodakoda added x1 §f<#5FE2C5>Archangel Fishing rod §7#1 in auction for 450000.
[10:29:05] > .VisedSauce5790 added x1 §x§E§E§0§0§0§0§lᴜɴʟɪᴍɪᴛᴇᴅ sᴇʟʟᴡᴀɴᴅ in auction for 99999999.
[10:29:09] > Kwienn added x1 /PWARP GO PASTRIES in auction for 10000000000.
[10:30:35] > Kaynn buy x1 §f§l§8B§x§6§2§6§2§6§2a§x§6§F§6§F§6§Fh§x§7§C§7§C§7§Ca§x§8§9§8§9§8§9m§x§9§6§9§6§9§6u§x§A§3§A§3§A§3t §x§9§6§9§6§9§6H§x§8§9§8§9§8§9a§x§7§C§7§C§7§Cm§x§6§F§6§F§6§Fm§x§6§2§6§2§6§2e§8r to Kodakoda for $950,000.
[10:33:10] > x1 Splash potion, bought by namerikangel, has just expired, the item is definitively deleted.
[10:33:16] > Kaynn remove x1 §f§l§8B§x§6§2§6§2§6§2a§x§6§F§6§F§6§Fh§x§7§C§7§C§7§Ca§x§8§9§8§9§8§9m§x§9§6§9§6§9§6u§x§A§3§A§3§A§3t §x§9§6§9§6§9§6H§x§8§9§8§9§8§9a§x§7§C§7§C§7§Cm§x§6§F§6§F§6§Fm§x§6§2§6§2§6§2e§8r from buy
[10:33:40] > .Allxnzv remove x1 §f§l§x§8§A§0§0§F§FS§x§9§8§0§0§D§Dh§x§A§6§0§0§B§Bi§x§B§4§0§0§9§9n§x§C§2§0§0§7§7e§x§D§0§0§0§5§5 §x§D§E§0§0§3§3O§x§E§C§0§0§1§1ni§x§D§E§0§0§3§3 §x§D§0§0§0§5§5S§x§C§2§0§0§7§7h§x§B§4§0§0§9§9i§x§A§6§0§0§B§Be§x§9§8§0§0§D§Dl§x§8§A§0§0§F§Fd from storage
[10:33:53] > .Allxnzv added x1 §f§l§x§8§A§0§0§F§FS§x§9§8§0§0§D§Dh§x§A§6§0§0§B§Bi§x§B§4§0§0§9§9n§x§C§2§0§0§7§7e§x§D§0§0§0§5§5 §x§D§E§0§0§3§3O§x§E§C§0§0§1§1ni§x§D§E§0§0§3§3 §x§D§0§0§0§5§5S§x§C§2§0§0§7§7h§x§B§4§0§0§9§9i§x§A§6§0§0§B§Be§x§9§8§0§0§D§Dl§x§8§A§0§0§F§Fd in auction for 800000.
[10:34:28] > king_ARK remove x1 §x§F§F§5§5§0§0§lsᴇʟʟᴡᴀɴᴅ §6- 10.0x from buy
[10:44:45] > x1 Diamond horse armor on sale by MrGh0st1y has just expired, it goes in the inventory of expired items.
[11:16:53] > ThatMidnight remove x1 §x§F§F§5§5§0§0§lsᴇʟʟᴡᴀɴᴅ §6- 5.0x from storage
[11:17:04] > x1 §x§F§F§3§E§0§0§lD§x§F§F§3§7§0§0§le§x§F§F§3§0§0§0§lm§x§F§F§2§9§0§0§lo§x§F§F§2§2§0§0§ln §x§F§F§1§5§0§0§lL§x§F§F§0§E§0§0§lo§x§F§F§0§7§0§0§lr§x§F§F§0§0§0§0§ld §x§F§F§0§E§0§0§lC§x§F§F§1§5§0§0§lr§x§F§F§1§C§0§0§lo§x§F§F§2§2§0§0§ls§x§F§F§2§9§0§0§ls§x§F§F§3§0§0§0§lb§x§F§F§3§7§0§0§lo§x§F§F§3§E§0§0§lw, item of Tutukiw, has just expired, the item is definitively deleted.
[11:17:05] > ThatMidnight remove x1 §x§F§F§5§5§0§0§lsᴇʟʟᴡᴀɴᴅ §6- 5.0x from expire
[11:17:15] > ThatMidnight added x1 §x§F§F§5§5§0§0§lsᴇʟʟᴡᴀɴᴅ §6- 5.0x in auction for 500000.
[11:31:53] > nachfaust remove x4 Netherite upgrade smithing template from storage
[11:32:05] > nachfaust added x1 Dried ghast in auction for 500000.
[11:34:52] > Kodakoda added x29 Golden apple in auction for 25000.
[11:36:36] > sean_kirby added x8 Resin bricks in auction for 100.
[11:41:29] > .JakeTheMiner457 added x33 Nether wart in auction for 100.
[11:41:50] > nachfaust remove x1 Dried ghast from storage
[11:42:10] > nachfaust added x1 Dried ghast in auction for 150000.
[11:42:42] > Kodakoda buy x1 Dried ghast to nachfaust for $150,000.
[11:42:54] > Kodakoda remove x1 Dried ghast from buy