
[13:29:51] > VashleyProGamer buy x1 Snout armor trim smithing template to NoClarity for $10,000.
[13:30:09] > VashleyProGamer buy x27 Iron block to NoClarity for $10,000.
[13:51:28] > x1 §x§F§F§7§C§0§0§lSteamsparks Axe, item of MakmakJV, has just expired, the item is definitively deleted.
[13:51:28] > x1 §x§E§5§1§B§1§B§lDracula Helmet, item of MakmakJV, has just expired, the item is definitively deleted.
[13:51:28] > x1 §x§E§5§1§B§1§B§lDracula Blade, item of MakmakJV, has just expired, the item is definitively deleted.
[13:51:28] > x10 §bEntropy Crystal §8(§310,000§8), item of king_ARK, has just expired, the item is definitively deleted.
[13:51:28] > x1 §x§F§F§7§C§0§0§lSteamsparks Helmet, item of MakmakJV, has just expired, the item is definitively deleted.
[13:51:28] > x10 §bEntropy Crystal §8(§310,000§8), item of king_ARK, has just expired, the item is definitively deleted.
[13:51:28] > x10 §bEntropy Crystal §8(§310,000§8), item of king_ARK, has just expired, the item is definitively deleted.
[13:51:28] > x10 §bEntropy Crystal §8(§310,000§8), item of king_ARK, has just expired, the item is definitively deleted.
[13:51:28] > x10 §bEntropy Crystal §8(§310,000§8), item of king_ARK, has just expired, the item is definitively deleted.
[13:51:28] > x10 §bEntropy Crystal §8(§310,000§8), item of king_ARK, has just expired, the item is definitively deleted.
[13:51:28] > x10 §bEntropy Crystal §8(§310,000§8), item of king_ARK, has just expired, the item is definitively deleted.
[13:51:28] > x10 §bEntropy Crystal §8(§310,000§8), item of king_ARK, has just expired, the item is definitively deleted.
[13:51:28] > x10 §bEntropy Crystal §8(§310,000§8), item of king_ARK, has just expired, the item is definitively deleted.
[13:51:28] > x1 §x§5§9§A§1§D§9§lA§x§6§E§A§D§D§Er§x§8§3§B§9§E§3c§x§9§7§C§4§E§7h§x§A§C§D§0§E§Ca§x§C§1§D§C§F§1n§x§D§6§E§8§F§6g§x§E§A§F§3§F§Ae§fl §x§D§0§E§4§F§4H§x§B§8§D§7§E§Fa§x§A§0§C§9§E§9m§x§8§8§B§C§E§4m§x§7§1§A§E§D§Ee§x§5§9§A§1§D§9r, item of Xavier881, has just expired, the item is definitively deleted.
[13:51:28] > x1 Enchanted golden apple, item of Deliot, has just expired, the item is definitively deleted.
[13:51:28] > x1 §x§F§F§3§E§0§0§lSellwand Voucher, item of kiyomiuu1, has just expired, the item is definitively deleted.
[13:52:11] > micailatot added x1 §f§l§x§E§4§3§A§3§AM§x§D§5§4§9§3§Ae§x§C§6§5§9§3§Ar§x§B§7§6§8§3§9r§x§A§8§7§8§3§9y§x§9§9§8§7§3§9 §x§8§9§9§6§3§9C§x§7§A§A§6§3§9h§x§6§B§B§5§3§8r§x§5§C§C§5§3§8i§x§4§D§D§4§3§8s§x§5§C§C§5§3§8t§x§6§B§B§5§3§8m§x§7§A§A§6§3§9a§x§8§9§9§6§3§9s§x§9§9§8§7§3§9 §x§A§8§7§8§3§9S§x§B§7§6§8§3§9t§x§C§6§5§9§3§Aa§x§D§5§4§9§3§Af§x§E§4§3§A§3§Af in auction for 550000.
[14:24:49] > Joxthin buy x2 §x§F§C§D§0§5§C§lB§x§E§6§D§3§6§B§la§x§C§F§D§5§7§A§ls§x§B§9§D§8§8§9§li§x§A§2§D§A§9§8§lc §x§7§5§D§F§B§6§lC§x§5§F§E§2§C§5§lr§x§7§5§D§F§B§6§la§x§8§C§D§D§A§7§lt§x§A§2§D§A§9§8§le §x§C§F§D§5§7§A§lK§x§E§6§D§3§6§B§le§x§F§C§D§0§5§C§ly to Horheee for $10,000.
[14:24:55] > Joxthin buy x1 §x§E§5§1§B§1§B§lDracula Boots to Horheee for $50,000.
[14:25:19] > Joxthin buy x1 §fPanda Hat to kentchalin for $100,000.
[14:25:24] > x1 §f§l§x§E§4§3§A§3§AM§x§D§6§4§9§3§Ae§x§C§7§5§7§3§Ar§x§B§9§6§6§3§9r§x§A§A§7§5§3§9y§x§9§C§8§3§3§9 §x§8§E§9§2§3§9C§x§7§F§A§1§3§9h§x§7§1§A§F§3§8r§x§6§3§B§E§3§8i§x§5§4§C§D§3§8st§x§6§3§B§E§3§8m§x§7§1§A§F§3§8a§x§7§F§A§1§3§9s§x§8§E§9§2§3§9 §x§9§C§8§3§3§9H§x§A§A§7§5§3§9a§x§B§9§6§6§3§9m§x§C§7§5§7§3§Am§x§D§6§4§9§3§Ae§x§E§4§3§A§3§Ar, bought by nachfaust, has just expired, the item is definitively deleted.
[14:25:24] > x1 Enchanted book, bought by NoClarity, has just expired, the item is definitively deleted.
[14:25:24] > x2 Ward armor trim smithing template, bought by NoClarity, has just expired, the item is definitively deleted.
[14:25:24] > x1 §x§F§E§B§E§C§A§lSeason 3 Celebration Cake <3, bought by NoClarity, has just expired, the item is definitively deleted.
[14:25:24] > x1 Diamond chestplate, bought by NoClarity, has just expired, the item is definitively deleted.
[14:25:26] > Joxthin remove x2 §x§F§C§D§0§5§C§lB§x§E§6§D§3§6§B§la§x§C§F§D§5§7§A§ls§x§B§9§D§8§8§9§li§x§A§2§D§A§9§8§lc §x§7§5§D§F§B§6§lC§x§5§F§E§2§C§5§lr§x§7§5§D§F§B§6§la§x§8§C§D§D§A§7§lt§x§A§2§D§A§9§8§le §x§C§F§D§5§7§A§lK§x§E§6§D§3§6§B§le§x§F§C§D§0§5§C§ly from buy
[14:25:26] > Joxthin remove x1 §fPanda Hat from buy
[14:25:27] > Joxthin remove x1 §x§E§5§1§B§1§B§lDracula Boots from buy
[14:26:05] > nathaniel2aro buy x1 §f§l§x§E§4§3§A§3§AM§x§D§5§4§9§3§Ae§x§C§6§5§9§3§Ar§x§B§7§6§8§3§9r§x§A§8§7§8§3§9y§x§9§9§8§7§3§9 §x§8§9§9§6§3§9C§x§7§A§A§6§3§9h§x§6§B§B§5§3§8r§x§5§C§C§5§3§8i§x§4§D§D§4§3§8s§x§5§C§C§5§3§8t§x§6§B§B§5§3§8m§x§7§A§A§6§3§9a§x§8§9§9§6§3§9s§x§9§9§8§7§3§9 §x§A§8§7§8§3§9S§x§B§7§6§8§3§9w§x§C§6§5§9§3§Ao§x§D§5§4§9§3§Ar§x§E§4§3§A§3§Ad to micailatot for $500,000.
[14:51:34] > Joxthin added x12 §x§F§C§D§0§5§C§lB§x§E§6§D§3§6§B§la§x§C§F§D§5§7§A§ls§x§B§9§D§8§8§9§li§x§A§2§D§A§9§8§lc §x§7§5§D§F§B§6§lC§x§5§F§E§2§C§5§lr§x§7§5§D§F§B§6§la§x§8§C§D§D§A§7§lt§x§A§2§D§A§9§8§le §x§C§F§D§5§7§A§lK§x§E§6§D§3§6§B§le§x§F§C§D§0§5§C§ly in auction for 60000.
[14:59:27] > Joxthin buy x1 §fCat Plushie (Ragdoll) §6(#19/101) to mae for $10,000.
[14:59:32] > x1 §f§l§x§E§4§3§A§3§AM§x§D§6§4§9§3§Ae§x§C§7§5§7§3§Ar§x§B§9§6§6§3§9r§x§A§A§7§5§3§9y§x§9§C§8§3§3§9 §x§8§E§9§2§3§9C§x§7§F§A§1§3§9h§x§7§1§A§F§3§8r§x§6§3§B§E§3§8i§x§5§4§C§D§3§8st§x§6§3§B§E§3§8m§x§7§1§A§F§3§8a§x§7§F§A§1§3§9s§x§8§E§9§2§3§9 §x§9§C§8§3§3§9S§x§A§A§7§5§3§9h§x§B§9§6§6§3§9i§x§C§7§5§7§3§Ae§x§D§6§4§9§3§Al§x§E§4§3§A§3§Ad, bought by NoClarity, has just expired, the item is definitively deleted.
[14:59:32] > x1 §3§lDolphin Tail, bought by NoClarity, has just expired, the item is definitively deleted.
[14:59:34] > Joxthin remove x1 §fCat Plushie (Ragdoll) §6(#19/101) from buy
[15:18:01] > Icon_Skully added x1 §fAxolotl Plushie (Gold) §6(#7/101) in auction for 3000.
[15:24:25] > nathaniel2aro buy x1 §f§l§x§E§4§3§A§3§AM§x§D§5§4§9§3§Ae§x§C§6§5§9§3§Ar§x§B§7§6§8§3§9r§x§A§8§7§8§3§9y§x§9§9§8§7§3§9 §x§8§9§9§6§3§9C§x§7§A§A§6§3§9h§x§6§B§B§5§3§8r§x§5§C§C§5§3§8i§x§4§D§D§4§3§8s§x§5§C§C§5§3§8t§x§6§B§B§5§3§8m§x§7§A§A§6§3§9a§x§8§9§9§6§3§9s§x§9§9§8§7§3§9 §x§A§8§7§8§3§9S§x§B§7§6§8§3§9t§x§C§6§5§9§3§Aa§x§D§5§4§9§3§Af§x§E§4§3§A§3§Af to Kodakoda for $250,000.
[15:42:34] > nathaniel2aro remove x1 §f§l§x§E§4§3§A§3§AM§x§D§5§4§9§3§Ae§x§C§6§5§9§3§Ar§x§B§7§6§8§3§9r§x§A§8§7§8§3§9y§x§9§9§8§7§3§9 §x§8§9§9§6§3§9C§x§7§A§A§6§3§9h§x§6§B§B§5§3§8r§x§5§C§C§5§3§8i§x§4§D§D§4§3§8s§x§5§C§C§5§3§8t§x§6§B§B§5§3§8m§x§7§A§A§6§3§9a§x§8§9§9§6§3§9s§x§9§9§8§7§3§9 §x§A§8§7§8§3§9S§x§B§7§6§8§3§9w§x§C§6§5§9§3§Ao§x§D§5§4§9§3§Ar§x§E§4§3§A§3§Ad from buy
[15:42:37] > nathaniel2aro remove x1 §f§l§x§E§4§3§A§3§AM§x§D§5§4§9§3§Ae§x§C§6§5§9§3§Ar§x§B§7§6§8§3§9r§x§A§8§7§8§3§9y§x§9§9§8§7§3§9 §x§8§9§9§6§3§9C§x§7§A§A§6§3§9h§x§6§B§B§5§3§8r§x§5§C§C§5§3§8i§x§4§D§D§4§3§8s§x§5§C§C§5§3§8t§x§6§B§B§5§3§8m§x§7§A§A§6§3§9a§x§8§9§9§6§3§9s§x§9§9§8§7§3§9 §x§A§8§7§8§3§9S§x§B§7§6§8§3§9t§x§C§6§5§9§3§Aa§x§D§5§4§9§3§Af§x§E§4§3§A§3§Af from buy
[15:49:33] > ryise added x1 Trident in auction for 100000.
[15:49:40] > quillking67 buy x1 Trident to ryise for $100,000.
[15:50:20] > ryise added x1 Diamond leggings in auction for 100000.
[15:51:16] > ryise added x1 Diamond axe in auction for 50000.
[15:51:32] > ryise added x1 Diamond chestplate in auction for 100000.
[15:52:12] > ryise added x1 Iron chestplate in auction for 30000.
[15:52:24] > ryise added x1 Diamond chestplate in auction for 50000.
[16:12:44] > quillking67 remove x1 §2Cauldron Hat from buy
[16:12:45] > quillking67 remove x1 Trident from buy
[16:13:43] > quillking67 buy x1 §x§F§F§7§C§0§0§lSteamsparks Sword to Horheee for $100,000.
[16:13:49] > quillking67 remove x1 §x§F§F§7§C§0§0§lSteamsparks Sword from buy
[16:26:21] > razigma buy x1 §f§l§x§E§4§3§A§3§AM§x§D§6§4§8§3§Ae§x§C§9§5§6§3§Ar§x§B§B§6§4§3§9r§x§A§D§7§2§3§9y§x§9§F§8§0§3§9 §x§9§2§8§E§3§9C§x§8§4§9§C§3§9h§x§7§6§A§A§3§9r§x§6§8§B§8§3§8i§x§5§B§C§6§3§8s§x§4§D§D§4§3§8t§x§5§B§C§6§3§8m§x§6§8§B§8§3§8a§x§7§6§A§A§3§9s§x§8§4§9§C§3§9 §x§9§2§8§E§3§9T§x§9§F§8§0§3§9r§x§A§D§7§2§3§9i§x§B§B§6§4§3§9d§x§C§9§5§6§3§Ae§x§D§6§4§8§3§An§x§E§4§3§A§3§At to micailatot for $550,000.
[16:26:52] > razigma remove x1 §f§l§x§E§4§3§A§3§AM§x§D§6§4§8§3§Ae§x§C§9§5§6§3§Ar§x§B§B§6§4§3§9r§x§A§D§7§2§3§9y§x§9§F§8§0§3§9 §x§9§2§8§E§3§9C§x§8§4§9§C§3§9h§x§7§6§A§A§3§9r§x§6§8§B§8§3§8i§x§5§B§C§6§3§8s§x§4§D§D§4§3§8t§x§5§B§C§6§3§8m§x§6§8§B§8§3§8a§x§7§6§A§A§3§9s§x§8§4§9§C§3§9 §x§9§2§8§E§3§9T§x§9§F§8§0§3§9r§x§A§D§7§2§3§9i§x§B§B§6§4§3§9d§x§C§9§5§6§3§Ae§x§D§6§4§8§3§An§x§E§4§3§A§3§At from buy
[17:05:30] > NoClarity added x1 Name tag in auction for 1000000.
[17:05:40] > ArchKolnerDom buy x1 Name tag to NoClarity for $1,000,000.
[17:05:58] > ArchKolnerDom remove x1 Name tag from buy
[17:27:32] > makaylee added x1 Cooked beef in auction for 250000.
[17:28:21] > makaylee remove x1 Cooked beef from storage
[18:06:04] > x1 §f§l§x§E§4§3§A§3§AM§x§D§8§4§6§3§Ae§x§C§D§5§2§3§Ar§x§C§1§5§E§3§Ar§x§B§6§6§9§3§9y§x§A§A§7§5§3§9 §x§9§E§8§1§3§9C§x§9§3§8§D§3§9h§x§8§7§9§9§3§9r§x§7§B§A§5§3§9i§x§7§0§B§0§3§8s§x§6§4§B§C§3§8t§x§5§9§C§8§3§8m§x§4§D§D§4§3§8a§x§5§9§C§8§3§8s§x§6§4§B§C§3§8 §x§7§0§B§0§3§8F§x§7§B§A§5§3§9i§x§8§7§9§9§3§9s§x§9§3§8§D§3§9h§x§9§E§8§1§3§9i§x§A§A§7§5§3§9n§x§B§6§6§9§3§9g§x§C§1§5§E§3§A §x§C§D§5§2§3§Ar§x§D§8§4§6§3§Ao§x§E§4§3§A§3§Ad on sale by micailatot has just expired, it goes in the inventory of expired items.
[18:08:48] > alecczzz added x1 Red Moon in auction for 10.
[18:10:47] > ArchKolnerDom buy x1 Red Moon to alecczzz for $10.
[18:16:56] > ArchKolnerDom remove x1 Red Moon from buy
[20:30:16] > Trashcan buy x1 Ominous bottle to VashleyProGamer for $50,000.
[20:30:20] > Trashcan buy x1 Ominous bottle to VashleyProGamer for $45,000.
[21:32:02] > quillking67 buy x12 §x§F§C§D§0§5§C§lB§x§E§6§D§3§6§B§la§x§C§F§D§5§7§A§ls§x§B§9§D§8§8§9§li§x§A§2§D§A§9§8§lc §x§7§5§D§F§B§6§lC§x§5§F§E§2§C§5§lr§x§7§5§D§F§B§6§la§x§8§C§D§D§A§7§lt§x§A§2§D§A§9§8§le §x§C§F§D§5§7§A§lK§x§E§6§D§3§6§B§le§x§F§C§D§0§5§C§ly to Joxthin for $60,000.
[21:32:13] > x1 §x§E§5§1§B§1§B§lDracula Leggings, bought by .Allxnzv, has just expired, the item is definitively deleted.
[21:32:14] > quillking67 remove x12 §x§F§C§D§0§5§C§lB§x§E§6§D§3§6§B§la§x§C§F§D§5§7§A§ls§x§B§9§D§8§8§9§li§x§A§2§D§A§9§8§lc §x§7§5§D§F§B§6§lC§x§5§F§E§2§C§5§lr§x§7§5§D§F§B§6§la§x§8§C§D§D§A§7§lt§x§A§2§D§A§9§8§le §x§C§F§D§5§7§A§lK§x§E§6§D§3§6§B§le§x§F§C§D§0§5§C§ly from buy
[22:22:23] > x1 §f§l§x§E§4§3§A§3§AM§x§D§5§4§9§3§Ae§x§C§6§5§9§3§Ar§x§B§7§6§8§3§9r§x§A§8§7§8§3§9y§x§9§9§8§7§3§9 §x§8§9§9§6§3§9C§x§7§A§A§6§3§9h§x§6§B§B§5§3§8r§x§5§C§C§5§3§8i§x§4§D§D§4§3§8s§x§5§C§C§5§3§8t§x§6§B§B§5§3§8m§x§7§A§A§6§3§9a§x§8§9§9§6§3§9s§x§9§9§8§7§3§9 §x§A§8§7§8§3§9W§x§B§7§6§8§3§9i§x§C§6§5§9§3§An§x§D§5§4§9§3§Ag§x§E§4§3§A§3§As on sale by Antonie657 has just expired, it goes in the inventory of expired items.
[22:22:23] > x1 §fWitch Hat on sale by sigman has just expired, it goes in the inventory of expired items.
[23:02:32] > x1 §f§l§8B§x§6§3§6§3§6§3a§x§7§1§7§1§7§1h§x§8§0§8§0§8§0a§x§8§E§8§E§8§Em§x§9§C§9§C§9§Cu§7t§x§9§C§9§C§9§C §x§8§E§8§E§8§ES§x§8§0§8§0§8§0t§x§7§1§7§1§7§1a§x§6§3§6§3§6§3f§8f on sale by sigman has just expired, it goes in the inventory of expired items.
[23:02:32] > x1 §f§l§8B§x§6§0§6§0§6§0a§x§6§C§6§C§6§Ch§x§7§7§7§7§7§7a§x§8§2§8§2§8§2m§x§8§E§8§E§8§Eu§x§9§9§9§9§9§9t§x§A§4§A§4§A§4 G§x§9§9§9§9§9§9a§x§8§E§8§E§8§Eu§x§8§2§8§2§8§2n§x§7§7§7§7§7§7t§x§6§C§6§C§6§Cl§x§6§0§6§0§6§0e§8t on sale by PlayTexts has just expired, it goes in the inventory of expired items.
[23:02:32] > x1 §fPanda Hat on sale by sigman has just expired, it goes in the inventory of expired items.
[23:02:32] > x1 §f§l§x§8§A§0§0§F§FS§x§9§C§0§0§D§5h§x§A§D§0§0§A§Ai§x§B§F§0§0§8§0n§x§D§0§0§0§5§5e§x§E§2§0§0§2§B §x§F§3§0§0§0§0O§x§E§2§0§0§2§An§x§D§0§0§0§5§5i§x§B§F§0§0§8§0 §x§A§D§0§0§A§AH§x§9§C§0§0§D§5o§x§8§A§0§0§F§Fe on sale by Runz has just expired, it goes in the inventory of expired items.
[23:02:44] > Its_MergenMC buy x1 §fAxolotl Plushie (Gold) §6(#7/101) to Icon_Skully for $3,000.
[23:19:59] > x1 §f§l§8B§x§6§6§6§6§6§6a§x§7§7§7§7§7§7h§x§8§8§8§8§8§8a§x§9§9§9§9§9§9m§7u§x§9§9§9§9§9§9t§x§8§8§8§8§8§8 §x§7§7§7§7§7§7H§x§6§6§6§6§6§6a§8t on sale by mae has just expired, it goes in the inventory of expired items.
[23:20:17] > TiagoX buy x1 Diamond chestplate to ryise for $50,000.
[23:20:19] > TiagoX buy x1 Iron chestplate to ryise for $30,000.
[23:20:22] > TiagoX buy x1 Diamond chestplate to ryise for $100,000.
[23:20:24] > TiagoX buy x1 Diamond axe to ryise for $50,000.
[23:20:26] > TiagoX buy x1 Diamond leggings to ryise for $100,000.
[23:20:32] > x1 My Extra Stash, bought by Horheee, has just expired, the item is definitively deleted.
[23:20:33] > TiagoX remove x1 Diamond chestplate from buy
[23:20:34] > TiagoX remove x1 Iron chestplate from buy
[23:20:34] > TiagoX remove x1 Diamond chestplate from buy
[23:20:35] > TiagoX remove x1 Diamond axe from buy
[23:20:35] > TiagoX remove x1 Diamond leggings from buy
[01:12:39] > x16 White banner, item of frenchhee, has just expired, the item is definitively deleted.
[01:12:39] > x1 §x§E§5§1§B§1§B§lDracula Leggings, item of PlayTexts, has just expired, the item is definitively deleted.
[01:12:39] > x1 §f§l§8B§x§5§F§5§F§5§Fa§x§6§9§6§9§6§9h§x§7§3§7§3§7§3a§x§7§D§7§D§7§Dm§x§8§7§8§7§8§7u§x§9§1§9§1§9§1t§x§9§B§9§B§9§B §x§A§5§A§5§A§5Gr§x§9§B§9§B§9§Be§x§9§1§9§1§9§1a§x§8§7§8§7§8§7t§x§7§D§7§D§7§Ds§x§7§3§7§3§7§3w§x§6§9§6§9§6§9o§x§5§F§5§F§5§Fr§8d, item of FRANZ_JOSEF0, has just expired, the item is definitively deleted.
[01:12:39] > x16 White banner, item of frenchhee, has just expired, the item is definitively deleted.
[01:12:39] > x1 §x§F§F§3§E§0§0§lSellwand Voucher, item of Typeshe, has just expired, the item is definitively deleted.
[01:12:39] > x1 §fSun Hat, item of .Allxnzv, has just expired, the item is definitively deleted.
[01:12:39] > x1 /pwarp go 1ZenShop selling netherite gear,and pots, item of Zen0969, has just expired, the item is definitively deleted.
[01:12:39] > x1 §x§F§F§5§5§0§0§lsᴇʟʟᴡᴀɴᴅ §6- 5.0x, item of Solene, has just expired, the item is definitively deleted.
[01:12:41] > Clifford remove x1 §x§F§F§7§C§0§0§lSteamsparks Hat from expire
[01:58:19] > Clifford added x64 Wither skeleton skull in auction for 600000.
[01:59:02] > Clifford remove x64 Wither skeleton skull from storage
[01:59:09] > Clifford remove x64 Wither skeleton skull from expire
[01:59:57] > Clifford added x64 Wither skeleton skull in auction for 200000.
[02:04:07] > Clifford remove x64 Wither skeleton skull from storage
[02:04:13] > Clifford remove x64 Wither skeleton skull from expire
[02:07:31] > x1 trading for elytras msg zxdamii if interested, item of zDamixx, has just expired, the item is definitively deleted.
[03:08:27] > sigman added x1 §x§E§4§3§A§3§A§lC§x§C§E§5§0§3§A§lh§x§B§9§6§6§3§9§lr§x§A§3§7§C§3§9§li§x§8§E§9§2§3§9§ls§x§7§8§A§8§3§9§lt§x§6§3§B§E§3§8§lm§x§4§D§D§4§3§8§la§x§6§3§B§E§3§8§ls §x§8§E§9§2§3§9§lG§x§A§3§7§C§3§9§ll§x§B§9§6§6§3§9§lo§x§C§E§5§0§3§A§lb§x§E§4§3§A§3§A§le in auction for 1000000.
[05:01:48] > x1 §x§E§4§3§A§3§A§lC§x§C§E§5§0§3§A§lh§x§B§9§6§6§3§9§lr§x§A§3§7§C§3§9§li§x§8§E§9§2§3§9§ls§x§7§8§A§8§3§9§lt§x§6§3§B§E§3§8§lm§x§4§D§D§4§3§8§la§x§6§3§B§E§3§8§ls §x§8§E§9§2§3§9§lG§x§A§3§7§C§3§9§ll§x§B§9§6§6§3§9§lo§x§C§E§5§0§3§A§lb§x§E§4§3§A§3§A§le on sale by sigman has just expired, it goes in the inventory of expired items.
[06:30:04] > Clifford added x1 Shulker box in auction for 85000.
[06:30:15] > Clifford remove x1 Shulker box from storage
[06:30:21] > x1 §f§l§x§E§4§3§A§3§AM§x§D§5§4§9§3§Ae§x§C§6§5§9§3§Ar§x§B§7§6§8§3§9r§x§A§8§7§8§3§9y§x§9§9§8§7§3§9 §x§8§9§9§6§3§9C§x§7§A§A§6§3§9h§x§6§B§B§5§3§8r§x§5§C§C§5§3§8i§x§4§D§D§4§3§8s§x§5§C§C§5§3§8t§x§6§B§B§5§3§8m§x§7§A§A§6§3§9a§x§8§9§9§6§3§9s§x§9§9§8§7§3§9 §x§A§8§7§8§3§9S§x§B§7§6§8§3§9t§x§C§6§5§9§3§Aa§x§D§5§4§9§3§Af§x§E§4§3§A§3§Af, item of belvi__, has just expired, the item is definitively deleted.
[06:30:23] > Clifford remove x1 Shulker box from expire
[06:31:44] > Clifford added x1 Strength II in auction for 85000.
[07:08:25] > x1 §x§F§F§7§C§0§0§lSteamsparks Helmet, bought by zopell10, has just expired, the item is definitively deleted.
[08:38:13] > ArchKolnerDom added x1 §f§l§x§E§4§3§A§3§AM§x§D§5§4§9§3§Ae§x§C§6§5§9§3§Ar§x§B§7§6§8§3§9r§x§A§8§7§8§3§9y§x§9§9§8§7§3§9 §x§8§9§9§6§3§9C§x§7§A§A§6§3§9h§x§6§B§B§5§3§8r§x§5§C§C§5§3§8i§x§4§D§D§4§3§8s§x§5§C§C§5§3§8t§x§6§B§B§5§3§8m§x§7§A§A§6§3§9a§x§8§9§9§6§3§9s§x§9§9§8§7§3§9 §x§A§8§7§8§3§9W§x§B§7§6§8§3§9i§x§C§6§5§9§3§An§x§D§5§4§9§3§Ag§x§E§4§3§A§3§As in auction for 1000000.
[08:40:29] > Haru178 buy x1 §x§E§5§1§B§1§B§lDracula Fishing to Horheee for $70,000.
[08:42:00] > Haru178 remove x1 §x§E§5§1§B§1§B§lDracula Fishing from buy
[08:43:44] > NoClarity added x64 Cooked beef in auction for 1000000.
[08:44:02] > ArchKolnerDom buy x64 Cooked beef to NoClarity for $1,000,000.
[08:44:21] > ArchKolnerDom remove x64 Cooked beef from buy
[08:50:26] > RianiteReaper added x1 §x§F§F§5§5§0§0§lsᴇʟʟᴡᴀɴᴅ §6- 5.0x in auction for 400000.
[08:50:30] > NoClarity buy x1 §x§F§F§5§5§0§0§lsᴇʟʟᴡᴀɴᴅ §6- 5.0x to RianiteReaper for $400,000.
[08:56:16] > NoClarity added x1 §f§l§x§E§4§3§A§3§AM§x§D§3§4§B§3§Ae§x§C§2§5§C§3§Ar§x§B§2§6§D§3§9r§x§A§1§7§E§3§9y§x§9§0§9§0§3§9 §x§7§F§A§1§3§9C§x§6§F§B§2§3§8h§x§5§E§C§3§3§8r§x§4§D§D§4§3§8i§x§5§E§C§3§3§8s§x§6§F§B§2§3§8t§x§7§F§A§1§3§9m§x§9§0§9§0§3§9a§x§A§1§7§E§3§9s§x§B§2§6§D§3§9 §x§C§2§5§C§3§AA§x§D§3§4§B§3§Ax§x§E§4§3§A§3§Ae in auction for 50000.
[08:56:30] > NoClarity added x1 §f§l§x§E§4§3§A§3§AM§x§D§6§4§9§3§Ae§x§C§7§5§7§3§Ar§x§B§9§6§6§3§9r§x§A§A§7§5§3§9y§x§9§C§8§3§3§9 §x§8§E§9§2§3§9C§x§7§F§A§1§3§9h§x§7§1§A§F§3§8r§x§6§3§B§E§3§8i§x§5§4§C§D§3§8st§x§6§3§B§E§3§8m§x§7§1§A§F§3§8a§x§7§F§A§1§3§9s§x§8§E§9§2§3§9 §x§9§C§8§3§3§9S§x§A§A§7§5§3§9h§x§B§9§6§6§3§9o§x§C§7§5§7§3§Av§x§D§6§4§9§3§Ae§x§E§4§3§A§3§Al in auction for 10000.
[08:57:18] > NoClarity added x1 §fFarmer Hat in auction for 500.
[08:57:23] > ArchKolnerDom buy x1 §fFarmer Hat to NoClarity for $500.
[08:57:32] > ArchKolnerDom remove x1 §fFarmer Hat from buy
[08:57:57] > NoClarity added x1 §x§E§5§1§B§1§B§lDracula Shovel in auction for 10000.
[08:58:14] > Haru178 buy x1 §x§E§5§1§B§1§B§lDracula Shovel to NoClarity for $10,000.
[09:00:14] > NoClarity added x1 §f§l§8B§x§6§1§6§1§6§1a§x§6§D§6§D§6§Dh§x§7§9§7§9§7§9a§x§8§6§8§6§8§6m§x§9§2§9§2§9§2u§x§9§E§9§E§9§Et§7 §x§9§E§9§E§9§EH§x§9§2§9§2§9§2a§x§8§6§8§6§8§6l§x§7§9§7§9§7§9b§x§6§D§6§D§6§De§x§6§1§6§1§6§1r§8d in auction for 95000.
[11:06:42] > quillking67 buy x1 §f§l§x§E§4§3§A§3§AM§x§D§3§4§B§3§Ae§x§C§2§5§C§3§Ar§x§B§2§6§D§3§9r§x§A§1§7§E§3§9y§x§9§0§9§0§3§9 §x§7§F§A§1§3§9C§x§6§F§B§2§3§8h§x§5§E§C§3§3§8r§x§4§D§D§4§3§8i§x§5§E§C§3§3§8s§x§6§F§B§2§3§8t§x§7§F§A§1§3§9m§x§9§0§9§0§3§9a§x§A§1§7§E§3§9s§x§B§2§6§D§3§9 §x§C§2§5§C§3§AA§x§D§3§4§B§3§Ax§x§E§4§3§A§3§Ae to NoClarity for $50,000.
[11:06:58] > x64 Diamond, bought by LMColty, has just expired, the item is definitively deleted.
[11:06:58] > x64 Diamond, bought by LMColty, has just expired, the item is definitively deleted.
[11:06:59] > quillking67 remove x1 §f§l§x§E§4§3§A§3§AM§x§D§3§4§B§3§Ae§x§C§2§5§C§3§Ar§x§B§2§6§D§3§9r§x§A§1§7§E§3§9y§x§9§0§9§0§3§9 §x§7§F§A§1§3§9C§x§6§F§B§2§3§8h§x§5§E§C§3§3§8r§x§4§D§D§4§3§8i§x§5§E§C§3§3§8s§x§6§F§B§2§3§8t§x§7§F§A§1§3§9m§x§9§0§9§0§3§9a§x§A§1§7§E§3§9s§x§B§2§6§D§3§9 §x§C§2§5§C§3§AA§x§D§3§4§B§3§Ax§x§E§4§3§A§3§Ae from buy
[11:43:42] > NoClarity added x64 Iron block in auction for 10.
[11:43:49] > ArchKolnerDom buy x64 Iron block to NoClarity for $10.
[11:44:35] > ArchKolnerDom remove x64 Iron block from buy
[11:45:37] > NoClarity added x44 Iron block in auction for 10.
[11:45:41] > ArchKolnerDom buy x44 Iron block to NoClarity for $10.
[11:46:10] > ArchKolnerDom remove x44 Iron block from buy
[11:55:20] > ArchKolnerDom added x1 §x§E§5§1§B§1§B§lDracula Shovel in auction for 50000.
[11:55:47] > ArchKolnerDom added x1 §x§E§5§1§B§1§B§lDracula Pickaxe in auction for 50000.
[11:56:01] > Its_MergenMC buy x1 §x§E§5§1§B§1§B§lDracula Pickaxe to ArchKolnerDom for $50,000.
[11:56:16] > x1 §x§F§F§7§C§0§0§lSteamsparks Hoe, item of MhicksGaming, has just expired, the item is definitively deleted.
[11:56:16] > x1 §f§l§8B§x§6§0§6§0§6§0a§x§6§C§6§C§6§Ch§x§7§7§7§7§7§7a§x§8§2§8§2§8§2m§x§8§E§8§E§8§Eu§x§9§9§9§9§9§9t§x§A§4§A§4§A§4 G§x§9§9§9§9§9§9a§x§8§E§8§E§8§Eu§x§8§2§8§2§8§2n§x§7§7§7§7§7§7t§x§6§C§6§C§6§Cl§x§6§0§6§0§6§0e§8t, item of Izumi, has just expired, the item is definitively deleted.
[11:57:28] > Its_MergenMC remove x1 §fAxolotl Plushie (Gold) §6(#7/101) from buy
[11:57:29] > Its_MergenMC remove x1 §x§E§5§1§B§1§B§lDracula Pickaxe from buy