
[15:41:15] > ELITEAtlas added x1 §e§lCrab Scale in auction for 2000.
[15:41:30] > ELITEAtlas added x1 §9§lCrab Claw in auction for 20000.
[15:45:15] > TostyZura buy x4 §x§F§C§9§0§5§C§lE§x§E§6§9§C§6§B§lp§x§C§F§A§7§7§A§li§x§B§9§B§3§8§9§lc §x§8§C§C§B§A§7§lC§x§7§5§D§6§B§6§lr§x§5§F§E§2§C§5§la§x§7§9§D§4§B§4§lt§x§9§3§C§7§A§2§le §x§C§8§A§B§7§F§lK§x§E§2§9§E§6§E§le§x§F§C§9§0§5§C§ly to celinesanrio for $4 000.
[16:05:11] > TostyZura added x1 §x§F§F§5§5§0§0§lsᴇʟʟᴡᴀɴᴅ §6- 10.0x in auction for 200000.
[16:05:16] > Zenolite_ buy x1 §x§F§F§5§5§0§0§lsᴇʟʟᴡᴀɴᴅ §6- 10.0x to TostyZura for $200 000.
[16:11:46] > ELITEAtlas added x1 §x§F§0§7§A§5§4§lZombie Apocalyptic Bow in auction for 500000.
[16:13:26] > Yumi added x1 §eᴄᴏᴡ sᴘᴀᴡɴᴇʀ in auction for 25000.
[16:13:32] > celinesanrio buy x1 §eᴄᴏᴡ sᴘᴀᴡɴᴇʀ to Yumi for $25 000.
[16:14:48] > Zenolite_ added x1 §x§F§0§7§A§5§4§lZombie Apocalyptic Pickaxe in auction for 100000.
[16:15:17] > celinesanrio added x1 §x§F§F§3§E§0§0§lD§x§F§F§3§6§0§0§le§x§F§F§2§F§0§0§lm§x§F§F§2§7§0§0§lo§x§F§F§1§F§0§0§ln §x§F§F§1§0§0§0§lL§x§F§F§0§8§0§0§lo§x§F§F§0§0§0§0§lr§x§F§F§0§8§0§0§ld §x§F§F§1§7§0§0§lS§x§F§F§1§F§0§0§lh§x§F§F§2§7§0§0§lo§x§F§F§2§F§0§0§lv§x§F§F§3§6§0§0§le§x§F§F§3§E§0§0§ll in auction for 100000.
[16:15:23] > celinesanrio added x1 §x§F§F§3§E§0§0§lD§x§F§F§3§6§0§0§le§x§F§F§2§F§0§0§lm§x§F§F§2§7§0§0§lo§x§F§F§1§F§0§0§ln §x§F§F§1§0§0§0§lL§x§F§F§0§8§0§0§lo§x§F§F§0§0§0§0§lr§x§F§F§0§8§0§0§ld §x§F§F§1§7§0§0§lD§x§F§F§1§F§0§0§la§x§F§F§2§7§0§0§lg§x§F§F§2§F§0§0§lg§x§F§F§3§6§0§0§le§x§F§F§3§E§0§0§lr in auction for 100000.
[16:15:45] > celinesanrio buy x1 §x§F§0§7§A§5§4§lZombie Apocalyptic Bow to ELITEAtlas for $500 000.
[16:38:24] > celinesanrio added x1 §x§6§0§0§0§F§F§lɢᴏᴅʟʏ ɪᴛᴇᴍ in auction for 30000.
[16:38:36] > ZAFF buy x1 §x§6§0§0§0§F§F§lɢᴏᴅʟʏ ɪᴛᴇᴍ to celinesanrio for $30 000.
[16:45:22] > celinesanrio added x40 Coal block in auction for 7600.
[16:46:30] > grit_zy buy x40 Coal block to celinesanrio for $7 600.
[16:46:42] > grit_zy added x40 Coal block in auction for 7601.
[16:47:54] > TITIBOLS buy x40 Coal block to grit_zy for $7 601.
[16:50:44] > Seris00 added x1 §x§F§F§5§5§0§0§lsᴇʟʟᴡᴀɴᴅ §6- 5.0x in auction for 125000.
[16:50:50] > celinesanrio buy x1 §x§F§F§5§5§0§0§lsᴇʟʟᴡᴀɴᴅ §6- 5.0x to Seris00 for $125 000.
[16:51:12] > _mae buy x1 §x§F§F§3§E§0§0§lD§x§F§F§3§6§0§0§le§x§F§F§2§F§0§0§lm§x§F§F§2§7§0§0§lo§x§F§F§1§F§0§0§ln §x§F§F§1§0§0§0§lL§x§F§F§0§8§0§0§lo§x§F§F§0§0§0§0§lr§x§F§F§0§8§0§0§ld §x§F§F§1§7§0§0§lD§x§F§F§1§F§0§0§la§x§F§F§2§7§0§0§lg§x§F§F§2§F§0§0§lg§x§F§F§3§6§0§0§le§x§F§F§3§E§0§0§lr to celinesanrio for $100 000.
[16:51:56] > KnownasTravis remove x1 §eᴡɪᴛʜᴇʀ ꜱᴋᴇʟᴇᴛᴏɴ ꜱᴘᴀᴡɴᴇʀ form storage
[16:52:14] > KnownasTravis remove x1 §x§6§0§0§0§F§F§lɢᴏᴅʟʏ ɪᴛᴇᴍ from expire
[16:52:14] > KnownasTravis remove x1 §x§5§9§A§1§D§9§lA§x§6§E§A§D§D§Er§x§8§3§B§9§E§3c§x§9§7§C§4§E§7h§x§A§C§D§0§E§Ca§x§C§1§D§C§F§1n§x§D§6§E§8§F§6g§x§E§A§F§3§F§Ae§fl §x§D§0§E§4§F§4H§x§B§8§D§7§E§Fa§x§A§0§C§9§E§9m§x§8§8§B§C§E§4m§x§7§1§A§E§D§Ee§x§5§9§A§1§D§9r from expire
[16:52:15] > KnownasTravis remove x1 /pwarp go ENDVAULT for xp farm and pearls from expire
[16:54:47] > celinesanrio remove x1 §x§F§F§3§E§0§0§lD§x§F§F§3§6§0§0§le§x§F§F§2§F§0§0§lm§x§F§F§2§7§0§0§lo§x§F§F§1§F§0§0§ln §x§F§F§1§0§0§0§lL§x§F§F§0§8§0§0§lo§x§F§F§0§0§0§0§lr§x§F§F§0§8§0§0§ld §x§F§F§1§7§0§0§lS§x§F§F§1§F§0§0§lh§x§F§F§2§7§0§0§lo§x§F§F§2§F§0§0§lv§x§F§F§3§6§0§0§le§x§F§F§3§E§0§0§ll from storage
[16:54:51] > celinesanrio added x1 §x§F§F§3§E§0§0§lD§x§F§F§3§6§0§0§le§x§F§F§2§F§0§0§lm§x§F§F§2§7§0§0§lo§x§F§F§1§F§0§0§ln §x§F§F§1§0§0§0§lL§x§F§F§0§8§0§0§lo§x§F§F§0§0§0§0§lr§x§F§F§0§8§0§0§ld §x§F§F§1§7§0§0§lS§x§F§F§1§F§0§0§lh§x§F§F§2§7§0§0§lo§x§F§F§2§F§0§0§lv§x§F§F§3§6§0§0§le§x§F§F§3§E§0§0§ll in auction for 90000.
[16:54:53] > celinesanrio remove x1 ZA crate from storage
[16:54:58] > celinesanrio added x1 ZA crate in auction for 1750000.
[16:56:54] > celinesanrio remove x1 ZA crate from storage
[16:57:07] > celinesanrio added x1 Archangel Kit in auction for 300000.
[16:57:21] > PrezXie buy x1 Archangel Kit to celinesanrio for $300 000.
[16:57:37] > celinesanrio added x1 ZA crate in auction for 1500000.
[17:26:44] > x1 Enchanted book on sale by Zypher_0w0 has just expired, it goes in the inventory of expired items.
[17:29:22] > x1 Villager spawn egg on sale by Zen0969 has just expired, it goes in the inventory of expired items.
[17:46:08] > x1 §x§F§0§7§A§5§4§lZombie Apocalyptic Pistol on sale by ELITEAtlas has just expired, it goes in the inventory of expired items.
[18:12:14] > x1 §x§F§F§3§E§0§0§lD§x§F§F§3§6§0§0§le§x§F§F§2§F§0§0§lm§x§F§F§2§7§0§0§lo§x§F§F§1§F§0§0§ln §x§F§F§1§0§0§0§lL§x§F§F§0§8§0§0§lo§x§F§F§0§0§0§0§lr§x§F§F§0§8§0§0§ld §x§F§F§1§7§0§0§lS§x§F§F§1§F§0§0§lh§x§F§F§2§7§0§0§lo§x§F§F§2§F§0§0§lv§x§F§F§3§6§0§0§le§x§F§F§3§E§0§0§ll on sale by Kwienn has just expired, it goes in the inventory of expired items.
[18:13:24] > Yamihatdog added x4 Nether star in auction for 20000.
[18:15:32] > Zen0969 added x1 §x§F§C§9§0§5§C§lE§x§E§6§9§C§6§B§lp§x§C§F§A§7§7§A§li§x§B§9§B§3§8§9§lc §x§8§C§C§B§A§7§lC§x§7§5§D§6§B§6§lr§x§5§F§E§2§C§5§la§x§7§9§D§4§B§4§lt§x§9§3§C§7§A§2§le §x§C§8§A§B§7§F§lK§x§E§2§9§E§6§E§le§x§F§C§9§0§5§C§ly in auction for 10.
[18:15:39] > HPMR_GaMerz buy x1 §x§F§C§9§0§5§C§lE§x§E§6§9§C§6§B§lp§x§C§F§A§7§7§A§li§x§B§9§B§3§8§9§lc §x§8§C§C§B§A§7§lC§x§7§5§D§6§B§6§lr§x§5§F§E§2§C§5§la§x§7§9§D§4§B§4§lt§x§9§3§C§7§A§2§le §x§C§8§A§B§7§F§lK§x§E§2§9§E§6§E§le§x§F§C§9§0§5§C§ly to Zen0969 for $10.
[18:18:29] > Fenycra2010 added x1 §x§5§9§A§1§D§9§lA§x§6§E§A§D§D§Er§x§8§3§B§9§E§3c§x§9§7§C§4§E§7h§x§A§C§D§0§E§Ca§x§C§1§D§C§F§1n§x§D§6§E§8§F§6g§x§E§A§F§3§F§Ae§fl §x§D§0§E§4§F§4S§x§B§8§D§7§E§Fh§x§A§0§C§9§E§9i§x§8§8§B§C§E§4e§x§7§1§A§E§D§El§x§5§9§A§1§D§9d in auction for 100000.
[18:18:39] > _mae buy x1 §x§5§9§A§1§D§9§lA§x§6§E§A§D§D§Er§x§8§3§B§9§E§3c§x§9§7§C§4§E§7h§x§A§C§D§0§E§Ca§x§C§1§D§C§F§1n§x§D§6§E§8§F§6g§x§E§A§F§3§F§Ae§fl §x§D§0§E§4§F§4S§x§B§8§D§7§E§Fh§x§A§0§C§9§E§9i§x§8§8§B§C§E§4e§x§7§1§A§E§D§El§x§5§9§A§1§D§9d to Fenycra2010 for $100 000.
[18:24:17] > Raylii added x1 Chiseled tuff bricks in auction for 100.
[18:28:40] > ImSneqkyy buy x1 ZA crate to celinesanrio for $1 500 000.
[18:29:00] > ImSneqkyy added x1 ZA crate in auction for 1000000.
[18:29:29] > ImSneqkyy remove x1 ZA crate from storage
[18:29:41] > Fenycra2010 added x1 §x§5§C§C§F§F§C§lC§x§5§C§D§1§F§5§lo§x§5§D§D§4§E§E§ls§x§5§D§D§6§E§7§lm§x§5§E§D§9§E§1§le§x§5§E§D§B§D§A§lt§x§5§E§D§D§D§3§li§x§5§F§E§0§C§C§lc §x§5§F§E§0§C§C§lH§x§5§E§D§D§D§3§la§x§5§E§D§B§D§A§lt§x§5§E§D§9§E§1§ls §x§5§D§D§4§E§E§lK§x§5§C§D§1§F§5§le§x§5§C§C§F§F§C§ly in auction for 200000.
[18:29:44] > ImSneqkyy added x1 ZA crate in auction for 1500000.
[18:29:44] > Drpeckles added x1 §x§F§F§3§E§0§0§lD§x§F§F§3§5§0§0§le§x§F§F§2§C§0§0§lm§x§F§F§2§3§0§0§lo§x§F§F§1§B§0§0§ln §x§F§F§0§9§0§0§lL§x§F§F§0§0§0§0§lo§x§F§F§0§A§0§0§lr§x§F§F§1§5§0§0§ld §x§F§F§2§9§0§0§lB§x§F§F§3§4§0§0§lo§x§F§F§3§E§0§0§lw in auction for 100000.
[18:29:59] > HPMR_GaMerz buy x1 ZA crate to ImSneqkyy for $1 500 000.
[18:31:07] > Teshii added x1 §x§5§C§C§F§F§C§lC§x§5§C§D§1§F§5§lo§x§5§D§D§4§E§E§ls§x§5§D§D§6§E§7§lm§x§5§E§D§9§E§1§le§x§5§E§D§B§D§A§lt§x§5§E§D§D§D§3§li§x§5§F§E§0§C§C§lc §x§5§F§E§0§C§C§lH§x§5§E§D§D§D§3§la§x§5§E§D§B§D§A§lt§x§5§E§D§9§E§1§ls §x§5§D§D§4§E§E§lK§x§5§C§D§1§F§5§le§x§5§C§C§F§F§C§ly in auction for 150000.
[18:31:18] > _mae buy x1 §x§5§C§C§F§F§C§lC§x§5§C§D§1§F§5§lo§x§5§D§D§4§E§E§ls§x§5§D§D§6§E§7§lm§x§5§E§D§9§E§1§le§x§5§E§D§B§D§A§lt§x§5§E§D§D§D§3§li§x§5§F§E§0§C§C§lc §x§5§F§E§0§C§C§lH§x§5§E§D§D§D§3§la§x§5§E§D§B§D§A§lt§x§5§E§D§9§E§1§ls §x§5§D§D§4§E§E§lK§x§5§C§D§1§F§5§le§x§5§C§C§F§F§C§ly to Teshii for $150 000.
[18:31:23] > _mae buy x1 §x§5§C§C§F§F§C§lC§x§5§C§D§1§F§5§lo§x§5§D§D§4§E§E§ls§x§5§D§D§6§E§7§lm§x§5§E§D§9§E§1§le§x§5§E§D§B§D§A§lt§x§5§E§D§D§D§3§li§x§5§F§E§0§C§C§lc §x§5§F§E§0§C§C§lH§x§5§E§D§D§D§3§la§x§5§E§D§B§D§A§lt§x§5§E§D§9§E§1§ls §x§5§D§D§4§E§E§lK§x§5§C§D§1§F§5§le§x§5§C§C§F§F§C§ly to Fenycra2010 for $200 000.
[18:31:24] > CeeJaiye added x1 §esᴋᴇʟᴇᴛᴏɴ sᴘᴀᴡɴᴇʀ in auction for 300000.
[18:32:38] > Akirupie buy x1 §x§F§0§7§A§5§4§lZombie Apocalyptic Pickaxe to Zenolite_ for $100 000.
[18:34:01] > celinesanrio added x1 §x§F§0§7§A§5§4§lZombie Apocalyptic Key in auction for 450000.
[18:34:03] > CeeJaiye added x1 §x§F§F§3§E§0§0§lD§x§F§F§3§6§0§0§le§x§F§F§2§F§0§0§lm§x§F§F§2§7§0§0§lo§x§F§F§1§F§0§0§ln §x§F§F§1§0§0§0§lL§x§F§F§0§8§0§0§lo§x§F§F§0§0§0§0§lr§x§F§F§0§9§0§0§ld §x§F§F§1§B§0§0§lS§x§F§F§2§3§0§0§lt§x§F§F§2§C§0§0§la§x§F§F§3§5§0§0§lf§x§F§F§3§E§0§0§lf in auction for 200000.
[18:34:07] > celinesanrio added x1 §x§F§0§7§A§5§4§lZombie Apocalyptic Key in auction for 450000.
[18:34:42] > CeeJaiye remove x1 §x§F§F§3§E§0§0§lD§x§F§F§3§6§0§0§le§x§F§F§2§F§0§0§lm§x§F§F§2§7§0§0§lo§x§F§F§1§F§0§0§ln §x§F§F§1§0§0§0§lL§x§F§F§0§8§0§0§lo§x§F§F§0§0§0§0§lr§x§F§F§0§9§0§0§ld §x§F§F§1§B§0§0§lS§x§F§F§2§3§0§0§lt§x§F§F§2§C§0§0§la§x§F§F§3§5§0§0§lf§x§F§F§3§E§0§0§lf from storage
[18:34:53] > CeeJaiye added x1 §x§F§F§3§E§0§0§lD§x§F§F§3§6§0§0§le§x§F§F§2§F§0§0§lm§x§F§F§2§7§0§0§lo§x§F§F§1§F§0§0§ln §x§F§F§1§0§0§0§lL§x§F§F§0§8§0§0§lo§x§F§F§0§0§0§0§lr§x§F§F§0§9§0§0§ld §x§F§F§1§B§0§0§lS§x§F§F§2§3§0§0§lt§x§F§F§2§C§0§0§la§x§F§F§3§5§0§0§lf§x§F§F§3§E§0§0§lf in auction for 200000.
[18:35:48] > CeeJaiye remove x1 §x§F§F§3§E§0§0§lD§x§F§F§3§6§0§0§le§x§F§F§2§F§0§0§lm§x§F§F§2§7§0§0§lo§x§F§F§1§F§0§0§ln §x§F§F§1§0§0§0§lL§x§F§F§0§8§0§0§lo§x§F§F§0§0§0§0§lr§x§F§F§0§9§0§0§ld §x§F§F§1§B§0§0§lS§x§F§F§2§3§0§0§lt§x§F§F§2§C§0§0§la§x§F§F§3§5§0§0§lf§x§F§F§3§E§0§0§lf from storage
[18:35:48] > CeeJaiye remove x1 §x§F§F§3§E§0§0§lD§x§F§F§3§5§0§0§le§x§F§F§2§C§0§0§lm§x§F§F§2§3§0§0§lo§x§F§F§1§B§0§0§ln §x§F§F§0§9§0§0§lL§x§F§F§0§0§0§0§lo§x§F§F§0§A§0§0§lr§x§F§F§1§5§0§0§ld §x§F§F§2§9§0§0§lB§x§F§F§3§4§0§0§lo§x§F§F§3§E§0§0§lw from storage
[18:36:04] > CeeJaiye remove x1 §x§F§0§7§A§5§4§lZombie Apocalyptic Halberd from storage
[18:37:05] > CeeJaiye added x1 §x§F§0§7§A§5§4§lZombie Apocalyptic Halberd in auction for 150000.
[18:37:14] > celinesanrio remove x1 §x§F§0§7§A§5§4§lZombie Apocalyptic Key from storage
[18:37:20] > celinesanrio added x1 §x§F§0§7§A§5§4§lZombie Apocalyptic Key in auction for 200000.
[18:37:23] > celinesanrio remove x1 §x§F§0§7§A§5§4§lZombie Apocalyptic Key from storage
[18:37:25] > celinesanrio added x1 §x§F§0§7§A§5§4§lZombie Apocalyptic Key in auction for 200000.
[18:38:05] > Fenycra2010 buy x1 §x§F§0§7§A§5§4§lZombie Apocalyptic Key to celinesanrio for $200 000.
[18:38:49] > Fenycra2010 added x1 §x§F§0§7§A§5§4§lZombie Apocalyptic Baseballbat in auction for 300000.
[18:39:02] > ImSneqkyy buy x1 §x§F§0§7§A§5§4§lZombie Apocalyptic Baseballbat to Fenycra2010 for $300 000.
[18:55:00] > Fenycra2010 added x1 §x§F§F§5§5§0§0§lsᴇʟʟᴡᴀɴᴅ §6- 20.0x in auction for 400000.
[18:55:05] > Teshii buy x1 §x§F§F§5§5§0§0§lsᴇʟʟᴡᴀɴᴅ §6- 20.0x to Fenycra2010 for $400 000.
[18:56:20] > grit_zy buy x3 Wither skeleton skull to Zypher_0w0 for $50 000.
[18:56:31] > Akirupie added x1 §x§F§F§5§5§0§0§lsᴇʟʟᴡᴀɴᴅ §6- 5.0x in auction for 400000.
[18:56:35] > Teshii buy x1 §x§F§F§5§5§0§0§lsᴇʟʟᴡᴀɴᴅ §6- 5.0x to Akirupie for $400 000.
[18:56:55] > Zypher_0w0 added x1 §x§F§F§3§E§0§0§lD§x§F§F§3§7§0§0§le§x§F§F§3§0§0§0§lm§x§F§F§2§9§0§0§lo§x§F§F§2§2§0§0§ln §x§F§F§1§5§0§0§lL§x§F§F§0§E§0§0§lo§x§F§F§0§7§0§0§lr§x§F§F§0§0§0§0§ld §x§F§F§0§E§0§0§lL§x§F§F§1§5§0§0§le§x§F§F§1§C§0§0§lg§x§F§F§2§2§0§0§lg§x§F§F§2§9§0§0§li§x§F§F§3§0§0§0§ln§x§F§F§3§7§0§0§lg§x§F§F§3§E§0§0§ls in auction for 800000.
[18:59:45] > Akirupie added x1 §x§F§F§5§5§0§0§lsᴇʟʟᴡᴀɴᴅ §6- 5.0x in auction for 200000.
[18:59:49] > Teshii buy x1 §x§F§F§5§5§0§0§lsᴇʟʟᴡᴀɴᴅ §6- 5.0x to Akirupie for $200 000.
[19:01:44] > Ilovewaifus added x1 §x§F§F§5§5§0§0§lsᴇʟʟᴡᴀɴᴅ §6- 10.0x in auction for 150000.
[19:01:47] > Kyslee buy x1 §x§F§F§5§5§0§0§lsᴇʟʟᴡᴀɴᴅ §6- 10.0x to Ilovewaifus for $150 000.
[19:03:50] > Ilovewaifus added x1 §x§F§F§5§5§0§0§lsᴇʟʟᴡᴀɴᴅ §6- 5.0x in auction for 200000.
[19:03:54] > Teshii buy x1 §x§F§F§5§5§0§0§lsᴇʟʟᴡᴀɴᴅ §6- 5.0x to Ilovewaifus for $200 000.
[19:07:16] > Ilovewaifus added x1 §eᴄʀᴇᴇᴘᴇʀ sᴘᴀᴡɴᴇʀ in auction for 20000.
[19:07:19] > Kyslee buy x1 §eᴄʀᴇᴇᴘᴇʀ sᴘᴀᴡɴᴇʀ to Ilovewaifus for $20 000.
[19:07:27] > Ilovewaifus added x1 §eᴢᴏᴍʙɪᴇ sᴘᴀᴡɴᴇʀ in auction for 20000.
[19:07:31] > grit_zy buy x1 §eᴢᴏᴍʙɪᴇ sᴘᴀᴡɴᴇʀ to Ilovewaifus for $20 000.
[19:07:48] > Ilovewaifus added x1 §esʜᴇᴇᴘ sᴘᴀᴡɴᴇʀ in auction for 10000.
[19:07:51] > Kyslee buy x1 §esʜᴇᴇᴘ sᴘᴀᴡɴᴇʀ to Ilovewaifus for $10 000.
[19:12:43] > Ilovewaifus buy x1 §x§F§F§3§E§0§0§lD§x§F§F§3§5§0§0§le§x§F§F§2§C§0§0§lm§x§F§F§2§3§0§0§lo§x§F§F§1§B§0§0§ln §x§F§F§0§9§0§0§lL§x§F§F§0§0§0§0§lo§x§F§F§0§A§0§0§lr§x§F§F§1§5§0§0§ld §x§F§F§2§9§0§0§lB§x§F§F§3§4§0§0§lo§x§F§F§3§E§0§0§lw to Drpeckles for $100 000.
[19:14:44] > celinesanrio remove x1 §x§F§F§3§E§0§0§lD§x§F§F§3§6§0§0§le§x§F§F§2§F§0§0§lm§x§F§F§2§7§0§0§lo§x§F§F§1§F§0§0§ln §x§F§F§1§0§0§0§lL§x§F§F§0§8§0§0§lo§x§F§F§0§0§0§0§lr§x§F§F§0§8§0§0§ld §x§F§F§1§7§0§0§lS§x§F§F§1§F§0§0§lh§x§F§F§2§7§0§0§lo§x§F§F§2§F§0§0§lv§x§F§F§3§6§0§0§le§x§F§F§3§E§0§0§ll from storage
[19:14:49] > celinesanrio added x1 §x§F§F§3§E§0§0§lD§x§F§F§3§6§0§0§le§x§F§F§2§F§0§0§lm§x§F§F§2§7§0§0§lo§x§F§F§1§F§0§0§ln §x§F§F§1§0§0§0§lL§x§F§F§0§8§0§0§lo§x§F§F§0§0§0§0§lr§x§F§F§0§8§0§0§ld §x§F§F§1§7§0§0§lS§x§F§F§1§F§0§0§lh§x§F§F§2§7§0§0§lo§x§F§F§2§F§0§0§lv§x§F§F§3§6§0§0§le§x§F§F§3§E§0§0§ll in auction for 150000.
[19:15:45] > Yamihatdog buy x1 §x§F§F§3§E§0§0§lD§x§F§F§3§6§0§0§le§x§F§F§2§F§0§0§lm§x§F§F§2§7§0§0§lo§x§F§F§1§F§0§0§ln §x§F§F§1§0§0§0§lL§x§F§F§0§8§0§0§lo§x§F§F§0§0§0§0§lr§x§F§F§0§8§0§0§ld §x§F§F§1§7§0§0§lS§x§F§F§1§F§0§0§lh§x§F§F§2§7§0§0§lo§x§F§F§2§F§0§0§lv§x§F§F§3§6§0§0§le§x§F§F§3§E§0§0§ll to celinesanrio for $150 000.
[19:16:02] > Teshii buy x1 §x§F§F§3§E§0§0§lD§x§F§F§3§7§0§0§le§x§F§F§3§0§0§0§lm§x§F§F§2§9§0§0§lo§x§F§F§2§2§0§0§ln §x§F§F§1§5§0§0§lL§x§F§F§0§E§0§0§lo§x§F§F§0§7§0§0§lr§x§F§F§0§0§0§0§ld §x§F§F§0§E§0§0§lL§x§F§F§1§5§0§0§le§x§F§F§1§C§0§0§lg§x§F§F§2§2§0§0§lg§x§F§F§2§9§0§0§li§x§F§F§3§0§0§0§ln§x§F§F§3§7§0§0§lg§x§F§F§3§E§0§0§ls to Zypher_0w0 for $800 000.
[19:18:26] > Akirupie added x1 §eʙʟᴀᴢᴇ sᴘᴀᴡɴᴇʀ in auction for 1500000.
[19:24:38] > Akirupie remove x1 §eʙʟᴀᴢᴇ sᴘᴀᴡɴᴇʀ from storage
[19:24:58] > celinesanrio buy x1 Gun ......... pew pew to Zypher_0w0 for $150 000.
[19:27:54] > Zypher_0w0 added x1 Enchanted book in auction for 2000.
[19:28:01] > PrezXie buy x1 Enchanted book to Zypher_0w0 for $2 000.
[19:28:15] > Zypher_0w0 added x1 Enchanted book in auction for 2000.
[19:28:21] > mauserdart buy x1 Enchanted book to Zypher_0w0 for $2 000.
[19:28:25] > Zypher_0w0 added x1 Enchanted book in auction for 2000.
[19:28:28] > Teshii buy x1 Enchanted book to Zypher_0w0 for $2 000.
[19:29:26] > leafsmh added x36 Tnt in auction for 3000.
[19:29:29] > Zypher_0w0 added x1 Enchanted book in auction for 2000.
[19:29:33] > Teshii buy x1 Enchanted book to Zypher_0w0 for $2 000.
[19:29:36] > Zypher_0w0 added x1 Enchanted book in auction for 2000.
[19:29:56] > namerikangel buy x36 Tnt to leafsmh for $3 000.
[19:30:00] > Zypher_0w0 added x1 Enchanted book in auction for 2000.
[19:30:10] > Akirupie buy x1 Enchanted book to Zypher_0w0 for $2 000.
[19:31:21] > Zypher_0w0 added x64 Arrow in auction for 256.
[19:31:30] > Ilovewaifus buy x64 Arrow to Zypher_0w0 for $256.
[19:33:49] > Rain_Reinn added x2 Oak stairs in auction for 10000000.
[19:34:02] > Rain_Reinn remove x2 Oak stairs from storage
[19:34:18] > leafsmh added x64 Tnt in auction for 5400.
[19:34:23] > celinesanrio buy x64 Tnt to leafsmh for $5 400.
[19:34:29] > leafsmh added x64 Tnt in auction for 5400.
[19:37:11] > Zypher_0w0 added x64 Glowstone in auction for 640.
[19:37:38] > Ilovewaifus remove x2 Nether star from storage
[19:38:40] > Ilovewaifus remove x2 Nether star from expire
[19:39:53] > KindlyBoat21492 buy x1 §7Cemetery Hat to Khanetucky for $30 000.
[19:53:06] > Akirupie buy x4 Nether star to Yamihatdog for $20 000.
[20:09:18] > Akirupie buy x64 Tnt to leafsmh for $5 400.
[20:10:05] > Zypher_0w0 added x1 Enchanted book in auction for 400000.
[20:10:12] > Zypher_0w0 added x1 Enchanted book in auction for 400000.
[20:10:14] > _mae added x1 §x§F§F§3§E§0§0§lD§x§F§F§3§6§0§0§le§x§F§F§2§F§0§0§lm§x§F§F§2§7§0§0§lo§x§F§F§1§F§0§0§ln §x§F§F§1§0§0§0§lL§x§F§F§0§8§0§0§lo§x§F§F§0§0§0§0§lr§x§F§F§0§9§0§0§ld §x§F§F§1§B§0§0§lS§x§F§F§2§3§0§0§lp§x§F§F§2§C§0§0§le§x§F§F§3§5§0§0§la§x§F§F§3§E§0§0§lr in auction for 500000.
[20:11:48] > Zypher_0w0 added x64 Wind charge in auction for 20000.
[20:11:56] > Zypher_0w0 added x64 Wind charge in auction for 20000.
[20:12:14] > x1 §x§6§0§0§0§F§F§lɢᴏᴅʟʏ ɪᴛᴇᴍ, item of pulser13, has just expired, the item is definitively deleted.
[20:12:17] > Zypher_0w0 remove x1 Enchanted book from expire
[20:12:24] > Zypher_0w0 added x1 Enchanted book in auction for 500000.
[20:36:58] > leafsmh remove x1 Visit1WillowShoppls form storage
[20:37:27] > leafsmh added x1 Visit1WillowShoppls in auction for 100000000.
[20:40:20] > leafsmh added x64 Tnt in auction for 5450.
[20:40:34] > leafsmh added x64 Tnt in auction for 5450.
[20:41:03] > DNLGGY buy x1 Beacon to Bestofphilipine for $10 000.
[20:54:44] > leafsmh added x64 Tnt in auction for 5450.
[20:57:39] > Zypher_0w0 remove x64 Wind charge from storage
[21:10:26] > x1 §x§5§9§A§1§D§9§lA§x§7§5§B§1§D§Fr§x§9§0§C§0§E§6c§x§A§C§D§0§E§Ch§x§C§8§E§0§F§2a§x§E§3§E§F§F§9n§fg§x§E§3§E§F§F§9e§x§C§8§E§0§F§2l §x§9§0§C§0§E§6H§x§7§5§B§1§D§Fo§x§5§9§A§1§D§9e on sale by azi has just expired, it goes in the inventory of expired items.
[21:10:26] > x1 §x§5§9§A§1§D§9§lA§x§7§5§B§1§D§Fr§x§9§0§C§0§E§6c§x§A§C§D§0§E§Ch§x§C§8§E§0§F§2a§x§E§3§E§F§F§9n§fg§x§E§3§E§F§F§9e§x§C§8§E§0§F§2l §x§9§0§C§0§E§6H§x§7§5§B§1§D§Fo§x§5§9§A§1§D§9e on sale by azi has just expired, it goes in the inventory of expired items.
[21:10:26] > x1 §fShogun Staff on sale by Fenycra2010 has just expired, it goes in the inventory of expired items.
[21:28:44] > ZAFF buy x1 §esᴋᴇʟᴇᴛᴏɴ sᴘᴀᴡɴᴇʀ to CeeJaiye for $300 000.
[21:30:59] > Kwienn added x1 §x§6§0§0§0§F§F§lɢᴏᴅʟʏ ɪᴛᴇᴍ in auction for 200000.
[21:38:44] > PrezXie buy x1 §x§6§0§0§0§F§F§lɢᴏᴅʟʏ ɪᴛᴇᴍ to Kwienn for $200 000.
[21:40:28] > Kwienn added x1 §eɪʀᴏɴ ɢᴏʟᴇᴍ sᴘᴀᴡɴᴇʀ in auction for 600000.
[21:40:44] > Kwienn added x1 §esᴋᴇʟᴇᴛᴏɴ sᴘᴀᴡɴᴇʀ in auction for 300000.
[21:41:56] > Kwienn added x1 §x§F§F§3§E§0§0§lD§x§F§F§3§5§0§0§le§x§F§F§2§C§0§0§lm§x§F§F§2§3§0§0§lo§x§F§F§1§B§0§0§ln §x§F§F§0§9§0§0§lL§x§F§F§0§0§0§0§lo§x§F§F§0§A§0§0§lr§x§F§F§1§5§0§0§ld §x§F§F§2§9§0§0§lB§x§F§F§3§4§0§0§lo§x§F§F§3§E§0§0§lw in auction for 500000.
[22:32:44] > Zenolite_ added x1 §x§F§0§7§A§5§4§lZombie Apocalyptic Pickaxe in auction for 100000.
[22:34:22] > Truk_Harbos added x64 Stone in auction for 200.
[22:34:37] > Truk_Harbos added x64 Stone in auction for 200.
[22:37:02] > Truk_Harbos added x64 Stone in auction for 200.
[22:38:33] > Truk_Harbos added x64 Stone in auction for 200.
[22:39:49] > Truk_Harbos added x61 Stone in auction for 200.
[22:42:19] > x1 §x§5§C§C§F§F§C§lC§x§5§C§D§1§F§5§lo§x§5§D§D§4§E§E§ls§x§5§D§D§6§E§7§lm§x§5§E§D§9§E§1§le§x§5§E§D§B§D§A§lt§x§5§E§D§D§D§3§li§x§5§F§E§0§C§C§lc §x§5§F§E§0§C§C§lH§x§5§E§D§D§D§3§la§x§5§E§D§B§D§A§lt§x§5§E§D§9§E§1§ls §x§5§D§D§4§E§E§lK§x§5§C§D§1§F§5§le§x§5§C§C§F§F§C§ly, item of Snelle_Chelle, has just expired, the item is definitively deleted.
[22:42:19] > x1 §x§F§F§0§0§0§0§lS§x§F§F§1§3§0§0§lh§x§F§F§2§6§0§0§lo§x§F§F§3§9§0§0§lg§x§F§F§4§D§0§0§lu§x§F§F§6§0§0§0§ln §x§F§F§8§6§0§0§lF§x§F§F§7§3§0§0§lr§x§F§F§6§0§0§0§la§x§F§F§4§D§0§0§lg§x§F§F§3§9§0§0§lm§x§F§F§2§6§0§0§le§x§F§F§1§3§0§0§ln§x§F§F§0§0§0§0§lt, item of Snelle_Chelle, has just expired, the item is definitively deleted.
[23:20:05] > .PRIMUS7116 added x1 §6§lSeabass in auction for 100.
[23:46:56] > celinesanrio added x1 §x§F§F§3§E§0§0§lD§x§F§F§3§7§0§0§le§x§F§F§3§0§0§0§lm§x§F§F§2§9§0§0§lo§x§F§F§2§2§0§0§ln §x§F§F§1§5§0§0§lL§x§F§F§0§E§0§0§lo§x§F§F§0§7§0§0§lr§x§F§F§0§0§0§0§ld §x§F§F§0§E§0§0§lF§x§F§F§1§5§0§0§lr§x§F§F§1§C§0§0§la§x§F§F§2§2§0§0§lg§x§F§F§2§9§0§0§lm§x§F§F§3§0§0§0§le§x§F§F§3§7§0§0§ln§x§F§F§3§E§0§0§lt in auction for 200000.
[23:58:09] > HPMR_GaMerz added x1 Shulker box in auction for 100000000000.
[00:00:12] > HPMR_GaMerz remove x1 Shulker box from storage
[00:00:16] > HPMR_GaMerz remove x1 Shulker box from expire
[00:02:40] > Akirupie remove x1 §eʙʟᴀᴢᴇ sᴘᴀᴡɴᴇʀ from expire
[00:02:51] > HPMR_GaMerz added x1 §eɪʀᴏɴ ɢᴏʟᴇᴍ sᴘᴀᴡɴᴇʀ in auction for 500000.
[00:05:38] > Zypher_0w0 added x1 some TNT? in auction for 150000.
[00:05:44] > Zypher_0w0 added x1 Pew Pew in auction for 150000.
[00:27:46] > Zypher_0w0 remove x64 Wind charge from storage
[00:27:55] > celinesanrio added x64 Breeze rod in auction for 64000.
[00:28:01] > HPMR_GaMerz buy x64 Breeze rod to celinesanrio for $64 000.
[00:37:34] > Zypher_0w0 added x1 Silence armor trim smithing template in auction for 10000.
[00:37:42] > Teshii buy x1 Silence armor trim smithing template to Zypher_0w0 for $10 000.
[00:37:59] > Zypher_0w0 added x1 Silence armor trim smithing template in auction for 10000.
[00:38:03] > azi buy x1 Silence armor trim smithing template to Zypher_0w0 for $10 000.
[00:41:33] > Zypher_0w0 added x1 §x§F§F§3§E§0§0§lD§x§F§F§3§7§0§0§le§x§F§F§3§0§0§0§lm§x§F§F§2§9§0§0§lo§x§F§F§2§2§0§0§ln §x§F§F§1§5§0§0§lL§x§F§F§0§E§0§0§lo§x§F§F§0§7§0§0§lr§x§F§F§0§0§0§0§ld §x§F§F§0§E§0§0§lL§x§F§F§1§5§0§0§le§x§F§F§1§C§0§0§lg§x§F§F§2§2§0§0§lg§x§F§F§2§9§0§0§li§x§F§F§3§0§0§0§ln§x§F§F§3§7§0§0§lg§x§F§F§3§E§0§0§ls in auction for 800000.
[00:52:24] > Abbadex buy x1 §x§F§F§3§E§0§0§lD§x§F§F§3§7§0§0§le§x§F§F§3§0§0§0§lm§x§F§F§2§9§0§0§lo§x§F§F§2§2§0§0§ln §x§F§F§1§5§0§0§lL§x§F§F§0§E§0§0§lo§x§F§F§0§7§0§0§lr§x§F§F§0§0§0§0§ld §x§F§F§0§E§0§0§lF§x§F§F§1§5§0§0§lr§x§F§F§1§C§0§0§la§x§F§F§2§2§0§0§lg§x§F§F§2§9§0§0§lm§x§F§F§3§0§0§0§le§x§F§F§3§7§0§0§ln§x§F§F§3§E§0§0§lt to celinesanrio for $200 000.
[00:52:31] > Zee_ added x1 §x§F§0§7§A§5§4§lZombie Apocalyptic Wing in auction for 1000000.
[01:00:03] > Zee_ remove x1 §x§F§0§7§A§5§4§lZombie Apocalyptic Wing from storage
[01:02:41] > Zee_ added x1 §x§F§0§7§A§5§4§lZombie Apocalyptic Wing in auction for 1100000.
[01:02:46] > HPMR_GaMerz buy x1 §x§F§0§7§A§5§4§lZombie Apocalyptic Wing to Zee_ for $1 100 000.
[01:09:40] > Zee_ added x1 §x§F§F§3§E§0§0§lD§x§F§F§3§7§0§0§le§x§F§F§3§0§0§0§lm§x§F§F§2§9§0§0§lo§x§F§F§2§2§0§0§ln §x§F§F§1§5§0§0§lL§x§F§F§0§E§0§0§lo§x§F§F§0§7§0§0§lr§x§F§F§0§0§0§0§ld §x§F§F§0§E§0§0§lF§x§F§F§1§5§0§0§lr§x§F§F§1§C§0§0§la§x§F§F§2§2§0§0§lg§x§F§F§2§9§0§0§lm§x§F§F§3§0§0§0§le§x§F§F§3§7§0§0§ln§x§F§F§3§E§0§0§lt in auction for 200000.
[01:09:45] > Teshii buy x1 §x§F§F§3§E§0§0§lD§x§F§F§3§7§0§0§le§x§F§F§3§0§0§0§lm§x§F§F§2§9§0§0§lo§x§F§F§2§2§0§0§ln §x§F§F§1§5§0§0§lL§x§F§F§0§E§0§0§lo§x§F§F§0§7§0§0§lr§x§F§F§0§0§0§0§ld §x§F§F§0§E§0§0§lF§x§F§F§1§5§0§0§lr§x§F§F§1§C§0§0§la§x§F§F§2§2§0§0§lg§x§F§F§2§9§0§0§lm§x§F§F§3§0§0§0§le§x§F§F§3§7§0§0§ln§x§F§F§3§E§0§0§lt to Zee_ for $200 000.
[01:09:48] > HPMR_GaMerz buy x64 Tnt to leafsmh for $5 450.
[01:09:52] > HPMR_GaMerz buy x64 Tnt to leafsmh for $5 450.
[01:09:56] > HPMR_GaMerz buy x64 Tnt to leafsmh for $5 450.
[01:10:58] > HPMR_GaMerz buy x1 §x§F§0§7§A§5§4§lZombie Apocalyptic Key to celinesanrio for $200 000.
[01:11:48] > Zypher_0w0 buy x1 §eᴡɪᴛʜᴇʀ ꜱᴋᴇʟᴇᴛᴏɴ ꜱᴘᴀᴡɴᴇʀ to CeeJaiye for $400 000.
[01:11:56] > Zypher_0w0 buy x1 §esᴋᴇʟᴇᴛᴏɴ sᴘᴀᴡɴᴇʀ to Kwienn for $300 000.
[01:14:00] > Zypher_0w0 buy x1 §eɪʀᴏɴ ɢᴏʟᴇᴍ sᴘᴀᴡɴᴇʀ to HPMR_GaMerz for $500 000.
[01:38:14] > DNLGGY buy x1 §x§F§0§7§A§5§4§lZombie Apocalyptic Pickaxe to Zenolite_ for $100 000.
[01:39:28] > Ilovewaifus added x1 §x§F§F§3§E§0§0§lD§x§F§F§3§7§0§0§le§x§F§F§3§0§0§0§lm§x§F§F§2§9§0§0§lo§x§F§F§2§2§0§0§ln §x§F§F§1§5§0§0§lL§x§F§F§0§E§0§0§lo§x§F§F§0§7§0§0§lr§x§F§F§0§0§0§0§ld §x§F§F§0§E§0§0§lL§x§F§F§1§5§0§0§le§x§F§F§1§C§0§0§lg§x§F§F§2§2§0§0§lg§x§F§F§2§9§0§0§li§x§F§F§3§0§0§0§ln§x§F§F§3§7§0§0§lg§x§F§F§3§E§0§0§ls in auction for 200000.
[02:11:54] > Teshii added x1 §eʙʟᴀᴢᴇ sᴘᴀᴡɴᴇʀ in auction for 1000000.
[02:12:12] > Teshii added x1 §eᴡᴀʀᴅᴇɴ ꜱᴘᴀᴡɴᴇʀ in auction for 500000.
[02:12:21] > Teshii added x1 §esʜᴇᴇᴘ sᴘᴀᴡɴᴇʀ in auction for 200000.
[02:12:27] > Teshii added x1 §eᴄʜɪᴄᴋᴇɴ sᴘᴀᴡɴᴇʀ in auction for 200000.
[02:34:45] > celinesanrio added x1 Vape in auction for 500.
[02:34:49] > Nyxie buy x1 Vape to celinesanrio for $500.
[02:35:38] > celinesanrio added x1 Vape in auction for 500.
[02:35:43] > celinesanrio added x1 Vape in auction for 500.
[02:35:44] > azi buy x1 Vape to celinesanrio for $500.
[02:35:52] > grit_zy buy x1 Vape to celinesanrio for $500.
[02:35:57] > celinesanrio added x1 Vape in auction for 500.
[02:36:30] > Nyxie buy x1 Vape to celinesanrio for $500.
[02:37:16] > celinesanrio added x1 Elack Blite V2 in auction for 850.
[02:37:20] > HPMR_GaMerz buy x1 Elack Blite V2 to celinesanrio for $850.
[02:37:22] > celinesanrio added x1 Elack Blite V2 in auction for 850.
[02:37:25] > Nyxie buy x1 Elack Blite V2 to celinesanrio for $850.
[02:37:30] > celinesanrio added x1 Elack Blite V2 in auction for 850.
[02:37:32] > grit_zy buy x1 Elack Blite V2 to celinesanrio for $850.
[02:37:35] > celinesanrio added x1 Elack Blite V2 in auction for 850.
[02:37:38] > HPMR_GaMerz buy x1 Elack Blite V2 to celinesanrio for $850.
[02:40:58] > celinesanrio added x1 §x§F§F§3§E§0§0§lD§x§F§F§3§7§0§0§le§x§F§F§3§0§0§0§lm§x§F§F§2§9§0§0§lo§x§F§F§2§2§0§0§ln §x§F§F§1§5§0§0§lL§x§F§F§0§E§0§0§lo§x§F§F§0§7§0§0§lr§x§F§F§0§0§0§0§ld §x§F§F§0§E§0§0§lF§x§F§F§1§5§0§0§lr§x§F§F§1§C§0§0§la§x§F§F§2§2§0§0§lg§x§F§F§2§9§0§0§lm§x§F§F§3§0§0§0§le§x§F§F§3§7§0§0§ln§x§F§F§3§E§0§0§lt in auction for 200000.
[02:41:03] > celinesanrio added x1 §x§F§F§3§E§0§0§lD§x§F§F§3§7§0§0§le§x§F§F§3§0§0§0§lm§x§F§F§2§9§0§0§lo§x§F§F§2§2§0§0§ln §x§F§F§1§5§0§0§lL§x§F§F§0§E§0§0§lo§x§F§F§0§7§0§0§lr§x§F§F§0§0§0§0§ld §x§F§F§0§E§0§0§lF§x§F§F§1§5§0§0§lr§x§F§F§1§C§0§0§la§x§F§F§2§2§0§0§lg§x§F§F§2§9§0§0§lm§x§F§F§3§0§0§0§le§x§F§F§3§7§0§0§ln§x§F§F§3§E§0§0§lt in auction for 200000.
[04:14:21] > Abbadex buy x1 §x§F§F§3§E§0§0§lD§x§F§F§3§7§0§0§le§x§F§F§3§0§0§0§lm§x§F§F§2§9§0§0§lo§x§F§F§2§2§0§0§ln §x§F§F§1§5§0§0§lL§x§F§F§0§E§0§0§lo§x§F§F§0§7§0§0§lr§x§F§F§0§0§0§0§ld §x§F§F§0§E§0§0§lF§x§F§F§1§5§0§0§lr§x§F§F§1§C§0§0§la§x§F§F§2§2§0§0§lg§x§F§F§2§9§0§0§lm§x§F§F§3§0§0§0§le§x§F§F§3§7§0§0§ln§x§F§F§3§E§0§0§lt to celinesanrio for $200 000.
[04:14:34] > Abbadex buy x1 §x§F§F§3§E§0§0§lD§x§F§F§3§7§0§0§le§x§F§F§3§0§0§0§lm§x§F§F§2§9§0§0§lo§x§F§F§2§2§0§0§ln §x§F§F§1§5§0§0§lL§x§F§F§0§E§0§0§lo§x§F§F§0§7§0§0§lr§x§F§F§0§0§0§0§ld §x§F§F§0§E§0§0§lF§x§F§F§1§5§0§0§lr§x§F§F§1§C§0§0§la§x§F§F§2§2§0§0§lg§x§F§F§2§9§0§0§lm§x§F§F§3§0§0§0§le§x§F§F§3§7§0§0§ln§x§F§F§3§E§0§0§lt to celinesanrio for $200 000.
[09:19:20] > x1 /pwarp go Pastries for cheap foods <3 on sale by Kwienn has just expired, it goes in the inventory of expired items.
[10:41:34] > x1 Dye in /Pwarp go Pastries on sale by Kwienn has just expired, it goes in the inventory of expired items.
[10:41:34] > x1 §fShogun Hoe on sale by ELITEAtlas has just expired, it goes in the inventory of expired items.
[10:41:34] > x1 §fShogun Crossbow on sale by ELITEAtlas has just expired, it goes in the inventory of expired items.
[11:26:53] > subscrownic added x64 Blue ice in auction for 1000.
[11:46:57] > Fenycra2010 buy x1 §eᴡᴀʀᴅᴇɴ ꜱᴘᴀᴡɴᴇʀ to Teshii for $500 000.
[12:10:29] > Fenycra2010 buy x1 §x§F§0§7§A§5§4§lZombie Apocalyptic Halberd to CeeJaiye for $150 000.
[12:40:34] > Zypher_0w0 remove x1 /pwarp go TotemTrade (3k per totem) from storage
[12:40:42] > Zypher_0w0 added x1 /pwarp go TotemTrade (3k per totem) in auction for 1000000000.
[12:41:20] > celinesanrio added x1 §x§F§F§5§5§0§0§lsᴇʟʟᴡᴀɴᴅ §6- 10.0x in auction for 2000000.
[12:56:34] > Bestofphilipine added x3 Beacon in auction for 50000.
[12:57:47] > Akirupie added x1 §eʙʟᴀᴢᴇ sᴘᴀᴡɴᴇʀ in auction for 1000000.
[13:12:32] > Zenolite_ buy x64 Stone to Truk_Harbos for $200.
[13:12:35] > Zenolite_ buy x64 Stone to Truk_Harbos for $200.
[13:12:37] > Zenolite_ buy x64 Stone to Truk_Harbos for $200.
[13:12:40] > Zenolite_ buy x64 Stone to Truk_Harbos for $200.
[13:12:42] > Zenolite_ buy x61 Stone to Truk_Harbos for $200.
[13:23:55] > Zenolite_ added x1 Cactus Farm Starter Kit in auction for 5000.
[13:24:03] > Zenolite_ added x1 Cactus Farm Starter Kit in auction for 5000.
[13:24:08] > PrezXie buy x1 Cactus Farm Starter Kit to Zenolite_ for $5 000.
[13:24:33] > subscrownic buy x1 Cactus Farm Starter Kit to Zenolite_ for $5 000.
[13:24:46] > PrezXie remove x1 Cactus Farm Starter Kit from buy
[13:32:08] > Zenolite_ added x1 Cactus Farm Starter Kit in auction for 5000.
[13:32:17] > Zenolite_ added x1 Cactus Farm Starter Kit in auction for 5000.
[13:32:24] > Zenolite_ added x1 Cactus Farm Starter Kit in auction for 5000.
[13:32:56] > Zenolite_ remove x1 Cactus Farm Starter Kit from storage
[13:32:58] > Zenolite_ remove x1 Cactus Farm Starter Kit from storage
[13:32:58] > Zenolite_ remove x1 Cactus Farm Starter Kit from storage
[13:33:08] > Zenolite_ added x1 Cactus Farm Starter Kit in auction for 1000.
[13:33:14] > Zenolite_ added x1 Cactus Farm Starter Kit in auction for 1000.
[13:33:20] > Zenolite_ added x1 Cactus Farm Starter Kit in auction for 1000.
[13:40:42] > Zenolite_ added x1 §eᴡɪᴛʜᴇʀ ꜱᴋᴇʟᴇᴛᴏɴ ꜱᴘᴀᴡɴᴇʀ in auction for 200000.
[14:03:40] > Zypher_0w0 added x64 Redstone in auction for 480.
[14:05:08] > MrHappy buy x64 Redstone to Zypher_0w0 for $480.
[14:05:35] > Zypher_0w0 buy x1 §eᴡɪᴛʜᴇʀ ꜱᴋᴇʟᴇᴛᴏɴ ꜱᴘᴀᴡɴᴇʀ to Zenolite_ for $200 000.
[14:05:44] > MrHappy buy x1 Cactus Farm Starter Kit to Zenolite_ for $1 000.
[14:39:23] > azi added x1 §x§F§F§3§E§0§0§lD§x§F§F§3§6§0§0§le§x§F§F§2§F§0§0§lm§x§F§F§2§7§0§0§lo§x§F§F§1§F§0§0§ln §x§F§F§1§0§0§0§lL§x§F§F§0§8§0§0§lo§x§F§F§0§0§0§0§lr§x§F§F§0§8§0§0§ld §x§F§F§1§7§0§0§lS§x§F§F§1§F§0§0§lh§x§F§F§2§7§0§0§li§x§F§F§2§F§0§0§le§x§F§F§3§6§0§0§ll§x§F§F§3§E§0§0§ld in auction for 200000.
[14:39:35] > azi added x1 §x§F§F§3§E§0§0§lD§x§F§F§3§6§0§0§le§x§F§F§2§F§0§0§lm§x§F§F§2§7§0§0§lo§x§F§F§1§F§0§0§ln §x§F§F§1§0§0§0§lL§x§F§F§0§8§0§0§lo§x§F§F§0§0§0§0§lr§x§F§F§0§8§0§0§ld §x§F§F§1§7§0§0§lH§x§F§F§1§F§0§0§le§x§F§F§2§7§0§0§ll§x§F§F§2§F§0§0§lm§x§F§F§3§6§0§0§le§x§F§F§3§E§0§0§lt in auction for 230000.
[14:39:35] > x1 §x§A§5§8§0§D§D§lᴇᴘɪᴄ ɪᴛᴇᴍ on sale by DNLGGY has just expired, it goes in the inventory of expired items.
[14:57:10] > x1 §x§A§5§8§0§D§D§lᴇᴘɪᴄ ɪᴛᴇᴍ on sale by DNLGGY has just expired, it goes in the inventory of expired items.
[14:58:45] > azi remove x1 §x§F§F§3§E§0§0§lD§x§F§F§3§6§0§0§le§x§F§F§2§F§0§0§lm§x§F§F§2§7§0§0§lo§x§F§F§1§F§0§0§ln §x§F§F§1§0§0§0§lL§x§F§F§0§8§0§0§lo§x§F§F§0§0§0§0§lr§x§F§F§0§8§0§0§ld §x§F§F§1§7§0§0§lH§x§F§F§1§F§0§0§le§x§F§F§2§7§0§0§ll§x§F§F§2§F§0§0§lm§x§F§F§3§6§0§0§le§x§F§F§3§E§0§0§lt from storage
[14:59:43] > azi added x1 §x§F§F§3§E§0§0§lD§x§F§F§3§6§0§0§le§x§F§F§2§F§0§0§lm§x§F§F§2§7§0§0§lo§x§F§F§1§F§0§0§ln §x§F§F§1§0§0§0§lL§x§F§F§0§8§0§0§lo§x§F§F§0§0§0§0§lr§x§F§F§0§8§0§0§ld §x§F§F§1§7§0§0§lH§x§F§F§1§F§0§0§le§x§F§F§2§7§0§0§ll§x§F§F§2§F§0§0§lm§x§F§F§3§6§0§0§le§x§F§F§3§E§0§0§lt in auction for 200000.
[14:59:47] > Teshii buy x1 §x§F§F§3§E§0§0§lD§x§F§F§3§6§0§0§le§x§F§F§2§F§0§0§lm§x§F§F§2§7§0§0§lo§x§F§F§1§F§0§0§ln §x§F§F§1§0§0§0§lL§x§F§F§0§8§0§0§lo§x§F§F§0§0§0§0§lr§x§F§F§0§8§0§0§ld §x§F§F§1§7§0§0§lH§x§F§F§1§F§0§0§le§x§F§F§2§7§0§0§ll§x§F§F§2§F§0§0§lm§x§F§F§3§6§0§0§le§x§F§F§3§E§0§0§lt to azi for $200 000.
[15:03:21] > PrezXie buy x1 §x§F§F§3§E§0§0§lD§x§F§F§3§7§0§0§le§x§F§F§3§0§0§0§lm§x§F§F§2§9§0§0§lo§x§F§F§2§2§0§0§ln §x§F§F§1§5§0§0§lL§x§F§F§0§E§0§0§lo§x§F§F§0§7§0§0§lr§x§F§F§0§0§0§0§ld §x§F§F§0§E§0§0§lL§x§F§F§1§5§0§0§le§x§F§F§1§C§0§0§lg§x§F§F§2§2§0§0§lg§x§F§F§2§9§0§0§li§x§F§F§3§0§0§0§ln§x§F§F§3§7§0§0§lg§x§F§F§3§E§0§0§ls to Ilovewaifus for $200 000.
[15:13:56] > azi added x1 §x§F§F§3§E§0§0§lD§x§F§F§3§6§0§0§le§x§F§F§2§F§0§0§lm§x§F§F§2§7§0§0§lo§x§F§F§1§F§0§0§ln §x§F§F§1§0§0§0§lL§x§F§F§0§8§0§0§lo§x§F§F§0§0§0§0§lr§x§F§F§0§9§0§0§ld §x§F§F§1§B§0§0§lS§x§F§F§2§3§0§0§lp§x§F§F§2§C§0§0§le§x§F§F§3§5§0§0§la§x§F§F§3§E§0§0§lr in auction for 300000.
[15:14:00] > grit_zy buy x1 §x§F§F§3§E§0§0§lD§x§F§F§3§6§0§0§le§x§F§F§2§F§0§0§lm§x§F§F§2§7§0§0§lo§x§F§F§1§F§0§0§ln §x§F§F§1§0§0§0§lL§x§F§F§0§8§0§0§lo§x§F§F§0§0§0§0§lr§x§F§F§0§9§0§0§ld §x§F§F§1§B§0§0§lS§x§F§F§2§3§0§0§lp§x§F§F§2§C§0§0§le§x§F§F§3§5§0§0§la§x§F§F§3§E§0§0§lr to azi for $300 000.
[15:14:37] > azi added x1 §x§F§F§3§E§0§0§lD§x§F§F§3§6§0§0§le§x§F§F§2§F§0§0§lm§x§F§F§2§7§0§0§lo§x§F§F§1§F§0§0§ln §x§F§F§1§0§0§0§lL§x§F§F§0§8§0§0§lo§x§F§F§0§0§0§0§lr§x§F§F§0§9§0§0§ld §x§F§F§1§B§0§0§lS§x§F§F§2§3§0§0§lp§x§F§F§2§C§0§0§le§x§F§F§3§5§0§0§la§x§F§F§3§E§0§0§lr in auction for 300000.
[15:15:56] > Unforce01 buy x1 Cactus Farm Starter Kit to Zenolite_ for $1 000.
[15:16:24] > Unforce01 buy x1 Cactus Farm Starter Kit to Zenolite_ for $1 000.
[16:04:35] > Kwienn added x1 §x§E§4§3§A§9§6§lW§x§E§7§5§3§A§3§lI§x§E§B§6§B§B§0§lN§x§E§E§8§4§B§D§lG§x§F§2§9§D§C§B§lS §x§F§8§C§E§E§5§lO§x§F§C§E§6§F§2§lF §x§F§C§E§6§F§2§lE§x§F§8§C§E§E§5§lT§x§F§5§B§5§D§8§lE§x§F§2§9§D§C§B§lR§x§E§E§8§4§B§D§lN§x§E§B§6§B§B§0§lI§x§E§7§5§3§A§3§lT§x§E§4§3§A§9§6§lY in auction for 900000.
[16:04:41] > Zenolite_ buy x1 §x§E§4§3§A§9§6§lW§x§E§7§5§3§A§3§lI§x§E§B§6§B§B§0§lN§x§E§E§8§4§B§D§lG§x§F§2§9§D§C§B§lS §x§F§8§C§E§E§5§lO§x§F§C§E§6§F§2§lF §x§F§C§E§6§F§2§lE§x§F§8§C§E§E§5§lT§x§F§5§B§5§D§8§lE§x§F§2§9§D§C§B§lR§x§E§E§8§4§B§D§lN§x§E§B§6§B§B§0§lI§x§E§7§5§3§A§3§lT§x§E§4§3§A§9§6§lY to Kwienn for $900 000.
[16:09:27] > celinesanrio added x18 Pointed dripstone in auction for 18000.
[16:16:43] > celinesanrio added x33 Breeze rod in auction for 33000.
[16:19:09] > Kwienn added x1 Dye in /Pwarp go Pastries in auction for 10000000.
[16:19:17] > Kwienn added x1 /Pwarp go Pastries for cheap foods <3 in auction for 1000000.
[16:23:42] > celinesanrio remove x33 Breeze rod from storage
[16:26:21] > celinesanrio added x64 Breeze rod in auction for 64000.
[16:26:28] > celinesanrio added x4 Breeze rod in auction for 4000.
[16:26:37] > celinesanrio remove x1 §x§F§F§5§5§0§0§lsᴇʟʟᴡᴀɴᴅ §6- 10.0x from storage
[16:37:46] > x1 §x§F§F§3§E§0§0§lD§x§F§F§3§5§0§0§le§x§F§F§2§C§0§0§lm§x§F§F§2§3§0§0§lo§x§F§F§1§B§0§0§ln §x§F§F§0§9§0§0§lL§x§F§F§0§0§0§0§lo§x§F§F§0§A§0§0§lr§x§F§F§1§5§0§0§ld §x§F§F§2§9§0§0§lH§x§F§F§3§4§0§0§lo§x§F§F§3§E§0§0§le on sale by Abbadex has just expired, it goes in the inventory of expired items.
[16:45:40] > azi added x1 Diamond axe in auction for 143.
[16:45:49] > KnownasTravis buy x1 Diamond axe to azi for $143.
[16:46:45] > azi added x1 buto ni jose rizal in auction for 99999999.
[16:47:05] > KnownasTravis added x1 Diamond axe in auction for 10.
[16:49:05] > celinesanrio added x1 Enchanted book in auction for 5000.
[16:49:11] > Akirupie buy x1 Enchanted book to celinesanrio for $5 000.
[16:49:54] > celinesanrio added x9 Wind charge in auction for 900.
[16:58:17] > celinesanrio added x17 Tipped arrow in auction for 1700.
[16:59:40] > Zypher_0w0 added x1 §x§5§9§A§1§D§9§lA§x§6§E§A§D§D§Er§x§8§3§B§9§E§3c§x§9§7§C§4§E§7h§x§A§C§D§0§E§Ca§x§C§1§D§C§F§1n§x§D§6§E§8§F§6g§x§E§A§F§3§F§Ae§fl §x§D§0§E§4§F§4H§x§B§8§D§7§E§Fe§x§A§0§C§9§E§9l§x§8§8§B§C§E§4m§x§7§1§A§E§D§Ee§x§5§9§A§1§D§9t in auction for 750000.
[17:00:22] > celinesanrio added x7 Breeze rod in auction for 7000.
[17:01:12] > namerikangel buy x1 §x§F§F§3§E§0§0§lD§x§F§F§3§6§0§0§le§x§F§F§2§F§0§0§lm§x§F§F§2§7§0§0§lo§x§F§F§1§F§0§0§ln §x§F§F§1§0§0§0§lL§x§F§F§0§8§0§0§lo§x§F§F§0§0§0§0§lr§x§F§F§0§8§0§0§ld §x§F§F§1§7§0§0§lS§x§F§F§1§F§0§0§lh§x§F§F§2§7§0§0§li§x§F§F§2§F§0§0§le§x§F§F§3§6§0§0§ll§x§F§F§3§E§0§0§ld to azi for $200 000.
[17:01:41] > Teshii remove x1 §esʜᴇᴇᴘ sᴘᴀᴡɴᴇʀ form storage
[17:01:41] > Teshii remove x1 §eʙʟᴀᴢᴇ sᴘᴀᴡɴᴇʀ form storage
[17:01:41] > Teshii remove x1 §eᴄʜɪᴄᴋᴇɴ sᴘᴀᴡɴᴇʀ form storage
[17:01:54] > Teshii added x1 §eʙʟᴀᴢᴇ sᴘᴀᴡɴᴇʀ in auction for 800000.
[17:02:05] > Teshii added x1 §esʜᴇᴇᴘ sᴘᴀᴡɴᴇʀ in auction for 150000.
[17:02:14] > Teshii added x1 §eᴄʜɪᴄᴋᴇɴ sᴘᴀᴡɴᴇʀ in auction for 150000.
[17:03:25] > celinesanrio added x1 §x§F§F§3§E§0§0§lD§x§F§F§3§7§0§0§le§x§F§F§3§0§0§0§lm§x§F§F§2§9§0§0§lo§x§F§F§2§2§0§0§ln §x§F§F§1§5§0§0§lL§x§F§F§0§E§0§0§lo§x§F§F§0§7§0§0§lr§x§F§F§0§0§0§0§ld §x§F§F§0§E§0§0§lF§x§F§F§1§5§0§0§lr§x§F§F§1§C§0§0§la§x§F§F§2§2§0§0§lg§x§F§F§2§9§0§0§lm§x§F§F§3§0§0§0§le§x§F§F§3§7§0§0§ln§x§F§F§3§E§0§0§lt in auction for 250000.
[17:03:35] > Teshii buy x1 §x§F§F§3§E§0§0§lD§x§F§F§3§7§0§0§le§x§F§F§3§0§0§0§lm§x§F§F§2§9§0§0§lo§x§F§F§2§2§0§0§ln §x§F§F§1§5§0§0§lL§x§F§F§0§E§0§0§lo§x§F§F§0§7§0§0§lr§x§F§F§0§0§0§0§ld §x§F§F§0§E§0§0§lF§x§F§F§1§5§0§0§lr§x§F§F§1§C§0§0§la§x§F§F§2§2§0§0§lg§x§F§F§2§9§0§0§lm§x§F§F§3§0§0§0§le§x§F§F§3§7§0§0§ln§x§F§F§3§E§0§0§lt to celinesanrio for $250 000.