
[12:46:50] > Runz buy x1 §f§l§8B§x§6§3§6§3§6§3a§x§7§1§7§1§7§1h§x§8§0§8§0§8§0a§x§8§E§8§E§8§Em§x§9§C§9§C§9§Cu§7t§x§9§C§9§C§9§C §x§8§E§8§E§8§EW§x§8§0§8§0§8§0i§x§7§1§7§1§7§1n§x§6§3§6§3§6§3g§8s to Padjibarr for $1,500,000.
[12:47:33] > Runz remove x1 §f§l§8B§x§6§3§6§3§6§3a§x§7§1§7§1§7§1h§x§8§0§8§0§8§0a§x§8§E§8§E§8§Em§x§9§C§9§C§9§Cu§7t§x§9§C§9§C§9§C §x§8§E§8§E§8§EW§x§8§0§8§0§8§0i§x§7§1§7§1§7§1n§x§6§3§6§3§6§3g§8s from buy
[12:57:22] > jeff added x1 §x§F§F§5§5§0§0§lsᴇʟʟᴡᴀɴᴅ §6- 5.0x in auction for 700000.
[12:57:35] > HwanYo buy x1 §x§F§F§5§5§0§0§lsᴇʟʟᴡᴀɴᴅ §6- 5.0x to jeff for $700,000.
[13:02:47] > jeff added x1 §x§F§F§5§5§0§0§lsᴇʟʟᴡᴀɴᴅ §6- 20.0x in auction for 1500000.
[13:02:49] > HwanYo buy x1 §x§F§F§5§5§0§0§lsᴇʟʟᴡᴀɴᴅ §6- 20.0x to jeff for $1,500,000.
[13:03:23] > jeff added x1 §x§F§F§5§5§0§0§lsᴇʟʟᴡᴀɴᴅ §6- 10.0x in auction for 1000000.
[13:03:27] > HwanYo buy x1 §x§F§F§5§5§0§0§lsᴇʟʟᴡᴀɴᴅ §6- 10.0x to jeff for $1,000,000.
[13:03:48] > jeff added x1 §x§F§F§5§5§0§0§lsᴇʟʟᴡᴀɴᴅ §6- 5.0x in auction for 600000.
[13:03:51] > HwanYo buy x1 §x§F§F§5§5§0§0§lsᴇʟʟᴡᴀɴᴅ §6- 5.0x to jeff for $600,000.
[13:04:12] > jeff added x1 §x§F§F§5§5§0§0§lsᴇʟʟᴡᴀɴᴅ §6- 5.0x in auction for 700000.
[13:04:38] > jeff remove x1 §x§F§F§5§5§0§0§lsᴇʟʟᴡᴀɴᴅ §6- 5.0x from storage
[13:04:54] > HwanYo remove x1 §x§F§F§5§5§0§0§lsᴇʟʟᴡᴀɴᴅ §6- 5.0x from buy
[13:04:55] > HwanYo remove x1 §x§F§F§5§5§0§0§lsᴇʟʟᴡᴀɴᴅ §6- 10.0x from buy
[13:04:56] > HwanYo remove x1 §x§F§F§5§5§0§0§lsᴇʟʟᴡᴀɴᴅ §6- 20.0x from buy
[13:04:57] > HwanYo remove x1 §x§F§F§5§5§0§0§lsᴇʟʟᴡᴀɴᴅ §6- 5.0x from buy
[13:04:57] > HwanYo remove x1 §x§F§F§5§5§0§0§lsᴇʟʟᴡᴀɴᴅ §6- 5.0x from buy
[13:04:58] > HwanYo remove x1 §x§F§F§5§5§0§0§lsᴇʟʟᴡᴀɴᴅ §6- 10.0x from buy
[13:05:03] > jeff added x1 §x§F§F§5§5§0§0§lsᴇʟʟᴡᴀɴᴅ §6- 5.0x in auction for 600000.
[13:05:15] > jeff added x1 §x§F§F§5§5§0§0§lsᴇʟʟᴡᴀɴᴅ §6- 5.0x in auction for 600000.
[13:05:21] > HwanYo buy x1 §x§F§F§5§5§0§0§lsᴇʟʟᴡᴀɴᴅ §6- 5.0x to jeff for $600,000.
[13:05:23] > HwanYo buy x1 §x§F§F§5§5§0§0§lsᴇʟʟᴡᴀɴᴅ §6- 5.0x to jeff for $600,000.
[13:05:34] > jeff added x1 §x§F§F§5§5§0§0§lsᴇʟʟᴡᴀɴᴅ §6- 5.0x in auction for 600000.
[13:05:43] > HwanYo buy x1 §x§F§F§5§5§0§0§lsᴇʟʟᴡᴀɴᴅ §6- 5.0x to jeff for $600,000.
[13:06:02] > HwanYo remove x1 §x§F§F§5§5§0§0§lsᴇʟʟᴡᴀɴᴅ §6- 5.0x from buy
[13:06:03] > HwanYo remove x1 §x§F§F§5§5§0§0§lsᴇʟʟᴡᴀɴᴅ §6- 5.0x from buy
[13:06:04] > HwanYo remove x1 §x§F§F§5§5§0§0§lsᴇʟʟᴡᴀɴᴅ §6- 5.0x from buy
[13:33:50] > dat_boi added x1 §x§F§F§5§5§0§0§lsᴇʟʟᴡᴀɴᴅ §6- 10.0x in auction for 600000.
[13:34:00] > dat_boi added x1 §x§F§F§5§5§0§0§lsᴇʟʟᴡᴀɴᴅ §6- 5.0x in auction for 200000.
[13:37:24] > giyahnpogi buy x1 §x§F§F§5§5§0§0§lsᴇʟʟᴡᴀɴᴅ §6- 10.0x to dat_boi for $600,000.
[13:37:29] > x1 §x§F§F§7§C§0§0§lSteamsparks Spear, bought by Chezzy, has just expired, the item is definitively deleted.
[13:37:30] > giyahnpogi remove x1 §x§F§F§5§5§0§0§lsᴇʟʟᴡᴀɴᴅ §6- 10.0x from buy
[13:38:04] > dat_boi added x1 §fCat Plushie (Calico) §6(#16/101) in auction for 10000.
[13:38:18] > dat_boi added x1 §f§bWarden Plushie §6(#93/101) in auction for 10000.
[13:38:47] > Kodakoda buy x1 §fCat Plushie (Calico) §6(#16/101) to dat_boi for $10,000.
[13:39:00] > Kodakoda remove x1 §fCat Plushie (Calico) §6(#16/101) from buy
[13:39:26] > dat_boi added x1 §fCat Plushie (Ragdoll) §6(#19/101) in auction for 10000.
[13:39:56] > UnavailableTest buy x1 §x§F§F§5§5§0§0§lsᴇʟʟᴡᴀɴᴅ §6- 5.0x to dat_boi for $200,000.
[13:40:08] > UnavailableTest remove x1 §x§F§F§5§5§0§0§lsᴇʟʟᴡᴀɴᴅ §6- 5.0x form buy
[13:40:23] > dat_boi remove x1 §f§l§x§F§A§0§0§0§AD§x§F§A§1§A§1§4a§x§F§B§3§4§1§Fr§x§F§B§4§E§2§9k§x§F§B§6§8§3§3f§x§F§B§8§2§3§Dl§x§F§C§9§C§4§8a§x§F§C§B§6§5§2m§x§F§C§D§0§5§Ce§x§F§C§D§0§5§C §x§F§C§B§6§5§2L§x§F§C§9§C§4§8e§x§F§B§8§2§3§Dg§x§F§B§6§8§3§3g§x§F§B§4§E§2§9i§x§F§B§3§4§1§Fn§x§F§A§1§A§1§4g§x§F§A§0§0§0§As from storage
[13:40:24] > dat_boi remove x1 §x§E§5§1§B§1§B§lDracula Spear from storage
[13:40:25] > dat_boi remove x1 §x§F§F§7§C§0§0§lSteamsparks Shield from storage
[13:41:08] > dat_boi added x1 §x§F§F§7§C§0§0§lSteamsparks Shield in auction for 150000.
[13:41:21] > dat_boi added x1 §x§E§5§1§B§1§B§lDracula Spear in auction for 150000.
[13:41:35] > dat_boi added x1 §f§l§x§F§A§0§0§0§AD§x§F§A§1§A§1§4a§x§F§B§3§4§1§Fr§x§F§B§4§E§2§9k§x§F§B§6§8§3§3f§x§F§B§8§2§3§Dl§x§F§C§9§C§4§8a§x§F§C§B§6§5§2m§x§F§C§D§0§5§Ce§x§F§C§D§0§5§C §x§F§C§B§6§5§2L§x§F§C§9§C§4§8e§x§F§B§8§2§3§Dg§x§F§B§6§8§3§3g§x§F§B§4§E§2§9i§x§F§B§3§4§1§Fn§x§F§A§1§A§1§4g§x§F§A§0§0§0§As in auction for 200000.
[13:41:45] > dat_boi added x1 §fMule Plushie §6(#55/101) in auction for 5000.
[13:42:32] > x1 §f§l§8B§x§6§2§6§2§6§2a§x§6§F§6§F§6§Fh§x§7§C§7§C§7§Ca§x§8§9§8§9§8§9m§x§9§6§9§6§9§6u§x§A§3§A§3§A§3t §x§9§6§9§6§9§6H§x§8§9§8§9§8§9a§x§7§C§7§C§7§Ct§x§6§F§6§F§6§F §x§6§2§6§2§6§2V§82 on sale by elowyn has just expired, it goes in the inventory of expired items.
[13:42:43] > anneyong buy x1 §f§bWarden Plushie §6(#93/101) to dat_boi for $10,000.
[13:47:33] > UnavailableTest added x5 §x§F§F§3§E§0§0§lD§x§F§F§3§7§0§0§le§x§F§F§3§0§0§0§lm§x§F§F§2§9§0§0§lo§x§F§F§2§2§0§0§ln §x§F§F§1§5§0§0§lL§x§F§F§0§E§0§0§lo§x§F§F§0§7§0§0§lr§x§F§F§0§0§0§0§ld §x§F§F§0§E§0§0§lF§x§F§F§1§5§0§0§lr§x§F§F§1§C§0§0§la§x§F§F§2§2§0§0§lg§x§F§F§2§9§0§0§lm§x§F§F§3§0§0§0§le§x§F§F§3§7§0§0§ln§x§F§F§3§E§0§0§lt in auction for 100000.
[14:05:39] > Applegod9 buy x1 Shulker box to anneyong for $2,000,000.
[14:05:43] > Applegod9 buy x1 Ominous trial key to Xavier881 for $150,000.
[14:05:52] > Applegod9 remove x1 Ominous trial key from buy
[14:05:52] > Applegod9 remove x1 Shulker box from buy
[14:09:41] > Protection added x1 §x§E§5§1§B§1§B§lDracula Chestplate in auction for 300000.
[14:10:00] > Protection added x1 §x§E§5§1§B§1§B§lDracula Leggings in auction for 220000.
[14:10:13] > UnavailableTest buy x1 §fCat Plushie (Ragdoll) §6(#19/101) to dat_boi for $10,000.
[14:10:18] > UnavailableTest remove x1 §fCat Plushie (Ragdoll) §6(#19/101) from buy
[14:24:28] > Keeos added x64 Golden apple in auction for 175000.
[14:24:51] > Keeos added x64 Golden apple in auction for 175000.
[14:25:14] > Keeos added x64 Golden apple in auction for 175000.
[14:25:47] > Keeos added x64 Golden apple in auction for 175000.
[14:26:16] > Keeos added x64 Golden apple in auction for 175000.
[14:26:52] > Keeos added x64 Golden apple in auction for 175000.
[14:27:09] > Keeos remove x61 Golden apple from storage
[14:27:09] > Keeos remove x61 Golden apple from storage
[14:27:09] > Keeos remove x61 Golden apple from storage
[14:27:09] > Keeos remove x61 Golden apple from storage
[14:27:10] > Keeos remove x61 Golden apple from storage
[14:27:10] > Keeos remove x61 Golden apple from storage
[14:27:20] > Keeos added x64 Golden apple in auction for 150000.
[14:27:35] > Keeos added x64 Golden apple in auction for 150000.
[14:27:49] > Keeos added x64 Golden apple in auction for 150000.
[14:28:02] > Keeos added x64 Golden apple in auction for 150000.
[14:28:14] > Keeos added x64 Golden apple in auction for 150000.
[14:28:26] > Keeos added x64 Golden apple in auction for 150000.
[14:28:41] > Keeos added x64 Golden apple in auction for 150000.
[14:28:59] > Keeos added x64 Golden apple in auction for 150000.
[14:29:09] > Keeos added x64 Golden apple in auction for 150000.
[14:29:22] > Keeos added x64 Golden apple in auction for 150000.
[14:32:07] > Abbadex remove x1 §x§F§F§5§5§0§0§lsᴇʟʟᴡᴀɴᴅ §6- 5.0x from buy
[14:44:58] > COSA_Shoyo buy x64 Golden apple to Keeos for $150,000.
[14:57:27] > Protection remove x1 §x§E§5§1§B§1§B§lDracula Leggings from storage
[14:57:27] > Protection remove x1 §x§E§5§1§B§1§B§lDracula Chestplate from storage
[14:58:21] > Protection added x1 §x§E§5§1§B§1§B§lDracula Leggings in auction for 210000.
[14:58:33] > Protection added x1 §x§E§5§1§B§1§B§lDracula Chestplate in auction for 300000.
[14:58:43] > Icon_Skully added x1 §x§F§F§5§5§0§0§lsᴇʟʟᴡᴀɴᴅ §6- 5.0x in auction for 500000.
[15:05:10] > x1 §x§F§F§7§C§0§0§lSteamsparks Bow on sale by aznaaa has just expired, it goes in the inventory of expired items.
[15:05:45] > .AyakoKoru buy x5 §x§F§F§3§E§0§0§lD§x§F§F§3§7§0§0§le§x§F§F§3§0§0§0§lm§x§F§F§2§9§0§0§lo§x§F§F§2§2§0§0§ln §x§F§F§1§5§0§0§lL§x§F§F§0§E§0§0§lo§x§F§F§0§7§0§0§lr§x§F§F§0§0§0§0§ld §x§F§F§0§E§0§0§lF§x§F§F§1§5§0§0§lr§x§F§F§1§C§0§0§la§x§F§F§2§2§0§0§lg§x§F§F§2§9§0§0§lm§x§F§F§3§0§0§0§le§x§F§F§3§7§0§0§ln§x§F§F§3§E§0§0§lt to UnavailableTest for $100,000.
[15:06:05] > .AyakoKoru remove x5 §x§F§F§3§E§0§0§lD§x§F§F§3§7§0§0§le§x§F§F§3§0§0§0§lm§x§F§F§2§9§0§0§lo§x§F§F§2§2§0§0§ln §x§F§F§1§5§0§0§lL§x§F§F§0§E§0§0§lo§x§F§F§0§7§0§0§lr§x§F§F§0§0§0§0§ld §x§F§F§0§E§0§0§lF§x§F§F§1§5§0§0§lr§x§F§F§1§C§0§0§la§x§F§F§2§2§0§0§lg§x§F§F§2§9§0§0§lm§x§F§F§3§0§0§0§le§x§F§F§3§7§0§0§ln§x§F§F§3§E§0§0§lt from buy
[15:12:22] > COSA_Shoyo remove x10 Golden apple from buy
[15:16:22] > .AyakoKoru added x6 §x§F§F§3§E§0§0§lD§x§F§F§3§7§0§0§le§x§F§F§3§0§0§0§lm§x§F§F§2§9§0§0§lo§x§F§F§2§2§0§0§ln §x§F§F§1§5§0§0§lL§x§F§F§0§E§0§0§lo§x§F§F§0§7§0§0§lr§x§F§F§0§0§0§0§ld §x§F§F§0§E§0§0§lF§x§F§F§1§5§0§0§lr§x§F§F§1§C§0§0§la§x§F§F§2§2§0§0§lg§x§F§F§2§9§0§0§lm§x§F§F§3§0§0§0§le§x§F§F§3§7§0§0§ln§x§F§F§3§E§0§0§lt in auction for 300000.
[15:16:44] > KyLuxxy remove x64 Sculk catalyst form storage
[15:16:44] > KyLuxxy remove x64 Sculk catalyst form storage
[15:16:44] > KyLuxxy remove x64 Sculk catalyst form storage
[15:24:30] > HandsomeCat buy x1 §x§F§F§7§C§0§0§lSteamsparks Shield to dat_boi for $150,000.
[15:29:55] > HandsomeCat buy x1 §x§F§F§7§C§0§0§lSteamsparks Shield to P4LDOK for $150,000.
[15:31:25] > alecczzz added x1 §x§F§F§3§E§0§0§lSellwand Voucher in auction for 250000.
[15:31:31] > dat_boi added x5 §x§C§9§A§7§F§C§lL§x§B§D§A§E§F§6§le§x§B§1§B§4§F§0§lg§x§A§6§B§B§E§A§le§x§9§A§C§1§E§4§ln§x§8§E§C§8§D§D§ld§x§8§2§C§E§D§7§la§x§7§7§D§5§D§1§lr§x§6§B§D§B§C§B§ly §x§6§B§D§B§C§B§lC§x§7§7§D§5§D§1§lr§x§8§2§C§E§D§7§la§x§8§E§C§8§D§D§lt§x§9§A§C§1§E§4§le §x§B§1§B§4§F§0§lK§x§B§D§A§E§F§6§le§x§C§9§A§7§F§C§ly in auction for 300000.
[15:32:05] > kabayooo added x1 §x§F§F§5§5§0§0§lsᴇʟʟᴡᴀɴᴅ §6- 20.0x in auction for 5000000.
[15:32:13] > kabayooo remove x1 §x§F§F§5§5§0§0§lsᴇʟʟᴡᴀɴᴅ §6- 20.0x from storage
[15:32:22] > kabayooo added x1 §x§F§F§5§5§0§0§lsᴇʟʟᴡᴀɴᴅ §6- 20.0x in auction for 6000000.
[15:33:56] > Padjibarr added x1 §x§F§F§7§C§0§0§lSteamsparks Hammer in auction for 100000.
[15:33:59] > dat_boi added x1 §f§l§8B§x§6§4§6§4§6§4a§x§7§4§7§4§7§4h§x§8§3§8§3§8§3a§x§9§3§9§3§9§3m§x§A§2§A§2§A§2ut§x§9§3§9§3§9§3 §x§8§3§8§3§8§3M§x§7§4§7§4§7§4a§x§6§4§6§4§6§4c§8e in auction for 500000.
[15:34:56] > Kodakoda buy x1 §x§F§F§3§E§0§0§lSellwand Voucher to alecczzz for $250,000.
[15:35:01] > kabayooo added x1 §x§3§4§9§8§D§Bᴄᴀᴠᴇ ꜱᴘɪᴅᴇʀ ꜱᴘᴀᴡɴᴇʀ in auction for 100000.
[15:35:04] > Kodakoda remove x1 §x§F§F§3§E§0§0§lSellwand Voucher from buy
[15:35:22] > Icon_Skully buy x1 §x§3§4§9§8§D§Bᴄᴀᴠᴇ ꜱᴘɪᴅᴇʀ ꜱᴘᴀᴡɴᴇʀ to kabayooo for $100,000.
[15:35:39] > Icon_Skully remove x1 §x§3§4§9§8§D§Bᴄᴀᴠᴇ ꜱᴘɪᴅᴇʀ ꜱᴘᴀᴡɴᴇʀ from buy
[15:36:15] > Kodakoda added x1 §x§F§F§5§5§0§0§lsᴇʟʟᴡᴀɴᴅ §6- 10.0x in auction for 650000.
[15:36:48] > Padjibarr added x1 §x§E§5§1§B§1§B§lDracula Shield in auction for 20000.
[15:40:39] > kabayooo added x1 Spawner in auction for 100000.
[15:41:24] > kabayooo remove x1 §x§F§F§5§5§0§0§lsᴇʟʟᴡᴀɴᴅ §6- 20.0x from storage
[15:41:39] > kabayooo added x1 §x§F§F§5§5§0§0§lsᴇʟʟᴡᴀɴᴅ §6- 20.0x in auction for 5000000.
[15:43:24] > Padjibarr added x1 Axolotl bucket in auction for 200000.
[15:47:11] > anneyong buy x1 §x§F§F§5§5§0§0§lsᴇʟʟᴡᴀɴᴅ §6- 10.0x to Kodakoda for $650,000.
[15:47:36] > Cooldoggiexd added x4 Nether star in auction for 200000.
[15:53:11] > anneyong added x1 Shulker box in auction for 2000000.
[15:53:23] > anneyong added x1 Shulker box in auction for 2000000.
[15:53:33] > anneyong added x1 Shulker box in auction for 2000000.
[15:53:46] > anneyong added x1 Shulker box in auction for 2000000.
[16:09:18] > UnavailableTest buy x1 Axolotl bucket to Padjibarr for $200,000.
[16:09:27] > UnavailableTest remove x1 Axolotl bucket form buy
[16:14:34] > .Minnie6576 added x1 §x§F§F§5§5§0§0§lsᴇʟʟᴡᴀɴᴅ §6- 10.0x in auction for 1100000.
[16:15:12] > nnorv1 buy x64 Golden apple to Keeos for $150,000.
[16:15:18] > nnorv1 buy x64 Golden apple to Keeos for $150,000.
[16:15:23] > nnorv1 buy x64 Golden apple to Keeos for $150,000.
[16:16:36] > namerikangel added x1 §x§E§5§1§B§1§B§lDracula Staff in auction for 150000.
[16:16:48] > nachfaust buy x1 §x§E§5§1§B§1§B§lDracula Shield to Padjibarr for $20,000.
[16:17:07] > nachfaust remove x1 §x§E§5§1§B§1§B§lDracula Shield from buy
[16:23:43] > Abbadex remove x1 Femboy Meat from buy
[16:23:54] > Abbadex buy x1 §x§F§F§5§5§0§0§lsᴇʟʟᴡᴀɴᴅ §6- 10.0x to .Minnie6576 for $1,100,000.
[16:23:57] > Abbadex buy x1 §x§F§F§5§5§0§0§lsᴇʟʟᴡᴀɴᴅ §6- 5.0x to Icon_Skully for $500,000.
[16:24:03] > Abbadex buy x64 Golden apple to Keeos for $150,000.
[16:24:04] > Abbadex buy x64 Golden apple to Keeos for $150,000.
[16:24:08] > Abbadex remove x1 §x§F§F§5§5§0§0§lsᴇʟʟᴡᴀɴᴅ §6- 10.0x from buy
[16:24:08] > Abbadex remove x1 §x§F§F§5§5§0§0§lsᴇʟʟᴡᴀɴᴅ §6- 5.0x from buy
[16:24:09] > Abbadex remove x64 Golden apple from buy
[16:24:09] > Abbadex remove x64 Golden apple from buy
[16:24:27] > Icon_Skully buy x1 §f§l§x§F§A§0§0§0§AD§x§F§A§1§A§1§4a§x§F§B§3§4§1§Fr§x§F§B§4§E§2§9k§x§F§B§6§8§3§3f§x§F§B§8§2§3§Dl§x§F§C§9§C§4§8a§x§F§C§B§6§5§2m§x§F§C§D§0§5§Ce§x§F§C§D§0§5§C §x§F§C§B§6§5§2L§x§F§C§9§C§4§8e§x§F§B§8§2§3§Dg§x§F§B§6§8§3§3g§x§F§B§4§E§2§9i§x§F§B§3§4§1§Fn§x§F§A§1§A§1§4g§x§F§A§0§0§0§As to dat_boi for $200,000.
[16:24:29] > Icon_Skully buy x1 §x§F§F§7§C§0§0§lSteamsparks Hammer to Padjibarr for $100,000.
[16:24:36] > Icon_Skully buy x1 §x§E§5§1§B§1§B§lDracula Leggings to Protection for $210,000.
[16:24:47] > Icon_Skully remove x1 §f§l§x§F§A§0§0§0§AD§x§F§A§1§A§1§4a§x§F§B§3§4§1§Fr§x§F§B§4§E§2§9k§x§F§B§6§8§3§3f§x§F§B§8§2§3§Dl§x§F§C§9§C§4§8a§x§F§C§B§6§5§2m§x§F§C§D§0§5§Ce§x§F§C§D§0§5§C §x§F§C§B§6§5§2L§x§F§C§9§C§4§8e§x§F§B§8§2§3§Dg§x§F§B§6§8§3§3g§x§F§B§4§E§2§9i§x§F§B§3§4§1§Fn§x§F§A§1§A§1§4g§x§F§A§0§0§0§As form buy
[16:24:47] > Icon_Skully remove x1 §x§E§5§1§B§1§B§lDracula Leggings form buy
[16:24:47] > Icon_Skully remove x1 §x§F§F§7§C§0§0§lSteamsparks Hammer form buy
[16:33:26] > x1 §eʙʟᴀᴢᴇ sᴘᴀᴡɴᴇʀ, item of Pewpew, has just expired, the item is definitively deleted.
[16:33:26] > x1 §fAdventure Hat, item of cinterMC, has just expired, the item is definitively deleted.
[16:33:26] > x2 §x§5§C§C§F§F§C§lC§x§5§C§D§1§F§5§lo§x§5§D§D§4§E§E§ls§x§5§D§D§6§E§7§lm§x§5§E§D§9§E§1§le§x§5§E§D§B§D§A§lt§x§5§E§D§D§D§3§li§x§5§F§E§0§C§C§lc §x§5§F§E§0§C§C§lH§x§5§E§D§D§D§3§la§x§5§E§D§B§D§A§lt§x§5§E§D§9§E§1§ls §x§5§D§D§4§E§E§lK§x§5§C§D§1§F§5§le§x§5§C§C§F§F§C§ly, item of SP3CC_, has just expired, the item is definitively deleted.
[16:34:25] > BlackKnight buy x1 §f§l§8B§x§6§4§6§4§6§4a§x§7§4§7§4§7§4h§x§8§3§8§3§8§3a§x§9§3§9§3§9§3m§x§A§2§A§2§A§2ut§x§9§3§9§3§9§3 §x§8§3§8§3§8§3M§x§7§4§7§4§7§4a§x§6§4§6§4§6§4c§8e to dat_boi for $500,000.
[16:34:33] > BlackKnight buy x1 §fMule Plushie §6(#55/101) to dat_boi for $5,000.
[16:34:33] > x1 §f§l§8B§x§6§0§6§0§6§0a§x§6§C§6§C§6§Ch§x§7§7§7§7§7§7a§x§8§2§8§2§8§2m§x§8§E§8§E§8§Eu§x§9§9§9§9§9§9t§x§A§4§A§4§A§4 G§x§9§9§9§9§9§9a§x§8§E§8§E§8§Eu§x§8§2§8§2§8§2n§x§7§7§7§7§7§7t§x§6§C§6§C§6§Cl§x§6§0§6§0§6§0e§8t on sale by Hunter_Sung has just expired, it goes in the inventory of expired items.
[16:35:17] > BlackKnight remove x1 §f§l§8B§x§6§4§6§4§6§4a§x§7§4§7§4§7§4h§x§8§3§8§3§8§3a§x§9§3§9§3§9§3m§x§A§2§A§2§A§2ut§x§9§3§9§3§9§3 §x§8§3§8§3§8§3M§x§7§4§7§4§7§4a§x§6§4§6§4§6§4c§8e from buy
[16:35:18] > BlackKnight remove x1 §fMule Plushie §6(#55/101) from buy
[16:35:35] > BlackKnight added x1 §f§l§8B§x§6§4§6§4§6§4a§x§7§4§7§4§7§4h§x§8§3§8§3§8§3a§x§9§3§9§3§9§3m§x§A§2§A§2§A§2ut§x§9§3§9§3§9§3 §x§8§3§8§3§8§3M§x§7§4§7§4§7§4a§x§6§4§6§4§6§4c§8e in auction for 2000000.
[16:37:33] > KEITHTHEPRO buy x6 §x§F§F§3§E§0§0§lD§x§F§F§3§7§0§0§le§x§F§F§3§0§0§0§lm§x§F§F§2§9§0§0§lo§x§F§F§2§2§0§0§ln §x§F§F§1§5§0§0§lL§x§F§F§0§E§0§0§lo§x§F§F§0§7§0§0§lr§x§F§F§0§0§0§0§ld §x§F§F§0§E§0§0§lF§x§F§F§1§5§0§0§lr§x§F§F§1§C§0§0§la§x§F§F§2§2§0§0§lg§x§F§F§2§9§0§0§lm§x§F§F§3§0§0§0§le§x§F§F§3§7§0§0§ln§x§F§F§3§E§0§0§lt to .AyakoKoru for $300,000.
[16:40:59] > Cooldoggiexd added x1 §x§F§F§7§C§0§0§lSteamsparks Axe in auction for 50000.
[16:41:24] > Cooldoggiexd added x1 §x§E§5§1§B§1§B§lDracula Sword in auction for 20000.
[16:41:51] > Padjibarr added x1 §f§l§8B§x§5§E§5§E§5§Ea§x§6§8§6§8§6§8h§x§7§1§7§1§7§1a§x§7§B§7§B§7§Bm§x§8§4§8§4§8§4u§x§8§E§8§E§8§Et§x§9§7§9§7§9§7 §x§A§1§A§1§A§1F§7i§x§A§1§A§1§A§1s§x§9§7§9§7§9§7h§x§8§E§8§E§8§Ei§x§8§4§8§4§8§4n§x§7§B§7§B§7§Bg§x§7§1§7§1§7§1 §x§6§8§6§8§6§8R§x§5§E§5§E§5§Eo§8d in auction for 100000.
[16:42:06] > Padjibarr added x1 §x§E§5§1§B§1§B§lDracula Fishing in auction for 50000.
[16:42:34] > dat_boi added x1 §f§l§8B§x§6§4§6§4§6§4a§x§7§4§7§4§7§4h§x§8§3§8§3§8§3a§x§9§3§9§3§9§3m§x§A§2§A§2§A§2ut§x§9§3§9§3§9§3 §x§8§3§8§3§8§3C§x§7§4§7§4§7§4l§x§6§4§6§4§6§4u§8b in auction for 200000.
[16:42:49] > Lumpy added x1 §f§l§8B§x§6§6§6§6§6§6a§x§7§7§7§7§7§7h§x§8§8§8§8§8§8a§x§9§9§9§9§9§9m§7u§x§9§9§9§9§9§9t§x§8§8§8§8§8§8 §x§7§7§7§7§7§7H§x§6§6§6§6§6§6o§8e in auction for 40000.
[16:43:03] > Lumpy added x1 §x§E§5§1§B§1§B§lDracula Pickaxe in auction for 10000.
[16:43:09] > BlackKnight added x1 §f§l§8B§x§6§3§6§3§6§3a§x§7§1§7§1§7§1h§x§8§0§8§0§8§0a§x§8§E§8§E§8§Em§x§9§C§9§C§9§Cu§7t§x§9§C§9§C§9§C §x§8§E§8§E§8§EB§x§8§0§8§0§8§0o§x§7§1§7§1§7§1o§x§6§3§6§3§6§3t§8s in auction for 1500000.
[16:43:19] > Abbadex added x1 §f§l§x§8§A§0§0§F§FS§x§9§C§0§0§D§5h§x§A§D§0§0§A§Ai§x§B§F§0§0§8§0n§x§D§0§0§0§5§5e§x§E§2§0§0§2§B §x§F§3§0§0§0§0O§x§E§2§0§0§2§An§x§D§0§0§0§5§5i§x§B§F§0§0§8§0 §x§A§D§0§0§A§AK§x§9§C§0§0§D§5e§x§8§A§0§0§F§Fy in auction for 3500000.
[16:43:37] > Abbadex added x1 §f§l§x§8§A§0§0§F§FS§x§9§C§0§0§D§5h§x§A§D§0§0§A§Ai§x§B§F§0§0§8§0n§x§D§0§0§0§5§5e§x§E§2§0§0§2§B §x§F§3§0§0§0§0O§x§E§2§0§0§2§An§x§D§0§0§0§5§5i§x§B§F§0§0§8§0 §x§A§D§0§0§A§AK§x§9§C§0§0§D§5e§x§8§A§0§0§F§Fy in auction for 3500000.
[16:43:46] > dat_boi added x1 §x§F§F§7§C§0§0§lSteamsparks Staff in auction for 200000.
[16:43:49] > Abbadex added x1 §f§l§x§8§A§0§0§F§FS§x§9§C§0§0§D§5h§x§A§D§0§0§A§Ai§x§B§F§0§0§8§0n§x§D§0§0§0§5§5e§x§E§2§0§0§2§B §x§F§3§0§0§0§0O§x§E§2§0§0§2§An§x§D§0§0§0§5§5i§x§B§F§0§0§8§0 §x§A§D§0§0§A§AK§x§9§C§0§0§D§5e§x§8§A§0§0§F§Fy in auction for 3500000.
[16:43:57] > dat_boi added x1 §f§l§x§F§C§D§0§5§CW§x§F§A§A§6§4§Au§x§F§8§7§D§3§7k§x§F§7§5§3§2§5o§x§F§5§2§A§1§2n§x§F§3§0§0§0§0g§x§F§5§2§A§1§2 §x§F§7§5§3§2§5C§x§F§8§7§D§3§7l§x§F§A§A§6§4§Au§x§F§C§D§0§5§Cb in auction for 600000.
[16:44:33] > BlackKnight remove x1 §f§l§8B§x§6§1§6§1§6§1a§x§6§D§6§D§6§Dh§x§7§9§7§9§7§9a§x§8§6§8§6§8§6m§x§9§2§9§2§9§2u§x§9§E§9§E§9§Et§7 §x§9§E§9§E§9§EH§x§9§2§9§2§9§2a§x§8§6§8§6§8§6l§x§7§9§7§9§7§9b§x§6§D§6§D§6§De§x§6§1§6§1§6§1r§8d from storage
[16:44:42] > HwanYo buy x1 §f§l§x§8§A§0§0§F§FS§x§9§C§0§0§D§5h§x§A§D§0§0§A§Ai§x§B§F§0§0§8§0n§x§D§0§0§0§5§5e§x§E§2§0§0§2§B §x§F§3§0§0§0§0O§x§E§2§0§0§2§An§x§D§0§0§0§5§5i§x§B§F§0§0§8§0 §x§A§D§0§0§A§AK§x§9§C§0§0§D§5e§x§8§A§0§0§F§Fy to Abbadex for $3,500,000.
[16:44:43] > dat_boi added x1 §x§E§5§1§B§1§B§lDracula Dagger in auction for 200000.
[16:44:44] > BlackKnight added x1 §f§l§x§8§A§0§0§F§FS§x§9§C§0§0§D§5h§x§A§D§0§0§A§Ai§x§B§F§0§0§8§0n§x§D§0§0§0§5§5e§x§E§2§0§0§2§B §x§F§3§0§0§0§0O§x§E§2§0§0§2§An§x§D§0§0§0§5§5i§x§B§F§0§0§8§0 §x§A§D§0§0§A§AB§x§9§C§0§0§D§5o§x§8§A§0§0§F§Fw in auction for 5000000.
[16:44:52] > HwanYo remove x1 §f§l§x§8§A§0§0§F§FS§x§9§C§0§0§D§5h§x§A§D§0§0§A§Ai§x§B§F§0§0§8§0n§x§D§0§0§0§5§5e§x§E§2§0§0§2§B §x§F§3§0§0§0§0O§x§E§2§0§0§2§An§x§D§0§0§0§5§5i§x§B§F§0§0§8§0 §x§A§D§0§0§A§AK§x§9§C§0§0§D§5e§x§8§A§0§0§F§Fy from buy
[16:45:22] > HwanYo buy x1 §f§l§x§8§A§0§0§F§FS§x§9§C§0§0§D§5h§x§A§D§0§0§A§Ai§x§B§F§0§0§8§0n§x§D§0§0§0§5§5e§x§E§2§0§0§2§B §x§F§3§0§0§0§0O§x§E§2§0§0§2§An§x§D§0§0§0§5§5i§x§B§F§0§0§8§0 §x§A§D§0§0§A§AK§x§9§C§0§0§D§5e§x§8§A§0§0§F§Fy to Abbadex for $3,500,000.
[16:45:27] > HwanYo remove x1 §f§l§x§8§A§0§0§F§FS§x§9§C§0§0§D§5h§x§A§D§0§0§A§Ai§x§B§F§0§0§8§0n§x§D§0§0§0§5§5e§x§E§2§0§0§2§B §x§F§3§0§0§0§0O§x§E§2§0§0§2§An§x§D§0§0§0§5§5i§x§B§F§0§0§8§0 §x§A§D§0§0§A§AK§x§9§C§0§0§D§5e§x§8§A§0§0§F§Fy from buy
[16:46:14] > HwanYo buy x64 Golden apple to Keeos for $150,000.
[16:46:47] > HwanYo added x1 §x§5§9§A§1§D§9§lA§x§6§B§A§B§D§Dr§x§7§E§B§6§E§1c§x§9§0§C§0§E§6h§x§A§3§C§B§E§Aa§x§B§5§D§5§E§En§x§C§8§E§0§F§2g§x§D§A§E§A§F§7e§x§E§D§F§5§F§Bl §x§E§A§F§3§F§AB§x§D§6§E§8§F§6a§x§C§1§D§C§F§1c§x§A§C§D§0§E§Ck§x§9§7§C§4§E§7p§x§8§3§B§9§E§3a§x§6§E§A§D§D§Ec§x§5§9§A§1§D§9k in auction for 700000.
[16:49:10] > Icon_Skully buy x1 §x§E§5§1§B§1§B§lDracula Sword to Cooldoggiexd for $20,000.
[16:49:15] > Icon_Skully buy x1 §x§E§5§1§B§1§B§lDracula Pickaxe to Lumpy for $10,000.
[16:50:32] > BlackKnight buy x1 §f§l§8B§x§6§6§6§6§6§6a§x§7§7§7§7§7§7h§x§8§8§8§8§8§8a§x§9§9§9§9§9§9m§7u§x§9§9§9§9§9§9t§x§8§8§8§8§8§8 §x§7§7§7§7§7§7H§x§6§6§6§6§6§6o§8e to Lumpy for $40,000.
[16:50:39] > BlackKnight buy x1 §f§l§8B§x§5§E§5§E§5§Ea§x§6§8§6§8§6§8h§x§7§1§7§1§7§1a§x§7§B§7§B§7§Bm§x§8§4§8§4§8§4u§x§8§E§8§E§8§Et§x§9§7§9§7§9§7 §x§A§1§A§1§A§1F§7i§x§A§1§A§1§A§1s§x§9§7§9§7§9§7h§x§8§E§8§E§8§Ei§x§8§4§8§4§8§4n§x§7§B§7§B§7§Bg§x§7§1§7§1§7§1 §x§6§8§6§8§6§8R§x§5§E§5§E§5§Eo§8d to Padjibarr for $100,000.
[16:50:41] > BlackKnight buy x1 §f§l§8B§x§6§4§6§4§6§4a§x§7§4§7§4§7§4h§x§8§3§8§3§8§3a§x§9§3§9§3§9§3m§x§A§2§A§2§A§2ut§x§9§3§9§3§9§3 §x§8§3§8§3§8§3C§x§7§4§7§4§7§4l§x§6§4§6§4§6§4u§8b to dat_boi for $200,000.
[16:52:30] > anneyong buy x1 §x§5§9§A§1§D§9§lA§x§6§B§A§B§D§Dr§x§7§E§B§6§E§1c§x§9§0§C§0§E§6h§x§A§3§C§B§E§Aa§x§B§5§D§5§E§En§x§C§8§E§0§F§2g§x§D§A§E§A§F§7e§x§E§D§F§5§F§Bl §x§E§A§F§3§F§AB§x§D§6§E§8§F§6a§x§C§1§D§C§F§1c§x§A§C§D§0§E§Ck§x§9§7§C§4§E§7p§x§8§3§B§9§E§3a§x§6§E§A§D§D§Ec§x§5§9§A§1§D§9k to HwanYo for $700,000.
[16:52:33] > dat_boi added x1 §f§l§x§8§A§0§0§F§FS§x§9§5§0§0§E§4h§x§A§0§0§0§C§9i§x§A§B§0§0§A§En§x§B§6§0§0§9§4e§x§C§1§0§0§7§9 §x§C§C§0§0§5§EO§x§D§7§0§0§4§3n§x§E§2§0§0§2§8i§x§E§D§0§0§0§D B§x§E§2§0§0§2§8a§x§D§7§0§0§4§3t§x§C§C§0§0§5§Et§x§C§1§0§0§7§9l§x§B§6§0§0§9§4e§x§A§B§0§0§A§E §x§A§0§0§0§C§9A§x§9§5§0§0§E§4x§x§8§A§0§0§F§Fe in auction for 600000.
[16:52:37] > anneyong remove x1 §f§bWarden Plushie §6(#93/101) form buy
[16:52:37] > anneyong remove x1 §x§5§9§A§1§D§9§lA§x§6§B§A§B§D§Dr§x§7§E§B§6§E§1c§x§9§0§C§0§E§6h§x§A§3§C§B§E§Aa§x§B§5§D§5§E§En§x§C§8§E§0§F§2g§x§D§A§E§A§F§7e§x§E§D§F§5§F§Bl §x§E§A§F§3§F§AB§x§D§6§E§8§F§6a§x§C§1§D§C§F§1c§x§A§C§D§0§E§Ck§x§9§7§C§4§E§7p§x§8§3§B§9§E§3a§x§6§E§A§D§D§Ec§x§5§9§A§1§D§9k form buy
[16:52:37] > anneyong remove x1 §x§F§F§5§5§0§0§lsᴇʟʟᴡᴀɴᴅ §6- 10.0x form buy
[16:53:32] > Unforce01 buy x1 §f§l§x§8§A§0§0§F§FS§x§9§5§0§0§E§4h§x§A§0§0§0§C§9i§x§A§B§0§0§A§En§x§B§6§0§0§9§4e§x§C§1§0§0§7§9 §x§C§C§0§0§5§EO§x§D§7§0§0§4§3n§x§E§2§0§0§2§8i§x§E§D§0§0§0§D B§x§E§2§0§0§2§8a§x§D§7§0§0§4§3t§x§C§C§0§0§5§Et§x§C§1§0§0§7§9l§x§B§6§0§0§9§4e§x§A§B§0§0§A§E §x§A§0§0§0§C§9A§x§9§5§0§0§E§4x§x§8§A§0§0§F§Fe to dat_boi for $600,000.
[16:53:51] > Unforce01 remove x1 §f§l§x§8§A§0§0§F§FS§x§9§5§0§0§E§4h§x§A§0§0§0§C§9i§x§A§B§0§0§A§En§x§B§6§0§0§9§4e§x§C§1§0§0§7§9 §x§C§C§0§0§5§EO§x§D§7§0§0§4§3n§x§E§2§0§0§2§8i§x§E§D§0§0§0§D B§x§E§2§0§0§2§8a§x§D§7§0§0§4§3t§x§C§C§0§0§5§Et§x§C§1§0§0§7§9l§x§B§6§0§0§9§4e§x§A§B§0§0§A§E §x§A§0§0§0§C§9A§x§9§5§0§0§E§4x§x§8§A§0§0§F§Fe form buy
[16:55:21] > BlackKnight buy x1 Spawner to kabayooo for $100,000.
[16:55:39] > BlackKnight remove x1 Spawner from buy
[16:55:40] > BlackKnight remove x1 §f§l§8B§x§6§6§6§6§6§6a§x§7§7§7§7§7§7h§x§8§8§8§8§8§8a§x§9§9§9§9§9§9m§7u§x§9§9§9§9§9§9t§x§8§8§8§8§8§8 §x§7§7§7§7§7§7H§x§6§6§6§6§6§6o§8e from buy
[16:55:40] > BlackKnight remove x1 §f§l§8B§x§6§4§6§4§6§4a§x§7§4§7§4§7§4h§x§8§3§8§3§8§3a§x§9§3§9§3§9§3m§x§A§2§A§2§A§2ut§x§9§3§9§3§9§3 §x§8§3§8§3§8§3C§x§7§4§7§4§7§4l§x§6§4§6§4§6§4u§8b from buy
[16:55:40] > BlackKnight remove x1 §f§l§8B§x§5§E§5§E§5§Ea§x§6§8§6§8§6§8h§x§7§1§7§1§7§1a§x§7§B§7§B§7§Bm§x§8§4§8§4§8§4u§x§8§E§8§E§8§Et§x§9§7§9§7§9§7 §x§A§1§A§1§A§1F§7i§x§A§1§A§1§A§1s§x§9§7§9§7§9§7h§x§8§E§8§E§8§Ei§x§8§4§8§4§8§4n§x§7§B§7§B§7§Bg§x§7§1§7§1§7§1 §x§6§8§6§8§6§8R§x§5§E§5§E§5§Eo§8d from buy
[16:55:51] > Icon_Skully remove x1 §x§E§5§1§B§1§B§lDracula Sword form buy
[16:55:51] > Icon_Skully remove x1 §x§E§5§1§B§1§B§lDracula Pickaxe form buy
[16:58:41] > Icon_Skully added x1 §x§F§F§5§5§0§0§lsᴇʟʟᴡᴀɴᴅ §6- 5.0x in auction for 500000.
[16:59:10] > Icon_Skully remove x1 §x§F§F§5§5§0§0§lsᴇʟʟᴡᴀɴᴅ §6- 5.0x from storage
[16:59:18] > nachfaust added x1 §x§E§5§1§B§1§B§lDracula Pickaxe in auction for 500000.
[16:59:29] > nachfaust added x1 §f§l§x§F§C§D§0§5§CW§x§F§A§A§A§4§Bu§x§F§9§8§4§3§Bk§x§F§7§5§F§2§Ao§x§F§5§3§9§1§9n§x§F§4§1§3§0§8g §x§F§5§3§9§1§9S§x§F§7§5§F§2§At§x§F§9§8§4§3§Ba§x§F§A§A§A§4§Bf§x§F§C§D§0§5§Cf in auction for 300000.
[16:59:32] > Kodakoda added x1 §fAdventure Hat in auction for 100000.
[17:00:15] > nachfaust buy x1 §x§F§F§7§C§0§0§lSteamsparks Axe to Cooldoggiexd for $50,000.
[17:00:25] > nachfaust remove x1 §x§F§F§7§C§0§0§lSteamsparks Axe from buy
[17:00:59] > nebula12321 buy x64 Golden apple to Keeos for $150,000.
[17:01:03] > nebula12321 buy x64 Golden apple to Keeos for $150,000.
[17:01:20] > BlackKnight remove x1 §f§l§x§8§A§0§0§F§FS§x§9§C§0§0§D§5h§x§A§D§0§0§A§Ai§x§B§F§0§0§8§0n§x§D§0§0§0§5§5e§x§E§2§0§0§2§B §x§F§3§0§0§0§0O§x§E§2§0§0§2§An§x§D§0§0§0§5§5i§x§B§F§0§0§8§0 §x§A§D§0§0§A§AB§x§9§C§0§0§D§5o§x§8§A§0§0§F§Fw from storage
[17:01:31] > BlackKnight added x1 §f§l§x§8§A§0§0§F§FS§x§9§C§0§0§D§5h§x§A§D§0§0§A§Ai§x§B§F§0§0§8§0n§x§D§0§0§0§5§5e§x§E§2§0§0§2§B §x§F§3§0§0§0§0O§x§E§2§0§0§2§An§x§D§0§0§0§5§5i§x§B§F§0§0§8§0 §x§A§D§0§0§A§AB§x§9§C§0§0§D§5o§x§8§A§0§0§F§Fw in auction for 4000000.
[17:03:36] > nebula12321 remove x64 Golden apple from buy
[17:03:37] > nebula12321 remove x64 Golden apple from buy
[17:03:43] > Endermanpandak buy x1 §fWitch Hat to Johng10910 for $50,000.
[17:03:54] > kabayooo remove x1 §x§F§F§5§5§0§0§lsᴇʟʟᴡᴀɴᴅ §6- 20.0x from storage
[17:04:13] > kabayooo added x1 §x§F§F§5§5§0§0§lsᴇʟʟᴡᴀɴᴅ §6- 20.0x in auction for 2000000.
[17:04:48] > Endermanpandak buy x1 Diamond pickaxe to belvi__ for $100,000.
[17:05:13] > nebula12321 buy x64 Golden apple to Keeos for $150,000.
[17:16:13] > HwanYo buy x1 §f§l§x§8§A§0§0§F§FS§x§9§C§0§0§D§5h§x§A§D§0§0§A§Ai§x§B§F§0§0§8§0n§x§D§0§0§0§5§5e§x§E§2§0§0§2§B §x§F§3§0§0§0§0O§x§E§2§0§0§2§An§x§D§0§0§0§5§5i§x§B§F§0§0§8§0 §x§A§D§0§0§A§AK§x§9§C§0§0§D§5e§x§8§A§0§0§F§Fy to Abbadex for $3,500,000.
[17:16:17] > HwanYo remove x1 §f§l§x§8§A§0§0§F§FS§x§9§C§0§0§D§5h§x§A§D§0§0§A§Ai§x§B§F§0§0§8§0n§x§D§0§0§0§5§5e§x§E§2§0§0§2§B §x§F§3§0§0§0§0O§x§E§2§0§0§2§An§x§D§0§0§0§5§5i§x§B§F§0§0§8§0 §x§A§D§0§0§A§AK§x§9§C§0§0§D§5e§x§8§A§0§0§F§Fy from buy
[17:20:25] > belvi__ remove x1 Diamond pickaxe from storage
[17:20:37] > belvi__ remove x1 Diamond pickaxe from storage
[17:20:37] > belvi__ remove x1 Diamond pickaxe from storage
[17:20:53] > belvi__ added x1 Diamond pickaxe in auction for 80000.
[17:21:04] > belvi__ added x1 Diamond pickaxe in auction for 80000.
[17:24:29] > x1 Diamond boots on sale by Gaisano has just expired, it goes in the inventory of expired items.
[17:25:08] > x1 Diamond helmet on sale by Gaisano has just expired, it goes in the inventory of expired items.
[17:25:08] > x1 Diamond chestplate on sale by Gaisano has just expired, it goes in the inventory of expired items.
[17:25:13] > x1 Diamond leggings on sale by Gaisano has just expired, it goes in the inventory of expired items.
[17:25:50] > UnavailableTest buy x1 §x§F§F§5§5§0§0§lsᴇʟʟᴡᴀɴᴅ §6- 20.0x to kabayooo for $2,000,000.
[17:25:58] > UnavailableTest remove x1 §x§F§F§5§5§0§0§lsᴇʟʟᴡᴀɴᴅ §6- 20.0x form buy
[17:26:47] > 8it5inn buy x1 §x§E§5§1§B§1§B§lDracula Fishing to Padjibarr for $50,000.
[17:26:52] > 8it5inn remove x1 §x§E§5§1§B§1§B§lDracula Fishing from buy
[17:40:16] > anneyong added x1 §f§l§x§8§A§0§0§F§FS§x§9§5§0§0§E§4h§x§A§0§0§0§C§9i§x§A§B§0§0§A§En§x§B§6§0§0§9§4e§x§C§1§0§0§7§9 §x§C§C§0§0§5§EO§x§D§7§0§0§4§3n§x§E§2§0§0§2§8i§x§E§D§0§0§0§D B§x§E§2§0§0§2§8a§x§D§7§0§0§4§3t§x§C§C§0§0§5§Et§x§C§1§0§0§7§9l§x§B§6§0§0§9§4e§x§A§B§0§0§A§E §x§A§0§0§0§C§9A§x§9§5§0§0§E§4x§x§8§A§0§0§F§Fe in auction for 2500000.
[17:48:36] > Padjibarr added x1 §x§F§F§7§C§0§0§lSteamsparks Spear in auction for 10.
[17:50:31] > nachfaust buy x1 §x§F§F§7§C§0§0§lSteamsparks Spear to Padjibarr for $10.
[17:56:34] > nachfaust remove x1 §x§F§F§7§C§0§0§lSteamsparks Spear from buy
[18:01:34] > dat_boi added x1 §f§l§8B§x§6§2§6§2§6§2a§x§6§F§6§F§6§Fh§x§7§C§7§C§7§Ca§x§8§9§8§9§8§9m§x§9§6§9§6§9§6u§x§A§3§A§3§A§3t §x§9§6§9§6§9§6S§x§8§9§8§9§8§9h§x§7§C§7§C§7§Ci§x§6§F§6§F§6§Fe§x§6§2§6§2§6§2l§8d in auction for 150000.
[18:02:45] > nachfaust added x1 §x§F§F§7§C§0§0§lSteamsparks Spear in auction for 150000.
[18:04:43] > ELITEAtlas remove x1 §f§l§x§8§A§0§0§F§FS§x§9§6§0§0§E§3h§x§A§1§0§0§C§6i§x§A§D§0§0§A§An§x§B§9§0§0§8§Ee§x§C§4§0§0§7§1 §x§D§0§0§0§5§5O§x§D§C§0§0§3§9n§x§E§7§0§0§1§Ci§x§F§3§0§0§0§0 §x§E§7§0§0§1§CB§x§D§C§0§0§3§9i§x§D§0§0§0§5§5g§x§C§4§0§0§7§1 §x§B§9§0§0§8§ES§x§A§D§0§0§A§Aw§x§A§1§0§0§C§6o§x§9§6§0§0§E§3r§x§8§A§0§0§F§Fd from expire
[18:04:43] > ELITEAtlas remove x1 §x§F§F§7§C§0§0§lSteamsparks Staff from expire
[18:04:44] > ELITEAtlas remove x1 §esᴘɪᴅᴇʀ sᴘᴀᴡɴᴇʀ from expire
[18:04:53] > ELITEAtlas added x1 §f§l§x§8§A§0§0§F§FS§x§9§6§0§0§E§3h§x§A§1§0§0§C§6i§x§A§D§0§0§A§An§x§B§9§0§0§8§Ee§x§C§4§0§0§7§1 §x§D§0§0§0§5§5O§x§D§C§0§0§3§9n§x§E§7§0§0§1§Ci§x§F§3§0§0§0§0 §x§E§7§0§0§1§CB§x§D§C§0§0§3§9i§x§D§0§0§0§5§5g§x§C§4§0§0§7§1 §x§B§9§0§0§8§ES§x§A§D§0§0§A§Aw§x§A§1§0§0§C§6o§x§9§6§0§0§E§3r§x§8§A§0§0§F§Fd in auction for 3000000.
[18:05:03] > ELITEAtlas added x1 §x§F§F§7§C§0§0§lSteamsparks Staff in auction for 200000.
[18:05:18] > ELITEAtlas added x1 §esᴘɪᴅᴇʀ sᴘᴀᴡɴᴇʀ in auction for 600000.
[18:06:22] > ELITEAtlas remove x1 §esᴘɪᴅᴇʀ sᴘᴀᴡɴᴇʀ from storage
[18:06:25] > ELITEAtlas remove x1 §esᴘɪᴅᴇʀ sᴘᴀᴡɴᴇʀ from expire
[18:07:08] > cart224 remove x1 §f§l§x§F§C§D§0§5§CW§x§F§B§A§D§4§Du§x§F§9§8§B§3§Dk§x§F§8§6§8§2§Eo§x§F§6§4§5§1§Fn§x§F§5§2§3§0§Fg§x§F§3§0§0§0§0 §x§F§5§2§3§0§FD§x§F§6§4§5§1§Fa§x§F§8§6§8§2§Eg§x§F§9§8§B§3§Dg§x§F§B§A§D§4§De§x§F§C§D§0§5§Cr from storage
[18:07:21] > cart224 remove x1 §f§l§8B§x§6§3§6§3§6§3a§x§7§1§7§1§7§1h§x§8§0§8§0§8§0a§x§8§E§8§E§8§Em§x§9§C§9§C§9§Cu§7t§x§9§C§9§C§9§C §x§8§E§8§E§8§ES§x§8§0§8§0§8§0t§x§7§1§7§1§7§1a§x§6§3§6§3§6§3f§8f from storage
[18:07:30] > cart224 remove x1 §f§l§8B§x§6§3§6§3§6§3a§x§7§1§7§1§7§1h§x§8§0§8§0§8§0a§x§8§E§8§E§8§Em§x§9§C§9§C§9§Cu§7t§x§9§C§9§C§9§C §x§8§E§8§E§8§ES§x§8§0§8§0§8§0t§x§7§1§7§1§7§1a§x§6§3§6§3§6§3f§8f from expire
[18:07:30] > cart224 remove x1 §f§l§x§F§C§D§0§5§CW§x§F§B§A§D§4§Du§x§F§9§8§B§3§Dk§x§F§8§6§8§2§Eo§x§F§6§4§5§1§Fn§x§F§5§2§3§0§Fg§x§F§3§0§0§0§0 §x§F§5§2§3§0§FD§x§F§6§4§5§1§Fa§x§F§8§6§8§2§Eg§x§F§9§8§B§3§Dg§x§F§B§A§D§4§De§x§F§C§D§0§5§Cr from expire
[18:12:03] > HPMR_GaMerz buy x1 §x§3§4§9§8§D§Bᴄᴀᴠᴇ ꜱᴘɪᴅᴇʀ ꜱᴘᴀᴡɴᴇʀ to Applegod9 for $400,000.
[18:12:06] > HPMR_GaMerz buy x1 §x§3§4§9§8§D§Bᴄᴀᴠᴇ ꜱᴘɪᴅᴇʀ ꜱᴘᴀᴡɴᴇʀ to Applegod9 for $400,000.
[18:12:07] > HPMR_GaMerz buy x1 §x§3§4§9§8§D§Bᴄᴀᴠᴇ ꜱᴘɪᴅᴇʀ ꜱᴘᴀᴡɴᴇʀ to Applegod9 for $400,000.
[18:12:09] > HPMR_GaMerz buy x1 §x§3§4§9§8§D§Bᴄᴀᴠᴇ ꜱᴘɪᴅᴇʀ ꜱᴘᴀᴡɴᴇʀ to Xavier881 for $350,000.
[18:12:15] > HPMR_GaMerz remove x1 §x§3§4§9§8§D§Bꜱʜᴇᴇᴘ ꜱᴘᴀᴡɴᴇʀ from buy
[18:12:15] > HPMR_GaMerz remove x1 §x§3§4§9§8§D§Bᴘɪɢ ꜱᴘᴀᴡɴᴇʀ from buy
[18:12:15] > HPMR_GaMerz remove x2 §x§3§4§9§8§D§Bᴄᴀᴠᴇ ꜱᴘɪᴅᴇʀ ꜱᴘᴀᴡɴᴇʀ from buy
[18:12:15] > HPMR_GaMerz remove x1 §x§3§4§9§8§D§Bᴄᴀᴠᴇ ꜱᴘɪᴅᴇʀ ꜱᴘᴀᴡɴᴇʀ from buy
[18:12:16] > HPMR_GaMerz remove x1 §x§3§4§9§8§D§Bᴄᴀᴠᴇ ꜱᴘɪᴅᴇʀ ꜱᴘᴀᴡɴᴇʀ from buy
[18:12:16] > HPMR_GaMerz remove x1 §x§3§4§9§8§D§Bᴄᴀᴠᴇ ꜱᴘɪᴅᴇʀ ꜱᴘᴀᴡɴᴇʀ from buy
[18:12:16] > HPMR_GaMerz remove x1 §x§3§4§9§8§D§Bᴄᴀᴠᴇ ꜱᴘɪᴅᴇʀ ꜱᴘᴀᴡɴᴇʀ from buy
[18:12:19] > HPMR_GaMerz remove x1 §eᴡᴀʀᴅᴇɴ ꜱᴘᴀᴡɴᴇʀ from buy
[18:12:34] > HwanYo added x1 §esᴋᴇʟᴇᴛᴏɴ sᴘᴀᴡɴᴇʀ in auction for 600000.
[18:23:46] > ELITEAtlas remove x1 §f§l§x§8§A§0§0§F§FS§x§9§6§0§0§E§3h§x§A§1§0§0§C§6i§x§A§D§0§0§A§An§x§B§9§0§0§8§Ee§x§C§4§0§0§7§1 §x§D§0§0§0§5§5O§x§D§C§0§0§3§9n§x§E§7§0§0§1§Ci§x§F§3§0§0§0§0 §x§E§7§0§0§1§CB§x§D§C§0§0§3§9i§x§D§0§0§0§5§5g§x§C§4§0§0§7§1 §x§B§9§0§0§8§ES§x§A§D§0§0§A§Aw§x§A§1§0§0§C§6o§x§9§6§0§0§E§3r§x§8§A§0§0§F§Fd from storage
[18:23:51] > ELITEAtlas remove x1 §f§l§x§8§A§0§0§F§FS§x§9§6§0§0§E§3h§x§A§1§0§0§C§6i§x§A§D§0§0§A§An§x§B§9§0§0§8§Ee§x§C§4§0§0§7§1 §x§D§0§0§0§5§5O§x§D§C§0§0§3§9n§x§E§7§0§0§1§Ci§x§F§3§0§0§0§0 §x§E§7§0§0§1§CB§x§D§C§0§0§3§9i§x§D§0§0§0§5§5g§x§C§4§0§0§7§1 §x§B§9§0§0§8§ES§x§A§D§0§0§A§Aw§x§A§1§0§0§C§6o§x§9§6§0§0§E§3r§x§8§A§0§0§F§Fd from expire
[18:24:12] > nnorv1 remove x64 Golden apple from buy
[18:31:30] > .Allxnzv added x1 §f§l§x§8§A§0§0§F§FS§x§9§8§0§0§D§Dh§x§A§6§0§0§B§Bi§x§B§4§0§0§9§9n§x§C§2§0§0§7§7e§x§D§0§0§0§5§5 §x§D§E§0§0§3§3O§x§E§C§0§0§1§1ni§x§D§E§0§0§3§3 §x§D§0§0§0§5§5S§x§C§2§0§0§7§7h§x§B§4§0§0§9§9i§x§A§6§0§0§B§Be§x§9§8§0§0§D§Dl§x§8§A§0§0§F§Fd in auction for 1500000.
[18:32:05] > .AppriXD added x1 §x§F§F§7§C§0§0§lSteamsparks Staff in auction for 200000.
[18:32:21] > .AppriXD remove x1 §x§F§F§7§C§0§0§lSteamsparks Staff from storage
[18:33:01] > nachfaust added x1 §x§3§4§9§8§D§Bᴄᴀᴠᴇ ꜱᴘɪᴅᴇʀ ꜱᴘᴀᴡɴᴇʀ in auction for 200000.
[18:33:28] > .Allxnzv added x1 §f§l§8B§x§6§3§6§3§6§3a§x§7§1§7§1§7§1h§x§8§0§8§0§8§0a§x§8§E§8§E§8§Em§x§9§C§9§C§9§Cu§7t§x§9§C§9§C§9§C §x§8§E§8§E§8§ES§x§8§0§8§0§8§0w§x§7§1§7§1§7§1o§x§6§3§6§3§6§3r§8d in auction for 200000.
[18:33:43] > .Allxnzv added x1 §f§l§x§F§C§D§0§5§CW§x§F§B§A§D§4§Du§x§F§9§8§B§3§Dk§x§F§8§6§8§2§Eo§x§F§6§4§5§1§Fn§x§F§5§2§3§0§Fg§x§F§3§0§0§0§0 §x§F§5§2§3§0§FS§x§F§6§4§5§1§Fh§x§F§8§6§8§2§Eo§x§F§9§8§B§3§Dv§x§F§B§A§D§4§De§x§F§C§D§0§5§Cl in auction for 100000.
[18:34:11] > .Allxnzv added x1 §x§E§5§1§B§1§B§lDracula Staff in auction for 100000.
[18:34:14] > BlackKnight buy x1 §f§l§8B§x§6§2§6§2§6§2a§x§6§F§6§F§6§Fh§x§7§C§7§C§7§Ca§x§8§9§8§9§8§9m§x§9§6§9§6§9§6u§x§A§3§A§3§A§3t §x§9§6§9§6§9§6S§x§8§9§8§9§8§9h§x§7§C§7§C§7§Ci§x§6§F§6§F§6§Fe§x§6§2§6§2§6§2l§8d to dat_boi for $150,000.
[18:34:20] > BlackKnight buy x1 §x§3§4§9§8§D§Bᴄᴀᴠᴇ ꜱᴘɪᴅᴇʀ ꜱᴘᴀᴡɴᴇʀ to nachfaust for $200,000.
[18:34:23] > BlackKnight buy x1 §f§l§8B§x§6§3§6§3§6§3a§x§7§1§7§1§7§1h§x§8§0§8§0§8§0a§x§8§E§8§E§8§Em§x§9§C§9§C§9§Cu§7t§x§9§C§9§C§9§C §x§8§E§8§E§8§ES§x§8§0§8§0§8§0w§x§7§1§7§1§7§1o§x§6§3§6§3§6§3r§8d to .Allxnzv for $200,000.
[18:34:30] > .Allxnzv added x1 §x§F§F§7§C§0§0§lSteamsparks Boots in auction for 250000.
[18:34:35] > BlackKnight remove x1 §f§l§x§8§A§0§0§F§FS§x§9§C§0§0§D§5h§x§A§D§0§0§A§Ai§x§B§F§0§0§8§0n§x§D§0§0§0§5§5e§x§E§2§0§0§2§B §x§F§3§0§0§0§0O§x§E§2§0§0§2§An§x§D§0§0§0§5§5i§x§B§F§0§0§8§0 §x§A§D§0§0§A§AB§x§9§C§0§0§D§5o§x§8§A§0§0§F§Fw from storage
[18:34:44] > BlackKnight added x1 §f§l§x§8§A§0§0§F§FS§x§9§C§0§0§D§5h§x§A§D§0§0§A§Ai§x§B§F§0§0§8§0n§x§D§0§0§0§5§5e§x§E§2§0§0§2§B §x§F§3§0§0§0§0O§x§E§2§0§0§2§An§x§D§0§0§0§5§5i§x§B§F§0§0§8§0 §x§A§D§0§0§A§AB§x§9§C§0§0§D§5o§x§8§A§0§0§F§Fw in auction for 3000000.
[18:35:22] > HwanYo buy x1 §f§l§x§8§A§0§0§F§FS§x§9§5§0§0§E§4h§x§A§0§0§0§C§9i§x§A§B§0§0§A§En§x§B§6§0§0§9§4e§x§C§1§0§0§7§9 §x§C§C§0§0§5§EO§x§D§7§0§0§4§3n§x§E§2§0§0§2§8i§x§E§D§0§0§0§D B§x§E§2§0§0§2§8a§x§D§7§0§0§4§3t§x§C§C§0§0§5§Et§x§C§1§0§0§7§9l§x§B§6§0§0§9§4e§x§A§B§0§0§A§E §x§A§0§0§0§C§9A§x§9§5§0§0§E§4x§x§8§A§0§0§F§Fe to anneyong for $2,500,000.
[18:35:26] > HwanYo remove x1 §f§l§x§8§A§0§0§F§FS§x§9§5§0§0§E§4h§x§A§0§0§0§C§9i§x§A§B§0§0§A§En§x§B§6§0§0§9§4e§x§C§1§0§0§7§9 §x§C§C§0§0§5§EO§x§D§7§0§0§4§3n§x§E§2§0§0§2§8i§x§E§D§0§0§0§D B§x§E§2§0§0§2§8a§x§D§7§0§0§4§3t§x§C§C§0§0§5§Et§x§C§1§0§0§7§9l§x§B§6§0§0§9§4e§x§A§B§0§0§A§E §x§A§0§0§0§C§9A§x§9§5§0§0§E§4x§x§8§A§0§0§F§Fe from buy
[18:35:26] > HwanYo remove x64 Golden apple from buy
[18:37:48] > nachfaust added x1 §x§3§4§9§8§D§Bᴄᴀᴠᴇ ꜱᴘɪᴅᴇʀ ꜱᴘᴀᴡɴᴇʀ in auction for 300000.
[18:41:27] > BlackKnight remove x1 §x§3§4§9§8§D§Bᴄᴀᴠᴇ ꜱᴘɪᴅᴇʀ ꜱᴘᴀᴡɴᴇʀ from buy
[18:41:27] > BlackKnight remove x1 §f§l§8B§x§6§2§6§2§6§2a§x§6§F§6§F§6§Fh§x§7§C§7§C§7§Ca§x§8§9§8§9§8§9m§x§9§6§9§6§9§6u§x§A§3§A§3§A§3t §x§9§6§9§6§9§6S§x§8§9§8§9§8§9h§x§7§C§7§C§7§Ci§x§6§F§6§F§6§Fe§x§6§2§6§2§6§2l§8d from buy
[18:41:28] > BlackKnight remove x1 §f§l§8B§x§6§3§6§3§6§3a§x§7§1§7§1§7§1h§x§8§0§8§0§8§0a§x§8§E§8§E§8§Em§x§9§C§9§C§9§Cu§7t§x§9§C§9§C§9§C §x§8§E§8§E§8§ES§x§8§0§8§0§8§0w§x§7§1§7§1§7§1o§x§6§3§6§3§6§3r§8d from buy
[18:43:30] > ELITEAtlas added x1 Shulker box in auction for 5000000.
[18:43:43] > nnorv1 remove x41 Golden apple from buy
[18:46:12] > reckahorp added x1 §x§5§9§A§1§D§9§lA§x§6§E§A§D§D§Er§x§8§3§B§9§E§3c§x§9§7§C§4§E§7h§x§A§C§D§0§E§Ca§x§C§1§D§C§F§1n§x§D§6§E§8§F§6g§x§E§A§F§3§F§Ae§fl §x§D§0§E§4§F§4H§x§B§8§D§7§E§Fa§x§A§0§C§9§E§9m§x§8§8§B§C§E§4m§x§7§1§A§E§D§Ee§x§5§9§A§1§D§9r in auction for 1000000.
[18:52:54] > BlackKnight buy x1 §x§3§4§9§8§D§Bᴄᴀᴠᴇ ꜱᴘɪᴅᴇʀ ꜱᴘᴀᴡɴᴇʀ to nachfaust for $300,000.
[19:00:40] > x1 §x§5§C§C§F§F§C§lC§x§5§C§D§1§F§5§lo§x§5§D§D§4§E§E§ls§x§5§D§D§6§E§7§lm§x§5§E§D§9§E§1§le§x§5§E§D§B§D§A§lt§x§5§E§D§D§D§3§li§x§5§F§E§0§C§C§lc §x§5§F§E§0§C§C§lH§x§5§E§D§D§D§3§la§x§5§E§D§B§D§A§lt§x§5§E§D§9§E§1§ls §x§5§D§D§4§E§E§lK§x§5§C§D§1§F§5§le§x§5§C§C§F§F§C§ly on sale by Seirione has just expired, it goes in the inventory of expired items.
[19:00:51] > dat_boi remove x1 §x§E§5§1§B§1§B§lDracula Spear from storage
[19:05:03] > dat_boi added x1 §x§E§5§1§B§1§B§lDracula Spear in auction for 200000.
[19:05:14] > dat_boi remove x1 §x§E§5§1§B§1§B§lDracula Spear from storage
[19:05:20] > Palietass buy x4 Nether star to Cooldoggiexd for $200,000.
[19:05:25] > dat_boi added x1 §x§E§5§1§B§1§B§lDracula Spear in auction for 200000.
[19:05:30] > Palietass remove x4 Nether star from buy
[19:05:47] > dat_boi added x1 §f§l§x§8§A§0§0§F§FS§x§9§8§0§0§D§Dh§x§A§6§0§0§B§Bi§x§B§4§0§0§9§9n§x§C§2§0§0§7§7e§x§D§0§0§0§5§5 §x§D§E§0§0§3§3O§x§E§C§0§0§1§1ni§x§D§E§0§0§3§3 §x§D§0§0§0§5§5S§x§C§2§0§0§7§7h§x§B§4§0§0§9§9i§x§A§6§0§0§B§Be§x§9§8§0§0§D§Dl§x§8§A§0§0§F§Fd in auction for 500000.
[19:07:46] > dat_boi remove x1 §x§E§5§1§B§1§B§lDracula Dagger from storage
[19:07:48] > dat_boi remove x1 §f§l§x§F§C§D§0§5§CW§x§F§A§A§6§4§Au§x§F§8§7§D§3§7k§x§F§7§5§3§2§5o§x§F§5§2§A§1§2n§x§F§3§0§0§0§0g§x§F§5§2§A§1§2 §x§F§7§5§3§2§5C§x§F§8§7§D§3§7l§x§F§A§A§6§4§Au§x§F§C§D§0§5§Cb from storage
[19:07:50] > dat_boi remove x1 §x§F§F§7§C§0§0§lSteamsparks Staff from storage
[19:12:52] > dat_boi added x1 §x§F§F§7§C§0§0§lSteamsparks Staff in auction for 200000.
[19:13:05] > dat_boi added x1 §x§E§5§1§B§1§B§lDracula Dagger in auction for 200000.
[19:13:22] > dat_boi added x1 §f§l§x§F§C§D§0§5§CW§x§F§A§A§6§4§Au§x§F§8§7§D§3§7k§x§F§7§5§3§2§5o§x§F§5§2§A§1§2n§x§F§3§0§0§0§0g§x§F§5§2§A§1§2 §x§F§7§5§3§2§5C§x§F§8§7§D§3§7l§x§F§A§A§6§4§Au§x§F§C§D§0§5§Cb in auction for 600000.
[19:13:53] > x1 §f§l§x§F§C§D§0§5§CW§x§F§B§B§D§5§4u§x§F§A§A§A§4§Bk§x§F§A§9§7§4§3o§x§F§9§8§4§3§Bn§x§F§8§7§1§3§2g§x§F§7§5§F§2§A §x§F§6§4§C§2§1B§x§F§5§3§9§1§9o§x§F§5§2§6§1§1o§x§F§4§1§3§0§8t§x§F§3§0§0§0§0s on sale by monggol has just expired, it goes in the inventory of expired items.
[19:16:43] > Callistrix buy x1 Shulker box to anneyong for $2,000,000.
[19:16:59] > Callistrix remove x1 Shulker box from buy
[19:21:48] > namerikangel added x1 Enchanted book in auction for 750000.
[19:25:55] > x1 §f§l§8B§x§5§F§5§F§5§Fa§x§6§9§6§9§6§9h§x§7§3§7§3§7§3a§x§7§D§7§D§7§Dm§x§8§7§8§7§8§7u§x§9§1§9§1§9§1t§x§9§B§9§B§9§B §x§A§5§A§5§A§5Ch§x§9§B§9§B§9§Be§x§9§1§9§1§9§1s§x§8§7§8§7§8§7t§x§7§D§7§D§7§Dp§x§7§3§7§3§7§3l§x§6§9§6§9§6§9a§x§5§F§5§F§5§Ft§8e on sale by BlackKnight has just expired, it goes in the inventory of expired items.
[19:26:50] > x1 §f§l§8B§x§6§0§6§0§6§0a§x§6§C§6§C§6§Ch§x§7§7§7§7§7§7a§x§8§2§8§2§8§2m§x§8§E§8§E§8§Eu§x§9§9§9§9§9§9t§x§A§4§A§4§A§4 G§x§9§9§9§9§9§9a§x§8§E§8§E§8§Eu§x§8§2§8§2§8§2n§x§7§7§7§7§7§7t§x§6§C§6§C§6§Cl§x§6§0§6§0§6§0e§8t on sale by BlackKnight has just expired, it goes in the inventory of expired items.
[19:26:50] > x1 §f§l§8B§x§6§3§6§3§6§3a§x§7§1§7§1§7§1h§x§8§0§8§0§8§0a§x§8§E§8§E§8§Em§x§9§C§9§C§9§Cu§7t§x§9§C§9§C§9§C §x§8§E§8§E§8§ES§x§8§0§8§0§8§0w§x§7§1§7§1§7§1o§x§6§3§6§3§6§3r§8d on sale by BlackKnight has just expired, it goes in the inventory of expired items.
[19:26:50] > x1 §f§l§8B§x§6§1§6§1§6§1a§x§6§D§6§D§6§Dh§x§7§9§7§9§7§9a§x§8§6§8§6§8§6m§x§9§2§9§2§9§2u§x§9§E§9§E§9§Et§7 §x§9§E§9§E§9§EH§x§9§2§9§2§9§2a§x§8§6§8§6§8§6l§x§7§9§7§9§7§9b§x§6§D§6§D§6§De§x§6§1§6§1§6§1r§8d on sale by BlackKnight has just expired, it goes in the inventory of expired items.
[19:28:14] > x1 §f§l§8B§x§6§6§6§6§6§6a§x§7§7§7§7§7§7h§x§8§8§8§8§8§8a§x§9§9§9§9§9§9m§7u§x§9§9§9§9§9§9t§x§8§8§8§8§8§8 §x§7§7§7§7§7§7H§x§6§6§6§6§6§6o§8e on sale by BlackKnight has just expired, it goes in the inventory of expired items.
[19:28:14] > x1 §f§l§x§F§C§D§0§5§CW§x§F§A§A§A§4§Bu§x§F§9§8§4§3§Bk§x§F§7§5§F§2§Ao§x§F§5§3§9§1§9n§x§F§4§1§3§0§8g §x§F§5§3§9§1§9S§x§F§7§5§F§2§At§x§F§9§8§4§3§Bi§x§F§A§A§A§4§Bc§x§F§C§D§0§5§Ck on sale by Xavier881 has just expired, it goes in the inventory of expired items.
[19:28:14] > x1 §f§l§8B§x§6§4§6§4§6§4a§x§7§4§7§4§7§4h§x§8§3§8§3§8§3a§x§9§3§9§3§9§3m§x§A§2§A§2§A§2ut§x§9§3§9§3§9§3 §x§8§3§8§3§8§3C§x§7§4§7§4§7§4l§x§6§4§6§4§6§4u§8b on sale by BlackKnight has just expired, it goes in the inventory of expired items.
[19:37:48] > BlackKnight buy x1 §f§l§x§8§A§0§0§F§FS§x§9§8§0§0§D§Dh§x§A§6§0§0§B§Bi§x§B§4§0§0§9§9n§x§C§2§0§0§7§7e§x§D§0§0§0§5§5 §x§D§E§0§0§3§3O§x§E§C§0§0§1§1ni§x§D§E§0§0§3§3 §x§D§0§0§0§5§5S§x§C§2§0§0§7§7h§x§B§4§0§0§9§9i§x§A§6§0§0§B§Be§x§9§8§0§0§D§Dl§x§8§A§0§0§F§Fd to dat_boi for $500,000.
[19:38:02] > nachfaust added x1 §x§3§4§9§8§D§Bᴢᴏᴍʙɪᴇ ꜱᴘᴀᴡɴᴇʀ in auction for 500000.
[19:38:07] > BlackKnight remove x1 §x§3§4§9§8§D§Bᴄᴀᴠᴇ ꜱᴘɪᴅᴇʀ ꜱᴘᴀᴡɴᴇʀ from buy
[19:38:08] > BlackKnight remove x1 §f§l§x§8§A§0§0§F§FS§x§9§8§0§0§D§Dh§x§A§6§0§0§B§Bi§x§B§4§0§0§9§9n§x§C§2§0§0§7§7e§x§D§0§0§0§5§5 §x§D§E§0§0§3§3O§x§E§C§0§0§1§1ni§x§D§E§0§0§3§3 §x§D§0§0§0§5§5S§x§C§2§0§0§7§7h§x§B§4§0§0§9§9i§x§A§6§0§0§B§Be§x§9§8§0§0§D§Dl§x§8§A§0§0§F§Fd from buy
[19:44:15] > 8it5inn buy x1 Shulker box to anneyong for $2,000,000.
[19:44:22] > 8it5inn remove x1 Shulker box from buy
[19:44:24] > reckahorp remove x1 §x§5§9§A§1§D§9§lA§x§6§E§A§D§D§Er§x§8§3§B§9§E§3c§x§9§7§C§4§E§7h§x§A§C§D§0§E§Ca§x§C§1§D§C§F§1n§x§D§6§E§8§F§6g§x§E§A§F§3§F§Ae§fl §x§D§0§E§4§F§4H§x§B§8§D§7§E§Fa§x§A§0§C§9§E§9m§x§8§8§B§C§E§4m§x§7§1§A§E§D§Ee§x§5§9§A§1§D§9r from storage
[19:44:31] > reckahorp added x1 §x§5§9§A§1§D§9§lA§x§6§E§A§D§D§Er§x§8§3§B§9§E§3c§x§9§7§C§4§E§7h§x§A§C§D§0§E§Ca§x§C§1§D§C§F§1n§x§D§6§E§8§F§6g§x§E§A§F§3§F§Ae§fl §x§D§0§E§4§F§4H§x§B§8§D§7§E§Fa§x§A§0§C§9§E§9m§x§8§8§B§C§E§4m§x§7§1§A§E§D§Ee§x§5§9§A§1§D§9r in auction for 800000.
[19:49:57] > tic_sz added x1 Lime shulker box in auction for 9999999.
[19:51:30] > tic_sz remove x1 Lime shulker box from storage
[19:51:34] > x3 Golden apple, item of EEED, has just expired, the item is definitively deleted.
[19:51:34] > x1 §x§F§0§7§A§5§4§lZombie Apocalyptic Helmet, item of tic_sz, has just expired, the item is definitively deleted.
[19:51:35] > tic_sz remove x1 Lime shulker box from expire
[19:57:24] > dat_boi remove x1 §f§l§x§F§C§D§0§5§CW§x§F§A§A§6§4§Au§x§F§8§7§D§3§7k§x§F§7§5§3§2§5o§x§F§5§2§A§1§2n§x§F§3§0§0§0§0g§x§F§5§2§A§1§2 §x§F§7§5§3§2§5C§x§F§8§7§D§3§7l§x§F§A§A§6§4§Au§x§F§C§D§0§5§Cb from storage
[19:59:56] > energygapyan buy x1 Diamond pickaxe to belvi__ for $80,000.
[19:59:58] > dat_boi remove x1 §x§E§5§1§B§1§B§lDracula Dagger from storage
[20:01:44] > energygapyan remove x1 Diamond pickaxe from buy
[20:05:21] > dat_boi added x1 §f§l§x§F§C§D§0§5§CW§x§F§A§A§6§4§Au§x§F§8§7§D§3§7k§x§F§7§5§3§2§5o§x§F§5§2§A§1§2n§x§F§3§0§0§0§0g§x§F§5§2§A§1§2 §x§F§7§5§3§2§5C§x§F§8§7§D§3§7l§x§F§A§A§6§4§Au§x§F§C§D§0§5§Cb in auction for 600000.
[20:05:42] > dat_boi added x1 §x§E§5§1§B§1§B§lDracula Dagger in auction for 200000.
[20:05:47] > firewallisgood added x1 Diamond pickaxe in auction for 50000.
[20:06:49] > firewallisgood remove x1 Diamond pickaxe form storage
[20:07:15] > dat_boi added x1 §x§F§F§7§C§0§0§lSteamsparks Leggings in auction for 150000.
[20:08:06] > firewallisgood added x54 Diamond in auction for 700000.
[20:12:39] > x1 §x§5§9§A§1§D§9§lA§x§6§E§A§D§D§Er§x§8§3§B§9§E§3c§x§9§7§C§4§E§7h§x§A§C§D§0§E§Ca§x§C§1§D§C§F§1n§x§D§6§E§8§F§6g§x§E§A§F§3§F§Ae§fl §x§D§0§E§4§F§4S§x§B§8§D§7§E§Fh§x§A§0§C§9§E§9i§x§8§8§B§C§E§4e§x§7§1§A§E§D§El§x§5§9§A§1§D§9d on sale by BlackKnight has just expired, it goes in the inventory of expired items.
[20:13:06] > dat_boi remove x1 §f§l§x§F§C§D§0§5§CW§x§F§A§A§6§4§Au§x§F§8§7§D§3§7k§x§F§7§5§3§2§5o§x§F§5§2§A§1§2n§x§F§3§0§0§0§0g§x§F§5§2§A§1§2 §x§F§7§5§3§2§5C§x§F§8§7§D§3§7l§x§F§A§A§6§4§Au§x§F§C§D§0§5§Cb from storage
[20:19:40] > dat_boi added x1 §f§l§x§F§C§D§0§5§CW§x§F§A§A§6§4§Au§x§F§8§7§D§3§7k§x§F§7§5§3§2§5o§x§F§5§2§A§1§2n§x§F§3§0§0§0§0g§x§F§5§2§A§1§2 §x§F§7§5§3§2§5C§x§F§8§7§D§3§7l§x§F§A§A§6§4§Au§x§F§C§D§0§5§Cb in auction for 600000.
[20:27:43] > Kodakoda added x1 §x§F§F§5§5§0§0§lsᴇʟʟᴡᴀɴᴅ §6- 5.0x in auction for 450000.
[20:30:13] > reckahorp added x1 §f§l§8B§x§5§F§5§F§5§Fa§x§6§9§6§9§6§9h§x§7§3§7§3§7§3a§x§7§D§7§D§7§Dm§x§8§7§8§7§8§7u§x§9§1§9§1§9§1t§x§9§B§9§B§9§B §x§A§5§A§5§A§5Gr§x§9§B§9§B§9§Be§x§9§1§9§1§9§1a§x§8§7§8§7§8§7t§x§7§D§7§D§7§Ds§x§7§3§7§3§7§3w§x§6§9§6§9§6§9o§x§5§F§5§F§5§Fr§8d in auction for 1200000.
[20:42:43] > x1 §f§l§x§F§C§D§0§5§CW§x§F§A§A§A§4§Bu§x§F§9§8§4§3§Bk§x§F§7§5§F§2§Ao§x§F§5§3§9§1§9n§x§F§4§1§3§0§8g §x§F§5§3§9§1§9S§x§F§7§5§F§2§Ap§x§F§9§8§4§3§Be§x§F§A§A§A§4§Ba§x§F§C§D§0§5§Cr on sale by .AyakoKoru has just expired, it goes in the inventory of expired items.
[20:50:40] > KnightFlash added x1 §x§E§E§0§0§0§0§lᴜɴʟɪᴍɪᴛᴇᴅ sᴇʟʟᴡᴀɴᴅ in auction for 350000.
[20:51:53] > KnightFlash remove x1 §x§E§E§0§0§0§0§lᴜɴʟɪᴍɪᴛᴇᴅ sᴇʟʟᴡᴀɴᴅ from storage
[21:05:06] > HwanYo buy x1 §x§F§F§5§5§0§0§lsᴇʟʟᴡᴀɴᴅ §6- 5.0x to Kodakoda for $450,000.
[21:10:51] > KnightFlash added x1 §x§E§E§0§0§0§0§lᴜɴʟɪᴍɪᴛᴇᴅ sᴇʟʟᴡᴀɴᴅ in auction for 500000.
[21:13:07] > x1 Shulker box on sale by Zen0969 has just expired, it goes in the inventory of expired items.
[21:13:07] > x1 Shulker box on sale by Zen0969 has just expired, it goes in the inventory of expired items.
[21:13:07] > x1 Shulker box on sale by Zen0969 has just expired, it goes in the inventory of expired items.
[21:13:07] > x1 Shulker box on sale by Zen0969 has just expired, it goes in the inventory of expired items.
[21:17:12] > x1 §f§l§8B§x§6§6§6§6§6§6a§x§7§7§7§7§7§7h§x§8§8§8§8§8§8a§x§9§9§9§9§9§9m§7u§x§9§9§9§9§9§9t§x§8§8§8§8§8§8 §x§7§7§7§7§7§7A§x§6§6§6§6§6§6x§8e on sale by SussySuzy has just expired, it goes in the inventory of expired items.
[21:17:12] > x1 §x§E§5§1§B§1§B§lDracula Key on sale by SussySuzy has just expired, it goes in the inventory of expired items.
[21:21:45] > tic_sz added x1 §x§F§F§3§E§0§0§lD§x§F§F§3§7§0§0§le§x§F§F§3§0§0§0§lm§x§F§F§2§9§0§0§lo§x§F§F§2§2§0§0§ln §x§F§F§1§5§0§0§lL§x§F§F§0§E§0§0§lo§x§F§F§0§7§0§0§lr§x§F§F§0§0§0§0§ld §x§F§F§1§0§0§0§lP§x§F§F§1§7§0§0§li§x§F§F§1§F§0§0§lc§x§F§F§2§7§0§0§lk§x§F§F§2§F§0§0§la§x§F§F§3§6§0§0§lx§x§F§F§3§E§0§0§le in auction for 10000000.
[21:22:09] > tic_sz remove x1 §x§F§F§3§E§0§0§lD§x§F§F§3§7§0§0§le§x§F§F§3§0§0§0§lm§x§F§F§2§9§0§0§lo§x§F§F§2§2§0§0§ln §x§F§F§1§5§0§0§lL§x§F§F§0§E§0§0§lo§x§F§F§0§7§0§0§lr§x§F§F§0§0§0§0§ld §x§F§F§1§0§0§0§lP§x§F§F§1§7§0§0§li§x§F§F§1§F§0§0§lc§x§F§F§2§7§0§0§lk§x§F§F§2§F§0§0§la§x§F§F§3§6§0§0§lx§x§F§F§3§E§0§0§le from storage
[21:22:27] > x1 selling EBOOKs at /pw SHOPniSK, item of sean_kirby, has just expired, the item is definitively deleted.
[21:22:28] > tic_sz remove x1 §x§F§F§3§E§0§0§lD§x§F§F§3§7§0§0§le§x§F§F§3§0§0§0§lm§x§F§F§2§9§0§0§lo§x§F§F§2§2§0§0§ln §x§F§F§1§5§0§0§lL§x§F§F§0§E§0§0§lo§x§F§F§0§7§0§0§lr§x§F§F§0§0§0§0§ld §x§F§F§1§0§0§0§lP§x§F§F§1§7§0§0§li§x§F§F§1§F§0§0§lc§x§F§F§2§7§0§0§lk§x§F§F§2§F§0§0§la§x§F§F§3§6§0§0§lx§x§F§F§3§E§0§0§le from expire
[21:26:18] > EnderDragon0120 added x1 §f§l§8B§x§6§2§6§2§6§2a§x§6§F§6§F§6§Fh§x§7§C§7§C§7§Ca§x§8§9§8§9§8§9m§x§9§6§9§6§9§6u§x§A§3§A§3§A§3t §x§9§6§9§6§9§6D§x§8§9§8§9§8§9a§x§7§C§7§C§7§Cg§x§6§F§6§F§6§Fg§x§6§2§6§2§6§2e§8r in auction for 775000.
[21:27:35] > EnderDragon0120 added x1 §f§l§8B§x§6§3§6§3§6§3a§x§7§1§7§1§7§1h§x§8§0§8§0§8§0a§x§8§E§8§E§8§Em§x§9§C§9§C§9§Cu§7t§x§9§C§9§C§9§C §x§8§E§8§E§8§ES§x§8§0§8§0§8§0t§x§7§1§7§1§7§1a§x§6§3§6§3§6§3f§8f in auction for 950000.
[21:28:50] > EnderDragon0120 remove x1 §x§E§5§1§B§1§B§lDracula Leggings from storage
[21:28:58] > EnderDragon0120 added x1 §x§E§3§A§F§4§F§lʟᴇɢᴇɴᴅᴀʀʏ ɪᴛᴇᴍ in auction for 100000.
[21:29:10] > EnderDragon0120 remove x1 §x§E§3§A§F§4§F§lʟᴇɢᴇɴᴅᴀʀʏ ɪᴛᴇᴍ from storage
[21:29:16] > EnderDragon0120 added x1 §x§E§3§A§F§4§F§lʟᴇɢᴇɴᴅᴀʀʏ ɪᴛᴇᴍ in auction for 85000.
[21:42:01] > x1 §aCthulhu on sale by Acon1te_0w0 has just expired, it goes in the inventory of expired items.
[21:42:01] > x1 §7Cemetery Hat on sale by Acon1te_0w0 has just expired, it goes in the inventory of expired items.
[21:42:14] > x1 §eMummy Hat on sale by Acon1te_0w0 has just expired, it goes in the inventory of expired items.
[21:43:42] > x1 §fMagician Hat on sale by Acon1te_0w0 has just expired, it goes in the inventory of expired items.
[21:45:41] > HwanYo remove x1 §x§9§8§6§3§E§7§lG§x§9§0§7§5§E§2§lo§x§8§8§8§7§D§D§ld§x§8§0§9§9§D§8§ll§x§7§7§A§C§D§4§ly §x§6§7§D§0§C§A§lC§x§5§F§E§2§C§5§lr§x§6§7§D§0§C§A§la§x§6§F§B§E§C§F§lt§x§7§7§A§C§D§4§le §x§8§8§8§7§D§D§lK§x§9§0§7§5§E§2§le§x§9§8§6§3§E§7§ly from storage
[21:45:43] > HwanYo remove x1 §x§9§8§6§3§E§7§lG§x§9§0§7§5§E§2§lo§x§8§8§8§7§D§D§ld§x§8§0§9§9§D§8§ll§x§7§7§A§C§D§4§ly §x§6§7§D§0§C§A§lC§x§5§F§E§2§C§5§lr§x§6§7§D§0§C§A§la§x§6§F§B§E§C§F§lt§x§7§7§A§C§D§4§le §x§8§8§8§7§D§D§lK§x§9§0§7§5§E§2§le§x§9§8§6§3§E§7§ly from storage
[21:45:43] > HwanYo remove x1 §x§9§8§6§3§E§7§lG§x§9§0§7§5§E§2§lo§x§8§8§8§7§D§D§ld§x§8§0§9§9§D§8§ll§x§7§7§A§C§D§4§ly §x§6§7§D§0§C§A§lC§x§5§F§E§2§C§5§lr§x§6§7§D§0§C§A§la§x§6§F§B§E§C§F§lt§x§7§7§A§C§D§4§le §x§8§8§8§7§D§D§lK§x§9§0§7§5§E§2§le§x§9§8§6§3§E§7§ly from storage
[21:45:44] > HwanYo remove x1 §x§9§8§6§3§E§7§lG§x§9§0§7§5§E§2§lo§x§8§8§8§7§D§D§ld§x§8§0§9§9§D§8§ll§x§7§7§A§C§D§4§ly §x§6§7§D§0§C§A§lC§x§5§F§E§2§C§5§lr§x§6§7§D§0§C§A§la§x§6§F§B§E§C§F§lt§x§7§7§A§C§D§4§le §x§8§8§8§7§D§D§lK§x§9§0§7§5§E§2§le§x§9§8§6§3§E§7§ly from storage
[21:45:46] > HwanYo remove x32 Wither skeleton skull from storage
[21:45:47] > HwanYo remove x1 §x§9§8§6§3§E§7§lG§x§9§0§7§5§E§2§lo§x§8§8§8§7§D§D§ld§x§8§0§9§9§D§8§ll§x§7§7§A§C§D§4§ly §x§6§7§D§0§C§A§lC§x§5§F§E§2§C§5§lr§x§6§7§D§0§C§A§la§x§6§F§B§E§C§F§lt§x§7§7§A§C§D§4§le §x§8§8§8§7§D§D§lK§x§9§0§7§5§E§2§le§x§9§8§6§3§E§7§ly from storage
[21:46:03] > HwanYo added x32 Wither skeleton skull in auction for 300000.
[21:46:25] > HwanYo added x1 §x§9§8§6§3§E§7§lG§x§9§0§7§5§E§2§lo§x§8§8§8§7§D§D§ld§x§8§0§9§9§D§8§ll§x§7§7§A§C§D§4§ly §x§6§7§D§0§C§A§lC§x§5§F§E§2§C§5§lr§x§6§7§D§0§C§A§la§x§6§F§B§E§C§F§lt§x§7§7§A§C§D§4§le §x§8§8§8§7§D§D§lK§x§9§0§7§5§E§2§le§x§9§8§6§3§E§7§ly in auction for 500000.
[21:46:36] > HwanYo added x1 §x§9§8§6§3§E§7§lG§x§9§0§7§5§E§2§lo§x§8§8§8§7§D§D§ld§x§8§0§9§9§D§8§ll§x§7§7§A§C§D§4§ly §x§6§7§D§0§C§A§lC§x§5§F§E§2§C§5§lr§x§6§7§D§0§C§A§la§x§6§F§B§E§C§F§lt§x§7§7§A§C§D§4§le §x§8§8§8§7§D§D§lK§x§9§0§7§5§E§2§le§x§9§8§6§3§E§7§ly in auction for 500000.
[21:46:58] > HwanYo added x1 §x§9§8§6§3§E§7§lG§x§9§0§7§5§E§2§lo§x§8§8§8§7§D§D§ld§x§8§0§9§9§D§8§ll§x§7§7§A§C§D§4§ly §x§6§7§D§0§C§A§lC§x§5§F§E§2§C§5§lr§x§6§7§D§0§C§A§la§x§6§F§B§E§C§F§lt§x§7§7§A§C§D§4§le §x§8§8§8§7§D§D§lK§x§9§0§7§5§E§2§le§x§9§8§6§3§E§7§ly in auction for 500000.
[21:47:12] > HwanYo added x1 §x§9§8§6§3§E§7§lG§x§9§0§7§5§E§2§lo§x§8§8§8§7§D§D§ld§x§8§0§9§9§D§8§ll§x§7§7§A§C§D§4§ly §x§6§7§D§0§C§A§lC§x§5§F§E§2§C§5§lr§x§6§7§D§0§C§A§la§x§6§F§B§E§C§F§lt§x§7§7§A§C§D§4§le §x§8§8§8§7§D§D§lK§x§9§0§7§5§E§2§le§x§9§8§6§3§E§7§ly in auction for 500000.
[21:47:24] > HwanYo added x1 §x§9§8§6§3§E§7§lG§x§9§0§7§5§E§2§lo§x§8§8§8§7§D§D§ld§x§8§0§9§9§D§8§ll§x§7§7§A§C§D§4§ly §x§6§7§D§0§C§A§lC§x§5§F§E§2§C§5§lr§x§6§7§D§0§C§A§la§x§6§F§B§E§C§F§lt§x§7§7§A§C§D§4§le §x§8§8§8§7§D§D§lK§x§9§0§7§5§E§2§le§x§9§8§6§3§E§7§ly in auction for 500000.
[21:51:41] > .Allxnzv remove x1 §f§l§x§8§A§0§0§F§FS§x§9§8§0§0§D§Dh§x§A§6§0§0§B§Bi§x§B§4§0§0§9§9n§x§C§2§0§0§7§7e§x§D§0§0§0§5§5 §x§D§E§0§0§3§3O§x§E§C§0§0§1§1ni§x§D§E§0§0§3§3 §x§D§0§0§0§5§5S§x§C§2§0§0§7§7h§x§B§4§0§0§9§9i§x§A§6§0§0§B§Be§x§9§8§0§0§D§Dl§x§8§A§0§0§F§Fd from storage
[21:51:51] > .Allxnzv added x1 §f§l§x§8§A§0§0§F§FS§x§9§8§0§0§D§Dh§x§A§6§0§0§B§Bi§x§B§4§0§0§9§9n§x§C§2§0§0§7§7e§x§D§0§0§0§5§5 §x§D§E§0§0§3§3O§x§E§C§0§0§1§1ni§x§D§E§0§0§3§3 §x§D§0§0§0§5§5S§x§C§2§0§0§7§7h§x§B§4§0§0§9§9i§x§A§6§0§0§B§Be§x§9§8§0§0§D§Dl§x§8§A§0§0§F§Fd in auction for 1000000.
[22:03:00] > Raineee buy x1 §f§l§x§F§C§D§0§5§CW§x§F§B§A§D§4§Du§x§F§9§8§B§3§Dk§x§F§8§6§8§2§Eo§x§F§6§4§5§1§Fn§x§F§5§2§3§0§Fg§x§F§3§0§0§0§0 §x§F§5§2§3§0§FS§x§F§6§4§5§1§Fh§x§F§8§6§8§2§Eo§x§F§9§8§B§3§Dv§x§F§B§A§D§4§De§x§F§C§D§0§5§Cl to .Allxnzv for $100,000.
[22:03:54] > Raineee buy x1 §x§E§5§1§B§1§B§lDracula Staff to .Allxnzv for $100,000.
[22:07:29] > Raineee buy x1 §x§E§5§1§B§1§B§lDracula Spear to dat_boi for $200,000.
[22:09:35] > cart224 buy x1 §x§5§9§A§1§D§9§lA§x§6§E§A§D§D§Er§x§8§3§B§9§E§3c§x§9§7§C§4§E§7h§x§A§C§D§0§E§Ca§x§C§1§D§C§F§1n§x§D§6§E§8§F§6g§x§E§A§F§3§F§Ae§fl §x§D§0§E§4§F§4H§x§B§8§D§7§E§Fa§x§A§0§C§9§E§9m§x§8§8§B§C§E§4m§x§7§1§A§E§D§Ee§x§5§9§A§1§D§9r to reckahorp for $800,000.
[22:10:11] > cart224 remove x1 §x§5§9§A§1§D§9§lA§x§6§E§A§D§D§Er§x§8§3§B§9§E§3c§x§9§7§C§4§E§7h§x§A§C§D§0§E§Ca§x§C§1§D§C§F§1n§x§D§6§E§8§F§6g§x§E§A§F§3§F§Ae§fl §x§D§0§E§4§F§4H§x§B§8§D§7§E§Fa§x§A§0§C§9§E§9m§x§8§8§B§C§E§4m§x§7§1§A§E§D§Ee§x§5§9§A§1§D§9r from buy
[22:10:27] > Raineee remove x1 §x§E§5§1§B§1§B§lDracula Spear from buy
[22:10:30] > Raineee remove x1 §x§E§5§1§B§1§B§lDracula Staff from buy
[22:10:30] > Raineee remove x1 §f§l§x§F§C§D§0§5§CW§x§F§B§A§D§4§Du§x§F§9§8§B§3§Dk§x§F§8§6§8§2§Eo§x§F§6§4§5§1§Fn§x§F§5§2§3§0§Fg§x§F§3§0§0§0§0 §x§F§5§2§3§0§FS§x§F§6§4§5§1§Fh§x§F§8§6§8§2§Eo§x§F§9§8§B§3§Dv§x§F§B§A§D§4§De§x§F§C§D§0§5§Cl from buy
[22:13:39] > giyahnpogi buy x1 Shulker box to ELITEAtlas for $5,000,000.
[22:13:43] > giyahnpogi remove x1 Shulker box from buy
[22:14:01] > giyahnpogi added x1 §f§l§x§8§A§0§0§F§FS§x§9§6§0§0§E§3h§x§A§1§0§0§C§6i§x§A§D§0§0§A§An§x§B§9§0§0§8§Ee§x§C§4§0§0§7§1 §x§D§0§0§0§5§5O§x§D§C§0§0§3§9n§x§E§7§0§0§1§Ci§x§F§3§0§0§0§0 §x§E§7§0§0§1§CB§x§D§C§0§0§3§9i§x§D§0§0§0§5§5g§x§C§4§0§0§7§1 §x§B§9§0§0§8§ES§x§A§D§0§0§A§Aw§x§A§1§0§0§C§6o§x§9§6§0§0§E§3r§x§8§A§0§0§F§Fd in auction for 2000000.
[22:14:17] > giyahnpogi added x1 §f§l§x§8§A§0§0§F§FS§x§9§8§0§0§D§Dh§x§A§6§0§0§B§Bi§x§B§4§0§0§9§9n§x§C§2§0§0§7§7e§x§D§0§0§0§5§5 §x§D§E§0§0§3§3O§x§E§C§0§0§1§1ni§x§D§E§0§0§3§3 §x§D§0§0§0§5§5H§x§C§2§0§0§7§7e§x§B§4§0§0§9§9l§x§A§6§0§0§B§Bm§x§9§8§0§0§D§De§x§8§A§0§0§F§Ft in auction for 6000000.
[22:14:25] > Zee_ added x1 §x§E§4§3§A§9§6§lW§x§E§7§5§3§A§3§lI§x§E§B§6§B§B§0§lN§x§E§E§8§4§B§D§lG§x§F§2§9§D§C§B§lS §x§F§8§C§E§E§5§lO§x§F§C§E§6§F§2§lF §x§F§C§E§6§F§2§lE§x§F§8§C§E§E§5§lT§x§F§5§B§5§D§8§lE§x§F§2§9§D§C§B§lR§x§E§E§8§4§B§D§lN§x§E§B§6§B§B§0§lI§x§E§7§5§3§A§3§lT§x§E§4§3§A§9§6§lY in auction for 3500000.
[22:14:44] > cart224 buy x1 §f§l§x§F§C§D§0§5§CW§x§F§A§A§6§4§Au§x§F§8§7§D§3§7k§x§F§7§5§3§2§5o§x§F§5§2§A§1§2n§x§F§3§0§0§0§0g§x§F§5§2§A§1§2 §x§F§7§5§3§2§5C§x§F§8§7§D§3§7l§x§F§A§A§6§4§Au§x§F§C§D§0§5§Cb to dat_boi for $600,000.
[22:14:51] > cart224 remove x1 §f§l§x§F§C§D§0§5§CW§x§F§A§A§6§4§Au§x§F§8§7§D§3§7k§x§F§7§5§3§2§5o§x§F§5§2§A§1§2n§x§F§3§0§0§0§0g§x§F§5§2§A§1§2 §x§F§7§5§3§2§5C§x§F§8§7§D§3§7l§x§F§A§A§6§4§Au§x§F§C§D§0§5§Cb from buy
[22:19:28] > .JoshuaCraft9422 buy x1 §x§E§4§3§A§9§6§lW§x§E§7§5§3§A§3§lI§x§E§B§6§B§B§0§lN§x§E§E§8§4§B§D§lG§x§F§2§9§D§C§B§lS §x§F§8§C§E§E§5§lO§x§F§C§E§6§F§2§lF §x§F§C§E§6§F§2§lE§x§F§8§C§E§E§5§lT§x§F§5§B§5§D§8§lE§x§F§2§9§D§C§B§lR§x§E§E§8§4§B§D§lN§x§E§B§6§B§B§0§lI§x§E§7§5§3§A§3§lT§x§E§4§3§A§9§6§lY to Zee_ for $3,500,000.
[22:21:51] > .JoshuaCraft9422 remove x1 §x§E§4§3§A§9§6§lW§x§E§7§5§3§A§3§lI§x§E§B§6§B§B§0§lN§x§E§E§8§4§B§D§lG§x§F§2§9§D§C§B§lS §x§F§8§C§E§E§5§lO§x§F§C§E§6§F§2§lF §x§F§C§E§6§F§2§lE§x§F§8§C§E§E§5§lT§x§F§5§B§5§D§8§lE§x§F§2§9§D§C§B§lR§x§E§E§8§4§B§D§lN§x§E§B§6§B§B§0§lI§x§E§7§5§3§A§3§lT§x§E§4§3§A§9§6§lY from buy
[22:39:52] > Xavier881 added x2 Ominous trial key in auction for 300000.
[22:47:39] > claypotter buy x2 Ominous trial key to Xavier881 for $300,000.
[23:09:58] > Applegod9 added x1 §x§F§F§5§5§0§0§lsᴇʟʟᴡᴀɴᴅ §6- 10.0x in auction for 500000.
[23:10:01] > BlackJordan69 added x1 §x§F§F§5§5§0§0§lsᴇʟʟᴡᴀɴᴅ §6- 5.0x in auction for 10000.
[23:10:31] > giyahnpogi buy x1 §x§F§F§5§5§0§0§lsᴇʟʟᴡᴀɴᴅ §6- 5.0x to BlackJordan69 for $10,000.
[23:10:37] > giyahnpogi remove x1 §x§F§F§5§5§0§0§lsᴇʟʟᴡᴀɴᴅ §6- 5.0x from buy
[23:10:46] > .Quackity26957 added x1 §x§F§F§5§5§0§0§lsᴇʟʟᴡᴀɴᴅ §6- 5.0x in auction for 250000.
[23:11:13] > HwanYo buy x1 §x§F§F§5§5§0§0§lsᴇʟʟᴡᴀɴᴅ §6- 10.0x to Applegod9 for $500,000.
[23:11:15] > HwanYo buy x1 §x§F§F§5§5§0§0§lsᴇʟʟᴡᴀɴᴅ §6- 5.0x to .Quackity26957 for $250,000.
[23:11:24] > SSinKin added x1 §x§F§F§5§5§0§0§lsᴇʟʟᴡᴀɴᴅ §6- 10.0x in auction for 900000.
[23:11:34] > HwanYo buy x1 §x§F§F§5§5§0§0§lsᴇʟʟᴡᴀɴᴅ §6- 10.0x to SSinKin for $900,000.
[23:12:12] > Xavier881 added x1 §x§F§F§5§5§0§0§lsᴇʟʟᴡᴀɴᴅ §6- 10.0x in auction for 900000.
[23:12:23] > HwanYo buy x1 §x§F§F§5§5§0§0§lsᴇʟʟᴡᴀɴᴅ §6- 10.0x to Xavier881 for $900,000.
[23:13:04] > Xavier881 remove x1 §f§l§x§F§C§D§0§5§CW§x§F§A§A§A§4§Bu§x§F§9§8§4§3§Bk§x§F§7§5§F§2§Ao§x§F§5§3§9§1§9n§x§F§4§1§3§0§8g §x§F§5§3§9§1§9S§x§F§7§5§F§2§At§x§F§9§8§4§3§Bi§x§F§A§A§A§4§Bc§x§F§C§D§0§5§Ck from expire
[23:13:19] > HwanYo remove x1 §x§F§F§5§5§0§0§lsᴇʟʟᴡᴀɴᴅ §6- 10.0x from buy
[23:13:27] > HwanYo remove x1 §x§F§F§5§5§0§0§lsᴇʟʟᴡᴀɴᴅ §6- 10.0x from buy
[23:13:27] > HwanYo remove x1 §x§F§F§5§5§0§0§lsᴇʟʟᴡᴀɴᴅ §6- 5.0x from buy
[23:13:28] > HwanYo remove x1 §x§F§F§5§5§0§0§lsᴇʟʟᴡᴀɴᴅ §6- 10.0x from buy
[23:13:28] > HwanYo remove x1 §x§F§F§5§5§0§0§lsᴇʟʟᴡᴀɴᴅ §6- 5.0x from buy
[23:15:37] > sigman added x1 §x§F§F§5§5§0§0§lsᴇʟʟᴡᴀɴᴅ §6- 5.0x in auction for 350000.
[23:15:46] > HwanYo buy x1 §x§F§F§5§5§0§0§lsᴇʟʟᴡᴀɴᴅ §6- 5.0x to sigman for $350,000.
[23:16:00] > HwanYo remove x1 §x§F§F§5§5§0§0§lsᴇʟʟᴡᴀɴᴅ §6- 5.0x from buy
[23:16:21] > sigman added x1 §x§F§F§5§5§0§0§lsᴇʟʟᴡᴀɴᴅ §6- 5.0x in auction for 350000.
[23:16:22] > HwanYo remove x1 §esᴋᴇʟᴇᴛᴏɴ sᴘᴀᴡɴᴇʀ from storage
[23:16:27] > HwanYo added x1 §esᴋᴇʟᴇᴛᴏɴ sᴘᴀᴡɴᴇʀ in auction for 300000.
[23:22:06] > PrezXie added x5 Netherite upgrade smithing template in auction for 500000.
[23:22:45] > Applegod9 buy x5 Netherite upgrade smithing template to PrezXie for $500,000.
[23:22:58] > Applegod9 remove x5 Netherite upgrade smithing template from buy
[23:26:22] > celinesanrio remove x25 Enchanted golden apple form storage
[23:26:44] > celinesanrio added x25 Enchanted golden apple in auction for 2500000.
[23:27:55] > celinesanrio buy x2 §x§3§4§9§8§D§Bꜱᴘɪᴅᴇʀ ꜱᴘᴀᴡɴᴇʀ to Xavier881 for $600,000.
[23:27:59] > celinesanrio buy x1 §esᴋᴇʟᴇᴛᴏɴ sᴘᴀᴡɴᴇʀ to HwanYo for $300,000.
[23:28:13] > celinesanrio remove x2 §x§3§4§9§8§D§Bꜱᴘɪᴅᴇʀ ꜱᴘᴀᴡɴᴇʀ form buy
[23:28:13] > celinesanrio remove x1 §esᴋᴇʟᴇᴛᴏɴ sᴘᴀᴡɴᴇʀ form buy
[23:32:25] > BlackKnight buy x1 §x§F§F§5§5§0§0§lsᴇʟʟᴡᴀɴᴅ §6- 5.0x to sigman for $350,000.
[23:32:39] > BlackKnight remove x1 §x§F§F§5§5§0§0§lsᴇʟʟᴡᴀɴᴅ §6- 5.0x form buy
[23:35:05] > celinesanrio added x1 §x§8§A§0§0§F§FS§x§9§5§0§0§E§4h§x§A§0§0§0§C§9i§x§A§B§0§0§A§En§x§B§6§0§0§9§4e§x§C§1§0§0§7§9 §x§C§C§0§0§5§EO§x§D§7§0§0§4§3n§x§E§2§0§0§2§8i§x§E§D§0§0§0§D B§x§E§2§0§0§2§8a§x§D§7§0§0§4§3t§x§C§C§0§0§5§Et§x§C§1§0§0§7§9l§x§B§6§0§0§9§4e§x§A§B§0§0§A§E §x§A§0§0§0§C§9A§x§9§5§0§0§E§4x§x§8§A§0§0§F§Fe in auction for 2000000.
[23:38:53] > Kodakoda added x1 §x§F§F§5§5§0§0§lsᴇʟʟᴡᴀɴᴅ §6- 5.0x in auction for 500000.
[23:47:13] > Icon_Skully buy x1 §x§F§F§7§C§0§0§lSteamsparks Leggings to dat_boi for $150,000.
[23:48:12] > Xavier881 added x2 Ominous trial key in auction for 350000.
[23:48:31] > x1 Totem of undying, bought by MrZyrus7228, has just expired, the item is definitively deleted.
[23:48:33] > Icon_Skully remove x1 §x§F§F§7§C§0§0§lSteamsparks Leggings from buy
[23:51:29] > FLaMesd remove x2 Ominous trial key from buy
[00:01:55] > x1 §f§l§8B§x§6§3§6§3§6§3a§x§7§1§7§1§7§1h§x§8§0§8§0§8§0a§x§8§E§8§E§8§Em§x§9§C§9§C§9§Cu§7t§x§9§C§9§C§9§C §x§8§E§8§E§8§ES§x§8§0§8§0§8§0w§x§7§1§7§1§7§1o§x§6§3§6§3§6§3r§8d on sale by .Didoy12345 has just expired, it goes in the inventory of expired items.
[00:02:25] > x1 §x§F§F§7§C§0§0§lSteamsparks Staff on sale by .Didoy12345 has just expired, it goes in the inventory of expired items.
[00:02:38] > x1 §x§E§5§1§B§1§B§lDracula Boots on sale by .Didoy12345 has just expired, it goes in the inventory of expired items.
[00:06:59] > 8it5inn added x1 §x§F§F§5§5§0§0§lsᴇʟʟᴡᴀɴᴅ §6- 5.0x in auction for 300000.
[00:15:38] > Sthine8 added x64 Cobbled deepslate in auction for 200.
[00:16:00] > 8it5inn remove x1 §x§F§F§5§5§0§0§lsᴇʟʟᴡᴀɴᴅ §6- 5.0x from storage
[00:42:31] > Puffingsponge added x1 §f§l§8B§x§6§6§6§6§6§6a§x§7§7§7§7§7§7h§x§8§8§8§8§8§8a§x§9§9§9§9§9§9m§7u§x§9§9§9§9§9§9t§x§8§8§8§8§8§8 §x§7§7§7§7§7§7K§x§6§6§6§6§6§6e§8y in auction for 10.
[00:42:59] > BG1017 buy x1 §f§l§8B§x§6§6§6§6§6§6a§x§7§7§7§7§7§7h§x§8§8§8§8§8§8a§x§9§9§9§9§9§9m§7u§x§9§9§9§9§9§9t§x§8§8§8§8§8§8 §x§7§7§7§7§7§7K§x§6§6§6§6§6§6e§8y to Puffingsponge for $10.
[00:43:36] > Puffingsponge added x1 §f§l§8B§x§6§6§6§6§6§6a§x§7§7§7§7§7§7h§x§8§8§8§8§8§8a§x§9§9§9§9§9§9m§7u§x§9§9§9§9§9§9t§x§8§8§8§8§8§8 §x§7§7§7§7§7§7K§x§6§6§6§6§6§6e§8y in auction for 10.
[00:43:43] > PrezXie buy x1 §f§l§8B§x§6§6§6§6§6§6a§x§7§7§7§7§7§7h§x§8§8§8§8§8§8a§x§9§9§9§9§9§9m§7u§x§9§9§9§9§9§9t§x§8§8§8§8§8§8 §x§7§7§7§7§7§7K§x§6§6§6§6§6§6e§8y to Puffingsponge for $10.
[00:43:52] > PrezXie remove x1 §f§l§8B§x§6§6§6§6§6§6a§x§7§7§7§7§7§7h§x§8§8§8§8§8§8a§x§9§9§9§9§9§9m§7u§x§9§9§9§9§9§9t§x§8§8§8§8§8§8 §x§7§7§7§7§7§7K§x§6§6§6§6§6§6e§8y from buy
[00:43:59] > claypotter remove x2 Ominous trial key from buy
[01:02:33] > azuyeca added x1 §6§lRandom Fish in auction for 100.
[01:18:34] > .Vikisczfn added x64 Spruce log in auction for 50000.
[01:19:08] > .Vikisczfn added x64 Oak log in auction for 25000.
[01:20:41] > azuyeca added x1 §6§lHerring in auction for 100.
[01:20:52] > Sthine8 added x1 §x§F§F§5§5§0§0§lsᴇʟʟᴡᴀɴᴅ §6- 10.0x in auction for 100000.
[01:21:03] > king_ARK buy x1 §x§F§F§5§5§0§0§lsᴇʟʟᴡᴀɴᴅ §6- 10.0x to Sthine8 for $100,000.
[01:21:12] > x1 §eᴘɪɢ sᴘᴀᴡɴᴇʀ, bought by Technoblad7869, has just expired, the item is definitively deleted.
[01:25:43] > azuyeca remove x1 §6§lHerring from storage
[01:26:15] > azuyeca remove x1 §6§lRandom Fish from storage
[01:30:19] > Sthine8 remove x64 Cobbled deepslate form storage
[01:34:01] > shelby remove x1 §x§F§F§5§5§0§0§lsᴇʟʟᴡᴀɴᴅ §6- 5.0x form storage
[01:34:01] > shelby remove x1 §f§l§8B§x§6§0§6§0§6§0a§x§6§C§6§C§6§Ch§x§7§7§7§7§7§7a§x§8§2§8§2§8§2m§x§8§E§8§E§8§Eu§x§9§9§9§9§9§9t§x§A§4§A§4§A§4 G§x§9§9§9§9§9§9a§x§8§E§8§E§8§Eu§x§8§2§8§2§8§2n§x§7§7§7§7§7§7t§x§6§C§6§C§6§Cl§x§6§0§6§0§6§0e§8t form storage
[01:34:59] > shelby added x1 §x§F§F§5§5§0§0§lsᴇʟʟᴡᴀɴᴅ §6- 5.0x in auction for 1000000.
[01:35:35] > Takeremu added x1 Enchanted book in auction for 2500.
[01:35:47] > Takeremu added x1 Enchanted book in auction for 2500.
[01:35:47] > azuyeca buy x1 Enchanted book to Takeremu for $2,500.
[01:35:59] > Takeremu added x1 Enchanted book in auction for 2500.
[01:36:11] > Takeremu added x1 Enchanted book in auction for 2500.
[01:36:12] > tic_sz buy x1 Enchanted book to Takeremu for $2,500.
[01:36:21] > tic_sz remove x1 Enchanted book from buy
[01:36:30] > Takeremu added x1 Enchanted book in auction for 2500.
[01:36:46] > Takeremu added x1 Enchanted book in auction for 2500.
[01:36:49] > tic_sz remove x1 §f§l§8B§x§6§3§6§3§6§3a§x§7§1§7§1§7§1h§x§8§0§8§0§8§0a§x§8§E§8§E§8§Em§x§9§C§9§C§9§Cu§7t§x§9§C§9§C§9§C §x§8§E§8§E§8§EB§x§8§0§8§0§8§0o§x§7§1§7§1§7§1o§x§6§3§6§3§6§3t§8s from buy
[01:36:50] > tic_sz remove x1 §eᴄʜɪᴄᴋᴇɴ sᴘᴀᴡɴᴇʀ from buy
[01:36:50] > tic_sz remove x1 §fButterfly Hat from buy
[01:36:50] > tic_sz remove x1 §x§F§F§3§E§0§0§lD§x§F§F§3§8§0§0§le§x§F§F§3§2§0§0§lm§x§F§F§2§B§0§0§lo§x§F§F§2§5§0§0§ln §x§F§F§1§9§0§0§lL§x§F§F§1§3§0§0§lo§x§F§F§0§C§0§0§lr§x§F§F§0§6§0§0§ld §x§F§F§0§6§0§0§lB§x§F§F§0§C§0§0§la§x§F§F§1§3§0§0§lt§x§F§F§1§9§0§0§lt§x§F§F§1§F§0§0§ll§x§F§F§2§5§0§0§le §x§F§F§3§2§0§0§lA§x§F§F§3§8§0§0§lx§x§F§F§3§E§0§0§le from buy
[01:36:51] > tic_sz remove x1 §f§l§x§F§C§D§0§5§CW§x§F§B§C§1§5§5u§x§F§B§B§2§4§Fk§x§F§A§A§3§4§8o§x§F§9§9§5§4§2n§x§F§9§8§6§3§Bg§x§F§8§7§7§3§5 §x§F§8§6§8§2§EL§x§F§7§5§9§2§7e§x§F§6§4§A§2§1g§x§F§6§3§B§1§Ag§x§F§5§2§D§1§4i§x§F§4§1§E§0§Dn§x§F§4§0§F§0§7g§x§F§3§0§0§0§0s from buy
[01:36:51] > tic_sz remove x4 §x§C§9§A§7§F§C§lL§x§B§D§A§E§F§6§le§x§B§1§B§4§F§0§lg§x§A§6§B§B§E§A§le§x§9§A§C§1§E§4§ln§x§8§E§C§8§D§D§ld§x§8§2§C§E§D§7§la§x§7§7§D§5§D§1§lr§x§6§B§D§B§C§B§ly §x§6§B§D§B§C§B§lC§x§7§7§D§5§D§1§lr§x§8§2§C§E§D§7§la§x§8§E§C§8§D§D§lt§x§9§A§C§1§E§4§le §x§B§1§B§4§F§0§lK§x§B§D§A§E§F§6§le§x§C§9§A§7§F§C§ly from buy
[01:37:20] > azuyeca buy x1 Enchanted book to Takeremu for $2,500.
[01:38:17] > ThatMidnight buy x1 Enchanted book to Takeremu for $2,500.
[01:38:41] > Sthine8 buy x1 Diamond pickaxe to belvi__ for $80,000.
[01:40:08] > ThatMidnight remove x1 Enchanted book from buy
[01:44:25] > Sthine8 remove x1 Diamond pickaxe from buy
[01:53:26] > x1 §f§l§8B§x§6§6§6§6§6§6a§x§7§7§7§7§7§7h§x§8§8§8§8§8§8a§x§9§9§9§9§9§9m§7u§x§9§9§9§9§9§9t§x§8§8§8§8§8§8 §x§7§7§7§7§7§7A§x§6§6§6§6§6§6x§8e on sale by BG1017 has just expired, it goes in the inventory of expired items.
[01:56:07] > tic_sz buy x1 Enchanted book to Takeremu for $2,500.
[01:56:08] > tic_sz buy x1 Enchanted book to Takeremu for $2,500.
[01:56:12] > tic_sz remove x1 Enchanted book from buy
[01:56:13] > tic_sz remove x1 Enchanted book from buy
[01:56:21] > azuyeca remove x1 Enchanted book from buy
[01:56:21] > tic_sz added x1 Enchanted book in auction for 5000.
[01:56:34] > tic_sz added x1 Enchanted book in auction for 5000.
[01:57:52] > azuyeca added x1 Enchanted book in auction for 3500.
[01:58:20] > king_ARK remove x1 §x§F§F§5§5§0§0§lsᴇʟʟᴡᴀɴᴅ §6- 10.0x from buy
[01:58:26] > azuyeca remove x1 Enchanted book from storage
[01:58:54] > Takeremu added x1 Enchanted book in auction for 2500.
[01:59:00] > azuyeca added x1 Enchanted book in auction for 3500.
[01:59:04] > Takeremu added x1 Enchanted book in auction for 2500.
[01:59:15] > Takeremu added x1 Enchanted book in auction for 2500.
[01:59:26] > Takeremu added x1 Enchanted book in auction for 2500.
[01:59:46] > Takeremu added x1 Netherite upgrade smithing template in auction for 100000.
[01:59:58] > azuyeca remove x1 Enchanted book form buy
[02:00:12] > .JakeTheMiner457 buy x1 Enchanted book to Takeremu for $2,500.
[02:00:28] > .JakeTheMiner457 buy x1 Enchanted book to tic_sz for $5,000.
[02:00:34] > .JakeTheMiner457 buy x1 Enchanted book to azuyeca for $3,500.
[02:00:40] > .JakeTheMiner457 buy x1 Enchanted book to tic_sz for $5,000.
[02:01:36] > .JakeTheMiner457 remove x1 Enchanted book from buy
[02:01:38] > .JakeTheMiner457 remove x1 Enchanted book from buy
[02:01:40] > .JakeTheMiner457 remove x1 Enchanted book from buy
[02:01:41] > .JakeTheMiner457 remove x1 Enchanted book from buy
[02:06:42] > .JakeTheMiner457 buy x1 Enchanted book to Takeremu for $2,500.
[02:06:48] > .JakeTheMiner457 buy x1 Enchanted book to Takeremu for $2,500.
[02:06:54] > .JakeTheMiner457 buy x1 Enchanted book to Takeremu for $2,500.
[02:08:08] > .JakeTheMiner457 remove x1 Enchanted book from buy
[02:08:10] > .JakeTheMiner457 remove x1 Enchanted book from buy
[02:08:11] > .JakeTheMiner457 remove x1 Enchanted book from buy
[02:10:46] > tic_sz added x1 §fAxolotl Plushie §6(#3/101) in auction for 10000000.
[02:10:51] > tic_sz remove x1 §fAxolotl Plushie §6(#3/101) from storage
[02:11:11] > tic_sz added x1 §fWither Skeleton Plushie §6(#96/101) in auction for 10000000.
[02:11:16] > tic_sz remove x1 §fWither Skeleton Plushie §6(#96/101) from storage
[02:11:40] > tic_sz remove x1 §fAxolotl Plushie §6(#3/101) from expire
[02:11:40] > tic_sz remove x1 §fWither Skeleton Plushie §6(#96/101) from expire
[02:11:59] > azuyeca remove x1 §6§lRandom Fish from expire
[02:12:01] > azuyeca remove x1 §6§lHerring from expire
[02:12:41] > azuyeca remove x1 Enchanted book from expire
[02:26:48] > _BAAM added x1 §x§E§5§1§B§1§B§lDracula Battleaxe in auction for 250000.
[02:27:05] > _BAAM added x1 §f§l§8B§x§6§2§6§2§6§2a§x§6§F§6§F§6§Fh§x§7§C§7§C§7§Ca§x§8§9§8§9§8§9m§x§9§6§9§6§9§6u§x§A§3§A§3§A§3t §x§9§6§9§6§9§6D§x§8§9§8§9§8§9a§x§7§C§7§C§7§Cg§x§6§F§6§F§6§Fg§x§6§2§6§2§6§2e§8r in auction for 600000.
[02:27:15] > _BAAM added x1 §x§F§F§7§C§0§0§lSteamsparks Staff in auction for 250000.
[02:27:26] > _BAAM added x1 §x§F§F§7§C§0§0§lSteamsparks Sword in auction for 300000.
[02:28:27] > ManePear__ added x1 §f§l§8B§x§6§2§6§2§6§2a§x§6§F§6§F§6§Fh§x§7§C§7§C§7§Ca§x§8§9§8§9§8§9m§x§9§6§9§6§9§6u§x§A§3§A§3§A§3t §x§9§6§9§6§9§6D§x§8§9§8§9§8§9a§x§7§C§7§C§7§Cg§x§6§F§6§F§6§Fg§x§6§2§6§2§6§2e§8r in auction for 100000.
[03:08:13] > Abbadex buy x1 §x§F§F§5§5§0§0§lsᴇʟʟᴡᴀɴᴅ §6- 5.0x to Kodakoda for $500,000.
[03:41:58] > Icon_Skully buy x1 §f§l§8B§x§6§2§6§2§6§2a§x§6§F§6§F§6§Fh§x§7§C§7§C§7§Ca§x§8§9§8§9§8§9m§x§9§6§9§6§9§6u§x§A§3§A§3§A§3t §x§9§6§9§6§9§6D§x§8§9§8§9§8§9a§x§7§C§7§C§7§Cg§x§6§F§6§F§6§Fg§x§6§2§6§2§6§2e§8r to ManePear__ for $100,000.
[03:43:06] > Icon_Skully remove x1 §f§l§8B§x§6§2§6§2§6§2a§x§6§F§6§F§6§Fh§x§7§C§7§C§7§Ca§x§8§9§8§9§8§9m§x§9§6§9§6§9§6u§x§A§3§A§3§A§3t §x§9§6§9§6§9§6D§x§8§9§8§9§8§9a§x§7§C§7§C§7§Cg§x§6§F§6§F§6§Fg§x§6§2§6§2§6§2e§8r from buy
[05:39:14] > esri80 added x2 Emerald in auction for 90000.
[05:39:25] > esri80 added x2 Emerald in auction for 90000.
[05:41:50] > leogamer11K added x1 Diamond in auction for 50000.
[05:42:36] > leogamer11K remove x1 Diamond from storage
[06:35:04] > nachfaust added x1 Enchanted book in auction for 99999.
[06:58:58] > HwanYo added x1 §x§6§0§0§0§F§F§lɢᴏᴅʟʏ ɪᴛᴇᴍ in auction for 380000.
[07:11:15] > PrinceBGC added x1 §x§F§F§7§C§0§0§lSteamsparks Helmet in auction for 200000.
[08:26:51] > x1 §x§E§5§1§B§1§B§lDracula Bow on sale by nebula12321 has just expired, it goes in the inventory of expired items.
[08:26:51] > x1 Music disc lava chicken on sale by nebula12321 has just expired, it goes in the inventory of expired items.
[08:54:41] > nachfaust buy x1 Potion to Julene for $25,000.
[08:54:50] > nachfaust remove x1 Potion from buy
[09:14:32] > nachfaust remove x1 §x§3§4§9§8§D§Bᴢᴏᴍʙɪᴇ ꜱᴘᴀᴡɴᴇʀ from storage
[09:14:34] > nachfaust remove x1 Enchanted book from storage
[09:14:50] > nachfaust added x1 §f§x§F§B§B§6§1§DC§x§F§0§A§F§1§Ca§x§E§5§A§8§1§Bp§x§D§B§A§0§1§9y§x§D§0§9§9§1§8b§x§C§5§9§2§1§7a§x§B§A§8§B§1§6r§x§A§F§8§4§1§5a§x§A§4§7§D§1§4 §x§9§A§7§5§1§2H§x§8§F§6§E§1§1a§x§8§4§6§7§1§0t in auction for 200000.
[09:15:06] > nachfaust added x11 Shulker shell in auction for 500000.
[09:15:30] > lauigilalu buy x1 Netherite upgrade smithing template to Takeremu for $100,000.
[09:37:10] > x1 §eʙʟᴀᴢᴇ sᴘᴀᴡɴᴇʀ on sale by khenjieMC has just expired, it goes in the inventory of expired items.
[09:37:10] > x1 §esᴘɪᴅᴇʀ sᴘᴀᴡɴᴇʀ on sale by khenjieMC has just expired, it goes in the inventory of expired items.
[09:37:10] > x1 §eʙʟᴀᴢᴇ sᴘᴀᴡɴᴇʀ on sale by khenjieMC has just expired, it goes in the inventory of expired items.
[09:44:18] > dat_boi remove x5 §x§C§9§A§7§F§C§lL§x§B§D§A§E§F§6§le§x§B§1§B§4§F§0§lg§x§A§6§B§B§E§A§le§x§9§A§C§1§E§4§ln§x§8§E§C§8§D§D§ld§x§8§2§C§E§D§7§la§x§7§7§D§5§D§1§lr§x§6§B§D§B§C§B§ly §x§6§B§D§B§C§B§lC§x§7§7§D§5§D§1§lr§x§8§2§C§E§D§7§la§x§8§E§C§8§D§D§lt§x§9§A§C§1§E§4§le §x§B§1§B§4§F§0§lK§x§B§D§A§E§F§6§le§x§C§9§A§7§F§C§ly from storage
[10:04:59] > Tutukiw added x5 §x§F§C§D§0§5§C§lB§x§E§6§D§3§6§B§la§x§C§F§D§5§7§A§ls§x§B§9§D§8§8§9§li§x§A§2§D§A§9§8§lc §x§7§5§D§F§B§6§lC§x§5§F§E§2§C§5§lr§x§7§5§D§F§B§6§la§x§8§C§D§D§A§7§lt§x§A§2§D§A§9§8§le §x§C§F§D§5§7§A§lK§x§E§6§D§3§6§B§le§x§F§C§D§0§5§C§ly in auction for 25000.
[10:05:06] > RebornKimmy buy x5 §x§F§C§D§0§5§C§lB§x§E§6§D§3§6§B§la§x§C§F§D§5§7§A§ls§x§B§9§D§8§8§9§li§x§A§2§D§A§9§8§lc §x§7§5§D§F§B§6§lC§x§5§F§E§2§C§5§lr§x§7§5§D§F§B§6§la§x§8§C§D§D§A§7§lt§x§A§2§D§A§9§8§le §x§C§F§D§5§7§A§lK§x§E§6§D§3§6§B§le§x§F§C§D§0§5§C§ly to Tutukiw for $25,000.
[10:05:10] > Tutukiw added x5 §x§F§C§9§0§5§C§lE§x§E§6§9§C§6§B§lp§x§C§F§A§7§7§A§li§x§B§9§B§3§8§9§lc §x§8§C§C§B§A§7§lC§x§7§5§D§6§B§6§lr§x§5§F§E§2§C§5§la§x§7§9§D§4§B§4§lt§x§9§3§C§7§A§2§le §x§C§8§A§B§7§F§lK§x§E§2§9§E§6§E§le§x§F§C§9§0§5§C§ly in auction for 50000.
[10:05:15] > RebornKimmy buy x5 §x§F§C§9§0§5§C§lE§x§E§6§9§C§6§B§lp§x§C§F§A§7§7§A§li§x§B§9§B§3§8§9§lc §x§8§C§C§B§A§7§lC§x§7§5§D§6§B§6§lr§x§5§F§E§2§C§5§la§x§7§9§D§4§B§4§lt§x§9§3§C§7§A§2§le §x§C§8§A§B§7§F§lK§x§E§2§9§E§6§E§le§x§F§C§9§0§5§C§ly to Tutukiw for $50,000.
[10:08:37] > NOGOLIOS added x10 §x§F§C§9§0§5§C§lE§x§E§6§9§C§6§B§lp§x§C§F§A§7§7§A§li§x§B§9§B§3§8§9§lc §x§8§C§C§B§A§7§lC§x§7§5§D§6§B§6§lr§x§5§F§E§2§C§5§la§x§7§9§D§4§B§4§lt§x§9§3§C§7§A§2§le §x§C§8§A§B§7§F§lK§x§E§2§9§E§6§E§le§x§F§C§9§0§5§C§ly in auction for 200000.
[10:09:02] > NOGOLIOS added x20 §x§F§C§D§0§5§C§lB§x§E§6§D§3§6§B§la§x§C§F§D§5§7§A§ls§x§B§9§D§8§8§9§li§x§A§2§D§A§9§8§lc §x§7§5§D§F§B§6§lC§x§5§F§E§2§C§5§lr§x§7§5§D§F§B§6§la§x§8§C§D§D§A§7§lt§x§A§2§D§A§9§8§le §x§C§F§D§5§7§A§lK§x§E§6§D§3§6§B§le§x§F§C§D§0§5§C§ly in auction for 100000.
[10:11:04] > MrZyrus7228 buy x10 §x§F§C§9§0§5§C§lE§x§E§6§9§C§6§B§lp§x§C§F§A§7§7§A§li§x§B§9§B§3§8§9§lc §x§8§C§C§B§A§7§lC§x§7§5§D§6§B§6§lr§x§5§F§E§2§C§5§la§x§7§9§D§4§B§4§lt§x§9§3§C§7§A§2§le §x§C§8§A§B§7§F§lK§x§E§2§9§E§6§E§le§x§F§C§9§0§5§C§ly to NOGOLIOS for $200,000.
[10:11:06] > MrZyrus7228 buy x20 §x§F§C§D§0§5§C§lB§x§E§6§D§3§6§B§la§x§C§F§D§5§7§A§ls§x§B§9§D§8§8§9§li§x§A§2§D§A§9§8§lc §x§7§5§D§F§B§6§lC§x§5§F§E§2§C§5§lr§x§7§5§D§F§B§6§la§x§8§C§D§D§A§7§lt§x§A§2§D§A§9§8§le §x§C§F§D§5§7§A§lK§x§E§6§D§3§6§B§le§x§F§C§D§0§5§C§ly to NOGOLIOS for $100,000.
[10:11:16] > MrZyrus7228 remove x20 §x§F§C§D§0§5§C§lB§x§E§6§D§3§6§B§la§x§C§F§D§5§7§A§ls§x§B§9§D§8§8§9§li§x§A§2§D§A§9§8§lc §x§7§5§D§F§B§6§lC§x§5§F§E§2§C§5§lr§x§7§5§D§F§B§6§la§x§8§C§D§D§A§7§lt§x§A§2§D§A§9§8§le §x§C§F§D§5§7§A§lK§x§E§6§D§3§6§B§le§x§F§C§D§0§5§C§ly from buy
[10:11:17] > MrZyrus7228 remove x10 §x§F§C§9§0§5§C§lE§x§E§6§9§C§6§B§lp§x§C§F§A§7§7§A§li§x§B§9§B§3§8§9§lc §x§8§C§C§B§A§7§lC§x§7§5§D§6§B§6§lr§x§5§F§E§2§C§5§la§x§7§9§D§4§B§4§lt§x§9§3§C§7§A§2§le §x§C§8§A§B§7§F§lK§x§E§2§9§E§6§E§le§x§F§C§9§0§5§C§ly from buy
[10:11:53] > Tutukiw added x1 §f§bWither Plushie §6(#95/101) in auction for 500000.
[10:14:06] > Tutukiw remove x1 §f§bWither Plushie §6(#95/101) from storage
[10:14:13] > Tutukiw added x1 §f§bWither Plushie §6(#95/101) in auction for 250000.
[10:14:52] > NOGOLIOS added x10 §x§F§C§9§0§5§C§lE§x§E§6§9§C§6§B§lp§x§C§F§A§7§7§A§li§x§B§9§B§3§8§9§lc §x§8§C§C§B§A§7§lC§x§7§5§D§6§B§6§lr§x§5§F§E§2§C§5§la§x§7§9§D§4§B§4§lt§x§9§3§C§7§A§2§le §x§C§8§A§B§7§F§lK§x§E§2§9§E§6§E§le§x§F§C§9§0§5§C§ly in auction for 500000.
[10:15:23] > NOGOLIOS added x5 §x§F§C§D§0§5§C§lB§x§E§6§D§3§6§B§la§x§C§F§D§5§7§A§ls§x§B§9§D§8§8§9§li§x§A§2§D§A§9§8§lc §x§7§5§D§F§B§6§lC§x§5§F§E§2§C§5§lr§x§7§5§D§F§B§6§la§x§8§C§D§D§A§7§lt§x§A§2§D§A§9§8§le §x§C§F§D§5§7§A§lK§x§E§6§D§3§6§B§le§x§F§C§D§0§5§C§ly in auction for 50000.
[10:18:09] > x1 exp and expbottles in /pwarp go expppfarm, item of kkyleeeeesa, has just expired, the item is definitively deleted.
[10:18:09] > x47 Pale oak sapling, item of HEYkay27, has just expired, the item is definitively deleted.
[10:18:09] > x1 Buying Bahamut armor, @ me, item of kopo555, has just expired, the item is definitively deleted.
[10:18:21] > giyahnpogi remove x5 §x§3§4§9§8§D§Bꜱᴋᴇʟᴇᴛᴏɴ ꜱᴘᴀᴡɴᴇʀ from storage
[10:18:29] > giyahnpogi added x5 §x§3§4§9§8§D§Bꜱᴋᴇʟᴇᴛᴏɴ ꜱᴘᴀᴡɴᴇʀ in auction for 5000000.
[10:21:12] > NOGOLIOS remove x10 §x§F§C§9§0§5§C§lE§x§E§6§9§C§6§B§lp§x§C§F§A§7§7§A§li§x§B§9§B§3§8§9§lc §x§8§C§C§B§A§7§lC§x§7§5§D§6§B§6§lr§x§5§F§E§2§C§5§la§x§7§9§D§4§B§4§lt§x§9§3§C§7§A§2§le §x§C§8§A§B§7§F§lK§x§E§2§9§E§6§E§le§x§F§C§9§0§5§C§ly form storage
[10:21:12] > NOGOLIOS remove x5 §x§F§C§D§0§5§C§lB§x§E§6§D§3§6§B§la§x§C§F§D§5§7§A§ls§x§B§9§D§8§8§9§li§x§A§2§D§A§9§8§lc §x§7§5§D§F§B§6§lC§x§5§F§E§2§C§5§lr§x§7§5§D§F§B§6§la§x§8§C§D§D§A§7§lt§x§A§2§D§A§9§8§le §x§C§F§D§5§7§A§lK§x§E§6§D§3§6§B§le§x§F§C§D§0§5§C§ly form storage
[10:21:45] > NOGOLIOS added x10 §x§F§C§9§0§5§C§lE§x§E§6§9§C§6§B§lp§x§C§F§A§7§7§A§li§x§B§9§B§3§8§9§lc §x§8§C§C§B§A§7§lC§x§7§5§D§6§B§6§lr§x§5§F§E§2§C§5§la§x§7§9§D§4§B§4§lt§x§9§3§C§7§A§2§le §x§C§8§A§B§7§F§lK§x§E§2§9§E§6§E§le§x§F§C§9§0§5§C§ly in auction for 500000.
[10:22:01] > NOGOLIOS added x5 §x§F§C§D§0§5§C§lB§x§E§6§D§3§6§B§la§x§C§F§D§5§7§A§ls§x§B§9§D§8§8§9§li§x§A§2§D§A§9§8§lc §x§7§5§D§F§B§6§lC§x§5§F§E§2§C§5§lr§x§7§5§D§F§B§6§la§x§8§C§D§D§A§7§lt§x§A§2§D§A§9§8§le §x§C§F§D§5§7§A§lK§x§E§6§D§3§6§B§le§x§F§C§D§0§5§C§ly in auction for 50000.
[10:22:08] > MrZyrus7228 buy x5 §x§F§C§D§0§5§C§lB§x§E§6§D§3§6§B§la§x§C§F§D§5§7§A§ls§x§B§9§D§8§8§9§li§x§A§2§D§A§9§8§lc §x§7§5§D§F§B§6§lC§x§5§F§E§2§C§5§lr§x§7§5§D§F§B§6§la§x§8§C§D§D§A§7§lt§x§A§2§D§A§9§8§le §x§C§F§D§5§7§A§lK§x§E§6§D§3§6§B§le§x§F§C§D§0§5§C§ly to NOGOLIOS for $50,000.
[10:22:12] > MrZyrus7228 remove x5 §x§F§C§D§0§5§C§lB§x§E§6§D§3§6§B§la§x§C§F§D§5§7§A§ls§x§B§9§D§8§8§9§li§x§A§2§D§A§9§8§lc §x§7§5§D§F§B§6§lC§x§5§F§E§2§C§5§lr§x§7§5§D§F§B§6§la§x§8§C§D§D§A§7§lt§x§A§2§D§A§9§8§le §x§C§F§D§5§7§A§lK§x§E§6§D§3§6§B§le§x§F§C§D§0§5§C§ly from buy
[10:51:39] > anneyong buy x1 §f§bWither Plushie §6(#95/101) to Tutukiw for $250,000.
[10:55:50] > anneyong remove x1 §f§bWither Plushie §6(#95/101) form buy
[11:00:44] > Kodakoda remove x1 §fAdventure Hat form storage
[11:01:19] > Kodakoda added x1 Enchanted book in auction for 10000.
[11:02:39] > .JoshuaCraft9422 remove x1 §x§F§F§3§E§0§0§lD§x§F§F§3§6§0§0§le§x§F§F§2§F§0§0§lm§x§F§F§2§7§0§0§lo§x§F§F§1§F§0§0§ln §x§F§F§1§0§0§0§lL§x§F§F§0§8§0§0§lo§x§F§F§0§0§0§0§lr§x§F§F§0§8§0§0§ld §x§F§F§1§7§0§0§lD§x§F§F§1§F§0§0§la§x§F§F§2§7§0§0§lg§x§F§F§2§F§0§0§lg§x§F§F§3§6§0§0§le§x§F§F§3§E§0§0§lr from storage
[11:02:55] > .JoshuaCraft9422 added x1 §x§F§F§3§E§0§0§lD§x§F§F§3§6§0§0§le§x§F§F§2§F§0§0§lm§x§F§F§2§7§0§0§lo§x§F§F§1§F§0§0§ln §x§F§F§1§0§0§0§lL§x§F§F§0§8§0§0§lo§x§F§F§0§0§0§0§lr§x§F§F§0§8§0§0§ld §x§F§F§1§7§0§0§lD§x§F§F§1§F§0§0§la§x§F§F§2§7§0§0§lg§x§F§F§2§F§0§0§lg§x§F§F§3§6§0§0§le§x§F§F§3§E§0§0§lr in auction for 600000.
[11:11:20] > ThatMidnight buy x1 Enchanted book to Kodakoda for $10,000.
[11:11:31] > ThatMidnight remove x1 Enchanted book from buy
[11:15:36] > frenchhee buy x1 Spawner to kkyleeeeesa for $500,000.
[11:16:39] > frenchhee remove x1 Spawner from buy
[11:17:50] > nachfaust remove x11 Shulker shell from storage
[11:18:06] > nachfaust added x1 Diamond boots in auction for 10000.
[11:18:17] > .AppriXD buy x1 Diamond boots to nachfaust for $10,000.
[11:18:41] > nachfaust added x1 Diamond boots in auction for 10000.
[11:18:53] > RebornKimmy buy x1 Diamond boots to nachfaust for $10,000.
[11:20:45] > nachfaust added x1 Diamond boots in auction for 15000.
[11:21:17] > NOGOLIOS buy x1 §x§F§F§7§C§0§0§lSteamsparks Spear to nachfaust for $150,000.
[11:22:01] > nachfaust added x1 Diamond boots in auction for 10000.
[11:39:36] > x1 §x§F§F§3§E§0§0§lD§x§F§F§3§5§0§0§le§x§F§F§2§C§0§0§lm§x§F§F§2§3§0§0§lo§x§F§F§1§B§0§0§ln §x§F§F§0§9§0§0§lL§x§F§F§0§0§0§0§lo§x§F§F§0§A§0§0§lr§x§F§F§1§5§0§0§ld §x§F§F§2§9§0§0§lB§x§F§F§3§4§0§0§lo§x§F§F§3§E§0§0§lw on sale by nebula12321 has just expired, it goes in the inventory of expired items.
[11:43:15] > NOGOLIOS buy x1 §x§E§5§1§B§1§B§lDracula Bow to Geloo2k for $200,000.
[11:44:08] > .AppriXD buy x1 Diamond boots to nachfaust for $10,000.
[11:44:13] > .AppriXD buy x1 Diamond boots to nachfaust for $15,000.
[11:45:45] > .AppriXD remove x1 Diamond boots from buy
[11:45:48] > .AppriXD remove x1 Diamond boots from buy
[11:45:49] > .AppriXD remove x1 Diamond boots form buy
[11:45:50] > NOGOLIOS remove x1 §x§E§5§1§B§1§B§lDracula Bow from buy
[11:46:00] > NOGOLIOS remove x1 §x§F§F§7§C§0§0§lSteamsparks Spear from buy
[11:46:40] > x64 Spruce log, item of _XDsTeezy, has just expired, the item is definitively deleted.
[11:46:42] > PrinceBGC remove x1 §fAxolotl Plushie §6(#3/101) from expire
[11:46:43] > .AppriXD remove x1 §x§F§F§7§C§0§0§lSteamsparks Staff from expire