
[07:25:16] > CeeJaiye added x1 §x§5§9§A§1§D§9§lA§x§7§1§A§E§D§Er§x§8§8§B§C§E§4c§x§A§0§C§9§E§9h§x§B§8§D§7§E§Fa§x§D§0§E§4§F§4n§x§E§7§F§2§F§Ag§fe§x§E§7§F§2§F§Al §x§B§8§D§7§E§FS§x§A§0§C§9§E§9t§x§8§8§B§C§E§4a§x§7§1§A§E§D§Ef§x§5§9§A§1§D§9f in auction for 150000.
[07:25:30] > CeeJaiye added x1 §x§5§9§A§1§D§9§lA§x§6§E§A§D§D§Er§x§8§3§B§9§E§3c§x§9§7§C§4§E§7h§x§A§C§D§0§E§Ca§x§C§1§D§C§F§1n§x§D§6§E§8§F§6g§x§E§A§F§3§F§Ae§fl §x§D§0§E§4§F§4H§x§B§8§D§7§E§Fa§x§A§0§C§9§E§9m§x§8§8§B§C§E§4m§x§7§1§A§E§D§Ee§x§5§9§A§1§D§9r in auction for 150000.
[07:25:36] > CeeJaiye added x1 §x§5§9§A§1§D§9§lA§x§6§A§A§A§D§Dr§x§7§A§B§4§E§1c§x§8§B§B§D§E§4h§x§9§B§C§7§E§8a§x§A§C§D§0§E§Cn§x§B§D§D§9§F§0g§x§C§D§E§3§F§4e§x§D§E§E§C§F§7l §fC§x§E§D§F§5§F§Bh§x§D§A§E§A§F§7e§x§C§8§E§0§F§2s§x§B§5§D§5§E§Et§x§A§3§C§B§E§Ap§x§9§0§C§0§E§6l§x§7§E§B§6§E§1a§x§6§B§A§B§D§Dt§x§5§9§A§1§D§9e in auction for 200000.
[07:27:11] > fantoofy added x1 §x§5§9§A§1§D§9§lA§x§6§A§A§A§D§Dr§x§7§A§B§4§E§1c§x§8§B§B§D§E§4h§x§9§B§C§7§E§8a§x§A§C§D§0§E§Cn§x§B§D§D§9§F§0g§x§C§D§E§3§F§4e§x§D§E§E§C§F§7l §fG§x§E§D§F§5§F§Br§x§D§A§E§A§F§7e§x§C§8§E§0§F§2a§x§B§5§D§5§E§Et§x§A§3§C§B§E§As§x§9§0§C§0§E§6w§x§7§E§B§6§E§1o§x§6§B§A§B§D§Dr§x§5§9§A§1§D§9d in auction for 1000000.
[07:27:28] > fantoofy added x1 §x§5§9§A§1§D§9§lA§x§7§1§A§E§D§Er§x§8§8§B§C§E§4c§x§A§0§C§9§E§9h§x§B§8§D§7§E§Fa§x§D§0§E§4§F§4n§x§E§7§F§2§F§Ag§fe§x§E§7§F§2§F§Al §x§B§8§D§7§E§FS§x§A§0§C§9§E§9w§x§8§8§B§C§E§4o§x§7§1§A§E§D§Er§x§5§9§A§1§D§9d in auction for 950000.
[07:28:03] > fantoofy buy x3 Nether star to Fenycra2010 for $10 000.
[07:29:01] > celinesanrio remove x1 §x§5§9§A§1§D§9§lA§x§7§1§A§E§D§Er§x§8§8§B§C§E§4c§x§A§0§C§9§E§9h§x§B§8§D§7§E§Fa§x§D§0§E§4§F§4n§x§E§7§F§2§F§Ag§fe§x§E§7§F§2§F§Al §x§B§8§D§7§E§FS§x§A§0§C§9§E§9w§x§8§8§B§C§E§4o§x§7§1§A§E§D§Er§x§5§9§A§1§D§9d from storage
[07:29:31] > celinesanrio added x1 §x§5§9§A§1§D§9§lA§x§7§1§A§E§D§Er§x§8§8§B§C§E§4c§x§A§0§C§9§E§9h§x§B§8§D§7§E§Fa§x§D§0§E§4§F§4n§x§E§7§F§2§F§Ag§fe§x§E§7§F§2§F§Al §x§B§8§D§7§E§FS§x§A§0§C§9§E§9w§x§8§8§B§C§E§4o§x§7§1§A§E§D§Er§x§5§9§A§1§D§9d in auction for 250000.
[07:29:34] > celinesanrio remove x1 §x§5§9§A§1§D§9§lA§x§6§B§A§B§D§Dr§x§7§E§B§6§E§1c§x§9§0§C§0§E§6h§x§A§3§C§B§E§Aa§x§B§5§D§5§E§En§x§C§8§E§0§F§2g§x§D§A§E§A§F§7e§x§E§D§F§5§F§Bl §x§E§A§F§3§F§AB§x§D§6§E§8§F§6a§x§C§1§D§C§F§1c§x§A§C§D§0§E§Ck§x§9§7§C§4§E§7p§x§8§3§B§9§E§3a§x§6§E§A§D§D§Ec§x§5§9§A§1§D§9k from storage
[07:29:39] > Rain_Reinn added x1 §x§5§9§A§1§D§9§lA§x§6§A§A§A§D§Dr§x§7§A§B§4§E§1c§x§8§B§B§D§E§4h§x§9§B§C§7§E§8a§x§A§C§D§0§E§Cn§x§B§D§D§9§F§0g§x§C§D§E§3§F§4e§x§D§E§E§C§F§7l §fC§x§E§D§F§5§F§Bh§x§D§A§E§A§F§7e§x§C§8§E§0§F§2s§x§B§5§D§5§E§Et§x§A§3§C§B§E§Ap§x§9§0§C§0§E§6l§x§7§E§B§6§E§1a§x§6§B§A§B§D§Dt§x§5§9§A§1§D§9e in auction for 200000.
[07:29:39] > celinesanrio added x1 §x§5§9§A§1§D§9§lA§x§6§B§A§B§D§Dr§x§7§E§B§6§E§1c§x§9§0§C§0§E§6h§x§A§3§C§B§E§Aa§x§B§5§D§5§E§En§x§C§8§E§0§F§2g§x§D§A§E§A§F§7e§x§E§D§F§5§F§Bl §x§E§A§F§3§F§AB§x§D§6§E§8§F§6a§x§C§1§D§C§F§1c§x§A§C§D§0§E§Ck§x§9§7§C§4§E§7p§x§8§3§B§9§E§3a§x§6§E§A§D§D§Ec§x§5§9§A§1§D§9k in auction for 700000.
[07:30:29] > celinesanrio added x1 §x§5§9§A§1§D§9§lA§x§7§5§B§1§D§F§lr§x§9§0§C§0§E§6§lc§x§A§C§D§0§E§C§lh§x§C§8§E§0§F§2§la§x§E§3§E§F§F§9§ln§f§lg§x§E§3§E§F§F§9§le§x§C§8§E§0§F§2§ll §x§9§0§C§0§E§6§lK§x§7§5§B§1§D§F§le§x§5§9§A§1§D§9§ly in auction for 500000.
[07:30:36] > celinesanrio added x1 §x§5§9§A§1§D§9§lA§x§7§5§B§1§D§F§lr§x§9§0§C§0§E§6§lc§x§A§C§D§0§E§C§lh§x§C§8§E§0§F§2§la§x§E§3§E§F§F§9§ln§f§lg§x§E§3§E§F§F§9§le§x§C§8§E§0§F§2§ll §x§9§0§C§0§E§6§lK§x§7§5§B§1§D§F§le§x§5§9§A§1§D§9§ly in auction for 500000.
[07:30:42] > celinesanrio added x1 §x§5§9§A§1§D§9§lA§x§7§5§B§1§D§F§lr§x§9§0§C§0§E§6§lc§x§A§C§D§0§E§C§lh§x§C§8§E§0§F§2§la§x§E§3§E§F§F§9§ln§f§lg§x§E§3§E§F§F§9§le§x§C§8§E§0§F§2§ll §x§9§0§C§0§E§6§lK§x§7§5§B§1§D§F§le§x§5§9§A§1§D§9§ly in auction for 500000.
[07:31:33] > Zypher_0w0 added x1 §x§5§9§A§1§D§9§lA§x§6§B§A§B§D§Dr§x§7§E§B§6§E§1c§x§9§0§C§0§E§6h§x§A§3§C§B§E§Aa§x§B§5§D§5§E§En§x§C§8§E§0§F§2g§x§D§A§E§A§F§7e§x§E§D§F§5§F§Bl §x§E§A§F§3§F§AC§x§D§6§E§8§F§6r§x§C§1§D§C§F§1o§x§A§C§D§0§E§Cs§x§9§7§C§4§E§7s§x§8§3§B§9§E§3b§x§6§E§A§D§D§Eo§x§5§9§A§1§D§9w in auction for 350000.
[07:31:48] > Zypher_0w0 added x1 §x§5§9§A§1§D§9§lA§x§6§E§A§D§D§Er§x§8§3§B§9§E§3c§x§9§7§C§4§E§7h§x§A§C§D§0§E§Ca§x§C§1§D§C§F§1n§x§D§6§E§8§F§6g§x§E§A§F§3§F§Ae§fl §x§D§0§E§4§F§4S§x§B§8§D§7§E§Fh§x§A§0§C§9§E§9i§x§8§8§B§C§E§4e§x§7§1§A§E§D§El§x§5§9§A§1§D§9d in auction for 350000.
[07:36:30] > celinesanrio remove x1 §x§5§9§A§1§D§9§lA§x§7§5§B§1§D§F§lr§x§9§0§C§0§E§6§lc§x§A§C§D§0§E§C§lh§x§C§8§E§0§F§2§la§x§E§3§E§F§F§9§ln§f§lg§x§E§3§E§F§F§9§le§x§C§8§E§0§F§2§ll §x§9§0§C§0§E§6§lK§x§7§5§B§1§D§F§le§x§5§9§A§1§D§9§ly from storage
[07:36:30] > celinesanrio remove x1 §x§5§9§A§1§D§9§lA§x§7§5§B§1§D§F§lr§x§9§0§C§0§E§6§lc§x§A§C§D§0§E§C§lh§x§C§8§E§0§F§2§la§x§E§3§E§F§F§9§ln§f§lg§x§E§3§E§F§F§9§le§x§C§8§E§0§F§2§ll §x§9§0§C§0§E§6§lK§x§7§5§B§1§D§F§le§x§5§9§A§1§D§9§ly from storage
[07:36:31] > celinesanrio remove x1 §x§5§9§A§1§D§9§lA§x§7§5§B§1§D§F§lr§x§9§0§C§0§E§6§lc§x§A§C§D§0§E§C§lh§x§C§8§E§0§F§2§la§x§E§3§E§F§F§9§ln§f§lg§x§E§3§E§F§F§9§le§x§C§8§E§0§F§2§ll §x§9§0§C§0§E§6§lK§x§7§5§B§1§D§F§le§x§5§9§A§1§D§9§ly from storage
[07:36:43] > celinesanrio added x1 §x§5§9§A§1§D§9§lA§x§7§5§B§1§D§F§lr§x§9§0§C§0§E§6§lc§x§A§C§D§0§E§C§lh§x§C§8§E§0§F§2§la§x§E§3§E§F§F§9§ln§f§lg§x§E§3§E§F§F§9§le§x§C§8§E§0§F§2§ll §x§9§0§C§0§E§6§lK§x§7§5§B§1§D§F§le§x§5§9§A§1§D§9§ly in auction for 500000.
[07:36:49] > celinesanrio added x1 §x§5§9§A§1§D§9§lA§x§7§5§B§1§D§F§lr§x§9§0§C§0§E§6§lc§x§A§C§D§0§E§C§lh§x§C§8§E§0§F§2§la§x§E§3§E§F§F§9§ln§f§lg§x§E§3§E§F§F§9§le§x§C§8§E§0§F§2§ll §x§9§0§C§0§E§6§lK§x§7§5§B§1§D§F§le§x§5§9§A§1§D§9§ly in auction for 500000.
[07:36:54] > celinesanrio added x1 §x§5§9§A§1§D§9§lA§x§7§5§B§1§D§F§lr§x§9§0§C§0§E§6§lc§x§A§C§D§0§E§C§lh§x§C§8§E§0§F§2§la§x§E§3§E§F§F§9§ln§f§lg§x§E§3§E§F§F§9§le§x§C§8§E§0§F§2§ll §x§9§0§C§0§E§6§lK§x§7§5§B§1§D§F§le§x§5§9§A§1§D§9§ly in auction for 500000.
[07:45:12] > mauserdart buy x1 §x§5§9§A§1§D§9§lA§x§6§E§A§D§D§Er§x§8§3§B§9§E§3c§x§9§7§C§4§E§7h§x§A§C§D§0§E§Ca§x§C§1§D§C§F§1n§x§D§6§E§8§F§6g§x§E§A§F§3§F§Ae§fl §x§D§0§E§4§F§4S§x§B§8§D§7§E§Fh§x§A§0§C§9§E§9i§x§8§8§B§C§E§4e§x§7§1§A§E§D§El§x§5§9§A§1§D§9d to Rain_Reinn for $500 000.
[07:46:13] > Fenycra2010 added x1 §x§5§9§A§1§D§9§lA§x§7§1§A§E§D§Er§x§8§8§B§C§E§4c§x§A§0§C§9§E§9h§x§B§8§D§7§E§Fa§x§D§0§E§4§F§4n§x§E§7§F§2§F§Ag§fe§x§E§7§F§2§F§Al §x§B§8§D§7§E§FB§x§A§0§C§9§E§9o§x§8§8§B§C§E§4o§x§7§1§A§E§D§Et§x§5§9§A§1§D§9s in auction for 100000.
[07:49:17] > grit_zy buy x1 §x§5§9§A§1§D§9§lA§x§6§A§A§A§D§Dr§x§7§A§B§4§E§1c§x§8§B§B§D§E§4h§x§9§B§C§7§E§8a§x§A§C§D§0§E§Cn§x§B§D§D§9§F§0g§x§C§D§E§3§F§4e§x§D§E§E§C§F§7l §fC§x§E§D§F§5§F§Bh§x§D§A§E§A§F§7e§x§C§8§E§0§F§2s§x§B§5§D§5§E§Et§x§A§3§C§B§E§Ap§x§9§0§C§0§E§6l§x§7§E§B§6§E§1a§x§6§B§A§B§D§Dt§x§5§9§A§1§D§9e to Rain_Reinn for $200 000.
[07:54:22] > Zenolite_ buy x1 §x§A§5§8§0§D§D§lᴇᴘɪᴄ ɪᴛᴇᴍ to Rain_Reinn for $100.
[07:55:14] > Zypher_0w0 added x64 Glowstone in auction for 640.
[08:05:37] > InternetCafeUser added x1 §eᴄʜɪᴄᴋᴇɴ sᴘᴀᴡɴᴇʀ in auction for 100000.
[08:07:45] > InternetCafeUser remove x1  /pwarp FishShop from storage
[08:07:50] > x1 §x§F§F§3§E§0§0§lD§x§F§F§3§7§0§0§le§x§F§F§3§0§0§0§lm§x§F§F§2§9§0§0§lo§x§F§F§2§2§0§0§ln §x§F§F§1§5§0§0§lL§x§F§F§0§E§0§0§lo§x§F§F§0§7§0§0§lr§x§F§F§0§0§0§0§ld §x§F§F§1§0§0§0§lP§x§F§F§1§7§0§0§li§x§F§F§1§F§0§0§lc§x§F§F§2§7§0§0§lk§x§F§F§2§F§0§0§la§x§F§F§3§6§0§0§lx§x§F§F§3§E§0§0§le on sale by HPMR_GaMerz has just expired, it goes in the inventory of expired items.
[08:08:02] > InternetCafeUser added x1 §fGarchomp Tail in auction for 200000.
[08:26:36] > celinesanrio remove x1 §x§F§F§3§E§0§0§lDemon Lord Wings from storage
[08:26:36] > celinesanrio remove x1 §x§F§F§3§E§0§0§lDemon Lord Wings from storage
[08:26:39] > celinesanrio remove x1 Music disc lava chicken from storage
[08:26:43] > celinesanrio added x1 §x§5§9§A§1§D§9§lA§x§7§5§B§1§D§F§lr§x§9§0§C§0§E§6§lc§x§A§C§D§0§E§C§lh§x§C§8§E§0§F§2§la§x§E§3§E§F§F§9§ln§f§lg§x§E§3§E§F§F§9§le§x§C§8§E§0§F§2§ll §x§9§0§C§0§E§6§lK§x§7§5§B§1§D§F§le§x§5§9§A§1§D§9§ly in auction for 500000.
[08:26:49] > celinesanrio added x1 §x§5§9§A§1§D§9§lA§x§7§5§B§1§D§F§lr§x§9§0§C§0§E§6§lc§x§A§C§D§0§E§C§lh§x§C§8§E§0§F§2§la§x§E§3§E§F§F§9§ln§f§lg§x§E§3§E§F§F§9§le§x§C§8§E§0§F§2§ll §x§9§0§C§0§E§6§lK§x§7§5§B§1§D§F§le§x§5§9§A§1§D§9§ly in auction for 500000.
[08:26:56] > celinesanrio added x1 §x§5§9§A§1§D§9§lA§x§7§5§B§1§D§F§lr§x§9§0§C§0§E§6§lc§x§A§C§D§0§E§C§lh§x§C§8§E§0§F§2§la§x§E§3§E§F§F§9§ln§f§lg§x§E§3§E§F§F§9§le§x§C§8§E§0§F§2§ll §x§9§0§C§0§E§6§lK§x§7§5§B§1§D§F§le§x§5§9§A§1§D§9§ly in auction for 500000.
[08:44:02] > x1 §7Cemetery Hat on sale by Kyslee has just expired, it goes in the inventory of expired items.
[08:44:02] > x1 §x§6§0§0§0§F§F§lɢᴏᴅʟʏ ɪᴛᴇᴍ on sale by Kyslee has just expired, it goes in the inventory of expired items.
[08:44:02] > x1 Mace on sale by Kyslee has just expired, it goes in the inventory of expired items.
[08:53:42] > InternetCafeUser remove x1 §x§F§F§0§0§0§0§lS§x§F§F§1§3§0§0§lh§x§F§F§2§6§0§0§lo§x§F§F§3§9§0§0§lg§x§F§F§4§D§0§0§lu§x§F§F§6§0§0§0§ln §x§F§F§8§6§0§0§lF§x§F§F§7§3§0§0§lr§x§F§F§6§0§0§0§la§x§F§F§4§D§0§0§lg§x§F§F§3§9§0§0§lm§x§F§F§2§6§0§0§le§x§F§F§1§3§0§0§ln§x§F§F§0§0§0§0§lt from storage
[08:53:44] > InternetCafeUser remove x1 Nether star from storage
[08:53:46] > InternetCafeUser remove x1 §fShogun Sword from storage
[08:53:47] > InternetCafeUser remove x1 §eᴄʜɪᴄᴋᴇɴ sᴘᴀᴡɴᴇʀ from storage
[08:53:48] > InternetCafeUser remove x1 §eᴄʜɪᴄᴋᴇɴ sᴘᴀᴡɴᴇʀ form storage
[08:53:48] > InternetCafeUser remove x1 §fGarchomp Tail form storage
[08:54:14] > InternetCafeUser added x1 §e§lCrab Scale in auction for 150000.
[08:54:25] > InternetCafeUser added x1 §9§lCrab Claw in auction for 200000.
[08:54:42] > InternetCafeUser added x1 §fGarchomp Tail in auction for 100000.
[09:00:47] > InternetCafeUser remove x1 §e§lCrab Scale from storage
[09:00:49] > InternetCafeUser remove x1 §9§lCrab Claw from storage
[09:08:33] > ImSneqkyy buy x1 §x§F§F§0§0§0§0§lS§x§F§F§1§3§0§0§lh§x§F§F§2§6§0§0§lo§x§F§F§3§9§0§0§lg§x§F§F§4§D§0§0§lu§x§F§F§6§0§0§0§ln §x§F§F§8§6§0§0§lF§x§F§F§7§3§0§0§lr§x§F§F§6§0§0§0§la§x§F§F§4§D§0§0§lg§x§F§F§3§9§0§0§lm§x§F§F§2§6§0§0§le§x§F§F§1§3§0§0§ln§x§F§F§0§0§0§0§lt to KnownasTravis for $80 000.
[09:09:15] > celinesanrio remove x64 Breeze rod from storage
[09:09:17] > celinesanrio added x3 §x§F§C§9§0§5§C§lE§x§E§6§9§C§6§B§lp§x§C§F§A§7§7§A§li§x§B§9§B§3§8§9§lc §x§8§C§C§B§A§7§lC§x§7§5§D§6§B§6§lr§x§5§F§E§2§C§5§la§x§7§9§D§4§B§4§lt§x§9§3§C§7§A§2§le §x§C§8§A§B§7§F§lK§x§E§2§9§E§6§E§le§x§F§C§9§0§5§C§ly in auction for 3000.
[09:09:33] > KnownasTravis added x1 §x§F§F§0§0§0§0§lS§x§F§F§1§B§0§0§lh§x§F§F§3§6§0§0§lo§x§F§F§5§0§0§0§lg§x§F§F§6§B§0§0§lu§x§F§F§8§6§0§0§ln §x§F§F§4§3§0§0§lK§x§F§F§2§2§0§0§le§x§F§F§0§0§0§0§ly in auction for 100000.
[09:10:01] > mauserdart buy x1 §x§5§9§A§1§D§9§lA§x§7§5§B§1§D§Fr§x§9§0§C§0§E§6c§x§A§C§D§0§E§Ch§x§C§8§E§0§F§2a§x§E§3§E§F§F§9n§fg§x§E§3§E§F§F§9e§x§C§8§E§0§F§2l §x§9§0§C§0§E§6H§x§7§5§B§1§D§Fa§x§5§9§A§1§D§9t to KnownasTravis for $200 000.
[09:13:22] > celinesanrio remove x3 §x§F§C§9§0§5§C§lE§x§E§6§9§C§6§B§lp§x§C§F§A§7§7§A§li§x§B§9§B§3§8§9§lc §x§8§C§C§B§A§7§lC§x§7§5§D§6§B§6§lr§x§5§F§E§2§C§5§la§x§7§9§D§4§B§4§lt§x§9§3§C§7§A§2§le §x§C§8§A§B§7§F§lK§x§E§2§9§E§6§E§le§x§F§C§9§0§5§C§ly from storage
[09:13:24] > celinesanrio added x1 24K Golden Labubu in auction for 1000000.
[09:17:04] > Kyslee remove x1 Gunpowders from expire
[09:17:19] > Kyslee remove x64 /pwarp go RayotShop for fireworks/books/food from storage
[09:17:23] > Kyslee remove x64 /pwarp go RayotShop for fireworks/books/food from expire
[09:17:35] > Kyslee added x64 /pwarp go RayotShop for fireworks/books/food in auction for 999999999.
[09:31:32] > CeeJaiye remove x1 §x§5§9§A§1§D§9§lA§x§6§A§A§A§D§Dr§x§7§A§B§4§E§1c§x§8§B§B§D§E§4h§x§9§B§C§7§E§8a§x§A§C§D§0§E§Cn§x§B§D§D§9§F§0g§x§C§D§E§3§F§4e§x§D§E§E§C§F§7l §fC§x§E§D§F§5§F§Bh§x§D§A§E§A§F§7e§x§C§8§E§0§F§2s§x§B§5§D§5§E§Et§x§A§3§C§B§E§Ap§x§9§0§C§0§E§6l§x§7§E§B§6§E§1a§x§6§B§A§B§D§Dt§x§5§9§A§1§D§9e from storage
[09:37:41] > x1 Swift Sneak III on sale by HPMR_GaMerz has just expired, it goes in the inventory of expired items.
[09:44:24] > x1 Swift Sneak III on sale by HPMR_GaMerz has just expired, it goes in the inventory of expired items.
[10:08:00] > fantoofy buy x64 Glowstone to Zypher_0w0 for $640.
[10:21:09] > x1 §x§F§F§3§E§0§0§lD§x§F§F§3§6§0§0§le§x§F§F§2§F§0§0§lm§x§F§F§2§7§0§0§lo§x§F§F§1§F§0§0§ln §x§F§F§1§0§0§0§lL§x§F§F§0§8§0§0§lo§x§F§F§0§0§0§0§lr§x§F§F§0§9§0§0§ld §x§F§F§1§B§0§0§lB§x§F§F§2§3§0§0§lo§x§F§F§2§C§0§0§lo§x§F§F§3§5§0§0§lt§x§F§F§3§E§0§0§ls on sale by Raylii has just expired, it goes in the inventory of expired items.
[10:26:59] > InternetCafeUser added x1 §x§F§E§B§E§C§A§lSeason 3 Celebration Cake <3 in auction for 70000.
[10:38:53] > InternetCafeUser added x1 §fClown Hat in auction for 50000.
[10:43:00] > vexlrt added x1 §fShogun Spear in auction for 50000.
[10:51:09] > celinesanrio remove x1 24K Golden Labubu from storage
[10:51:14] > celinesanrio added x14 §x§F§C§9§0§5§C§lE§x§E§6§9§C§6§B§lp§x§C§F§A§7§7§A§li§x§B§9§B§3§8§9§lc §x§8§C§C§B§A§7§lC§x§7§5§D§6§B§6§lr§x§5§F§E§2§C§5§la§x§7§9§D§4§B§4§lt§x§9§3§C§7§A§2§le §x§C§8§A§B§7§F§lK§x§E§2§9§E§6§E§le§x§F§C§9§0§5§C§ly in auction for 14000.
[10:51:59] > _mae buy x14 §x§F§C§9§0§5§C§lE§x§E§6§9§C§6§B§lp§x§C§F§A§7§7§A§li§x§B§9§B§3§8§9§lc §x§8§C§C§B§A§7§lC§x§7§5§D§6§B§6§lr§x§5§F§E§2§C§5§la§x§7§9§D§4§B§4§lt§x§9§3§C§7§A§2§le §x§C§8§A§B§7§F§lK§x§E§2§9§E§6§E§le§x§F§C§9§0§5§C§ly to celinesanrio for $14 000.
[10:53:05] > celinesanrio added x1 Music disc lava chicken in auction for 100000.
[10:53:19] > _mae buy x1 §x§5§9§A§1§D§9§lA§x§7§1§A§E§D§Er§x§8§8§B§C§E§4c§x§A§0§C§9§E§9h§x§B§8§D§7§E§Fa§x§D§0§E§4§F§4n§x§E§7§F§2§F§Ag§fe§x§E§7§F§2§F§Al §x§B§8§D§7§E§FS§x§A§0§C§9§E§9w§x§8§8§B§C§E§4o§x§7§1§A§E§D§Er§x§5§9§A§1§D§9d to celinesanrio for $250 000.
[10:54:56] > mauserdart buy x1 Music disc lava chicken to celinesanrio for $100 000.
[11:46:05] > azi added x1 §x§A§5§8§0§D§D§lᴇᴘɪᴄ ɪᴛᴇᴍ in auction for 50.
[11:46:11] > mauserdart buy x1 §x§A§5§8§0§D§D§lᴇᴘɪᴄ ɪᴛᴇᴍ to azi for $50.
[11:47:45] > Pxi buy x1 §x§6§0§0§0§F§F§lɢᴏᴅʟʏ ɪᴛᴇᴍ to Zen0969 for $6 769.
[12:05:26] > ELITEAtlas added x1 §x§5§9§A§1§D§9§lA§x§7§1§A§E§D§Er§x§8§8§B§C§E§4c§x§A§0§C§9§E§9h§x§B§8§D§7§E§Fa§x§D§0§E§4§F§4n§x§E§7§F§2§F§Ag§fe§x§E§7§F§2§F§Al §x§B§8§D§7§E§FS§x§A§0§C§9§E§9w§x§8§8§B§C§E§4o§x§7§1§A§E§D§Er§x§5§9§A§1§D§9d in auction for 200000.
[12:05:56] > ELITEAtlas remove x1 §x§5§9§A§1§D§9§lA§x§7§1§A§E§D§Er§x§8§8§B§C§E§4c§x§A§0§C§9§E§9h§x§B§8§D§7§E§Fa§x§D§0§E§4§F§4n§x§E§7§F§2§F§Ag§fe§x§E§7§F§2§F§Al §x§B§8§D§7§E§FS§x§A§0§C§9§E§9w§x§8§8§B§C§E§4o§x§7§1§A§E§D§Er§x§5§9§A§1§D§9d from storage
[12:06:00] > Kwienn added x1 §eᴡᴀʀᴅᴇɴ ꜱᴘᴀᴡɴᴇʀ in auction for 500000.
[12:06:30] > Kwienn added x1 §eᴘɪɢ sᴘᴀᴡɴᴇʀ in auction for 200000.
[12:11:02] > Kwienn added x1 §x§F§F§3§E§0§0§lD§x§F§F§3§5§0§0§le§x§F§F§2§C§0§0§lm§x§F§F§2§3§0§0§lo§x§F§F§1§B§0§0§ln §x§F§F§0§9§0§0§lL§x§F§F§0§0§0§0§lo§x§F§F§0§A§0§0§lr§x§F§F§1§5§0§0§ld §x§F§F§2§9§0§0§lA§x§F§F§3§4§0§0§lx§x§F§F§3§E§0§0§le in auction for 700000.
[12:39:00] > Kwienn remove x1 §eᴘɪɢ sᴘᴀᴡɴᴇʀ from storage
[12:39:01] > Kwienn remove x1 §eᴡᴀʀᴅᴇɴ ꜱᴘᴀᴡɴᴇʀ from storage
[12:39:31] > Kwienn added x2 §eᴡᴀʀᴅᴇɴ ꜱᴘᴀᴡɴᴇʀ in auction for 400000.
[12:40:13] > Kwienn added x4 §eᴡɪᴛʜᴇʀ ꜱᴋᴇʟᴇᴛᴏɴ ꜱᴘᴀᴡɴᴇʀ in auction for 500000.
[12:44:22] > x64 Go /pwarp go VampiraShop For mid price (not done) on sale by Cynishere has just expired, it goes in the inventory of expired items.
[12:51:43] > Seris00 added x1 §x§F§F§5§5§0§0§lsᴇʟʟᴡᴀɴᴅ §6- 5.0x in auction for 100000.
[12:51:51] > Kyslee buy x1 §x§F§F§5§5§0§0§lsᴇʟʟᴡᴀɴᴅ §6- 5.0x to Seris00 for $100 000.
[12:57:11] > Seris00 added x1 §eᴄᴏᴡ sᴘᴀᴡɴᴇʀ in auction for 200000.
[13:22:09] > x1 §fShogun Crossbow on sale by softlattee has just expired, it goes in the inventory of expired items.
[13:22:09] > x1 §x§F§F§3§E§0§0§lD§x§F§F§3§6§0§0§le§x§F§F§2§F§0§0§lm§x§F§F§2§7§0§0§lo§x§F§F§1§F§0§0§ln §x§F§F§1§0§0§0§lL§x§F§F§0§8§0§0§lo§x§F§F§0§0§0§0§lr§x§F§F§0§8§0§0§ld §x§F§F§1§7§0§0§lD§x§F§F§1§F§0§0§la§x§F§F§2§7§0§0§lg§x§F§F§2§F§0§0§lg§x§F§F§3§6§0§0§le§x§F§F§3§E§0§0§lr on sale by softlattee has just expired, it goes in the inventory of expired items.
[13:22:09] > celinesanrio added x1 Potion in auction for 20000.
[13:26:35] > _mae buy x1 §x§5§9§A§1§D§9§lA§x§6§A§A§A§D§Dr§x§7§A§B§4§E§1c§x§8§B§B§D§E§4h§x§9§B§C§7§E§8a§x§A§C§D§0§E§Cn§x§B§D§D§9§F§0g§x§C§D§E§3§F§4e§x§D§E§E§C§F§7l §fG§x§E§D§F§5§F§Br§x§D§A§E§A§F§7e§x§C§8§E§0§F§2a§x§B§5§D§5§E§Et§x§A§3§C§B§E§As§x§9§0§C§0§E§6w§x§7§E§B§6§E§1o§x§6§B§A§B§D§Dr§x§5§9§A§1§D§9d to Abbadex for $300 000.
[13:30:28] > celinesanrio remove x1 Potion from storage
[14:33:23] > namerikangel added x64 Armadillo scute in auction for 75000.
[14:53:44] > azi buy x1 Gun Powder! to Zypher_0w0 for $150 000.
[14:56:30] > Drpeckles added x1 §x§E§4§3§A§9§6§lW§x§E§7§5§3§A§3§lI§x§E§B§6§B§B§0§lN§x§E§E§8§4§B§D§lG§x§F§2§9§D§C§B§lS §x§F§8§C§E§E§5§lO§x§F§C§E§6§F§2§lF §x§F§C§E§6§F§2§lE§x§F§8§C§E§E§5§lT§x§F§5§B§5§D§8§lE§x§F§2§9§D§C§B§lR§x§E§E§8§4§B§D§lN§x§E§B§6§B§B§0§lI§x§E§7§5§3§A§3§lT§x§E§4§3§A§9§6§lY in auction for 350000.
[14:56:42] > Kyslee added x1 §x§E§4§3§A§9§6§lW§x§E§7§5§3§A§3§lI§x§E§B§6§B§B§0§lN§x§E§E§8§4§B§D§lG§x§F§2§9§D§C§B§lS §x§F§8§C§E§E§5§lO§x§F§C§E§6§F§2§lF §x§F§C§E§6§F§2§lE§x§F§8§C§E§E§5§lT§x§F§5§B§5§D§8§lE§x§F§2§9§D§C§B§lR§x§E§E§8§4§B§D§lN§x§E§B§6§B§B§0§lI§x§E§7§5§3§A§3§lT§x§E§4§3§A§9§6§lY in auction for 150000.
[14:57:12] > ImSneqkyy buy x4 §eᴡɪᴛʜᴇʀ ꜱᴋᴇʟᴇᴛᴏɴ ꜱᴘᴀᴡɴᴇʀ to Kwienn for $500 000.
[15:08:41] > Drpeckles buy x1 §x§5§9§A§1§D§9§lA§x§6§A§A§A§D§Dr§x§7§A§B§4§E§1c§x§8§B§B§D§E§4h§x§9§B§C§7§E§8a§x§A§C§D§0§E§Cn§x§B§D§D§9§F§0g§x§C§D§E§3§F§4e§x§D§E§E§C§F§7l §fG§x§E§D§F§5§F§Br§x§D§A§E§A§F§7e§x§C§8§E§0§F§2a§x§B§5§D§5§E§Et§x§A§3§C§B§E§As§x§9§0§C§0§E§6w§x§7§E§B§6§E§1o§x§6§B§A§B§D§Dr§x§5§9§A§1§D§9d to fantoofy for $1 000 000.
[15:11:00] > KnownasTravis added x1 §x§5§9§A§1§D§9§lA§x§6§E§A§D§D§Er§x§8§3§B§9§E§3c§x§9§7§C§4§E§7h§x§A§C§D§0§E§Ca§x§C§1§D§C§F§1n§x§D§6§E§8§F§6g§x§E§A§F§3§F§Ae§fl §x§D§0§E§4§F§4H§x§B§8§D§7§E§Fa§x§A§0§C§9§E§9m§x§8§8§B§C§E§4m§x§7§1§A§E§D§Ee§x§5§9§A§1§D§9r in auction for 200000.
[15:46:27] > leafsmh added x16 Rose bush in auction for 16000.
[15:52:30] > celinesanrio buy x16 Rose bush to leafsmh for $16 000.
[15:54:38] > leafsmh added x16 Sweet berries in auction for 16000.
[15:54:41] > celinesanrio buy x16 Sweet berries to leafsmh for $16 000.
[16:18:08] > celinesanrio added x2 Slime ball in auction for 20.
[16:18:13] > HPMR_GaMerz buy x2 Slime ball to celinesanrio for $20.
[16:34:28] > HPMR_GaMerz added x4 §x§5§9§A§1§D§9§lA§x§7§5§B§1§D§F§lr§x§9§0§C§0§E§6§lc§x§A§C§D§0§E§C§lh§x§C§8§E§0§F§2§la§x§E§3§E§F§F§9§ln§f§lg§x§E§3§E§F§F§9§le§x§C§8§E§0§F§2§ll §x§9§0§C§0§E§6§lK§x§7§5§B§1§D§F§le§x§5§9§A§1§D§9§ly in auction for 2000000.
[16:35:24] > HPMR_GaMerz added x1 Bundle in auction for 1000.
[16:36:09] > mauserdart added x2 §9Call of the Storm in auction for 200000.
[16:50:22] > fantoofy added x1 §x§F§0§7§A§5§4§lZombie Apocalyptic Axe in auction for 1000000.
[16:50:27] > Cynishere buy x1 §x§F§0§7§A§5§4§lZombie Apocalyptic Axe to fantoofy for $1 000 000.
[16:50:53] > celinesanrio added x22 §x§F§C§9§0§5§C§lE§x§E§6§9§C§6§B§lp§x§C§F§A§7§7§A§li§x§B§9§B§3§8§9§lc §x§8§C§C§B§A§7§lC§x§7§5§D§6§B§6§lr§x§5§F§E§2§C§5§la§x§7§9§D§4§B§4§lt§x§9§3§C§7§A§2§le §x§C§8§A§B§7§F§lK§x§E§2§9§E§6§E§le§x§F§C§9§0§5§C§ly in auction for 22000.
[16:58:40] > HPMR_GaMerz added x2 §x§F§0§7§A§5§4§lZombie Apocalyptic Key in auction for 1000000.
[16:59:07] > namerikangel buy x22 §x§F§C§9§0§5§C§lE§x§E§6§9§C§6§B§lp§x§C§F§A§7§7§A§li§x§B§9§B§3§8§9§lc §x§8§C§C§B§A§7§lC§x§7§5§D§6§B§6§lr§x§5§F§E§2§C§5§la§x§7§9§D§4§B§4§lt§x§9§3§C§7§A§2§le §x§C§8§A§B§7§F§lK§x§E§2§9§E§6§E§le§x§F§C§9§0§5§C§ly to celinesanrio for $22 000.
[17:03:28] > Zen0969 added x1 §eᴄʜɪᴄᴋᴇɴ sᴘᴀᴡɴᴇʀ in auction for 50000.
[17:03:32] > Kyslee buy x1 §eᴄʜɪᴄᴋᴇɴ sᴘᴀᴡɴᴇʀ to Zen0969 for $50 000.
[17:03:42] > Cynishere buy x2 §x§F§0§7§A§5§4§lZombie Apocalyptic Key to HPMR_GaMerz for $1 000 000.
[17:03:52] > Zen0969 added x1 §x§F§F§3§E§0§0§lD§x§F§F§3§7§0§0§le§x§F§F§3§0§0§0§lm§x§F§F§2§9§0§0§lo§x§F§F§2§2§0§0§ln §x§F§F§1§5§0§0§lL§x§F§F§0§E§0§0§lo§x§F§F§0§7§0§0§lr§x§F§F§0§0§0§0§ld §x§F§F§0§E§0§0§lF§x§F§F§1§5§0§0§lr§x§F§F§1§C§0§0§la§x§F§F§2§2§0§0§lg§x§F§F§2§9§0§0§lm§x§F§F§3§0§0§0§le§x§F§F§3§7§0§0§ln§x§F§F§3§E§0§0§lt in auction for 67.
[17:03:55] > mauserdart buy x1 §x§F§F§3§E§0§0§lD§x§F§F§3§7§0§0§le§x§F§F§3§0§0§0§lm§x§F§F§2§9§0§0§lo§x§F§F§2§2§0§0§ln §x§F§F§1§5§0§0§lL§x§F§F§0§E§0§0§lo§x§F§F§0§7§0§0§lr§x§F§F§0§0§0§0§ld §x§F§F§0§E§0§0§lF§x§F§F§1§5§0§0§lr§x§F§F§1§C§0§0§la§x§F§F§2§2§0§0§lg§x§F§F§2§9§0§0§lm§x§F§F§3§0§0§0§le§x§F§F§3§7§0§0§ln§x§F§F§3§E§0§0§lt to Zen0969 for $67.
[17:03:57] > Zen0969 added x1 §x§F§F§0§0§0§0§lS§x§F§F§1§3§0§0§lh§x§F§F§2§6§0§0§lo§x§F§F§3§9§0§0§lg§x§F§F§4§D§0§0§lu§x§F§F§6§0§0§0§ln §x§F§F§8§6§0§0§lF§x§F§F§7§3§0§0§lr§x§F§F§6§0§0§0§la§x§F§F§4§D§0§0§lg§x§F§F§3§9§0§0§lm§x§F§F§2§6§0§0§le§x§F§F§1§3§0§0§ln§x§F§F§0§0§0§0§lt in auction for 67.
[17:04:00] > HPMR_GaMerz buy x1 §x§F§F§0§0§0§0§lS§x§F§F§1§3§0§0§lh§x§F§F§2§6§0§0§lo§x§F§F§3§9§0§0§lg§x§F§F§4§D§0§0§lu§x§F§F§6§0§0§0§ln §x§F§F§8§6§0§0§lF§x§F§F§7§3§0§0§lr§x§F§F§6§0§0§0§la§x§F§F§4§D§0§0§lg§x§F§F§3§9§0§0§lm§x§F§F§2§6§0§0§le§x§F§F§1§3§0§0§ln§x§F§F§0§0§0§0§lt to Zen0969 for $67.
[17:04:04] > mauserdart remove x2 §9Call of the Storm from storage
[17:04:32] > Cynishere buy x1 §x§5§9§A§1§D§9§lA§x§6§E§A§D§D§Er§x§8§3§B§9§E§3c§x§9§7§C§4§E§7h§x§A§C§D§0§E§Ca§x§C§1§D§C§F§1n§x§D§6§E§8§F§6g§x§E§A§F§3§F§Ae§fl §x§D§0§E§4§F§4S§x§B§8§D§7§E§Fh§x§A§0§C§9§E§9i§x§8§8§B§C§E§4e§x§7§1§A§E§D§El§x§5§9§A§1§D§9d to Zypher_0w0 for $350 000.
[17:04:51] > HPMR_GaMerz remove x1 Bundle from storage
[17:05:01] > HPMR_GaMerz added x1 §x§F§F§0§0§0§0§lS§x§F§F§1§3§0§0§lh§x§F§F§2§6§0§0§lo§x§F§F§3§9§0§0§lg§x§F§F§4§D§0§0§lu§x§F§F§6§0§0§0§ln §x§F§F§8§6§0§0§lF§x§F§F§7§3§0§0§lr§x§F§F§6§0§0§0§la§x§F§F§4§D§0§0§lg§x§F§F§3§9§0§0§lm§x§F§F§2§6§0§0§le§x§F§F§1§3§0§0§ln§x§F§F§0§0§0§0§lt in auction for 100000.
[17:06:06] > Cynishere added x1 §eᴡᴀʀᴅᴇɴ ꜱᴘᴀᴡɴᴇʀ in auction for 1000000.
[17:06:44] > HPMR_GaMerz added x2 §eɪʀᴏɴ ɢᴏʟᴇᴍ sᴘᴀᴡɴᴇʀ in auction for 1000000.
[17:06:59] > namerikangel buy x2 §eɪʀᴏɴ ɢᴏʟᴇᴍ sᴘᴀᴡɴᴇʀ to HPMR_GaMerz for $1 000 000.
[17:07:22] > HPMR_GaMerz added x1 §eᴡᴀʀᴅᴇɴ ꜱᴘᴀᴡɴᴇʀ in auction for 1000000.
[17:07:36] > HPMR_GaMerz remove x5 §x§F§F§0§0§0§0§lS§x§F§F§1§3§0§0§lh§x§F§F§2§6§0§0§lo§x§F§F§3§9§0§0§lg§x§F§F§4§D§0§0§lu§x§F§F§6§0§0§0§ln §x§F§F§8§6§0§0§lF§x§F§F§7§3§0§0§lr§x§F§F§6§0§0§0§la§x§F§F§4§D§0§0§lg§x§F§F§3§9§0§0§lm§x§F§F§2§6§0§0§le§x§F§F§1§3§0§0§ln§x§F§F§0§0§0§0§lt from storage
[17:07:37] > HPMR_GaMerz remove x2 §x§F§F§0§0§0§0§lS§x§F§F§1§3§0§0§lh§x§F§F§2§6§0§0§lo§x§F§F§3§9§0§0§lg§x§F§F§4§D§0§0§lu§x§F§F§6§0§0§0§ln §x§F§F§8§6§0§0§lF§x§F§F§7§3§0§0§lr§x§F§F§6§0§0§0§la§x§F§F§4§D§0§0§lg§x§F§F§3§9§0§0§lm§x§F§F§2§6§0§0§le§x§F§F§1§3§0§0§ln§x§F§F§0§0§0§0§lt from storage
[17:07:42] > HPMR_GaMerz added x1 §eᴡᴀʀᴅᴇɴ ꜱᴘᴀᴡɴᴇʀ in auction for 1000000.
[17:07:49] > HPMR_GaMerz added x1 §eᴡᴀʀᴅᴇɴ ꜱᴘᴀᴡɴᴇʀ in auction for 1000000.
[17:08:45] > namerikangel added x1 §eᴄʀᴇᴇᴘᴇʀ sᴘᴀᴡɴᴇʀ in auction for 800000.
[17:11:35] > HPMR_GaMerz remove x1 §2Franck from storage
[17:11:38] > HPMR_GaMerz added x7 §x§F§F§0§0§0§0§lS§x§F§F§1§3§0§0§lh§x§F§F§2§6§0§0§lo§x§F§F§3§9§0§0§lg§x§F§F§4§D§0§0§lu§x§F§F§6§0§0§0§ln §x§F§F§8§6§0§0§lF§x§F§F§7§3§0§0§lr§x§F§F§6§0§0§0§la§x§F§F§4§D§0§0§lg§x§F§F§3§9§0§0§lm§x§F§F§2§6§0§0§le§x§F§F§1§3§0§0§ln§x§F§F§0§0§0§0§lt in auction for 3500000.
[17:12:32] > HPMR_GaMerz remove x1 §x§F§F§0§0§0§0§lS§x§F§F§1§3§0§0§lh§x§F§F§2§6§0§0§lo§x§F§F§3§9§0§0§lg§x§F§F§4§D§0§0§lu§x§F§F§6§0§0§0§ln §x§F§F§8§6§0§0§lF§x§F§F§7§3§0§0§lr§x§F§F§6§0§0§0§la§x§F§F§4§D§0§0§lg§x§F§F§3§9§0§0§lm§x§F§F§2§6§0§0§le§x§F§F§1§3§0§0§ln§x§F§F§0§0§0§0§lt from storage
[17:12:33] > HPMR_GaMerz remove x7 §x§F§F§0§0§0§0§lS§x§F§F§1§3§0§0§lh§x§F§F§2§6§0§0§lo§x§F§F§3§9§0§0§lg§x§F§F§4§D§0§0§lu§x§F§F§6§0§0§0§ln §x§F§F§8§6§0§0§lF§x§F§F§7§3§0§0§lr§x§F§F§6§0§0§0§la§x§F§F§4§D§0§0§lg§x§F§F§3§9§0§0§lm§x§F§F§2§6§0§0§le§x§F§F§1§3§0§0§ln§x§F§F§0§0§0§0§lt from storage
[17:12:44] > HPMR_GaMerz added x8 §x§F§F§0§0§0§0§lS§x§F§F§1§3§0§0§lh§x§F§F§2§6§0§0§lo§x§F§F§3§9§0§0§lg§x§F§F§4§D§0§0§lu§x§F§F§6§0§0§0§ln §x§F§F§8§6§0§0§lF§x§F§F§7§3§0§0§lr§x§F§F§6§0§0§0§la§x§F§F§4§D§0§0§lg§x§F§F§3§9§0§0§lm§x§F§F§2§6§0§0§le§x§F§F§1§3§0§0§ln§x§F§F§0§0§0§0§lt in auction for 4000000.
[17:13:35] > celinesanrio remove x1 §x§5§9§A§1§D§9§lA§x§6§B§A§B§D§Dr§x§7§E§B§6§E§1c§x§9§0§C§0§E§6h§x§A§3§C§B§E§Aa§x§B§5§D§5§E§En§x§C§8§E§0§F§2g§x§D§A§E§A§F§7e§x§E§D§F§5§F§Bl §x§E§A§F§3§F§AB§x§D§6§E§8§F§6a§x§C§1§D§C§F§1c§x§A§C§D§0§E§Ck§x§9§7§C§4§E§7p§x§8§3§B§9§E§3a§x§6§E§A§D§D§Ec§x§5§9§A§1§D§9k from storage
[17:13:41] > celinesanrio added x1 §x§5§9§A§1§D§9§lA§x§6§B§A§B§D§Dr§x§7§E§B§6§E§1c§x§9§0§C§0§E§6h§x§A§3§C§B§E§Aa§x§B§5§D§5§E§En§x§C§8§E§0§F§2g§x§D§A§E§A§F§7e§x§E§D§F§5§F§Bl §x§E§A§F§3§F§AB§x§D§6§E§8§F§6a§x§C§1§D§C§F§1c§x§A§C§D§0§E§Ck§x§9§7§C§4§E§7p§x§8§3§B§9§E§3a§x§6§E§A§D§D§Ec§x§5§9§A§1§D§9k in auction for 700000.
[17:13:45] > celinesanrio remove x4 §x§F§F§0§0§0§0§lS§x§F§F§1§3§0§0§lh§x§F§F§2§6§0§0§lo§x§F§F§3§9§0§0§lg§x§F§F§4§D§0§0§lu§x§F§F§6§0§0§0§ln §x§F§F§8§6§0§0§lF§x§F§F§7§3§0§0§lr§x§F§F§6§0§0§0§la§x§F§F§4§D§0§0§lg§x§F§F§3§9§0§0§lm§x§F§F§2§6§0§0§le§x§F§F§1§3§0§0§ln§x§F§F§0§0§0§0§lt from storage
[17:13:50] > celinesanrio added x4 §x§F§F§0§0§0§0§lS§x§F§F§1§3§0§0§lh§x§F§F§2§6§0§0§lo§x§F§F§3§9§0§0§lg§x§F§F§4§D§0§0§lu§x§F§F§6§0§0§0§ln §x§F§F§8§6§0§0§lF§x§F§F§7§3§0§0§lr§x§F§F§6§0§0§0§la§x§F§F§4§D§0§0§lg§x§F§F§3§9§0§0§lm§x§F§F§2§6§0§0§le§x§F§F§1§3§0§0§ln§x§F§F§0§0§0§0§lt in auction for 150000.
[17:14:15] > HPMR_GaMerz remove x1 §eᴡᴀʀᴅᴇɴ ꜱᴘᴀᴡɴᴇʀ from storage
[17:14:26] > HPMR_GaMerz added x1 §x§5§9§A§1§D§9§lA§x§6§B§A§B§D§Dr§x§7§E§B§6§E§1c§x§9§0§C§0§E§6h§x§A§3§C§B§E§Aa§x§B§5§D§5§E§En§x§C§8§E§0§F§2g§x§D§A§E§A§F§7e§x§E§D§F§5§F§Bl §x§E§A§F§3§F§AB§x§D§6§E§8§F§6a§x§C§1§D§C§F§1c§x§A§C§D§0§E§Ck§x§9§7§C§4§E§7p§x§8§3§B§9§E§3a§x§6§E§A§D§D§Ec§x§5§9§A§1§D§9k in auction for 700000.
[17:14:43] > HPMR_GaMerz remove x8 §x§F§F§0§0§0§0§lS§x§F§F§1§3§0§0§lh§x§F§F§2§6§0§0§lo§x§F§F§3§9§0§0§lg§x§F§F§4§D§0§0§lu§x§F§F§6§0§0§0§ln §x§F§F§8§6§0§0§lF§x§F§F§7§3§0§0§lr§x§F§F§6§0§0§0§la§x§F§F§4§D§0§0§lg§x§F§F§3§9§0§0§lm§x§F§F§2§6§0§0§le§x§F§F§1§3§0§0§ln§x§F§F§0§0§0§0§lt from storage
[17:14:55] > HPMR_GaMerz added x8 §x§F§F§0§0§0§0§lS§x§F§F§1§3§0§0§lh§x§F§F§2§6§0§0§lo§x§F§F§3§9§0§0§lg§x§F§F§4§D§0§0§lu§x§F§F§6§0§0§0§ln §x§F§F§8§6§0§0§lF§x§F§F§7§3§0§0§lr§x§F§F§6§0§0§0§la§x§F§F§4§D§0§0§lg§x§F§F§3§9§0§0§lm§x§F§F§2§6§0§0§le§x§F§F§1§3§0§0§ln§x§F§F§0§0§0§0§lt in auction for 3000000.
[17:15:28] > HPMR_GaMerz remove x8 §x§F§F§0§0§0§0§lS§x§F§F§1§3§0§0§lh§x§F§F§2§6§0§0§lo§x§F§F§3§9§0§0§lg§x§F§F§4§D§0§0§lu§x§F§F§6§0§0§0§ln §x§F§F§8§6§0§0§lF§x§F§F§7§3§0§0§lr§x§F§F§6§0§0§0§la§x§F§F§4§D§0§0§lg§x§F§F§3§9§0§0§lm§x§F§F§2§6§0§0§le§x§F§F§1§3§0§0§ln§x§F§F§0§0§0§0§lt from storage
[17:15:40] > HPMR_GaMerz added x8 §x§F§F§0§0§0§0§lS§x§F§F§1§3§0§0§lh§x§F§F§2§6§0§0§lo§x§F§F§3§9§0§0§lg§x§F§F§4§D§0§0§lu§x§F§F§6§0§0§0§ln §x§F§F§8§6§0§0§lF§x§F§F§7§3§0§0§lr§x§F§F§6§0§0§0§la§x§F§F§4§D§0§0§lg§x§F§F§3§9§0§0§lm§x§F§F§2§6§0§0§le§x§F§F§1§3§0§0§ln§x§F§F§0§0§0§0§lt in auction for 400000.
[17:17:24] > HPMR_GaMerz remove x1 §eᴡᴀʀᴅᴇɴ ꜱᴘᴀᴡɴᴇʀ from storage
[17:17:33] > HPMR_GaMerz added x1 Enchanted book in auction for 700000.
[17:18:10] > Kyslee added x1 Enchanted book in auction for 650000.
[17:18:25] > HPMR_GaMerz remove x1 Enchanted book from storage
[17:18:34] > HPMR_GaMerz added x1 Enchanted book in auction for 649000.
[17:18:43] > Kyslee remove x1 Enchanted book from storage
[17:18:48] > x1 §fShogun Spear, item of Shyloooh, has just expired, the item is definitively deleted.
[17:18:49] > Kyslee remove x1 Enchanted book from expire
[17:18:55] > Kyslee added x1 Enchanted book in auction for 600000.
[17:19:14] > HPMR_GaMerz remove x1 Enchanted book from storage
[17:19:23] > HPMR_GaMerz added x1 Enchanted book in auction for 599000.
[17:19:29] > Kyslee remove x1 Enchanted book from storage
[17:19:32] > Kyslee remove x64 /pwarp go RayotShop for fireworks/books/food form storage
[17:19:32] > Kyslee remove x1 §x§E§4§3§A§9§6§lW§x§E§7§5§3§A§3§lI§x§E§B§6§B§B§0§lN§x§E§E§8§4§B§D§lG§x§F§2§9§D§C§B§lS §x§F§8§C§E§E§5§lO§x§F§C§E§6§F§2§lF §x§F§C§E§6§F§2§lE§x§F§8§C§E§E§5§lT§x§F§5§B§5§D§8§lE§x§F§2§9§D§C§B§lR§x§E§E§8§4§B§D§lN§x§E§B§6§B§B§0§lI§x§E§7§5§3§A§3§lT§x§E§4§3§A§9§6§lY form storage
[17:19:40] > Kyslee remove x1 Enchanted book from expire
[17:19:48] > Kyslee added x1 Enchanted book in auction for 550000.
[17:19:57] > Kyslee added x64 /pwarp go RayotShop for fireworks/books/food in auction for 999999999.
[17:19:58] > mauserdart buy x1 Enchanted book to Kyslee for $550 000.
[17:21:26] > Cynishere added x7 GO /pwarp go PvpArena to fight ppl in arena in auction for 100000000.
[18:00:03] > Zypher_0w0 buy x2 §eᴡᴀʀᴅᴇɴ ꜱᴘᴀᴡɴᴇʀ to Kwienn for $400 000.
[19:07:05] > Zypher_0w0 added x1 Please buy me :> in auction for 100000.
[19:07:14] > HPMR_GaMerz buy x1 Please buy me :> to Zypher_0w0 for $100 000.
[19:18:13] > Abbadex added x1 §fShogun Shield in auction for 50000.
[19:19:08] > HPMR_GaMerz remove x8 §x§F§F§0§0§0§0§lS§x§F§F§1§3§0§0§lh§x§F§F§2§6§0§0§lo§x§F§F§3§9§0§0§lg§x§F§F§4§D§0§0§lu§x§F§F§6§0§0§0§ln §x§F§F§8§6§0§0§lF§x§F§F§7§3§0§0§lr§x§F§F§6§0§0§0§la§x§F§F§4§D§0§0§lg§x§F§F§3§9§0§0§lm§x§F§F§2§6§0§0§le§x§F§F§1§3§0§0§ln§x§F§F§0§0§0§0§lt from storage
[19:19:25] > HPMR_GaMerz added x11 §x§F§F§0§0§0§0§lS§x§F§F§1§3§0§0§lh§x§F§F§2§6§0§0§lo§x§F§F§3§9§0§0§lg§x§F§F§4§D§0§0§lu§x§F§F§6§0§0§0§ln §x§F§F§8§6§0§0§lF§x§F§F§7§3§0§0§lr§x§F§F§6§0§0§0§la§x§F§F§4§D§0§0§lg§x§F§F§3§9§0§0§lm§x§F§F§2§6§0§0§le§x§F§F§1§3§0§0§ln§x§F§F§0§0§0§0§lt in auction for 550000.
[19:19:38] > HPMR_GaMerz remove x1 §eᴡᴀʀᴅᴇɴ ꜱᴘᴀᴡɴᴇʀ from storage
[19:19:50] > HPMR_GaMerz added x1 §x§F§F§3§E§0§0§lD§x§F§F§3§7§0§0§le§x§F§F§3§0§0§0§lm§x§F§F§2§9§0§0§lo§x§F§F§2§2§0§0§ln §x§F§F§1§5§0§0§lL§x§F§F§0§E§0§0§lo§x§F§F§0§7§0§0§lr§x§F§F§0§0§0§0§ld §x§F§F§0§E§0§0§lF§x§F§F§1§5§0§0§lr§x§F§F§1§C§0§0§la§x§F§F§2§2§0§0§lg§x§F§F§2§9§0§0§lm§x§F§F§3§0§0§0§le§x§F§F§3§7§0§0§ln§x§F§F§3§E§0§0§lt in auction for 100000.
[19:19:56] > Abbadex buy x1 §x§F§F§3§E§0§0§lD§x§F§F§3§7§0§0§le§x§F§F§3§0§0§0§lm§x§F§F§2§9§0§0§lo§x§F§F§2§2§0§0§ln §x§F§F§1§5§0§0§lL§x§F§F§0§E§0§0§lo§x§F§F§0§7§0§0§lr§x§F§F§0§0§0§0§ld §x§F§F§0§E§0§0§lF§x§F§F§1§5§0§0§lr§x§F§F§1§C§0§0§la§x§F§F§2§2§0§0§lg§x§F§F§2§9§0§0§lm§x§F§F§3§0§0§0§le§x§F§F§3§7§0§0§ln§x§F§F§3§E§0§0§lt to HPMR_GaMerz for $100 000.
[19:21:03] > HPMR_GaMerz added x1 §x§3§1§3§7§F§F§lS§x§3§7§4§C§F§8§lp§x§3§D§6§2§F§1§la§x§4§2§7§7§E§9§lw§x§4§8§8§D§E§2§ln§x§4§E§A§2§D§B§le§x§5§4§B§7§D§4§lr §x§5§F§E§2§C§5§lC§x§5§9§C§D§C§C§lr§x§5§4§B§7§D§4§la§x§4§E§A§2§D§B§lt§x§4§8§8§D§E§2§le §x§3§D§6§2§F§1§lK§x§3§7§4§C§F§8§le§x§3§1§3§7§F§F§ly in auction for 200000.
[19:21:29] > HPMR_GaMerz remove x1 §x§3§1§3§7§F§F§lS§x§3§7§4§C§F§8§lp§x§3§D§6§2§F§1§la§x§4§2§7§7§E§9§lw§x§4§8§8§D§E§2§ln§x§4§E§A§2§D§B§le§x§5§4§B§7§D§4§lr §x§5§F§E§2§C§5§lC§x§5§9§C§D§C§C§lr§x§5§4§B§7§D§4§la§x§4§E§A§2§D§B§lt§x§4§8§8§D§E§2§le §x§3§D§6§2§F§1§lK§x§3§7§4§C§F§8§le§x§3§1§3§7§F§F§ly from storage
[19:21:43] > HPMR_GaMerz remove x1 §x§3§1§3§7§F§F§lS§x§3§7§4§C§F§8§lp§x§3§D§6§2§F§1§la§x§4§2§7§7§E§9§lw§x§4§8§8§D§E§2§ln§x§4§E§A§2§D§B§le§x§5§4§B§7§D§4§lr §x§5§F§E§2§C§5§lC§x§5§9§C§D§C§C§lr§x§5§4§B§7§D§4§la§x§4§E§A§2§D§B§lt§x§4§8§8§D§E§2§le §x§3§D§6§2§F§1§lK§x§3§7§4§C§F§8§le§x§3§1§3§7§F§F§ly from expire
[19:21:48] > HPMR_GaMerz added x5 §x§3§1§3§7§F§F§lS§x§3§7§4§C§F§8§lp§x§3§D§6§2§F§1§la§x§4§2§7§7§E§9§lw§x§4§8§8§D§E§2§ln§x§4§E§A§2§D§B§le§x§5§4§B§7§D§4§lr §x§5§F§E§2§C§5§lC§x§5§9§C§D§C§C§lr§x§5§4§B§7§D§4§la§x§4§E§A§2§D§B§lt§x§4§8§8§D§E§2§le §x§3§D§6§2§F§1§lK§x§3§7§4§C§F§8§le§x§3§1§3§7§F§F§ly in auction for 1000000.
[19:22:28] > HPMR_GaMerz remove x5 §x§3§1§3§7§F§F§lS§x§3§7§4§C§F§8§lp§x§3§D§6§2§F§1§la§x§4§2§7§7§E§9§lw§x§4§8§8§D§E§2§ln§x§4§E§A§2§D§B§le§x§5§4§B§7§D§4§lr §x§5§F§E§2§C§5§lC§x§5§9§C§D§C§C§lr§x§5§4§B§7§D§4§la§x§4§E§A§2§D§B§lt§x§4§8§8§D§E§2§le §x§3§D§6§2§F§1§lK§x§3§7§4§C§F§8§le§x§3§1§3§7§F§F§ly from storage
[19:22:39] > HPMR_GaMerz added x1 §x§3§1§3§7§F§F§lS§x§3§7§4§C§F§8§lp§x§3§D§6§2§F§1§la§x§4§2§7§7§E§9§lw§x§4§8§8§D§E§2§ln§x§4§E§A§2§D§B§le§x§5§4§B§7§D§4§lr §x§5§F§E§2§C§5§lC§x§5§9§C§D§C§C§lr§x§5§4§B§7§D§4§la§x§4§E§A§2§D§B§lt§x§4§8§8§D§E§2§le §x§3§D§6§2§F§1§lK§x§3§7§4§C§F§8§le§x§3§1§3§7§F§F§ly in auction for 200000.
[19:22:46] > HPMR_GaMerz added x1 §x§3§1§3§7§F§F§lS§x§3§7§4§C§F§8§lp§x§3§D§6§2§F§1§la§x§4§2§7§7§E§9§lw§x§4§8§8§D§E§2§ln§x§4§E§A§2§D§B§le§x§5§4§B§7§D§4§lr §x§5§F§E§2§C§5§lC§x§5§9§C§D§C§C§lr§x§5§4§B§7§D§4§la§x§4§E§A§2§D§B§lt§x§4§8§8§D§E§2§le §x§3§D§6§2§F§1§lK§x§3§7§4§C§F§8§le§x§3§1§3§7§F§F§ly in auction for 200000.
[19:23:27] > azi buy x1 §x§3§1§3§7§F§F§lS§x§3§7§4§C§F§8§lp§x§3§D§6§2§F§1§la§x§4§2§7§7§E§9§lw§x§4§8§8§D§E§2§ln§x§4§E§A§2§D§B§le§x§5§4§B§7§D§4§lr §x§5§F§E§2§C§5§lC§x§5§9§C§D§C§C§lr§x§5§4§B§7§D§4§la§x§4§E§A§2§D§B§lt§x§4§8§8§D§E§2§le §x§3§D§6§2§F§1§lK§x§3§7§4§C§F§8§le§x§3§1§3§7§F§F§ly to HPMR_GaMerz for $200 000.
[19:24:48] > HPMR_GaMerz remove x11 §x§F§F§0§0§0§0§lS§x§F§F§1§3§0§0§lh§x§F§F§2§6§0§0§lo§x§F§F§3§9§0§0§lg§x§F§F§4§D§0§0§lu§x§F§F§6§0§0§0§ln §x§F§F§8§6§0§0§lF§x§F§F§7§3§0§0§lr§x§F§F§6§0§0§0§la§x§F§F§4§D§0§0§lg§x§F§F§3§9§0§0§lm§x§F§F§2§6§0§0§le§x§F§F§1§3§0§0§ln§x§F§F§0§0§0§0§lt from storage
[19:24:58] > HPMR_GaMerz remove x11 §x§F§F§0§0§0§0§lS§x§F§F§1§3§0§0§lh§x§F§F§2§6§0§0§lo§x§F§F§3§9§0§0§lg§x§F§F§4§D§0§0§lu§x§F§F§6§0§0§0§ln §x§F§F§8§6§0§0§lF§x§F§F§7§3§0§0§lr§x§F§F§6§0§0§0§la§x§F§F§4§D§0§0§lg§x§F§F§3§9§0§0§lm§x§F§F§2§6§0§0§le§x§F§F§1§3§0§0§ln§x§F§F§0§0§0§0§lt from expire
[19:25:06] > HPMR_GaMerz added x2 §x§F§F§0§0§0§0§lS§x§F§F§1§3§0§0§lh§x§F§F§2§6§0§0§lo§x§F§F§3§9§0§0§lg§x§F§F§4§D§0§0§lu§x§F§F§6§0§0§0§ln §x§F§F§8§6§0§0§lF§x§F§F§7§3§0§0§lr§x§F§F§6§0§0§0§la§x§F§F§4§D§0§0§lg§x§F§F§3§9§0§0§lm§x§F§F§2§6§0§0§le§x§F§F§1§3§0§0§ln§x§F§F§0§0§0§0§lt in auction for 100000.
[19:25:12] > HPMR_GaMerz added x2 §x§F§F§0§0§0§0§lS§x§F§F§1§3§0§0§lh§x§F§F§2§6§0§0§lo§x§F§F§3§9§0§0§lg§x§F§F§4§D§0§0§lu§x§F§F§6§0§0§0§ln §x§F§F§8§6§0§0§lF§x§F§F§7§3§0§0§lr§x§F§F§6§0§0§0§la§x§F§F§4§D§0§0§lg§x§F§F§3§9§0§0§lm§x§F§F§2§6§0§0§le§x§F§F§1§3§0§0§ln§x§F§F§0§0§0§0§lt in auction for 100000.
[19:32:29] > HPMR_GaMerz remove x4 §x§5§9§A§1§D§9§lA§x§7§5§B§1§D§F§lr§x§9§0§C§0§E§6§lc§x§A§C§D§0§E§C§lh§x§C§8§E§0§F§2§la§x§E§3§E§F§F§9§ln§f§lg§x§E§3§E§F§F§9§le§x§C§8§E§0§F§2§ll §x§9§0§C§0§E§6§lK§x§7§5§B§1§D§F§le§x§5§9§A§1§D§9§ly from storage
[19:32:33] > HPMR_GaMerz added x2 §x§9§8§6§3§E§7§lG§x§9§0§7§5§E§2§lo§x§8§8§8§7§D§D§ld§x§8§0§9§9§D§8§ll§x§7§7§A§C§D§4§ly §x§6§7§D§0§C§A§lC§x§5§F§E§2§C§5§lr§x§6§7§D§0§C§A§la§x§6§F§B§E§C§F§lt§x§7§7§A§C§D§4§le §x§8§8§8§7§D§D§lK§x§9§0§7§5§E§2§le§x§9§8§6§3§E§7§ly in auction for 600000.
[21:37:10] > _Mitsuriichan added x1 §x§E§4§3§A§9§6§lW§x§E§7§5§3§A§3§lI§x§E§B§6§B§B§0§lN§x§E§E§8§4§B§D§lG§x§F§2§9§D§C§B§lS §x§F§8§C§E§E§5§lO§x§F§C§E§6§F§2§lF §x§F§C§E§6§F§2§lE§x§F§8§C§E§E§5§lT§x§F§5§B§5§D§8§lE§x§F§2§9§D§C§B§lR§x§E§E§8§4§B§D§lN§x§E§B§6§B§B§0§lI§x§E§7§5§3§A§3§lT§x§E§4§3§A§9§6§lY in auction for 120000.
[21:37:20] > fantoofy buy x1 §x§E§4§3§A§9§6§lW§x§E§7§5§3§A§3§lI§x§E§B§6§B§B§0§lN§x§E§E§8§4§B§D§lG§x§F§2§9§D§C§B§lS §x§F§8§C§E§E§5§lO§x§F§C§E§6§F§2§lF §x§F§C§E§6§F§2§lE§x§F§8§C§E§E§5§lT§x§F§5§B§5§D§8§lE§x§F§2§9§D§C§B§lR§x§E§E§8§4§B§D§lN§x§E§B§6§B§B§0§lI§x§E§7§5§3§A§3§lT§x§E§4§3§A§9§6§lY to _Mitsuriichan for $120 000.
[22:29:11] > Kwienn added x2 §eᴡᴀʀᴅᴇɴ ꜱᴘᴀᴡɴᴇʀ in auction for 400000.
[22:29:46] > Kwienn added x2 §eᴡɪᴛʜᴇʀ ꜱᴋᴇʟᴇᴛᴏɴ ꜱᴘᴀᴡɴᴇʀ in auction for 300000.
[22:30:26] > Kwienn added x3 §eᴘɪɢ sᴘᴀᴡɴᴇʀ in auction for 400000.
[22:30:49] > Kwienn added x2 §eʙʟᴀᴢᴇ sᴘᴀᴡɴᴇʀ in auction for 300000.
[22:31:01] > Kwienn remove x2 §eᴡɪᴛʜᴇʀ ꜱᴋᴇʟᴇᴛᴏɴ ꜱᴘᴀᴡɴᴇʀ from storage
[22:31:18] > Kwienn added x2 §eᴡɪᴛʜᴇʀ ꜱᴋᴇʟᴇᴛᴏɴ ꜱᴘᴀᴡɴᴇʀ in auction for 600000.
[22:33:01] > Kwienn added x1 /pwarp go Pastries for cheap foods <3 in auction for 1000000.
[22:52:14] > Ty0usuken remove x1 §fMedieval Hat form storage
[22:55:21] > J_Caleb buy x2 §eʙʟᴀᴢᴇ sᴘᴀᴡɴᴇʀ to Kwienn for $300 000.
[23:53:54] > Zenolite_ added x1 §x§6§0§0§0§F§F§lɢᴏᴅʟʏ ɪᴛᴇᴍ in auction for 100000.
[00:29:09] > celinesanrio buy x1 §x§3§1§3§7§F§F§lS§x§3§7§4§C§F§8§lp§x§3§D§6§2§F§1§la§x§4§2§7§7§E§9§lw§x§4§8§8§D§E§2§ln§x§4§E§A§2§D§B§le§x§5§4§B§7§D§4§lr §x§5§F§E§2§C§5§lC§x§5§9§C§D§C§C§lr§x§5§4§B§7§D§4§la§x§4§E§A§2§D§B§lt§x§4§8§8§D§E§2§le §x§3§D§6§2§F§1§lK§x§3§7§4§C§F§8§le§x§3§1§3§7§F§F§ly to HPMR_GaMerz for $200 000.
[00:29:14] > celinesanrio remove x1 §x§5§9§A§1§D§9§lA§x§7§5§B§1§D§F§lr§x§9§0§C§0§E§6§lc§x§A§C§D§0§E§C§lh§x§C§8§E§0§F§2§la§x§E§3§E§F§F§9§ln§f§lg§x§E§3§E§F§F§9§le§x§C§8§E§0§F§2§ll §x§9§0§C§0§E§6§lK§x§7§5§B§1§D§F§le§x§5§9§A§1§D§9§ly from storage
[00:29:14] > celinesanrio remove x1 §x§5§9§A§1§D§9§lA§x§7§5§B§1§D§F§lr§x§9§0§C§0§E§6§lc§x§A§C§D§0§E§C§lh§x§C§8§E§0§F§2§la§x§E§3§E§F§F§9§ln§f§lg§x§E§3§E§F§F§9§le§x§C§8§E§0§F§2§ll §x§9§0§C§0§E§6§lK§x§7§5§B§1§D§F§le§x§5§9§A§1§D§9§ly from storage
[00:29:14] > celinesanrio remove x1 §x§5§9§A§1§D§9§lA§x§7§5§B§1§D§F§lr§x§9§0§C§0§E§6§lc§x§A§C§D§0§E§C§lh§x§C§8§E§0§F§2§la§x§E§3§E§F§F§9§ln§f§lg§x§E§3§E§F§F§9§le§x§C§8§E§0§F§2§ll §x§9§0§C§0§E§6§lK§x§7§5§B§1§D§F§le§x§5§9§A§1§D§9§ly from storage
[00:29:14] > celinesanrio remove x1 §x§5§9§A§1§D§9§lA§x§7§5§B§1§D§F§lr§x§9§0§C§0§E§6§lc§x§A§C§D§0§E§C§lh§x§C§8§E§0§F§2§la§x§E§3§E§F§F§9§ln§f§lg§x§E§3§E§F§F§9§le§x§C§8§E§0§F§2§ll §x§9§0§C§0§E§6§lK§x§7§5§B§1§D§F§le§x§5§9§A§1§D§9§ly from storage
[00:29:15] > celinesanrio remove x1 §x§5§9§A§1§D§9§lA§x§7§5§B§1§D§F§lr§x§9§0§C§0§E§6§lc§x§A§C§D§0§E§C§lh§x§C§8§E§0§F§2§la§x§E§3§E§F§F§9§ln§f§lg§x§E§3§E§F§F§9§le§x§C§8§E§0§F§2§ll §x§9§0§C§0§E§6§lK§x§7§5§B§1§D§F§le§x§5§9§A§1§D§9§ly from storage
[00:29:15] > celinesanrio remove x1 §x§5§9§A§1§D§9§lA§x§7§5§B§1§D§F§lr§x§9§0§C§0§E§6§lc§x§A§C§D§0§E§C§lh§x§C§8§E§0§F§2§la§x§E§3§E§F§F§9§ln§f§lg§x§E§3§E§F§F§9§le§x§C§8§E§0§F§2§ll §x§9§0§C§0§E§6§lK§x§7§5§B§1§D§F§le§x§5§9§A§1§D§9§ly from storage
[00:29:15] > celinesanrio remove x1 §x§5§9§A§1§D§9§lA§x§6§B§A§B§D§Dr§x§7§E§B§6§E§1c§x§9§0§C§0§E§6h§x§A§3§C§B§E§Aa§x§B§5§D§5§E§En§x§C§8§E§0§F§2g§x§D§A§E§A§F§7e§x§E§D§F§5§F§Bl §x§E§A§F§3§F§AB§x§D§6§E§8§F§6a§x§C§1§D§C§F§1c§x§A§C§D§0§E§Ck§x§9§7§C§4§E§7p§x§8§3§B§9§E§3a§x§6§E§A§D§D§Ec§x§5§9§A§1§D§9k from storage
[00:29:15] > celinesanrio remove x4 §x§F§F§0§0§0§0§lS§x§F§F§1§3§0§0§lh§x§F§F§2§6§0§0§lo§x§F§F§3§9§0§0§lg§x§F§F§4§D§0§0§lu§x§F§F§6§0§0§0§ln §x§F§F§8§6§0§0§lF§x§F§F§7§3§0§0§lr§x§F§F§6§0§0§0§la§x§F§F§4§D§0§0§lg§x§F§F§3§9§0§0§lm§x§F§F§2§6§0§0§le§x§F§F§1§3§0§0§ln§x§F§F§0§0§0§0§lt from storage
[00:29:35] > celinesanrio added x1 §x§5§9§A§1§D§9§lA§x§6§B§A§B§D§Dr§x§7§E§B§6§E§1c§x§9§0§C§0§E§6h§x§A§3§C§B§E§Aa§x§B§5§D§5§E§En§x§C§8§E§0§F§2g§x§D§A§E§A§F§7e§x§E§D§F§5§F§Bl §x§E§A§F§3§F§AB§x§D§6§E§8§F§6a§x§C§1§D§C§F§1c§x§A§C§D§0§E§Ck§x§9§7§C§4§E§7p§x§8§3§B§9§E§3a§x§6§E§A§D§D§Ec§x§5§9§A§1§D§9k in auction for 650000.
[00:29:49] > celinesanrio added x1 §x§5§9§A§1§D§9§lA§x§7§5§B§1§D§F§lr§x§9§0§C§0§E§6§lc§x§A§C§D§0§E§C§lh§x§C§8§E§0§F§2§la§x§E§3§E§F§F§9§ln§f§lg§x§E§3§E§F§F§9§le§x§C§8§E§0§F§2§ll §x§9§0§C§0§E§6§lK§x§7§5§B§1§D§F§le§x§5§9§A§1§D§9§ly in auction for 350000.
[00:29:56] > celinesanrio added x1 §x§5§9§A§1§D§9§lA§x§7§5§B§1§D§F§lr§x§9§0§C§0§E§6§lc§x§A§C§D§0§E§C§lh§x§C§8§E§0§F§2§la§x§E§3§E§F§F§9§ln§f§lg§x§E§3§E§F§F§9§le§x§C§8§E§0§F§2§ll §x§9§0§C§0§E§6§lK§x§7§5§B§1§D§F§le§x§5§9§A§1§D§9§ly in auction for 350000.
[00:30:01] > celinesanrio added x1 §x§5§9§A§1§D§9§lA§x§7§5§B§1§D§F§lr§x§9§0§C§0§E§6§lc§x§A§C§D§0§E§C§lh§x§C§8§E§0§F§2§la§x§E§3§E§F§F§9§ln§f§lg§x§E§3§E§F§F§9§le§x§C§8§E§0§F§2§ll §x§9§0§C§0§E§6§lK§x§7§5§B§1§D§F§le§x§5§9§A§1§D§9§ly in auction for 350000.
[00:30:07] > celinesanrio added x1 §x§5§9§A§1§D§9§lA§x§7§5§B§1§D§F§lr§x§9§0§C§0§E§6§lc§x§A§C§D§0§E§C§lh§x§C§8§E§0§F§2§la§x§E§3§E§F§F§9§ln§f§lg§x§E§3§E§F§F§9§le§x§C§8§E§0§F§2§ll §x§9§0§C§0§E§6§lK§x§7§5§B§1§D§F§le§x§5§9§A§1§D§9§ly in auction for 350000.
[00:30:13] > celinesanrio added x1 §x§5§9§A§1§D§9§lA§x§7§5§B§1§D§F§lr§x§9§0§C§0§E§6§lc§x§A§C§D§0§E§C§lh§x§C§8§E§0§F§2§la§x§E§3§E§F§F§9§ln§f§lg§x§E§3§E§F§F§9§le§x§C§8§E§0§F§2§ll §x§9§0§C§0§E§6§lK§x§7§5§B§1§D§F§le§x§5§9§A§1§D§9§ly in auction for 350000.
[00:30:20] > celinesanrio added x1 §x§5§9§A§1§D§9§lA§x§7§5§B§1§D§F§lr§x§9§0§C§0§E§6§lc§x§A§C§D§0§E§C§lh§x§C§8§E§0§F§2§la§x§E§3§E§F§F§9§ln§f§lg§x§E§3§E§F§F§9§le§x§C§8§E§0§F§2§ll §x§9§0§C§0§E§6§lK§x§7§5§B§1§D§F§le§x§5§9§A§1§D§9§ly in auction for 350000.
[00:30:26] > celinesanrio added x4 §x§F§F§0§0§0§0§lS§x§F§F§1§3§0§0§lh§x§F§F§2§6§0§0§lo§x§F§F§3§9§0§0§lg§x§F§F§4§D§0§0§lu§x§F§F§6§0§0§0§ln §x§F§F§8§6§0§0§lF§x§F§F§7§3§0§0§lr§x§F§F§6§0§0§0§la§x§F§F§4§D§0§0§lg§x§F§F§3§9§0§0§lm§x§F§F§2§6§0§0§le§x§F§F§1§3§0§0§ln§x§F§F§0§0§0§0§lt in auction for 150000.
[00:31:51] > celinesanrio buy x1 §x§5§9§A§1§D§9§lA§x§7§1§A§E§D§Er§x§8§8§B§C§E§4c§x§A§0§C§9§E§9h§x§B§8§D§7§E§Fa§x§D§0§E§4§F§4n§x§E§7§F§2§F§Ag§fe§x§E§7§F§2§F§Al §x§B§8§D§7§E§FB§x§A§0§C§9§E§9o§x§8§8§B§C§E§4o§x§7§1§A§E§D§Et§x§5§9§A§1§D§9s to Fenycra2010 for $100 000.
[00:32:07] > celinesanrio added x1 §x§5§9§A§1§D§9§lA§x§7§1§A§E§D§Er§x§8§8§B§C§E§4c§x§A§0§C§9§E§9h§x§B§8§D§7§E§Fa§x§D§0§E§4§F§4n§x§E§7§F§2§F§Ag§fe§x§E§7§F§2§F§Al §x§B§8§D§7§E§FB§x§A§0§C§9§E§9o§x§8§8§B§C§E§4o§x§7§1§A§E§D§Et§x§5§9§A§1§D§9s in auction for 500000.
[00:36:27] > celinesanrio added x7 §x§F§C§9§0§5§C§lE§x§E§6§9§C§6§B§lp§x§C§F§A§7§7§A§li§x§B§9§B§3§8§9§lc §x§8§C§C§B§A§7§lC§x§7§5§D§6§B§6§lr§x§5§F§E§2§C§5§la§x§7§9§D§4§B§4§lt§x§9§3§C§7§A§2§le §x§C§8§A§B§7§F§lK§x§E§2§9§E§6§E§le§x§F§C§9§0§5§C§ly in auction for 7000.
[00:40:33] > celinesanrio remove x4 §x§F§F§0§0§0§0§lS§x§F§F§1§3§0§0§lh§x§F§F§2§6§0§0§lo§x§F§F§3§9§0§0§lg§x§F§F§4§D§0§0§lu§x§F§F§6§0§0§0§ln §x§F§F§8§6§0§0§lF§x§F§F§7§3§0§0§lr§x§F§F§6§0§0§0§la§x§F§F§4§D§0§0§lg§x§F§F§3§9§0§0§lm§x§F§F§2§6§0§0§le§x§F§F§1§3§0§0§ln§x§F§F§0§0§0§0§lt from storage
[00:41:56] > celinesanrio remove x7 §x§F§C§9§0§5§C§lE§x§E§6§9§C§6§B§lp§x§C§F§A§7§7§A§li§x§B§9§B§3§8§9§lc §x§8§C§C§B§A§7§lC§x§7§5§D§6§B§6§lr§x§5§F§E§2§C§5§la§x§7§9§D§4§B§4§lt§x§9§3§C§7§A§2§le §x§C§8§A§B§7§F§lK§x§E§2§9§E§6§E§le§x§F§C§9§0§5§C§ly from storage
[00:42:13] > celinesanrio added x5 §x§5§C§C§F§F§C§lC§x§5§C§D§1§F§5§lo§x§5§D§D§4§E§E§ls§x§5§D§D§6§E§7§lm§x§5§E§D§9§E§1§le§x§5§E§D§B§D§A§lt§x§5§E§D§D§D§3§li§x§5§F§E§0§C§C§lc §x§5§F§E§0§C§C§lH§x§5§E§D§D§D§3§la§x§5§E§D§B§D§A§lt§x§5§E§D§9§E§1§ls §x§5§D§D§4§E§E§lK§x§5§C§D§1§F§5§le§x§5§C§C§F§F§C§ly in auction for 1000000.
[00:43:55] > celinesanrio added x11 §x§F§F§0§0§0§0§lS§x§F§F§1§3§0§0§lh§x§F§F§2§6§0§0§lo§x§F§F§3§9§0§0§lg§x§F§F§4§D§0§0§lu§x§F§F§6§0§0§0§ln §x§F§F§8§6§0§0§lF§x§F§F§7§3§0§0§lr§x§F§F§6§0§0§0§la§x§F§F§4§D§0§0§lg§x§F§F§3§9§0§0§lm§x§F§F§2§6§0§0§le§x§F§F§1§3§0§0§ln§x§F§F§0§0§0§0§lt in auction for 500000.
[00:47:03] > celinesanrio remove x11 §x§F§F§0§0§0§0§lS§x§F§F§1§3§0§0§lh§x§F§F§2§6§0§0§lo§x§F§F§3§9§0§0§lg§x§F§F§4§D§0§0§lu§x§F§F§6§0§0§0§ln §x§F§F§8§6§0§0§lF§x§F§F§7§3§0§0§lr§x§F§F§6§0§0§0§la§x§F§F§4§D§0§0§lg§x§F§F§3§9§0§0§lm§x§F§F§2§6§0§0§le§x§F§F§1§3§0§0§ln§x§F§F§0§0§0§0§lt from storage
[00:47:06] > celinesanrio added x1 §x§F§0§7§A§5§4§lZombie Apocalyptic Axe in auction for 1000000.
[00:54:48] > celinesanrio remove x1 §x§F§0§7§A§5§4§lZombie Apocalyptic Axe from storage
[00:55:04] > celinesanrio added x1 §x§F§0§7§A§5§4§lZombie Apocalyptic Axe in auction for 2000000.
[00:57:09] > Zenolite_ remove x1 §x§6§0§0§0§F§F§lɢᴏᴅʟʏ ɪᴛᴇᴍ form storage
[01:33:42] > celinesanrio remove x1 §x§F§0§7§A§5§4§lZombie Apocalyptic Axe from storage
[01:43:01] > celinesanrio added x25 §x§F§C§9§0§5§C§lE§x§E§6§9§C§6§B§lp§x§C§F§A§7§7§A§li§x§B§9§B§3§8§9§lc §x§8§C§C§B§A§7§lC§x§7§5§D§6§B§6§lr§x§5§F§E§2§C§5§la§x§7§9§D§4§B§4§lt§x§9§3§C§7§A§2§le §x§C§8§A§B§7§F§lK§x§E§2§9§E§6§E§le§x§F§C§9§0§5§C§ly in auction for 25000.
[01:43:22] > celinesanrio remove x5 §x§5§C§C§F§F§C§lC§x§5§C§D§1§F§5§lo§x§5§D§D§4§E§E§ls§x§5§D§D§6§E§7§lm§x§5§E§D§9§E§1§le§x§5§E§D§B§D§A§lt§x§5§E§D§D§D§3§li§x§5§F§E§0§C§C§lc §x§5§F§E§0§C§C§lH§x§5§E§D§D§D§3§la§x§5§E§D§B§D§A§lt§x§5§E§D§9§E§1§ls §x§5§D§D§4§E§E§lK§x§5§C§D§1§F§5§le§x§5§C§C§F§F§C§ly from storage
[01:43:28] > celinesanrio added x1 §x§F§0§7§A§5§4§lZombie Apocalyptic Axe in auction for 2000000.
[02:51:37] > .DeivePlayz added x2 §x§5§9§A§1§D§9§lA§x§7§1§A§E§D§Er§x§8§8§B§C§E§4c§x§A§0§C§9§E§9h§x§B§8§D§7§E§Fa§x§D§0§E§4§F§4n§x§E§7§F§2§F§Ag§fe§x§E§7§F§2§F§Al §x§B§8§D§7§E§FW§x§A§0§C§9§E§9i§x§8§8§B§C§E§4n§x§7§1§A§E§D§Eg§x§5§9§A§1§D§9s in auction for 50000.
[02:51:51] > Kwienn buy x2 §x§5§9§A§1§D§9§lA§x§7§1§A§E§D§Er§x§8§8§B§C§E§4c§x§A§0§C§9§E§9h§x§B§8§D§7§E§Fa§x§D§0§E§4§F§4n§x§E§7§F§2§F§Ag§fe§x§E§7§F§2§F§Al §x§B§8§D§7§E§FW§x§A§0§C§9§E§9i§x§8§8§B§C§E§4n§x§7§1§A§E§D§Eg§x§5§9§A§1§D§9s to .DeivePlayz for $50 000.
[03:07:41] > Drpeckles added x1 §x§E§4§3§A§9§6§lW§x§E§7§5§3§A§3§lI§x§E§B§6§B§B§0§lN§x§E§E§8§4§B§D§lG§x§F§2§9§D§C§B§lS §x§F§8§C§E§E§5§lO§x§F§C§E§6§F§2§lF §x§F§C§E§6§F§2§lE§x§F§8§C§E§E§5§lT§x§F§5§B§5§D§8§lE§x§F§2§9§D§C§B§lR§x§E§E§8§4§B§D§lN§x§E§B§6§B§B§0§lI§x§E§7§5§3§A§3§lT§x§E§4§3§A§9§6§lY in auction for 100000.
[03:18:51] > .DeivePlayz remove x1 Nether star from storage
[03:19:06] > .DeivePlayz added x1 Nether star in auction for 20000.
[03:19:24] > Drpeckles remove x1 §x§E§4§3§A§9§6§lW§x§E§7§5§3§A§3§lI§x§E§B§6§B§B§0§lN§x§E§E§8§4§B§D§lG§x§F§2§9§D§C§B§lS §x§F§8§C§E§E§5§lO§x§F§C§E§6§F§2§lF §x§F§C§E§6§F§2§lE§x§F§8§C§E§E§5§lT§x§F§5§B§5§D§8§lE§x§F§2§9§D§C§B§lR§x§E§E§8§4§B§D§lN§x§E§B§6§B§B§0§lI§x§E§7§5§3§A§3§lT§x§E§4§3§A§9§6§lY from storage
[03:19:26] > Drpeckles remove x1 §x§E§4§3§A§9§6§lW§x§E§7§5§3§A§3§lI§x§E§B§6§B§B§0§lN§x§E§E§8§4§B§D§lG§x§F§2§9§D§C§B§lS §x§F§8§C§E§E§5§lO§x§F§C§E§6§F§2§lF §x§F§C§E§6§F§2§lE§x§F§8§C§E§E§5§lT§x§F§5§B§5§D§8§lE§x§F§2§9§D§C§B§lR§x§E§E§8§4§B§D§lN§x§E§B§6§B§B§0§lI§x§E§7§5§3§A§3§lT§x§E§4§3§A§9§6§lY from storage
[03:46:05] > Zenolite_ buy x1 Netherite pickaxe to KnownasTravis for $100 000.
[03:52:20] > KnownasTravis remove x3 Nether star from storage
[04:24:44] > celinesanrio remove x1 §x§F§0§7§A§5§4§lZombie Apocalyptic Axe from storage
[04:24:50] > celinesanrio added x1 §x§F§0§7§A§5§4§lZombie Apocalyptic Axe in auction for 2000000.
[05:08:53] > x64 Good Item on sale by Raylii has just expired, it goes in the inventory of expired items.
[06:01:09] > HPMR_GaMerz remove x2 §x§9§8§6§3§E§7§lG§x§9§0§7§5§E§2§lo§x§8§8§8§7§D§D§ld§x§8§0§9§9§D§8§ll§x§7§7§A§C§D§4§ly §x§6§7§D§0§C§A§lC§x§5§F§E§2§C§5§lr§x§6§7§D§0§C§A§la§x§6§F§B§E§C§F§lt§x§7§7§A§C§D§4§le §x§8§8§8§7§D§D§lK§x§9§0§7§5§E§2§le§x§9§8§6§3§E§7§ly from storage
[06:39:28] > J_Caleb added x18 Wither skeleton skull in auction for 1000.
[06:39:33] > HPMR_GaMerz buy x18 Wither skeleton skull to J_Caleb for $1 000.
[06:46:56] > Kwienn added x1 §esᴘɪᴅᴇʀ sᴘᴀᴡɴᴇʀ in auction for 400000.
[06:47:31] > mauserdart buy x2 §eᴡᴀʀᴅᴇɴ ꜱᴘᴀᴡɴᴇʀ to Kwienn for $400 000.