
[14:33:57] > dejuugarr remove x1 §x§5§9§A§1§D§9§lA§x§6§E§A§D§D§Er§x§8§3§B§9§E§3c§x§9§7§C§4§E§7h§x§A§C§D§0§E§Ca§x§C§1§D§C§F§1n§x§D§6§E§8§F§6g§x§E§A§F§3§F§Ae§fl §x§D§0§E§4§F§4D§x§B§8§D§7§E§Fa§x§A§0§C§9§E§9g§x§8§8§B§C§E§4g§x§7§1§A§E§D§Ee§x§5§9§A§1§D§9r from storage
[14:33:57] > dejuugarr remove x1 §f§l§x§E§4§3§A§3§AM§x§D§5§4§9§3§Ae§x§C§6§5§9§3§Ar§x§B§7§6§8§3§9r§x§A§8§7§8§3§9y§x§9§9§8§7§3§9 §x§8§9§9§6§3§9C§x§7§A§A§6§3§9h§x§6§B§B§5§3§8r§x§5§C§C§5§3§8i§x§4§D§D§4§3§8s§x§5§C§C§5§3§8t§x§6§B§B§5§3§8m§x§7§A§A§6§3§9a§x§8§9§9§6§3§9s§x§9§9§8§7§3§9 §x§A§8§7§8§3§9S§x§B§7§6§8§3§9w§x§C§6§5§9§3§Ao§x§D§5§4§9§3§Ar§x§E§4§3§A§3§Ad from storage
[14:34:05] > dejuugarr added x1 §x§5§9§A§1§D§9§lA§x§6§E§A§D§D§Er§x§8§3§B§9§E§3c§x§9§7§C§4§E§7h§x§A§C§D§0§E§Ca§x§C§1§D§C§F§1n§x§D§6§E§8§F§6g§x§E§A§F§3§F§Ae§fl §x§D§0§E§4§F§4D§x§B§8§D§7§E§Fa§x§A§0§C§9§E§9g§x§8§8§B§C§E§4g§x§7§1§A§E§D§Ee§x§5§9§A§1§D§9r in auction for 70000.
[14:34:21] > Trashcan buy x1 §x§5§9§A§1§D§9§lA§x§6§E§A§D§D§Er§x§8§3§B§9§E§3c§x§9§7§C§4§E§7h§x§A§C§D§0§E§Ca§x§C§1§D§C§F§1n§x§D§6§E§8§F§6g§x§E§A§F§3§F§Ae§fl §x§D§0§E§4§F§4D§x§B§8§D§7§E§Fa§x§A§0§C§9§E§9g§x§8§8§B§C§E§4g§x§7§1§A§E§D§Ee§x§5§9§A§1§D§9r to dejuugarr for $70,000.
[14:34:32] > dejuugarr added x1 §f§l§x§E§4§3§A§3§AM§x§D§8§4§6§3§Ae§x§C§C§5§3§3§Ar§x§C§0§5§F§3§Ar§x§B§4§6§B§3§9y§x§A§8§7§8§3§9 §x§9§C§8§4§3§9C§x§8§F§9§0§3§9h§x§8§3§9§D§3§9r§x§7§7§A§9§3§9i§x§6§B§B§5§3§8s§x§5§F§C§2§3§8t§x§5§3§C§E§3§8ma§x§5§F§C§2§3§8s§x§6§B§B§5§3§8 §x§7§7§A§9§3§9G§x§8§3§9§D§3§9r§x§8§F§9§0§3§9e§x§9§C§8§4§3§9a§x§A§8§7§8§3§9t§x§B§4§6§B§3§9S§x§C§0§5§F§3§Aw§x§C§C§5§3§3§Ao§x§D§8§4§6§3§Ar§x§E§4§3§A§3§Ad in auction for 80000.
[14:36:04] > x1 §x§5§9§A§1§D§9§lA§x§6§E§A§D§D§Er§x§8§3§B§9§E§3c§x§9§7§C§4§E§7h§x§A§C§D§0§E§Ca§x§C§1§D§C§F§1n§x§D§6§E§8§F§6g§x§E§A§F§3§F§Ae§fl §x§D§0§E§4§F§4H§x§B§8§D§7§E§Fe§x§A§0§C§9§E§9l§x§8§8§B§C§E§4m§x§7§1§A§E§D§Ee§x§5§9§A§1§D§9t, bought by dejuugarr, has just expired, the item is definitively deleted.
[14:36:06] > Trashcan remove x1 §x§5§9§A§1§D§9§lA§x§6§E§A§D§D§Er§x§8§3§B§9§E§3c§x§9§7§C§4§E§7h§x§A§C§D§0§E§Ca§x§C§1§D§C§F§1n§x§D§6§E§8§F§6g§x§E§A§F§3§F§Ae§fl §x§D§0§E§4§F§4D§x§B§8§D§7§E§Fa§x§A§0§C§9§E§9g§x§8§8§B§C§E§4g§x§7§1§A§E§D§Ee§x§5§9§A§1§D§9r from buy
[14:38:52] > Trashcan remove x1 Ominous bottle from buy
[14:42:44] > dejuugarr added x1 Sculk shrieker in auction for 10.
[14:42:50] > hilmanpro88 buy x1 Sculk shrieker to dejuugarr for $10.
[15:00:29] > dejuugarr added x1 Potion in auction for 10.
[15:00:41] > dejuugarr added x1 Potion in auction for 11.
[15:08:28] > Matthew buy x1 Potion to dejuugarr for $10.
[15:08:33] > Matthew buy x1 Potion to dejuugarr for $11.
[15:09:07] > Matthew remove x1 Potion from buy
[15:09:07] > Matthew remove x1 Potion from buy
[16:11:03] > dejuugarr added x4 Diamond in auction for 10.
[16:15:22] > Clifford added x5 Nether star in auction for 10.
[16:15:27] > hilmanpro88 buy x5 Nether star to Clifford for $10.
[16:15:42] > Clifford added x5 Nether star in auction for 10.
[16:15:44] > Haru178 buy x4 Diamond to dejuugarr for $10.
[16:15:49] > Haru178 buy x5 Nether star to Clifford for $10.
[16:16:05] > Haru178 remove x5 Nether star from buy
[16:16:05] > Haru178 remove x4 Diamond from buy
[16:16:23] > Clifford added x5 Nether star in auction for 10.
[16:16:29] > hilmanpro88 buy x5 Nether star to Clifford for $10.
[16:18:13] > Clifford added x64 Wither skeleton skull in auction for 64000.
[16:18:48] > Clifford remove x64 Wither skeleton skull from storage
[16:18:57] > x1 Shulker box, item of sky_edits, has just expired, the item is definitively deleted.
[16:18:59] > Clifford remove x49 Wither skeleton skull from expire
[16:19:24] > Clifford added x5 Nether star in auction for 10.
[16:19:26] > dejuugarr buy x5 Nether star to Clifford for $10.
[16:23:58] > hilmanpro88 remove x5 Nether star from buy
[16:23:59] > hilmanpro88 remove x5 Nether star from buy
[16:25:01] > Clifford added x5 Nether star in auction for 10.
[16:25:04] > dejuugarr buy x5 Nether star to Clifford for $10.
[16:25:12] > Clifford added x5 Nether star in auction for 10.
[16:25:15] > dejuugarr buy x5 Nether star to Clifford for $10.
[16:25:48] > dejuugarr added x1 §f§l§x§E§4§3§A§3§AM§x§D§3§4§B§3§Ae§x§C§2§5§C§3§Ar§x§B§2§6§D§3§9r§x§A§1§7§E§3§9y§x§9§0§9§0§3§9 §x§7§F§A§1§3§9C§x§6§F§B§2§3§8h§x§5§E§C§3§3§8r§x§4§D§D§4§3§8i§x§5§E§C§3§3§8s§x§6§F§B§2§3§8t§x§7§F§A§1§3§9m§x§9§0§9§0§3§9a§x§A§1§7§E§3§9s§x§B§2§6§D§3§9 §x§C§2§5§C§3§AA§x§D§3§4§B§3§Ax§x§E§4§3§A§3§Ae in auction for 60000.
[16:25:53] > nebula12321 buy x1 §f§l§x§E§4§3§A§3§AM§x§D§3§4§B§3§Ae§x§C§2§5§C§3§Ar§x§B§2§6§D§3§9r§x§A§1§7§E§3§9y§x§9§0§9§0§3§9 §x§7§F§A§1§3§9C§x§6§F§B§2§3§8h§x§5§E§C§3§3§8r§x§4§D§D§4§3§8i§x§5§E§C§3§3§8s§x§6§F§B§2§3§8t§x§7§F§A§1§3§9m§x§9§0§9§0§3§9a§x§A§1§7§E§3§9s§x§B§2§6§D§3§9 §x§C§2§5§C§3§AA§x§D§3§4§B§3§Ax§x§E§4§3§A§3§Ae to dejuugarr for $60,000.
[16:25:55] > nebula12321 buy x1 §f§l§x§E§4§3§A§3§AM§x§D§8§4§6§3§Ae§x§C§C§5§3§3§Ar§x§C§0§5§F§3§Ar§x§B§4§6§B§3§9y§x§A§8§7§8§3§9 §x§9§C§8§4§3§9C§x§8§F§9§0§3§9h§x§8§3§9§D§3§9r§x§7§7§A§9§3§9i§x§6§B§B§5§3§8s§x§5§F§C§2§3§8t§x§5§3§C§E§3§8ma§x§5§F§C§2§3§8s§x§6§B§B§5§3§8 §x§7§7§A§9§3§9G§x§8§3§9§D§3§9r§x§8§F§9§0§3§9e§x§9§C§8§4§3§9a§x§A§8§7§8§3§9t§x§B§4§6§B§3§9S§x§C§0§5§F§3§Aw§x§C§C§5§3§3§Ao§x§D§8§4§6§3§Ar§x§E§4§3§A§3§Ad to dejuugarr for $80,000.
[16:26:00] > nebula12321 remove x1 §f§l§x§E§4§3§A§3§AM§x§D§8§4§6§3§Ae§x§C§C§5§3§3§Ar§x§C§0§5§F§3§Ar§x§B§4§6§B§3§9y§x§A§8§7§8§3§9 §x§9§C§8§4§3§9C§x§8§F§9§0§3§9h§x§8§3§9§D§3§9r§x§7§7§A§9§3§9i§x§6§B§B§5§3§8s§x§5§F§C§2§3§8t§x§5§3§C§E§3§8ma§x§5§F§C§2§3§8s§x§6§B§B§5§3§8 §x§7§7§A§9§3§9G§x§8§3§9§D§3§9r§x§8§F§9§0§3§9e§x§9§C§8§4§3§9a§x§A§8§7§8§3§9t§x§B§4§6§B§3§9S§x§C§0§5§F§3§Aw§x§C§C§5§3§3§Ao§x§D§8§4§6§3§Ar§x§E§4§3§A§3§Ad from buy
[16:26:01] > nebula12321 remove x1 §f§l§x§E§4§3§A§3§AM§x§D§3§4§B§3§Ae§x§C§2§5§C§3§Ar§x§B§2§6§D§3§9r§x§A§1§7§E§3§9y§x§9§0§9§0§3§9 §x§7§F§A§1§3§9C§x§6§F§B§2§3§8h§x§5§E§C§3§3§8r§x§4§D§D§4§3§8i§x§5§E§C§3§3§8s§x§6§F§B§2§3§8t§x§7§F§A§1§3§9m§x§9§0§9§0§3§9a§x§A§1§7§E§3§9s§x§B§2§6§D§3§9 §x§C§2§5§C§3§AA§x§D§3§4§B§3§Ax§x§E§4§3§A§3§Ae from buy
[16:27:03] > nebula12321 remove x1 §x§E§4§3§A§3§A§lC§x§C§E§5§0§3§A§lh§x§B§9§6§6§3§9§lr§x§A§3§7§C§3§9§li§x§8§E§9§2§3§9§ls§x§7§8§A§8§3§9§lt§x§6§3§B§E§3§8§lm§x§4§D§D§4§3§8§la§x§6§3§B§E§3§8§ls §x§8§E§9§2§3§9§lG§x§A§3§7§C§3§9§ll§x§B§9§6§6§3§9§lo§x§C§E§5§0§3§A§lb§x§E§4§3§A§3§A§le from storage
[16:27:03] > nebula12321 remove x3 §x§E§4§3§A§3§A§lC§x§C§E§5§0§3§A§lh§x§B§9§6§6§3§9§lr§x§A§3§7§C§3§9§li§x§8§E§9§2§3§9§ls§x§7§8§A§8§3§9§lt§x§6§3§B§E§3§8§lm§x§4§D§D§4§3§8§la§x§6§3§B§E§3§8§ls §x§8§E§9§2§3§9§lG§x§A§3§7§C§3§9§ll§x§B§9§6§6§3§9§lo§x§C§E§5§0§3§A§lb§x§E§4§3§A§3§A§le from storage
[16:29:26] > dejuugarr remove x5 Nether star from buy
[16:29:26] > dejuugarr remove x5 Nether star from buy
[16:29:27] > dejuugarr remove x5 Nether star from buy
[16:37:43] > Clifford added x5 Nether star in auction for 10.
[16:40:24] > Clifford remove x5 Nether star from storage
[16:40:33] > Clifford remove x5 Nether star from expire
[17:12:23] > Clifford added x12 Nether star in auction for 10.
[17:12:30] > Trashcan buy x12 Nether star to Clifford for $10.
[17:12:34] > Clifford added x12 Nether star in auction for 10.
[17:12:38] > Trashcan buy x12 Nether star to Clifford for $10.
[17:35:43] > x1 Bow, item of ryise, has just expired, the item is definitively deleted.
[18:57:05] > Icon_Skully added x1 §f§l§x§E§4§3§A§3§AM§x§D§8§4§6§3§Ae§x§C§D§5§2§3§Ar§x§C§1§5§E§3§Ar§x§B§6§6§9§3§9y§x§A§A§7§5§3§9 §x§9§E§8§1§3§9C§x§9§3§8§D§3§9h§x§8§7§9§9§3§9r§x§7§B§A§5§3§9i§x§7§0§B§0§3§8s§x§6§4§B§C§3§8t§x§5§9§C§8§3§8m§x§4§D§D§4§3§8a§x§5§9§C§8§3§8s§x§6§4§B§C§3§8 §x§7§0§B§0§3§8F§x§7§B§A§5§3§9i§x§8§7§9§9§3§9s§x§9§3§8§D§3§9h§x§9§E§8§1§3§9i§x§A§A§7§5§3§9n§x§B§6§6§9§3§9g§x§C§1§5§E§3§A §x§C§D§5§2§3§Ar§x§D§8§4§6§3§Ao§x§E§4§3§A§3§Ad in auction for 10.
[18:57:13] > Raineee buy x1 §f§l§x§E§4§3§A§3§AM§x§D§8§4§6§3§Ae§x§C§D§5§2§3§Ar§x§C§1§5§E§3§Ar§x§B§6§6§9§3§9y§x§A§A§7§5§3§9 §x§9§E§8§1§3§9C§x§9§3§8§D§3§9h§x§8§7§9§9§3§9r§x§7§B§A§5§3§9i§x§7§0§B§0§3§8s§x§6§4§B§C§3§8t§x§5§9§C§8§3§8m§x§4§D§D§4§3§8a§x§5§9§C§8§3§8s§x§6§4§B§C§3§8 §x§7§0§B§0§3§8F§x§7§B§A§5§3§9i§x§8§7§9§9§3§9s§x§9§3§8§D§3§9h§x§9§E§8§1§3§9i§x§A§A§7§5§3§9n§x§B§6§6§9§3§9g§x§C§1§5§E§3§A §x§C§D§5§2§3§Ar§x§D§8§4§6§3§Ao§x§E§4§3§A§3§Ad to Icon_Skully for $10.
[18:57:41] > Raineee remove x1 §f§l§x§E§4§3§A§3§AM§x§D§8§4§6§3§Ae§x§C§D§5§2§3§Ar§x§C§1§5§E§3§Ar§x§B§6§6§9§3§9y§x§A§A§7§5§3§9 §x§9§E§8§1§3§9C§x§9§3§8§D§3§9h§x§8§7§9§9§3§9r§x§7§B§A§5§3§9i§x§7§0§B§0§3§8s§x§6§4§B§C§3§8t§x§5§9§C§8§3§8m§x§4§D§D§4§3§8a§x§5§9§C§8§3§8s§x§6§4§B§C§3§8 §x§7§0§B§0§3§8F§x§7§B§A§5§3§9i§x§8§7§9§9§3§9s§x§9§3§8§D§3§9h§x§9§E§8§1§3§9i§x§A§A§7§5§3§9n§x§B§6§6§9§3§9g§x§C§1§5§E§3§A §x§C§D§5§2§3§Ar§x§D§8§4§6§3§Ao§x§E§4§3§A§3§Ad from buy
[19:41:45] > Clifford added x1 Strength II in auction for 85000.
[19:45:31] > dejuugarr added x3 Nether star in auction for 200000.
[20:25:18] > Clifford remove x1 Strength II from storage
[20:25:25] > x1 §f§l§x§F§A§0§0§0§AD§x§F§A§1§C§1§5a§x§F§B§3§7§2§0r§x§F§B§5§3§2§Bk§x§F§B§6§F§3§6f§x§F§B§8§B§4§1l§x§F§C§A§6§4§Ca§x§F§C§C§2§5§7me§x§F§C§A§6§4§C §x§F§B§8§B§4§1S§x§F§B§6§F§3§6i§x§F§B§5§3§2§Bc§x§F§B§3§7§2§0k§x§F§A§1§C§1§5l§x§F§A§0§0§0§Ae, item of .Allxnzv, has just expired, the item is definitively deleted.
[20:25:25] > x1 §f§l§8B§x§6§1§6§1§6§1a§x§6§D§6§D§6§Dh§x§7§9§7§9§7§9a§x§8§6§8§6§8§6m§x§9§2§9§2§9§2u§x§9§E§9§E§9§Et§7 §x§9§E§9§E§9§EH§x§9§2§9§2§9§2a§x§8§6§8§6§8§6l§x§7§9§7§9§7§9b§x§6§D§6§D§6§De§x§6§1§6§1§6§1r§8d, item of Broodie, has just expired, the item is definitively deleted.
[20:25:27] > Clifford remove x1 Strength II from expire
[20:59:27] > Clifford added x64 Nether star in auction for 10.
[20:59:35] > alecczzz buy x64 Nether star to Clifford for $10.
[20:59:41] > alecczzz remove x64 Nether star from buy
[21:19:50] > Zypher_0w0 added x64 Lead in auction for 10.
[21:20:07] > Zypher_0w0 added x64 Lead in auction for 10.
[21:20:46] > xmoonx_ buy x64 Lead to Zypher_0w0 for $10.
[21:22:30] > xmoonx_ remove x64 Lead from buy
[21:22:49] > Zypher_0w0 added x64 Coal block in auction for 10.
[21:23:00] > Zypher_0w0 added x64 Coal block in auction for 10.
[21:23:13] > Zypher_0w0 added x64 Coal block in auction for 10.
[21:23:27] > Zypher_0w0 added x64 Coal block in auction for 10.
[21:23:39] > Zypher_0w0 added x64 Coal block in auction for 10.
[21:24:01] > Zypher_0w0 added x64 Coal block in auction for 10.
[21:24:19] > Zypher_0w0 added x64 Coal block in auction for 10.
[21:26:42] > fuzzy_fae added x1 §f§l§x§E§4§3§A§3§AM§x§D§8§4§6§3§Ae§x§C§C§5§3§3§Ar§x§C§0§5§F§3§Ar§x§B§4§6§B§3§9y§x§A§8§7§8§3§9 §x§9§C§8§4§3§9C§x§8§F§9§0§3§9h§x§8§3§9§D§3§9r§x§7§7§A§9§3§9i§x§6§B§B§5§3§8s§x§5§F§C§2§3§8t§x§5§3§C§E§3§8ma§x§5§F§C§2§3§8s§x§6§B§B§5§3§8 §x§7§7§A§9§3§9G§x§8§3§9§D§3§9r§x§8§F§9§0§3§9e§x§9§C§8§4§3§9a§x§A§8§7§8§3§9t§x§B§4§6§B§3§9S§x§C§0§5§F§3§Aw§x§C§C§5§3§3§Ao§x§D§8§4§6§3§Ar§x§E§4§3§A§3§Ad in auction for 1000000.
[21:43:21] > Zypher_0w0 added x1 Enchanted book in auction for 10.
[21:43:27] > hilmanpro88 buy x1 Enchanted book to Zypher_0w0 for $10.
[21:43:33] > Haru178 buy x64 Coal block to Zypher_0w0 for $10.
[21:43:37] > Haru178 buy x64 Coal block to Zypher_0w0 for $10.
[21:43:40] > hilmanpro88 remove x1 Enchanted book from buy
[21:43:43] > Haru178 buy x64 Coal block to Zypher_0w0 for $10.
[21:43:45] > Haru178 buy x64 Lead to Zypher_0w0 for $10.
[21:43:48] > Haru178 buy x64 Coal block to Zypher_0w0 for $10.
[21:43:49] > Haru178 buy x64 Coal block to Zypher_0w0 for $10.
[21:43:51] > Haru178 buy x64 Coal block to Zypher_0w0 for $10.
[21:43:51] > num_lock123 buy x64 Coal block to Zypher_0w0 for $10.
[21:57:08] > Zypher_0w0 added x2 §x§E§5§1§B§1§B§lDracula Key in auction for 10000.
[21:57:15] > dejuugarr buy x2 §x§E§5§1§B§1§B§lDracula Key to Zypher_0w0 for $10,000.
[21:57:22] > dejuugarr remove x3 Nether star from storage
[21:57:29] > x1 §x§F§F§5§5§0§0§lsᴇʟʟᴡᴀɴᴅ §6- 5.0x, item of younglion1224, has just expired, the item is definitively deleted.
[21:57:30] > dejuugarr remove x3 Nether star from expire
[21:57:43] > dejuugarr added x3 Nether star in auction for 150000.
[21:58:00] > dejuugarr added x1 §f§l§x§E§4§3§A§3§AM§x§D§7§4§7§3§Ae§x§C§A§5§5§3§Ar§x§B§D§6§2§3§9r§x§A§F§7§0§3§9y§x§A§2§7§D§3§9 §x§9§5§8§A§3§9C§x§8§8§9§8§3§9h§x§7§B§A§5§3§9r§x§6§E§B§3§3§8i§x§6§1§C§0§3§8s§x§5§4§C§D§3§8tm§x§6§1§C§0§3§8a§x§6§E§B§3§3§8s§x§7§B§A§5§3§9 §x§8§8§9§8§3§9C§x§9§5§8§A§3§9r§x§A§2§7§D§3§9o§x§A§F§7§0§3§9s§x§B§D§6§2§3§9s§x§C§A§5§5§3§Ab§x§D§7§4§7§3§Ao§x§E§4§3§A§3§Aw in auction for 350000.
[21:59:56] > Zypher_0w0 added x64 Blaze rod in auction for 10.
[22:00:03] > Haru178 buy x64 Blaze rod to Zypher_0w0 for $10.
[22:23:54] > num_lock123 buy x1 §x§E§5§1§B§1§B§lDracula Shovel to ArchKolnerDom for $50,000.
[22:25:28] > num_lock123 remove x1 §x§E§5§1§B§1§B§lDracula Shovel from buy
[22:25:29] > num_lock123 remove x64 Coal block from buy
[01:15:02] > x1 Diamond helmet on sale by St4r_ has just expired, it goes in the inventory of expired items.
[01:38:05] > Icon_Skully added x1 §x§E§4§3§A§9§6§lW§x§E§7§5§3§A§3§lI§x§E§B§6§B§B§0§lN§x§E§E§8§4§B§D§lG§x§F§2§9§D§C§B§lS §x§F§8§C§E§E§5§lO§x§F§C§E§6§F§2§lF §x§F§C§E§6§F§2§lE§x§F§8§C§E§E§5§lT§x§F§5§B§5§D§8§lE§x§F§2§9§D§C§B§lR§x§E§E§8§4§B§D§lN§x§E§B§6§B§B§0§lI§x§E§7§5§3§A§3§lT§x§E§4§3§A§9§6§lY in auction for 6500000.
[01:38:15] > Icon_Skully remove x1 §x§E§4§3§A§9§6§lW§x§E§7§5§3§A§3§lI§x§E§B§6§B§B§0§lN§x§E§E§8§4§B§D§lG§x§F§2§9§D§C§B§lS §x§F§8§C§E§E§5§lO§x§F§C§E§6§F§2§lF §x§F§C§E§6§F§2§lE§x§F§8§C§E§E§5§lT§x§F§5§B§5§D§8§lE§x§F§2§9§D§C§B§lR§x§E§E§8§4§B§D§lN§x§E§B§6§B§B§0§lI§x§E§7§5§3§A§3§lT§x§E§4§3§A§9§6§lY from storage
[01:38:16] > x1 Golden leggings, bought by Antonie657, has just expired, the item is definitively deleted.
[01:38:16] > x4 Glistering melon slice, bought by Antonie657, has just expired, the item is definitively deleted.
[01:38:16] > x1 Golden axe, bought by Antonie657, has just expired, the item is definitively deleted.
[01:38:16] > x14 Iron nugget, bought by Antonie657, has just expired, the item is definitively deleted.
[01:38:16] > x1 Fire charge, bought by Antonie657, has just expired, the item is definitively deleted.
[01:38:25] > Icon_Skully added x1 §x§E§4§3§A§9§6§lW§x§E§7§5§3§A§3§lI§x§E§B§6§B§B§0§lN§x§E§E§8§4§B§D§lG§x§F§2§9§D§C§B§lS §x§F§8§C§E§E§5§lO§x§F§C§E§6§F§2§lF §x§F§C§E§6§F§2§lE§x§F§8§C§E§E§5§lT§x§F§5§B§5§D§8§lE§x§F§2§9§D§C§B§lR§x§E§E§8§4§B§D§lN§x§E§B§6§B§B§0§lI§x§E§7§5§3§A§3§lT§x§E§4§3§A§9§6§lY in auction for 7000000.
[09:30:54] > nebula12321 buy x3 Nether star to dejuugarr for $150,000.
[09:30:57] > x1 Golden pickaxe, bought by Antonie657, has just expired, the item is definitively deleted.
[09:30:58] > nebula12321 remove x3 Nether star from buy
[09:31:26] > makaylee added x63 Iron block in auction for 10.
[09:31:31] > nebula12321 buy x63 Iron block to makaylee for $10.
[09:33:04] > makaylee added x63 Iron block in auction for 10.
[09:33:15] > nebula12321 buy x63 Iron block to makaylee for $10.