
[02:03:14] > celinesanrio remove x1 §x§6§0§0§0§F§F§lɢᴏᴅʟʏ ɪᴛᴇᴍ from storage
[02:03:57] > celinesanrio added x1 Godly weapons in auction for 200000.
[05:07:31] > Pedroo80 added x3 Wither skeleton skull in auction for 500000.
[16:04:45] > celinesanrio remove x1 Mystery Shogun Crate form storage
[16:04:45] > celinesanrio remove x1 §x§F§F§3§E§0§0§lD§x§F§F§3§6§0§0§le§x§F§F§2§F§0§0§lm§x§F§F§2§7§0§0§lo§x§F§F§1§F§0§0§ln §x§F§F§1§0§0§0§lL§x§F§F§0§8§0§0§lo§x§F§F§0§0§0§0§lr§x§F§F§0§9§0§0§ld §x§F§F§1§B§0§0§lS§x§F§F§2§3§0§0§lw§x§F§F§2§C§0§0§lo§x§F§F§3§5§0§0§lr§x§F§F§3§E§0§0§ld form storage
[16:04:45] > celinesanrio remove x1 §fEnder Eye Shovel form storage
[16:04:45] > celinesanrio remove x1 §x§E§3§A§F§4§F§lʟᴇɢᴇɴᴅᴀʀʏ ɪᴛᴇᴍ form storage
[16:04:45] > celinesanrio remove x1 Godly weapons form storage
[16:06:11] > celinesanrio added x1 Mystery Shogun Crate in auction for 2000000.
[16:06:35] > celinesanrio added x1 Godly weapons in auction for 150000.
[16:07:37] > celinesanrio added x1 §x§F§F§3§E§0§0§lD§x§F§F§3§6§0§0§le§x§F§F§2§F§0§0§lm§x§F§F§2§7§0§0§lo§x§F§F§1§F§0§0§ln §x§F§F§1§0§0§0§lL§x§F§F§0§8§0§0§lo§x§F§F§0§0§0§0§lr§x§F§F§0§9§0§0§ld §x§F§F§1§B§0§0§lS§x§F§F§2§3§0§0§lw§x§F§F§2§C§0§0§lo§x§F§F§3§5§0§0§lr§x§F§F§3§E§0§0§ld in auction for 1000000.
[16:07:43] > celinesanrio added x1 §x§F§F§3§E§0§0§lD§x§F§F§3§6§0§0§le§x§F§F§2§F§0§0§lm§x§F§F§2§7§0§0§lo§x§F§F§1§F§0§0§ln §x§F§F§1§0§0§0§lL§x§F§F§0§8§0§0§lo§x§F§F§0§0§0§0§lr§x§F§F§0§9§0§0§ld §x§F§F§1§B§0§0§lS§x§F§F§2§3§0§0§lw§x§F§F§2§C§0§0§lo§x§F§F§3§5§0§0§lr§x§F§F§3§E§0§0§ld in auction for 1000000.
[16:07:56] > celinesanrio added x1 §fEnder Eye Shovel in auction for 500000.
[16:07:56] > Jackzly buy x1 §fShogun Spear to deadinside for $100 000.
[16:12:44] > Jackzly added x1 §fShogun Spear in auction for 100000.
[16:13:32] > Zypher_0w0 added x1 Heart of the sea in auction for 5000.
[16:13:40] > celinesanrio buy x1 Heart of the sea to Zypher_0w0 for $5 000.
[16:24:12] > Zypher_0w0 added x1 Enchanted book in auction for 5000.
[16:24:21] > Zypher_0w0 added x1 Enchanted book in auction for 5000.
[16:24:58] > Jackzly buy x1 Enchanted book to Zypher_0w0 for $5 000.
[16:53:55] > celinesanrio buy x1 Enchanted book to Zypher_0w0 for $5 000.
[17:22:31] > Icon_Skully remove x1 §x§F§F§3§E§0§0§lD§x§F§F§3§5§0§0§le§x§F§F§2§C§0§0§lm§x§F§F§2§3§0§0§lo§x§F§F§1§B§0§0§ln §x§F§F§0§9§0§0§lL§x§F§F§0§0§0§0§lo§x§F§F§0§A§0§0§lr§x§F§F§1§5§0§0§ld §x§F§F§2§9§0§0§lA§x§F§F§3§4§0§0§lx§x§F§F§3§E§0§0§le from expire
[17:24:55] > Jackzly buy x1 §x§6§0§0§0§F§F§lɢᴏᴅʟʏ ɪᴛᴇᴍ to Seirione for $200 000.
[17:42:59] > CarlSui added x3 Nether star in auction for 100000.
[21:01:30] > 701 buy x1 Godly weapons to celinesanrio for $150 000.
[22:38:30] > Seirione buy x1 Mystery Shogun Crate to celinesanrio for $2 000 000.