
[12:08:34] > x1 §fGhost Hat on sale by .M4SHED2311 has just expired, it goes in the inventory of expired items.
[12:09:03] > Blinkrzz remove x4 Enchanted golden apple from storage
[12:20:10] > Blinkrzz added x1 §e§lCrab Scale in auction for 300000.
[12:26:31] > Blinkrzz remove x1 §e§lCrab Scale from storage
[12:37:33] > Blinkrzz added x1 IDEK in auction for 3000000.
[12:38:43] > x6 Netherite upgrade smithing template, item of shelby, has just expired, the item is definitively deleted.
[12:38:43] > x1 §fCreeper Plushie §6(#27/101), item of seolria, has just expired, the item is definitively deleted.
[12:38:43] > x1 §f§l§8B§x§6§6§6§6§6§6a§x§7§7§7§7§7§7h§x§8§8§8§8§8§8a§x§9§9§9§9§9§9m§7u§x§9§9§9§9§9§9t§x§8§8§8§8§8§8 §x§7§7§7§7§7§7H§x§6§6§6§6§6§6a§8t, item of DanRaiv, has just expired, the item is definitively deleted.
[12:38:43] > x1 Shulker box, item of shelby, has just expired, the item is definitively deleted.
[12:38:43] > x10 Netherite upgrade smithing template, item of Doomday152, has just expired, the item is definitively deleted.
[12:38:43] > x1 §x§F§F§7§C§0§0§lSteamsparks Boots, item of Celeste01, has just expired, the item is definitively deleted.
[12:41:46] > grit_zy added x64 Golden apple in auction for 100.
[12:41:49] > Fogstrap buy x64 Golden apple to grit_zy for $100.
[12:41:56] > x1 Enchanting table, bought by Julene, has just expired, the item is definitively deleted.
[12:41:58] > Fogstrap remove x1 §x§F§F§5§5§0§0§lsᴇʟʟᴡᴀɴᴅ §6- 5.0x form buy
[12:41:58] > Fogstrap remove x1 §f§x§6§B§2§C§C§6G§x§7§0§3§2§C§Ca§x§7§5§3§8§D§2l§x§7§A§3§E§D§8a§x§7§F§4§4§D§Ex§x§8§4§4§9§E§5y§x§8§9§4§F§E§B §x§8§E§5§5§F§1H§x§9§3§5§B§F§7a§x§9§8§6§1§F§Dt form buy
[12:41:58] > Fogstrap remove x1 Cooked porkchop form buy
[12:41:58] > Fogstrap remove x10 §x§F§C§9§0§5§C§lE§x§E§6§9§C§6§B§lp§x§C§F§A§7§7§A§li§x§B§9§B§3§8§9§lc §x§8§C§C§B§A§7§lC§x§7§5§D§6§B§6§lr§x§5§F§E§2§C§5§la§x§7§9§D§4§B§4§lt§x§9§3§C§7§A§2§le §x§C§8§A§B§7§F§lK§x§E§2§9§E§6§E§le§x§F§C§9§0§5§C§ly form buy
[12:41:58] > Fogstrap remove x1 §x§F§F§5§5§0§0§lsᴇʟʟᴡᴀɴᴅ §6- 5.0x form buy
[12:41:58] > Fogstrap remove x1 §x§F§F§5§5§0§0§lsᴇʟʟᴡᴀɴᴅ §6- 5.0x form buy
[12:41:58] > Fogstrap remove x41 Golden apple form buy
[12:42:00] > grit_zy added x27 Golden apple in auction for 100.
[12:42:03] > Fogstrap buy x27 Golden apple to grit_zy for $100.
[13:20:23] > aroraru added x63 Sweet berries in auction for 1000.
[13:36:28] > .AppriXD buy x63 Sweet berries to aroraru for $1,000.
[13:56:04] > FuwaLeaf remove x1 §f§l§8B§x§6§4§6§4§6§4a§x§7§4§7§4§7§4h§x§8§3§8§3§8§3a§x§9§3§9§3§9§3m§x§A§2§A§2§A§2ut§x§9§3§9§3§9§3 §x§8§3§8§3§8§3M§x§7§4§7§4§7§4a§x§6§4§6§4§6§4c§8e from storage
[13:56:06] > FuwaLeaf remove x1 §x§F§F§5§5§0§0§lsᴇʟʟᴡᴀɴᴅ §6- 5.0x from storage
[13:56:07] > FuwaLeaf remove x1 §x§F§F§7§C§0§0§lSteamsparks Halberd from storage
[13:56:15] > FuwaLeaf added x1 §x§F§F§7§C§0§0§lSteamsparks Halberd in auction for 150000.
[13:56:25] > FuwaLeaf added x1 §x§F§F§5§5§0§0§lsᴇʟʟᴡᴀɴᴅ §6- 5.0x in auction for 400000.
[13:56:40] > FuwaLeaf added x1 §f§l§8B§x§6§4§6§4§6§4a§x§7§4§7§4§7§4h§x§8§3§8§3§8§3a§x§9§3§9§3§9§3m§x§A§2§A§2§A§2ut§x§9§3§9§3§9§3 §x§8§3§8§3§8§3M§x§7§4§7§4§7§4a§x§6§4§6§4§6§4c§8e in auction for 1500000.
[13:56:57] > Fogstrap remove x1 §x§F§F§5§5§0§0§lsᴇʟʟᴡᴀɴᴅ §6- 5.0x from storage
[13:56:58] > Fogstrap remove x1 §x§F§F§5§5§0§0§lsᴇʟʟᴡᴀɴᴅ §6- 5.0x from storage
[13:57:07] > Fogstrap added x1 §x§F§F§5§5§0§0§lsᴇʟʟᴡᴀɴᴅ §6- 5.0x in auction for 380000.
[13:57:27] > Fogstrap added x1 §x§F§F§5§5§0§0§lsᴇʟʟᴡᴀɴᴅ §6- 5.0x in auction for 380000.
[13:57:55] > RottenRael added x4 Flow armor trim smithing template in auction for 300000.
[13:57:59] > Fogstrap added x1 Enchanted book in auction for 900000.
[13:58:17] > FuwaLeaf buy x4 Flow armor trim smithing template to RottenRael for $300,000.
[13:58:20] > ThatMidnight buy x64 Experience bottle to HwanYo for $90,000.
[13:58:23] > ThatMidnight buy x64 Experience bottle to HwanYo for $90,000.
[13:59:11] > x4 §x§F§F§3§E§0§0§lD§x§F§F§3§7§0§0§le§x§F§F§3§0§0§0§lm§x§F§F§2§9§0§0§lo§x§F§F§2§2§0§0§ln §x§F§F§1§5§0§0§lL§x§F§F§0§E§0§0§lo§x§F§F§0§7§0§0§lr§x§F§F§0§0§0§0§ld §x§F§F§0§E§0§0§lF§x§F§F§1§5§0§0§lr§x§F§F§1§C§0§0§la§x§F§F§2§2§0§0§lg§x§F§F§2§9§0§0§lm§x§F§F§3§0§0§0§le§x§F§F§3§7§0§0§ln§x§F§F§3§E§0§0§lt, bought by giyahnpogi, has just expired, the item is definitively deleted.
[13:59:12] > FuwaLeaf remove x4 Flow armor trim smithing template from buy
[14:02:01] > Gabyy buy x1 Enchanted book to Julene for $25,000.
[14:11:25] > nachfaust remove x64 Firework rocket from storage
[14:11:33] > nachfaust added x1 §x§5§F§E§2§C§5Dread Knight Fishing rod in auction for 1400000.
[14:14:09] > Fogstrap added x1 §f§l§x§F§C§D§0§5§CW§x§F§B§A§D§4§Du§x§F§9§8§B§3§Dk§x§F§8§6§8§2§Eo§x§F§6§4§5§1§Fn§x§F§5§2§3§0§Fg§x§F§3§0§0§0§0 §x§F§5§2§3§0§FH§x§F§6§4§5§1§Fa§x§F§8§6§8§2§Em§x§F§9§8§B§3§Dm§x§F§B§A§D§4§De§x§F§C§D§0§5§Cr in auction for 1000000.
[14:16:11] > monggol added x1 §f§l§8B§x§6§2§6§2§6§2a§x§6§F§6§F§6§Fh§x§7§C§7§C§7§Ca§x§8§9§8§9§8§9m§x§9§6§9§6§9§6u§x§A§3§A§3§A§3t §x§9§6§9§6§9§6S§x§8§9§8§9§8§9h§x§7§C§7§C§7§Co§x§6§F§6§F§6§Fv§x§6§2§6§2§6§2e§8l in auction for 390000.
[14:16:53] > monggol remove x1 §f§l§8B§x§6§2§6§2§6§2a§x§6§F§6§F§6§Fh§x§7§C§7§C§7§Ca§x§8§9§8§9§8§9m§x§9§6§9§6§9§6u§x§A§3§A§3§A§3t §x§9§6§9§6§9§6S§x§8§9§8§9§8§9h§x§7§C§7§C§7§Co§x§6§F§6§F§6§Fv§x§6§2§6§2§6§2e§8l from storage
[14:20:31] > x1 §x§F§F§3§E§0§0§lD§x§F§F§3§8§0§0§le§x§F§F§3§2§0§0§lm§x§F§F§2§B§0§0§lo§x§F§F§2§5§0§0§ln §x§F§F§1§9§0§0§lL§x§F§F§1§3§0§0§lo§x§F§F§0§C§0§0§lr§x§F§F§0§6§0§0§ld §x§F§F§0§6§0§0§lB§x§F§F§0§C§0§0§la§x§F§F§1§3§0§0§lt§x§F§F§1§9§0§0§lt§x§F§F§1§F§0§0§ll§x§F§F§2§5§0§0§le §x§F§F§3§2§0§0§lA§x§F§F§3§8§0§0§lx§x§F§F§3§E§0§0§le on sale by _BAAM has just expired, it goes in the inventory of expired items.
[14:30:18] > x1 §fElf Hat on sale by Seikuji8811 has just expired, it goes in the inventory of expired items.
[14:31:43] > FuwaLeaf added x1 §x§5§9§A§1§D§9§lA§x§6§E§A§D§D§Er§x§8§3§B§9§E§3c§x§9§7§C§4§E§7h§x§A§C§D§0§E§Ca§x§C§1§D§C§F§1n§x§D§6§E§8§F§6g§x§E§A§F§3§F§Ae§fl §x§D§0§E§4§F§4H§x§B§8§D§7§E§Fa§x§A§0§C§9§E§9m§x§8§8§B§C§E§4m§x§7§1§A§E§D§Ee§x§5§9§A§1§D§9r in auction for 1500000.
[14:34:03] > Wemmbuo buy x1 §f§l§x§F§C§D§0§5§CW§x§F§B§A§D§4§Du§x§F§9§8§B§3§Dk§x§F§8§6§8§2§Eo§x§F§6§4§5§1§Fn§x§F§5§2§3§0§Fg§x§F§3§0§0§0§0 §x§F§5§2§3§0§FH§x§F§6§4§5§1§Fa§x§F§8§6§8§2§Em§x§F§9§8§B§3§Dm§x§F§B§A§D§4§De§x§F§C§D§0§5§Cr to Fogstrap for $1,000,000.
[14:34:19] > Wemmbuo remove x1 §f§l§x§F§C§D§0§5§CW§x§F§B§A§D§4§Du§x§F§9§8§B§3§Dk§x§F§8§6§8§2§Eo§x§F§6§4§5§1§Fn§x§F§5§2§3§0§Fg§x§F§3§0§0§0§0 §x§F§5§2§3§0§FH§x§F§6§4§5§1§Fa§x§F§8§6§8§2§Em§x§F§9§8§B§3§Dm§x§F§B§A§D§4§De§x§F§C§D§0§5§Cr from buy
[14:35:59] > Hunter_Sung added x1 §f§l§x§F§A§0§0§0§AD§x§F§A§1§5§1§2a§x§F§A§2§A§1§Ar§x§F§B§3§E§2§3k§x§F§B§5§3§2§Bf§x§F§B§6§8§3§3l§x§F§B§7§D§3§Ba§x§F§B§9§2§4§3m§x§F§C§A§6§4§Ce§x§F§C§B§B§5§4 §x§F§C§D§0§5§CF§x§F§C§B§B§5§4i§x§F§C§A§6§4§Cs§x§F§B§9§2§4§3h§x§F§B§7§D§3§Bi§x§F§B§6§8§3§3n§x§F§B§5§3§2§Bg§x§F§B§3§E§2§3 §x§F§A§2§A§1§AR§x§F§A§1§5§1§2o§x§F§A§0§0§0§Ad in auction for 1250000.
[14:38:05] > Wemmbuo added x1 §f§l§x§F§C§D§0§5§CW§x§F§B§A§D§4§Du§x§F§9§8§B§3§Dk§x§F§8§6§8§2§Eo§x§F§6§4§5§1§Fn§x§F§5§2§3§0§Fg§x§F§3§0§0§0§0 §x§F§5§2§3§0§FH§x§F§6§4§5§1§Fa§x§F§8§6§8§2§Em§x§F§9§8§B§3§Dm§x§F§B§A§D§4§De§x§F§C§D§0§5§Cr in auction for 1400000.
[14:39:06] > Wemmbuo added x1 §x§F§F§7§C§0§0§lSteamsparks Battle Axe in auction for 600000.
[14:40:02] > x1 §x§F§0§7§A§5§4§lZombie Apocalyptic Halberd on sale by RizzaIck has just expired, it goes in the inventory of expired items.
[14:40:30] > Wemmbuo added x1 Ominous trial key in auction for 60000.
[14:50:08] > x1 §x§E§5§1§B§1§B§lDracula Dagger on sale by RizzaIck has just expired, it goes in the inventory of expired items.
[14:50:10] > Wemmbuo remove x1 Ominous trial key from storage
[14:56:16] > x4 Enchanted golden apple on sale by Cooldoggiexd has just expired, it goes in the inventory of expired items.
[14:57:35] > x1 §f§l§x§8§A§0§0§F§FS§x§9§9§0§0§D§Bh§x§A§8§0§0§B§6i§x§B§7§0§0§9§2n§x§C§6§0§0§6§De§x§D§5§0§0§4§9 §x§E§4§0§0§2§4O§x§F§3§0§0§0§0n§x§E§4§0§0§2§4i§x§D§5§0§0§4§9 §x§C§6§0§0§6§DS§x§B§7§0§0§9§2t§x§A§8§0§0§B§6a§x§9§9§0§0§D§Bf§x§8§A§0§0§F§Ff on sale by monggol has just expired, it goes in the inventory of expired items.
[15:00:10] > johnowenz1 added x1 Ominous trial key in auction for 50000.
[15:00:16] > imnectarfr buy x1 Ominous trial key to johnowenz1 for $50,000.
[15:02:35] > johnowenz1 added x2 Trial key in auction for 40000.
[15:02:59] > johnowenz1 remove x2 Trial key from storage
[15:03:23] > johnowenz1 added x2 Trial key in auction for 20000.
[15:03:26] > Ab0 added x2 Trial key in auction for 30000.
[15:05:30] > johnowenz1 added x1 Enchanted book in auction for 50000.
[15:06:04] > johnowenz1 added x2 Ominous trial key in auction for 100000.
[15:06:13] > johnowenz1 remove x2 Ominous trial key from storage
[15:07:10] > HwanYo added x1 Red shulker box in auction for 600000.
[15:07:33] > ThatMidnight buy x1 §f§l§x§F§A§0§0§0§AD§x§F§A§1§5§1§2a§x§F§A§2§A§1§Ar§x§F§B§3§E§2§3k§x§F§B§5§3§2§Bf§x§F§B§6§8§3§3l§x§F§B§7§D§3§Ba§x§F§B§9§2§4§3m§x§F§C§A§6§4§Ce§x§F§C§B§B§5§4 §x§F§C§D§0§5§CF§x§F§C§B§B§5§4i§x§F§C§A§6§4§Cs§x§F§B§9§2§4§3h§x§F§B§7§D§3§Bi§x§F§B§6§8§3§3n§x§F§B§5§3§2§Bg§x§F§B§3§E§2§3 §x§F§A§2§A§1§AR§x§F§A§1§5§1§2o§x§F§A§0§0§0§Ad to Hunter_Sung for $1,250,000.
[15:07:49] > ThatMidnight remove x1 §f§l§x§F§A§0§0§0§AD§x§F§A§1§5§1§2a§x§F§A§2§A§1§Ar§x§F§B§3§E§2§3k§x§F§B§5§3§2§Bf§x§F§B§6§8§3§3l§x§F§B§7§D§3§Ba§x§F§B§9§2§4§3m§x§F§C§A§6§4§Ce§x§F§C§B§B§5§4 §x§F§C§D§0§5§CF§x§F§C§B§B§5§4i§x§F§C§A§6§4§Cs§x§F§B§9§2§4§3h§x§F§B§7§D§3§Bi§x§F§B§6§8§3§3n§x§F§B§5§3§2§Bg§x§F§B§3§E§2§3 §x§F§A§2§A§1§AR§x§F§A§1§5§1§2o§x§F§A§0§0§0§Ad from buy
[15:07:50] > ThatMidnight remove x64 Experience bottle from buy
[15:07:50] > ThatMidnight remove x64 Experience bottle from buy
[15:08:34] > Fogstrap buy x1 Red shulker box to HwanYo for $600,000.
[15:08:57] > Fogstrap remove x1 Red shulker box form buy
[15:08:57] > Fogstrap remove x27 Golden apple form buy
[15:11:38] > HwanYo added x64 Redstone block in auction for 50000.
[15:11:50] > HwanYo added x64 Redstone block in auction for 50000.
[15:12:01] > HwanYo added x64 Redstone block in auction for 50000.
[15:12:11] > HwanYo remove x1 §f§l§x§8§A§0§0§F§FS§x§9§9§0§0§D§Bh§x§A§8§0§0§B§6i§x§B§7§0§0§9§2n§x§C§6§0§0§6§De§x§D§5§0§0§4§9 §x§E§4§0§0§2§4O§x§F§3§0§0§0§0n§x§E§4§0§0§2§4i§x§D§5§0§0§4§9 §x§C§6§0§0§6§DS§x§B§7§0§0§9§2t§x§A§8§0§0§B§6a§x§9§9§0§0§D§Bf§x§8§A§0§0§F§Ff from storage
[15:12:17] > HwanYo added x64 Redstone block in auction for 50000.
[15:12:29] > HwanYo added x64 Redstone block in auction for 50000.
[15:12:41] > HwanYo added x64 Redstone block in auction for 50000.
[15:12:55] > HwanYo added x64 Redstone block in auction for 50000.
[15:13:07] > HwanYo added x64 Redstone block in auction for 50000.
[15:13:54] > HwanYo added x1 §f§l§x§8§A§0§0§F§FS§x§9§9§0§0§D§Bh§x§A§8§0§0§B§6i§x§B§7§0§0§9§2n§x§C§6§0§0§6§De§x§D§5§0§0§4§9 §x§E§4§0§0§2§4O§x§F§3§0§0§0§0n§x§E§4§0§0§2§4i§x§D§5§0§0§4§9 §x§C§6§0§0§6§DS§x§B§7§0§0§9§2t§x§A§8§0§0§B§6a§x§9§9§0§0§D§Bf§x§8§A§0§0§F§Ff in auction for 1000000.
[15:23:30] > belvi__ buy x1 Enchanted book to Fogstrap for $900,000.
[15:23:38] > belvi__ remove x1 Enchanted book from buy
[15:53:05] > x1 §f§l§x§F§C§D§0§5§CW§x§F§A§A§A§4§Bu§x§F§9§8§4§3§Bk§x§F§7§5§F§2§Ao§x§F§5§3§9§1§9n§x§F§4§1§3§0§8g §x§F§5§3§9§1§9S§x§F§7§5§F§2§Aw§x§F§9§8§4§3§Bo§x§F§A§A§A§4§Br§x§F§C§D§0§5§Cd on sale by Lithium_O has just expired, it goes in the inventory of expired items.
[15:53:05] > x1 §f§l§x§F§C§D§0§5§CW§x§F§B§B§6§5§1u§x§F§A§9§C§4§5k§x§F§9§8§2§3§Ao§x§F§8§6§8§2§En§x§F§6§4§E§2§3g§x§F§5§3§4§1§7 §x§F§4§1§A§0§CG§x§F§3§0§0§0§0r§x§F§4§1§A§0§Ce§x§F§5§3§4§1§7a§x§F§6§4§E§2§3t§x§F§8§6§8§2§Es§x§F§9§8§2§3§Aw§x§F§A§9§C§4§5o§x§F§B§B§6§5§1r§x§F§C§D§0§5§Cd on sale by Lithium_O has just expired, it goes in the inventory of expired items.
[15:53:05] > x1 §f§l§x§8§A§0§0§F§FS§x§9§8§0§0§D§Dh§x§A§6§0§0§B§Bi§x§B§4§0§0§9§9n§x§C§2§0§0§7§7e§x§D§0§0§0§5§5 §x§D§E§0§0§3§3O§x§E§C§0§0§1§1ni§x§D§E§0§0§3§3 §x§D§0§0§0§5§5S§x§C§2§0§0§7§7h§x§B§4§0§0§9§9o§x§A§6§0§0§B§Bv§x§9§8§0§0§D§De§x§8§A§0§0§F§Fl on sale by Lithium_O has just expired, it goes in the inventory of expired items.
[15:53:05] > x1 §f§l§8B§x§6§1§6§1§6§1a§x§6§D§6§D§6§Dh§x§7§9§7§9§7§9a§x§8§6§8§6§8§6m§x§9§2§9§2§9§2u§x§9§E§9§E§9§Et§7 §x§9§E§9§E§9§EH§x§9§2§9§2§9§2a§x§8§6§8§6§8§6l§x§7§9§7§9§7§9b§x§6§D§6§D§6§De§x§6§1§6§1§6§1r§8d on sale by ace has just expired, it goes in the inventory of expired items.
[16:05:14] > johnowenz1 remove x1 Enchanted book from storage
[16:05:14] > johnowenz1 remove x2 Trial key from storage
[16:13:43] > ace buy x64 Redstone block to HwanYo for $50,000.
[16:16:16] > Geoffinhs buy x1 Diamond chestplate to St4r_ for $16,000.
[16:16:57] > Geoffinhs buy x1 Enchanted golden apple to .Zero_Yatsu for $25,000.
[16:19:03] > Geoffinhs buy x1 §f§l§x§F§C§D§0§5§CW§x§F§A§A§A§4§Bu§x§F§9§8§4§3§Bk§x§F§7§5§F§2§Ao§x§F§5§3§9§1§9n§x§F§4§1§3§0§8g §x§F§5§3§9§1§9S§x§F§7§5§F§2§Ap§x§F§9§8§4§3§Be§x§F§A§A§A§4§Ba§x§F§C§D§0§5§Cr to NoClarity for $400,000.
[16:19:24] > Hitaansh_12 buy x1 §x§F§F§5§5§0§0§lsᴇʟʟᴡᴀɴᴅ §6- 5.0x to Fogstrap for $380,000.
[16:19:30] > x1 §x§E§5§1§B§1§B§lDracula Shield, bought by EnderDragon0120, has just expired, the item is definitively deleted.
[16:19:32] > Hitaansh_12 remove x1 §x§F§F§5§5§0§0§lsᴇʟʟᴡᴀɴᴅ §6- 5.0x from buy
[16:20:08] > Geoffinhs remove x1 §f§l§x§F§C§D§0§5§CW§x§F§A§A§A§4§Bu§x§F§9§8§4§3§Bk§x§F§7§5§F§2§Ao§x§F§5§3§9§1§9n§x§F§4§1§3§0§8g §x§F§5§3§9§1§9S§x§F§7§5§F§2§Ap§x§F§9§8§4§3§Be§x§F§A§A§A§4§Ba§x§F§C§D§0§5§Cr from buy
[16:20:09] > Geoffinhs remove x1 Enchanted golden apple from buy
[16:20:10] > Geoffinhs remove x1 Diamond chestplate from buy
[16:21:48] > kysicx remove x1 §f§l§x§8§A§0§0§F§FS§x§9§9§0§0§D§Bh§x§A§8§0§0§B§6i§x§B§7§0§0§9§2n§x§C§6§0§0§6§De§x§D§5§0§0§4§9 §x§E§4§0§0§2§4O§x§F§3§0§0§0§0n§x§E§4§0§0§2§4i§x§D§5§0§0§4§9 §x§C§6§0§0§6§DS§x§B§7§0§0§9§2t§x§A§8§0§0§B§6a§x§9§9§0§0§D§Bf§x§8§A§0§0§F§Ff from storage
[16:29:44] > Hitaansh_12 buy x1 §x§F§F§3§E§0§0§lD§x§F§F§3§6§0§0§le§x§F§F§2§F§0§0§lm§x§F§F§2§7§0§0§lo§x§F§F§1§F§0§0§ln §x§F§F§1§0§0§0§lL§x§F§F§0§8§0§0§lo§x§F§F§0§0§0§0§lr§x§F§F§0§9§0§0§ld §x§F§F§1§B§0§0§lS§x§F§F§2§3§0§0§lt§x§F§F§2§C§0§0§la§x§F§F§3§5§0§0§lf§x§F§F§3§E§0§0§lf to ravencabansay for $1,000,000.
[16:30:06] > Hitaansh_12 remove x1 §x§F§F§3§E§0§0§lD§x§F§F§3§6§0§0§le§x§F§F§2§F§0§0§lm§x§F§F§2§7§0§0§lo§x§F§F§1§F§0§0§ln §x§F§F§1§0§0§0§lL§x§F§F§0§8§0§0§lo§x§F§F§0§0§0§0§lr§x§F§F§0§9§0§0§ld §x§F§F§1§B§0§0§lS§x§F§F§2§3§0§0§lt§x§F§F§2§C§0§0§la§x§F§F§3§5§0§0§lf§x§F§F§3§E§0§0§lf from buy
[16:31:18] > monggol buy x10 §bEntropy Crystal §8(§310,000§8) to mauserdart for $950,000.
[16:31:20] > monggol remove x10 §bEntropy Crystal §8(§310,000§8) from buy
[16:33:53] > Geoffinhs buy x1 §x§F§F§7§C§0§0§lSteamsparks Boots to alecczzz for $100,000.
[16:34:01] > Geoffinhs remove x1 §x§F§F§7§C§0§0§lSteamsparks Boots from buy
[17:09:55] > ace added x64 Diamond in auction for 109000.
[17:15:35] > Wemmbuo added x1 §x§F§F§3§E§0§0§lSellwand Voucher in auction for 1200000.
[17:15:44] > Kodakoda added x1 §x§F§F§5§5§0§0§lsᴇʟʟᴡᴀɴᴅ §6- 5.0x in auction for 450000.
[17:15:53] > alecczzz added x1 §x§F§F§5§5§0§0§lsᴇʟʟᴡᴀɴᴅ §6- 5.0x in auction for 300000.
[17:16:14] > Wemmbuo remove x1 §x§F§F§3§E§0§0§lSellwand Voucher from storage
[17:16:16] > Broodie added x1 §x§F§F§5§5§0§0§lsᴇʟʟᴡᴀɴᴅ §6- 5.0x in auction for 350000.
[17:16:24] > JinSoul15 buy x1 §x§F§F§5§5§0§0§lsᴇʟʟᴡᴀɴᴅ §6- 5.0x to Broodie for $350,000.
[17:16:31] > Wemmbuo added x1 §x§F§F§5§5§0§0§lsᴇʟʟᴡᴀɴᴅ §6- 5.0x in auction for 250000.
[17:16:35] > Icon_Skully buy x1 §x§F§F§5§5§0§0§lsᴇʟʟᴡᴀɴᴅ §6- 5.0x to Wemmbuo for $250,000.
[17:16:39] > Icon_Skully buy x1 §x§F§F§5§5§0§0§lsᴇʟʟᴡᴀɴᴅ §6- 5.0x to alecczzz for $300,000.
[17:16:45] > JinSoul15 remove x1 §x§F§F§5§5§0§0§lsᴇʟʟᴡᴀɴᴅ §6- 5.0x from buy
[17:17:03] > Kodakoda added x1 §x§F§F§5§5§0§0§lsᴇʟʟᴡᴀɴᴅ §6- 10.0x in auction for 1200000.
[17:19:04] > RottenRael added x4 Eye armor trim smithing template in auction for 300000.
[17:19:28] > imnectarfr remove x1 Emerald ore from storage
[17:19:29] > imnectarfr remove x1 Pinata Crate Key from storage
[17:19:39] > imnectarfr added x1 Pinata Crate Key in auction for 10.
[17:19:51] > alecczzz buy x1 Pinata Crate Key to imnectarfr for $10.
[17:20:34] > Wemmbuo remove x1 §f§l§x§F§C§D§0§5§CW§x§F§B§A§D§4§Du§x§F§9§8§B§3§Dk§x§F§8§6§8§2§Eo§x§F§6§4§5§1§Fn§x§F§5§2§3§0§Fg§x§F§3§0§0§0§0 §x§F§5§2§3§0§FH§x§F§6§4§5§1§Fa§x§F§8§6§8§2§Em§x§F§9§8§B§3§Dm§x§F§B§A§D§4§De§x§F§C§D§0§5§Cr from storage
[17:20:40] > alecczzz remove x1 Pinata Crate Key from buy
[17:20:50] > Wemmbuo added x1 §f§l§x§F§C§D§0§5§CW§x§F§B§A§D§4§Du§x§F§9§8§B§3§Dk§x§F§8§6§8§2§Eo§x§F§6§4§5§1§Fn§x§F§5§2§3§0§Fg§x§F§3§0§0§0§0 §x§F§5§2§3§0§FH§x§F§6§4§5§1§Fa§x§F§8§6§8§2§Em§x§F§9§8§B§3§Dm§x§F§B§A§D§4§De§x§F§C§D§0§5§Cr in auction for 1100000.
[17:21:15] > imnectarfr buy x1 §f§l§x§F§C§D§0§5§CW§x§F§B§A§D§4§Du§x§F§9§8§B§3§Dk§x§F§8§6§8§2§Eo§x§F§6§4§5§1§Fn§x§F§5§2§3§0§Fg§x§F§3§0§0§0§0 §x§F§5§2§3§0§FH§x§F§6§4§5§1§Fa§x§F§8§6§8§2§Em§x§F§9§8§B§3§Dm§x§F§B§A§D§4§De§x§F§C§D§0§5§Cr to Wemmbuo for $1,100,000.
[17:21:23] > imnectarfr remove x1 §f§l§x§F§C§D§0§5§CW§x§F§B§A§D§4§Du§x§F§9§8§B§3§Dk§x§F§8§6§8§2§Eo§x§F§6§4§5§1§Fn§x§F§5§2§3§0§Fg§x§F§3§0§0§0§0 §x§F§5§2§3§0§FH§x§F§6§4§5§1§Fa§x§F§8§6§8§2§Em§x§F§9§8§B§3§Dm§x§F§B§A§D§4§De§x§F§C§D§0§5§Cr from buy
[17:21:23] > imnectarfr remove x1 Ominous trial key from buy
[17:21:28] > Kodakoda added x1 §x§F§F§7§C§0§0§lSteamsparks Shovel in auction for 80000.
[17:21:37] > Wemmbuo remove x1 §x§F§F§7§C§0§0§lSteamsparks Battle Axe from storage
[17:21:39] > ace buy x1 §x§F§F§7§C§0§0§lSteamsparks Shovel to Kodakoda for $80,000.
[17:21:54] > ace remove x1 §x§F§F§7§C§0§0§lSteamsparks Shovel from buy
[17:22:15] > Wemmbuo added x1 §x§F§F§7§C§0§0§lSteamsparks Battle Axe in auction for 750000.
[17:22:27] > Luruca added x1 Luruca Cat ver. in auction for 1492006.
[17:23:44] > Gabyy added x1 §x§F§F§5§5§0§0§lsᴇʟʟᴡᴀɴᴅ §6- 5.0x in auction for 450000.
[17:24:10] > king_ARK added x10 §bEntropy Crystal §8(§310,000§8) in auction for 800000.
[17:24:25] > king_ARK added x10 §bEntropy Crystal §8(§310,000§8) in auction for 800000.
[17:24:38] > king_ARK added x10 §bEntropy Crystal §8(§310,000§8) in auction for 800000.
[17:28:03] > waldoo303 added x1 §x§F§F§5§5§0§0§lsᴇʟʟᴡᴀɴᴅ §6- 5.0x in auction for 300000.
[17:28:12] > Nathantheslayer buy x1 §x§F§F§5§5§0§0§lsᴇʟʟᴡᴀɴᴅ §6- 5.0x to waldoo303 for $300,000.
[17:29:46] > waldoo303 added x1 §x§E§5§1§B§1§B§lDracula Dagger in auction for 800000.
[17:30:38] > Johng10910 added x1 Silence armor trim smithing template in auction for 150000.
[17:35:44] > king_ARK added x1 Enchanted book in auction for 800000.
[17:35:56] > Luruca added x1 D.I.Y. "Nebula" in auction for 1000001.
[17:43:06] > HPMR_GaMerz added x24 Pure Black Carbon peace in auction for 24.
[17:44:45] > Johng10910 remove x1 Shulker box from storage
[17:44:46] > Johng10910 remove x1 Shulker box from storage
[17:44:55] > Johng10910 added x1 Netherite upgrade smithing template in auction for 100000.
[17:50:12] > aroraru added x64 Sweet berries in auction for 10000.
[17:50:42] > aroraru added x64 Sweet berries in auction for 10000.
[17:50:54] > aroraru added x64 Sweet berries in auction for 10000.
[17:58:00] > dearestyumeko added x1 Sniffer egg in auction for 70000.
[18:00:32] > Wemmbuo added x9 Netherite ingot in auction for 1000000.
[18:00:44] > alecczzz remove x1 §fMagician Hat from storage
[18:00:44] > kysicx buy x1 Sniffer egg to dearestyumeko for $70,000.
[18:00:49] > kysicx remove x1 Sniffer egg from buy
[18:00:53] > alecczzz added x1 §fMagician Hat in auction for 20000.
[18:02:08] > Wemmbuo remove x1 §x§F§F§7§C§0§0§lSteamsparks Battle Axe from storage
[18:02:10] > Wemmbuo remove x9 Netherite ingot from storage
[18:02:17] > Wemmbuo added x1 §x§F§F§7§C§0§0§lSteamsparks Battle Axe in auction for 400000.
[18:02:35] > FuwaLeaf buy x24 Pure Black Carbon peace to HPMR_GaMerz for $24.
[18:02:36] > Wemmbuo added x1 Netherite ingot in auction for 60000.
[18:02:39] > FuwaLeaf remove x24 Pure Black Carbon peace from buy
[18:02:47] > FuwaLeaf added x24 Pure Black Carbon peace in auction for 30.
[18:02:49] > Wemmbuo added x1 Netherite ingot in auction for 60000.
[18:02:59] > Johng10910 buy x1 Netherite ingot to Wemmbuo for $60,000.
[18:03:00] > lorxie added x1 Enchanted golden apple in auction for 100.
[18:03:03] > Wemmbuo added x7 Netherite ingot in auction for 60000.
[18:03:07] > nnorv1 buy x1 Enchanted golden apple to lorxie for $100.
[18:03:12] > JinSoul15 buy x7 Netherite ingot to Wemmbuo for $60,000.
[18:03:19] > nnorv1 buy x1 Netherite ingot to Wemmbuo for $60,000.
[18:03:19] > JinSoul15 remove x7 Netherite ingot from buy
[18:04:10] > Wemmbuo added x61 Deepslate diamond ore in auction for 140000.
[18:05:07] > T_YK remove x1 Water Where Jesus Walked form storage
[18:05:07] > T_YK remove x1 Stand Arrow form storage
[18:05:07] > T_YK remove x1 Shine Oni Axe form storage
[18:05:07] > T_YK remove x1 Gutenberg Bible (Signed Copy) form storage
[18:05:07] > T_YK remove x1 OlympicTorch 1952 form storage
[18:09:34] > dearestyumeko buy x61 Deepslate diamond ore to Wemmbuo for $140,000.
[18:09:39] > dearestyumeko remove x61 Deepslate diamond ore from buy
[18:15:26] > Don_Peanuts buy x1 §x§E§5§1§B§1§B§lDracula Pickaxe to aznaaa for $50,000.
[18:16:08] > Don_Peanuts remove x1 §x§E§5§1§B§1§B§lDracula Pickaxe from buy
[18:16:15] > Wemmbuo remove x1 §x§F§F§7§C§0§0§lSteamsparks Battle Axe from storage
[18:16:26] > Wemmbuo added x1 §x§F§F§7§C§0§0§lSteamsparks Battle Axe in auction for 256000.
[18:16:59] > Wemmbuo remove x1 §x§F§F§7§C§0§0§lSteamsparks Battle Axe from storage
[18:17:07] > Wemmbuo added x1 §x§F§F§7§C§0§0§lSteamsparks Battle Axe in auction for 150000.
[18:24:17] > x1 §x§E§5§1§B§1§B§lDracula Shield on sale by nachfaust has just expired, it goes in the inventory of expired items.
[18:24:17] > x1 §x§F§E§B§E§C§A§lSeason 3 Celebration Cake <3 on sale by .DCGWAPO has just expired, it goes in the inventory of expired items.
[18:25:02] > EnderDragon0120 added x1 §x§E§5§1§B§1§B§lDracula Leggings in auction for 150000.
[18:28:20] > EnderDragon0120 added x1 §x§E§5§1§B§1§B§lDracula Sickle in auction for 125000.
[18:29:00] > Wemmbuo remove x1 §x§F§F§7§C§0§0§lSteamsparks Battle Axe from storage
[18:29:06] > Wemmbuo added x1 §x§F§F§7§C§0§0§lSteamsparks Battle Axe in auction for 70000.
[18:33:15] > x1 §f§l§8B§x§6§6§6§6§6§6a§x§7§7§7§7§7§7h§x§8§8§8§8§8§8a§x§9§9§9§9§9§9m§7u§x§9§9§9§9§9§9t§x§8§8§8§8§8§8 §x§7§7§7§7§7§7H§x§6§6§6§6§6§6o§8e on sale by auvicious has just expired, it goes in the inventory of expired items.
[18:33:15] > x1 §f§l§8B§x§6§2§6§2§6§2a§x§6§F§6§F§6§Fh§x§7§C§7§C§7§Ca§x§8§9§8§9§8§9m§x§9§6§9§6§9§6u§x§A§3§A§3§A§3t §x§9§6§9§6§9§6H§x§8§9§8§9§8§9a§x§7§C§7§C§7§Ct§x§6§F§6§F§6§F §x§6§2§6§2§6§2V§82 on sale by auvicious has just expired, it goes in the inventory of expired items.
[18:35:21] > MasterElrel added x1 §x§F§F§5§5§0§0§lsᴇʟʟᴡᴀɴᴅ §6- 5.0x in auction for 600000.
[18:35:38] > 8it5inn remove x1 §f§l§x§8§A§0§0§F§FS§x§9§5§0§0§E§4h§x§A§0§0§0§C§9i§x§A§B§0§0§A§En§x§B§6§0§0§9§4e§x§C§1§0§0§7§9 §x§C§C§0§0§5§EO§x§D§7§0§0§4§3n§x§E§2§0§0§2§8i§x§E§D§0§0§0§D C§x§E§2§0§0§2§8h§x§D§7§0§0§4§3e§x§C§C§0§0§5§Es§x§C§1§0§0§7§9t§x§B§6§0§0§9§4p§x§A§B§0§0§A§El§x§A§0§0§0§C§9a§x§9§5§0§0§E§4t§x§8§A§0§0§F§Fe from storage
[18:35:49] > 8it5inn added x1 §f§l§x§8§A§0§0§F§FS§x§9§5§0§0§E§4h§x§A§0§0§0§C§9i§x§A§B§0§0§A§En§x§B§6§0§0§9§4e§x§C§1§0§0§7§9 §x§C§C§0§0§5§EO§x§D§7§0§0§4§3n§x§E§2§0§0§2§8i§x§E§D§0§0§0§D C§x§E§2§0§0§2§8h§x§D§7§0§0§4§3e§x§C§C§0§0§5§Es§x§C§1§0§0§7§9t§x§B§6§0§0§9§4p§x§A§B§0§0§A§El§x§A§0§0§0§C§9a§x§9§5§0§0§E§4t§x§8§A§0§0§F§Fe in auction for 6000067.
[18:38:01] > giyahnpogi buy x10 §bEntropy Crystal §8(§310,000§8) to king_ARK for $800,000.
[18:38:03] > giyahnpogi buy x10 §bEntropy Crystal §8(§310,000§8) to king_ARK for $800,000.
[18:38:04] > giyahnpogi buy x10 §bEntropy Crystal §8(§310,000§8) to king_ARK for $800,000.
[18:45:37] > giyahnpogi buy x4 §3§lDolphin Tail to Takeremu for $320,000.
[18:45:43] > giyahnpogi remove x4 §3§lDolphin Tail from buy
[18:45:45] > giyahnpogi remove x10 §bEntropy Crystal §8(§310,000§8) from buy
[18:50:43] > giyahnpogi buy x2 §3§lDolphin Tail to Takeremu for $160,000.
[18:50:53] > giyahnpogi remove x2 §3§lDolphin Tail from buy
[18:51:42] > giyahnpogi remove x10 §bEntropy Crystal §8(§310,000§8) from buy
[18:51:42] > giyahnpogi remove x10 §bEntropy Crystal §8(§310,000§8) from buy
[18:52:34] > giyahnpogi buy x4 §3§lDolphin Tail to Takeremu for $320,000.
[18:52:38] > giyahnpogi remove x4 §3§lDolphin Tail from buy
[18:53:54] > RottenRael remove x64 Nether wart from storage
[18:53:56] > RottenRael remove x64 Nether wart from storage
[18:54:10] > RottenRael added x64 Nether wart in auction for 5000.
[18:54:25] > RottenRael added x64 Nether wart in auction for 5000.
[18:57:53] > RottenRael added x3 Wither skeleton skull in auction for 1000000.
[19:08:52] > x1 §x§F§F§5§5§0§0§lsᴇʟʟᴡᴀɴᴅ §6- 5.0x on sale by Sthine8 has just expired, it goes in the inventory of expired items.
[19:08:59] > Renzy01 buy x1 §x§F§F§7§C§0§0§lSteamsparks Bow to aznaaa for $50,000.
[19:09:02] > Renzy01 buy x1 §x§F§F§7§C§0§0§lSteamsparks Battle Axe to Wemmbuo for $70,000.
[19:09:16] > Renzy01 remove x1 §x§F§F§7§C§0§0§lSteamsparks Bow from buy
[19:09:16] > Renzy01 remove x1 §x§F§F§7§C§0§0§lSteamsparks Battle Axe from buy
[19:09:30] > difconfused buy x1 Enchanted book to king_ARK for $800,000.
[19:09:36] > difconfused buy x1 §f§l§8B§x§6§4§6§4§6§4a§x§7§4§7§4§7§4h§x§8§3§8§3§8§3a§x§9§3§9§3§9§3m§x§A§2§A§2§A§2ut§x§9§3§9§3§9§3 §x§8§3§8§3§8§3M§x§7§4§7§4§7§4a§x§6§4§6§4§6§4c§8e to FuwaLeaf for $1,500,000.
[19:09:41] > difconfused remove x1 Enchanted book from buy
[19:09:42] > difconfused remove x1 §f§l§8B§x§6§4§6§4§6§4a§x§7§4§7§4§7§4h§x§8§3§8§3§8§3a§x§9§3§9§3§9§3m§x§A§2§A§2§A§2ut§x§9§3§9§3§9§3 §x§8§3§8§3§8§3M§x§7§4§7§4§7§4a§x§6§4§6§4§6§4c§8e from buy
[19:16:17] > x1 §x§F§F§5§5§0§0§lsᴇʟʟᴡᴀɴᴅ §6- 5.0x on sale by Sthine8 has just expired, it goes in the inventory of expired items.
[19:17:08] > giyahnpogi remove x8 §9§lCrab Claw from buy
[19:17:09] > giyahnpogi remove x8 §e§lCrab Scale from buy
[19:17:11] > x1 §x§E§5§1§B§1§B§lDracula Wings on sale by nachfaust has just expired, it goes in the inventory of expired items.
[19:34:43] > mumbowe777 remove x1 §x§5§9§A§1§D§9§lA§x§7§5§B§1§D§Fr§x§9§0§C§0§E§6c§x§A§C§D§0§E§Ch§x§C§8§E§0§F§2a§x§E§3§E§F§F§9n§fg§x§E§3§E§F§F§9e§x§C§8§E§0§F§2l §x§9§0§C§0§E§6B§x§7§5§B§1§D§Fo§x§5§9§A§1§D§9w from storage
[19:35:38] > 3xdmge added x1 §x§F§F§5§5§0§0§lsᴇʟʟᴡᴀɴᴅ §6- 5.0x in auction for 300000.
[19:36:04] > 3xdmge added x1 §x§F§F§5§5§0§0§lsᴇʟʟᴡᴀɴᴅ §6- 5.0x in auction for 300000.
[19:37:22] > mumbowe777 added x1 §x§5§9§A§1§D§9§lA§x§7§5§B§1§D§Fr§x§9§0§C§0§E§6c§x§A§C§D§0§E§Ch§x§C§8§E§0§F§2a§x§E§3§E§F§F§9n§fg§x§E§3§E§F§F§9e§x§C§8§E§0§F§2l §x§9§0§C§0§E§6B§x§7§5§B§1§D§Fo§x§5§9§A§1§D§9w in auction for 1000000.
[19:38:08] > SenjuKawaragi buy x1 §x§F§F§5§5§0§0§lsᴇʟʟᴡᴀɴᴅ §6- 5.0x to 3xdmge for $300,000.
[19:38:11] > SenjuKawaragi buy x1 §x§F§F§5§5§0§0§lsᴇʟʟᴡᴀɴᴅ §6- 5.0x to 3xdmge for $300,000.
[19:39:39] > SenjuKawaragi remove x1 §x§F§F§5§5§0§0§lsᴇʟʟᴡᴀɴᴅ §6- 5.0x from buy
[19:39:40] > SenjuKawaragi remove x1 §x§F§F§5§5§0§0§lsᴇʟʟᴡᴀɴᴅ §6- 5.0x from buy
[19:40:34] > mumbowe777 added x2 §c§lPlatinum Lure in auction for 500000.
[19:43:58] > 3xdmge buy x9 Name tag to Takeremu for $90,000.
[19:44:21] > 3xdmge remove x9 Name tag from buy
[19:44:40] > 3xdmge buy x3 Netherite upgrade smithing template to tic_sz for $100,000.
[19:44:46] > 3xdmge remove x3 Netherite upgrade smithing template from buy
[19:52:33] > Johng10910 added x1 §9§lCrab Claw in auction for 100000.
[19:54:19] > Johng10910 remove x1 Shulker box from storage
[19:54:20] > Johng10910 remove x1 Shulker box from storage
[19:54:27] > Johng10910 added x1 §e§lCrab Scale in auction for 100000.
[20:00:52] > Cynishere added x1 §fEnder Eye Hoe in auction for 60000.
[20:01:14] > giyahnpogi buy x1 §fEnder Eye Hoe to Cynishere for $60,000.
[20:01:38] > Cynishere added x1 §x§9§8§6§3§E§7§lG§x§9§0§7§5§E§2§lo§x§8§8§8§7§D§D§ld§x§8§0§9§9§D§8§ll§x§7§7§A§C§D§4§ly §x§6§7§D§0§C§A§lC§x§5§F§E§2§C§5§lr§x§6§7§D§0§C§A§la§x§6§F§B§E§C§F§lt§x§7§7§A§C§D§4§le §x§8§8§8§7§D§D§lK§x§9§0§7§5§E§2§le§x§9§8§6§3§E§7§ly in auction for 600000.
[20:05:59] > Zaiil added x1 §x§F§F§5§5§0§0§lsᴇʟʟᴡᴀɴᴅ §6- 10.0x in auction for 1200000.
[20:11:03] > Zaiil remove x1 §x§F§F§5§5§0§0§lsᴇʟʟᴡᴀɴᴅ §6- 10.0x from storage
[20:11:12] > Zaiil added x1 §x§F§F§5§5§0§0§lsᴇʟʟᴡᴀɴᴅ §6- 10.0x in auction for 1000000.
[20:21:13] > Blinkrzz added x64 Experience bottle in auction for 1000000.
[20:30:59] > Blinkrzz remove x64 Experience bottle from storage
[20:31:05] > Blinkrzz added x1 Spyglass in auction for 5000.
[20:31:15] > giyahnpogi added x1 §c§lElmo in auction for 300000.
[20:40:57] > younglion1224 buy x1 Heavy core to auvicious for $300,000.
[20:43:41] > Johng10910 remove x1 Netherite ingot from buy
[20:43:51] > Johng10910 added x1 Netherite ingot in auction for 100000.
[20:44:03] > EXEZUNO remove x1 §x§F§F§7§C§0§0§lSteamsparks Shield from buy
[20:44:07] > younglion1224 remove x1 Heavy core from buy
[20:50:15] > Blinkrzz remove x1 §x§F§F§7§C§0§0§lSteamsparks Shield from storage
[20:58:34] > 3xdmge buy x1 Snout armor trim smithing template to zDamixx for $100,000.
[20:58:40] > 3xdmge remove x1 Snout armor trim smithing template from buy
[21:07:35] > Julene remove x1 §f§l§x§F§C§D§0§5§CW§x§F§B§B§0§4§Eu§x§F§9§9§0§4§0k§x§F§8§7§0§3§2o§x§F§6§5§0§2§3n§x§F§5§3§0§1§5g§x§F§4§1§0§0§7 H§x§F§5§3§0§1§5a§x§F§6§5§0§2§3l§x§F§8§7§0§3§2b§x§F§9§9§0§4§0e§x§F§B§B§0§4§Er§x§F§C§D§0§5§Cd from storage
[21:07:38] > Julene remove x1 §f§l§x§F§C§D§0§5§CW§x§F§B§C§1§5§5u§x§F§B§B§2§4§Fk§x§F§A§A§3§4§8o§x§F§9§9§5§4§2n§x§F§9§8§6§3§Bg§x§F§8§7§7§3§5 §x§F§8§6§8§2§EL§x§F§7§5§9§2§7e§x§F§6§4§A§2§1g§x§F§6§3§B§1§Ag§x§F§5§2§D§1§4i§x§F§4§1§E§0§Dn§x§F§4§0§F§0§7g§x§F§3§0§0§0§0s from storage
[21:07:39] > Julene remove x1 §f§l§x§F§C§D§0§5§CW§x§F§B§C§3§5§6u§x§F§B§B§6§5§1k§x§F§A§A§9§4§Bo§x§F§A§9§C§4§5n§x§F§9§8§F§3§Fg§x§F§9§8§2§3§A §x§F§8§7§5§3§4C§x§F§8§6§8§2§Eh§x§F§7§5§B§2§8e§x§F§6§4§E§2§3s§x§F§6§4§1§1§Dt§x§F§5§3§4§1§7p§x§F§5§2§7§1§1l§x§F§4§1§A§0§Ca§x§F§4§0§D§0§6t§x§F§3§0§0§0§0e from storage
[21:07:40] > Julene remove x1 §f§l§x§F§C§D§0§5§CW§x§F§B§B§D§5§4u§x§F§A§A§A§4§Bk§x§F§A§9§7§4§3o§x§F§9§8§4§3§Bn§x§F§8§7§1§3§2g§x§F§7§5§F§2§A §x§F§6§4§C§2§1B§x§F§5§3§9§1§9o§x§F§5§2§6§1§1o§x§F§4§1§3§0§8t§x§F§3§0§0§0§0s from storage
[21:07:41] > Julene remove x1 §f§l§x§F§C§D§0§5§CW§x§F§B§A§D§4§Du§x§F§9§8§B§3§Dk§x§F§8§6§8§2§Eo§x§F§6§4§5§1§Fn§x§F§5§2§3§0§Fg§x§F§3§0§0§0§0 §x§F§5§2§3§0§FH§x§F§6§4§5§1§Fe§x§F§8§6§8§2§El§x§F§9§8§B§3§Dm§x§F§B§A§D§4§De§x§F§C§D§0§5§Ct from storage
[21:14:18] > x1 §x§E§E§0§0§0§0§lᴜɴʟɪᴍɪᴛᴇᴅ sᴇʟʟᴡᴀɴᴅ, item of alecczzz, has just expired, the item is definitively deleted.
[21:14:18] > x1 §f§l§8B§x§6§6§6§6§6§6a§x§7§7§7§7§7§7h§x§8§8§8§8§8§8a§x§9§9§9§9§9§9m§7u§x§9§9§9§9§9§9t§x§8§8§8§8§8§8 §x§7§7§7§7§7§7H§x§6§6§6§6§6§6a§8t, item of Kodakoda, has just expired, the item is definitively deleted.
[21:18:28] > x1 §x§E§5§1§B§1§B§lDracula Dagger on sale by mumbowe777 has just expired, it goes in the inventory of expired items.
[21:21:37] > Blinkrzz added x64 Experience bottle in auction for 120000.
[21:23:28] > Gabyy remove x1 §x§F§F§5§5§0§0§lsᴇʟʟᴡᴀɴᴅ §6- 5.0x from storage
[21:23:41] > Gabyy added x1 §x§F§F§5§5§0§0§lsᴇʟʟᴡᴀɴᴅ §6- 5.0x in auction for 350000.
[21:24:24] > JinSoul15 buy x1 §x§F§F§5§5§0§0§lsᴇʟʟᴡᴀɴᴅ §6- 5.0x to Gabyy for $350,000.
[21:24:39] > grit_zy buy x1 §x§F§F§5§5§0§0§lsᴇʟʟᴡᴀɴᴅ §6- 5.0x to Kodakoda for $450,000.
[21:24:48] > grit_zy buy x1 §x§F§F§5§5§0§0§lsᴇʟʟᴡᴀɴᴅ §6- 5.0x to Trapers1 for $400,000.
[21:24:53] > grit_zy buy x1 §x§F§F§5§5§0§0§lsᴇʟʟᴡᴀɴᴅ §6- 5.0x to Fogstrap for $380,000.
[21:24:57] > grit_zy buy x1 §x§F§F§5§5§0§0§lsᴇʟʟᴡᴀɴᴅ §6- 5.0x to FuwaLeaf for $400,000.
[21:25:27] > grit_zy remove x1 §x§F§F§5§5§0§0§lsᴇʟʟᴡᴀɴᴅ §6- 5.0x from buy
[21:25:28] > grit_zy remove x1 §x§F§F§5§5§0§0§lsᴇʟʟᴡᴀɴᴅ §6- 5.0x from buy
[21:25:28] > grit_zy remove x1 §x§F§F§5§5§0§0§lsᴇʟʟᴡᴀɴᴅ §6- 5.0x from buy
[21:25:28] > grit_zy remove x1 §x§F§F§5§5§0§0§lsᴇʟʟᴡᴀɴᴅ §6- 5.0x from buy
[21:25:41] > grit_zy added x1 §x§F§F§5§5§0§0§lsᴇʟʟᴡᴀɴᴅ §6- 5.0x in auction for 100.
[21:25:46] > Zypher_0w0 buy x1 §x§F§F§5§5§0§0§lsᴇʟʟᴡᴀɴᴅ §6- 5.0x to grit_zy for $100.
[21:26:36] > Ryzxc remove x64 Cobblestone from storage
[21:26:36] > Ryzxc remove x64 Cobblestone from storage
[21:26:37] > Ryzxc remove x64 Cobblestone from storage
[21:29:11] > H2SO4 remove x1 §x§F§F§5§5§0§0§lsᴇʟʟᴡᴀɴᴅ §6- 5.0x from buy
[21:31:08] > x1 §f§l§8B§x§6§3§6§3§6§3a§x§7§1§7§1§7§1h§x§8§0§8§0§8§0a§x§8§E§8§E§8§Em§x§9§C§9§C§9§Cu§7t§x§9§C§9§C§9§C §x§8§E§8§E§8§EB§x§8§0§8§0§8§0o§x§7§1§7§1§7§1o§x§6§3§6§3§6§3t§8s on sale by nnorv1 has just expired, it goes in the inventory of expired items.
[21:31:08] > x1 §f§l§8B§x§6§4§6§4§6§4a§x§7§4§7§4§7§4h§x§8§3§8§3§8§3a§x§9§3§9§3§9§3m§x§A§2§A§2§A§2ut§x§9§3§9§3§9§3 §x§8§3§8§3§8§3C§x§7§4§7§4§7§4l§x§6§4§6§4§6§4u§8b on sale by nnorv1 has just expired, it goes in the inventory of expired items.
[21:38:12] > x1 §x§F§F§7§C§0§0§lSteamsparks Boots on sale by M1kasa0 has just expired, it goes in the inventory of expired items.
[21:38:12] > x1 §f§l§8B§x§6§2§6§2§6§2a§x§6§F§6§F§6§Fh§x§7§C§7§C§7§Ca§x§8§9§8§9§8§9m§x§9§6§9§6§9§6u§x§A§3§A§3§A§3t §x§9§6§9§6§9§6S§x§8§9§8§9§8§9h§x§7§C§7§C§7§Co§x§6§F§6§F§6§Fv§x§6§2§6§2§6§2e§8l on sale by Hunter_Jinwoo has just expired, it goes in the inventory of expired items.
[21:47:55] > x1 §f§l§x§8§A§0§0§F§FS§x§9§C§0§0§D§5h§x§A§D§0§0§A§Ai§x§B§F§0§0§8§0n§x§D§0§0§0§5§5e§x§E§2§0§0§2§B §x§F§3§0§0§0§0O§x§E§2§0§0§2§An§x§D§0§0§0§5§5i§x§B§F§0§0§8§0 §x§A§D§0§0§A§AH§x§9§C§0§0§D§5o§x§8§A§0§0§F§Fe on sale by aznaaa has just expired, it goes in the inventory of expired items.
[21:52:11] > x1 §f§l§8B§x§6§2§6§2§6§2a§x§6§F§6§F§6§Fh§x§7§C§7§C§7§Ca§x§8§9§8§9§8§9m§x§9§6§9§6§9§6u§x§A§3§A§3§A§3t §x§9§6§9§6§9§6H§x§8§9§8§9§8§9a§x§7§C§7§C§7§Cm§x§6§F§6§F§6§Fm§x§6§2§6§2§6§2e§8r on sale by koshie has just expired, it goes in the inventory of expired items.
[21:52:11] > tic_sz added x1 Netherite Ingot 4sale - msg @tic_sz/Sunraku in auction for 999999999999.
[21:53:27] > NoClarity added x1 §x§F§F§7§C§0§0§lSteamsparks Battle Axe in auction for 100000.
[21:56:26] > x1 §f§l§8B§x§6§3§6§3§6§3a§x§7§1§7§1§7§1h§x§8§0§8§0§8§0a§x§8§E§8§E§8§Em§x§9§C§9§C§9§Cu§7t§x§9§C§9§C§9§C §x§8§E§8§E§8§ES§x§8§0§8§0§8§0p§x§7§1§7§1§7§1e§x§6§3§6§3§6§3a§8r on sale by ThatMidnight has just expired, it goes in the inventory of expired items.
[22:00:45] > x1 §7Cemetery Hat on sale by scarlettti has just expired, it goes in the inventory of expired items.
[22:04:33] > giyahnpogi buy x4 §3§lDolphin Tail to Wumpan for $320,000.
[22:08:28] > RebornKimmy buy x64 Nether wart to RottenRael for $5,000.
[22:08:33] > RebornKimmy buy x64 Nether wart to RottenRael for $5,000.
[22:08:50] > tic_sz added x1 Black shulker box in auction for 10000000.
[22:09:06] > tic_sz remove x1 Black shulker box from storage
[22:09:11] > tic_sz remove x1 Black shulker box from expire
[22:12:10] > giyahnpogi remove x4 §3§lDolphin Tail from buy
[22:12:16] > tic_sz added x1 Shulker box in auction for 1500000.
[22:17:48] > johnowenz1 added x1 §x§F§F§3§E§0§0§lSellwand Voucher in auction for 20000.
[22:17:53] > k000k444k buy x1 §x§F§F§3§E§0§0§lSellwand Voucher to johnowenz1 for $20,000.
[22:18:05] > k000k444k remove x1 §x§F§F§3§E§0§0§lSellwand Voucher from buy
[22:18:27] > .Kharrrrrr9859 added x1 §9§lCrab Claw in auction for 50000.
[22:18:34] > giyahnpogi buy x1 §9§lCrab Claw to .Kharrrrrr9859 for $50,000.
[22:18:34] > tic_sz buy x1 §x§F§F§5§5§0§0§lsᴇʟʟᴡᴀɴᴅ §6- 10.0x to Zaiil for $1,000,000.
[22:18:38] > tic_sz remove x1 §x§F§F§5§5§0§0§lsᴇʟʟᴡᴀɴᴅ §6- 10.0x from buy
[22:18:43] > .Kharrrrrr9859 added x1 §e§lCrab Scale in auction for 50000.
[22:18:49] > giyahnpogi buy x1 §e§lCrab Scale to .Kharrrrrr9859 for $50,000.
[22:18:53] > NoClarity added x1 §x§F§F§3§E§0§0§lSellwand Voucher in auction for 1700000.
[22:18:59] > NoClarity remove x1 §x§F§F§3§E§0§0§lSellwand Voucher from storage
[22:19:07] > NoClarity added x2 §x§F§F§3§E§0§0§lSellwand Voucher in auction for 1700000.
[22:19:37] > .Kharrrrrr9859 added x1 §fAdventure Hat in auction for 20000.
[22:19:41] > k000k444k buy x1 §fAdventure Hat to .Kharrrrrr9859 for $20,000.
[22:19:45] > k000k444k remove x1 §fAdventure Hat from buy
[22:19:48] > B1T buy x1 Spyglass to Blinkrzz for $5,000.
[22:19:58] > 3xdmge added x1 §x§F§F§3§E§0§0§lSellwand Voucher in auction for 1500000.
[22:20:53] > NoClarity remove x2 §x§F§F§3§E§0§0§lSellwand Voucher from storage
[22:22:25] > 3xdmge remove x1 §x§F§F§3§E§0§0§lSellwand Voucher from storage
[22:22:30] > younglion1224 buy x64 Experience bottle to Blinkrzz for $120,000.
[22:22:42] > 3xdmge remove x1 §x§F§F§3§E§0§0§lSellwand Voucher from expire
[22:22:58] > 3xdmge added x1 §x§F§F§3§E§0§0§lSellwand Voucher in auction for 1200000.
[22:26:43] > younglion1224 remove x64 Experience bottle from buy
[22:28:47] > Trapers1 added x1 §x§F§F§7§C§0§0§lSteamsparks Shovel in auction for 50000.
[22:29:53] > Trapers1 added x1 §f§bWither Plushie §6(#95/101) in auction for 25000.
[22:30:01] > magolek_09 buy x1 §f§bWither Plushie §6(#95/101) to Trapers1 for $25,000.
[22:30:14] > magolek_09 remove x1 §f§bWither Plushie §6(#95/101) from buy
[22:32:40] > koshie added x1 §x§F§F§5§5§0§0§lsᴇʟʟᴡᴀɴᴅ §6- 5.0x in auction for 500000.
[22:32:56] > johnowenz1 added x2 Ominous trial key in auction for 101000.
[22:32:57] > koshie added x1 §x§F§F§5§5§0§0§lsᴇʟʟᴡᴀɴᴅ §6- 5.0x in auction for 500000.
[22:33:41] > Trapers1 added x1 §fLlama Plushie §6(52/101) in auction for 10000.
[22:33:53] > k000k444k buy x1 §fLlama Plushie §6(52/101) to Trapers1 for $10,000.
[22:33:56] > k000k444k remove x1 §fLlama Plushie §6(52/101) from buy
[22:35:01] > johnowenz1 remove x2 Ominous trial key from storage
[22:35:28] > johnowenz1 added x1 Ominous trial key in auction for 70000.
[22:42:46] > belvi__ buy x1 Ominous trial key to johnowenz1 for $70,000.
[22:51:49] > koshie remove x1 §7Sale of inventory from buy
[22:51:50] > koshie remove x64 Firework rocket from buy
[22:56:57] > NoClarity added x1 §f§l§8B§x§5§F§5§F§5§Fa§x§6§9§6§9§6§9h§x§7§3§7§3§7§3a§x§7§D§7§D§7§Dm§x§8§7§8§7§8§7u§x§9§1§9§1§9§1t§x§9§B§9§B§9§B §x§A§5§A§5§A§5Ch§x§9§B§9§B§9§Be§x§9§1§9§1§9§1s§x§8§7§8§7§8§7t§x§7§D§7§D§7§Dp§x§7§3§7§3§7§3l§x§6§9§6§9§6§9a§x§5§F§5§F§5§Ft§8e in auction for 400000.
[22:57:31] > belvi__ buy x1 §f§l§x§8§A§0§0§F§FS§x§9§6§0§0§E§3h§x§A§1§0§0§C§6i§x§A§D§0§0§A§An§x§B§9§0§0§8§Ee§x§C§4§0§0§7§1 §x§D§0§0§0§5§5O§x§D§C§0§0§3§9n§x§E§7§0§0§1§Ci§x§F§3§0§0§0§0 §x§E§7§0§0§1§CB§x§D§C§0§0§3§9i§x§D§0§0§0§5§5g§x§C§4§0§0§7§1 §x§B§9§0§0§8§ES§x§A§D§0§0§A§Aw§x§A§1§0§0§C§6o§x§9§6§0§0§E§3r§x§8§A§0§0§F§Fd to nebula12321 for $1,800,000.
[22:57:36] > belvi__ remove x1 §f§l§x§8§A§0§0§F§FS§x§9§6§0§0§E§3h§x§A§1§0§0§C§6i§x§A§D§0§0§A§An§x§B§9§0§0§8§Ee§x§C§4§0§0§7§1 §x§D§0§0§0§5§5O§x§D§C§0§0§3§9n§x§E§7§0§0§1§Ci§x§F§3§0§0§0§0 §x§E§7§0§0§1§CB§x§D§C§0§0§3§9i§x§D§0§0§0§5§5g§x§C§4§0§0§7§1 §x§B§9§0§0§8§ES§x§A§D§0§0§A§Aw§x§A§1§0§0§C§6o§x§9§6§0§0§E§3r§x§8§A§0§0§F§Fd from buy
[22:57:37] > belvi__ remove x1 Ominous trial key from buy
[23:03:03] > Ryzxc added x1 Enchanted book in auction for 1000.
[23:03:09] > hakim_ae buy x24 Pure Black Carbon peace to FuwaLeaf for $30.
[23:03:14] > hakim_ae buy x64 Cobblestone to Ryzxc for $500.
[23:03:15] > 3xdmge buy x1 Enchanted book to Ryzxc for $1,000.
[23:03:25] > 3xdmge remove x1 Enchanted book from buy
[23:04:46] > Ryzxc added x1 Enchanted book in auction for 2000.
[23:05:09] > hakim_ae buy x1 Enchanted book to Ryzxc for $2,000.
[23:07:58] > Ryzxc added x1 Enchanted book in auction for 2000.
[23:10:27] > hakim_ae buy x1 Enchanted book to Ryzxc for $2,000.
[23:12:34] > hakim_ae remove x11 Ender pearl form buy
[23:12:34] > hakim_ae remove x24 Pure Black Carbon peace form buy
[23:12:34] > hakim_ae remove x1 Enchanted book form buy
[23:12:34] > hakim_ae remove x1 Enchanted book form buy
[23:12:34] > hakim_ae remove x1 Enchanted book form buy
[23:12:34] > hakim_ae remove x64 Cobblestone form buy
[23:14:14] > hakim_ae added x3 Emerald in auction for 100000.
[23:16:42] > x1 §f§l§8B§x§6§3§6§3§6§3a§x§7§1§7§1§7§1h§x§8§0§8§0§8§0a§x§8§E§8§E§8§Em§x§9§C§9§C§9§Cu§7t§x§9§C§9§C§9§C §x§8§E§8§E§8§ES§x§8§0§8§0§8§0t§x§7§1§7§1§7§1a§x§6§3§6§3§6§3f§8f on sale by Renzy01 has just expired, it goes in the inventory of expired items.
[23:26:52] > x1 §f§l§x§8§A§0§0§F§FS§x§9§C§0§0§D§5h§x§A§D§0§0§A§Ai§x§B§F§0§0§8§0n§x§D§0§0§0§5§5e§x§E§2§0§0§2§B §x§F§3§0§0§0§0O§x§E§2§0§0§2§An§x§D§0§0§0§5§5i§x§B§F§0§0§8§0 §x§A§D§0§0§A§AH§x§9§C§0§0§D§5o§x§8§A§0§0§F§Fe on sale by Renzy01 has just expired, it goes in the inventory of expired items.
[23:28:31] > 3xdmge added x5 §x§F§C§9§0§5§C§lE§x§E§6§9§C§6§B§lp§x§C§F§A§7§7§A§li§x§B§9§B§3§8§9§lc §x§8§C§C§B§A§7§lC§x§7§5§D§6§B§6§lr§x§5§F§E§2§C§5§la§x§7§9§D§4§B§4§lt§x§9§3§C§7§A§2§le §x§C§8§A§B§7§F§lK§x§E§2§9§E§6§E§le§x§F§C§9§0§5§C§ly in auction for 700000.
[23:28:47] > EXEZUNO buy x1 §x§F§F§7§C§0§0§lSteamsparks Battle Axe to NoClarity for $100,000.
[23:28:57] > EXEZUNO remove x1 §x§F§F§7§C§0§0§lSteamsparks Battle Axe from buy
[23:33:14] > Wumpan buy x1 §x§F§E§B§E§C§A§lSeason 3 Celebration Cake <3 to meevgang777 for $25,000.
[23:33:18] > Wumpan remove x1 §x§F§E§B§E§C§A§lSeason 3 Celebration Cake <3 from buy
[23:43:54] > Antonie657 remove x1 Beacon from storage
[23:43:55] > Antonie657 remove x1 §f§l§8B§x§6§4§6§4§6§4a§x§7§4§7§4§7§4h§x§8§3§8§3§8§3a§x§9§3§9§3§9§3m§x§A§2§A§2§A§2ut§x§9§3§9§3§9§3 §x§8§3§8§3§8§3C§x§7§4§7§4§7§4l§x§6§4§6§4§6§4u§8b from storage
[23:44:06] > Antonie657 added x1 Beacon in auction for 99000.
[23:44:08] > Gabyy added x1 §x§F§F§3§E§0§0§lSellwand Voucher in auction for 1000000.
[23:44:39] > Zypher_0w0 added x16 Anvil in auction for 5000.
[23:44:46] > Antonie657 buy x16 Anvil to Zypher_0w0 for $5,000.
[23:44:48] > Gabyy remove x1 §x§F§F§3§E§0§0§lSellwand Voucher from storage
[23:45:00] > Antonie657 remove x16 Anvil from buy
[23:45:08] > Gabyy added x1 §x§F§F§3§E§0§0§lSellwand Voucher in auction for 900000.
[23:45:35] > Antonie657 added x1 §f§l§8B§x§6§4§6§4§6§4a§x§7§4§7§4§7§4h§x§8§3§8§3§8§3a§x§9§3§9§3§9§3m§x§A§2§A§2§A§2ut§x§9§3§9§3§9§3 §x§8§3§8§3§8§3C§x§7§4§7§4§7§4l§x§6§4§6§4§6§4u§8b in auction for 400000.
[23:49:46] > Anc_Kyoto buy x1 Netherite upgrade smithing template to Johng10910 for $100,000.
[23:50:05] > Anc_Kyoto buy x8 Netherite upgrade smithing template to Nyxie for $400,000.
[23:50:53] > Ab0 remove x2 Trial key form storage
[23:51:10] > Ab0 added x2 Trial key in auction for 20000.
[23:51:41] > mumbowe777 added x1 §x§E§5§1§B§1§B§lDracula Staff in auction for 300000.
[23:51:54] > aznaaa remove x1 §f§l§x§F§C§D§0§5§CW§x§F§A§A§6§4§Au§x§F§8§7§D§3§7k§x§F§7§5§3§2§5o§x§F§5§2§A§1§2n§x§F§3§0§0§0§0g§x§F§5§2§A§1§2 §x§F§7§5§3§2§5C§x§F§8§7§D§3§7l§x§F§A§A§6§4§Au§x§F§C§D§0§5§Cb from storage
[23:51:56] > aznaaa remove x1 §x§F§F§7§C§0§0§lSteamsparks Leggings from storage
[23:52:04] > aznaaa remove x1 §f§l§x§8§A§0§0§F§FS§x§9§C§0§0§D§5h§x§A§D§0§0§A§Ai§x§B§F§0§0§8§0n§x§D§0§0§0§5§5e§x§E§2§0§0§2§B §x§F§3§0§0§0§0O§x§E§2§0§0§2§An§x§D§0§0§0§5§5i§x§B§F§0§0§8§0 §x§A§D§0§0§A§AH§x§9§C§0§0§D§5o§x§8§A§0§0§F§Fe from expire
[23:52:09] > mumbowe777 remove x1 §x§5§9§A§1§D§9§lA§x§7§5§B§1§D§Fr§x§9§0§C§0§E§6c§x§A§C§D§0§E§Ch§x§C§8§E§0§F§2a§x§E§3§E§F§F§9n§fg§x§E§3§E§F§F§9e§x§C§8§E§0§F§2l §x§9§0§C§0§E§6B§x§7§5§B§1§D§Fo§x§5§9§A§1§D§9w from storage
[23:52:12] > aznaaa added x1 §x§F§F§7§C§0§0§lSteamsparks Leggings in auction for 100000.
[23:52:22] > aznaaa added x1 §f§l§x§8§A§0§0§F§FS§x§9§C§0§0§D§5h§x§A§D§0§0§A§Ai§x§B§F§0§0§8§0n§x§D§0§0§0§5§5e§x§E§2§0§0§2§B §x§F§3§0§0§0§0O§x§E§2§0§0§2§An§x§D§0§0§0§5§5i§x§B§F§0§0§8§0 §x§A§D§0§0§A§AH§x§9§C§0§0§D§5o§x§8§A§0§0§F§Fe in auction for 1000000.
[23:53:52] > mumbowe777 added x1 §x§5§9§A§1§D§9§lA§x§7§5§B§1§D§Fr§x§9§0§C§0§E§6c§x§A§C§D§0§E§Ch§x§C§8§E§0§F§2a§x§E§3§E§F§F§9n§fg§x§E§3§E§F§F§9e§x§C§8§E§0§F§2l §x§9§0§C§0§E§6B§x§7§5§B§1§D§Fo§x§5§9§A§1§D§9w in auction for 1000000.
[23:56:46] > Anc_Kyoto remove x8 Netherite upgrade smithing template from buy
[23:56:48] > Anc_Kyoto remove x1 Netherite upgrade smithing template from buy
[00:02:16] > x1 §x§F§F§7§C§0§0§lSteamsparks Bow on sale by mumbowe777 has just expired, it goes in the inventory of expired items.
[00:05:18] > ThatMidnight buy x2 §c§lPlatinum Lure to mumbowe777 for $500,000.
[00:05:23] > ThatMidnight remove x2 §c§lPlatinum Lure from buy
[00:08:09] > Gabyy remove x1 §x§F§F§3§E§0§0§lSellwand Voucher from storage
[00:08:21] > Gabyy added x1 §x§F§F§3§E§0§0§lSellwand Voucher in auction for 1000000.
[00:09:14] > Zypher_0w0 added x1 Enchanted book in auction for 450000.
[00:09:26] > Zypher_0w0 added x1 Enchanted book in auction for 350000.
[00:12:28] > NoClarity remove x1 §f§l§8B§x§5§F§5§F§5§Fa§x§6§9§6§9§6§9h§x§7§3§7§3§7§3a§x§7§D§7§D§7§Dm§x§8§7§8§7§8§7u§x§9§1§9§1§9§1t§x§9§B§9§B§9§B §x§A§5§A§5§A§5Ch§x§9§B§9§B§9§Be§x§9§1§9§1§9§1s§x§8§7§8§7§8§7t§x§7§D§7§D§7§Dp§x§7§3§7§3§7§3l§x§6§9§6§9§6§9a§x§5§F§5§F§5§Ft§8e form storage
[00:12:34] > NoClarity added x1 §f§l§8B§x§5§F§5§F§5§Fa§x§6§9§6§9§6§9h§x§7§3§7§3§7§3a§x§7§D§7§D§7§Dm§x§8§7§8§7§8§7u§x§9§1§9§1§9§1t§x§9§B§9§B§9§B §x§A§5§A§5§A§5Ch§x§9§B§9§B§9§Be§x§9§1§9§1§9§1s§x§8§7§8§7§8§7t§x§7§D§7§D§7§Dp§x§7§3§7§3§7§3l§x§6§9§6§9§6§9a§x§5§F§5§F§5§Ft§8e in auction for 200000.
[00:13:32] > Anc_Kyoto buy x1 Enchanted book to Zypher_0w0 for $450,000.
[00:14:29] > Anc_Kyoto remove x1 Enchanted book from buy
[00:17:25] > Zypher_0w0 remove x1 §x§F§F§5§5§0§0§lsᴇʟʟᴡᴀɴᴅ §6- 5.0x form buy
[00:17:25] > Zypher_0w0 remove x1 §x§F§F§5§5§0§0§lsᴇʟʟᴡᴀɴᴅ §6- 5.0x form buy
[00:17:25] > Zypher_0w0 remove x1 §x§F§F§5§5§0§0§lsᴇʟʟᴡᴀɴᴅ §6- 5.0x form buy
[00:17:25] > Zypher_0w0 remove x1 §x§F§F§5§5§0§0§lsᴇʟʟᴡᴀɴᴅ §6- 5.0x form buy
[00:17:25] > Zypher_0w0 remove x1 §x§F§F§5§5§0§0§lsᴇʟʟᴡᴀɴᴅ §6- 5.0x form buy
[00:17:25] > Zypher_0w0 remove x1 §x§F§F§5§5§0§0§lsᴇʟʟᴡᴀɴᴅ §6- 5.0x form buy
[00:17:28] > Antonie657 added x1 Netherite upgrade smithing template in auction for 100000.
[00:17:45] > Antonie657 added x1 Netherite upgrade smithing template in auction for 100000.
[00:18:08] > Antonie657 added x1 Netherite upgrade smithing template in auction for 100000.
[00:20:43] > Anc_Kyoto added x1 §f§l§x§F§A§0§0§0§AD§x§F§A§1§E§1§6a§x§F§B§3§B§2§1r§x§F§B§5§9§2§Dk§x§F§B§7§7§3§9f§x§F§B§9§5§4§5l§x§F§C§B§2§5§0a§x§F§C§D§0§5§Cm§x§F§C§B§2§5§0e§x§F§B§9§5§4§5 §x§F§B§7§7§3§9S§x§F§B§5§9§2§Dw§x§F§B§3§B§2§1o§x§F§A§1§E§1§6r§x§F§A§0§0§0§Ad in auction for 2000000.
[00:23:40] > aroraru added x64 Wind charge in auction for 10000.
[00:24:03] > imnectarfr buy x64 Wind charge to aroraru for $10,000.
[00:24:09] > imnectarfr remove x43 Wind charge from buy
[00:24:46] > aroraru added x64 Wind charge in auction for 64000.
[00:25:27] > ace remove x3 Diamond from storage
[00:25:35] > Gabyy buy x64 Wind charge to aroraru for $64,000.
[00:25:41] > ace added x64 Diamond in auction for 110000.
[00:25:51] > aroraru added x55 Wind charge in auction for 55000.
[00:26:06] > Gabyy buy x55 Wind charge to aroraru for $55,000.
[00:26:34] > Antonie657 remove x1 Beacon from storage
[00:26:46] > Antonie657 added x1 Beacon in auction for 98000.
[00:26:50] > aroraru remove x64 Sweet berries from storage
[00:26:51] > aroraru remove x64 Sweet berries from storage
[00:26:52] > aroraru remove x64 Sweet berries from storage
[00:26:54] > aroraru remove x1 Cake from storage
[00:27:58] > aroraru added x64 Sweet berries in auction for 6400.
[00:28:10] > aroraru added x64 Sweet berries in auction for 6400.
[00:28:23] > aroraru added x64 Sweet berries in auction for 6400.
[00:30:35] > aznaaa added x1 §f§l§x§F§C§D§0§5§CW§x§F§A§A§6§4§Au§x§F§8§7§D§3§7k§x§F§7§5§3§2§5o§x§F§5§2§A§1§2n§x§F§3§0§0§0§0g§x§F§5§2§A§1§2 §x§F§7§5§3§2§5C§x§F§8§7§D§3§7l§x§F§A§A§6§4§Au§x§F§C§D§0§5§Cb in auction for 500000.
[00:37:05] > Gabyy remove x55 Wind charge from buy
[00:37:05] > Gabyy remove x55 Wind charge from buy
[00:39:17] > x1 Coast armor trim smithing template, bought by Johng10910, has just expired, the item is definitively deleted.
[00:46:51] > Gabyy remove x1 §x§F§F§3§E§0§0§lSellwand Voucher from storage
[00:47:12] > Gabyy added x1 §x§F§F§3§E§0§0§lSellwand Voucher in auction for 800000.
[01:02:29] > Takeremu added x1 §f§l§8B§x§6§6§6§6§6§6a§x§7§7§7§7§7§7h§x§8§8§8§8§8§8a§x§9§9§9§9§9§9m§7u§x§9§9§9§9§9§9t§x§8§8§8§8§8§8 §x§7§7§7§7§7§7K§x§6§6§6§6§6§6e§8y in auction for 800000.
[01:02:44] > EXEZUNO added x11 Ancient debris in auction for 100000.
[01:03:15] > Panda_Nooba added x1 §x§F§F§5§5§0§0§lsᴇʟʟᴡᴀɴᴅ §6- 5.0x in auction for 350000.
[01:03:29] > aznaaa buy x1 §x§F§F§5§5§0§0§lsᴇʟʟᴡᴀɴᴅ §6- 5.0x to Panda_Nooba for $350,000.
[01:03:59] > aznaaa buy x1 §x§F§F§3§E§0§0§lSellwand Voucher to Gabyy for $800,000.
[01:04:04] > aznaaa remove x1 §x§F§F§3§E§0§0§lSellwand Voucher from buy
[01:04:05] > aznaaa remove x1 §x§F§F§5§5§0§0§lsᴇʟʟᴡᴀɴᴅ §6- 5.0x from buy
[01:04:06] > St4r_ added x1 §f§l§8B§x§6§3§6§3§6§3a§x§7§1§7§1§7§1h§x§8§0§8§0§8§0a§x§8§E§8§E§8§Em§x§9§C§9§C§9§Cu§7t§x§9§C§9§C§9§C §x§8§E§8§E§8§EB§x§8§0§8§0§8§0o§x§7§1§7§1§7§1o§x§6§3§6§3§6§3t§8s in auction for 15000.
[01:04:35] > Panda_Nooba buy x1 §f§l§8B§x§6§3§6§3§6§3a§x§7§1§7§1§7§1h§x§8§0§8§0§8§0a§x§8§E§8§E§8§Em§x§9§C§9§C§9§Cu§7t§x§9§C§9§C§9§C §x§8§E§8§E§8§EB§x§8§0§8§0§8§0o§x§7§1§7§1§7§1o§x§6§3§6§3§6§3t§8s to St4r_ for $15,000.
[01:04:45] > k000k444k added x1 §x§5§C§C§F§F§C§lC§x§5§C§D§1§F§5§lo§x§5§D§D§4§E§E§ls§x§5§D§D§6§E§7§lm§x§5§E§D§9§E§1§le§x§5§E§D§B§D§A§lt§x§5§E§D§D§D§3§li§x§5§F§E§0§C§C§lc §x§5§F§E§0§C§C§lH§x§5§E§D§D§D§3§la§x§5§E§D§B§D§A§lt§x§5§E§D§9§E§1§ls §x§5§D§D§4§E§E§lK§x§5§C§D§1§F§5§le§x§5§C§C§F§F§C§ly in auction for 100000.
[01:05:49] > Panda_Nooba added x1 §x§E§5§1§B§1§B§lDracula Pickaxe in auction for 20000.
[01:05:58] > St4r_ added x2 Enchanted golden apple in auction for 1500.
[01:06:03] > Panda_Nooba buy x2 Enchanted golden apple to St4r_ for $1,500.
[01:06:08] > Panda_Nooba remove x2 Enchanted golden apple from buy
[01:06:08] > Panda_Nooba remove x1 §f§l§8B§x§6§3§6§3§6§3a§x§7§1§7§1§7§1h§x§8§0§8§0§8§0a§x§8§E§8§E§8§Em§x§9§C§9§C§9§Cu§7t§x§9§C§9§C§9§C §x§8§E§8§E§8§EB§x§8§0§8§0§8§0o§x§7§1§7§1§7§1o§x§6§3§6§3§6§3t§8s from buy
[01:07:14] > k000k444k added x1 §x§F§F§7§C§0§0§lSteamsparks Key in auction for 300000.
[01:09:12] > johnowenz1 added x1 §x§5§F§E§2§C§5Darkworld Fishing rod in auction for 500000.
[01:09:34] > Antonie657 remove x1 Netherite upgrade smithing template from storage
[01:09:36] > Antonie657 remove x1 Netherite upgrade smithing template from storage
[01:09:45] > Antonie657 added x2 Enchanted golden apple in auction for 15000.
[01:09:47] > johnowenz1 remove x1 §x§5§F§E§2§C§5Darkworld Fishing rod from storage
[01:09:56] > Panda_Nooba buy x2 Enchanted golden apple to Antonie657 for $15,000.
[01:10:00] > Panda_Nooba remove x2 Enchanted golden apple from buy
[01:10:20] > Antonie657 added x1 §x§F§F§5§5§0§0§lsᴇʟʟᴡᴀɴᴅ §6- 5.0x in auction for 400000.
[01:10:37] > Antonie657 added x1 §x§F§F§7§C§0§0§lSteamsparks Hammer in auction for 275000.
[01:12:19] > Antonie657 remove x1 §x§F§F§7§C§0§0§lSteamsparks Hammer from storage
[01:12:25] > Antonie657 remove x1 §x§F§F§7§C§0§0§lSteamsparks Hammer from expire
[01:12:37] > Antonie657 added x1 §x§F§F§7§C§0§0§lSteamsparks Hammer in auction for 225000.
[01:14:10] > Antonie657 remove x1 §x§F§F§5§5§0§0§lsᴇʟʟᴡᴀɴᴅ §6- 5.0x from storage
[01:14:21] > Antonie657 added x1 §x§F§F§5§5§0§0§lsᴇʟʟᴡᴀɴᴅ §6- 5.0x in auction for 350000.
[01:18:36] > Panda_Nooba added x1 §fRabbit Plushie (Salt & Pepper) §6(#73/101) in auction for 2000.
[01:18:51] > Panda_Nooba added x1 §fCat Plushie (Tuxedo) §6(#22/101) in auction for 2000.
[01:19:02] > Panda_Nooba added x1 §fSpider Plushie §6(#83/101) in auction for 2000.
[01:19:14] > Panda_Nooba added x1 §fWandering Trader Plushie §6(#92/101) in auction for 2000.
[01:24:11] > x1 §f§l§8B§x§6§0§6§0§6§0a§x§6§C§6§C§6§Ch§x§7§7§7§7§7§7a§x§8§2§8§2§8§2m§x§8§E§8§E§8§Eu§x§9§9§9§9§9§9t§x§A§4§A§4§A§4 G§x§9§9§9§9§9§9a§x§8§E§8§E§8§Eu§x§8§2§8§2§8§2n§x§7§7§7§7§7§7t§x§6§C§6§C§6§Cl§x§6§0§6§0§6§0e§8t on sale by shelby has just expired, it goes in the inventory of expired items.
[01:24:11] > St4r_ added x1 §x§F§F§7§C§0§0§lSteamsparks Staff in auction for 1500000.
[01:24:31] > aznaaa added x1 §x§5§9§A§1§D§9§lA§x§7§1§A§E§D§Er§x§8§8§B§C§E§4c§x§A§0§C§9§E§9h§x§B§8§D§7§E§Fa§x§D§0§E§4§F§4n§x§E§7§F§2§F§Ag§fe§x§E§7§F§2§F§Al §x§B§8§D§7§E§FS§x§A§0§C§9§E§9t§x§8§8§B§C§E§4a§x§7§1§A§E§D§Ef§x§5§9§A§1§D§9f in auction for 500000.
[01:24:55] > St4r_ added x1 §x§E§5§1§B§1§B§lDracula Spear in auction for 1000000.
[01:26:09] > St4r_ remove x1 §x§F§F§7§C§0§0§lSteamsparks Staff form storage
[01:26:09] > St4r_ remove x1 §x§E§5§1§B§1§B§lDracula Spear form storage
[01:29:13] > St4r_ added x1 §x§F§F§7§C§0§0§lSteamsparks Staff in auction for 1000000.
[01:30:04] > St4r_ remove x1 §x§F§F§7§C§0§0§lSteamsparks Staff from storage
[01:31:30] > Panda_Nooba buy x6 Ominous bottle to Johng10910 for $300,000.
[01:31:35] > Panda_Nooba remove x6 Ominous bottle from buy
[01:35:43] > Antonie657 remove x1 §f§l§8B§x§6§4§6§4§6§4a§x§7§4§7§4§7§4h§x§8§3§8§3§8§3a§x§9§3§9§3§9§3m§x§A§2§A§2§A§2ut§x§9§3§9§3§9§3 §x§8§3§8§3§8§3C§x§7§4§7§4§7§4l§x§6§4§6§4§6§4u§8b from storage
[01:35:52] > Antonie657 added x1 Enchanted golden apple in auction for 10000.
[01:43:53] > belvi__ buy x1 Netherite ingot to Johng10910 for $100,000.
[01:44:12] > belvi__ remove x1 Netherite ingot from buy
[01:48:33] > NoClarity added x1 ores in auction for 500000.
[02:10:58] > NoClarity remove x1 ores from storage
[02:11:30] > k000k444k buy x1 Enchanted golden apple to Antonie657 for $10,000.
[02:11:33] > k000k444k remove x1 Enchanted golden apple from buy
[02:13:16] > NoClarity added x1 ores in auction for 500000.
[02:14:54] > Kanzie20 buy x64 Redstone block to HwanYo for $50,000.
[02:35:23] > NoClarity remove x1 ores from storage
[02:43:29] > 32542 added x9 Ward armor trim smithing template in auction for 50000.
[02:43:35] > Antonie657 buy x9 Ward armor trim smithing template to 32542 for $50,000.
[02:44:03] > 32542 buy x1 §x§E§5§1§B§1§B§lDracula Pickaxe to Panda_Nooba for $20,000.
[02:51:18] > Antonie657 buy x1 Enchanted book to Julene for $15,000.
[02:51:23] > Antonie657 remove x1 Enchanted book from buy
[02:51:23] > Antonie657 remove x9 Ward armor trim smithing template from buy
[02:56:03] > NoClarity added x1 ores in auction for 500000.
[02:56:58] > SenjuKawaragi buy x1 §x§F§F§5§5§0§0§lsᴇʟʟᴡᴀɴᴅ §6- 5.0x to Antonie657 for $350,000.
[02:58:54] > SenjuKawaragi remove x1 §x§F§F§5§5§0§0§lsᴇʟʟᴡᴀɴᴅ §6- 5.0x from buy
[03:47:00] > ashtonmax21 buy x1 §fCat Plushie (Tuxedo) §6(#22/101) to Panda_Nooba for $2,000.
[04:08:15] > Antonie657 added x10 Ancient debris in auction for 100000.
[04:11:10] > Antonie657 added x4 Netherite upgrade smithing template in auction for 200000.
[04:16:01] > M1kasa0 remove x1 §x§F§F§5§5§0§0§lsᴇʟʟᴡᴀɴᴅ §6- 5.0x from storage
[04:16:29] > M1kasa0 added x1 §x§F§F§5§5§0§0§lsᴇʟʟᴡᴀɴᴅ §6- 5.0x in auction for 450000.
[04:18:04] > KiiviNyx buy x1 §fRabbit Plushie (Salt & Pepper) §6(#73/101) to Panda_Nooba for $2,000.
[04:18:12] > KiiviNyx buy x1 §fWandering Trader Plushie §6(#92/101) to Panda_Nooba for $2,000.
[04:18:15] > KiiviNyx buy x1 §fSpider Plushie §6(#83/101) to Panda_Nooba for $2,000.
[04:57:54] > x10 §x§F§C§D§0§5§C§lB§x§E§6§D§3§6§B§la§x§C§F§D§5§7§A§ls§x§B§9§D§8§8§9§li§x§A§2§D§A§9§8§lc §x§7§5§D§F§B§6§lC§x§5§F§E§2§C§5§lr§x§7§5§D§F§B§6§la§x§8§C§D§D§A§7§lt§x§A§2§D§A§9§8§le §x§C§F§D§5§7§A§lK§x§E§6§D§3§6§B§le§x§F§C§D§0§5§C§ly on sale by clash_royale has just expired, it goes in the inventory of expired items.
[04:57:54] > x5 §x§F§C§9§0§5§C§lE§x§E§6§9§C§6§B§lp§x§C§F§A§7§7§A§li§x§B§9§B§3§8§9§lc §x§8§C§C§B§A§7§lC§x§7§5§D§6§B§6§lr§x§5§F§E§2§C§5§la§x§7§9§D§4§B§4§lt§x§9§3§C§7§A§2§le §x§C§8§A§B§7§F§lK§x§E§2§9§E§6§E§le§x§F§C§9§0§5§C§ly on sale by clash_royale has just expired, it goes in the inventory of expired items.
[05:37:55] > nachfaust added x1 Enchanted book in auction for 500000.
[05:38:14] > nachfaust added x1 Enchanted book in auction for 25000.
[06:28:22] > ReKYee added x1 §x§9§8§6§3§E§7§l§oN§x§9§2§6§2§E§6§l§oe§x§8§C§6§1§E§5§l§ob§x§8§6§6§0§E§4§l§ou§x§8§0§5§F§E§4§l§ol§x§7§A§5§E§E§3§l§oa §x§6§E§5§C§E§1§l§oL§x§6§8§5§A§E§0§l§oe§x§6§2§5§9§D§F§l§og§x§5§C§5§8§D§E§l§og§x§5§6§5§7§D§E§l§oi§x§5§0§5§6§D§D§l§on§x§4§A§5§5§D§C§l§og§x§4§4§5§4§D§B§l§os in auction for 300000.
[06:29:21] > ReKYee added x1 §x§E§5§1§B§1§B§lDracula Halberd in auction for 200000.
[06:29:37] > ReKYee added x1 §f§l§x§F§C§D§0§5§CW§x§F§A§A§A§4§Bu§x§F§9§8§4§3§Bk§x§F§7§5§F§2§Ao§x§F§5§3§9§1§9n§x§F§4§1§3§0§8g §x§F§5§3§9§1§9S§x§F§7§5§F§2§Aw§x§F§9§8§4§3§Bo§x§F§A§A§A§4§Br§x§F§C§D§0§5§Cd in auction for 460000.
[06:29:57] > ReKYee added x1 §x§5§F§E§2§C§5Archangel Fishing rod in auction for 1000000.
[06:32:27] > ReKYee remove x1 §x§5§F§E§2§C§5Archangel Fishing rod from storage
[06:36:57] > NoClarity remove x1 ores from storage
[06:37:11] > NoClarity added x1 ores in auction for 500000.
[06:44:37] > _BAAM remove x1 §x§F§F§7§C§0§0§lSteamsparks Shovel form expire
[06:44:37] > _BAAM remove x1 §x§F§F§7§C§0§0§lSteamsparks Staff form expire
[06:44:37] > _BAAM remove x1 §x§E§5§1§B§1§B§lDracula Battleaxe form expire
[06:44:37] > _BAAM remove x1 §x§E§5§1§B§1§B§lDracula Battleaxe form expire
[06:44:37] > _BAAM remove x1 §x§F§F§7§C§0§0§lSteamsparks Bow form expire
[06:44:37] > _BAAM remove x1 §x§F§F§3§E§0§0§lD§x§F§F§3§6§0§0§le§x§F§F§2§F§0§0§lm§x§F§F§2§7§0§0§lo§x§F§F§1§F§0§0§ln §x§F§F§1§0§0§0§lL§x§F§F§0§8§0§0§lo§x§F§F§0§0§0§0§lr§x§F§F§0§8§0§0§ld §x§F§F§1§7§0§0§lH§x§F§F§1§F§0§0§le§x§F§F§2§7§0§0§ll§x§F§F§2§F§0§0§lm§x§F§F§3§6§0§0§le§x§F§F§3§E§0§0§lt form expire
[06:44:37] > _BAAM remove x1 §x§F§F§3§E§0§0§lD§x§F§F§3§8§0§0§le§x§F§F§3§2§0§0§lm§x§F§F§2§B§0§0§lo§x§F§F§2§5§0§0§ln §x§F§F§1§9§0§0§lL§x§F§F§1§3§0§0§lo§x§F§F§0§C§0§0§lr§x§F§F§0§6§0§0§ld §x§F§F§0§6§0§0§lB§x§F§F§0§C§0§0§la§x§F§F§1§3§0§0§lt§x§F§F§1§9§0§0§lt§x§F§F§1§F§0§0§ll§x§F§F§2§5§0§0§le §x§F§F§3§2§0§0§lA§x§F§F§3§8§0§0§lx§x§F§F§3§E§0§0§le form expire
[06:50:36] > NoClarity remove x1 ores from storage
[07:07:47] > king_ARK buy x1 §3§lDolphin Tail to Zee_ for $200,000.
[07:07:52] > king_ARK remove x1 §3§lDolphin Tail from buy
[07:50:59] > x1 §x§F§F§3§E§0§0§lDemon Lord Sickle on sale by Hunter_Sung has just expired, it goes in the inventory of expired items.
[07:50:59] > x1 §f§l§8B§x§5§F§5§F§5§Fa§x§6§9§6§9§6§9h§x§7§3§7§3§7§3a§x§7§D§7§D§7§Dm§x§8§7§8§7§8§7u§x§9§1§9§1§9§1t§x§9§B§9§B§9§B §x§A§5§A§5§A§5Gr§x§9§B§9§B§9§Be§x§9§1§9§1§9§1a§x§8§7§8§7§8§7t§x§7§D§7§D§7§Ds§x§7§3§7§3§7§3w§x§6§9§6§9§6§9o§x§5§F§5§F§5§Fr§8d on sale by Hunter_Sung has just expired, it goes in the inventory of expired items.
[07:50:59] > x1 §f§l§x§8§A§0§0§F§FS§x§9§9§0§0§D§Bh§x§A§8§0§0§B§6i§x§B§7§0§0§9§2n§x§C§6§0§0§6§De§x§D§5§0§0§4§9 §x§E§4§0§0§2§4O§x§F§3§0§0§0§0n§x§E§4§0§0§2§4i§x§D§5§0§0§4§9 §x§C§6§0§0§6§DS§x§B§7§0§0§9§2t§x§A§8§0§0§B§6a§x§9§9§0§0§D§Bf§x§8§A§0§0§F§Ff on sale by Hunter_Sung has just expired, it goes in the inventory of expired items.
[07:50:59] > x1 §x§F§F§7§C§0§0§lSteamsparks Wings on sale by Hunter_Sung has just expired, it goes in the inventory of expired items.
[07:50:59] > x1 §f§l§x§8§A§0§0§F§FS§x§9§9§0§0§D§Bh§x§A§8§0§0§B§6i§x§B§7§0§0§9§2n§x§C§6§0§0§6§De§x§D§5§0§0§4§9 §x§E§4§0§0§2§4O§x§F§3§0§0§0§0n§x§E§4§0§0§2§4i§x§D§5§0§0§4§9 §x§C§6§0§0§6§DS§x§B§7§0§0§9§2t§x§A§8§0§0§B§6a§x§9§9§0§0§D§Bf§x§8§A§0§0§F§Ff on sale by Renzy01 has just expired, it goes in the inventory of expired items.
[07:50:59] > x1 §x§F§F§3§E§0§0§lD§x§F§F§3§5§0§0§le§x§F§F§2§C§0§0§lm§x§F§F§2§3§0§0§lo§x§F§F§1§B§0§0§ln §x§F§F§0§9§0§0§lL§x§F§F§0§0§0§0§lo§x§F§F§0§A§0§0§lr§x§F§F§1§5§0§0§ld §x§F§F§2§9§0§0§lB§x§F§F§3§4§0§0§lo§x§F§F§3§E§0§0§lw on sale by Hunter_Sung has just expired, it goes in the inventory of expired items.
[08:00:55] > Takeremu remove x1 §f§l§x§8§A§0§0§F§FS§x§9§9§0§0§D§Bh§x§A§8§0§0§B§6i§x§B§7§0§0§9§2n§x§C§6§0§0§6§De§x§D§5§0§0§4§9 §x§E§4§0§0§2§4O§x§F§3§0§0§0§0n§x§E§4§0§0§2§4i§x§D§5§0§0§4§9 §x§C§6§0§0§6§DS§x§B§7§0§0§9§2p§x§A§8§0§0§B§6e§x§9§9§0§0§D§Ba§x§8§A§0§0§F§Fr from storage
[08:01:07] > Takeremu added x1 §f§l§x§8§A§0§0§F§FS§x§9§9§0§0§D§Bh§x§A§8§0§0§B§6i§x§B§7§0§0§9§2n§x§C§6§0§0§6§De§x§D§5§0§0§4§9 §x§E§4§0§0§2§4O§x§F§3§0§0§0§0n§x§E§4§0§0§2§4i§x§D§5§0§0§4§9 §x§C§6§0§0§6§DS§x§B§7§0§0§9§2p§x§A§8§0§0§B§6e§x§9§9§0§0§D§Ba§x§8§A§0§0§F§Fr in auction for 2000000.
[09:10:04] > x15 §x§F§C§D§0§5§C§lB§x§E§6§D§3§6§B§la§x§C§F§D§5§7§A§ls§x§B§9§D§8§8§9§li§x§A§2§D§A§9§8§lc §x§7§5§D§F§B§6§lC§x§5§F§E§2§C§5§lr§x§7§5§D§F§B§6§la§x§8§C§D§D§A§7§lt§x§A§2§D§A§9§8§le §x§C§F§D§5§7§A§lK§x§E§6§D§3§6§B§le§x§F§C§D§0§5§C§ly on sale by monggol has just expired, it goes in the inventory of expired items.
[09:10:04] > frenchhee added x1 §x§F§F§5§5§0§0§lsᴇʟʟᴡᴀɴᴅ §6- 5.0x in auction for 460000.
[09:10:04] > x15 §x§F§C§D§0§5§C§lB§x§E§6§D§3§6§B§la§x§C§F§D§5§7§A§ls§x§B§9§D§8§8§9§li§x§A§2§D§A§9§8§lc §x§7§5§D§F§B§6§lC§x§5§F§E§2§C§5§lr§x§7§5§D§F§B§6§la§x§8§C§D§D§A§7§lt§x§A§2§D§A§9§8§le §x§C§F§D§5§7§A§lK§x§E§6§D§3§6§B§le§x§F§C§D§0§5§C§ly on sale by monggol has just expired, it goes in the inventory of expired items.
[09:10:23] > frenchhee buy x1 §x§F§F§5§5§0§0§lsᴇʟʟᴡᴀɴᴅ §6- 5.0x to M1kasa0 for $450,000.
[09:10:30] > mauserdart added x1 §x§F§F§5§5§0§0§lsᴇʟʟᴡᴀɴᴅ §6- 5.0x in auction for 480000.
[09:10:52] > frenchhee remove x1 §x§F§F§5§5§0§0§lsᴇʟʟᴡᴀɴᴅ §6- 5.0x from buy
[09:11:09] > frenchhee added x1 §x§F§F§5§5§0§0§lsᴇʟʟᴡᴀɴᴅ §6- 5.0x in auction for 460000.
[09:13:17] > zDamixx buy x4 Netherite upgrade smithing template to Antonie657 for $200,000.
[09:20:05] > aznaaa buy x1 §x§F§F§5§5§0§0§lsᴇʟʟᴡᴀɴᴅ §6- 5.0x to frenchhee for $460,000.
[09:20:13] > aznaaa remove x1 §x§F§F§5§5§0§0§lsᴇʟʟᴡᴀɴᴅ §6- 5.0x from buy
[09:40:01] > EXEZUNO added x1 §x§F§F§5§5§0§0§lsᴇʟʟᴡᴀɴᴅ §6- 5.0x in auction for 500000.
[10:19:34] > x1 Netherite boots on sale by Hunter_Sung has just expired, it goes in the inventory of expired items.
[11:11:00] > x5 §x§F§C§D§0§5§C§lB§x§E§6§D§3§6§B§la§x§C§F§D§5§7§A§ls§x§B§9§D§8§8§9§li§x§A§2§D§A§9§8§lc §x§7§5§D§F§B§6§lC§x§5§F§E§2§C§5§lr§x§7§5§D§F§B§6§la§x§8§C§D§D§A§7§lt§x§A§2§D§A§9§8§le §x§C§F§D§5§7§A§lK§x§E§6§D§3§6§B§le§x§F§C§D§0§5§C§ly on sale by xcapan has just expired, it goes in the inventory of expired items.
[11:11:00] > x1 §f§l§x§8§A§0§0§F§FS§x§9§9§0§0§D§Bh§x§A§8§0§0§B§6i§x§B§7§0§0§9§2n§x§C§6§0§0§6§De§x§D§5§0§0§4§9 §x§E§4§0§0§2§4O§x§F§3§0§0§0§0n§x§E§4§0§0§2§4i§x§D§5§0§0§4§9 §x§C§6§0§0§6§DS§x§B§7§0§0§9§2t§x§A§8§0§0§B§6a§x§9§9§0§0§D§Bf§x§8§A§0§0§F§Ff on sale by koshie has just expired, it goes in the inventory of expired items.
[11:13:43] > SenjuKawaragi buy x1 Beacon to Antonie657 for $98,000.
[11:13:51] > SenjuKawaragi remove x1 Beacon from buy
[11:20:38] > x1 §x§F§F§3§E§0§0§lDemon Lord Helmet on sale by giyahnpogi has just expired, it goes in the inventory of expired items.
[11:23:06] > EXEZUNO added x1 §e§lDinomite Fish in auction for 10000.
[11:28:04] > EXEZUNO remove x1 §aClaim Wand from buy
[11:38:57] > SenjuKawaragi buy x1 Beacon to Takeremu for $100,000.
[11:39:03] > SenjuKawaragi remove x1 Beacon from buy
[11:54:40] > Buhnaenaexx added x1 §x§F§F§5§5§0§0§lsᴇʟʟᴡᴀɴᴅ §6- 10.0x in auction for 850000.
[11:54:49] > SenjuKawaragi buy x1 §x§F§F§5§5§0§0§lsᴇʟʟᴡᴀɴᴅ §6- 10.0x to Buhnaenaexx for $850,000.
[11:55:02] > SenjuKawaragi remove x1 §x§F§F§5§5§0§0§lsᴇʟʟᴡᴀɴᴅ §6- 10.0x from buy
[11:59:49] > Buhnaenaexx added x1 §x§F§F§5§5§0§0§lsᴇʟʟᴡᴀɴᴅ §6- 10.0x in auction for 850000.
[11:59:53] > SenjuKawaragi buy x1 §x§F§F§5§5§0§0§lsᴇʟʟᴡᴀɴᴅ §6- 10.0x to Buhnaenaexx for $850,000.