
[12:30:44] > dejuugarr remove x1 Invis Potion ;> from storage
[12:37:45] > x1 §x§F§F§7§C§0§0§lSteamsparks Sword on sale by EnderDragon0120 has just expired, it goes in the inventory of expired items.
[12:37:45] > x1 §x§F§F§7§C§0§0§lSteamsparks Axe on sale by EnderDragon0120 has just expired, it goes in the inventory of expired items.
[12:37:45] > x1 §x§F§F§7§C§0§0§lSteamsparks Chestplate on sale by EnderDragon0120 has just expired, it goes in the inventory of expired items.
[12:37:45] > x1 §x§F§F§7§C§0§0§lSteamsparks Fishing Rod on sale by EnderDragon0120 has just expired, it goes in the inventory of expired items.
[12:37:45] > micailatot added x1 §f§l§x§E§4§3§A§3§AM§x§D§6§4§8§3§Ae§x§C§9§5§6§3§Ar§x§B§B§6§4§3§9r§x§A§D§7§2§3§9y§x§9§F§8§0§3§9 §x§9§2§8§E§3§9C§x§8§4§9§C§3§9h§x§7§6§A§A§3§9r§x§6§8§B§8§3§8i§x§5§B§C§6§3§8s§x§4§D§D§4§3§8t§x§5§B§C§6§3§8m§x§6§8§B§8§3§8a§x§7§6§A§A§3§9s§x§8§4§9§C§3§9 §x§9§2§8§E§3§9T§x§9§F§8§0§3§9r§x§A§D§7§2§3§9i§x§B§B§6§4§3§9d§x§C§9§5§6§3§Ae§x§D§6§4§8§3§An§x§E§4§3§A§3§At in auction for 900000.
[12:37:45] > x1 §x§F§F§7§C§0§0§lSteamsparks Staff on sale by EnderDragon0120 has just expired, it goes in the inventory of expired items.
[12:58:56] > NoClarity added x1 Heavy core in auction for 100000.
[13:11:34] > x1 §x§F§F§7§C§0§0§lSteamsparks Sword, item of ace, has just expired, the item is definitively deleted.
[13:11:34] > x1 §x§E§5§1§B§1§B§lDracula Shovel, item of ryise, has just expired, the item is definitively deleted.
[13:11:34] > x1 §x§E§5§1§B§1§B§lDracula Halberd, item of ReKYee, has just expired, the item is definitively deleted.
[13:11:34] > x1 §f§l§8B§x§6§4§6§4§6§4a§x§7§4§7§4§7§4h§x§8§3§8§3§8§3a§x§9§3§9§3§9§3m§x§A§2§A§2§A§2ut§x§9§3§9§3§9§3 §x§8§3§8§3§8§3C§x§7§4§7§4§7§4l§x§6§4§6§4§6§4u§8b, item of RizzaIck, has just expired, the item is definitively deleted.
[13:11:34] > x1 §f§l§8B§x§6§6§6§6§6§6a§x§7§7§7§7§7§7h§x§8§8§8§8§8§8a§x§9§9§9§9§9§9m§7u§x§9§9§9§9§9§9t§x§8§8§8§8§8§8 §x§7§7§7§7§7§7H§x§6§6§6§6§6§6o§8e, item of RizzaIck, has just expired, the item is definitively deleted.
[13:11:34] > x1 Sniffer egg, item of dearestyumeko, has just expired, the item is definitively deleted.
[13:11:34] > x1 §f§l§8B§x§6§3§6§3§6§3a§x§7§1§7§1§7§1h§x§8§0§8§0§8§0a§x§8§E§8§E§8§Em§x§9§C§9§C§9§Cu§7t§x§9§C§9§C§9§C §x§8§E§8§E§8§EW§x§8§0§8§0§8§0i§x§7§1§7§1§7§1n§x§6§3§6§3§6§3g§8s, item of Uratakiz, has just expired, the item is definitively deleted.
[13:11:34] > x1 §x§F§0§7§A§5§4§lZombie Apocalyptic Halberd, item of RizzaIck, has just expired, the item is definitively deleted.
[13:11:38] > NoClarity remove x1 100k/piece Neth armor from expire
[13:13:33] > NoClarity added x1 100k/piece Neth armor in auction for 9999999999999999.
[13:13:58] > Cooldoggiexd added x64 Breeze rod in auction for 10.
[13:15:42] > Horheee added x1 §f§l§x§E§4§3§A§3§AM§x§D§5§4§9§3§Ae§x§C§6§5§9§3§Ar§x§B§7§6§8§3§9r§x§A§8§7§8§3§9y§x§9§9§8§7§3§9 §x§8§9§9§6§3§9C§x§7§A§A§6§3§9h§x§6§B§B§5§3§8r§x§5§C§C§5§3§8i§x§4§D§D§4§3§8s§x§5§C§C§5§3§8t§x§6§B§B§5§3§8m§x§7§A§A§6§3§9a§x§8§9§9§6§3§9s§x§9§9§8§7§3§9 §x§A§8§7§8§3§9S§x§B§7§6§8§3§9p§x§C§6§5§9§3§Ae§x§D§5§4§9§3§Aa§x§E§4§3§A§3§Ar in auction for 300000.
[13:16:24] > dejuugarr buy x64 Breeze rod to Cooldoggiexd for $10.
[13:16:49] > dejuugarr added x1 Shulker box in auction for 200000.
[13:17:07] > dejuugarr remove x1 Shulker box from storage
[13:17:08] > dejuugarr remove x6 Diamond block from storage
[13:17:47] > dejuugarr added x1 Shulker box in auction for 300000.
[13:20:01] > Cooldoggiexd added x1 1m in auction for 10.
[13:20:04] > NoClarity buy x1 1m to Cooldoggiexd for $10.
[13:21:23] > Cooldoggiexd added x1 1m in auction for 10.
[13:21:28] > Trashcan buy x1 1m to Cooldoggiexd for $10.
[13:21:48] > NoClarity remove x1 100k/piece Neth armor from storage
[13:22:00] > Cooldoggiexd added x1 1m in auction for 10.
[13:22:02] > Horheee buy x1 1m to Cooldoggiexd for $10.
[13:22:43] > Trashcan remove x1 1m from buy
[13:22:47] > Cooldoggiexd added x1 500k in auction for 10.
[13:22:50] > quantumbg buy x1 500k to Cooldoggiexd for $10.
[13:22:58] > Horheee remove x1 1m from buy
[13:23:33] > Cooldoggiexd added x3 Wind charge in auction for 10.
[13:23:36] > Trashcan buy x1 Beacon to Horheee for $200,000.
[13:23:37] > quantumbg buy x3 Wind charge to Cooldoggiexd for $10.
[13:24:43] > Cooldoggiexd added x1 Splash potion in auction for 10.
[13:24:45] > quantumbg buy x1 Splash potion to Cooldoggiexd for $10.
[13:25:03] > NoClarity added x1 Cooked beef in auction for 10.
[13:25:10] > Cooldoggiexd added x1 5m in auction for 10.
[13:25:13] > Trashcan buy x1 5m to Cooldoggiexd for $10.
[13:25:22] > quantumbg buy x1 Cooked beef to NoClarity for $10.
[13:25:56] > dejuugarr added x1 Shulker box in auction for 10.
[13:26:00] > dejuugarr remove x1 Shulker box from storage
[13:26:20] > dejuugarr remove x1 Shulker box from expire
[13:26:46] > dejuugarr added x1 Shulker box in auction for 10.
[13:26:50] > quantumbg buy x1 Shulker box to dejuugarr for $10.
[13:27:22] > Horheee added x1 Beacon in auction for 200000.
[13:27:28] > dejuugarr remove x64 Breeze rod from buy
[13:29:08] > dejuugarr added x1 64X Wind Charge in auction for 50000.
[13:29:52] > dejuugarr remove x1 Shulker box from storage
[13:31:55] > makaylee added x1 Netherite chestplate in auction for 99999.
[13:31:59] > dejuugarr buy x1 Netherite chestplate to makaylee for $99,999.
[13:32:27] > makaylee added x1 Netherite chestplate in auction for 99999.
[13:32:35] > quantumbg buy x1 Netherite chestplate to makaylee for $99,999.
[13:33:14] > makaylee added x1 Netherite leggings in auction for 98000.
[13:33:56] > makaylee added x1 Netherite boots in auction for 98000.
[13:34:25] > makaylee remove x1 Netherite leggings form storage
[13:34:25] > makaylee remove x1 Netherite boots form storage
[13:34:31] > makaylee added x1 Netherite leggings in auction for 80000.
[13:34:47] > makaylee added x1 Netherite boots in auction for 90000.
[13:35:37] > NoClarity added x1 §f§l§8B§x§5§F§5§F§5§Fa§x§6§9§6§9§6§9h§x§7§3§7§3§7§3a§x§7§D§7§D§7§Dm§x§8§7§8§7§8§7u§x§9§1§9§1§9§1t§x§9§B§9§B§9§B §x§A§5§A§5§A§5Ch§x§9§B§9§B§9§Be§x§9§1§9§1§9§1s§x§8§7§8§7§8§7t§x§7§D§7§D§7§Dp§x§7§3§7§3§7§3l§x§6§9§6§9§6§9a§x§5§F§5§F§5§Ft§8e in auction for 400000.
[13:41:40] > Trashcan remove x1 Beacon from buy
[13:41:41] > Trashcan remove x1 5m from buy
[13:50:29] > quantumbg remove x1 Netherite chestplate from buy
[13:50:42] > quantumbg remove x1 Shulker box from buy
[14:06:57] > Clifford added x1 §x§F§F§5§5§0§0§lsᴇʟʟᴡᴀɴᴅ §6- 5.0x in auction for 500000.
[14:20:48] > mae added x1 §x§5§9§A§1§D§9§lA§x§7§1§A§E§D§Er§x§8§8§B§C§E§4c§x§A§0§C§9§E§9h§x§B§8§D§7§E§Fa§x§D§0§E§4§F§4n§x§E§7§F§2§F§Ag§fe§x§E§3§E§F§F§9l §x§A§C§D§0§E§CM§x§9§0§C§0§E§6a§x§7§5§B§1§D§Fc§x§5§9§A§1§D§9e in auction for 15000000.
[15:28:19] > Horheee added x1 Enchanting table in auction for 10.
[15:28:26] > quillking67 buy x1 Enchanting table to Horheee for $10.
[15:36:55] > Horheee added x2 Shulker shell in auction for 10.
[15:37:12] > imnectarfr buy x1 Netherite boots to makaylee for $90,000.
[15:37:15] > imnectarfr buy x1 Netherite leggings to makaylee for $80,000.
[15:37:23] > imnectarfr remove x1 Netherite leggings from buy
[15:37:24] > imnectarfr remove x1 Netherite boots from buy
[15:37:32] > alecczzz buy x2 Shulker shell to Horheee for $10.
[15:39:08] > Horheee remove x1 Random Thingzzz from storage
[15:39:15] > Horheee added x1 Random Thingzzz in auction for 800000.
[15:56:26] > Zypher_0w0 added x1 Mending in auction for 150000.
[15:56:38] > Zypher_0w0 added x1 Mending in auction for 150000.
[15:57:00] > Zypher_0w0 added x1 Mending in auction for 100000.
[15:57:04] > imnectarfr buy x1 Mending to Zypher_0w0 for $100,000.
[15:57:05] > Zypher_0w0 remove x1 Mending from storage
[15:57:07] > Zypher_0w0 remove x1 Mending from storage
[15:57:12] > Zypher_0w0 added x1 Mending in auction for 100000.
[15:57:15] > x1 §x§5§9§A§1§D§9§lA§x§7§1§A§E§D§Er§x§8§8§B§C§E§4c§x§A§0§C§9§E§9h§x§B§8§D§7§E§Fa§x§D§0§E§4§F§4n§x§E§7§F§2§F§Ag§fe§x§E§7§F§2§F§Al §x§B§8§D§7§E§FS§x§A§0§C§9§E§9t§x§8§8§B§C§E§4a§x§7§1§A§E§D§Ef§x§5§9§A§1§D§9f, bought by Icon_Skully, has just expired, the item is definitively deleted.
[15:57:20] > imnectarfr buy x1 Mending to Zypher_0w0 for $100,000.
[15:57:26] > Zypher_0w0 added x1 Mending in auction for 100000.
[15:57:30] > imnectarfr buy x1 Mending to Zypher_0w0 for $100,000.
[15:58:21] > imnectarfr remove x1 Mending from buy
[15:58:21] > imnectarfr remove x1 Mending from buy
[15:58:22] > imnectarfr remove x1 Mending from buy
[15:59:52] > Zypher_0w0 buy x1 §x§F§F§5§5§0§0§lsᴇʟʟᴡᴀɴᴅ §6- 10.0x to Kodakoda for $1,000,000.
[15:59:55] > Zypher_0w0 buy x1 §x§F§F§5§5§0§0§lsᴇʟʟᴡᴀɴᴅ §6- 5.0x to iiYang for $500,000.
[15:59:57] > Zypher_0w0 buy x1 §x§F§F§5§5§0§0§lsᴇʟʟᴡᴀɴᴅ §6- 5.0x to Clifford for $500,000.
[16:00:25] > Zypher_0w0 remove x1 §x§F§F§5§5§0§0§lsᴇʟʟᴡᴀɴᴅ §6- 10.0x form buy
[16:00:25] > Zypher_0w0 remove x1 §x§F§F§5§5§0§0§lsᴇʟʟᴡᴀɴᴅ §6- 5.0x form buy
[16:00:25] > Zypher_0w0 remove x1 §x§F§F§5§5§0§0§lsᴇʟʟᴡᴀɴᴅ §6- 5.0x form buy
[16:01:49] > alecczzz remove x2 Shulker shell from buy
[16:02:56] > Zypher_0w0 added x1 Blaze Rods in auction for 35000.
[16:26:02] > Zypher_0w0 added x1 Mace in auction for 2000000.
[16:27:08] > imnectarfr buy x1 Mace to Zypher_0w0 for $2,000,000.
[16:27:14] > x64 Rabbit foot, bought by Trapers1, has just expired, the item is definitively deleted.
[16:27:16] > imnectarfr remove x1 Mace from buy
[16:27:27] > Zypher_0w0 added x1 Fireworks Level3 in auction for 60480.
[16:27:33] > kentchalin buy x1 Fireworks Level3 to Zypher_0w0 for $60,480.
[16:27:44] > kentchalin remove x1 Fireworks Level3 from buy
[16:27:45] > Zypher_0w0 added x1 Fireworks Level3 in auction for 60480.
[16:28:00] > Zypher_0w0 added x1 Fireworks Level3 in auction for 60480.
[16:28:06] > k000k444k buy x1 Fireworks Level3 to Zypher_0w0 for $60,480.
[16:28:11] > k000k444k remove x1 Fireworks Level3 from buy
[16:28:18] > k000k444k buy x1 Blaze Rods to Zypher_0w0 for $35,000.
[16:28:30] > k000k444k buy x1 Fireworks Level3 to Zypher_0w0 for $60,480.
[16:28:33] > k000k444k remove x1 Blaze Rods from buy
[16:28:34] > k000k444k remove x1 Fireworks Level3 from buy
[16:34:32] > Zypher_0w0 added x64 Firework rocket in auction for 10.
[16:34:38] > alecczzz buy x64 Firework rocket to Zypher_0w0 for $10.
[16:34:43] > Zypher_0w0 added x64 Firework rocket in auction for 10.
[16:34:46] > kentchalin buy x1 Heavy core to NoClarity for $100,000.
[16:34:47] > alecczzz buy x64 Firework rocket to Zypher_0w0 for $10.
[16:34:55] > kentchalin remove x1 Heavy core from buy
[16:38:31] > Zypher_0w0 remove x1 /pwarp go TotemTrade Buying Mooshroom Plushies 50k from expire
[16:38:32] > Zypher_0w0 remove x1 §x§5§9§A§1§D§9§lA§x§7§5§B§1§D§Fr§x§9§0§C§0§E§6c§x§A§C§D§0§E§Ch§x§C§8§E§0§F§2a§x§E§3§E§F§F§9n§fg§x§E§3§E§F§F§9e§x§C§8§E§0§F§2l §x§9§0§C§0§E§6K§x§7§5§B§1§D§Fe§x§5§9§A§1§D§9y from expire
[16:38:33] > Zypher_0w0 remove x1 Enchanted book from expire
[16:39:22] > Zypher_0w0 added x1 /pwarp go TotemTrade WitherSkelHead Xmas Discount in auction for 100000000000.
[16:39:34] > Zypher_0w0 added x1 §x§5§9§A§1§D§9§lA§x§7§5§B§1§D§Fr§x§9§0§C§0§E§6c§x§A§C§D§0§E§Ch§x§C§8§E§0§F§2a§x§E§3§E§F§F§9n§fg§x§E§3§E§F§F§9e§x§C§8§E§0§F§2l §x§9§0§C§0§E§6K§x§7§5§B§1§D§Fe§x§5§9§A§1§D§9y in auction for 1000000.
[16:40:04] > Zypher_0w0 added x1 Enchanted book in auction for 150000.
[16:40:18] > Zypher_0w0 added x1 Enchanted book in auction for 150000.
[16:40:28] > Zypher_0w0 added x1 Enchanted book in auction for 150000.
[16:40:49] > Zypher_0w0 added x1 Enchanted book in auction for 150000.
[16:41:02] > Zypher_0w0 added x1 Enchanted book in auction for 150000.
[16:41:14] > Zypher_0w0 added x1 Enchanted book in auction for 200000.
[16:46:35] > imnectarfr added x1 Diamond block in auction for 10.
[16:46:41] > NoClarity buy x1 Diamond block to imnectarfr for $10.
[16:47:57] > Zypher_0w0 buy x1 Random Thingzzz to Horheee for $800,000.
[16:47:59] > x5 §x§F§C§D§0§5§C§lB§x§E§6§D§3§6§B§la§x§C§F§D§5§7§A§ls§x§B§9§D§8§8§9§li§x§A§2§D§A§9§8§lc §x§7§5§D§F§B§6§lC§x§5§F§E§2§C§5§lr§x§7§5§D§F§B§6§la§x§8§C§D§D§A§7§lt§x§A§2§D§A§9§8§le §x§C§F§D§5§7§A§lK§x§E§6§D§3§6§B§le§x§F§C§D§0§5§C§ly, bought by dejuugarr, has just expired, the item is definitively deleted.
[16:48:00] > Zypher_0w0 remove x1 Random Thingzzz from buy
[16:53:08] > Horheee added x1 Beacon in auction for 100000.
[16:53:14] > Horheee remove x1 §f§l§x§E§4§3§A§3§AM§x§D§5§4§9§3§Ae§x§C§6§5§9§3§Ar§x§B§7§6§8§3§9r§x§A§8§7§8§3§9y§x§9§9§8§7§3§9 §x§8§9§9§6§3§9C§x§7§A§A§6§3§9h§x§6§B§B§5§3§8r§x§5§C§C§5§3§8i§x§4§D§D§4§3§8s§x§5§C§C§5§3§8t§x§6§B§B§5§3§8m§x§7§A§A§6§3§9a§x§8§9§9§6§3§9s§x§9§9§8§7§3§9 §x§A§8§7§8§3§9S§x§B§7§6§8§3§9p§x§C§6§5§9§3§Ae§x§D§5§4§9§3§Aa§x§E§4§3§A§3§Ar from storage
[16:53:19] > Horheee added x1 §f§l§x§E§4§3§A§3§AM§x§D§5§4§9§3§Ae§x§C§6§5§9§3§Ar§x§B§7§6§8§3§9r§x§A§8§7§8§3§9y§x§9§9§8§7§3§9 §x§8§9§9§6§3§9C§x§7§A§A§6§3§9h§x§6§B§B§5§3§8r§x§5§C§C§5§3§8i§x§4§D§D§4§3§8s§x§5§C§C§5§3§8t§x§6§B§B§5§3§8m§x§7§A§A§6§3§9a§x§8§9§9§6§3§9s§x§9§9§8§7§3§9 §x§A§8§7§8§3§9S§x§B§7§6§8§3§9p§x§C§6§5§9§3§Ae§x§D§5§4§9§3§Aa§x§E§4§3§A§3§Ar in auction for 100000.
[17:11:56] > Horheee added x1 Beacon in auction for 100000.
[17:12:08] > Horheee added x1 Beacon in auction for 100000.
[17:12:13] > Horheee remove x1 Beacon from storage
[17:12:27] > Horheee remove x1 Beacon from storage
[17:12:27] > Horheee remove x1 Beacon from storage
[17:12:28] > Horheee remove x1 Beacon from storage
[17:12:29] > Horheee remove x1 §f§l§x§E§4§3§A§3§AM§x§D§5§4§9§3§Ae§x§C§6§5§9§3§Ar§x§B§7§6§8§3§9r§x§A§8§7§8§3§9y§x§9§9§8§7§3§9 §x§8§9§9§6§3§9C§x§7§A§A§6§3§9h§x§6§B§B§5§3§8r§x§5§C§C§5§3§8i§x§4§D§D§4§3§8s§x§5§C§C§5§3§8t§x§6§B§B§5§3§8m§x§7§A§A§6§3§9a§x§8§9§9§6§3§9s§x§9§9§8§7§3§9 §x§A§8§7§8§3§9S§x§B§7§6§8§3§9p§x§C§6§5§9§3§Ae§x§D§5§4§9§3§Aa§x§E§4§3§A§3§Ar from storage
[17:12:44] > Horheee added x1 §f§l§x§E§4§3§A§3§AM§x§D§5§4§9§3§Ae§x§C§6§5§9§3§Ar§x§B§7§6§8§3§9r§x§A§8§7§8§3§9y§x§9§9§8§7§3§9 §x§8§9§9§6§3§9C§x§7§A§A§6§3§9h§x§6§B§B§5§3§8r§x§5§C§C§5§3§8i§x§4§D§D§4§3§8s§x§5§C§C§5§3§8t§x§6§B§B§5§3§8m§x§7§A§A§6§3§9a§x§8§9§9§6§3§9s§x§9§9§8§7§3§9 §x§A§8§7§8§3§9S§x§B§7§6§8§3§9p§x§C§6§5§9§3§Ae§x§D§5§4§9§3§Aa§x§E§4§3§A§3§Ar in auction for 200000.
[17:12:57] > Horheee added x5 Beacon in auction for 500000.
[17:14:36] > Horheee added x1 Beacon in auction for 100000.
[17:14:59] > Horheee added x10 Beacon in auction for 900000.
[18:04:05] > nebula12321 remove x1 §x§A§5§8§0§D§D§lᴇᴘɪᴄ ɪᴛᴇᴍ from buy
[19:23:29] > 8it5inn added x1 §f§l§x§E§4§3§A§3§AM§x§D§3§4§B§3§Ae§x§C§2§5§C§3§Ar§x§B§2§6§D§3§9r§x§A§1§7§E§3§9y§x§9§0§9§0§3§9 §x§7§F§A§1§3§9C§x§6§F§B§2§3§8h§x§5§E§C§3§3§8r§x§4§D§D§4§3§8i§x§5§E§C§3§3§8s§x§6§F§B§2§3§8t§x§7§F§A§1§3§9m§x§9§0§9§0§3§9a§x§A§1§7§E§3§9s§x§B§2§6§D§3§9 §x§C§2§5§C§3§AH§x§D§3§4§B§3§Ao§x§E§4§3§A§3§Ae in auction for 150000.
[19:39:09] > Horheee remove x1 §f§l§x§E§4§3§A§3§AM§x§D§5§4§9§3§Ae§x§C§6§5§9§3§Ar§x§B§7§6§8§3§9r§x§A§8§7§8§3§9y§x§9§9§8§7§3§9 §x§8§9§9§6§3§9C§x§7§A§A§6§3§9h§x§6§B§B§5§3§8r§x§5§C§C§5§3§8i§x§4§D§D§4§3§8s§x§5§C§C§5§3§8t§x§6§B§B§5§3§8m§x§7§A§A§6§3§9a§x§8§9§9§6§3§9s§x§9§9§8§7§3§9 §x§A§8§7§8§3§9S§x§B§7§6§8§3§9p§x§C§6§5§9§3§Ae§x§D§5§4§9§3§Aa§x§E§4§3§A§3§Ar from storage
[19:39:19] > Horheee added x1 §f§l§x§E§4§3§A§3§AM§x§D§5§4§9§3§Ae§x§C§6§5§9§3§Ar§x§B§7§6§8§3§9r§x§A§8§7§8§3§9y§x§9§9§8§7§3§9 §x§8§9§9§6§3§9C§x§7§A§A§6§3§9h§x§6§B§B§5§3§8r§x§5§C§C§5§3§8i§x§4§D§D§4§3§8s§x§5§C§C§5§3§8t§x§6§B§B§5§3§8m§x§7§A§A§6§3§9a§x§8§9§9§6§3§9s§x§9§9§8§7§3§9 §x§A§8§7§8§3§9S§x§B§7§6§8§3§9p§x§C§6§5§9§3§Ae§x§D§5§4§9§3§Aa§x§E§4§3§A§3§Ar in auction for 200000.
[19:40:42] > Zypher_0w0 remove x64 Blaze rod from storage
[19:40:42] > Zypher_0w0 remove x64 Blaze rod from storage
[19:41:10] > Zypher_0w0 added x1 Fireworks Level3 in auction for 60480.
[19:41:23] > Zypher_0w0 added x1 Fireworks Level3 in auction for 60480.
[19:46:03] > Zypher_0w0 remove x1 Enchanted book from storage
[19:46:03] > Zypher_0w0 remove x1 Enchanted book from storage
[19:46:04] > Zypher_0w0 remove x1 Enchanted book from storage
[19:46:04] > Zypher_0w0 remove x1 Enchanted book from storage
[19:46:05] > Zypher_0w0 remove x1 Enchanted book from storage
[19:46:11] > Zypher_0w0 added x64 Experience bottle in auction for 25000.
[19:46:16] > Horheee buy x64 Experience bottle to Zypher_0w0 for $25,000.
[19:46:18] > alecczzz remove x64 Firework rocket from buy
[19:46:18] > alecczzz remove x64 Firework rocket from buy
[19:46:25] > Horheee remove x64 Experience bottle from buy
[19:46:25] > Zypher_0w0 added x64 Experience bottle in auction for 25000.
[19:46:32] > zappyduo buy x64 Experience bottle to Zypher_0w0 for $25,000.
[19:46:38] > zappyduo remove x64 Experience bottle from buy
[19:48:08] > alecczzz buy x1 Fireworks Level3 to Zypher_0w0 for $60,480.
[19:48:11] > alecczzz buy x1 Fireworks Level3 to Zypher_0w0 for $60,480.
[19:54:36] > alecczzz remove x1 Fireworks Level3 from buy
[19:54:40] > alecczzz remove x1 Fireworks Level3 from buy
[19:57:03] > belvi__ added x9 §x§F§C§D§0§5§C§lB§x§E§6§D§3§6§B§la§x§C§F§D§5§7§A§ls§x§B§9§D§8§8§9§li§x§A§2§D§A§9§8§lc §x§7§5§D§F§B§6§lC§x§5§F§E§2§C§5§lr§x§7§5§D§F§B§6§la§x§8§C§D§D§A§7§lt§x§A§2§D§A§9§8§le §x§C§F§D§5§7§A§lK§x§E§6§D§3§6§B§le§x§F§C§D§0§5§C§ly in auction for 100000.
[19:57:20] > belvi__ added x5 §x§C§9§A§7§F§C§lL§x§B§D§A§E§F§6§le§x§B§1§B§4§F§0§lg§x§A§6§B§B§E§A§le§x§9§A§C§1§E§4§ln§x§8§E§C§8§D§D§ld§x§8§2§C§E§D§7§la§x§7§7§D§5§D§1§lr§x§6§B§D§B§C§B§ly §x§6§B§D§B§C§B§lC§x§7§7§D§5§D§1§lr§x§8§2§C§E§D§7§la§x§8§E§C§8§D§D§lt§x§9§A§C§1§E§4§le §x§B§1§B§4§F§0§lK§x§B§D§A§E§F§6§le§x§C§9§A§7§F§C§ly in auction for 100000.
[19:58:21] > Horheee buy x5 §x§C§9§A§7§F§C§lL§x§B§D§A§E§F§6§le§x§B§1§B§4§F§0§lg§x§A§6§B§B§E§A§le§x§9§A§C§1§E§4§ln§x§8§E§C§8§D§D§ld§x§8§2§C§E§D§7§la§x§7§7§D§5§D§1§lr§x§6§B§D§B§C§B§ly §x§6§B§D§B§C§B§lC§x§7§7§D§5§D§1§lr§x§8§2§C§E§D§7§la§x§8§E§C§8§D§D§lt§x§9§A§C§1§E§4§le §x§B§1§B§4§F§0§lK§x§B§D§A§E§F§6§le§x§C§9§A§7§F§C§ly to belvi__ for $100,000.
[19:58:24] > Horheee buy x9 §x§F§C§D§0§5§C§lB§x§E§6§D§3§6§B§la§x§C§F§D§5§7§A§ls§x§B§9§D§8§8§9§li§x§A§2§D§A§9§8§lc §x§7§5§D§F§B§6§lC§x§5§F§E§2§C§5§lr§x§7§5§D§F§B§6§la§x§8§C§D§D§A§7§lt§x§A§2§D§A§9§8§le §x§C§F§D§5§7§A§lK§x§E§6§D§3§6§B§le§x§F§C§D§0§5§C§ly to belvi__ for $100,000.
[20:00:14] > dejuugarr remove x1 64X Wind Charge from storage
[20:00:30] > x1 §x§F§F§5§5§0§0§lsᴇʟʟᴡᴀɴᴅ §6- 10.0x, item of YooRushy, has just expired, the item is definitively deleted.
[20:00:31] > dejuugarr remove x1 64X Wind Charge from expire
[20:01:24] > dejuugarr added x1 §x§5§9§A§1§D§9§lA§x§7§1§A§E§D§Er§x§8§8§B§C§E§4c§x§A§0§C§9§E§9h§x§B§8§D§7§E§Fa§x§D§0§E§4§F§4n§x§E§7§F§2§F§Ag§fe§x§E§7§F§2§F§Al §x§B§8§D§7§E§FB§x§A§0§C§9§E§9o§x§8§8§B§C§E§4o§x§7§1§A§E§D§Et§x§5§9§A§1§D§9s in auction for 300000.
[20:01:39] > Cynishere added x1 Bahamut Kit in auction for 676776767.
[20:02:05] > Cynishere remove x1 Bahamut Kit from storage
[20:02:13] > Cynishere remove x1 Bahamut Kit from expire
[20:02:15] > Cynishere remove x1 §f§l§x§E§4§3§A§3§AM§x§D§5§4§9§3§Ae§x§C§6§5§9§3§Ar§x§B§7§6§8§3§9r§x§A§8§7§8§3§9y§x§9§9§8§7§3§9 §x§8§9§9§6§3§9C§x§7§A§A§6§3§9h§x§6§B§B§5§3§8r§x§5§C§C§5§3§8i§x§4§D§D§4§3§8s§x§5§C§C§5§3§8t§x§6§B§B§5§3§8m§x§7§A§A§6§3§9a§x§8§9§9§6§3§9s§x§9§9§8§7§3§9 §x§A§8§7§8§3§9B§x§B§7§6§8§3§9o§x§C§6§5§9§3§Ao§x§D§5§4§9§3§At§x§E§4§3§A§3§As from expire
[20:02:16] > Cynishere remove x1 §f§l§x§E§4§3§A§3§AM§x§D§5§4§9§3§Ae§x§C§6§5§9§3§Ar§x§B§7§6§8§3§9r§x§A§8§7§8§3§9y§x§9§9§8§7§3§9 §x§8§9§9§6§3§9C§x§7§A§A§6§3§9h§x§6§B§B§5§3§8r§x§5§C§C§5§3§8i§x§4§D§D§4§3§8s§x§5§C§C§5§3§8t§x§6§B§B§5§3§8m§x§7§A§A§6§3§9a§x§8§9§9§6§3§9s§x§9§9§8§7§3§9 §x§A§8§7§8§3§9S§x§B§7§6§8§3§9p§x§C§6§5§9§3§Ae§x§D§5§4§9§3§Aa§x§E§4§3§A§3§Ar from expire
[20:02:38] > dejuugarr added x1 Ominous bottle in auction for 150000.
[20:03:26] > belvi__ added x1 §f§l§x§E§4§3§A§3§AM§x§D§3§4§B§3§Ae§x§C§2§5§C§3§Ar§x§B§2§6§D§3§9r§x§A§1§7§E§3§9y§x§9§0§9§0§3§9 §x§7§F§A§1§3§9C§x§6§F§B§2§3§8h§x§5§E§C§3§3§8r§x§4§D§D§4§3§8i§x§5§E§C§3§3§8s§x§6§F§B§2§3§8t§x§7§F§A§1§3§9m§x§9§0§9§0§3§9a§x§A§1§7§E§3§9s§x§B§2§6§D§3§9 §x§C§2§5§C§3§AH§x§D§3§4§B§3§Aa§x§E§4§3§A§3§At in auction for 200000.
[20:07:52] > Horheee remove x9 §x§F§C§D§0§5§C§lB§x§E§6§D§3§6§B§la§x§C§F§D§5§7§A§ls§x§B§9§D§8§8§9§li§x§A§2§D§A§9§8§lc §x§7§5§D§F§B§6§lC§x§5§F§E§2§C§5§lr§x§7§5§D§F§B§6§la§x§8§C§D§D§A§7§lt§x§A§2§D§A§9§8§le §x§C§F§D§5§7§A§lK§x§E§6§D§3§6§B§le§x§F§C§D§0§5§C§ly from buy
[20:07:53] > Horheee remove x5 §x§C§9§A§7§F§C§lL§x§B§D§A§E§F§6§le§x§B§1§B§4§F§0§lg§x§A§6§B§B§E§A§le§x§9§A§C§1§E§4§ln§x§8§E§C§8§D§D§ld§x§8§2§C§E§D§7§la§x§7§7§D§5§D§1§lr§x§6§B§D§B§C§B§ly §x§6§B§D§B§C§B§lC§x§7§7§D§5§D§1§lr§x§8§2§C§E§D§7§la§x§8§E§C§8§D§D§lt§x§9§A§C§1§E§4§le §x§B§1§B§4§F§0§lK§x§B§D§A§E§F§6§le§x§C§9§A§7§F§C§ly from buy
[20:11:28] > dejuugarr added x5 Flint in auction for 10.
[20:11:46] > dejuugarr added x64 Flint in auction for 100000.
[20:12:12] > dejuugarr remove x1 Netherite chestplate from buy
[20:15:57] > Horheee added x1 §f§l§x§F§C§D§0§5§CW§x§F§A§A§A§4§Bu§x§F§9§8§4§3§Bk§x§F§7§5§F§2§Ao§x§F§5§3§9§1§9n§x§F§4§1§3§0§8g §x§F§5§3§9§1§9S§x§F§7§5§F§2§Aw§x§F§9§8§4§3§Bo§x§F§A§A§A§4§Br§x§F§C§D§0§5§Cd in auction for 600000.
[20:19:13] > Horheee added x1 Shulker box in auction for 10000.
[20:19:24] > dejuugarr buy x1 Shulker box to Horheee for $10,000.
[20:19:47] > Horheee added x1 Shulker box in auction for 10000.
[20:19:58] > Horheee added x1 Shulker box in auction for 10000.
[20:22:48] > Horheee remove x5 Beacon from storage
[20:22:57] > Horheee added x5 Beacon in auction for 450000.
[20:29:23] > Horheee remove x1 Shulker box from storage
[20:29:24] > Horheee remove x1 Shulker box from storage
[20:31:31] > Horheee added x1 My Excess Stuffzz in auction for 300000.
[21:01:20] > dejuugarr remove x1 Ominous bottle from storage
[21:01:28] > dejuugarr added x1 Ominous bottle in auction for 50000.
[21:21:38] > x1 §x§F§F§7§C§0§0§lSteamsparks Hat on sale by Clifford has just expired, it goes in the inventory of expired items.
[21:24:17] > fuzzy_fae added x1 §f§l§x§E§4§3§A§3§AM§x§D§3§4§B§3§Ae§x§C§2§5§C§3§Ar§x§B§2§6§D§3§9r§x§A§1§7§E§3§9y§x§9§0§9§0§3§9 §x§7§F§A§1§3§9C§x§6§F§B§2§3§8h§x§5§E§C§3§3§8r§x§4§D§D§4§3§8i§x§5§E§C§3§3§8s§x§6§F§B§2§3§8t§x§7§F§A§1§3§9m§x§9§0§9§0§3§9a§x§A§1§7§E§3§9s§x§B§2§6§D§3§9 §x§C§2§5§C§3§AH§x§D§3§4§B§3§Aa§x§E§4§3§A§3§At in auction for 100000.
[21:31:23] > dejuugarr remove x1 Shulker box from buy
[21:43:29] > H2SO4 remove x1 §x§E§5§1§B§1§B§lDracula Wings from storage
[21:43:36] > H2SO4 remove x1 §x§E§E§0§0§0§0§lᴜɴʟɪᴍɪᴛᴇᴅ sᴇʟʟᴡᴀɴᴅ form storage
[21:43:51] > x2 §c§lPlatinum Lure, item of Typeshe, has just expired, the item is definitively deleted.
[21:43:53] > H2SO4 remove x1 §x§E§5§1§B§1§B§lDracula Wings from expire
[22:33:54] > x1 §x§E§4§3§A§3§A§lC§x§C§E§5§0§3§A§lh§x§B§9§6§6§3§9§lr§x§A§3§7§C§3§9§li§x§8§E§9§2§3§9§ls§x§7§8§A§8§3§9§lt§x§6§3§B§E§3§8§lm§x§4§D§D§4§3§8§la§x§6§3§B§E§3§8§ls §x§8§E§9§2§3§9§lG§x§A§3§7§C§3§9§ll§x§B§9§6§6§3§9§lo§x§C§E§5§0§3§A§lb§x§E§4§3§A§3§A§le on sale by nebula12321 has just expired, it goes in the inventory of expired items.
[23:01:19] > Horheee added x1 Silk Touch in auction for 3000.
[23:20:53] > Horheee added x4 §x§F§C§9§0§5§C§lE§x§E§6§9§C§6§B§lp§x§C§F§A§7§7§A§li§x§B§9§B§3§8§9§lc §x§8§C§C§B§A§7§lC§x§7§5§D§6§B§6§lr§x§5§F§E§2§C§5§la§x§7§9§D§4§B§4§lt§x§9§3§C§7§A§2§le §x§C§8§A§B§7§F§lK§x§E§2§9§E§6§E§le§x§F§C§9§0§5§C§ly in auction for 100000.
[23:21:24] > Horheee remove x1 My Excess Stuffzz from storage
[23:21:27] > Horheee remove x1 Silk Touch from storage
[23:21:28] > Horheee remove x4 §x§F§C§9§0§5§C§lE§x§E§6§9§C§6§B§lp§x§C§F§A§7§7§A§li§x§B§9§B§3§8§9§lc §x§8§C§C§B§A§7§lC§x§7§5§D§6§B§6§lr§x§5§F§E§2§C§5§la§x§7§9§D§4§B§4§lt§x§9§3§C§7§A§2§le §x§C§8§A§B§7§F§lK§x§E§2§9§E§6§E§le§x§F§C§9§0§5§C§ly from storage
[23:21:31] > Horheee remove x1 §f§l§x§E§4§3§A§3§AM§x§D§5§4§9§3§Ae§x§C§6§5§9§3§Ar§x§B§7§6§8§3§9r§x§A§8§7§8§3§9y§x§9§9§8§7§3§9 §x§8§9§9§6§3§9C§x§7§A§A§6§3§9h§x§6§B§B§5§3§8r§x§5§C§C§5§3§8i§x§4§D§D§4§3§8s§x§5§C§C§5§3§8t§x§6§B§B§5§3§8m§x§7§A§A§6§3§9a§x§8§9§9§6§3§9s§x§9§9§8§7§3§9 §x§A§8§7§8§3§9S§x§B§7§6§8§3§9p§x§C§6§5§9§3§Ae§x§D§5§4§9§3§Aa§x§E§4§3§A§3§Ar from storage
[23:21:32] > Horheee remove x1 §f§l§x§F§C§D§0§5§CW§x§F§A§A§A§4§Bu§x§F§9§8§4§3§Bk§x§F§7§5§F§2§Ao§x§F§5§3§9§1§9n§x§F§4§1§3§0§8g §x§F§5§3§9§1§9S§x§F§7§5§F§2§Aw§x§F§9§8§4§3§Bo§x§F§A§A§A§4§Br§x§F§C§D§0§5§Cd from storage
[23:22:07] > Horheee added x1 My Excess Stuffzz in auction for 500000.
[23:26:21] > TiagoX added x1 §x§F§F§5§5§0§0§lsᴇʟʟᴡᴀɴᴅ §6- 10.0x in auction for 900000.
[00:18:21] > x1 §f§l§8B§x§6§6§6§6§6§6a§x§7§7§7§7§7§7h§x§8§8§8§8§8§8a§x§9§9§9§9§9§9m§7u§x§9§9§9§9§9§9t§x§8§8§8§8§8§8 §x§7§7§7§7§7§7H§x§6§6§6§6§6§6o§8e on sale by jakeydaniel has just expired, it goes in the inventory of expired items.
[00:18:22] > mae remove x1 §x§5§9§A§1§D§9§lA§x§7§1§A§E§D§Er§x§8§8§B§C§E§4c§x§A§0§C§9§E§9h§x§B§8§D§7§E§Fa§x§D§0§E§4§F§4n§x§E§7§F§2§F§Ag§fe§x§E§3§E§F§F§9l §x§A§C§D§0§E§CM§x§9§0§C§0§E§6a§x§7§5§B§1§D§Fc§x§5§9§A§1§D§9e from storage
[00:29:43] > JinSoul15 added x1 Enchanted golden apple in auction for 50000.
[00:40:30] > fuzzy_fae added x1 §f§l§x§E§4§3§A§3§AM§x§D§6§4§9§3§Ae§x§C§7§5§7§3§Ar§x§B§9§6§6§3§9r§x§A§A§7§5§3§9y§x§9§C§8§3§3§9 §x§8§E§9§2§3§9C§x§7§F§A§1§3§9h§x§7§1§A§F§3§8r§x§6§3§B§E§3§8i§x§5§4§C§D§3§8st§x§6§3§B§E§3§8m§x§7§1§A§F§3§8a§x§7§F§A§1§3§9s§x§8§E§9§2§3§9 §x§9§C§8§3§3§9S§x§A§A§7§5§3§9c§x§B§9§6§6§3§9y§x§C§7§5§7§3§At§x§D§6§4§9§3§Ah§x§E§4§3§A§3§Ae in auction for 1000067.
[00:41:05] > mae buy x1 §x§5§9§A§1§D§9§lA§x§7§5§B§1§D§Fr§x§9§0§C§0§E§6c§x§A§C§D§0§E§Ch§x§C§8§E§0§F§2a§x§E§3§E§F§F§9n§fg§x§E§3§E§F§F§9e§x§C§8§E§0§F§2l §x§9§0§C§0§E§6K§x§7§5§B§1§D§Fe§x§5§9§A§1§D§9y to Zypher_0w0 for $1,000,000.
[00:41:23] > x64 Experience bottle, bought by NastyPepperoni, has just expired, the item is definitively deleted.
[00:41:25] > mae remove x1 §x§5§9§A§1§D§9§lA§x§7§5§B§1§D§Fr§x§9§0§C§0§E§6c§x§A§C§D§0§E§Ch§x§C§8§E§0§F§2a§x§E§3§E§F§F§9n§fg§x§E§3§E§F§F§9e§x§C§8§E§0§F§2l §x§9§0§C§0§E§6K§x§7§5§B§1§D§Fe§x§5§9§A§1§D§9y from buy
[02:33:43] > x1 §x§E§5§1§B§1§B§lDracula Halberd, item of YIXILYX, has just expired, the item is definitively deleted.
[02:33:43] > x1 §x§E§5§1§B§1§B§lDracula Halberd, item of Weeiyne, has just expired, the item is definitively deleted.
[02:36:55] > Icon_Skully added x1 §fEnder Eye Wings in auction for 2500000.
[02:39:30] > NoClarity buy x1 §fEnder Eye Wings to Icon_Skully for $2,500,000.
[02:39:37] > NoClarity remove x1 §fEnder Eye Wings from buy
[02:54:42] > NoClarity added x1 §f§bWarden Plushie §6(#93/101) in auction for 50000.
[03:04:29] > NoClarity added x1 §f§l§8B§x§5§F§5§F§5§Fa§x§6§9§6§9§6§9h§x§7§3§7§3§7§3a§x§7§D§7§D§7§Dm§x§8§7§8§7§8§7u§x§9§1§9§1§9§1t§x§9§B§9§B§9§B §x§A§5§A§5§A§5Ch§x§9§B§9§B§9§Be§x§9§1§9§1§9§1s§x§8§7§8§7§8§7t§x§7§D§7§D§7§Dp§x§7§3§7§3§7§3l§x§6§9§6§9§6§9a§x§5§F§5§F§5§Ft§8e in auction for 200000.
[03:27:24] > Icon_Skully added x1 §f§l§x§E§4§3§A§3§AM§x§D§7§4§7§3§Ae§x§C§A§5§5§3§Ar§x§B§D§6§2§3§9r§x§A§F§7§0§3§9y§x§A§2§7§D§3§9 §x§9§5§8§A§3§9C§x§8§8§9§8§3§9h§x§7§B§A§5§3§9r§x§6§E§B§3§3§8i§x§6§1§C§0§3§8s§x§5§4§C§D§3§8tm§x§6§1§C§0§3§8a§x§6§E§B§3§3§8s§x§7§B§A§5§3§9 §x§8§8§9§8§3§9L§x§9§5§8§A§3§9e§x§A§2§7§D§3§9g§x§A§F§7§0§3§9g§x§B§D§6§2§3§9i§x§C§A§5§5§3§An§x§D§7§4§7§3§Ag§x§E§4§3§A§3§As in auction for 250000.
[05:05:38] > El_GHOST23 added x5 §x§F§C§9§0§5§C§lE§x§E§6§9§C§6§B§lp§x§C§F§A§7§7§A§li§x§B§9§B§3§8§9§lc §x§8§C§C§B§A§7§lC§x§7§5§D§6§B§6§lr§x§5§F§E§2§C§5§la§x§7§9§D§4§B§4§lt§x§9§3§C§7§A§2§le §x§C§8§A§B§7§F§lK§x§E§2§9§E§6§E§le§x§F§C§9§0§5§C§ly in auction for 1000000000.
[05:06:31] > El_GHOST23 remove x5 §x§F§C§9§0§5§C§lE§x§E§6§9§C§6§B§lp§x§C§F§A§7§7§A§li§x§B§9§B§3§8§9§lc §x§8§C§C§B§A§7§lC§x§7§5§D§6§B§6§lr§x§5§F§E§2§C§5§la§x§7§9§D§4§B§4§lt§x§9§3§C§7§A§2§le §x§C§8§A§B§7§F§lK§x§E§2§9§E§6§E§le§x§F§C§9§0§5§C§ly from storage
[07:23:20] > Icon_Skully buy x1 §x§F§F§5§5§0§0§lsᴇʟʟᴡᴀɴᴅ §6- 10.0x to TiagoX for $900,000.
[10:04:43] > x1 §x§E§4§3§A§3§A§lC§x§C§E§5§0§3§A§lh§x§B§9§6§6§3§9§lr§x§A§3§7§C§3§9§li§x§8§E§9§2§3§9§ls§x§7§8§A§8§3§9§lt§x§6§3§B§E§3§8§lm§x§4§D§D§4§3§8§la§x§6§3§B§E§3§8§ls §x§8§E§9§2§3§9§lG§x§A§3§7§C§3§9§ll§x§B§9§6§6§3§9§lo§x§C§E§5§0§3§A§lb§x§E§4§3§A§3§A§le on sale by nebula12321 has just expired, it goes in the inventory of expired items.
[10:04:43] > x1 §x§E§4§3§A§3§A§lC§x§C§E§5§0§3§A§lh§x§B§9§6§6§3§9§lr§x§A§3§7§C§3§9§li§x§8§E§9§2§3§9§ls§x§7§8§A§8§3§9§lt§x§6§3§B§E§3§8§lm§x§4§D§D§4§3§8§la§x§6§3§B§E§3§8§ls §x§8§E§9§2§3§9§lG§x§A§3§7§C§3§9§ll§x§B§9§6§6§3§9§lo§x§C§E§5§0§3§A§lb§x§E§4§3§A§3§A§le on sale by nebula12321 has just expired, it goes in the inventory of expired items.
[10:04:43] > x1 §f§l§x§F§C§D§0§5§CW§x§F§A§A§A§4§Bu§x§F§9§8§4§3§Bk§x§F§7§5§F§2§Ao§x§F§5§3§9§1§9n§x§F§4§1§3§0§8g §x§F§5§3§9§1§9S§x§F§7§5§F§2§Aw§x§F§9§8§4§3§Bo§x§F§A§A§A§4§Br§x§F§C§D§0§5§Cd on sale by nebula12321 has just expired, it goes in the inventory of expired items.
[10:05:30] > H2SO4 buy x1 §f§l§8B§x§5§F§5§F§5§Fa§x§6§9§6§9§6§9h§x§7§3§7§3§7§3a§x§7§D§7§D§7§Dm§x§8§7§8§7§8§7u§x§9§1§9§1§9§1t§x§9§B§9§B§9§B §x§A§5§A§5§A§5Ch§x§9§B§9§B§9§Be§x§9§1§9§1§9§1s§x§8§7§8§7§8§7t§x§7§D§7§D§7§Dp§x§7§3§7§3§7§3l§x§6§9§6§9§6§9a§x§5§F§5§F§5§Ft§8e to NoClarity for $200,000.
[10:05:38] > H2SO4 remove x1 §f§l§8B§x§5§F§5§F§5§Fa§x§6§9§6§9§6§9h§x§7§3§7§3§7§3a§x§7§D§7§D§7§Dm§x§8§7§8§7§8§7u§x§9§1§9§1§9§1t§x§9§B§9§B§9§B §x§A§5§A§5§A§5Ch§x§9§B§9§B§9§Be§x§9§1§9§1§9§1s§x§8§7§8§7§8§7t§x§7§D§7§D§7§Dp§x§7§3§7§3§7§3l§x§6§9§6§9§6§9a§x§5§F§5§F§5§Ft§8e from buy
[10:56:40] > NoClarity remove x1 §f§l§8B§x§5§F§5§F§5§Fa§x§6§9§6§9§6§9h§x§7§3§7§3§7§3a§x§7§D§7§D§7§Dm§x§8§7§8§7§8§7u§x§9§1§9§1§9§1t§x§9§B§9§B§9§B §x§A§5§A§5§A§5Ch§x§9§B§9§B§9§Be§x§9§1§9§1§9§1s§x§8§7§8§7§8§7t§x§7§D§7§D§7§Dp§x§7§3§7§3§7§3l§x§6§9§6§9§6§9a§x§5§F§5§F§5§Ft§8e from storage
[10:56:54] > NoClarity added x1 §f§l§8B§x§5§F§5§F§5§Fa§x§6§9§6§9§6§9h§x§7§3§7§3§7§3a§x§7§D§7§D§7§Dm§x§8§7§8§7§8§7u§x§9§1§9§1§9§1t§x§9§B§9§B§9§B §x§A§5§A§5§A§5Ch§x§9§B§9§B§9§Be§x§9§1§9§1§9§1s§x§8§7§8§7§8§7t§x§7§D§7§D§7§Dp§x§7§3§7§3§7§3l§x§6§9§6§9§6§9a§x§5§F§5§F§5§Ft§8e in auction for 200000.