
[12:18:35] > .SharkyisHungry remove x1 §f§l§x§8§A§0§0§F§FS§x§9§C§0§0§D§5h§x§A§D§0§0§A§Ai§x§B§F§0§0§8§0n§x§D§0§0§0§5§5e§x§E§2§0§0§2§B §x§F§3§0§0§0§0O§x§E§2§0§0§2§An§x§D§0§0§0§5§5i§x§B§F§0§0§8§0 §x§A§D§0§0§A§AA§x§9§C§0§0§D§5x§x§8§A§0§0§F§Fe from storage
[12:18:47] > .SharkyisHungry added x1 §f§l§x§8§A§0§0§F§FS§x§9§C§0§0§D§5h§x§A§D§0§0§A§Ai§x§B§F§0§0§8§0n§x§D§0§0§0§5§5e§x§E§2§0§0§2§B §x§F§3§0§0§0§0O§x§E§2§0§0§2§An§x§D§0§0§0§5§5i§x§B§F§0§0§8§0 §x§A§D§0§0§A§AA§x§9§C§0§0§D§5x§x§8§A§0§0§F§Fe in auction for 2000000.
[12:18:52] > MrZyrus7228 buy x1 §f§l§x§8§A§0§0§F§FS§x§9§C§0§0§D§5h§x§A§D§0§0§A§Ai§x§B§F§0§0§8§0n§x§D§0§0§0§5§5e§x§E§2§0§0§2§B §x§F§3§0§0§0§0O§x§E§2§0§0§2§An§x§D§0§0§0§5§5i§x§B§F§0§0§8§0 §x§A§D§0§0§A§AA§x§9§C§0§0§D§5x§x§8§A§0§0§F§Fe to .SharkyisHungry for $2,000,000.
[12:19:07] > MrZyrus7228 remove x1 §f§l§x§8§A§0§0§F§FS§x§9§C§0§0§D§5h§x§A§D§0§0§A§Ai§x§B§F§0§0§8§0n§x§D§0§0§0§5§5e§x§E§2§0§0§2§B §x§F§3§0§0§0§0O§x§E§2§0§0§2§An§x§D§0§0§0§5§5i§x§B§F§0§0§8§0 §x§A§D§0§0§A§AA§x§9§C§0§0§D§5x§x§8§A§0§0§F§Fe from buy
[12:19:31] > HwanYo added x64 Experience bottle in auction for 150000.
[12:19:43] > HwanYo added x64 Experience bottle in auction for 150000.
[12:20:03] > HwanYo added x64 Experience bottle in auction for 150000.
[12:23:47] > Chezzy buy x21 Diamond to giyahnpogi for $105,000.
[12:23:57] > Chezzy buy x21 Diamond to giyahnpogi for $105,000.
[12:24:05] > Chezzy remove x21 Diamond from buy
[12:24:06] > Chezzy remove x21 Diamond from buy
[12:39:01] > celinesanrio buy x1 §f§l§8B§x§6§6§6§6§6§6a§x§7§7§7§7§7§7h§x§8§8§8§8§8§8a§x§9§9§9§9§9§9m§7u§x§9§9§9§9§9§9t§x§8§8§8§8§8§8 §x§7§7§7§7§7§7K§x§6§6§6§6§6§6e§8y to El3ctric_Ey3 for $2,000,000.
[12:39:03] > x1 §f§l§x§F§C§D§0§5§CW§x§F§B§B§6§5§1u§x§F§A§9§C§4§5k§x§F§9§8§2§3§Ao§x§F§8§6§8§2§En§x§F§6§4§E§2§3g§x§F§5§3§4§1§7 §x§F§4§1§A§0§CG§x§F§3§0§0§0§0r§x§F§4§1§A§0§Ce§x§F§5§3§4§1§7a§x§F§6§4§E§2§3t§x§F§8§6§8§2§Es§x§F§9§8§2§3§Aw§x§F§A§9§C§4§5o§x§F§B§B§6§5§1r§x§F§C§D§0§5§Cd, bought by P4LDOK, has just expired, the item is definitively deleted.
[12:39:04] > celinesanrio remove x1 §f§l§8B§x§6§6§6§6§6§6a§x§7§7§7§7§7§7h§x§8§8§8§8§8§8a§x§9§9§9§9§9§9m§7u§x§9§9§9§9§9§9t§x§8§8§8§8§8§8 §x§7§7§7§7§7§7K§x§6§6§6§6§6§6e§8y form buy
[12:41:12] > celinesanrio buy x1 §f§l§x§F§C§D§0§5§CW§x§F§A§A§A§4§Bu§x§F§9§8§4§3§Bk§x§F§7§5§F§2§Ao§x§F§5§3§9§1§9n§x§F§4§1§3§0§8g §x§F§5§3§9§1§9W§x§F§7§5§F§2§Ai§x§F§9§8§4§3§Bn§x§F§A§A§A§4§Bg§x§F§C§D§0§5§Cs to .Kenku1001 for $2,000,000.
[12:41:16] > celinesanrio remove x1 §f§l§x§F§C§D§0§5§CW§x§F§A§A§A§4§Bu§x§F§9§8§4§3§Bk§x§F§7§5§F§2§Ao§x§F§5§3§9§1§9n§x§F§4§1§3§0§8g §x§F§5§3§9§1§9W§x§F§7§5§F§2§Ai§x§F§9§8§4§3§Bn§x§F§A§A§A§4§Bg§x§F§C§D§0§5§Cs form buy
[12:44:13] > Zypher_0w0 added x1 §x§F§F§7§C§0§0§lSteamsparks Battle Axe in auction for 300000.
[12:44:27] > Zypher_0w0 added x1 §x§F§F§7§C§0§0§lSteamsparks Axe in auction for 300000.
[12:44:53] > celinesanrio buy x1 §x§F§F§7§C§0§0§lSteamsparks Axe to Zypher_0w0 for $300,000.
[12:45:15] > celinesanrio remove x1 §x§F§F§7§C§0§0§lSteamsparks Axe form buy
[12:51:32] > celinesanrio added x1 §x§E§3§A§F§4§F§lʟᴇɢᴇɴᴅᴀʀʏ ɪᴛᴇᴍ in auction for 100000.
[12:51:42] > kkyleeeeesa buy x1 §x§E§3§A§F§4§F§lʟᴇɢᴇɴᴅᴀʀʏ ɪᴛᴇᴍ to celinesanrio for $100,000.
[12:51:42] > celinesanrio added x1 §x§E§3§A§F§4§F§lʟᴇɢᴇɴᴅᴀʀʏ ɪᴛᴇᴍ in auction for 100000.
[12:51:52] > DanRaiv buy x1 §x§E§3§A§F§4§F§lʟᴇɢᴇɴᴅᴀʀʏ ɪᴛᴇᴍ to celinesanrio for $100,000.
[12:52:05] > DanRaiv remove x1 §x§E§3§A§F§4§F§lʟᴇɢᴇɴᴅᴀʀʏ ɪᴛᴇᴍ from buy
[12:52:06] > UnavailableTest buy x1 §x§5§9§A§1§D§9§lA§x§6§E§A§D§D§Er§x§8§3§B§9§E§3c§x§9§7§C§4§E§7h§x§A§C§D§0§E§Ca§x§C§1§D§C§F§1n§x§D§6§E§8§F§6g§x§E§A§F§3§F§Ae§fl §x§D§0§E§4§F§4H§x§B§8§D§7§E§Fe§x§A§0§C§9§E§9l§x§8§8§B§C§E§4m§x§7§1§A§E§D§Ee§x§5§9§A§1§D§9t to .Allxnzv for $1,700,000.
[12:52:08] > celinesanrio added x1 §x§6§0§0§0§F§F§lɢᴏᴅʟʏ ɪᴛᴇᴍ in auction for 100000.
[12:52:12] > UnavailableTest remove x1 §x§5§9§A§1§D§9§lA§x§6§E§A§D§D§Er§x§8§3§B§9§E§3c§x§9§7§C§4§E§7h§x§A§C§D§0§E§Ca§x§C§1§D§C§F§1n§x§D§6§E§8§F§6g§x§E§A§F§3§F§Ae§fl §x§D§0§E§4§F§4H§x§B§8§D§7§E§Fe§x§A§0§C§9§E§9l§x§8§8§B§C§E§4m§x§7§1§A§E§D§Ee§x§5§9§A§1§D§9t form buy
[12:52:16] > .SharkyisHungry buy x1 §x§6§0§0§0§F§F§lɢᴏᴅʟʏ ɪᴛᴇᴍ to celinesanrio for $100,000.
[12:52:30] > .SharkyisHungry remove x1 §x§6§0§0§0§F§F§lɢᴏᴅʟʏ ɪᴛᴇᴍ from buy
[13:01:20] > celinesanrio added x20 Lead in auction for 100000.
[13:01:25] > HwanYo buy x20 Lead to celinesanrio for $100,000.
[13:01:40] > HwanYo remove x20 Lead from buy
[13:04:03] > kkyleeeeesa remove x1 §x§E§3§A§F§4§F§lʟᴇɢᴇɴᴅᴀʀʏ ɪᴛᴇᴍ from buy
[13:04:04] > kkyleeeeesa remove x4 Piston from buy
[13:10:32] > PrinceBGC remove x1 §f§l§8B§x§6§2§6§2§6§2a§x§6§F§6§F§6§Fh§x§7§C§7§C§7§Ca§x§8§9§8§9§8§9m§x§9§6§9§6§9§6u§x§A§3§A§3§A§3t §x§9§6§9§6§9§6S§x§8§9§8§9§8§9h§x§7§C§7§C§7§Co§x§6§F§6§F§6§Fv§x§6§2§6§2§6§2e§8l from storage
[13:11:47] > x1 §x§9§8§6§3§E§7§lG§x§9§0§7§5§E§2§lo§x§8§8§8§7§D§D§ld§x§8§0§9§9§D§8§ll§x§7§7§A§C§D§4§ly §x§6§7§D§0§C§A§lC§x§5§F§E§2§C§5§lr§x§6§7§D§0§C§A§la§x§6§F§B§E§C§F§lt§x§7§7§A§C§D§4§le §x§8§8§8§7§D§D§lK§x§9§0§7§5§E§2§le§x§9§8§6§3§E§7§ly, item of RedolentPotato, has just expired, the item is definitively deleted.
[13:11:47] > x1 Visit WitchExpFarm, item of koshie, has just expired, the item is definitively deleted.
[13:11:51] > PrinceBGC remove x1 §f§l§8B§x§6§2§6§2§6§2a§x§6§F§6§F§6§Fh§x§7§C§7§C§7§Ca§x§8§9§8§9§8§9m§x§9§6§9§6§9§6u§x§A§3§A§3§A§3t §x§9§6§9§6§9§6S§x§8§9§8§9§8§9h§x§7§C§7§C§7§Co§x§6§F§6§F§6§Fv§x§6§2§6§2§6§2e§8l from expire
[13:12:43] > PrinceBGC remove x1 §f§l§8B§x§6§6§6§6§6§6a§x§7§7§7§7§7§7h§x§8§8§8§8§8§8a§x§9§9§9§9§9§9m§7u§x§9§9§9§9§9§9t§x§8§8§8§8§8§8 §x§7§7§7§7§7§7H§x§6§6§6§6§6§6a§8t from storage
[13:13:06] > .SharkyisHungry remove x1 §x§F§F§3§E§0§0§lDemon Lord Wings from storage
[13:13:17] > mauserdart added x1 §f§l§8B§x§6§3§6§3§6§3a§x§7§1§7§1§7§1h§x§8§0§8§0§8§0a§x§8§E§8§E§8§Em§x§9§C§9§C§9§Cu§7t§x§9§C§9§C§9§C §x§8§E§8§E§8§ES§x§8§0§8§0§8§0w§x§7§1§7§1§7§1o§x§6§3§6§3§6§3r§8d in auction for 2000000.
[13:15:00] > .SharkyisHungry remove x1 Raven's Breastmilk form storage
[13:15:00] > .SharkyisHungry remove x1 §eᴄᴏᴡ sᴘᴀᴡɴᴇʀ form storage
[13:15:00] > .SharkyisHungry remove x1 TOMBOY SMASHER;]🥶 form storage
[13:15:00] > .SharkyisHungry remove x1 §f§l§x§F§A§0§0§0§AD§x§F§A§1§C§1§5a§x§F§B§3§7§2§0r§x§F§B§5§3§2§Bk§x§F§B§6§F§3§6f§x§F§B§8§B§4§1l§x§F§C§A§6§4§Ca§x§F§C§C§2§5§7me§x§F§C§A§6§4§C §x§F§B§8§B§4§1S§x§F§B§6§F§3§6i§x§F§B§5§3§2§Bc§x§F§B§3§7§2§0k§x§F§A§1§C§1§5l§x§F§A§0§0§0§Ae form storage
[13:15:00] > .SharkyisHungry remove x2 §eᴘɪɢ sᴘᴀᴡɴᴇʀ form storage
[13:18:32] > PrinceBGC added x1 §f§l§8B§x§6§6§6§6§6§6a§x§7§7§7§7§7§7h§x§8§8§8§8§8§8a§x§9§9§9§9§9§9m§7u§x§9§9§9§9§9§9t§x§8§8§8§8§8§8 §x§7§7§7§7§7§7H§x§6§6§6§6§6§6a§8t in auction for 2000000.
[13:24:27] > Chezzy added x1 §x§E§5§1§B§1§B§lDracula Sickle in auction for 100000.
[13:24:40] > Chezzy added x1 §x§F§F§7§C§0§0§lSteamsparks Spear in auction for 50000.
[13:24:45] > tic_sz buy x1 §x§F§F§7§C§0§0§lSteamsparks Spear to Chezzy for $50,000.
[13:25:26] > AxoLittle added x1 Enchanted book in auction for 3000.
[13:25:39] > AxoLittle added x1 Enchanted book in auction for 3000.
[13:27:12] > Takeremu added x3 §x§5§C§C§F§F§C§lC§x§5§C§D§1§F§5§lo§x§5§D§D§4§E§E§ls§x§5§D§D§6§E§7§lm§x§5§E§D§9§E§1§le§x§5§E§D§B§D§A§lt§x§5§E§D§D§D§3§li§x§5§F§E§0§C§C§lc §x§5§F§E§0§C§C§lH§x§5§E§D§D§D§3§la§x§5§E§D§B§D§A§lt§x§5§E§D§9§E§1§ls §x§5§D§D§4§E§E§lK§x§5§C§D§1§F§5§le§x§5§C§C§F§F§C§ly in auction for 240000.
[13:27:25] > Takeremu added x1 Enchanted book in auction for 2500.
[13:27:45] > Takeremu added x1 Enchanted book in auction for 2500.
[13:27:58] > Takeremu added x1 Enchanted book in auction for 2500.
[13:28:04] > AxoLittle remove x1 Enchanted book form storage
[13:28:04] > AxoLittle remove x1 Enchanted book form storage
[13:28:35] > AxoLittle added x1 Enchanted book in auction for 3000.
[13:37:49] > HwanYo remove x1 §x§F§F§7§C§0§0§lSteamsparks Chestplate from storage
[13:37:55] > HwanYo added x1 §f§x§6§B§2§C§C§6G§x§7§0§3§2§C§Ca§x§7§5§3§8§D§2l§x§7§A§3§E§D§8a§x§7§F§4§4§D§Ex§x§8§4§4§9§E§5y§x§8§9§4§F§E§B §x§8§E§5§5§F§1H§x§9§3§5§B§F§7a§x§9§8§6§1§F§Dt in auction for 100000.
[13:38:02] > BlackKnight buy x1 §f§x§6§B§2§C§C§6G§x§7§0§3§2§C§Ca§x§7§5§3§8§D§2l§x§7§A§3§E§D§8a§x§7§F§4§4§D§Ex§x§8§4§4§9§E§5y§x§8§9§4§F§E§B §x§8§E§5§5§F§1H§x§9§3§5§B§F§7a§x§9§8§6§1§F§Dt to HwanYo for $100,000.
[13:38:27] > BaWaWaw buy x1 Enchanted book to Takeremu for $2,500.
[13:38:29] > BaWaWaw buy x1 Enchanted book to Takeremu for $2,500.
[13:38:31] > BaWaWaw buy x1 Enchanted book to Takeremu for $2,500.
[13:40:49] > AxoLittle remove x1 Enchanted book form storage
[13:40:54] > celinesanrio added x1 §6§lBUILDING EVENT 1ST RUNNER UP REWARD in auction for 1000000000.
[13:41:20] > celinesanrio remove x1 §6§lBUILDING EVENT 1ST RUNNER UP REWARD from storage
[13:41:31] > AxoLittle added x1 Enchanted book in auction for 3000.
[13:41:36] > celinesanrio buy x1 Enchanted book to AxoLittle for $3,000.
[13:41:39] > celinesanrio remove x1 Enchanted book form buy
[13:41:42] > AxoLittle added x1 Enchanted book in auction for 3000.
[13:41:54] > AxoLittle added x1 Enchanted book in auction for 3000.
[13:42:06] > AxoLittle added x1 Enchanted book in auction for 3000.
[13:49:26] > celinesanrio added x1 §x§6§0§0§0§F§F§lɢᴏᴅʟʏ ɪᴛᴇᴍ in auction for 30000.
[13:49:40] > celinesanrio added x1 §x§6§0§0§0§F§F§lɢᴏᴅʟʏ ɪᴛᴇᴍ in auction for 30000.
[13:49:45] > .SharkyisHungry buy x1 §x§6§0§0§0§F§F§lɢᴏᴅʟʏ ɪᴛᴇᴍ to celinesanrio for $30,000.
[13:49:52] > celinesanrio added x1 §x§6§0§0§0§F§F§lɢᴏᴅʟʏ ɪᴛᴇᴍ in auction for 30000.
[13:50:13] > celinesanrio remove x1 Elytra from storage
[13:50:13] > celinesanrio remove x1 Elytra from storage
[13:50:14] > celinesanrio remove x1 Elytra from storage
[13:50:14] > celinesanrio remove x1 Elytra from storage
[13:50:14] > celinesanrio remove x1 Elytra from storage
[13:50:15] > celinesanrio remove x1 Elytra from storage
[13:50:15] > celinesanrio remove x1 Elytra from storage
[13:50:16] > celinesanrio remove x1 Elytra from storage
[13:50:20] > celinesanrio added x1 §x§6§0§0§0§F§F§lɢᴏᴅʟʏ ɪᴛᴇᴍ in auction for 50000.
[13:50:30] > celinesanrio added x1 §x§6§0§0§0§F§F§lɢᴏᴅʟʏ ɪᴛᴇᴍ in auction for 50000.
[13:51:18] > DanRaiv added x1 §f§l§x§F§A§0§0§0§AD§x§F§A§1§5§1§2a§x§F§A§2§A§1§Ar§x§F§B§3§E§2§3k§x§F§B§5§3§2§Bf§x§F§B§6§8§3§3l§x§F§B§7§D§3§Ba§x§F§B§9§2§4§3m§x§F§C§A§6§4§Ce§x§F§C§B§B§5§4 §x§F§C§D§0§5§CF§x§F§C§B§B§5§4i§x§F§C§A§6§4§Cs§x§F§B§9§2§4§3h§x§F§B§7§D§3§Bi§x§F§B§6§8§3§3n§x§F§B§5§3§2§Bg§x§F§B§3§E§2§3 §x§F§A§2§A§1§AR§x§F§A§1§5§1§2o§x§F§A§0§0§0§Ad in auction for 250000.
[13:51:36] > baba added x1 §x§F§F§3§E§0§0§lD§x§F§F§3§6§0§0§le§x§F§F§2§F§0§0§lm§x§F§F§2§7§0§0§lo§x§F§F§1§F§0§0§ln §x§F§F§1§0§0§0§lL§x§F§F§0§8§0§0§lo§x§F§F§0§0§0§0§lr§x§F§F§0§8§0§0§ld §x§F§F§1§7§0§0§lS§x§F§F§1§F§0§0§li§x§F§F§2§7§0§0§lc§x§F§F§2§F§0§0§lk§x§F§F§3§6§0§0§ll§x§F§F§3§E§0§0§le in auction for 250000.
[13:51:38] > Hunter_Sung buy x1 §f§l§x§F§A§0§0§0§AD§x§F§A§1§5§1§2a§x§F§A§2§A§1§Ar§x§F§B§3§E§2§3k§x§F§B§5§3§2§Bf§x§F§B§6§8§3§3l§x§F§B§7§D§3§Ba§x§F§B§9§2§4§3m§x§F§C§A§6§4§Ce§x§F§C§B§B§5§4 §x§F§C§D§0§5§CF§x§F§C§B§B§5§4i§x§F§C§A§6§4§Cs§x§F§B§9§2§4§3h§x§F§B§7§D§3§Bi§x§F§B§6§8§3§3n§x§F§B§5§3§2§Bg§x§F§B§3§E§2§3 §x§F§A§2§A§1§AR§x§F§A§1§5§1§2o§x§F§A§0§0§0§Ad to DanRaiv for $250,000.
[13:51:56] > celinesanrio added x1 §x§6§0§0§0§F§F§lɢᴏᴅʟʏ ɪᴛᴇᴍ in auction for 300000.
[13:52:07] > celinesanrio added x1 §x§6§0§0§0§F§F§lɢᴏᴅʟʏ ɪᴛᴇᴍ in auction for 300000.
[13:52:23] > DanRaiv added x1 §x§F§F§3§E§0§0§lD§x§F§F§3§6§0§0§le§x§F§F§2§F§0§0§lm§x§F§F§2§7§0§0§lo§x§F§F§1§F§0§0§ln §x§F§F§1§0§0§0§lL§x§F§F§0§8§0§0§lo§x§F§F§0§0§0§0§lr§x§F§F§0§9§0§0§ld §x§F§F§1§B§0§0§lS§x§F§F§2§3§0§0§lt§x§F§F§2§C§0§0§la§x§F§F§3§5§0§0§lf§x§F§F§3§E§0§0§lf in auction for 300000.
[13:52:36] > DanRaiv added x1 §x§F§F§3§E§0§0§lD§x§F§F§3§5§0§0§le§x§F§F§2§C§0§0§lm§x§F§F§2§3§0§0§lo§x§F§F§1§B§0§0§ln §x§F§F§0§9§0§0§lL§x§F§F§0§0§0§0§lo§x§F§F§0§A§0§0§lr§x§F§F§1§5§0§0§ld §x§F§F§2§9§0§0§lB§x§F§F§3§4§0§0§lo§x§F§F§3§E§0§0§lw in auction for 300000.
[13:52:56] > Hunter_Sung remove x1 §f§l§x§F§A§0§0§0§AD§x§F§A§1§5§1§2a§x§F§A§2§A§1§Ar§x§F§B§3§E§2§3k§x§F§B§5§3§2§Bf§x§F§B§6§8§3§3l§x§F§B§7§D§3§Ba§x§F§B§9§2§4§3m§x§F§C§A§6§4§Ce§x§F§C§B§B§5§4 §x§F§C§D§0§5§CF§x§F§C§B§B§5§4i§x§F§C§A§6§4§Cs§x§F§B§9§2§4§3h§x§F§B§7§D§3§Bi§x§F§B§6§8§3§3n§x§F§B§5§3§2§Bg§x§F§B§3§E§2§3 §x§F§A§2§A§1§AR§x§F§A§1§5§1§2o§x§F§A§0§0§0§Ad from buy
[13:54:51] > grit_zy added x10 Villager spawn egg in auction for 40000000.
[13:54:56] > grit_zy remove x10 Villager spawn egg from storage
[13:56:46] > celinesanrio added x1 Cyan shulker box in auction for 210000.
[13:56:57] > celinesanrio added x1 Blue shulker box in auction for 210000.
[13:57:27] > Takeremu buy x1 Cyan shulker box to celinesanrio for $210,000.
[13:57:37] > Takeremu remove x1 Cyan shulker box from buy
[13:58:20] > celinesanrio added x1 Black shulker box in auction for 240000.
[13:58:20] > x2 §x§5§C§C§F§F§C§lC§x§5§C§D§1§F§5§lo§x§5§D§D§4§E§E§ls§x§5§D§D§6§E§7§lm§x§5§E§D§9§E§1§le§x§5§E§D§B§D§A§lt§x§5§E§D§D§D§3§li§x§5§F§E§0§C§C§lc §x§5§F§E§0§C§C§lH§x§5§E§D§D§D§3§la§x§5§E§D§B§D§A§lt§x§5§E§D§9§E§1§ls §x§5§D§D§4§E§E§lK§x§5§C§D§1§F§5§le§x§5§C§C§F§F§C§ly on sale by SP3CC_ has just expired, it goes in the inventory of expired items.
[13:58:32] > celinesanrio added x1 Red shulker box in auction for 270000.
[13:58:43] > celinesanrio added x1 Red shulker box in auction for 300000.
[13:58:52] > x1 §fAdventure Hat on sale by cinterMC has just expired, it goes in the inventory of expired items.
[13:59:05] > celinesanrio remove x1 §x§6§0§0§0§F§F§lɢᴏᴅʟʏ ɪᴛᴇᴍ from storage
[13:59:05] > celinesanrio remove x1 §x§6§0§0§0§F§F§lɢᴏᴅʟʏ ɪᴛᴇᴍ from storage
[13:59:05] > celinesanrio remove x1 §x§6§0§0§0§F§F§lɢᴏᴅʟʏ ɪᴛᴇᴍ from storage
[13:59:06] > celinesanrio remove x1 §x§6§0§0§0§F§F§lɢᴏᴅʟʏ ɪᴛᴇᴍ from storage
[13:59:06] > celinesanrio remove x1 §x§6§0§0§0§F§F§lɢᴏᴅʟʏ ɪᴛᴇᴍ from storage
[13:59:07] > celinesanrio remove x1 §x§6§0§0§0§F§F§lɢᴏᴅʟʏ ɪᴛᴇᴍ from storage
[13:59:20] > celinesanrio added x1 Red shulker box in auction for 300000.
[14:00:31] > celinesanrio added x1 Red shulker box in auction for 330000.
[14:01:18] > Zypher_0w0 added x1 Shulker box in auction for 61000.
[14:01:32] > Zypher_0w0 added x2 §x§E§5§1§B§1§B§lDracula Key in auction for 250000.
[14:01:38] > celinesanrio added x1 White shulker box in auction for 360000.
[14:01:51] > Zypher_0w0 added x2 §x§E§5§1§B§1§B§lDracula Key in auction for 250000.
[14:02:35] > Zypher_0w0 added x2 §x§F§0§7§A§5§4§lZombie Apocalyptic Key in auction for 250000.
[14:03:44] > celinesanrio added x1 Shulker box in auction for 660000.
[14:03:55] > celinesanrio added x1 Shulker box in auction for 690000.
[14:04:12] > x1 Enchanted book, item of SP3CC_, has just expired, the item is definitively deleted.
[14:04:16] > celinesanrio remove x1 Shulker box from storage
[14:04:23] > celinesanrio added x1 White shulker box in auction for 690000.
[14:05:25] > celinesanrio buy x1 Elytra to tic_sz for $1,500,000.
[14:05:28] > celinesanrio remove x1 Elytra form buy
[14:06:22] > Zypher_0w0 added x1 §eᴘɪɢ sᴘᴀᴡɴᴇʀ in auction for 120000.
[14:07:09] > celinesanrio added x1 White shulker box in auction for 18181818.
[14:09:08] > celinesanrio remove x1 White shulker box from storage
[14:09:10] > celinesanrio added x1 §x§6§0§0§0§F§F§lɢᴏᴅʟʏ ɪᴛᴇᴍ in auction for 300000.
[14:11:49] > ameeelia buy x64 Experience bottle to HwanYo for $150,000.
[14:11:56] > ameeelia remove x64 Experience bottle from buy
[14:16:50] > baba remove x1 Restocked at ./pwarp XPexchange from storage
[14:17:41] > baba added x1 New shop /pwarp MysticMarket (tons of exp bottles) in auction for 100000000000.
[14:29:56] > giyahnpogi added x64 Redstone block in auction for 81000.
[14:30:41] > baba buy x64 Experience bottle to HwanYo for $150,000.
[14:30:50] > baba buy x64 Experience bottle to HwanYo for $150,000.
[14:31:50] > baba buy x64 Experience bottle to HwanYo for $150,000.
[14:34:40] > x1 §f§l§x§8§A§0§0§F§FS§x§9§8§0§0§D§Dh§x§A§6§0§0§B§Bi§x§B§4§0§0§9§9n§x§C§2§0§0§7§7e§x§D§0§0§0§5§5 §x§D§E§0§0§3§3O§x§E§C§0§0§1§1ni§x§D§E§0§0§3§3 §x§D§0§0§0§5§5S§x§C§2§0§0§7§7h§x§B§4§0§0§9§9i§x§A§6§0§0§B§Be§x§9§8§0§0§D§Dl§x§8§A§0§0§F§Fd on sale by P4LDOK has just expired, it goes in the inventory of expired items.
[14:38:50] > celinesanrio remove x1 §x§6§0§0§0§F§F§lɢᴏᴅʟʏ ɪᴛᴇᴍ from storage
[14:38:52] > celinesanrio added x2 §x§F§2§C§6§D§E§lP§x§E§0§C§A§D§B§li§x§C§D§C§D§D§8§ln§x§B§B§D§1§D§5§la§x§A§9§D§4§D§2§lt§x§9§6§D§8§C§E§la §x§7§1§D§F§C§8§lC§x§5§F§E§2§C§5§lr§x§7§4§D§E§C§9§la§x§8§9§D§A§C§C§lt§x§9§E§D§6§D§0§le §x§C§8§C§E§D§7§lK§x§D§D§C§A§D§A§le§x§F§2§C§6§D§E§ly in auction for 300000.
[14:40:25] > MochaFangs added x1 §fAdventure Hat in auction for 100000.
[14:40:47] > MochaFangs added x1 §fRaining Cloud Hat in auction for 100000.
[14:40:50] > Unforce01 added x1 §fWitch Hat in auction for 10000.
[14:41:27] > kabayooo added x1 §fFarmer Hat in auction for 10000.
[14:41:50] > DanRaiv remove x1 Go to PotsAndMats for pot materials and potions! from storage
[14:41:54] > .SharkyisHungry added x1 §esᴋᴇʟᴇᴛᴏɴ sᴘᴀᴡɴᴇʀ in auction for 400000.
[14:41:56] > DanRaiv added x1 §esᴘɪᴅᴇʀ sᴘᴀᴡɴᴇʀ in auction for 600000.
[14:42:44] > .SharkyisHungry remove x1 §esᴋᴇʟᴇᴛᴏɴ sᴘᴀᴡɴᴇʀ from storage
[14:42:56] > .SharkyisHungry added x1 §esᴋᴇʟᴇᴛᴏɴ sᴘᴀᴡɴᴇʀ in auction for 345450.
[14:42:56] > Abbadex added x1 §x§F§0§7§A§5§4§lZombie Apocalyptic Key in auction for 400000.
[14:43:15] > Abbadex added x1 §x§F§0§7§A§5§4§lZombie Apocalyptic Key in auction for 400000.
[14:43:34] > Abbadex added x1 §x§F§0§7§A§5§4§lZombie Apocalyptic Key in auction for 400000.
[14:43:45] > Abbadex added x1 §x§F§0§7§A§5§4§lZombie Apocalyptic Key in auction for 400000.
[14:43:58] > Abbadex added x1 §x§F§0§7§A§5§4§lZombie Apocalyptic Key in auction for 400000.
[14:46:10] > x1 §eʙʟᴀᴢᴇ sᴘᴀᴡɴᴇʀ on sale by Pewpew has just expired, it goes in the inventory of expired items.
[14:49:10] > celinesanrio remove x2 §x§F§2§C§6§D§E§lP§x§E§0§C§A§D§B§li§x§C§D§C§D§D§8§ln§x§B§B§D§1§D§5§la§x§A§9§D§4§D§2§lt§x§9§6§D§8§C§E§la §x§7§1§D§F§C§8§lC§x§5§F§E§2§C§5§lr§x§7§4§D§E§C§9§la§x§8§9§D§A§C§C§lt§x§9§E§D§6§D§0§le §x§C§8§C§E§D§7§lK§x§D§D§C§A§D§A§le§x§F§2§C§6§D§E§ly from storage
[14:49:15] > celinesanrio added x1 §x§6§0§0§0§F§F§lɢᴏᴅʟʏ ɪᴛᴇᴍ in auction for 250000.
[14:49:44] > .SharkyisHungry buy x1 §x§6§0§0§0§F§F§lɢᴏᴅʟʏ ɪᴛᴇᴍ to celinesanrio for $250,000.
[14:50:14] > .SharkyisHungry remove x1 §x§6§0§0§0§F§F§lɢᴏᴅʟʏ ɪᴛᴇᴍ form buy
[14:50:14] > .SharkyisHungry remove x1 §x§6§0§0§0§F§F§lɢᴏᴅʟʏ ɪᴛᴇᴍ form buy
[14:52:18] > giyahnpogi added x1 Silence armor trim smithing template in auction for 500000.
[14:52:50] > celinesanrio added x1 §x§5§C§C§F§F§C§lC§x§5§C§D§1§F§5§lo§x§5§D§D§4§E§E§ls§x§5§D§D§6§E§7§lm§x§5§E§D§9§E§1§le§x§5§E§D§B§D§A§lt§x§5§E§D§D§D§3§li§x§5§F§E§0§C§C§lc §x§5§F§E§0§C§C§lH§x§5§E§D§D§D§3§la§x§5§E§D§B§D§A§lt§x§5§E§D§9§E§1§ls §x§5§D§D§4§E§E§lK§x§5§C§D§1§F§5§le§x§5§C§C§F§F§C§ly in auction for 10.
[14:52:57] > MrZyrus7228 buy x1 §x§5§C§C§F§F§C§lC§x§5§C§D§1§F§5§lo§x§5§D§D§4§E§E§ls§x§5§D§D§6§E§7§lm§x§5§E§D§9§E§1§le§x§5§E§D§B§D§A§lt§x§5§E§D§D§D§3§li§x§5§F§E§0§C§C§lc §x§5§F§E§0§C§C§lH§x§5§E§D§D§D§3§la§x§5§E§D§B§D§A§lt§x§5§E§D§9§E§1§ls §x§5§D§D§4§E§E§lK§x§5§C§D§1§F§5§le§x§5§C§C§F§F§C§ly to celinesanrio for $10.
[15:01:21] > giyahnpogi remove x5 §x§F§C§D§0§5§C§lB§x§E§6§D§3§6§B§la§x§C§F§D§5§7§A§ls§x§B§9§D§8§8§9§li§x§A§2§D§A§9§8§lc §x§7§5§D§F§B§6§lC§x§5§F§E§2§C§5§lr§x§7§5§D§F§B§6§la§x§8§C§D§D§A§7§lt§x§A§2§D§A§9§8§le §x§C§F§D§5§7§A§lK§x§E§6§D§3§6§B§le§x§F§C§D§0§5§C§ly from buy
[15:09:44] > ameeelia added x3 Flow armor trim smithing template in auction for 350000.
[15:16:33] > .SharkyisHungry remove x1 §esᴋᴇʟᴇᴛᴏɴ sᴘᴀᴡɴᴇʀ from storage
[15:31:34] > Alexfromhere added x1 Splash potion in auction for 9500.
[15:31:47] > Alexfromhere added x1 Splash potion in auction for 9500.
[15:46:14] > giyahnpogi added x64 Wind charge in auction for 128000.
[15:46:28] > giyahnpogi added x64 Wind charge in auction for 128000.
[15:52:02] > HwanYo buy x1 White shulker box to celinesanrio for $360,000.
[15:52:15] > HwanYo remove x1 White shulker box from buy
[16:03:27] > SydneySweetie added x64 Experience bottle in auction for 100000.
[16:03:32] > Takeremu buy x64 Experience bottle to SydneySweetie for $100,000.
[16:09:47] > mauserdart added x64 Wind charge in auction for 64000.
[16:16:00] > x1 Kelp's Drugs, bought by KelpChii, has just expired, the item is definitively deleted.
[16:16:02] > Takeremu remove x64 Experience bottle from buy
[16:16:18] > HwanYo added x1 IRON BLOCKS in auction for 550000.
[16:19:54] > UnavailableTest buy x1 Enchanted book to AxoLittle for $3,000.
[16:19:57] > UnavailableTest buy x1 Enchanted book to AxoLittle for $3,000.
[16:20:00] > UnavailableTest buy x1 Enchanted book to AxoLittle for $3,000.
[16:39:09] > grit_zy added x1 Dried kelp in auction for 100.
[16:39:13] > grit_zy remove x1 Dried kelp from storage
[16:43:36] > Zypher_0w0 remove x1 §x§E§5§1§B§1§B§lDracula Key from storage
[16:43:37] > Zypher_0w0 remove x1 §x§E§5§1§B§1§B§lDracula Key from storage
[16:43:45] > Zypher_0w0 added x1 Flight 2 in auction for 100000.
[16:44:01] > Zypher_0w0 added x2 §x§E§5§1§B§1§B§lDracula Key in auction for 250000.
[16:48:57] > DefinitelyHani remove x1 Enchanted book form storage
[16:48:57] > DefinitelyHani remove x1 Enchanted book form storage
[16:48:57] > DefinitelyHani remove x1 Enchanted book form storage
[16:57:47] > frenchhee buy x1 §eᴄʀᴇᴇᴘᴇʀ sᴘᴀᴡɴᴇʀ to lorxie for $500,000.
[16:58:09] > frenchhee remove x1 §eᴄʀᴇᴇᴘᴇʀ sᴘᴀᴡɴᴇʀ from buy
[17:00:09] > r1h4d3ss added x1 CHECK BLAZE EXP FARM in auction for 99999999.
[17:09:22] > HwanYo buy x2 §esᴘɪᴅᴇʀ sᴘᴀᴡɴᴇʀ to lorxie for $500,000.
[17:09:56] > HwanYo buy x1 White shulker box to celinesanrio for $690,000.
[17:14:22] > TostyZura buy x1 Flight 2 to Zypher_0w0 for $100,000.
[17:22:24] > DanRaiv remove x1 §x§F§F§3§E§0§0§lD§x§F§F§3§6§0§0§le§x§F§F§2§F§0§0§lm§x§F§F§2§7§0§0§lo§x§F§F§1§F§0§0§ln §x§F§F§1§0§0§0§lL§x§F§F§0§8§0§0§lo§x§F§F§0§0§0§0§lr§x§F§F§0§9§0§0§ld §x§F§F§1§B§0§0§lS§x§F§F§2§3§0§0§lt§x§F§F§2§C§0§0§la§x§F§F§3§5§0§0§lf§x§F§F§3§E§0§0§lf from storage
[17:22:24] > DanRaiv remove x1 §x§F§F§3§E§0§0§lD§x§F§F§3§5§0§0§le§x§F§F§2§C§0§0§lm§x§F§F§2§3§0§0§lo§x§F§F§1§B§0§0§ln §x§F§F§0§9§0§0§lL§x§F§F§0§0§0§0§lo§x§F§F§0§A§0§0§lr§x§F§F§1§5§0§0§ld §x§F§F§2§9§0§0§lB§x§F§F§3§4§0§0§lo§x§F§F§3§E§0§0§lw from storage
[17:23:10] > Technoblad7869 buy x10 §x§F§C§D§0§5§C§lB§x§E§6§D§3§6§B§la§x§C§F§D§5§7§A§ls§x§B§9§D§8§8§9§li§x§A§2§D§A§9§8§lc §x§7§5§D§F§B§6§lC§x§5§F§E§2§C§5§lr§x§7§5§D§F§B§6§la§x§8§C§D§D§A§7§lt§x§A§2§D§A§9§8§le §x§C§F§D§5§7§A§lK§x§E§6§D§3§6§B§le§x§F§C§D§0§5§C§ly to Pewpew for $300,000.
[17:23:14] > Technoblad7869 buy x10 §x§F§C§9§0§5§C§lE§x§E§6§9§C§6§B§lp§x§C§F§A§7§7§A§li§x§B§9§B§3§8§9§lc §x§8§C§C§B§A§7§lC§x§7§5§D§6§B§6§lr§x§5§F§E§2§C§5§la§x§7§9§D§4§B§4§lt§x§9§3§C§7§A§2§le §x§C§8§A§B§7§F§lK§x§E§2§9§E§6§E§le§x§F§C§9§0§5§C§ly to Tutukiw for $200,000.
[17:23:41] > Technoblad7869 remove x10 §x§F§C§D§0§5§C§lB§x§E§6§D§3§6§B§la§x§C§F§D§5§7§A§ls§x§B§9§D§8§8§9§li§x§A§2§D§A§9§8§lc §x§7§5§D§F§B§6§lC§x§5§F§E§2§C§5§lr§x§7§5§D§F§B§6§la§x§8§C§D§D§A§7§lt§x§A§2§D§A§9§8§le §x§C§F§D§5§7§A§lK§x§E§6§D§3§6§B§le§x§F§C§D§0§5§C§ly from buy
[17:23:44] > Technoblad7869 remove x10 §x§F§C§9§0§5§C§lE§x§E§6§9§C§6§B§lp§x§C§F§A§7§7§A§li§x§B§9§B§3§8§9§lc §x§8§C§C§B§A§7§lC§x§7§5§D§6§B§6§lr§x§5§F§E§2§C§5§la§x§7§9§D§4§B§4§lt§x§9§3§C§7§A§2§le §x§C§8§A§B§7§F§lK§x§E§2§9§E§6§E§le§x§F§C§9§0§5§C§ly from buy
[17:40:23] > anneyong added x1 Shulker box in auction for 5000000.
[17:42:43] > DanRaiv added x1 Dried ghast in auction for 100.
[17:42:58] > .SharkyisHungry buy x1 Dried ghast to DanRaiv for $100.
[17:43:09] > .SharkyisHungry remove x1 Dried ghast from buy
[17:43:37] > DanRaiv added x1 Dried ghast in auction for 1000.
[17:43:49] > .SharkyisHungry buy x1 Dried ghast to DanRaiv for $1,000.
[17:55:11] > Cynishere remove x64 Experience bottle from buy
[17:55:11] > Cynishere remove x64 Experience bottle from buy
[17:55:11] > Cynishere remove x64 Experience bottle from buy
[17:55:12] > Cynishere remove x1 My big red rocket from buy
[18:02:18] > celinesanrio added x1 §4§lNo Fishing Rod in auction for 11111111111111111.
[18:02:22] > celinesanrio remove x1 §4§lNo Fishing Rod from storage
[18:05:23] > HwanYo buy x1 §esᴘɪᴅᴇʀ sᴘᴀᴡɴᴇʀ to DanRaiv for $600,000.
[18:05:31] > HwanYo buy x1 §esᴘɪᴅᴇʀ sᴘᴀᴡɴᴇʀ to Ax_ for $450,000.
[18:11:13] > Technoblad7869 added x1 §x§E§5§1§B§1§B§lDracula Chestplate in auction for 200000.
[18:16:11] > Sngel25 added x1 §x§5§C§C§F§F§C§lC§x§5§C§D§1§F§5§lo§x§5§D§D§4§E§E§ls§x§5§D§D§6§E§7§lm§x§5§E§D§9§E§1§le§x§5§E§D§B§D§A§lt§x§5§E§D§D§D§3§li§x§5§F§E§0§C§C§lc §x§5§F§E§0§C§C§lH§x§5§E§D§D§D§3§la§x§5§E§D§B§D§A§lt§x§5§E§D§9§E§1§ls §x§5§D§D§4§E§E§lK§x§5§C§D§1§F§5§le§x§5§C§C§F§F§C§ly in auction for 67.
[18:16:17] > DanRaiv buy x1 §x§5§C§C§F§F§C§lC§x§5§C§D§1§F§5§lo§x§5§D§D§4§E§E§ls§x§5§D§D§6§E§7§lm§x§5§E§D§9§E§1§le§x§5§E§D§B§D§A§lt§x§5§E§D§D§D§3§li§x§5§F§E§0§C§C§lc §x§5§F§E§0§C§C§lH§x§5§E§D§D§D§3§la§x§5§E§D§B§D§A§lt§x§5§E§D§9§E§1§ls §x§5§D§D§4§E§E§lK§x§5§C§D§1§F§5§le§x§5§C§C§F§F§C§ly to Sngel25 for $67.
[18:16:28] > DanRaiv remove x1 §x§5§C§C§F§F§C§lC§x§5§C§D§1§F§5§lo§x§5§D§D§4§E§E§ls§x§5§D§D§6§E§7§lm§x§5§E§D§9§E§1§le§x§5§E§D§B§D§A§lt§x§5§E§D§D§D§3§li§x§5§F§E§0§C§C§lc §x§5§F§E§0§C§C§lH§x§5§E§D§D§D§3§la§x§5§E§D§B§D§A§lt§x§5§E§D§9§E§1§ls §x§5§D§D§4§E§E§lK§x§5§C§D§1§F§5§le§x§5§C§C§F§F§C§ly from buy
[18:17:07] > Yalujin added x3 §x§9§8§6§3§E§7§lG§x§9§0§7§5§E§2§lo§x§8§8§8§7§D§D§ld§x§8§0§9§9§D§8§ll§x§7§7§A§C§D§4§ly §x§6§7§D§0§C§A§lC§x§5§F§E§2§C§5§lr§x§6§7§D§0§C§A§la§x§6§F§B§E§C§F§lt§x§7§7§A§C§D§4§le §x§8§8§8§7§D§D§lK§x§9§0§7§5§E§2§le§x§9§8§6§3§E§7§ly in auction for 700069.
[18:17:11] > kkyleeeeesa buy x3 §x§9§8§6§3§E§7§lG§x§9§0§7§5§E§2§lo§x§8§8§8§7§D§D§ld§x§8§0§9§9§D§8§ll§x§7§7§A§C§D§4§ly §x§6§7§D§0§C§A§lC§x§5§F§E§2§C§5§lr§x§6§7§D§0§C§A§la§x§6§F§B§E§C§F§lt§x§7§7§A§C§D§4§le §x§8§8§8§7§D§D§lK§x§9§0§7§5§E§2§le§x§9§8§6§3§E§7§ly to Yalujin for $700,069.
[18:17:37] > kkyleeeeesa remove x3 §x§9§8§6§3§E§7§lG§x§9§0§7§5§E§2§lo§x§8§8§8§7§D§D§ld§x§8§0§9§9§D§8§ll§x§7§7§A§C§D§4§ly §x§6§7§D§0§C§A§lC§x§5§F§E§2§C§5§lr§x§6§7§D§0§C§A§la§x§6§F§B§E§C§F§lt§x§7§7§A§C§D§4§le §x§8§8§8§7§D§D§lK§x§9§0§7§5§E§2§le§x§9§8§6§3§E§7§ly from buy
[18:18:38] > DanRaiv remove x1 §f§l§8B§x§6§0§6§0§6§0a§x§6§C§6§C§6§Ch§x§7§7§7§7§7§7a§x§8§2§8§2§8§2m§x§8§E§8§E§8§Eu§x§9§9§9§9§9§9t§x§A§4§A§4§A§4 G§x§9§9§9§9§9§9a§x§8§E§8§E§8§Eu§x§8§2§8§2§8§2n§x§7§7§7§7§7§7t§x§6§C§6§C§6§Cl§x§6§0§6§0§6§0e§8t from storage
[18:18:39] > DanRaiv remove x1 §eᴄʀᴇᴇᴘᴇʀ sᴘᴀᴡɴᴇʀ from storage
[18:18:40] > DanRaiv remove x1 §x§F§0§7§A§5§4§lZombie Apocalyptic Hammer from storage
[18:18:48] > DanRaiv added x1 §f§l§8B§x§6§0§6§0§6§0a§x§6§C§6§C§6§Ch§x§7§7§7§7§7§7a§x§8§2§8§2§8§2m§x§8§E§8§E§8§Eu§x§9§9§9§9§9§9t§x§A§4§A§4§A§4 G§x§9§9§9§9§9§9a§x§8§E§8§E§8§Eu§x§8§2§8§2§8§2n§x§7§7§7§7§7§7t§x§6§C§6§C§6§Cl§x§6§0§6§0§6§0e§8t in auction for 2000000.
[18:18:55] > Abbadex buy x1 §f§l§8B§x§6§0§6§0§6§0a§x§6§C§6§C§6§Ch§x§7§7§7§7§7§7a§x§8§2§8§2§8§2m§x§8§E§8§E§8§Eu§x§9§9§9§9§9§9t§x§A§4§A§4§A§4 G§x§9§9§9§9§9§9a§x§8§E§8§E§8§Eu§x§8§2§8§2§8§2n§x§7§7§7§7§7§7t§x§6§C§6§C§6§Cl§x§6§0§6§0§6§0e§8t to DanRaiv for $2,000,000.
[18:18:58] > Ceranlicious buy x1 §x§E§5§1§B§1§B§lDracula Sickle to Chezzy for $100,000.
[18:18:59] > Abbadex remove x1 §f§l§8B§x§6§0§6§0§6§0a§x§6§C§6§C§6§Ch§x§7§7§7§7§7§7a§x§8§2§8§2§8§2m§x§8§E§8§E§8§Eu§x§9§9§9§9§9§9t§x§A§4§A§4§A§4 G§x§9§9§9§9§9§9a§x§8§E§8§E§8§Eu§x§8§2§8§2§8§2n§x§7§7§7§7§7§7t§x§6§C§6§C§6§Cl§x§6§0§6§0§6§0e§8t from buy
[18:19:14] > DanRaiv added x1 §x§F§0§7§A§5§4§lZombie Apocalyptic Hammer in auction for 275000.
[18:19:22] > Ceranlicious remove x1 §x§E§5§1§B§1§B§lDracula Sickle from buy
[18:19:34] > Yalujin added x1 §f§l§x§8§A§0§0§F§FS§x§9§8§0§0§D§Dh§x§A§6§0§0§B§Bi§x§B§4§0§0§9§9n§x§C§2§0§0§7§7e§x§D§0§0§0§5§5 §x§D§E§0§0§3§3O§x§E§C§0§0§1§1ni§x§D§E§0§0§3§3 §x§D§0§0§0§5§5S§x§C§2§0§0§7§7i§x§B§4§0§0§9§9c§x§A§6§0§0§B§Bk§x§9§8§0§0§D§Dl§x§8§A§0§0§F§Fe in auction for 1500000.
[18:19:38] > giyahnpogi buy x1 §f§l§x§8§A§0§0§F§FS§x§9§8§0§0§D§Dh§x§A§6§0§0§B§Bi§x§B§4§0§0§9§9n§x§C§2§0§0§7§7e§x§D§0§0§0§5§5 §x§D§E§0§0§3§3O§x§E§C§0§0§1§1ni§x§D§E§0§0§3§3 §x§D§0§0§0§5§5S§x§C§2§0§0§7§7i§x§B§4§0§0§9§9c§x§A§6§0§0§B§Bk§x§9§8§0§0§D§Dl§x§8§A§0§0§F§Fe to Yalujin for $1,500,000.
[18:19:39] > DanRaiv added x1 §eᴄʀᴇᴇᴘᴇʀ sᴘᴀᴡɴᴇʀ in auction for 600000.
[18:19:45] > giyahnpogi remove x1 §f§l§x§8§A§0§0§F§FS§x§9§8§0§0§D§Dh§x§A§6§0§0§B§Bi§x§B§4§0§0§9§9n§x§C§2§0§0§7§7e§x§D§0§0§0§5§5 §x§D§E§0§0§3§3O§x§E§C§0§0§1§1ni§x§D§E§0§0§3§3 §x§D§0§0§0§5§5S§x§C§2§0§0§7§7i§x§B§4§0§0§9§9c§x§A§6§0§0§B§Bk§x§9§8§0§0§D§Dl§x§8§A§0§0§F§Fe from buy
[18:19:58] > Takeremu added x1 §x§9§8§6§3§E§7§lG§x§9§0§7§5§E§2§lo§x§8§8§8§7§D§D§ld§x§8§0§9§9§D§8§ll§x§7§7§A§C§D§4§ly §x§6§7§D§0§C§A§lC§x§5§F§E§2§C§5§lr§x§6§7§D§0§C§A§la§x§6§F§B§E§C§F§lt§x§7§7§A§C§D§4§le §x§8§8§8§7§D§D§lK§x§9§0§7§5§E§2§le§x§9§8§6§3§E§7§ly in auction for 700000.
[18:20:59] > Takeremu added x2 §x§F§C§D§0§5§C§lB§x§E§6§D§3§6§B§la§x§C§F§D§5§7§A§ls§x§B§9§D§8§8§9§li§x§A§2§D§A§9§8§lc §x§7§5§D§F§B§6§lC§x§5§F§E§2§C§5§lr§x§7§5§D§F§B§6§la§x§8§C§D§D§A§7§lt§x§A§2§D§A§9§8§le §x§C§F§D§5§7§A§lK§x§E§6§D§3§6§B§le§x§F§C§D§0§5§C§ly in auction for 40000.
[18:21:13] > Takeremu added x6 §x§F§C§9§0§5§C§lE§x§E§6§9§C§6§B§lp§x§C§F§A§7§7§A§li§x§B§9§B§3§8§9§lc §x§8§C§C§B§A§7§lC§x§7§5§D§6§B§6§lr§x§5§F§E§2§C§5§la§x§7§9§D§4§B§4§lt§x§9§3§C§7§A§2§le §x§C§8§A§B§7§F§lK§x§E§2§9§E§6§E§le§x§F§C§9§0§5§C§ly in auction for 200000.
[18:21:33] > Takeremu remove x1 §x§9§8§6§3§E§7§lG§x§9§0§7§5§E§2§lo§x§8§8§8§7§D§D§ld§x§8§0§9§9§D§8§ll§x§7§7§A§C§D§4§ly §x§6§7§D§0§C§A§lC§x§5§F§E§2§C§5§lr§x§6§7§D§0§C§A§la§x§6§F§B§E§C§F§lt§x§7§7§A§C§D§4§le §x§8§8§8§7§D§D§lK§x§9§0§7§5§E§2§le§x§9§8§6§3§E§7§ly from storage
[18:22:02] > DanRaiv added x1 §x§9§8§6§3§E§7§lG§x§9§0§7§5§E§2§lo§x§8§8§8§7§D§D§ld§x§8§0§9§9§D§8§ll§x§7§7§A§C§D§4§ly §x§6§7§D§0§C§A§lC§x§5§F§E§2§C§5§lr§x§6§7§D§0§C§A§la§x§6§F§B§E§C§F§lt§x§7§7§A§C§D§4§le §x§8§8§8§7§D§D§lK§x§9§0§7§5§E§2§le§x§9§8§6§3§E§7§ly in auction for 1000000.
[18:23:01] > kabayooo added x1 §eᴄᴏᴡ sᴘᴀᴡɴᴇʀ in auction for 250000.
[18:23:36] > DanRaiv remove x1 §x§9§8§6§3§E§7§lG§x§9§0§7§5§E§2§lo§x§8§8§8§7§D§D§ld§x§8§0§9§9§D§8§ll§x§7§7§A§C§D§4§ly §x§6§7§D§0§C§A§lC§x§5§F§E§2§C§5§lr§x§6§7§D§0§C§A§la§x§6§F§B§E§C§F§lt§x§7§7§A§C§D§4§le §x§8§8§8§7§D§D§lK§x§9§0§7§5§E§2§le§x§9§8§6§3§E§7§ly from storage
[18:25:02] > kabayooo remove x1 §eᴄᴏᴡ sᴘᴀᴡɴᴇʀ from storage
[18:25:10] > kabayooo added x1 §eᴄᴏᴡ sᴘᴀᴡɴᴇʀ in auction for 150000.
[18:25:15] > Yalujin buy x1 §eᴄᴏᴡ sᴘᴀᴡɴᴇʀ to kabayooo for $150,000.
[18:25:21] > Yalujin remove x1 Wither skeleton skull from buy
[18:25:22] > Yalujin remove x1 §eᴄᴏᴡ sᴘᴀᴡɴᴇʀ from buy
[18:26:29] > BushSeat added x1 §fSun Visor Hat in auction for 50000.
[18:27:11] > celinesanrio added x8 Nautilus shell in auction for 400000.
[18:27:48] > celinesanrio remove x8 Nautilus shell from storage
[18:28:01] > celinesanrio added x14 Nautilus shell in auction for 700000.
[18:29:33] > celinesanrio added x1 Shine Oni Kit in auction for 100000000.
[18:29:52] > celinesanrio remove x1 Shine Oni Kit from storage
[18:29:55] > x1 §fDiscord Nitro Shield, item of CeeJaiye, has just expired, the item is definitively deleted.
[18:29:55] > x1 §f§bElder Guardian Plushie §6(#31/101), item of Kwienn, has just expired, the item is definitively deleted.
[18:29:55] > x1 §f§l§x§F§C§D§0§5§CW§x§F§A§A§A§4§Bu§x§F§9§8§4§3§Bk§x§F§7§5§F§2§Ao§x§F§5§3§9§1§9n§x§F§4§1§3§0§8g §x§F§5§3§9§1§9S§x§F§7§5§F§2§At§x§F§9§8§4§3§Ba§x§F§A§A§A§4§Bf§x§F§C§D§0§5§Cf, item of Quibz, has just expired, the item is definitively deleted.
[18:29:55] > x1 §f§l§x§F§C§D§0§5§CW§x§F§B§B§0§4§Eu§x§F§9§9§0§4§0k§x§F§8§7§0§3§2o§x§F§6§5§0§2§3n§x§F§5§3§0§1§5g§x§F§4§1§0§0§7 H§x§F§5§3§0§1§5a§x§F§6§5§0§2§3l§x§F§8§7§0§3§2b§x§F§9§9§0§4§0e§x§F§B§B§0§4§Er§x§F§C§D§0§5§Cd, item of MrZyrus7228, has just expired, the item is definitively deleted.
[18:29:55] > x1 Buying Emerald And Seling pots at pwarp go PvpShop, item of Bestofphilipine, has just expired, the item is definitively deleted.
[18:29:55] > x1 §f§l§x§F§C§D§0§5§CW§x§F§B§A§D§4§Du§x§F§9§8§B§3§Dk§x§F§8§6§8§2§Eo§x§F§6§4§5§1§Fn§x§F§5§2§3§0§Fg§x§F§3§0§0§0§0 §x§F§5§2§3§0§FD§x§F§6§4§5§1§Fa§x§F§8§6§8§2§Eg§x§F§9§8§B§3§Dg§x§F§B§A§D§4§De§x§F§C§D§0§5§Cr, item of MrZyrus7228, has just expired, the item is definitively deleted.
[18:29:55] > x1 §f§l§x§F§C§D§0§5§CW§x§F§A§A§A§4§Bu§x§F§9§8§4§3§Bk§x§F§7§5§F§2§Ao§x§F§5§3§9§1§9n§x§F§4§1§3§0§8g §x§F§5§3§9§1§9S§x§F§7§5§F§2§Ap§x§F§9§8§4§3§Be§x§F§A§A§A§4§Ba§x§F§C§D§0§5§Cr, item of MrZyrus7228, has just expired, the item is definitively deleted.
[18:29:55] > x1 §fShogun Leggings, item of Anc_Kyoto, has just expired, the item is definitively deleted.
[18:29:56] > celinesanrio remove x1 Shine Oni Kit form expire
[18:30:53] > HwanYo remove x64 Experience bottle from storage
[18:30:53] > HwanYo remove x64 Experience bottle from storage
[18:31:03] > HwanYo added x64 Experience bottle in auction for 140000.
[18:31:13] > HwanYo added x64 Experience bottle in auction for 140000.
[18:31:59] > DanRaiv added x1 Cocaine in auction for 10.
[18:32:45] > Takeremu buy x1 Cocaine to DanRaiv for $10.
[18:33:07] > Takeremu remove x1 Cocaine from buy
[18:33:23] > Takeremu added x1 Baby powder in auction for 10.
[18:33:32] > BlackKnight remove x1 §eᴡɪᴛʜᴇʀ ꜱᴋᴇʟᴇᴛᴏɴ ꜱᴘᴀᴡɴᴇʀ from buy
[18:33:32] > BlackKnight remove x1 §eᴄᴏᴡ sᴘᴀᴡɴᴇʀ from buy
[18:33:47] > BlackKnight remove x1 §x§F§F§3§E§0§0§lD§x§F§F§3§5§0§0§le§x§F§F§2§C§0§0§lm§x§F§F§2§3§0§0§lo§x§F§F§1§B§0§0§ln §x§F§F§0§9§0§0§lL§x§F§F§0§0§0§0§lo§x§F§F§0§A§0§0§lr§x§F§F§1§5§0§0§ld §x§F§F§2§9§0§0§lH§x§F§F§3§4§0§0§lo§x§F§F§3§E§0§0§le from buy
[18:33:47] > BlackKnight remove x1 §f§l§x§F§C§D§0§5§CW§x§F§B§A§D§4§Du§x§F§9§8§B§3§Dk§x§F§8§6§8§2§Eo§x§F§6§4§5§1§Fn§x§F§5§2§3§0§Fg§x§F§3§0§0§0§0 §x§F§5§2§3§0§FS§x§F§6§4§5§1§Fh§x§F§8§6§8§2§Ei§x§F§9§8§B§3§De§x§F§B§A§D§4§Dl§x§F§C§D§0§5§Cd from buy
[18:33:48] > BlackKnight remove x1 §f§l§x§F§C§D§0§5§CW§x§F§B§B§0§4§Eu§x§F§9§9§0§4§0k§x§F§8§7§0§3§2o§x§F§6§5§0§2§3n§x§F§5§3§0§1§5g§x§F§4§1§0§0§7 P§x§F§5§3§0§1§5i§x§F§6§5§0§2§3c§x§F§8§7§0§3§2k§x§F§9§9§0§4§0a§x§F§B§B§0§4§Ex§x§F§C§D§0§5§Ce from buy
[18:33:48] > BlackKnight remove x1 §f§l§x§F§C§D§0§5§CW§x§F§A§A§2§4§8u§x§F§8§7§4§3§3k§x§F§6§4§5§1§Fo§x§F§4§1§7§0§Ang§x§F§6§4§5§1§F §x§F§8§7§4§3§3H§x§F§A§A§2§4§8o§x§F§C§D§0§5§Ce from buy
[18:33:48] > BlackKnight remove x1 §x§F§F§7§C§0§0§lSteamsparks Halberd from buy
[18:33:49] > BlackKnight remove x1 §f§l§x§F§C§D§0§5§CW§x§F§A§A§A§4§Bu§x§F§9§8§4§3§Bk§x§F§7§5§F§2§Ao§x§F§5§3§9§1§9n§x§F§4§1§3§0§8g §x§F§5§3§9§1§9S§x§F§7§5§F§2§Aw§x§F§9§8§4§3§Bo§x§F§A§A§A§4§Br§x§F§C§D§0§5§Cd from buy
[18:33:49] > BlackKnight remove x1 §x§E§5§1§B§1§B§lDracula Shield from buy
[18:33:49] > BlackKnight remove x1 §f§l§x§F§A§0§0§0§AD§x§F§A§1§A§1§4a§x§F§B§3§4§1§Fr§x§F§B§4§E§2§9k§x§F§B§6§8§3§3f§x§F§B§8§2§3§Dl§x§F§C§9§C§4§8a§x§F§C§B§6§5§2m§x§F§C§D§0§5§Ce§x§F§C§D§0§5§C §x§F§C§B§6§5§2L§x§F§C§9§C§4§8e§x§F§B§8§2§3§Dg§x§F§B§6§8§3§3g§x§F§B§4§E§2§9i§x§F§B§3§4§1§Fn§x§F§A§1§A§1§4g§x§F§A§0§0§0§As from buy
[18:33:50] > BlackKnight remove x1 §f§l§x§F§C§D§0§5§CW§x§F§B§B§8§5§1u§x§F§A§9§F§4§6k§x§F§9§8§7§3§Co§x§F§8§6§E§3§1n§x§F§7§5§6§2§6g§x§F§6§3§D§1§B §x§F§5§2§5§1§0F§x§F§4§0§C§0§5is§x§F§5§2§5§1§0h§x§F§6§3§D§1§Bi§x§F§7§5§6§2§6n§x§F§8§6§E§3§1g§x§F§9§8§7§3§C §x§F§A§9§F§4§6R§x§F§B§B§8§5§1o§x§F§C§D§0§5§Cd from buy
[18:33:52] > BlackKnight remove x1 §x§E§5§1§B§1§B§lDracula Helmet from buy
[18:33:52] > BlackKnight remove x1 §x§F§F§3§E§0§0§lD§x§F§F§3§5§0§0§le§x§F§F§2§C§0§0§lm§x§F§F§2§3§0§0§lo§x§F§F§1§B§0§0§ln §x§F§F§0§9§0§0§lL§x§F§F§0§0§0§0§lo§x§F§F§0§A§0§0§lr§x§F§F§1§5§0§0§ld §x§F§F§2§9§0§0§lB§x§F§F§3§4§0§0§lo§x§F§F§3§E§0§0§lw from buy
[18:33:53] > BlackKnight remove x1 §x§5§9§A§1§D§9§lA§x§6§B§A§B§D§Dr§x§7§E§B§6§E§1c§x§9§0§C§0§E§6h§x§A§3§C§B§E§Aa§x§B§5§D§5§E§En§x§C§8§E§0§F§2g§x§D§A§E§A§F§7e§x§E§D§F§5§F§Bl §x§E§A§F§3§F§AC§x§D§6§E§8§F§6r§x§C§1§D§C§F§1o§x§A§C§D§0§E§Cs§x§9§7§C§4§E§7s§x§8§3§B§9§E§3b§x§6§E§A§D§D§Eo§x§5§9§A§1§D§9w from buy
[18:33:53] > BlackKnight remove x1 §x§5§9§A§1§D§9§lA§x§7§5§B§1§D§Fr§x§9§0§C§0§E§6c§x§A§C§D§0§E§Ch§x§C§8§E§0§F§2a§x§E§3§E§F§F§9n§fg§x§E§3§E§F§F§9e§x§C§8§E§0§F§2l §x§9§0§C§0§E§6H§x§7§5§B§1§D§Fo§x§5§9§A§1§D§9e from buy
[18:33:56] > BlackKnight remove x1 §x§F§F§3§E§0§0§lD§x§F§F§3§6§0§0§le§x§F§F§2§F§0§0§lm§x§F§F§2§7§0§0§lo§x§F§F§1§F§0§0§ln §x§F§F§1§0§0§0§lL§x§F§F§0§8§0§0§lo§x§F§F§0§0§0§0§lr§x§F§F§0§9§0§0§ld §x§F§F§1§B§0§0§lB§x§F§F§2§3§0§0§lo§x§F§F§2§C§0§0§lo§x§F§F§3§5§0§0§lt§x§F§F§3§E§0§0§ls from buy
[18:33:56] > BlackKnight remove x1 §fBumble Bee Hat from buy
[18:33:57] > BlackKnight remove x1 §f§x§6§B§2§C§C§6G§x§7§0§3§2§C§Ca§x§7§5§3§8§D§2l§x§7§A§3§E§D§8a§x§7§F§4§4§D§Ex§x§8§4§4§9§E§5y§x§8§9§4§F§E§B §x§8§E§5§5§F§1H§x§9§3§5§B§F§7a§x§9§8§6§1§F§Dt from buy
[18:34:41] > BlackKnight remove x1 Eye armor trim smithing template form buy
[18:34:41] > BlackKnight remove x1 Flow armor trim smithing template form buy
[18:34:41] > BlackKnight remove x1 Bolt armor trim smithing template form buy
[18:34:41] > BlackKnight remove x1 Ward armor trim smithing template form buy
[18:34:41] > BlackKnight remove x1 Snout armor trim smithing template form buy
[18:34:41] > BlackKnight remove x1 Coast armor trim smithing template form buy
[18:34:41] > BlackKnight remove x1 §x§F§F§3§E§0§0§lD§x§F§F§3§7§0§0§le§x§F§F§3§0§0§0§lm§x§F§F§2§9§0§0§lo§x§F§F§2§2§0§0§ln §x§F§F§1§5§0§0§lL§x§F§F§0§E§0§0§lo§x§F§F§0§7§0§0§lr§x§F§F§0§0§0§0§ld §x§F§F§0§E§0§0§lF§x§F§F§1§5§0§0§lr§x§F§F§1§C§0§0§la§x§F§F§2§2§0§0§lg§x§F§F§2§9§0§0§lm§x§F§F§3§0§0§0§le§x§F§F§3§7§0§0§ln§x§F§F§3§E§0§0§lt form buy
[18:34:41] > BlackKnight remove x1 Silence armor trim smithing template form buy
[18:34:43] > Takeremu remove x20 §x§F§C§9§0§5§C§lE§x§E§6§9§C§6§B§lp§x§C§F§A§7§7§A§li§x§B§9§B§3§8§9§lc §x§8§C§C§B§A§7§lC§x§7§5§D§6§B§6§lr§x§5§F§E§2§C§5§la§x§7§9§D§4§B§4§lt§x§9§3§C§7§A§2§le §x§C§8§A§B§7§F§lK§x§E§2§9§E§6§E§le§x§F§C§9§0§5§C§ly from storage
[18:34:44] > Takeremu remove x20 §x§F§C§D§0§5§C§lB§x§E§6§D§3§6§B§la§x§C§F§D§5§7§A§ls§x§B§9§D§8§8§9§li§x§A§2§D§A§9§8§lc §x§7§5§D§F§B§6§lC§x§5§F§E§2§C§5§lr§x§7§5§D§F§B§6§la§x§8§C§D§D§A§7§lt§x§A§2§D§A§9§8§le §x§C§F§D§5§7§A§lK§x§E§6§D§3§6§B§le§x§F§C§D§0§5§C§ly from storage
[18:34:46] > Takeremu remove x3 §x§5§C§C§F§F§C§lC§x§5§C§D§1§F§5§lo§x§5§D§D§4§E§E§ls§x§5§D§D§6§E§7§lm§x§5§E§D§9§E§1§le§x§5§E§D§B§D§A§lt§x§5§E§D§D§D§3§li§x§5§F§E§0§C§C§lc §x§5§F§E§0§C§C§lH§x§5§E§D§D§D§3§la§x§5§E§D§B§D§A§lt§x§5§E§D§9§E§1§ls §x§5§D§D§4§E§E§lK§x§5§C§D§1§F§5§le§x§5§C§C§F§F§C§ly from storage
[18:34:56] > Takeremu added x1 §x§9§8§6§3§E§7§lG§x§9§0§7§5§E§2§lo§x§8§8§8§7§D§D§ld§x§8§0§9§9§D§8§ll§x§7§7§A§C§D§4§ly §x§6§7§D§0§C§A§lC§x§5§F§E§2§C§5§lr§x§6§7§D§0§C§A§la§x§6§F§B§E§C§F§lt§x§7§7§A§C§D§4§le §x§8§8§8§7§D§D§lK§x§9§0§7§5§E§2§le§x§9§8§6§3§E§7§ly in auction for 700000.
[18:37:00] > Takeremu added x1 §x§9§8§6§3§E§7§lG§x§9§0§7§5§E§2§lo§x§8§8§8§7§D§D§ld§x§8§0§9§9§D§8§ll§x§7§7§A§C§D§4§ly §x§6§7§D§0§C§A§lC§x§5§F§E§2§C§5§lr§x§6§7§D§0§C§A§la§x§6§F§B§E§C§F§lt§x§7§7§A§C§D§4§le §x§8§8§8§7§D§D§lK§x§9§0§7§5§E§2§le§x§9§8§6§3§E§7§ly in auction for 600000.
[18:37:14] > Takeremu added x1 §x§9§8§6§3§E§7§lG§x§9§0§7§5§E§2§lo§x§8§8§8§7§D§D§ld§x§8§0§9§9§D§8§ll§x§7§7§A§C§D§4§ly §x§6§7§D§0§C§A§lC§x§5§F§E§2§C§5§lr§x§6§7§D§0§C§A§la§x§6§F§B§E§C§F§lt§x§7§7§A§C§D§4§le §x§8§8§8§7§D§D§lK§x§9§0§7§5§E§2§le§x§9§8§6§3§E§7§ly in auction for 500000.
[18:37:30] > Takeremu remove x1 §x§9§8§6§3§E§7§lG§x§9§0§7§5§E§2§lo§x§8§8§8§7§D§D§ld§x§8§0§9§9§D§8§ll§x§7§7§A§C§D§4§ly §x§6§7§D§0§C§A§lC§x§5§F§E§2§C§5§lr§x§6§7§D§0§C§A§la§x§6§F§B§E§C§F§lt§x§7§7§A§C§D§4§le §x§8§8§8§7§D§D§lK§x§9§0§7§5§E§2§le§x§9§8§6§3§E§7§ly from storage
[18:37:48] > Takeremu remove x1 §x§9§8§6§3§E§7§lG§x§9§0§7§5§E§2§lo§x§8§8§8§7§D§D§ld§x§8§0§9§9§D§8§ll§x§7§7§A§C§D§4§ly §x§6§7§D§0§C§A§lC§x§5§F§E§2§C§5§lr§x§6§7§D§0§C§A§la§x§6§F§B§E§C§F§lt§x§7§7§A§C§D§4§le §x§8§8§8§7§D§D§lK§x§9§0§7§5§E§2§le§x§9§8§6§3§E§7§ly from expire
[18:37:58] > Takeremu added x1 §x§9§8§6§3§E§7§lG§x§9§0§7§5§E§2§lo§x§8§8§8§7§D§D§ld§x§8§0§9§9§D§8§ll§x§7§7§A§C§D§4§ly §x§6§7§D§0§C§A§lC§x§5§F§E§2§C§5§lr§x§6§7§D§0§C§A§la§x§6§F§B§E§C§F§lt§x§7§7§A§C§D§4§le §x§8§8§8§7§D§D§lK§x§9§0§7§5§E§2§le§x§9§8§6§3§E§7§ly in auction for 400000.
[18:37:58] > x1 §x§F§0§7§A§5§4§lZombie Apocalyptic Helmet on sale by tic_sz has just expired, it goes in the inventory of expired items.
[18:38:05] > HwanYo buy x1 §x§9§8§6§3§E§7§lG§x§9§0§7§5§E§2§lo§x§8§8§8§7§D§D§ld§x§8§0§9§9§D§8§ll§x§7§7§A§C§D§4§ly §x§6§7§D§0§C§A§lC§x§5§F§E§2§C§5§lr§x§6§7§D§0§C§A§la§x§6§F§B§E§C§F§lt§x§7§7§A§C§D§4§le §x§8§8§8§7§D§D§lK§x§9§0§7§5§E§2§le§x§9§8§6§3§E§7§ly to Takeremu for $400,000.
[18:38:09] > Hunter_Sung buy x1 §x§9§8§6§3§E§7§lG§x§9§0§7§5§E§2§lo§x§8§8§8§7§D§D§ld§x§8§0§9§9§D§8§ll§x§7§7§A§C§D§4§ly §x§6§7§D§0§C§A§lC§x§5§F§E§2§C§5§lr§x§6§7§D§0§C§A§la§x§6§F§B§E§C§F§lt§x§7§7§A§C§D§4§le §x§8§8§8§7§D§D§lK§x§9§0§7§5§E§2§le§x§9§8§6§3§E§7§ly to Takeremu for $500,000.
[18:38:15] > DanRaiv added x1 §x§9§8§6§3§E§7§lG§x§9§0§7§5§E§2§lo§x§8§8§8§7§D§D§ld§x§8§0§9§9§D§8§ll§x§7§7§A§C§D§4§ly §x§6§7§D§0§C§A§lC§x§5§F§E§2§C§5§lr§x§6§7§D§0§C§A§la§x§6§F§B§E§C§F§lt§x§7§7§A§C§D§4§le §x§8§8§8§7§D§D§lK§x§9§0§7§5§E§2§le§x§9§8§6§3§E§7§ly in auction for 400000.
[18:38:17] > Hunter_Sung buy x1 §x§9§8§6§3§E§7§lG§x§9§0§7§5§E§2§lo§x§8§8§8§7§D§D§ld§x§8§0§9§9§D§8§ll§x§7§7§A§C§D§4§ly §x§6§7§D§0§C§A§lC§x§5§F§E§2§C§5§lr§x§6§7§D§0§C§A§la§x§6§F§B§E§C§F§lt§x§7§7§A§C§D§4§le §x§8§8§8§7§D§D§lK§x§9§0§7§5§E§2§le§x§9§8§6§3§E§7§ly to Takeremu for $600,000.
[18:38:31] > Hunter_Sung buy x1 §x§9§8§6§3§E§7§lG§x§9§0§7§5§E§2§lo§x§8§8§8§7§D§D§ld§x§8§0§9§9§D§8§ll§x§7§7§A§C§D§4§ly §x§6§7§D§0§C§A§lC§x§5§F§E§2§C§5§lr§x§6§7§D§0§C§A§la§x§6§F§B§E§C§F§lt§x§7§7§A§C§D§4§le §x§8§8§8§7§D§D§lK§x§9§0§7§5§E§2§le§x§9§8§6§3§E§7§ly to DanRaiv for $400,000.
[18:38:40] > Hunter_Sung remove x1 §x§9§8§6§3§E§7§lG§x§9§0§7§5§E§2§lo§x§8§8§8§7§D§D§ld§x§8§0§9§9§D§8§ll§x§7§7§A§C§D§4§ly §x§6§7§D§0§C§A§lC§x§5§F§E§2§C§5§lr§x§6§7§D§0§C§A§la§x§6§F§B§E§C§F§lt§x§7§7§A§C§D§4§le §x§8§8§8§7§D§D§lK§x§9§0§7§5§E§2§le§x§9§8§6§3§E§7§ly form buy
[18:38:40] > Hunter_Sung remove x1 §x§9§8§6§3§E§7§lG§x§9§0§7§5§E§2§lo§x§8§8§8§7§D§D§ld§x§8§0§9§9§D§8§ll§x§7§7§A§C§D§4§ly §x§6§7§D§0§C§A§lC§x§5§F§E§2§C§5§lr§x§6§7§D§0§C§A§la§x§6§F§B§E§C§F§lt§x§7§7§A§C§D§4§le §x§8§8§8§7§D§D§lK§x§9§0§7§5§E§2§le§x§9§8§6§3§E§7§ly form buy
[18:38:40] > Hunter_Sung remove x1 §x§9§8§6§3§E§7§lG§x§9§0§7§5§E§2§lo§x§8§8§8§7§D§D§ld§x§8§0§9§9§D§8§ll§x§7§7§A§C§D§4§ly §x§6§7§D§0§C§A§lC§x§5§F§E§2§C§5§lr§x§6§7§D§0§C§A§la§x§6§F§B§E§C§F§lt§x§7§7§A§C§D§4§le §x§8§8§8§7§D§D§lK§x§9§0§7§5§E§2§le§x§9§8§6§3§E§7§ly form buy
[18:43:22] > Technoblad7869 added x1 §x§F§F§3§E§0§0§lD§x§F§F§3§5§0§0§le§x§F§F§2§C§0§0§lm§x§F§F§2§3§0§0§lo§x§F§F§1§B§0§0§ln §x§F§F§0§9§0§0§lL§x§F§F§0§0§0§0§lo§x§F§F§0§A§0§0§lr§x§F§F§1§5§0§0§ld §x§F§F§2§9§0§0§lB§x§F§F§3§4§0§0§lo§x§F§F§3§E§0§0§lw in auction for 50000.
[18:43:33] > anneyong buy x1 §x§F§F§3§E§0§0§lD§x§F§F§3§5§0§0§le§x§F§F§2§C§0§0§lm§x§F§F§2§3§0§0§lo§x§F§F§1§B§0§0§ln §x§F§F§0§9§0§0§lL§x§F§F§0§0§0§0§lo§x§F§F§0§A§0§0§lr§x§F§F§1§5§0§0§ld §x§F§F§2§9§0§0§lB§x§F§F§3§4§0§0§lo§x§F§F§3§E§0§0§lw to Technoblad7869 for $50,000.
[18:45:10] > Shanksssuuuu added x2 Nether star in auction for 200000.
[19:14:35] > BlackKnight remove x1 §f§l§8B§x§5§F§5§F§5§Fa§x§6§9§6§9§6§9h§x§7§3§7§3§7§3a§x§7§D§7§D§7§Dm§x§8§7§8§7§8§7u§x§9§1§9§1§9§1t§x§9§B§9§B§9§B §x§A§5§A§5§A§5Ch§x§9§B§9§B§9§Be§x§9§1§9§1§9§1s§x§8§7§8§7§8§7t§x§7§D§7§D§7§Dp§x§7§3§7§3§7§3l§x§6§9§6§9§6§9a§x§5§F§5§F§5§Ft§8e from storage
[19:14:52] > BlackKnight added x1 §f§l§8B§x§5§F§5§F§5§Fa§x§6§9§6§9§6§9h§x§7§3§7§3§7§3a§x§7§D§7§D§7§Dm§x§8§7§8§7§8§7u§x§9§1§9§1§9§1t§x§9§B§9§B§9§B §x§A§5§A§5§A§5Ch§x§9§B§9§B§9§Be§x§9§1§9§1§9§1s§x§8§7§8§7§8§7t§x§7§D§7§D§7§Dp§x§7§3§7§3§7§3l§x§6§9§6§9§6§9a§x§5§F§5§F§5§Ft§8e in auction for 3500000.
[19:15:26] > Azp3c7 buy x1 Nether star to SydneySweetie for $25,000.
[19:15:39] > Azp3c7 buy x6 Nether star to Ax_ for $300,000.
[19:21:47] > Technoblad7869 added x1 Music disc precipice in auction for 10000.
[19:21:56] > Runz buy x64 Wind charge to giyahnpogi for $128,000.
[19:21:58] > Runz buy x64 Wind charge to giyahnpogi for $128,000.
[19:22:02] > Runz buy x64 Wind charge to mauserdart for $64,000.
[19:22:20] > EEED added x3 Golden apple in auction for 125000.
[19:22:21] > Runz remove x64 Wind charge from buy
[19:22:43] > BlackKnight buy x1 Music disc precipice to Technoblad7869 for $10,000.
[19:23:00] > EEED remove x3 Golden apple from storage
[19:31:35] > Runz remove x64 Wind charge from buy
[19:34:30] > nnorv1 remove x1 Enchanted book from buy
[19:38:58] > mauserdart added x64 Slime block in auction for 640000.
[19:39:49] > kysicx added x1 §x§F§F§5§5§0§0§lsᴇʟʟᴡᴀɴᴅ §6- 10.0x in auction for 1200000.
[19:46:31] > kysicx remove x1 §x§F§F§5§5§0§0§lsᴇʟʟᴡᴀɴᴅ §6- 10.0x from storage
[19:47:26] > kysicx remove x1 §x§F§F§7§C§0§0§lSteamsparks Staff from storage
[19:47:34] > x1 §x§F§F§7§C§0§0§lSteamsparks Hat, item of Fr4gzzz, has just expired, the item is definitively deleted.
[19:47:34] > x1 §2Cauldron Hat, item of Fr4gzzz, has just expired, the item is definitively deleted.
[19:47:36] > kysicx remove x1 §x§F§F§5§5§0§0§lsᴇʟʟᴡᴀɴᴅ §6- 10.0x from expire
[19:47:45] > kysicx added x1 §x§F§F§5§5§0§0§lsᴇʟʟᴡᴀɴᴅ §6- 10.0x in auction for 1000000.
[19:47:49] > BlackKnight buy x1 §x§F§F§5§5§0§0§lsᴇʟʟᴡᴀɴᴅ §6- 10.0x to kysicx for $1,000,000.
[19:48:04] > BlackKnight remove x1 §x§F§F§5§5§0§0§lsᴇʟʟᴡᴀɴᴅ §6- 10.0x from buy
[19:48:04] > BlackKnight remove x1 Music disc precipice from buy
[19:48:13] > kysicx remove x1 §x§F§F§3§E§0§0§lD§x§F§F§3§6§0§0§le§x§F§F§2§F§0§0§lm§x§F§F§2§7§0§0§lo§x§F§F§1§F§0§0§ln §x§F§F§1§0§0§0§lL§x§F§F§0§8§0§0§lo§x§F§F§0§0§0§0§lr§x§F§F§0§8§0§0§ld §x§F§F§1§7§0§0§lD§x§F§F§1§F§0§0§la§x§F§F§2§7§0§0§lg§x§F§F§2§F§0§0§lg§x§F§F§3§6§0§0§le§x§F§F§3§E§0§0§lr from expire
[19:48:14] > kysicx remove x1 §f§l§x§F§A§0§0§0§AD§x§F§A§2§A§1§Aa§x§F§B§5§3§2§Br§x§F§B§7§D§3§Bk§x§F§C§A§6§4§Cf§x§F§C§D§0§5§Cl§x§F§C§D§0§5§Ca§x§F§C§A§D§4§Em§x§F§B§8§B§4§1e§x§F§B§6§8§3§3 §x§F§B§4§5§2§5B§x§F§A§2§3§1§8o§x§F§A§0§0§0§Aw from expire
[19:48:14] > kysicx remove x1 §x§E§5§1§B§1§B§lDracula Fishing from expire
[19:48:14] > kysicx remove x1 §fElf Hat from expire
[19:48:15] > kysicx remove x1 §x§F§F§7§C§0§0§lSteamsparks Halberd from expire
[19:48:15] > kysicx remove x1 §x§E§5§1§B§1§B§lDracula Hoe from expire
[19:51:32] > Pewpew added x1 §f§l§x§F§C§D§0§5§CW§x§F§A§A§2§4§8u§x§F§8§7§4§3§3k§x§F§6§4§5§1§Fo§x§F§4§1§7§0§Ang§x§F§6§4§5§1§F §x§F§8§7§4§3§3B§x§F§A§A§2§4§8o§x§F§C§D§0§5§Cw in auction for 500000.
[20:05:00] > baba remove x1 New shop /pwarp MysticMarket (tons of exp bottles) from storage
[20:05:08] > baba added x1 New shop /pwarp MysticMarket (tons of exp bottles) in auction for 10000000000.
[20:18:51] > .worldlord7830 buy x1 §f§l§x§F§C§D§0§5§CW§x§F§A§A§6§4§Au§x§F§8§7§D§3§7k§x§F§7§5§3§2§5o§x§F§5§2§A§1§2n§x§F§3§0§0§0§0g§x§F§5§2§A§1§2 §x§F§7§5§3§2§5C§x§F§8§7§D§3§7l§x§F§A§A§6§4§Au§x§F§C§D§0§5§Cb to .Allxnzv for $500,000.
[20:19:09] > .worldlord7830 remove x1 §f§l§x§F§C§D§0§5§CW§x§F§A§A§6§4§Au§x§F§8§7§D§3§7k§x§F§7§5§3§2§5o§x§F§5§2§A§1§2n§x§F§3§0§0§0§0g§x§F§5§2§A§1§2 §x§F§7§5§3§2§5C§x§F§8§7§D§3§7l§x§F§A§A§6§4§Au§x§F§C§D§0§5§Cb from buy
[20:27:30] > bloxcrafter2yt buy x1 §eᴄʀᴇᴇᴘᴇʀ sᴘᴀᴡɴᴇʀ to DanRaiv for $600,000.
[20:28:36] > x1 §x§F§E§B§E§C§A§lSeason 3 Celebration Cake <3, item of Cristianndi, has just expired, the item is definitively deleted.
[20:28:45] > x1 selling EBOOKs at /pw SHOPniSK on sale by sean_kirby has just expired, it goes in the inventory of expired items.
[20:31:23] > Technoblad7869 added x1 Music disc creator in auction for 10000.
[20:31:27] > Technoblad7869 remove x1 §x§E§5§1§B§1§B§lDracula Chestplate from storage
[20:31:34] > Technoblad7869 added x1 §x§E§5§1§B§1§B§lDracula Chestplate in auction for 150000.
[20:31:52] > bloxcrafter2yt buy x1 Music disc creator to Technoblad7869 for $10,000.
[20:33:29] > bloxcrafter2yt remove x1 §eᴄʀᴇᴇᴘᴇʀ sᴘᴀᴡɴᴇʀ from buy
[20:33:30] > bloxcrafter2yt remove x1 Music disc creator from buy
[20:38:07] > .Demon_asta1590 buy x1 §x§F§0§7§A§5§4§lZombie Apocalyptic Wing to koshie for $2,000,000.
[20:38:21] > .Demon_asta1590 remove x1 §x§F§0§7§A§5§4§lZombie Apocalyptic Wing form buy
[20:38:25] > koshie remove x1 §x§F§0§7§A§5§4§lZombie Apocalyptic Shield from storage
[20:38:35] > koshie added x1 §x§F§0§7§A§5§4§lZombie Apocalyptic Shield in auction for 50000.
[20:39:25] > Raylii added x1 §4§lNo Fishing Rod in auction for 100000.
[20:39:40] > bloxcrafter2yt buy x1 §4§lNo Fishing Rod to Raylii for $100,000.
[20:39:44] > AxoLittle added x1 Enchanted book in auction for 3000.
[20:39:47] > bloxcrafter2yt remove x1 §4§lNo Fishing Rod from buy
[20:39:56] > AxoLittle added x1 Enchanted book in auction for 3000.
[20:40:06] > AxoLittle added x1 Enchanted book in auction for 3000.
[20:42:46] > .Kabayooo added x1 §x§E§E§0§0§0§0§lᴜɴʟɪᴍɪᴛᴇᴅ sᴇʟʟᴡᴀɴᴅ in auction for 500000.
[20:43:35] > octopus_01 buy x1 §x§F§F§3§E§0§0§lD§x§F§F§3§5§0§0§le§x§F§F§2§C§0§0§lm§x§F§F§2§3§0§0§lo§x§F§F§1§B§0§0§ln §x§F§F§0§9§0§0§lL§x§F§F§0§0§0§0§lo§x§F§F§0§A§0§0§lr§x§F§F§1§5§0§0§ld §x§F§F§2§9§0§0§lK§x§F§F§3§4§0§0§le§x§F§F§3§E§0§0§ly to tic_sz for $250,000.
[20:43:41] > octopus_01 buy x1 §x§F§F§3§E§0§0§lD§x§F§F§3§5§0§0§le§x§F§F§2§C§0§0§lm§x§F§F§2§3§0§0§lo§x§F§F§1§B§0§0§ln §x§F§F§0§9§0§0§lL§x§F§F§0§0§0§0§lo§x§F§F§0§A§0§0§lr§x§F§F§1§5§0§0§ld §x§F§F§2§9§0§0§lK§x§F§F§3§4§0§0§le§x§F§F§3§E§0§0§ly to tic_sz for $250,000.
[20:43:53] > .Kabayooo remove x1 §x§E§E§0§0§0§0§lᴜɴʟɪᴍɪᴛᴇᴅ sᴇʟʟᴡᴀɴᴅ from storage
[20:46:53] > Raylii added x1 Heavy core in auction for 300000.
[20:47:30] > BlackKnight buy x1 §x§F§0§7§A§5§4§lZombie Apocalyptic Shield to koshie for $50,000.
[20:50:14] > .Kabayooo buy x2 §x§F§C§D§0§5§C§lB§x§E§6§D§3§6§B§la§x§C§F§D§5§7§A§ls§x§B§9§D§8§8§9§li§x§A§2§D§A§9§8§lc §x§7§5§D§F§B§6§lC§x§5§F§E§2§C§5§lr§x§7§5§D§F§B§6§la§x§8§C§D§D§A§7§lt§x§A§2§D§A§9§8§le §x§C§F§D§5§7§A§lK§x§E§6§D§3§6§B§le§x§F§C§D§0§5§C§ly to Takeremu for $40,000.
[20:52:25] > AxoLittle added x1 Enchanted book in auction for 3000.
[20:53:08] > AxoLittle added x1 Enchanted book in auction for 3000.
[20:53:24] > Technoblad7869 remove x1 §x§E§5§1§B§1§B§lDracula Chestplate from storage
[20:53:46] > Technoblad7869 added x1 §x§E§5§1§B§1§B§lDracula Chestplate in auction for 79000.
[20:53:59] > BlackKnight buy x1 §x§E§5§1§B§1§B§lDracula Chestplate to Technoblad7869 for $79,000.
[20:54:11] > Technoblad7869 buy x1 Heavy core to Raylii for $300,000.
[20:54:19] > .Kabayooo remove x2 §x§F§C§D§0§5§C§lB§x§E§6§D§3§6§B§la§x§C§F§D§5§7§A§ls§x§B§9§D§8§8§9§li§x§A§2§D§A§9§8§lc §x§7§5§D§F§B§6§lC§x§5§F§E§2§C§5§lr§x§7§5§D§F§B§6§la§x§8§C§D§D§A§7§lt§x§A§2§D§A§9§8§le §x§C§F§D§5§7§A§lK§x§E§6§D§3§6§B§le§x§F§C§D§0§5§C§ly from buy
[20:54:26] > MrGh0st1y buy x1 Red shulker box to celinesanrio for $270,000.
[20:54:28] > Technoblad7869 remove x1 Heavy core from buy
[20:55:07] > .Kabayooo remove x1 §x§E§E§0§0§0§0§lᴜɴʟɪᴍɪᴛᴇᴅ sᴇʟʟᴡᴀɴᴅ from expire
[21:00:31] > .Kabayooo added x1 §x§E§E§0§0§0§0§lᴜɴʟɪᴍɪᴛᴇᴅ sᴇʟʟᴡᴀɴᴅ in auction for 200000.
[21:00:44] > .SharkyisHungry remove x1 §x§F§F§3§E§0§0§lDemon Lord Wings form expire
[21:00:44] > .SharkyisHungry remove x2 §x§5§C§C§F§F§C§lC§x§5§C§D§1§F§5§lo§x§5§D§D§4§E§E§ls§x§5§D§D§6§E§7§lm§x§5§E§D§9§E§1§le§x§5§E§D§B§D§A§lt§x§5§E§D§D§D§3§li§x§5§F§E§0§C§C§lc §x§5§F§E§0§C§C§lH§x§5§E§D§D§D§3§la§x§5§E§D§B§D§A§lt§x§5§E§D§9§E§1§ls §x§5§D§D§4§E§E§lK§x§5§C§D§1§F§5§le§x§5§C§C§F§F§C§ly form expire
[21:00:44] > .SharkyisHungry remove x1 §9§lCrab Claw form expire
[21:13:36] > UnavailableTest buy x64 Experience bottle to HwanYo for $140,000.
[21:13:44] > UnavailableTest remove x64 Experience bottle from buy
[21:14:09] > HwanYo added x64 Experience bottle in auction for 140000.
[21:14:21] > HwanYo added x64 Experience bottle in auction for 140000.
[21:14:33] > HwanYo added x64 Experience bottle in auction for 140000.
[21:21:19] > x1 §f§l§x§F§C§D§0§5§CW§x§F§A§A§A§4§Bu§x§F§9§8§4§3§Bk§x§F§7§5§F§2§Ao§x§F§5§3§9§1§9n§x§F§4§1§3§0§8g §x§F§5§3§9§1§9S§x§F§7§5§F§2§Ap§x§F§9§8§4§3§Be§x§F§A§A§A§4§Ba§x§F§C§D§0§5§Cr, item of MonsterIsBetter, has just expired, the item is definitively deleted.
[21:21:25] > KEITHTHEPRO remove x5 §x§5§C§C§F§F§C§lC§x§5§C§D§1§F§5§lo§x§5§D§D§4§E§E§ls§x§5§D§D§6§E§7§lm§x§5§E§D§9§E§1§le§x§5§E§D§B§D§A§lt§x§5§E§D§D§D§3§li§x§5§F§E§0§C§C§lc §x§5§F§E§0§C§C§lH§x§5§E§D§D§D§3§la§x§5§E§D§B§D§A§lt§x§5§E§D§9§E§1§ls §x§5§D§D§4§E§E§lK§x§5§C§D§1§F§5§le§x§5§C§C§F§F§C§ly from expire
[21:21:28] > KEITHTHEPRO remove x1 §fAdventure Hat from expire
[21:21:28] > KEITHTHEPRO remove x1 §2Franck from expire
[21:21:28] > KEITHTHEPRO remove x1 pls go to SKELETONEXP from expire
[21:21:29] > KEITHTHEPRO remove x1 §fFarmer Hat from expire
[21:21:37] > .Kabayooo buy x1 §f§l§x§F§C§D§0§5§CW§x§F§B§A§D§4§Du§x§F§9§8§B§3§Dk§x§F§8§6§8§2§Eo§x§F§6§4§5§1§Fn§x§F§5§2§3§0§Fg§x§F§3§0§0§0§0 §x§F§5§2§3§0§FD§x§F§6§4§5§1§Fa§x§F§8§6§8§2§Eg§x§F§9§8§B§3§Dg§x§F§B§A§D§4§De§x§F§C§D§0§5§Cr to El3ctric_Ey3 for $200,000.
[21:21:41] > DanRaiv remove x1 §x§F§F§3§E§0§0§lD§x§F§F§3§6§0§0§le§x§F§F§2§F§0§0§lm§x§F§F§2§7§0§0§lo§x§F§F§1§F§0§0§ln §x§F§F§1§0§0§0§lL§x§F§F§0§8§0§0§lo§x§F§F§0§0§0§0§lr§x§F§F§0§9§0§0§ld §x§F§F§1§B§0§0§lB§x§F§F§2§3§0§0§lo§x§F§F§2§C§0§0§lo§x§F§F§3§5§0§0§lt§x§F§F§3§E§0§0§ls from expire
[21:21:42] > DanRaiv remove x1 §x§F§F§3§E§0§0§lD§x§F§F§3§7§0§0§le§x§F§F§3§0§0§0§lm§x§F§F§2§9§0§0§lo§x§F§F§2§2§0§0§ln §x§F§F§1§5§0§0§lL§x§F§F§0§E§0§0§lo§x§F§F§0§7§0§0§lr§x§F§F§0§0§0§0§ld §x§F§F§0§E§0§0§lL§x§F§F§1§5§0§0§le§x§F§F§1§C§0§0§lg§x§F§F§2§2§0§0§lg§x§F§F§2§9§0§0§li§x§F§F§3§0§0§0§ln§x§F§F§3§7§0§0§lg§x§F§F§3§E§0§0§ls from expire
[21:21:42] > DanRaiv remove x1 §x§F§F§3§E§0§0§lD§x§F§F§3§6§0§0§le§x§F§F§2§F§0§0§lm§x§F§F§2§7§0§0§lo§x§F§F§1§F§0§0§ln §x§F§F§1§0§0§0§lL§x§F§F§0§8§0§0§lo§x§F§F§0§0§0§0§lr§x§F§F§0§8§0§0§ld §x§F§F§1§7§0§0§lH§x§F§F§1§F§0§0§le§x§F§F§2§7§0§0§ll§x§F§F§2§F§0§0§lm§x§F§F§3§6§0§0§le§x§F§F§3§E§0§0§lt from expire
[21:21:50] > .Kabayooo remove x1 §f§l§x§F§C§D§0§5§CW§x§F§B§A§D§4§Du§x§F§9§8§B§3§Dk§x§F§8§6§8§2§Eo§x§F§6§4§5§1§Fn§x§F§5§2§3§0§Fg§x§F§3§0§0§0§0 §x§F§5§2§3§0§FD§x§F§6§4§5§1§Fa§x§F§8§6§8§2§Eg§x§F§9§8§B§3§Dg§x§F§B§A§D§4§De§x§F§C§D§0§5§Cr from buy
[21:22:46] > DanRaiv added x1 §x§F§F§3§E§0§0§lD§x§F§F§3§6§0§0§le§x§F§F§2§F§0§0§lm§x§F§F§2§7§0§0§lo§x§F§F§1§F§0§0§ln §x§F§F§1§0§0§0§lL§x§F§F§0§8§0§0§lo§x§F§F§0§0§0§0§lr§x§F§F§0§9§0§0§ld §x§F§F§1§B§0§0§lB§x§F§F§2§3§0§0§lo§x§F§F§2§C§0§0§lo§x§F§F§3§5§0§0§lt§x§F§F§3§E§0§0§ls in auction for 500000.
[21:22:49] > .SharkyisHungry added x1 §x§F§F§3§E§0§0§lDemon Lord Wings in auction for 1399999.
[21:22:58] > DanRaiv added x1 §x§F§F§3§E§0§0§lD§x§F§F§3§7§0§0§le§x§F§F§3§0§0§0§lm§x§F§F§2§9§0§0§lo§x§F§F§2§2§0§0§ln §x§F§F§1§5§0§0§lL§x§F§F§0§E§0§0§lo§x§F§F§0§7§0§0§lr§x§F§F§0§0§0§0§ld §x§F§F§0§E§0§0§lL§x§F§F§1§5§0§0§le§x§F§F§1§C§0§0§lg§x§F§F§2§2§0§0§lg§x§F§F§2§9§0§0§li§x§F§F§3§0§0§0§ln§x§F§F§3§7§0§0§lg§x§F§F§3§E§0§0§ls in auction for 450000.
[21:23:11] > DanRaiv added x1 §x§F§F§3§E§0§0§lD§x§F§F§3§6§0§0§le§x§F§F§2§F§0§0§lm§x§F§F§2§7§0§0§lo§x§F§F§1§F§0§0§ln §x§F§F§1§0§0§0§lL§x§F§F§0§8§0§0§lo§x§F§F§0§0§0§0§lr§x§F§F§0§8§0§0§ld §x§F§F§1§7§0§0§lH§x§F§F§1§F§0§0§le§x§F§F§2§7§0§0§ll§x§F§F§2§F§0§0§lm§x§F§F§3§6§0§0§le§x§F§F§3§E§0§0§lt in auction for 500000.
[21:23:37] > .Demon_asta1590 buy x1 §x§F§F§3§E§0§0§lDemon Lord Wings to .SharkyisHungry for $1,399,999.
[21:25:08] > .Demon_asta1590 remove x1 §x§F§F§3§E§0§0§lDemon Lord Wings form buy
[21:28:39] > HwanYo added x1 §x§F§F§5§5§0§0§lsᴇʟʟᴡᴀɴᴅ §6- 5.0x in auction for 1200000.
[21:31:09] > .Kenku1001 remove x2 Enchanted golden apple from buy
[21:31:09] > .Kenku1001 remove x1 Enchanted golden apple from buy
[21:31:10] > .Kenku1001 remove x1 Enchanted golden apple from buy
[21:31:10] > .Kenku1001 remove x64 Golden apple from buy
[21:31:11] > .Kenku1001 remove x64 Golden apple from buy
[21:31:11] > .Kenku1001 remove x64 Golden apple from buy
[21:31:11] > .Kenku1001 remove x64 Golden apple from buy
[21:31:12] > .Kenku1001 remove x64 Golden apple from buy
[21:31:13] > .Kenku1001 remove x64 Golden apple from buy
[21:31:15] > .Kabayooo added x2 §x§F§C§D§0§5§C§lB§x§E§6§D§3§6§B§la§x§C§F§D§5§7§A§ls§x§B§9§D§8§8§9§li§x§A§2§D§A§9§8§lc §x§7§5§D§F§B§6§lC§x§5§F§E§2§C§5§lr§x§7§5§D§F§B§6§la§x§8§C§D§D§A§7§lt§x§A§2§D§A§9§8§le §x§C§F§D§5§7§A§lK§x§E§6§D§3§6§B§le§x§F§C§D§0§5§C§ly in auction for 100000.
[21:35:46] > mauserdart remove x64 Slime block from storage
[21:35:49] > mauserdart remove x1 §f§l§8B§x§6§3§6§3§6§3a§x§7§1§7§1§7§1h§x§8§0§8§0§8§0a§x§8§E§8§E§8§Em§x§9§C§9§C§9§Cu§7t§x§9§C§9§C§9§C §x§8§E§8§E§8§ES§x§8§0§8§0§8§0w§x§7§1§7§1§7§1o§x§6§3§6§3§6§3r§8d from storage
[21:36:04] > mauserdart added x1 §f§l§8B§x§6§3§6§3§6§3a§x§7§1§7§1§7§1h§x§8§0§8§0§8§0a§x§8§E§8§E§8§Em§x§9§C§9§C§9§Cu§7t§x§9§C§9§C§9§C §x§8§E§8§E§8§ES§x§8§0§8§0§8§0w§x§7§1§7§1§7§1o§x§6§3§6§3§6§3r§8d in auction for 1750000.
[21:38:21] > Nino buy x1 Enchanted book to AxoLittle for $3,000.
[21:38:47] > x1 §x§5§C§C§F§F§C§lC§x§5§C§D§1§F§5§lo§x§5§D§D§4§E§E§ls§x§5§D§D§6§E§7§lm§x§5§E§D§9§E§1§le§x§5§E§D§B§D§A§lt§x§5§E§D§D§D§3§li§x§5§F§E§0§C§C§lc §x§5§F§E§0§C§C§lH§x§5§E§D§D§D§3§la§x§5§E§D§B§D§A§lt§x§5§E§D§9§E§1§ls §x§5§D§D§4§E§E§lK§x§5§C§D§1§F§5§le§x§5§C§C§F§F§C§ly on sale by Trv has just expired, it goes in the inventory of expired items.
[21:40:05] > Nino remove x1 Enchanted book form buy
[21:40:19] > BaWaWaw remove x1 Enchanted book from buy
[21:40:20] > BaWaWaw remove x1 Enchanted book from buy
[21:40:20] > BaWaWaw remove x1 Enchanted book from buy
[21:41:30] > Technoblad7869 added x1 §f§l§8B§x§6§2§6§2§6§2a§x§6§F§6§F§6§Fh§x§7§C§7§C§7§Ca§x§8§9§8§9§8§9m§x§9§6§9§6§9§6u§x§A§3§A§3§A§3t §x§9§6§9§6§9§6H§x§8§9§8§9§8§9a§x§7§C§7§C§7§Ct§x§6§F§6§F§6§F §x§6§2§6§2§6§2V§82 in auction for 7000000.
[21:42:34] > HwanYo added x64 Experience bottle in auction for 140000.
[21:42:51] > HwanYo added x64 Experience bottle in auction for 140000.
[21:49:47] > SP3CC_ added x2 §x§5§C§C§F§F§C§lC§x§5§C§D§1§F§5§lo§x§5§D§D§4§E§E§ls§x§5§D§D§6§E§7§lm§x§5§E§D§9§E§1§le§x§5§E§D§B§D§A§lt§x§5§E§D§D§D§3§li§x§5§F§E§0§C§C§lc §x§5§F§E§0§C§C§lH§x§5§E§D§D§D§3§la§x§5§E§D§B§D§A§lt§x§5§E§D§9§E§1§ls §x§5§D§D§4§E§E§lK§x§5§C§D§1§F§5§le§x§5§C§C§F§F§C§ly in auction for 200000.
[21:49:52] > .Kabayooo added x1 §x§5§C§C§F§F§C§lC§x§5§C§D§1§F§5§lo§x§5§D§D§4§E§E§ls§x§5§D§D§6§E§7§lm§x§5§E§D§9§E§1§le§x§5§E§D§B§D§A§lt§x§5§E§D§D§D§3§li§x§5§F§E§0§C§C§lc §x§5§F§E§0§C§C§lH§x§5§E§D§D§D§3§la§x§5§E§D§B§D§A§lt§x§5§E§D§9§E§1§ls §x§5§D§D§4§E§E§lK§x§5§C§D§1§F§5§le§x§5§C§C§F§F§C§ly in auction for 10000.
[21:50:09] > Keenorana added x1 §esʜᴇᴇᴘ sᴘᴀᴡɴᴇʀ in auction for 200000.
[21:50:10] > HwanYo remove x1 §x§F§F§5§5§0§0§lsᴇʟʟᴡᴀɴᴅ §6- 5.0x from storage
[21:50:22] > HwanYo added x1 §x§5§9§A§1§D§9§lA§x§6§E§A§D§D§Er§x§8§3§B§9§E§3c§x§9§7§C§4§E§7h§x§A§C§D§0§E§Ca§x§C§1§D§C§F§1n§x§D§6§E§8§F§6g§x§E§A§F§3§F§Ae§fl §x§D§0§E§4§F§4H§x§B§8§D§7§E§Fa§x§A§0§C§9§E§9m§x§8§8§B§C§E§4m§x§7§1§A§E§D§Ee§x§5§9§A§1§D§9r in auction for 550000.
[21:50:26] > koshie buy x1 §x§5§9§A§1§D§9§lA§x§6§E§A§D§D§Er§x§8§3§B§9§E§3c§x§9§7§C§4§E§7h§x§A§C§D§0§E§Ca§x§C§1§D§C§F§1n§x§D§6§E§8§F§6g§x§E§A§F§3§F§Ae§fl §x§D§0§E§4§F§4H§x§B§8§D§7§E§Fa§x§A§0§C§9§E§9m§x§8§8§B§C§E§4m§x§7§1§A§E§D§Ee§x§5§9§A§1§D§9r to HwanYo for $550,000.
[21:50:50] > HwanYo added x10 §x§F§C§D§0§5§C§lB§x§E§6§D§3§6§B§la§x§C§F§D§5§7§A§ls§x§B§9§D§8§8§9§li§x§A§2§D§A§9§8§lc §x§7§5§D§F§B§6§lC§x§5§F§E§2§C§5§lr§x§7§5§D§F§B§6§la§x§8§C§D§D§A§7§lt§x§A§2§D§A§9§8§le §x§C§F§D§5§7§A§lK§x§E§6§D§3§6§B§le§x§F§C§D§0§5§C§ly in auction for 250000.
[21:51:39] > Technoblad7869 added x1 §esʜᴇᴇᴘ sᴘᴀᴡɴᴇʀ in auction for 200000.
[21:51:58] > baba remove x1 New shop /pwarp MysticMarket (tons of exp bottles) from storage
[21:52:11] > baba added x1 New shop /pwarp MysticMarket (tons of exp bottles) in auction for 100000000000.
[21:57:02] > CoreyNabuko remove x1 §x§E§E§0§0§0§0§lᴜɴʟɪᴍɪᴛᴇᴅ sᴇʟʟᴡᴀɴᴅ from expire
[21:58:54] > CoreyNabuko added x1 §x§E§E§0§0§0§0§lᴜɴʟɪᴍɪᴛᴇᴅ sᴇʟʟᴡᴀɴᴅ in auction for 450000.
[22:10:45] > x1 §x§F§F§3§E§0§0§lD§x§F§F§3§6§0§0§le§x§F§F§2§F§0§0§lm§x§F§F§2§7§0§0§lo§x§F§F§1§F§0§0§ln §x§F§F§1§0§0§0§lL§x§F§F§0§8§0§0§lo§x§F§F§0§0§0§0§lr§x§F§F§0§8§0§0§ld §x§F§F§1§7§0§0§lS§x§F§F§1§F§0§0§lh§x§F§F§2§7§0§0§li§x§F§F§2§F§0§0§le§x§F§F§3§6§0§0§ll§x§F§F§3§E§0§0§ld, item of Cristianndi, has just expired, the item is definitively deleted.
[22:12:46] > sigman added x1 §x§E§5§1§B§1§B§lDracula Spear in auction for 300000.
[22:13:20] > El3ctric_Ey3 buy x1 §x§F§F§3§E§0§0§lD§x§F§F§3§6§0§0§le§x§F§F§2§F§0§0§lm§x§F§F§2§7§0§0§lo§x§F§F§1§F§0§0§ln §x§F§F§1§0§0§0§lL§x§F§F§0§8§0§0§lo§x§F§F§0§0§0§0§lr§x§F§F§0§9§0§0§ld §x§F§F§1§B§0§0§lB§x§F§F§2§3§0§0§lo§x§F§F§2§C§0§0§lo§x§F§F§3§5§0§0§lt§x§F§F§3§E§0§0§ls to DanRaiv for $500,000.
[22:13:23] > El3ctric_Ey3 buy x1 §x§F§F§3§E§0§0§lD§x§F§F§3§7§0§0§le§x§F§F§3§0§0§0§lm§x§F§F§2§9§0§0§lo§x§F§F§2§2§0§0§ln §x§F§F§1§5§0§0§lL§x§F§F§0§E§0§0§lo§x§F§F§0§7§0§0§lr§x§F§F§0§0§0§0§ld §x§F§F§0§E§0§0§lL§x§F§F§1§5§0§0§le§x§F§F§1§C§0§0§lg§x§F§F§2§2§0§0§lg§x§F§F§2§9§0§0§li§x§F§F§3§0§0§0§ln§x§F§F§3§7§0§0§lg§x§F§F§3§E§0§0§ls to DanRaiv for $450,000.
[22:13:26] > El3ctric_Ey3 buy x1 §x§F§F§3§E§0§0§lD§x§F§F§3§6§0§0§le§x§F§F§2§F§0§0§lm§x§F§F§2§7§0§0§lo§x§F§F§1§F§0§0§ln §x§F§F§1§0§0§0§lL§x§F§F§0§8§0§0§lo§x§F§F§0§0§0§0§lr§x§F§F§0§8§0§0§ld §x§F§F§1§7§0§0§lH§x§F§F§1§F§0§0§le§x§F§F§2§7§0§0§ll§x§F§F§2§F§0§0§lm§x§F§F§3§6§0§0§le§x§F§F§3§E§0§0§lt to DanRaiv for $500,000.
[22:13:40] > llhxnce added x16 Ender pearl in auction for 10.
[22:13:41] > El3ctric_Ey3 remove x1 §x§F§F§3§E§0§0§lD§x§F§F§3§6§0§0§le§x§F§F§2§F§0§0§lm§x§F§F§2§7§0§0§lo§x§F§F§1§F§0§0§ln §x§F§F§1§0§0§0§lL§x§F§F§0§8§0§0§lo§x§F§F§0§0§0§0§lr§x§F§F§0§9§0§0§ld §x§F§F§1§B§0§0§lB§x§F§F§2§3§0§0§lo§x§F§F§2§C§0§0§lo§x§F§F§3§5§0§0§lt§x§F§F§3§E§0§0§ls from buy
[22:13:42] > El3ctric_Ey3 remove x1 §x§F§F§3§E§0§0§lD§x§F§F§3§7§0§0§le§x§F§F§3§0§0§0§lm§x§F§F§2§9§0§0§lo§x§F§F§2§2§0§0§ln §x§F§F§1§5§0§0§lL§x§F§F§0§E§0§0§lo§x§F§F§0§7§0§0§lr§x§F§F§0§0§0§0§ld §x§F§F§0§E§0§0§lL§x§F§F§1§5§0§0§le§x§F§F§1§C§0§0§lg§x§F§F§2§2§0§0§lg§x§F§F§2§9§0§0§li§x§F§F§3§0§0§0§ln§x§F§F§3§7§0§0§lg§x§F§F§3§E§0§0§ls from buy
[22:13:43] > El3ctric_Ey3 remove x1 §x§F§F§3§E§0§0§lD§x§F§F§3§6§0§0§le§x§F§F§2§F§0§0§lm§x§F§F§2§7§0§0§lo§x§F§F§1§F§0§0§ln §x§F§F§1§0§0§0§lL§x§F§F§0§8§0§0§lo§x§F§F§0§0§0§0§lr§x§F§F§0§8§0§0§ld §x§F§F§1§7§0§0§lH§x§F§F§1§F§0§0§le§x§F§F§2§7§0§0§ll§x§F§F§2§F§0§0§lm§x§F§F§3§6§0§0§le§x§F§F§3§E§0§0§lt from buy
[22:13:49] > DanRaiv buy x16 Ender pearl to llhxnce for $10.
[22:13:56] > llhxnce added x16 Ender pearl in auction for 10.
[22:14:05] > sigman buy x16 Ender pearl to llhxnce for $10.
[22:14:13] > llhxnce added x16 Ender pearl in auction for 10.
[22:14:21] > sigman buy x16 Ender pearl to llhxnce for $10.
[22:19:09] > Abbadex buy x1 §f§l§8B§x§6§3§6§3§6§3a§x§7§1§7§1§7§1h§x§8§0§8§0§8§0a§x§8§E§8§E§8§Em§x§9§C§9§C§9§Cu§7t§x§9§C§9§C§9§C §x§8§E§8§E§8§ES§x§8§0§8§0§8§0w§x§7§1§7§1§7§1o§x§6§3§6§3§6§3r§8d to mauserdart for $1,750,000.
[22:21:13] > Abbadex remove x1 §f§l§8B§x§6§3§6§3§6§3a§x§7§1§7§1§7§1h§x§8§0§8§0§8§0a§x§8§E§8§E§8§Em§x§9§C§9§C§9§Cu§7t§x§9§C§9§C§9§C §x§8§E§8§E§8§ES§x§8§0§8§0§8§0w§x§7§1§7§1§7§1o§x§6§3§6§3§6§3r§8d from buy
[22:21:52] > Abbadex buy x1 §f§l§8B§x§6§2§6§2§6§2a§x§6§F§6§F§6§Fh§x§7§C§7§C§7§Ca§x§8§9§8§9§8§9m§x§9§6§9§6§9§6u§x§A§3§A§3§A§3t §x§9§6§9§6§9§6H§x§8§9§8§9§8§9a§x§7§C§7§C§7§Ct§x§6§F§6§F§6§F §x§6§2§6§2§6§2V§82 to Technoblad7869 for $7,000,000.
[22:22:03] > Abbadex remove x1 §f§l§8B§x§6§2§6§2§6§2a§x§6§F§6§F§6§Fh§x§7§C§7§C§7§Ca§x§8§9§8§9§8§9m§x§9§6§9§6§9§6u§x§A§3§A§3§A§3t §x§9§6§9§6§9§6H§x§8§9§8§9§8§9a§x§7§C§7§C§7§Ct§x§6§F§6§F§6§F §x§6§2§6§2§6§2V§82 from buy
[22:23:59] > Abbadex remove x1 §f§l§x§F§C§D§0§5§CW§x§F§A§A§A§4§Bu§x§F§9§8§4§3§Bk§x§F§7§5§F§2§Ao§x§F§5§3§9§1§9n§x§F§4§1§3§0§8g §x§F§5§3§9§1§9S§x§F§7§5§F§2§Ap§x§F§9§8§4§3§Be§x§F§A§A§A§4§Ba§x§F§C§D§0§5§Cr from expire
[22:24:00] > Abbadex remove x2 §x§F§F§7§C§0§0§lSteamsparks Key from expire
[22:24:01] > Abbadex remove x2 §x§E§5§1§B§1§B§lDracula Key from expire
[22:24:15] > Abbadex added x1 §x§E§5§1§B§1§B§lDracula Key in auction for 300000.
[22:24:31] > Abbadex added x1 §x§E§5§1§B§1§B§lDracula Key in auction for 300000.
[22:24:42] > Abbadex added x1 §x§F§F§7§C§0§0§lSteamsparks Key in auction for 300000.
[22:24:57] > Abbadex added x1 §x§F§F§7§C§0§0§lSteamsparks Key in auction for 300000.
[22:25:07] > Abbadex added x1 §f§l§x§F§C§D§0§5§CW§x§F§A§A§A§4§Bu§x§F§9§8§4§3§Bk§x§F§7§5§F§2§Ao§x§F§5§3§9§1§9n§x§F§4§1§3§0§8g §x§F§5§3§9§1§9S§x§F§7§5§F§2§Ap§x§F§9§8§4§3§Be§x§F§A§A§A§4§Ba§x§F§C§D§0§5§Cr in auction for 100000.
[22:25:26] > Technoblad7869 buy x1 §f§l§x§F§C§D§0§5§CW§x§F§A§A§A§4§Bu§x§F§9§8§4§3§Bk§x§F§7§5§F§2§Ao§x§F§5§3§9§1§9n§x§F§4§1§3§0§8g §x§F§5§3§9§1§9S§x§F§7§5§F§2§Ap§x§F§9§8§4§3§Be§x§F§A§A§A§4§Ba§x§F§C§D§0§5§Cr to Abbadex for $100,000.
[22:25:33] > Technoblad7869 remove x1 §f§l§x§F§C§D§0§5§CW§x§F§A§A§A§4§Bu§x§F§9§8§4§3§Bk§x§F§7§5§F§2§Ao§x§F§5§3§9§1§9n§x§F§4§1§3§0§8g §x§F§5§3§9§1§9S§x§F§7§5§F§2§Ap§x§F§9§8§4§3§Be§x§F§A§A§A§4§Ba§x§F§C§D§0§5§Cr from buy
[22:25:42] > Technoblad7869 added x1 §f§l§x§F§C§D§0§5§CW§x§F§A§A§A§4§Bu§x§F§9§8§4§3§Bk§x§F§7§5§F§2§Ao§x§F§5§3§9§1§9n§x§F§4§1§3§0§8g §x§F§5§3§9§1§9S§x§F§7§5§F§2§Ap§x§F§9§8§4§3§Be§x§F§A§A§A§4§Ba§x§F§C§D§0§5§Cr in auction for 200000.
[22:31:32] > Zypher_0w0 added x1 §x§F§F§3§E§0§0§lD§x§F§F§3§5§0§0§le§x§F§F§2§C§0§0§lm§x§F§F§2§3§0§0§lo§x§F§F§1§B§0§0§ln §x§F§F§0§9§0§0§lL§x§F§F§0§0§0§0§lo§x§F§F§0§A§0§0§lr§x§F§F§1§5§0§0§ld §x§F§F§2§9§0§0§lK§x§F§F§3§4§0§0§le§x§F§F§3§E§0§0§ly in auction for 250000.
[22:32:15] > .Kenku1001 buy x64 Experience bottle to HwanYo for $140,000.
[22:32:19] > .Kenku1001 buy x64 Experience bottle to HwanYo for $140,000.
[22:32:38] > HwanYo added x5 §x§F§C§9§0§5§C§lE§x§E§6§9§C§6§B§lp§x§C§F§A§7§7§A§li§x§B§9§B§3§8§9§lc §x§8§C§C§B§A§7§lC§x§7§5§D§6§B§6§lr§x§5§F§E§2§C§5§la§x§7§9§D§4§B§4§lt§x§9§3§C§7§A§2§le §x§C§8§A§B§7§F§lK§x§E§2§9§E§6§E§le§x§F§C§9§0§5§C§ly in auction for 200000.
[22:32:59] > .Kenku1001 remove x64 Experience bottle from buy
[22:33:05] > .Kenku1001 remove x64 Experience bottle from buy
[22:39:43] > Takeremu added x1 §x§F§F§3§E§0§0§lD§x§F§F§3§5§0§0§le§x§F§F§2§C§0§0§lm§x§F§F§2§3§0§0§lo§x§F§F§1§B§0§0§ln §x§F§F§0§9§0§0§lL§x§F§F§0§0§0§0§lo§x§F§F§0§A§0§0§lr§x§F§F§1§5§0§0§ld §x§F§F§2§9§0§0§lK§x§F§F§3§4§0§0§le§x§F§F§3§E§0§0§ly in auction for 250000.
[22:40:34] > Takeremu added x20 §x§F§C§9§0§5§C§lE§x§E§6§9§C§6§B§lp§x§C§F§A§7§7§A§li§x§B§9§B§3§8§9§lc §x§8§C§C§B§A§7§lC§x§7§5§D§6§B§6§lr§x§5§F§E§2§C§5§la§x§7§9§D§4§B§4§lt§x§9§3§C§7§A§2§le §x§C§8§A§B§7§F§lK§x§E§2§9§E§6§E§le§x§F§C§9§0§5§C§ly in auction for 800000.
[22:41:36] > Takeremu added x3 §x§5§C§C§F§F§C§lC§x§5§C§D§1§F§5§lo§x§5§D§D§4§E§E§ls§x§5§D§D§6§E§7§lm§x§5§E§D§9§E§1§le§x§5§E§D§B§D§A§lt§x§5§E§D§D§D§3§li§x§5§F§E§0§C§C§lc §x§5§F§E§0§C§C§lH§x§5§E§D§D§D§3§la§x§5§E§D§B§D§A§lt§x§5§E§D§9§E§1§ls §x§5§D§D§4§E§E§lK§x§5§C§D§1§F§5§le§x§5§C§C§F§F§C§ly in auction for 240000.
[22:41:51] > Takeremu added x20 §x§F§C§D§0§5§C§lB§x§E§6§D§3§6§B§la§x§C§F§D§5§7§A§ls§x§B§9§D§8§8§9§li§x§A§2§D§A§9§8§lc §x§7§5§D§F§B§6§lC§x§5§F§E§2§C§5§lr§x§7§5§D§F§B§6§la§x§8§C§D§D§A§7§lt§x§A§2§D§A§9§8§le §x§C§F§D§5§7§A§lK§x§E§6§D§3§6§B§le§x§F§C§D§0§5§C§ly in auction for 200000.
[22:42:11] > Takeremu added x1 §x§F§F§3§E§0§0§lD§x§F§F§3§6§0§0§le§x§F§F§2§F§0§0§lm§x§F§F§2§7§0§0§lo§x§F§F§1§F§0§0§ln §x§F§F§1§0§0§0§lL§x§F§F§0§8§0§0§lo§x§F§F§0§0§0§0§lr§x§F§F§0§8§0§0§ld §x§F§F§1§7§0§0§lD§x§F§F§1§F§0§0§la§x§F§F§2§7§0§0§lg§x§F§F§2§F§0§0§lg§x§F§F§3§6§0§0§le§x§F§F§3§E§0§0§lr in auction for 100000.
[22:42:36] > Takeremu remove x1 Baby powder from storage
[22:42:39] > Takeremu remove x6 §x§F§C§9§0§5§C§lE§x§E§6§9§C§6§B§lp§x§C§F§A§7§7§A§li§x§B§9§B§3§8§9§lc §x§8§C§C§B§A§7§lC§x§7§5§D§6§B§6§lr§x§5§F§E§2§C§5§la§x§7§9§D§4§B§4§lt§x§9§3§C§7§A§2§le §x§C§8§A§B§7§F§lK§x§E§2§9§E§6§E§le§x§F§C§9§0§5§C§ly from storage
[22:42:56] > Takeremu added x6 §x§F§C§9§0§5§C§lE§x§E§6§9§C§6§B§lp§x§C§F§A§7§7§A§li§x§B§9§B§3§8§9§lc §x§8§C§C§B§A§7§lC§x§7§5§D§6§B§6§lr§x§5§F§E§2§C§5§la§x§7§9§D§4§B§4§lt§x§9§3§C§7§A§2§le §x§C§8§A§B§7§F§lK§x§E§2§9§E§6§E§le§x§F§C§9§0§5§C§ly in auction for 240000.
[22:43:32] > Takeremu added x1 §fHusk Plushie §6(#50/101) in auction for 200000.
[22:43:45] > .Kenku1001 buy x64 Experience bottle to HwanYo for $140,000.
[22:43:50] > .Kenku1001 buy x64 Experience bottle to HwanYo for $140,000.
[22:43:54] > .Kenku1001 buy x64 Experience bottle to HwanYo for $140,000.
[22:44:11] > Johng10910 added x1 Bucket in auction for 100.
[22:44:19] > Takeremu remove x1 §fHusk Plushie §6(#50/101) from storage
[22:44:23] > .Kenku1001 remove x64 Experience bottle from buy
[22:44:23] > Takeremu remove x6 §x§F§C§9§0§5§C§lE§x§E§6§9§C§6§B§lp§x§C§F§A§7§7§A§li§x§B§9§B§3§8§9§lc §x§8§C§C§B§A§7§lC§x§7§5§D§6§B§6§lr§x§5§F§E§2§C§5§la§x§7§9§D§4§B§4§lt§x§9§3§C§7§A§2§le §x§C§8§A§B§7§F§lK§x§E§2§9§E§6§E§le§x§F§C§9§0§5§C§ly from storage
[22:44:24] > .Kenku1001 remove x64 Experience bottle from buy
[22:44:24] > .Kenku1001 remove x64 Experience bottle from buy
[22:44:58] > Johng10910 added x1 Bucket in auction for 400000.
[22:45:06] > Takeremu added x4 §x§C§9§A§7§F§C§lL§x§B§D§A§E§F§6§le§x§B§1§B§4§F§0§lg§x§A§6§B§B§E§A§le§x§9§A§C§1§E§4§ln§x§8§E§C§8§D§D§ld§x§8§2§C§E§D§7§la§x§7§7§D§5§D§1§lr§x§6§B§D§B§C§B§ly §x§6§B§D§B§C§B§lC§x§7§7§D§5§D§1§lr§x§8§2§C§E§D§7§la§x§8§E§C§8§D§D§lt§x§9§A§C§1§E§4§le §x§B§1§B§4§F§0§lK§x§B§D§A§E§F§6§le§x§C§9§A§7§F§C§ly in auction for 800000.
[22:45:19] > Takeremu added x4 §x§C§9§A§7§F§C§lL§x§B§D§A§E§F§6§le§x§B§1§B§4§F§0§lg§x§A§6§B§B§E§A§le§x§9§A§C§1§E§4§ln§x§8§E§C§8§D§D§ld§x§8§2§C§E§D§7§la§x§7§7§D§5§D§1§lr§x§6§B§D§B§C§B§ly §x§6§B§D§B§C§B§lC§x§7§7§D§5§D§1§lr§x§8§2§C§E§D§7§la§x§8§E§C§8§D§D§lt§x§9§A§C§1§E§4§le §x§B§1§B§4§F§0§lK§x§B§D§A§E§F§6§le§x§C§9§A§7§F§C§ly in auction for 600000.
[22:45:20] > Johng10910 added x4 Netherite ingot in auction for 400000.
[22:46:03] > Akiesha added x3 Nether star in auction for 100000.
[22:56:05] > Takeremu remove x1 §x§F§F§3§E§0§0§lD§x§F§F§3§6§0§0§le§x§F§F§2§F§0§0§lm§x§F§F§2§7§0§0§lo§x§F§F§1§F§0§0§ln §x§F§F§1§0§0§0§lL§x§F§F§0§8§0§0§lo§x§F§F§0§0§0§0§lr§x§F§F§0§8§0§0§ld §x§F§F§1§7§0§0§lD§x§F§F§1§F§0§0§la§x§F§F§2§7§0§0§lg§x§F§F§2§F§0§0§lg§x§F§F§3§6§0§0§le§x§F§F§3§E§0§0§lr from storage
[22:56:11] > Takeremu added x1 Shulker box in auction for 50000.
[22:57:10] > Unforce01 buy x1 Shulker box to Takeremu for $50,000.
[23:02:00] > baba buy x64 Experience bottle to HwanYo for $140,000.
[23:20:45] > Zypher_0w0 remove x1 §x§F§F§3§E§0§0§lD§x§F§F§3§5§0§0§le§x§F§F§2§C§0§0§lm§x§F§F§2§3§0§0§lo§x§F§F§1§B§0§0§ln §x§F§F§0§9§0§0§lL§x§F§F§0§0§0§0§lo§x§F§F§0§A§0§0§lr§x§F§F§1§5§0§0§ld §x§F§F§2§9§0§0§lK§x§F§F§3§4§0§0§le§x§F§F§3§E§0§0§ly from storage
[23:20:46] > Zypher_0w0 remove x2 §x§E§5§1§B§1§B§lDracula Key from storage
[23:20:47] > Zypher_0w0 remove x2 §x§E§5§1§B§1§B§lDracula Key from storage
[23:20:47] > Zypher_0w0 remove x2 §x§F§0§7§A§5§4§lZombie Apocalyptic Key from storage
[23:20:54] > Zypher_0w0 added x1 Mending Box in auction for 100000.
[23:21:11] > Zypher_0w0 added x1 Mending Box in auction for 100000.
[23:28:05] > DanRaiv added x2 Coast armor trim smithing template in auction for 50000.
[23:28:25] > .Kenku1001 added x8 §x§F§2§C§6§D§E§lP§x§E§0§C§A§D§B§li§x§C§D§C§D§D§8§ln§x§B§B§D§1§D§5§la§x§A§9§D§4§D§2§lt§x§9§6§D§8§C§E§la §x§7§1§D§F§C§8§lC§x§5§F§E§2§C§5§lr§x§7§4§D§E§C§9§la§x§8§9§D§A§C§C§lt§x§9§E§D§6§D§0§le §x§C§8§C§E§D§7§lK§x§D§D§C§A§D§A§le§x§F§2§C§6§D§E§ly in auction for 600000.
[23:31:30] > UnavailableTest buy x1 Mending Box to Zypher_0w0 for $100,000.
[23:37:42] > MrZyrus7228 added x34 Golden carrot in auction for 10.
[23:37:46] > DanRaiv buy x34 Golden carrot to MrZyrus7228 for $10.
[23:40:43] > MrZyrus7228 added x1 Totem of undying in auction for 10.
[23:40:49] > koshie buy x1 Totem of undying to MrZyrus7228 for $10.
[23:43:51] > MrZyrus7228 added x1 Totem of undying in auction for 10.
[23:43:56] > BaWaWaw buy x1 Totem of undying to MrZyrus7228 for $10.
[23:44:07] > MrZyrus7228 added x1 Totem of undying in auction for 10.
[23:44:10] > DanRaiv buy x1 Totem of undying to MrZyrus7228 for $10.
[23:44:49] > DanRaiv remove x1 Totem of undying from buy
[23:51:27] > El3ctric_Ey3 buy x1 §x§F§F§3§E§0§0§lD§x§F§F§3§5§0§0§le§x§F§F§2§C§0§0§lm§x§F§F§2§3§0§0§lo§x§F§F§1§B§0§0§ln §x§F§F§0§9§0§0§lL§x§F§F§0§0§0§0§lo§x§F§F§0§A§0§0§lr§x§F§F§1§5§0§0§ld §x§F§F§2§9§0§0§lK§x§F§F§3§4§0§0§le§x§F§F§3§E§0§0§ly to Takeremu for $250,000.
[23:52:07] > El3ctric_Ey3 remove x1 §x§F§F§3§E§0§0§lD§x§F§F§3§5§0§0§le§x§F§F§2§C§0§0§lm§x§F§F§2§3§0§0§lo§x§F§F§1§B§0§0§ln §x§F§F§0§9§0§0§lL§x§F§F§0§0§0§0§lo§x§F§F§0§A§0§0§lr§x§F§F§1§5§0§0§ld §x§F§F§2§9§0§0§lK§x§F§F§3§4§0§0§le§x§F§F§3§E§0§0§ly from buy
[00:06:18] > Technoblad7869 buy x20 §x§F§C§D§0§5§C§lB§x§E§6§D§3§6§B§la§x§C§F§D§5§7§A§ls§x§B§9§D§8§8§9§li§x§A§2§D§A§9§8§lc §x§7§5§D§F§B§6§lC§x§5§F§E§2§C§5§lr§x§7§5§D§F§B§6§la§x§8§C§D§D§A§7§lt§x§A§2§D§A§9§8§le §x§C§F§D§5§7§A§lK§x§E§6§D§3§6§B§le§x§F§C§D§0§5§C§ly to Takeremu for $200,000.
[00:06:23] > Technoblad7869 remove x20 §x§F§C§D§0§5§C§lB§x§E§6§D§3§6§B§la§x§C§F§D§5§7§A§ls§x§B§9§D§8§8§9§li§x§A§2§D§A§9§8§lc §x§7§5§D§F§B§6§lC§x§5§F§E§2§C§5§lr§x§7§5§D§F§B§6§la§x§8§C§D§D§A§7§lt§x§A§2§D§A§9§8§le §x§C§F§D§5§7§A§lK§x§E§6§D§3§6§B§le§x§F§C§D§0§5§C§ly from buy
[00:07:22] > Technoblad7869 added x1 §x§F§F§5§5§0§0§lsᴇʟʟᴡᴀɴᴅ §6- 10.0x in auction for 1000000.
[00:07:30] > mae buy x1 §x§F§F§5§5§0§0§lsᴇʟʟᴡᴀɴᴅ §6- 10.0x to Technoblad7869 for $1,000,000.
[00:08:07] > mae remove x1 More Gun Powdahh!!! from storage
[00:08:08] > mae remove x1 Gun Pawdahhh!!! from storage
[00:08:09] > mae remove x1 go to "/pwarp warp irony" for cheap iron blocks!!! from storage
[00:08:11] > mae remove x1 go to "pwarp warp irony" for cheaper iron blocks!! from storage
[00:08:12] > mae remove x1 go to "pwarp warp irony" for cheaper iron blocks!! from storage
[00:08:12] > mae remove x1 go to "pwarp warp irony" for cheaper iron blocks!! from storage
[00:08:13] > Technoblad7869 buy x1 §x§5§C§C§F§F§C§lC§x§5§C§D§1§F§5§lo§x§5§D§D§4§E§E§ls§x§5§D§D§6§E§7§lm§x§5§E§D§9§E§1§le§x§5§E§D§B§D§A§lt§x§5§E§D§D§D§3§li§x§5§F§E§0§C§C§lc §x§5§F§E§0§C§C§lH§x§5§E§D§D§D§3§la§x§5§E§D§B§D§A§lt§x§5§E§D§9§E§1§ls §x§5§D§D§4§E§E§lK§x§5§C§D§1§F§5§le§x§5§C§C§F§F§C§ly to .Kabayooo for $10,000.
[00:08:15] > mae remove x64 Sponge from storage
[00:08:16] > mae remove x64 Sponge from storage
[00:08:33] > Technoblad7869 buy x8 §x§F§2§C§6§D§E§lP§x§E§0§C§A§D§B§li§x§C§D§C§D§D§8§ln§x§B§B§D§1§D§5§la§x§A§9§D§4§D§2§lt§x§9§6§D§8§C§E§la §x§7§1§D§F§C§8§lC§x§5§F§E§2§C§5§lr§x§7§4§D§E§C§9§la§x§8§9§D§A§C§C§lt§x§9§E§D§6§D§0§le §x§C§8§C§E§D§7§lK§x§D§D§C§A§D§A§le§x§F§2§C§6§D§E§ly to .Kenku1001 for $600,000.
[00:08:36] > mae added x64 Sponge in auction for 1000000.
[00:08:55] > mae added x64 Sponge in auction for 1000000.
[00:09:03] > Technoblad7869 remove x8 §x§F§2§C§6§D§E§lP§x§E§0§C§A§D§B§li§x§C§D§C§D§D§8§ln§x§B§B§D§1§D§5§la§x§A§9§D§4§D§2§lt§x§9§6§D§8§C§E§la §x§7§1§D§F§C§8§lC§x§5§F§E§2§C§5§lr§x§7§4§D§E§C§9§la§x§8§9§D§A§C§C§lt§x§9§E§D§6§D§0§le §x§C§8§C§E§D§7§lK§x§D§D§C§A§D§A§le§x§F§2§C§6§D§E§ly from buy
[00:09:18] > Technoblad7869 remove x1 §x§5§C§C§F§F§C§lC§x§5§C§D§1§F§5§lo§x§5§D§D§4§E§E§ls§x§5§D§D§6§E§7§lm§x§5§E§D§9§E§1§le§x§5§E§D§B§D§A§lt§x§5§E§D§D§D§3§li§x§5§F§E§0§C§C§lc §x§5§F§E§0§C§C§lH§x§5§E§D§D§D§3§la§x§5§E§D§B§D§A§lt§x§5§E§D§9§E§1§ls §x§5§D§D§4§E§E§lK§x§5§C§D§1§F§5§le§x§5§C§C§F§F§C§ly from buy
[00:09:46] > MrZyrus7228 added x1 §eɪʀᴏɴ ɢᴏʟᴇᴍ sᴘᴀᴡɴᴇʀ in auction for 300000.
[00:09:51] > Kyslee buy x1 §eɪʀᴏɴ ɢᴏʟᴇᴍ sᴘᴀᴡɴᴇʀ to MrZyrus7228 for $300,000.
[00:10:07] > Technoblad7869 added x1 §fMushroom Hat in auction for 45000.
[00:10:27] > mae added x1 More Gun Powdahh!!! in auction for 100000.
[00:10:39] > sigman added x1 §x§F§0§7§A§5§4§lZombie Apocalyptic Shield in auction for 350000.
[00:10:50] > mae added x1 Gun Pawdahhh!!! in auction for 100000.
[00:10:55] > MrZyrus7228 added x1 §eɪʀᴏɴ ɢᴏʟᴇᴍ sᴘᴀᴡɴᴇʀ in auction for 300000.
[00:11:06] > Kyslee buy x1 §eɪʀᴏɴ ɢᴏʟᴇᴍ sᴘᴀᴡɴᴇʀ to MrZyrus7228 for $300,000.
[00:11:08] > sigman remove x16 Ender pearl from buy
[00:11:09] > sigman remove x16 Ender pearl from buy
[00:11:13] > MrZyrus7228 added x1 §eɪʀᴏɴ ɢᴏʟᴇᴍ sᴘᴀᴡɴᴇʀ in auction for 300000.
[00:11:18] > Azp3c7 buy x1 §eɪʀᴏɴ ɢᴏʟᴇᴍ sᴘᴀᴡɴᴇʀ to MrZyrus7228 for $300,000.
[00:11:41] > MrZyrus7228 added x1 §eᴄᴏᴡ sᴘᴀᴡɴᴇʀ in auction for 50000.
[00:11:48] > Kyslee buy x1 §eᴄᴏᴡ sᴘᴀᴡɴᴇʀ to MrZyrus7228 for $50,000.
[00:11:55] > MrZyrus7228 added x1 §eᴄʜɪᴄᴋᴇɴ sᴘᴀᴡɴᴇʀ in auction for 50000.
[00:12:01] > Kyslee buy x1 §eᴄʜɪᴄᴋᴇɴ sᴘᴀᴡɴᴇʀ to MrZyrus7228 for $50,000.
[00:12:25] > MrZyrus7228 added x1 Enchanted book in auction for 3500.
[00:12:43] > sigman added x16 Ender pearl in auction for 10000.
[00:13:08] > sigman added x16 Ender pearl in auction for 10000.
[00:13:45] > Technoblad7869 added x1 §fMushroom Hat in auction for 40000.
[00:13:55] > grit_zy buy x1 §fMushroom Hat to Technoblad7869 for $40,000.
[00:14:01] > grit_zy remove x1 §fMushroom Hat from buy
[00:14:01] > grit_zy remove x1 §fCat Plushie (Ragdoll) §6(#19/101) from buy
[00:14:09] > Azp3c7 buy x1 §fMushroom Hat to Technoblad7869 for $45,000.
[00:18:42] > Azp3c7 remove x1 Nether star from buy
[00:18:42] > Azp3c7 remove x6 Nether star from buy
[00:18:43] > Azp3c7 remove x1 §eɪʀᴏɴ ɢᴏʟᴇᴍ sᴘᴀᴡɴᴇʀ from buy
[00:18:44] > Azp3c7 remove x1 §fMushroom Hat from buy
[00:25:17] > Technoblad7869 added x1 §eɪʀᴏɴ ɢᴏʟᴇᴍ sᴘᴀᴡɴᴇʀ in auction for 700000.
[00:25:34] > x1 BOOKS AT /PWARP GO NBS on sale by Rain_Reinn has just expired, it goes in the inventory of expired items.
[00:26:47] > x64 FIREWORKS AT /PWARP GO RAIN on sale by Rain_Reinn has just expired, it goes in the inventory of expired items.
[00:27:03] > Technoblad7869 remove x1 §esʜᴇᴇᴘ sᴘᴀᴡɴᴇʀ from storage
[00:27:06] > Technoblad7869 remove x1 §f§l§x§F§C§D§0§5§CW§x§F§A§A§A§4§Bu§x§F§9§8§4§3§Bk§x§F§7§5§F§2§Ao§x§F§5§3§9§1§9n§x§F§4§1§3§0§8g §x§F§5§3§9§1§9S§x§F§7§5§F§2§Ap§x§F§9§8§4§3§Be§x§F§A§A§A§4§Ba§x§F§C§D§0§5§Cr from storage
[00:27:07] > Technoblad7869 remove x1 §eɪʀᴏɴ ɢᴏʟᴇᴍ sᴘᴀᴡɴᴇʀ from storage
[00:27:37] > Technoblad7869 added x1 §esʜᴇᴇᴘ sᴘᴀᴡɴᴇʀ in auction for 60000.
[00:28:00] > Technoblad7869 added x1 §eɪʀᴏɴ ɢᴏʟᴇᴍ sᴘᴀᴡɴᴇʀ in auction for 600000.
[00:28:13] > Technoblad7869 added x1 §f§l§x§F§C§D§0§5§CW§x§F§A§A§A§4§Bu§x§F§9§8§4§3§Bk§x§F§7§5§F§2§Ao§x§F§5§3§9§1§9n§x§F§4§1§3§0§8g §x§F§5§3§9§1§9S§x§F§7§5§F§2§Ap§x§F§9§8§4§3§Be§x§F§A§A§A§4§Ba§x§F§C§D§0§5§Cr in auction for 100000.
[00:35:44] > Technoblad7869 remove x1 §esʜᴇᴇᴘ sᴘᴀᴡɴᴇʀ from storage
[00:35:59] > Technoblad7869 added x1 §esʜᴇᴇᴘ sᴘᴀᴡɴᴇʀ in auction for 40000.
[00:36:02] > Kyslee buy x1 §esʜᴇᴇᴘ sᴘᴀᴡɴᴇʀ to Technoblad7869 for $40,000.
[00:36:04] > Technoblad7869 remove x1 §eɪʀᴏɴ ɢᴏʟᴇᴍ sᴘᴀᴡɴᴇʀ from storage
[00:50:48] > Unforce01 added x1 §fHorns in auction for 10000.
[00:51:23] > sigman added x1 §f§x§4§1§B§C§4§2D§x§4§5§C§3§5§3r§x§4§9§C§9§6§3o§x§4§D§D§0§7§4w§x§5§1§D§7§8§5n§x§5§6§D§E§9§6e§x§5§A§E§4§A§6d§x§5§E§E§B§B§7 §x§6§2§F§2§C§8H§x§6§6§F§8§D§8a§x§6§A§F§F§E§9t in auction for 35000.
[00:52:49] > sigman remove x16 Ender pearl from storage
[00:52:50] > sigman remove x16 Ender pearl from storage
[00:53:00] > sigman added x1 §esᴘɪᴅᴇʀ sᴘᴀᴡɴᴇʀ in auction for 1000000.
[00:56:04] > Technoblad7869 added x1 §eᴘɪɢ sᴘᴀᴡɴᴇʀ in auction for 45000.
[00:56:21] > Technoblad7869 added x1 §eᴡɪᴛᴄʜ ꜱᴘᴀᴡɴᴇʀ in auction for 700000.
[00:56:22] > Azp3c7 buy x1 §eᴘɪɢ sᴘᴀᴡɴᴇʀ to Technoblad7869 for $45,000.
[00:56:27] > Kyslee buy x1 §eᴡɪᴛᴄʜ ꜱᴘᴀᴡɴᴇʀ to Technoblad7869 for $700,000.
[00:56:38] > sigman remove x1 §esᴘɪᴅᴇʀ sᴘᴀᴡɴᴇʀ from storage
[00:56:48] > sigman added x1 §esᴘɪᴅᴇʀ sᴘᴀᴡɴᴇʀ in auction for 600000.
[01:09:57] > x1 Bulk Redstone 80each on sale by giyahnpogi has just expired, it goes in the inventory of expired items.
[01:16:51] > sigman added x1 Gold block in auction for 10.
[01:17:14] > celinesanrio buy x1 Gold block to sigman for $10.
[01:17:18] > celinesanrio remove x1 Gold block form buy
[01:57:29] > celinesanrio added x17 Nether star in auction for 17000.
[02:01:10] > SydneySweetie added x64 Experience bottle in auction for 100000.
[02:01:21] > SydneySweetie added x64 Experience bottle in auction for 100000.
[02:27:51] > El3ctric_Ey3 remove x1 §x§F§F§3§E§0§0§lD§x§F§F§3§5§0§0§le§x§F§F§2§C§0§0§lm§x§F§F§2§3§0§0§lo§x§F§F§1§B§0§0§ln §x§F§F§0§9§0§0§lL§x§F§F§0§0§0§0§lo§x§F§F§0§A§0§0§lr§x§F§F§1§5§0§0§ld §x§F§F§2§9§0§0§lA§x§F§F§3§4§0§0§lx§x§F§F§3§E§0§0§le from storage
[02:27:52] > El3ctric_Ey3 remove x1 §x§E§5§1§B§1§B§lDracula Spear from storage
[02:27:52] > El3ctric_Ey3 remove x1 §f§l§x§F§C§D§0§5§CW§x§F§B§B§0§4§Eu§x§F§9§9§0§4§0k§x§F§8§7§0§3§2o§x§F§6§5§0§2§3n§x§F§5§3§0§1§5g§x§F§4§1§0§0§7 H§x§F§5§3§0§1§5a§x§F§6§5§0§2§3l§x§F§8§7§0§3§2b§x§F§9§9§0§4§0e§x§F§B§B§0§4§Er§x§F§C§D§0§5§Cd from storage
[02:27:53] > El3ctric_Ey3 remove x1 §x§F§0§7§A§5§4§lZombie Apocalyptic Chestplate from storage
[02:28:25] > El3ctric_Ey3 added x1 §x§F§0§7§A§5§4§lZombie Apocalyptic Chestplate in auction for 120000.
[02:28:42] > El3ctric_Ey3 added x1 §f§l§x§F§C§D§0§5§CW§x§F§B§B§0§4§Eu§x§F§9§9§0§4§0k§x§F§8§7§0§3§2o§x§F§6§5§0§2§3n§x§F§5§3§0§1§5g§x§F§4§1§0§0§7 H§x§F§5§3§0§1§5a§x§F§6§5§0§2§3l§x§F§8§7§0§3§2b§x§F§9§9§0§4§0e§x§F§B§B§0§4§Er§x§F§C§D§0§5§Cd in auction for 120000.
[02:28:55] > El3ctric_Ey3 added x1 §x§F§F§3§E§0§0§lD§x§F§F§3§5§0§0§le§x§F§F§2§C§0§0§lm§x§F§F§2§3§0§0§lo§x§F§F§1§B§0§0§ln §x§F§F§0§9§0§0§lL§x§F§F§0§0§0§0§lo§x§F§F§0§A§0§0§lr§x§F§F§1§5§0§0§ld §x§F§F§2§9§0§0§lA§x§F§F§3§4§0§0§lx§x§F§F§3§E§0§0§le in auction for 300000.
[02:30:13] > El3ctric_Ey3 added x1 §x§E§5§1§B§1§B§lDracula Spear in auction for 120000.
[02:31:21] > mae added x1 §f§l§8B§x§6§0§6§0§6§0a§x§6§C§6§C§6§Ch§x§7§7§7§7§7§7a§x§8§2§8§2§8§2m§x§8§E§8§E§8§Eu§x§9§9§9§9§9§9t§x§A§4§A§4§A§4 L§x§9§9§9§9§9§9e§x§8§E§8§E§8§Eg§x§8§2§8§2§8§2g§x§7§7§7§7§7§7i§x§6§C§6§C§6§Cn§x§6§0§6§0§6§0g§8s in auction for 6000000.
[02:31:34] > mae added x1 §x§5§9§A§1§D§9§lA§x§6§B§A§B§D§Dr§x§7§E§B§6§E§1c§x§9§0§C§0§E§6h§x§A§3§C§B§E§Aa§x§B§5§D§5§E§En§x§C§8§E§0§F§2g§x§D§A§E§A§F§7e§x§E§D§F§5§F§Bl §x§E§A§F§3§F§AL§x§D§6§E§8§F§6e§x§C§1§D§C§F§1g§x§A§C§D§0§E§Cg§x§9§7§C§4§E§7i§x§8§3§B§9§E§3n§x§6§E§A§D§D§Eg§x§5§9§A§1§D§9s in auction for 4000000.
[02:31:45] > mae added x1 §x§5§9§A§1§D§9§lA§x§6§A§A§A§D§Dr§x§7§A§B§4§E§1c§x§8§B§B§D§E§4h§x§9§B§C§7§E§8a§x§A§C§D§0§E§Cn§x§B§D§D§9§F§0g§x§C§D§E§3§F§4e§x§D§E§E§C§F§7l §fC§x§E§D§F§5§F§Bh§x§D§A§E§A§F§7e§x§C§8§E§0§F§2s§x§B§5§D§5§E§Et§x§A§3§C§B§E§Ap§x§9§0§C§0§E§6l§x§7§E§B§6§E§1a§x§6§B§A§B§D§Dt§x§5§9§A§1§D§9e in auction for 4000000.
[02:31:56] > mae added x1 §x§5§9§A§1§D§9§lA§x§6§B§A§B§D§Dr§x§7§E§B§6§E§1c§x§9§0§C§0§E§6h§x§A§3§C§B§E§Aa§x§B§5§D§5§E§En§x§C§8§E§0§F§2g§x§D§A§E§A§F§7e§x§E§D§F§5§F§Bl §x§E§A§F§3§F§AL§x§D§6§E§8§F§6e§x§C§1§D§C§F§1g§x§A§C§D§0§E§Cg§x§9§7§C§4§E§7i§x§8§3§B§9§E§3n§x§6§E§A§D§D§Eg§x§5§9§A§1§D§9s in auction for 4000000.
[02:32:04] > mae remove x1 §f§l§8B§x§6§0§6§0§6§0a§x§6§C§6§C§6§Ch§x§7§7§7§7§7§7a§x§8§2§8§2§8§2m§x§8§E§8§E§8§Eu§x§9§9§9§9§9§9t§x§A§4§A§4§A§4 L§x§9§9§9§9§9§9e§x§8§E§8§E§8§Eg§x§8§2§8§2§8§2g§x§7§7§7§7§7§7i§x§6§C§6§C§6§Cn§x§6§0§6§0§6§0g§8s from storage
[02:35:09] > x1 Buying Bahamut armor, @ me on sale by kopo555 has just expired, it goes in the inventory of expired items.
[02:37:14] > mae added x1 §f§l§8B§x§6§3§6§3§6§3a§x§7§1§7§1§7§1h§x§8§0§8§0§8§0a§x§8§E§8§E§8§Em§x§9§C§9§C§9§Cu§7t§x§9§C§9§C§9§C §x§8§E§8§E§8§ES§x§8§0§8§0§8§0t§x§7§1§7§1§7§1a§x§6§3§6§3§6§3f§8f in auction for 3000000.
[02:37:43] > mae added x1 §f§l§8B§x§6§0§6§0§6§0a§x§6§C§6§C§6§Ch§x§7§7§7§7§7§7a§x§8§2§8§2§8§2m§x§8§E§8§E§8§Eu§x§9§9§9§9§9§9t§x§A§4§A§4§A§4 L§x§9§9§9§9§9§9e§x§8§E§8§E§8§Eg§x§8§2§8§2§8§2g§x§7§7§7§7§7§7i§x§6§C§6§C§6§Cn§x§6§0§6§0§6§0g§8s in auction for 3500000.
[02:38:01] > mae added x1 §f§l§8B§x§6§2§6§2§6§2a§x§6§F§6§F§6§Fh§x§7§C§7§C§7§Ca§x§8§9§8§9§8§9m§x§9§6§9§6§9§6u§x§A§3§A§3§A§3t §x§9§6§9§6§9§6S§x§8§9§8§9§8§9h§x§7§C§7§C§7§Co§x§6§F§6§F§6§Fv§x§6§2§6§2§6§2e§8l in auction for 2500000.
[02:38:09] > claypotter buy x1 Enchanted book to MrZyrus7228 for $3,500.
[02:38:56] > claypotter buy x1 Enchanted book to AxoLittle for $3,000.
[02:39:30] > claypotter buy x1 Enchanted book to AxoLittle for $3,000.
[02:44:08] > claypotter remove x1 Enchanted book form buy
[02:44:08] > claypotter remove x1 Enchanted book form buy
[02:44:08] > claypotter remove x1 Enchanted book form buy
[02:44:41] > mae remove x1 §f§l§8B§x§6§0§6§0§6§0a§x§6§C§6§C§6§Ch§x§7§7§7§7§7§7a§x§8§2§8§2§8§2m§x§8§E§8§E§8§Eu§x§9§9§9§9§9§9t§x§A§4§A§4§A§4 L§x§9§9§9§9§9§9e§x§8§E§8§E§8§Eg§x§8§2§8§2§8§2g§x§7§7§7§7§7§7i§x§6§C§6§C§6§Cn§x§6§0§6§0§6§0g§8s from storage
[03:40:12] > celinesanrio added x1 Shield in auction for 10.
[03:40:58] > sigman buy x1 Shield to celinesanrio for $10.
[03:41:07] > sigman remove x1 §x§F§0§7§A§5§4§lZombie Apocalyptic Shield form storage
[03:41:07] > sigman remove x1 §f§l§x§F§C§D§0§5§CW§x§F§B§B§0§4§Eu§x§F§9§9§0§4§0k§x§F§8§7§0§3§2o§x§F§6§5§0§2§3n§x§F§5§3§0§1§5g§x§F§4§1§0§0§7 H§x§F§5§3§0§1§5a§x§F§6§5§0§2§3l§x§F§8§7§0§3§2b§x§F§9§9§0§4§0e§x§F§B§B§0§4§Er§x§F§C§D§0§5§Cd form storage
[03:41:07] > sigman remove x1 §f§x§4§1§B§C§4§2D§x§4§5§C§3§5§3r§x§4§9§C§9§6§3o§x§4§D§D§0§7§4w§x§5§1§D§7§8§5n§x§5§6§D§E§9§6e§x§5§A§E§4§A§6d§x§5§E§E§B§B§7 §x§6§2§F§2§C§8H§x§6§6§F§8§D§8a§x§6§A§F§F§E§9t form storage
[03:41:07] > sigman remove x1 §esᴘɪᴅᴇʀ sᴘᴀᴡɴᴇʀ form storage
[03:41:07] > sigman remove x1 §x§E§5§1§B§1§B§lDracula Spear form storage
[03:41:46] > sigman added x1 §f§l§x§F§C§D§0§5§CW§x§F§B§B§0§4§Eu§x§F§9§9§0§4§0k§x§F§8§7§0§3§2o§x§F§6§5§0§2§3n§x§F§5§3§0§1§5g§x§F§4§1§0§0§7 H§x§F§5§3§0§1§5a§x§F§6§5§0§2§3l§x§F§8§7§0§3§2b§x§F§9§9§0§4§0e§x§F§B§B§0§4§Er§x§F§C§D§0§5§Cd in auction for 350000.
[03:42:03] > sigman added x1 §x§E§5§1§B§1§B§lDracula Spear in auction for 400000.
[03:42:20] > sigman added x1 §x§F§0§7§A§5§4§lZombie Apocalyptic Shield in auction for 150000.
[03:42:58] > sigman added x1 §f§x§4§1§B§C§4§2D§x§4§5§C§3§5§3r§x§4§9§C§9§6§3o§x§4§D§D§0§7§4w§x§5§1§D§7§8§5n§x§5§6§D§E§9§6e§x§5§A§E§4§A§6d§x§5§E§E§B§B§7 §x§6§2§F§2§C§8H§x§6§6§F§8§D§8a§x§6§A§F§F§E§9t in auction for 50000.
[03:43:16] > sigman added x1 §eᴘɪɢ sᴘᴀᴡɴᴇʀ in auction for 45000.
[03:43:30] > sigman added x1 §esᴘɪᴅᴇʀ sᴘᴀᴡɴᴇʀ in auction for 750000.
[04:33:58] > Takeremu buy x64 Sponge to mae for $1,000,000.
[04:34:02] > Takeremu remove x64 Sponge from buy
[04:35:49] > kopo555 added x1 §x§F§F§3§E§0§0§lD§x§F§F§3§7§0§0§le§x§F§F§3§0§0§0§lm§x§F§F§2§9§0§0§lo§x§F§F§2§2§0§0§ln §x§F§F§1§5§0§0§lL§x§F§F§0§E§0§0§lo§x§F§F§0§7§0§0§lr§x§F§F§0§0§0§0§ld §x§F§F§0§E§0§0§lC§x§F§F§1§5§0§0§lr§x§F§F§1§C§0§0§lo§x§F§F§2§2§0§0§ls§x§F§F§2§9§0§0§ls§x§F§F§3§0§0§0§lb§x§F§F§3§7§0§0§lo§x§F§F§3§E§0§0§lw in auction for 500000.
[04:36:01] > baba buy x64 Experience bottle to SydneySweetie for $100,000.
[05:47:02] > baba remove x1 New shop /pwarp MysticMarket (tons of exp bottles) from storage
[05:47:45] > baba added x1 All items restocked at /pwarp warp MysticMarket in auction for 100000000000.
[05:48:12] > baba added x1 §x§F§F§3§E§0§0§lD§x§F§F§3§5§0§0§le§x§F§F§2§C§0§0§lm§x§F§F§2§3§0§0§lo§x§F§F§1§B§0§0§ln §x§F§F§0§9§0§0§lL§x§F§F§0§0§0§0§lo§x§F§F§0§A§0§0§lr§x§F§F§1§5§0§0§ld §x§F§F§2§9§0§0§lH§x§F§F§3§4§0§0§lo§x§F§F§3§E§0§0§le in auction for 150000.
[07:16:39] > x47 Pale oak sapling on sale by HEYkay27 has just expired, it goes in the inventory of expired items.
[07:17:20] > PrinceBGC remove x1 §eᴄʜɪᴄᴋᴇɴ sᴘᴀᴡɴᴇʀ from storage
[07:17:25] > PrinceBGC added x1 §eᴄʜɪᴄᴋᴇɴ sᴘᴀᴡɴᴇʀ in auction for 150000.
[07:40:49] > FRANZ_JOSEF0 buy x1 §f§x§4§1§B§C§4§2D§x§4§5§C§3§5§3r§x§4§9§C§9§6§3o§x§4§D§D§0§7§4w§x§5§1§D§7§8§5n§x§5§6§D§E§9§6e§x§5§A§E§4§A§6d§x§5§E§E§B§B§7 §x§6§2§F§2§C§8H§x§6§6§F§8§D§8a§x§6§A§F§F§E§9t to sigman for $50,000.
[07:41:07] > FRANZ_JOSEF0 remove x1 §f§x§4§1§B§C§4§2D§x§4§5§C§3§5§3r§x§4§9§C§9§6§3o§x§4§D§D§0§7§4w§x§5§1§D§7§8§5n§x§5§6§D§E§9§6e§x§5§A§E§4§A§6d§x§5§E§E§B§B§7 §x§6§2§F§2§C§8H§x§6§6§F§8§D§8a§x§6§A§F§F§E§9t from buy
[07:45:39] > DanRaiv remove x2 Coast armor trim smithing template from storage
[07:52:55] > DanRaiv added x3 Ancient debris in auction for 1000.
[07:53:00] > Takeremu buy x3 Ancient debris to DanRaiv for $1,000.
[07:53:04] > Takeremu remove x3 Ancient debris from buy
[08:06:09] > x1 exp and expbottles in /pwarp go expppfarm on sale by kkyleeeeesa has just expired, it goes in the inventory of expired items.
[08:40:06] > Chezzy added x1 Wither skeleton skull in auction for 30000.
[08:59:19] > tic_sz added x1 §f§l§x§F§A§0§0§0§AD§x§F§A§1§C§1§5a§x§F§B§3§7§2§0r§x§F§B§5§3§2§Bk§x§F§B§6§F§3§6f§x§F§B§8§B§4§1l§x§F§C§A§6§4§Ca§x§F§C§C§2§5§7me§x§F§C§A§6§4§C §x§F§B§8§B§4§1S§x§F§B§6§F§3§6i§x§F§B§5§3§2§Bc§x§F§B§3§7§2§0k§x§F§A§1§C§1§5l§x§F§A§0§0§0§Ae in auction for 1000000.
[09:13:40] > HwanYo remove x1 IRON BLOCKS from storage
[09:13:41] > HwanYo remove x10 §x§F§C§D§0§5§C§lB§x§E§6§D§3§6§B§la§x§C§F§D§5§7§A§ls§x§B§9§D§8§8§9§li§x§A§2§D§A§9§8§lc §x§7§5§D§F§B§6§lC§x§5§F§E§2§C§5§lr§x§7§5§D§F§B§6§la§x§8§C§D§D§A§7§lt§x§A§2§D§A§9§8§le §x§C§F§D§5§7§A§lK§x§E§6§D§3§6§B§le§x§F§C§D§0§5§C§ly from storage
[09:13:42] > HwanYo remove x5 §x§F§C§9§0§5§C§lE§x§E§6§9§C§6§B§lp§x§C§F§A§7§7§A§li§x§B§9§B§3§8§9§lc §x§8§C§C§B§A§7§lC§x§7§5§D§6§B§6§lr§x§5§F§E§2§C§5§la§x§7§9§D§4§B§4§lt§x§9§3§C§7§A§2§le §x§C§8§A§B§7§F§lK§x§E§2§9§E§6§E§le§x§F§C§9§0§5§C§ly from storage
[09:16:28] > HwanYo added x64 Experience bottle in auction for 150000.
[09:16:44] > HwanYo added x64 Experience bottle in auction for 150000.
[09:17:02] > HwanYo added x64 Experience bottle in auction for 150000.
[09:17:15] > HwanYo added x64 Experience bottle in auction for 150000.
[09:19:18] > HwanYo added x64 Experience bottle in auction for 150000.
[09:20:02] > DanRaiv added x1 Mace in auction for 10.
[09:21:29] > x1 §f§l§x§F§C§D§0§5§CW§x§F§A§A§A§4§Bu§x§F§9§8§4§3§Bk§x§F§7§5§F§2§Ao§x§F§5§3§9§1§9n§x§F§4§1§3§0§8g §x§F§5§3§9§1§9S§x§F§7§5§F§2§Ap§x§F§9§8§4§3§Be§x§F§A§A§A§4§Ba§x§F§C§D§0§5§Cr on sale by Keeos has just expired, it goes in the inventory of expired items.
[09:21:29] > HwanYo added x64 Experience bottle in auction for 150000.
[09:21:40] > HwanYo added x64 Experience bottle in auction for 150000.
[09:22:32] > .SharkyisHungry added x1 TOMBOY SMASHER;]🥶 in auction for 399999.
[09:23:19] > x1 §f§l§x§F§C§D§0§5§CW§x§F§A§A§A§4§Bu§x§F§9§8§4§3§Bk§x§F§7§5§F§2§Ao§x§F§5§3§9§1§9n§x§F§4§1§3§0§8g §x§F§5§3§9§1§9S§x§F§7§5§F§2§Ap§x§F§9§8§4§3§Be§x§F§A§A§A§4§Ba§x§F§C§D§0§5§Cr on sale by Keeos has just expired, it goes in the inventory of expired items.
[09:23:19] > x1 §f§l§x§F§C§D§0§5§CW§x§F§A§A§A§4§Bu§x§F§9§8§4§3§Bk§x§F§7§5§F§2§Ao§x§F§5§3§9§1§9n§x§F§4§1§3§0§8g §x§F§5§3§9§1§9S§x§F§7§5§F§2§At§x§F§9§8§4§3§Ba§x§F§A§A§A§4§Bf§x§F§C§D§0§5§Cf on sale by Keeos has just expired, it goes in the inventory of expired items.
[09:23:33] > HwanYo buy x1 §esᴘɪᴅᴇʀ sᴘᴀᴡɴᴇʀ to sigman for $750,000.
[09:23:50] > HwanYo buy x4 Netherite ingot to Johng10910 for $400,000.
[09:31:16] > kabayooo added x1 Enchanted book in auction for 10000.
[09:31:42] > monggol buy x1 Enchanted book to kabayooo for $10,000.
[09:33:45] > monggol buy x1 Mace to DanRaiv for $10.
[09:34:51] > monggol remove x1 Enchanted book form buy
[09:34:51] > monggol remove x1 Mace form buy
[09:36:54] > monggol added x1 Enchanted book in auction for 10000.
[09:41:37] > AxoLittle buy x1 §fHorns to Unforce01 for $10,000.
[09:42:19] > BushSeat added x1 §fAdventure Hat in auction for 50000.
[09:42:46] > Pewpew added x1 §esʜᴇᴇᴘ sᴘᴀᴡɴᴇʀ in auction for 300000.
[09:44:44] > AxoLittle buy x1 §fWitch Hat to Unforce01 for $10,000.
[09:45:29] > .SharkyisHungry added x1 §x§9§8§6§3§E§7§lG§x§9§0§7§5§E§2§lo§x§8§8§8§7§D§D§ld§x§8§0§9§9§D§8§ll§x§7§7§A§C§D§4§ly §x§6§7§D§0§C§A§lC§x§5§F§E§2§C§5§lr§x§6§7§D§0§C§A§la§x§6§F§B§E§C§F§lt§x§7§7§A§C§D§4§le §x§8§8§8§7§D§D§lK§x§9§0§7§5§E§2§le§x§9§8§6§3§E§7§ly in auction for 400001.
[09:45:32] > mauserdart added x1 §x§9§8§6§3§E§7§lG§x§9§0§7§5§E§2§lo§x§8§8§8§7§D§D§ld§x§8§0§9§9§D§8§ll§x§7§7§A§C§D§4§ly §x§6§7§D§0§C§A§lC§x§5§F§E§2§C§5§lr§x§6§7§D§0§C§A§la§x§6§F§B§E§C§F§lt§x§7§7§A§C§D§4§le §x§8§8§8§7§D§D§lK§x§9§0§7§5§E§2§le§x§9§8§6§3§E§7§ly in auction for 450000.
[09:45:34] > tic_sz buy x1 §x§9§8§6§3§E§7§lG§x§9§0§7§5§E§2§lo§x§8§8§8§7§D§D§ld§x§8§0§9§9§D§8§ll§x§7§7§A§C§D§4§ly §x§6§7§D§0§C§A§lC§x§5§F§E§2§C§5§lr§x§6§7§D§0§C§A§la§x§6§F§B§E§C§F§lt§x§7§7§A§C§D§4§le §x§8§8§8§7§D§D§lK§x§9§0§7§5§E§2§le§x§9§8§6§3§E§7§ly to mauserdart for $450,000.
[09:45:38] > Hunter_Sung buy x1 §x§9§8§6§3§E§7§lG§x§9§0§7§5§E§2§lo§x§8§8§8§7§D§D§ld§x§8§0§9§9§D§8§ll§x§7§7§A§C§D§4§ly §x§6§7§D§0§C§A§lC§x§5§F§E§2§C§5§lr§x§6§7§D§0§C§A§la§x§6§F§B§E§C§F§lt§x§7§7§A§C§D§4§le §x§8§8§8§7§D§D§lK§x§9§0§7§5§E§2§le§x§9§8§6§3§E§7§ly to .SharkyisHungry for $400,001.
[09:46:21] > tic_sz remove x1 §x§9§8§6§3§E§7§lG§x§9§0§7§5§E§2§lo§x§8§8§8§7§D§D§ld§x§8§0§9§9§D§8§ll§x§7§7§A§C§D§4§ly §x§6§7§D§0§C§A§lC§x§5§F§E§2§C§5§lr§x§6§7§D§0§C§A§la§x§6§F§B§E§C§F§lt§x§7§7§A§C§D§4§le §x§8§8§8§7§D§D§lK§x§9§0§7§5§E§2§le§x§9§8§6§3§E§7§ly from buy
[09:46:40] > Hunter_Sung remove x1 §x§9§8§6§3§E§7§lG§x§9§0§7§5§E§2§lo§x§8§8§8§7§D§D§ld§x§8§0§9§9§D§8§ll§x§7§7§A§C§D§4§ly §x§6§7§D§0§C§A§lC§x§5§F§E§2§C§5§lr§x§6§7§D§0§C§A§la§x§6§F§B§E§C§F§lt§x§7§7§A§C§D§4§le §x§8§8§8§7§D§D§lK§x§9§0§7§5§E§2§le§x§9§8§6§3§E§7§ly from buy
[10:02:52] > kabayooo added x1 Diamond sword in auction for 70000.
[10:54:11] > omikiyomi buy x64 Experience bottle to HwanYo for $150,000.
[10:54:20] > omikiyomi remove x64 Experience bottle from buy
[10:56:38] > El3ctric_Ey3 buy x1 Enchanted book to monggol for $10,000.
[11:02:11] > Khanetucky added x1 Netherite chestplate in auction for 200000.
[11:02:30] > FRANZ_JOSEF0 buy x1 Netherite chestplate to Khanetucky for $200,000.
[11:02:35] > FRANZ_JOSEF0 remove x1 Netherite chestplate from buy
[11:09:05] > omikiyomi buy x64 Experience bottle to HwanYo for $150,000.
[11:09:07] > omikiyomi buy x64 Experience bottle to HwanYo for $150,000.
[11:09:14] > omikiyomi remove x64 Experience bottle from buy
[11:09:14] > omikiyomi remove x64 Experience bottle from buy
[11:10:52] > MrZyrus7228 added x3 Birch log in auction for 10.
[11:12:03] > namerikangel buy x1 Gun Pawdahhh!!! to mae for $100,000.
[11:12:18] > namerikangel remove x1 Gun Pawdahhh!!! from buy
[11:12:43] > Drpeckles buy x64 Experience bottle to HwanYo for $150,000.
[11:13:04] > Drpeckles remove x64 Experience bottle from buy
[11:15:04] > tic_sz remove x1 §f§l§8B§x§6§2§6§2§6§2a§x§6§F§6§F§6§Fh§x§7§C§7§C§7§Ca§x§8§9§8§9§8§9m§x§9§6§9§6§9§6u§x§A§3§A§3§A§3t §x§9§6§9§6§9§6S§x§8§9§8§9§8§9h§x§7§C§7§C§7§Co§x§6§F§6§F§6§Fv§x§6§2§6§2§6§2e§8l from storage
[11:15:06] > tic_sz remove x1 §f§l§x§F§A§0§0§0§AD§x§F§A§1§C§1§5a§x§F§B§3§7§2§0r§x§F§B§5§3§2§Bk§x§F§B§6§F§3§6f§x§F§B§8§B§4§1l§x§F§C§A§6§4§Ca§x§F§C§C§2§5§7me§x§F§C§A§6§4§C §x§F§B§8§B§4§1S§x§F§B§6§F§3§6i§x§F§B§5§3§2§Bc§x§F§B§3§7§2§0k§x§F§A§1§C§1§5l§x§F§A§0§0§0§Ae from storage
[11:25:30] > kkyleeeeesa buy x1 Blue shulker box to celinesanrio for $210,000.
[11:25:35] > kkyleeeeesa remove x1 Blue shulker box from buy
[11:44:31] > MrZyrus7228 buy x64 Experience bottle to SydneySweetie for $100,000.
[11:44:35] > MrZyrus7228 remove x64 Experience bottle from buy
[11:44:37] > MrZyrus7228 remove x1 §x§5§C§C§F§F§C§lC§x§5§C§D§1§F§5§lo§x§5§D§D§4§E§E§ls§x§5§D§D§6§E§7§lm§x§5§E§D§9§E§1§le§x§5§E§D§B§D§A§lt§x§5§E§D§D§D§3§li§x§5§F§E§0§C§C§lc §x§5§F§E§0§C§C§lH§x§5§E§D§D§D§3§la§x§5§E§D§B§D§A§lt§x§5§E§D§9§E§1§ls §x§5§D§D§4§E§E§lK§x§5§C§D§1§F§5§le§x§5§C§C§F§F§C§ly from buy
[11:45:22] > MrZyrus7228 buy x64 Experience bottle to HwanYo for $150,000.
[11:45:24] > MrZyrus7228 buy x64 Experience bottle to HwanYo for $150,000.
[11:45:38] > MrZyrus7228 remove x64 Experience bottle from buy
[11:45:38] > MrZyrus7228 remove x64 Experience bottle from buy
[11:46:20] > .AyakoKoru buy x1 Enchanted book to AxoLittle for $3,000.
[11:46:20] > x64 Spruce log on sale by _XDsTeezy has just expired, it goes in the inventory of expired items.
[11:47:40] > x64 Spruce log on sale by _XDsTeezy has just expired, it goes in the inventory of expired items.
[11:47:40] > x64 Spruce log on sale by _XDsTeezy has just expired, it goes in the inventory of expired items.
[11:57:28] > HwanYo added x64 Experience bottle in auction for 140000.
[11:57:40] > HwanYo added x64 Experience bottle in auction for 140000.
[11:57:51] > HwanYo added x64 Experience bottle in auction for 130000.
[11:58:16] > HwanYo added x64 Experience bottle in auction for 130000.
[11:58:44] > HwanYo added x64 Experience bottle in auction for 130000.
[11:59:24] > HwanYo added x64 Experience bottle in auction for 130000.