
[15:27:50] > Kyslee remove x1 Mace from storage
[15:27:52] > Kyslee remove x1 §x§6§0§0§0§F§F§lɢᴏᴅʟʏ ɪᴛᴇᴍ from storage
[15:27:53] > Kyslee remove x1 §fShogun Flag Backpack from storage
[15:27:54] > Kyslee remove x1 §fShogun Staff from storage
[15:27:55] > Kyslee remove x1 §7Cemetery Hat from storage
[15:27:59] > Kyslee added x64 Glowstone in auction for 1000.
[15:28:05] > Kyslee added x1 §7Cemetery Hat in auction for 95000.
[15:28:19] > Kyslee added x1 §x§6§0§0§0§F§F§lɢᴏᴅʟʏ ɪᴛᴇᴍ in auction for 45000.
[15:28:26] > Kyslee added x1 §fShogun Staff in auction for 70000.
[15:28:33] > Kyslee added x1 §fShogun Flag Backpack in auction for 70000.
[15:29:10] > namerikangel buy x64 Glowstone to Zypher_0w0 for $640.
[15:29:16] > namerikangel buy x64 Glowstone to Zypher_0w0 for $640.
[15:32:24] > Kyslee remove x1 §fShogun Flag Backpack from storage
[15:32:25] > Kyslee remove x1 §fShogun Staff from storage
[15:32:28] > Kyslee added x1 Mace in auction for 1000000.
[15:49:43] > Zypher_0w0 added x1 Enchanted book in auction for 700000.
[15:50:43] > Zypher_0w0 added x1 Enchanted book in auction for 500000.
[15:50:51] > Zypher_0w0 added x1 Enchanted book in auction for 500000.
[16:00:01] > J_Caleb buy x1 §eᴄʀᴇᴇᴘᴇʀ sᴘᴀᴡɴᴇʀ to CeeJaiye for $250 000.
[16:08:20] > Zypher_0w0 added x1 Netherite upgrade smithing template in auction for 100.
[16:08:26] > grit_zy buy x1 Netherite upgrade smithing template to Zypher_0w0 for $100.
[16:09:53] > x64 Wind charge, bought by celinesanrio, has just expired, the item is definitively deleted.
[16:09:55] > Zypher_0w0 added x1 Netherite upgrade smithing template in auction for 100.
[16:10:01] > HPMR_GaMerz buy x1 Netherite upgrade smithing template to Zypher_0w0 for $100.
[16:10:03] > Zypher_0w0 added x1 Netherite upgrade smithing template in auction for 100.
[16:10:18] > MilkeBread buy x1 Netherite upgrade smithing template to Zypher_0w0 for $100.
[16:26:29] > HPMR_GaMerz added x1 §b§lTotem in auction for 50000.
[16:28:50] > Zypher_0w0 added x1 Enchanted book in auction for 700000.
[16:29:12] > Zypher_0w0 added x1 Enchanted book in auction for 500000.
[16:29:16] > Zypher_0w0 remove x1 Enchanted book from storage
[16:29:16] > Zypher_0w0 remove x1 Enchanted book from storage
[16:29:17] > Zypher_0w0 remove x1 Enchanted book from storage
[16:29:17] > Zypher_0w0 remove x1 Enchanted book from storage
[16:29:18] > HPMR_GaMerz buy x1 Enchanted book to Zypher_0w0 for $500 000.
[16:29:32] > Zypher_0w0 added x1 Enchanted book in auction for 500000.
[16:29:37] > HPMR_GaMerz buy x1 Enchanted book to Zypher_0w0 for $500 000.
[16:29:43] > Zypher_0w0 added x1 Enchanted book in auction for 400000.
[16:29:53] > Zypher_0w0 added x1 Enchanted book in auction for 500000.
[16:29:57] > HPMR_GaMerz added x1 Enchanted book in auction for 700000.
[16:30:01] > Zypher_0w0 added x1 Enchanted book in auction for 400000.
[16:30:03] > HPMR_GaMerz buy x1 Enchanted book to Zypher_0w0 for $500 000.
[16:30:14] > HPMR_GaMerz remove x1 Ominous bottle from storage
[16:30:20] > HPMR_GaMerz added x1 Enchanted book in auction for 700000.
[16:34:39] > celinesanrio buy x64 Glowstone to Kyslee for $1 000.
[16:36:15] > Kyslee added x1 Enchanted book in auction for 500000.
[16:36:20] > Kyslee remove x1 Enchanted book from storage
[16:36:33] > Kyslee remove x1 Enchanted book from expire
[16:36:52] > Kyslee added x1 Swift Sneak III in auction for 500000.
[16:37:02] > HPMR_GaMerz buy x1 Swift Sneak III to Kyslee for $500 000.
[16:37:24] > HPMR_GaMerz remove x1 §b§lTotem from storage
[16:37:27] > HPMR_GaMerz added x1 Swift Sneak III in auction for 700000.
[16:37:51] > Kyslee added x1 Swift Sneak III in auction for 500000.
[16:37:57] > HPMR_GaMerz buy x1 Swift Sneak III to Kyslee for $500 000.
[16:38:07] > HPMR_GaMerz remove x1 §eᴡᴀʀᴅᴇɴ ꜱᴘᴀᴡɴᴇʀ from storage
[16:38:18] > HPMR_GaMerz added x1 Swift Sneak III in auction for 700000.
[16:42:05] > Kyslee added x64 Carrot in auction for 10.
[16:54:43] > KnownasTravis added x1 Netherite upgrade smithing template in auction for 100000.
[16:59:50] > Zypher_0w0 remove x3 Wither skeleton skull from expire
[16:59:59] > Zypher_0w0 added x3 Wither skeleton skull in auction for 50000.
[17:04:54] > HPMR_GaMerz remove x1 Enchanted book from storage
[17:05:00] > HPMR_GaMerz remove x1 Enchanted book from expire
[17:10:33] > Zypher_0w0 added x1 Did someone say TNT ? in auction for 150000.
[17:11:14] > Zypher_0w0 added x1 §x§E§4§3§A§9§6§lW§x§E§7§5§3§A§3§lI§x§E§B§6§B§B§0§lN§x§E§E§8§4§B§D§lG§x§F§2§9§D§C§B§lS §x§F§8§C§E§E§5§lO§x§F§C§E§6§F§2§lF §x§F§C§E§6§F§2§lE§x§F§8§C§E§E§5§lT§x§F§5§B§5§D§8§lE§x§F§2§9§D§C§B§lR§x§E§E§8§4§B§D§lN§x§E§B§6§B§B§0§lI§x§E§7§5§3§A§3§lT§x§E§4§3§A§9§6§lY in auction for 120000.
[17:11:19] > MaxKian buy x1 §x§E§4§3§A§9§6§lW§x§E§7§5§3§A§3§lI§x§E§B§6§B§B§0§lN§x§E§E§8§4§B§D§lG§x§F§2§9§D§C§B§lS §x§F§8§C§E§E§5§lO§x§F§C§E§6§F§2§lF §x§F§C§E§6§F§2§lE§x§F§8§C§E§E§5§lT§x§F§5§B§5§D§8§lE§x§F§2§9§D§C§B§lR§x§E§E§8§4§B§D§lN§x§E§B§6§B§B§0§lI§x§E§7§5§3§A§3§lT§x§E§4§3§A§9§6§lY to Zypher_0w0 for $120 000.
[17:11:48] > Raylii added x1 §x§F§F§3§E§0§0§lD§x§F§F§3§6§0§0§le§x§F§F§2§F§0§0§lm§x§F§F§2§7§0§0§lo§x§F§F§1§F§0§0§ln §x§F§F§1§0§0§0§lL§x§F§F§0§8§0§0§lo§x§F§F§0§0§0§0§lr§x§F§F§0§9§0§0§ld §x§F§F§1§B§0§0§lB§x§F§F§2§3§0§0§lo§x§F§F§2§C§0§0§lo§x§F§F§3§5§0§0§lt§x§F§F§3§E§0§0§ls in auction for 500000.
[17:12:34] > Zypher_0w0 added x1 §x§E§4§3§A§9§6§lW§x§E§7§5§3§A§3§lI§x§E§B§6§B§B§0§lN§x§E§E§8§4§B§D§lG§x§F§2§9§D§C§B§lS §x§F§8§C§E§E§5§lO§x§F§C§E§6§F§2§lF §x§F§C§E§6§F§2§lE§x§F§8§C§E§E§5§lT§x§F§5§B§5§D§8§lE§x§F§2§9§D§C§B§lR§x§E§E§8§4§B§D§lN§x§E§B§6§B§B§0§lI§x§E§7§5§3§A§3§lT§x§E§4§3§A§9§6§lY in auction for 120000.
[17:12:38] > HPMR_GaMerz buy x1 §x§E§4§3§A§9§6§lW§x§E§7§5§3§A§3§lI§x§E§B§6§B§B§0§lN§x§E§E§8§4§B§D§lG§x§F§2§9§D§C§B§lS §x§F§8§C§E§E§5§lO§x§F§C§E§6§F§2§lF §x§F§C§E§6§F§2§lE§x§F§8§C§E§E§5§lT§x§F§5§B§5§D§8§lE§x§F§2§9§D§C§B§lR§x§E§E§8§4§B§D§lN§x§E§B§6§B§B§0§lI§x§E§7§5§3§A§3§lT§x§E§4§3§A§9§6§lY to Zypher_0w0 for $120 000.
[17:13:12] > MaxKian buy x1 Did someone say TNT ? to Zypher_0w0 for $150 000.
[17:13:31] > Zypher_0w0 added x1 §x§F§C§9§0§5§C§lE§x§E§6§9§C§6§B§lp§x§C§F§A§7§7§A§li§x§B§9§B§3§8§9§lc §x§8§C§C§B§A§7§lC§x§7§5§D§6§B§6§lr§x§5§F§E§2§C§5§la§x§7§9§D§4§B§4§lt§x§9§3§C§7§A§2§le §x§C§8§A§B§7§F§lK§x§E§2§9§E§6§E§le§x§F§C§9§0§5§C§ly in auction for 70000.
[17:13:47] > Zypher_0w0 remove x1 §x§F§C§9§0§5§C§lE§x§E§6§9§C§6§B§lp§x§C§F§A§7§7§A§li§x§B§9§B§3§8§9§lc §x§8§C§C§B§A§7§lC§x§7§5§D§6§B§6§lr§x§5§F§E§2§C§5§la§x§7§9§D§4§B§4§lt§x§9§3§C§7§A§2§le §x§C§8§A§B§7§F§lK§x§E§2§9§E§6§E§le§x§F§C§9§0§5§C§ly from storage
[17:14:21] > Zypher_0w0 added x1 Silence armor trim smithing template in auction for 70000.
[17:14:28] > Zypher_0w0 added x1 Coast armor trim smithing template in auction for 50000.
[17:14:35] > Zypher_0w0 added x1 Flow armor trim smithing template in auction for 50000.
[17:14:52] > Zypher_0w0 added x1 Snout armor trim smithing template in auction for 50000.
[17:15:04] > Zypher_0w0 remove x1 §x§6§0§0§0§F§F§lɢᴏᴅʟʏ ɪᴛᴇᴍ from storage
[17:15:04] > Zypher_0w0 remove x1 §x§6§0§0§0§F§F§lɢᴏᴅʟʏ ɪᴛᴇᴍ from storage
[17:15:09] > Zypher_0w0 remove x1 Music disc lava chicken from storage
[17:15:13] > Zypher_0w0 remove x1 Enchanted book from storage
[17:15:14] > Zypher_0w0 remove x1 Enchanted book from storage
[17:16:27] > Zypher_0w0 added x1 Enchanted book in auction for 500000.
[17:16:34] > HPMR_GaMerz buy x1 Enchanted book to Zypher_0w0 for $500 000.
[17:16:44] > HPMR_GaMerz added x1 Enchanted book in auction for 700000.
[17:36:25] > namerikangel buy x1 Silence armor trim smithing template to Zypher_0w0 for $70 000.
[17:46:17] > Zypher_0w0 added x1 Enchanted book in auction for 500000.
[18:39:23] > namerikangel added x1 Sculk shrieker in auction for 1000000.
[18:42:44] > Zypher_0w0 added x1 §e§lE-Boy Fish in auction for 100000000.
[19:17:28] > Zypher_0w0 added x1 Did someone say TNT ? in auction for 150000.
[19:17:32] > x1 Shulker box, item of Peanutroaster, has just expired, the item is definitively deleted.
[19:17:32] > x1 §x§6§0§0§0§F§F§lɢᴏᴅʟʏ ɪᴛᴇᴍ, item of Zen0969, has just expired, the item is definitively deleted.
[19:22:50] > softlattee remove x1 §fShogun Crossbow from storage
[19:22:52] > softlattee remove x1 §fShogun Boots from storage
[19:23:14] > softlattee added x1 §fShogun Boots in auction for 125000.
[19:23:28] > softlattee added x1 §fShogun Crossbow in auction for 125000.
[19:23:36] > softlattee remove x1 §fShogun Boots from storage
[19:23:56] > softlattee added x1 §fShogun Boots in auction for 100000.
[19:24:20] > Cynishere added x1 §eᴢᴏᴍʙɪᴇ sᴘᴀᴡɴᴇʀ in auction for 150000.
[19:24:32] > Cynishere added x1 §eᴡɪᴛᴄʜ ꜱᴘᴀᴡɴᴇʀ in auction for 1000000.
[19:25:43] > Cynishere remove x1 §eᴡɪᴛᴄʜ ꜱᴘᴀᴡɴᴇʀ from storage
[19:25:50] > Cynishere remove x1 §eʙʟᴀᴢᴇ sᴘᴀᴡɴᴇʀ from expire
[19:25:50] > Cynishere remove x4 §eᴡᴀʀᴅᴇɴ ꜱᴘᴀᴡɴᴇʀ from expire
[19:25:51] > Cynishere remove x1 §esᴘɪᴅᴇʀ sᴘᴀᴡɴᴇʀ from expire
[19:25:51] > Cynishere remove x1 §eᴡɪᴛᴄʜ ꜱᴘᴀᴡɴᴇʀ from expire
[19:25:51] > Cynishere remove x2 §esᴋᴇʟᴇᴛᴏɴ sᴘᴀᴡɴᴇʀ from expire
[19:25:57] > Cynishere added x4 §eᴡᴀʀᴅᴇɴ ꜱᴘᴀᴡɴᴇʀ in auction for 6000000.
[19:26:28] > Cynishere added x1 §eᴡɪᴛᴄʜ ꜱᴘᴀᴡɴᴇʀ in auction for 100000.
[19:26:34] > Zypher_0w0 buy x1 §eᴡɪᴛᴄʜ ꜱᴘᴀᴡɴᴇʀ to Cynishere for $100 000.
[19:26:46] > Cynishere added x1 §eʙʟᴀᴢᴇ sᴘᴀᴡɴᴇʀ in auction for 1500000.
[19:30:20] > J_Caleb buy x1 §eᴢᴏᴍʙɪᴇ sᴘᴀᴡɴᴇʀ to Cynishere for $150 000.
[19:31:36] > Zypher_0w0 added x1 §x§E§4§3§A§9§6§lW§x§E§7§5§3§A§3§lI§x§E§B§6§B§B§0§lN§x§E§E§8§4§B§D§lG§x§F§2§9§D§C§B§lS §x§F§8§C§E§E§5§lO§x§F§C§E§6§F§2§lF §x§F§C§E§6§F§2§lE§x§F§8§C§E§E§5§lT§x§F§5§B§5§D§8§lE§x§F§2§9§D§C§B§lR§x§E§E§8§4§B§D§lN§x§E§B§6§B§B§0§lI§x§E§7§5§3§A§3§lT§x§E§4§3§A§9§6§lY in auction for 150000.
[19:37:03] > namerikangel added x1 Nether star in auction for 200.
[19:37:07] > Cynishere buy x1 Nether star to namerikangel for $200.
[19:38:15] > Zypher_0w0 added x1 /pwarp go TotemTrade (3k per totem) in auction for 5000.
[19:38:18] > Cynishere buy x1 /pwarp go TotemTrade (3k per totem) to Zypher_0w0 for $5 000.
[19:38:23] > Zypher_0w0 added x1 /pwarp go TotemTrade (3k per totem) in auction for 5000.
[19:38:26] > Cynishere buy x1 /pwarp go TotemTrade (3k per totem) to Zypher_0w0 for $5 000.
[19:38:30] > grit_zy buy x1 §x§E§4§3§A§9§6§lW§x§E§7§5§3§A§3§lI§x§E§B§6§B§B§0§lN§x§E§E§8§4§B§D§lG§x§F§2§9§D§C§B§lS §x§F§8§C§E§E§5§lO§x§F§C§E§6§F§2§lF §x§F§C§E§6§F§2§lE§x§F§8§C§E§E§5§lT§x§F§5§B§5§D§8§lE§x§F§2§9§D§C§B§lR§x§E§E§8§4§B§D§lN§x§E§B§6§B§B§0§lI§x§E§7§5§3§A§3§lT§x§E§4§3§A§9§6§lY to Zypher_0w0 for $150 000.
[19:38:46] > Cynishere added x1 /pwarp go TotemTrade (3k per totem) in auction for 67.
[19:38:50] > grit_zy buy x1 /pwarp go TotemTrade (3k per totem) to Cynishere for $67.
[19:38:56] > Zypher_0w0 added x1 /pwarp go TotemTrade (3k per totem) in auction for 100000000.
[19:39:04] > Kyslee remove x64 /pwarp go RayotShop 2k each book from storage
[19:39:10] > Kyslee added x64 /pwarp go RayotShop 2k each book in auction for 999999999.
[19:40:41] > Cynishere added x64 Go /pwarp go VampiraShop For mid price (not done) in auction for 9999999999.
[19:42:31] > x3 Dried ghast on sale by RENZO has just expired, it goes in the inventory of expired items.
[20:04:39] > softlattee remove x1 §fShogun Crossbow from storage
[20:04:41] > softlattee remove x1 §fShogun Boots from storage
[20:04:57] > softlattee added x1 §fShogun Boots in auction for 50000.
[20:05:04] > softlattee added x1 §fShogun Crossbow in auction for 100000.
[20:05:25] > softlattee added x1 §x§F§F§3§E§0§0§lD§x§F§F§3§6§0§0§le§x§F§F§2§F§0§0§lm§x§F§F§2§7§0§0§lo§x§F§F§1§F§0§0§ln §x§F§F§1§0§0§0§lL§x§F§F§0§8§0§0§lo§x§F§F§0§0§0§0§lr§x§F§F§0§8§0§0§ld §x§F§F§1§7§0§0§lD§x§F§F§1§F§0§0§la§x§F§F§2§7§0§0§lg§x§F§F§2§F§0§0§lg§x§F§F§3§6§0§0§le§x§F§F§3§E§0§0§lr in auction for 250000.
[21:11:21] > Seris00 buy x1 Coast armor trim smithing template to Zypher_0w0 for $50 000.
[21:13:04] > celinesanrio buy x1 §fShogun Boots to softlattee for $50 000.
[21:14:44] > Zypher_0w0 added x1 §fShogun Sword in auction for 90000.
[21:25:47] > celinesanrio added x30 Dried ghast in auction for 1000000.
[21:25:51] > grit_zy buy x30 Dried ghast to celinesanrio for $1 000 000.
[21:40:36] > Cynishere remove x4 §eᴡᴀʀᴅᴇɴ ꜱᴘᴀᴡɴᴇʀ from storage
[21:40:40] > x1 §x§6§0§0§0§F§F§lɢᴏᴅʟʏ ɪᴛᴇᴍ, item of .Acon1te4773, has just expired, the item is definitively deleted.
[21:40:40] > x1 §x§E§3§A§F§4§F§lʟᴇɢᴇɴᴅᴀʀʏ ɪᴛᴇᴍ, item of .Acon1te4773, has just expired, the item is definitively deleted.
[21:40:41] > Cynishere remove x4 §eᴡᴀʀᴅᴇɴ ꜱᴘᴀᴡɴᴇʀ from expire
[21:40:44] > Tokxii added x1 §eʙʟᴀᴢᴇ sᴘᴀᴡɴᴇʀ in auction for 220000.
[21:40:51] > Cynishere added x4 §eᴡᴀʀᴅᴇɴ ꜱᴘᴀᴡɴᴇʀ in auction for 4000000.
[21:58:21] > Cynishere added x1 §eᴡɪᴛʜᴇʀ ꜱᴋᴇʟᴇᴛᴏɴ ꜱᴘᴀᴡɴᴇʀ in auction for 1000000.
[21:58:27] > grit_zy buy x1 §eᴡɪᴛʜᴇʀ ꜱᴋᴇʟᴇᴛᴏɴ ꜱᴘᴀᴡɴᴇʀ to Cynishere for $1 000 000.
[21:58:47] > KnownasTravis added x1 §eᴡɪᴛʜᴇʀ ꜱᴋᴇʟᴇᴛᴏɴ ꜱᴘᴀᴡɴᴇʀ in auction for 750000.
[21:59:11] > Cynishere added x1 §eᴢᴏᴍʙɪᴇ sᴘᴀᴡɴᴇʀ in auction for 500000.
[21:59:34] > Zypher_0w0 added x1 §x§6§0§0§0§F§F§lɢᴏᴅʟʏ ɪᴛᴇᴍ in auction for 120000.
[21:59:45] > Cynishere added x1 SB373 Strongest Mace.. in auction for 900000.
[22:00:05] > Cynishere remove x1 SB373 Strongest Mace.. from storage
[22:00:09] > Cynishere remove x1 SB373 Strongest Mace.. from expire
[23:20:48] > Kyslee added x1 §x§6§0§0§0§F§F§lɢᴏᴅʟʏ ɪᴛᴇᴍ in auction for 10000.
[03:49:44] > fantoofy buy x1 Netherite upgrade smithing template to KnownasTravis for $100 000.
[08:42:55] > celinesanrio added x13 §x§F§C§9§0§5§C§lE§x§E§6§9§C§6§B§lp§x§C§F§A§7§7§A§li§x§B§9§B§3§8§9§lc §x§8§C§C§B§A§7§lC§x§7§5§D§6§B§6§lr§x§5§F§E§2§C§5§la§x§7§9§D§4§B§4§lt§x§9§3§C§7§A§2§le §x§C§8§A§B§7§F§lK§x§E§2§9§E§6§E§le§x§F§C§9§0§5§C§ly in auction for 13000.
[08:44:21] > celinesanrio added x1 §f§x§F§B§B§6§1§DC§x§F§0§A§F§1§Ca§x§E§5§A§8§1§Bp§x§D§B§A§0§1§9y§x§D§0§9§9§1§8b§x§C§5§9§2§1§7a§x§B§A§8§B§1§6r§x§A§F§8§4§1§5a§x§A§4§7§D§1§4 §x§9§A§7§5§1§2H§x§8§F§6§E§1§1a§x§8§4§6§7§1§0t in auction for 100000.
[08:44:36] > celinesanrio added x1 §x§F§F§0§0§0§0§lS§x§F§F§1§3§0§0§lh§x§F§F§2§6§0§0§lo§x§F§F§3§9§0§0§lg§x§F§F§4§D§0§0§lu§x§F§F§6§0§0§0§ln §x§F§F§8§6§0§0§lF§x§F§F§7§3§0§0§lr§x§F§F§6§0§0§0§la§x§F§F§4§D§0§0§lg§x§F§F§3§9§0§0§lm§x§F§F§2§6§0§0§le§x§F§F§1§3§0§0§ln§x§F§F§0§0§0§0§lt in auction for 50000.
[08:45:01] > MilkeBread buy x1 §x§F§F§0§0§0§0§lS§x§F§F§1§3§0§0§lh§x§F§F§2§6§0§0§lo§x§F§F§3§9§0§0§lg§x§F§F§4§D§0§0§lu§x§F§F§6§0§0§0§ln §x§F§F§8§6§0§0§lF§x§F§F§7§3§0§0§lr§x§F§F§6§0§0§0§la§x§F§F§4§D§0§0§lg§x§F§F§3§9§0§0§lm§x§F§F§2§6§0§0§le§x§F§F§1§3§0§0§ln§x§F§F§0§0§0§0§lt to celinesanrio for $50 000.
[08:46:35] > celinesanrio added x16 Pointed dripstone in auction for 16000.
[08:46:47] > Raylii buy x16 Pointed dripstone to celinesanrio for $16 000.
[09:34:32] > celinesanrio added x1 Diamond chestplate in auction for 25000.
[09:36:17] > MilkeBread added x1 Diamond chestplate in auction for 25000.
[09:36:31] > nagiiish buy x1 Diamond chestplate to MilkeBread for $25 000.
[09:44:16] > Zypher_0w0 added x1 Netherite upgrade smithing template in auction for 1000.
[09:45:00] > nagiiish buy x1 Netherite upgrade smithing template to Zypher_0w0 for $1 000.
[09:48:29] > nagiiish buy x1 Flow armor trim smithing template to Zypher_0w0 for $50 000.
[10:33:33] > Abbadex added x1 §fShogun Chestplate in auction for 80000.
[10:53:01] > Lchristian buy x1 §x§F§F§3§E§0§0§lD§x§F§F§3§5§0§0§le§x§F§F§2§C§0§0§lm§x§F§F§2§3§0§0§lo§x§F§F§1§B§0§0§ln §x§F§F§0§9§0§0§lL§x§F§F§0§0§0§0§lo§x§F§F§0§A§0§0§lr§x§F§F§1§5§0§0§ld §x§F§F§2§9§0§0§lB§x§F§F§3§4§0§0§lo§x§F§F§3§E§0§0§lw to CeeJaiye for $150 000.
[10:54:21] > RioSenpai buy x13 §x§F§C§9§0§5§C§lE§x§E§6§9§C§6§B§lp§x§C§F§A§7§7§A§li§x§B§9§B§3§8§9§lc §x§8§C§C§B§A§7§lC§x§7§5§D§6§B§6§lr§x§5§F§E§2§C§5§la§x§7§9§D§4§B§4§lt§x§9§3§C§7§A§2§le §x§C§8§A§B§7§F§lK§x§E§2§9§E§6§E§le§x§F§C§9§0§5§C§ly to celinesanrio for $13 000.
[12:07:08] > Raylii remove x1 Godly Sword from storage
[12:07:09] > Raylii remove x1 Godly Sword from storage
[12:07:10] > Raylii remove x1 Godly Sword from storage
[12:07:10] > Raylii remove x1 Godly Sword from storage
[12:07:13] > Raylii remove x1 Dugo from storage
[12:07:14] > Raylii remove x1 Dugo from storage
[12:07:16] > Raylii remove x47 Good Item from storage
[12:07:27] > Raylii added x64 Good Item in auction for 50000.
[12:42:53] > Kyslee remove x64 /pwarp go RayotShop 2k each book from storage
[12:43:19] > Kyslee added x64 /pwarp go RayotShop for fireworks/books/food in auction for 999999999.
[13:06:37] > x1 Mace on sale by J_Caleb has just expired, it goes in the inventory of expired items.
[13:09:49] > RioSenpai added x1 §x§F§F§0§0§0§0§lS§x§F§F§1§3§0§0§lh§x§F§F§2§6§0§0§lo§x§F§F§3§9§0§0§lg§x§F§F§4§D§0§0§lu§x§F§F§6§0§0§0§ln §x§F§F§8§6§0§0§lF§x§F§F§7§3§0§0§lr§x§F§F§6§0§0§0§la§x§F§F§4§D§0§0§lg§x§F§F§3§9§0§0§lm§x§F§F§2§6§0§0§le§x§F§F§1§3§0§0§ln§x§F§F§0§0§0§0§lt in auction for 20000.
[13:10:22] > HEYkay27 buy x1 §x§F§F§0§0§0§0§lS§x§F§F§1§3§0§0§lh§x§F§F§2§6§0§0§lo§x§F§F§3§9§0§0§lg§x§F§F§4§D§0§0§lu§x§F§F§6§0§0§0§ln §x§F§F§8§6§0§0§lF§x§F§F§7§3§0§0§lr§x§F§F§6§0§0§0§la§x§F§F§4§D§0§0§lg§x§F§F§3§9§0§0§lm§x§F§F§2§6§0§0§le§x§F§F§1§3§0§0§ln§x§F§F§0§0§0§0§lt to RioSenpai for $20 000.
[13:17:49] > Kyslee remove x64 Carrot from storage
[13:17:52] > Kyslee remove x1 §x§6§0§0§0§F§F§lɢᴏᴅʟʏ ɪᴛᴇᴍ from storage
[13:17:59] > Kyslee added x1 §x§6§0§0§0§F§F§lɢᴏᴅʟʏ ɪᴛᴇᴍ in auction for 10000.
[13:34:44] > Abbadex added x1 §x§F§F§0§0§0§0§lS§x§F§F§1§3§0§0§lh§x§F§F§2§6§0§0§lo§x§F§F§3§9§0§0§lg§x§F§F§4§D§0§0§lu§x§F§F§6§0§0§0§ln §x§F§F§8§6§0§0§lF§x§F§F§7§3§0§0§lr§x§F§F§6§0§0§0§la§x§F§F§4§D§0§0§lg§x§F§F§3§9§0§0§lm§x§F§F§2§6§0§0§le§x§F§F§1§3§0§0§ln§x§F§F§0§0§0§0§lt in auction for 80000.
[13:35:35] > Jackzly added x1 §x§F§F§3§E§0§0§lD§x§F§F§3§7§0§0§le§x§F§F§3§0§0§0§lm§x§F§F§2§9§0§0§lo§x§F§F§2§2§0§0§ln §x§F§F§1§5§0§0§lL§x§F§F§0§E§0§0§lo§x§F§F§0§7§0§0§lr§x§F§F§0§0§0§0§ld §x§F§F§0§E§0§0§lF§x§F§F§1§5§0§0§lr§x§F§F§1§C§0§0§la§x§F§F§2§2§0§0§lg§x§F§F§2§9§0§0§lm§x§F§F§3§0§0§0§le§x§F§F§3§7§0§0§ln§x§F§F§3§E§0§0§lt in auction for 25000.
[13:35:40] > Kyslee buy x1 §x§F§F§3§E§0§0§lD§x§F§F§3§7§0§0§le§x§F§F§3§0§0§0§lm§x§F§F§2§9§0§0§lo§x§F§F§2§2§0§0§ln §x§F§F§1§5§0§0§lL§x§F§F§0§E§0§0§lo§x§F§F§0§7§0§0§lr§x§F§F§0§0§0§0§ld §x§F§F§0§E§0§0§lF§x§F§F§1§5§0§0§lr§x§F§F§1§C§0§0§la§x§F§F§2§2§0§0§lg§x§F§F§2§9§0§0§lm§x§F§F§3§0§0§0§le§x§F§F§3§7§0§0§ln§x§F§F§3§E§0§0§lt to Jackzly for $25 000.
[13:35:56] > HEYkay27 buy x1 §x§F§F§0§0§0§0§lS§x§F§F§1§3§0§0§lh§x§F§F§2§6§0§0§lo§x§F§F§3§9§0§0§lg§x§F§F§4§D§0§0§lu§x§F§F§6§0§0§0§ln §x§F§F§8§6§0§0§lF§x§F§F§7§3§0§0§lr§x§F§F§6§0§0§0§la§x§F§F§4§D§0§0§lg§x§F§F§3§9§0§0§lm§x§F§F§2§6§0§0§le§x§F§F§1§3§0§0§ln§x§F§F§0§0§0§0§lt to KnownasTravis for $100 000.
[13:36:10] > Jackzly added x1 §x§F§F§0§0§0§0§lS§x§F§F§1§3§0§0§lh§x§F§F§2§6§0§0§lo§x§F§F§3§9§0§0§lg§x§F§F§4§D§0§0§lu§x§F§F§6§0§0§0§ln §x§F§F§8§6§0§0§lF§x§F§F§7§3§0§0§lr§x§F§F§6§0§0§0§la§x§F§F§4§D§0§0§lg§x§F§F§3§9§0§0§lm§x§F§F§2§6§0§0§le§x§F§F§1§3§0§0§ln§x§F§F§0§0§0§0§lt in auction for 15000.
[13:36:22] > grit_zy buy x1 §x§F§F§0§0§0§0§lS§x§F§F§1§3§0§0§lh§x§F§F§2§6§0§0§lo§x§F§F§3§9§0§0§lg§x§F§F§4§D§0§0§lu§x§F§F§6§0§0§0§ln §x§F§F§8§6§0§0§lF§x§F§F§7§3§0§0§lr§x§F§F§6§0§0§0§la§x§F§F§4§D§0§0§lg§x§F§F§3§9§0§0§lm§x§F§F§2§6§0§0§le§x§F§F§1§3§0§0§ln§x§F§F§0§0§0§0§lt to Jackzly for $15 000.
[13:36:26] > grit_zy buy x1 §x§F§F§0§0§0§0§lS§x§F§F§1§3§0§0§lh§x§F§F§2§6§0§0§lo§x§F§F§3§9§0§0§lg§x§F§F§4§D§0§0§lu§x§F§F§6§0§0§0§ln §x§F§F§8§6§0§0§lF§x§F§F§7§3§0§0§lr§x§F§F§6§0§0§0§la§x§F§F§4§D§0§0§lg§x§F§F§3§9§0§0§lm§x§F§F§2§6§0§0§le§x§F§F§1§3§0§0§ln§x§F§F§0§0§0§0§lt to Abbadex for $80 000.
[13:43:57] > Abbadex added x1 §x§5§9§A§1§D§9§lA§x§6§E§A§D§D§Er§x§8§3§B§9§E§3c§x§9§7§C§4§E§7h§x§A§C§D§0§E§Ca§x§C§1§D§C§F§1n§x§D§6§E§8§F§6g§x§E§A§F§3§F§Ae§fl §x§D§0§E§4§F§4H§x§B§8§D§7§E§Fa§x§A§0§C§9§E§9m§x§8§8§B§C§E§4m§x§7§1§A§E§D§Ee§x§5§9§A§1§D§9r in auction for 400000.