
[12:11:06] > Fogstrap remove x4 Netherite ingot from storage
[12:11:21] > Fogstrap added x4 Netherite ingot in auction for 350000.
[12:11:34] > aroraru added x64 Wind charge in auction for 64646.
[12:11:42] > imnectarfr buy x64 Wind charge to aroraru for $64,646.
[12:20:50] > Cooldoggiexd added x1 Enchanted book in auction for 450000.
[13:04:14] > Ab0 buy x4 Netherite ingot to Fogstrap for $350,000.
[13:04:21] > Ab0 remove x4 Netherite ingot from buy
[13:04:48] > Zypher_0w0 added x64 Wither skeleton skull in auction for 320000.
[13:05:01] > Zypher_0w0 added x64 Wither skeleton skull in auction for 320000.
[13:05:20] > Zypher_0w0 added x64 Wither skeleton skull in auction for 320000.
[13:30:50] > Wemmbuo remove x64 Emerald block from storage
[13:30:51] > Wemmbuo remove x64 Emerald block from storage
[13:31:36] > Wemmbuo added x64 Emerald in auction for 40000.
[13:31:48] > Wemmbuo added x64 Emerald in auction for 40000.
[13:32:00] > Wemmbuo added x64 Emerald in auction for 40000.
[13:32:11] > Wemmbuo added x64 Emerald in auction for 40000.
[13:32:29] > Wemmbuo remove x1 §x§F§F§7§C§0§0§lSteamsparks Staff from buy
[13:32:32] > Wemmbuo remove x1 §x§F§F§7§C§0§0§lSteamsparks Shovel from buy
[13:32:51] > Wemmbuo added x64 Emerald in auction for 40000.
[13:34:57] > Arthur added x64 Iron ingot in auction for 900.
[13:35:09] > Wemmbuo remove x64 Emerald from storage
[13:35:16] > JinSoul15 buy x64 Iron ingot to Arthur for $900.
[13:35:18] > Wemmbuo added x64 Emerald block in auction for 400000.
[13:35:52] > Arthur added x1 Enchanted book in auction for 350000.
[13:36:33] > Arthur remove x1 Enchanted book from storage
[13:37:15] > Arthur added x1 Enchanted book in auction for 100000.
[13:40:44] > pickle786 added x1 Enchanted golden apple in auction for 100000.
[13:40:49] > pickle786 remove x1 Enchanted golden apple from storage
[13:41:25] > pickle786 remove x1 Enchanted golden apple from expire
[13:42:14] > pickle786 added x1 Enchanted golden apple in auction for 999999.
[13:42:17] > pickle786 remove x1 Enchanted golden apple from storage
[13:43:03] > AnyaChi buy x1 Enchanted book to nachfaust for $100,000.
[13:43:05] > AnyaChi buy x1 Enchanted book to nachfaust for $100,000.
[13:43:07] > pickle786 remove x1 Enchanted golden apple from expire
[13:43:08] > AnyaChi buy x1 Enchanted book to nachfaust for $200,000.
[13:43:18] > pickle786 added x1 Enchanted golden apple in auction for 33333333.
[13:43:21] > pickle786 remove x1 Enchanted golden apple from storage
[13:44:15] > pickle786 remove x1 Enchanted golden apple from expire
[13:44:43] > pickle786 added x1 Enchanted golden apple in auction for 434334.
[13:44:47] > pickle786 remove x1 Enchanted golden apple from storage
[13:45:21] > pickle786 remove x1 Enchanted golden apple from expire
[13:45:36] > pickle786 added x1 Enchanted golden apple in auction for 3434343.
[13:45:40] > pickle786 remove x1 Enchanted golden apple from storage
[13:46:13] > pickle786 remove x1 Enchanted golden apple from expire
[13:46:58] > pickle786 added x1 Enchanted golden apple in auction for 434343.
[13:47:02] > pickle786 remove x1 Enchanted golden apple from storage
[13:48:50] > pickle786 remove x1 Enchanted golden apple from expire
[13:52:41] > Wemmbuo remove x64 Emerald from storage
[13:52:48] > Wemmbuo added x1 §x§F§F§3§E§0§0§lSellwand Voucher in auction for 1050000.
[13:53:51] > Wemmbuo remove x1 §x§F§F§3§E§0§0§lSellwand Voucher from storage
[13:53:58] > Wemmbuo added x1 §x§F§F§3§E§0§0§lSellwand Voucher in auction for 800000.
[13:56:00] > Cooldoggiexd added x1 Shulker shell in auction for 10.
[13:56:05] > Wemmbuo buy x1 Shulker shell to Cooldoggiexd for $10.
[13:56:43] > Wemmbuo remove x1 §x§F§F§3§E§0§0§lSellwand Voucher from storage
[13:56:49] > Wemmbuo added x1 §x§F§F§3§E§0§0§lSellwand Voucher in auction for 700000.
[13:57:47] > Wemmbuo remove x1 §x§F§F§3§E§0§0§lSellwand Voucher from storage
[13:58:18] > Wemmbuo added x1 §x§F§F§3§E§0§0§lSellwand Voucher in auction for 600000.
[13:58:27] > Cooldoggiexd buy x1 §x§F§F§3§E§0§0§lSellwand Voucher to Wemmbuo for $600,000.
[13:58:32] > Cooldoggiexd remove x1 §x§F§F§3§E§0§0§lSellwand Voucher from buy
[14:12:33] > ThatMidnight buy x64 Emerald block to Wemmbuo for $400,000.
[14:12:35] > ThatMidnight buy x64 Emerald to Wemmbuo for $40,000.
[14:12:36] > ThatMidnight buy x64 Emerald to Wemmbuo for $40,000.
[14:12:38] > ThatMidnight buy x64 Emerald to Wemmbuo for $40,000.
[14:12:42] > ThatMidnight remove x64 Emerald block from buy
[14:12:43] > ThatMidnight remove x64 Emerald from buy
[14:12:43] > ThatMidnight remove x64 Emerald from buy
[14:12:44] > ThatMidnight remove x64 Emerald from buy
[14:13:03] > Zypher_0w0 buy x64 Emerald block to namerikangel for $300,000.
[14:13:15] > Zypher_0w0 buy x64 Emerald block to namerikangel for $300,000.
[14:13:22] > Wemmbuo added x64 Emerald in auction for 40000.
[14:13:33] > Wemmbuo added x64 Emerald in auction for 40000.
[14:13:46] > Wemmbuo added x64 Emerald in auction for 40000.
[14:14:00] > Wemmbuo added x64 Emerald in auction for 40000.
[14:14:08] > Zypher_0w0 buy x64 Emerald to Wemmbuo for $40,000.
[14:14:12] > Wemmbuo added x64 Emerald in auction for 40000.
[14:14:23] > Wemmbuo added x64 Emerald in auction for 40000.
[14:14:28] > Cooldoggiexd added x1 Wind charge in auction for 10.
[14:15:44] > warenjay123 added x37 Cobbled deepslate in auction for 1000.
[14:20:43] > imnectarfr added x64 Experience bottle in auction for 200000.
[14:20:58] > imnectarfr remove x64 Experience bottle from storage
[14:21:12] > imnectarfr added x1 Enchanted book in auction for 10.
[14:21:15] > imnectarfr remove x1 Enchanted book from storage
[14:21:25] > imnectarfr added x1 Enchanted book in auction for 10.
[14:21:34] > Wemmbuo buy x1 Enchanted book to imnectarfr for $10.
[14:21:44] > Wemmbuo buy x1 Wind charge to Cooldoggiexd for $10.
[14:21:56] > imnectarfr added x1 Enchanted book in auction for 10.
[14:22:09] > warenjay123 buy x1 Enchanted book to imnectarfr for $10.
[14:22:14] > imnectarfr added x1 Enchanted book in auction for 10.
[14:22:24] > Wemmbuo buy x1 Enchanted book to imnectarfr for $10.
[14:22:58] > Wemmbuo remove x1 Enchanted book from buy
[14:22:59] > Wemmbuo remove x1 Enchanted book from buy
[14:23:00] > Wemmbuo remove x1 Wind charge from buy
[14:23:00] > Wemmbuo remove x1 Shulker shell from buy
[14:26:00] > bedrock_enjoy3r remove x1 §x§F§F§5§5§0§0§lsᴇʟʟᴡᴀɴᴅ §6- 20.0x from storage
[14:26:04] > bedrock_enjoy3r buy x1 §x§F§F§5§5§0§0§lsᴇʟʟᴡᴀɴᴅ §6- 20.0x to Fogstrap for $3,000,000.
[14:26:14] > bedrock_enjoy3r remove x1 §x§F§F§5§5§0§0§lsᴇʟʟᴡᴀɴᴅ §6- 20.0x from buy
[14:32:35] > 3xdmge buy x1 Nether star to Takeremu for $100,000.
[14:32:40] > 3xdmge remove x1 Nether star from buy
[14:33:51] > x1 §x§E§5§1§B§1§B§lDracula Staff, item of imnectarfr, has just expired, the item is definitively deleted.
[14:33:52] > bedrock_enjoy3r remove x1 §x§F§F§5§5§0§0§lsᴇʟʟᴡᴀɴᴅ §6- 20.0x from expire
[14:35:12] > Wemmbuo buy x1 §f§l§x§F§C§D§0§5§CW§x§F§B§B§0§4§Eu§x§F§9§9§0§4§0k§x§F§8§7§0§3§2o§x§F§6§5§0§2§3n§x§F§5§3§0§1§5g§x§F§4§1§0§0§7 P§x§F§5§3§0§1§5i§x§F§6§5§0§2§3c§x§F§8§7§0§3§2k§x§F§9§9§0§4§0a§x§F§B§B§0§4§Ex§x§F§C§D§0§5§Ce to Antonie657 for $250,000.
[14:36:38] > Wemmbuo remove x1 §f§l§x§F§C§D§0§5§CW§x§F§B§B§0§4§Eu§x§F§9§9§0§4§0k§x§F§8§7§0§3§2o§x§F§6§5§0§2§3n§x§F§5§3§0§1§5g§x§F§4§1§0§0§7 P§x§F§5§3§0§1§5i§x§F§6§5§0§2§3c§x§F§8§7§0§3§2k§x§F§9§9§0§4§0a§x§F§B§B§0§4§Ex§x§F§C§D§0§5§Ce from buy
[14:37:40] > x1 §f§l§8B§x§6§0§6§0§6§0a§x§6§C§6§C§6§Ch§x§7§7§7§7§7§7a§x§8§2§8§2§8§2m§x§8§E§8§E§8§Eu§x§9§9§9§9§9§9t§x§A§4§A§4§A§4 G§x§9§9§9§9§9§9a§x§8§E§8§E§8§Eu§x§8§2§8§2§8§2n§x§7§7§7§7§7§7t§x§6§C§6§C§6§Cl§x§6§0§6§0§6§0e§8t on sale by Blinkrzz has just expired, it goes in the inventory of expired items.
[14:37:47] > kiyomiuu1 added x1 §x§F§F§5§5§0§0§lsᴇʟʟᴡᴀɴᴅ §6- 10.0x in auction for 2500000.
[14:38:33] > kiyomiuu1 remove x1 §x§F§F§5§5§0§0§lsᴇʟʟᴡᴀɴᴅ §6- 10.0x from storage
[14:46:53] > kiyomiuu1 added x1 §x§E§5§1§B§1§B§lDracula Shovel in auction for 150000.
[14:46:58] > Wemmbuo buy x1 §x§E§5§1§B§1§B§lDracula Shovel to kiyomiuu1 for $150,000.
[15:04:36] > kysicx added x1 Sniffer egg in auction for 200000.
[15:14:30] > imnectarfr added x1 Name tag in auction for 10.
[15:14:35] > ThatMidnight buy x1 Name tag to imnectarfr for $10.
[15:14:35] > imnectarfr remove x19 Wind charge from buy
[15:14:44] > ThatMidnight remove x1 §x§F§F§3§E§0§0§lD§x§F§F§3§7§0§0§le§x§F§F§3§0§0§0§lm§x§F§F§2§9§0§0§lo§x§F§F§2§2§0§0§ln §x§F§F§1§5§0§0§lL§x§F§F§0§E§0§0§lo§x§F§F§0§7§0§0§lr§x§F§F§0§0§0§0§ld §x§F§F§0§E§0§0§lL§x§F§F§1§5§0§0§le§x§F§F§1§C§0§0§lg§x§F§F§2§2§0§0§lg§x§F§F§2§9§0§0§li§x§F§F§3§0§0§0§ln§x§F§F§3§7§0§0§lg§x§F§F§3§E§0§0§ls from buy
[15:14:45] > ThatMidnight remove x1 Name tag from buy
[15:22:14] > Antonie657 remove x1 §x§F§0§7§A§5§4§lZombie Apocalyptic Key from buy
[15:22:19] > Antonie657 remove x1 4 in 1 from buy
[15:22:20] > Antonie657 remove x1 4 in 1 from buy
[15:22:20] > Antonie657 remove x1 2 in 1 from buy
[15:26:04] > x1 §f§l§8B§x§6§2§6§2§6§2a§x§6§F§6§F§6§Fh§x§7§C§7§C§7§Ca§x§8§9§8§9§8§9m§x§9§6§9§6§9§6u§x§A§3§A§3§A§3t §x§9§6§9§6§9§6H§x§8§9§8§9§8§9a§x§7§C§7§C§7§Ct§x§6§F§6§F§6§F §x§6§2§6§2§6§2V§82 on sale by EnderDragon0120 has just expired, it goes in the inventory of expired items.
[15:28:36] > x1 §f§l§8B§x§6§0§6§0§6§0a§x§6§C§6§C§6§Ch§x§7§7§7§7§7§7a§x§8§2§8§2§8§2m§x§8§E§8§E§8§Eu§x§9§9§9§9§9§9t§x§A§4§A§4§A§4 G§x§9§9§9§9§9§9a§x§8§E§8§E§8§Eu§x§8§2§8§2§8§2n§x§7§7§7§7§7§7t§x§6§C§6§C§6§Cl§x§6§0§6§0§6§0e§8t on sale by EnderDragon0120 has just expired, it goes in the inventory of expired items.
[15:28:40] > Antonie657 remove x1 Netherite upgrade smithing template from storage
[15:28:51] > Antonie657 added x1 Netherite upgrade smithing template in auction for 70000.
[15:29:49] > Trapers1 added x10 §x§F§C§9§0§5§C§lE§x§E§6§9§C§6§B§lp§x§C§F§A§7§7§A§li§x§B§9§B§3§8§9§lc §x§8§C§C§B§A§7§lC§x§7§5§D§6§B§6§lr§x§5§F§E§2§C§5§la§x§7§9§D§4§B§4§lt§x§9§3§C§7§A§2§le §x§C§8§A§B§7§F§lK§x§E§2§9§E§6§E§le§x§F§C§9§0§5§C§ly in auction for 350000.
[15:30:02] > Trapers1 added x10 §x§F§C§D§0§5§C§lB§x§E§6§D§3§6§B§la§x§C§F§D§5§7§A§ls§x§B§9§D§8§8§9§li§x§A§2§D§A§9§8§lc §x§7§5§D§F§B§6§lC§x§5§F§E§2§C§5§lr§x§7§5§D§F§B§6§la§x§8§C§D§D§A§7§lt§x§A§2§D§A§9§8§le §x§C§F§D§5§7§A§lK§x§E§6§D§3§6§B§le§x§F§C§D§0§5§C§ly in auction for 250000.
[15:30:49] > x1 §f§l§8B§x§6§3§6§3§6§3a§x§7§1§7§1§7§1h§x§8§0§8§0§8§0a§x§8§E§8§E§8§Em§x§9§C§9§C§9§Cu§7t§x§9§C§9§C§9§C §x§8§E§8§E§8§ES§x§8§0§8§0§8§0t§x§7§1§7§1§7§1a§x§6§3§6§3§6§3f§8f on sale by EnderDragon0120 has just expired, it goes in the inventory of expired items.
[15:32:08] > x1 §f§l§8B§x§6§6§6§6§6§6a§x§7§7§7§7§7§7h§x§8§8§8§8§8§8a§x§9§9§9§9§9§9m§7u§x§9§9§9§9§9§9t§x§8§8§8§8§8§8 §x§7§7§7§7§7§7B§x§6§6§6§6§6§6o§8w on sale by EnderDragon0120 has just expired, it goes in the inventory of expired items.
[15:33:05] > Trapers1 added x1 Shulker box in auction for 500000.
[15:36:40] > EXEZUNO buy x6 §x§C§9§A§7§F§C§lL§x§B§D§A§E§F§6§le§x§B§1§B§4§F§0§lg§x§A§6§B§B§E§A§le§x§9§A§C§1§E§4§ln§x§8§E§C§8§D§D§ld§x§8§2§C§E§D§7§la§x§7§7§D§5§D§1§lr§x§6§B§D§B§C§B§ly §x§6§B§D§B§C§B§lC§x§7§7§D§5§D§1§lr§x§8§2§C§E§D§7§la§x§8§E§C§8§D§D§lt§x§9§A§C§1§E§4§le §x§B§1§B§4§F§0§lK§x§B§D§A§E§F§6§le§x§C§9§A§7§F§C§ly to Julene for $500,000.
[15:36:52] > EXEZUNO remove x6 §x§C§9§A§7§F§C§lL§x§B§D§A§E§F§6§le§x§B§1§B§4§F§0§lg§x§A§6§B§B§E§A§le§x§9§A§C§1§E§4§ln§x§8§E§C§8§D§D§ld§x§8§2§C§E§D§7§la§x§7§7§D§5§D§1§lr§x§6§B§D§B§C§B§ly §x§6§B§D§B§C§B§lC§x§7§7§D§5§D§1§lr§x§8§2§C§E§D§7§la§x§8§E§C§8§D§D§lt§x§9§A§C§1§E§4§le §x§B§1§B§4§F§0§lK§x§B§D§A§E§F§6§le§x§C§9§A§7§F§C§ly from buy
[15:38:41] > Trapers1 remove x10 §x§F§C§D§0§5§C§lB§x§E§6§D§3§6§B§la§x§C§F§D§5§7§A§ls§x§B§9§D§8§8§9§li§x§A§2§D§A§9§8§lc §x§7§5§D§F§B§6§lC§x§5§F§E§2§C§5§lr§x§7§5§D§F§B§6§la§x§8§C§D§D§A§7§lt§x§A§2§D§A§9§8§le §x§C§F§D§5§7§A§lK§x§E§6§D§3§6§B§le§x§F§C§D§0§5§C§ly form storage
[15:38:41] > Trapers1 remove x1 Shulker box form storage
[15:38:41] > Trapers1 remove x10 §x§F§C§9§0§5§C§lE§x§E§6§9§C§6§B§lp§x§C§F§A§7§7§A§li§x§B§9§B§3§8§9§lc §x§8§C§C§B§A§7§lC§x§7§5§D§6§B§6§lr§x§5§F§E§2§C§5§la§x§7§9§D§4§B§4§lt§x§9§3§C§7§A§2§le §x§C§8§A§B§7§F§lK§x§E§2§9§E§6§E§le§x§F§C§9§0§5§C§ly form storage
[15:38:49] > Trapers1 added x10 §x§F§C§9§0§5§C§lE§x§E§6§9§C§6§B§lp§x§C§F§A§7§7§A§li§x§B§9§B§3§8§9§lc §x§8§C§C§B§A§7§lC§x§7§5§D§6§B§6§lr§x§5§F§E§2§C§5§la§x§7§9§D§4§B§4§lt§x§9§3§C§7§A§2§le §x§C§8§A§B§7§F§lK§x§E§2§9§E§6§E§le§x§F§C§9§0§5§C§ly in auction for 200000.
[15:38:59] > Trapers1 added x10 §x§F§C§D§0§5§C§lB§x§E§6§D§3§6§B§la§x§C§F§D§5§7§A§ls§x§B§9§D§8§8§9§li§x§A§2§D§A§9§8§lc §x§7§5§D§F§B§6§lC§x§5§F§E§2§C§5§lr§x§7§5§D§F§B§6§la§x§8§C§D§D§A§7§lt§x§A§2§D§A§9§8§le §x§C§F§D§5§7§A§lK§x§E§6§D§3§6§B§le§x§F§C§D§0§5§C§ly in auction for 100000.
[15:39:13] > Trapers1 added x1 Shulker box in auction for 500000.
[15:41:01] > Trapers1 added x1 §fWitch Plushie §6(#94/101) in auction for 10000.
[15:41:08] > kysicx buy x1 §fWitch Plushie §6(#94/101) to Trapers1 for $10,000.
[15:42:18] > sky_edits buy x1 §fWitch Hat to sigman for $100,000.
[15:43:35] > zopell10 added x1 §x§5§9§A§1§D§9§lA§x§7§1§A§E§D§Er§x§8§8§B§C§E§4c§x§A§0§C§9§E§9h§x§B§8§D§7§E§Fa§x§D§0§E§4§F§4n§x§E§7§F§2§F§Ag§fe§x§E§7§F§2§F§Al §x§B§8§D§7§E§FS§x§A§0§C§9§E§9t§x§8§8§B§C§E§4a§x§7§1§A§E§D§Ef§x§5§9§A§1§D§9f in auction for 250000.
[15:43:50] > Trapers1 buy x1 §x§5§9§A§1§D§9§lA§x§7§1§A§E§D§Er§x§8§8§B§C§E§4c§x§A§0§C§9§E§9h§x§B§8§D§7§E§Fa§x§D§0§E§4§F§4n§x§E§7§F§2§F§Ag§fe§x§E§7§F§2§F§Al §x§B§8§D§7§E§FS§x§A§0§C§9§E§9t§x§8§8§B§C§E§4a§x§7§1§A§E§D§Ef§x§5§9§A§1§D§9f to zopell10 for $250,000.
[15:44:08] > Trapers1 remove x1 §x§5§9§A§1§D§9§lA§x§7§1§A§E§D§Er§x§8§8§B§C§E§4c§x§A§0§C§9§E§9h§x§B§8§D§7§E§Fa§x§D§0§E§4§F§4n§x§E§7§F§2§F§Ag§fe§x§E§7§F§2§F§Al §x§B§8§D§7§E§FS§x§A§0§C§9§E§9t§x§8§8§B§C§E§4a§x§7§1§A§E§D§Ef§x§5§9§A§1§D§9f from buy
[15:44:52] > zopell10 added x1 §2Franck in auction for 50000.
[15:45:03] > zopell10 added x1 §fSun Hat in auction for 50000.
[15:45:32] > sky_edits buy x1 §fSun Hat to zopell10 for $50,000.
[15:50:11] > Trapers1 added x1 §fSquid Plushie §6(#84/101) in auction for 15000.
[16:06:28] > x10 §bEntropy Crystal §8(§310,000§8) on sale by mauserdart has just expired, it goes in the inventory of expired items.
[16:06:35] > namerikangel buy x1 §fSquid Plushie §6(#84/101) to Trapers1 for $15,000.
[16:06:41] > x1 Enchanted book, bought by Takeremu, has just expired, the item is definitively deleted.
[16:06:41] > x1 Enchanted book, bought by Takeremu, has just expired, the item is definitively deleted.
[16:06:41] > x1 Enchanted book, bought by Takeremu, has just expired, the item is definitively deleted.
[16:06:41] > x1 Enchanted book, bought by Takeremu, has just expired, the item is definitively deleted.
[16:06:41] > x1 Enchanted book, bought by Takeremu, has just expired, the item is definitively deleted.
[16:06:41] > x1 Enchanted book, bought by Takeremu, has just expired, the item is definitively deleted.
[16:06:50] > namerikangel remove x1 §fSquid Plushie §6(#84/101) from buy
[16:07:09] > namerikangel added x64 Emerald block in auction for 300000.
[16:07:23] > namerikangel added x64 Emerald block in auction for 300000.
[16:07:33] > imnectarfr buy x64 Emerald block to namerikangel for $300,000.
[16:07:37] > imnectarfr remove x64 Emerald block from buy
[16:07:51] > Trapers1 remove x1 Shulker box form storage
[16:07:51] > Trapers1 remove x10 §x§F§C§D§0§5§C§lB§x§E§6§D§3§6§B§la§x§C§F§D§5§7§A§ls§x§B§9§D§8§8§9§li§x§A§2§D§A§9§8§lc §x§7§5§D§F§B§6§lC§x§5§F§E§2§C§5§lr§x§7§5§D§F§B§6§la§x§8§C§D§D§A§7§lt§x§A§2§D§A§9§8§le §x§C§F§D§5§7§A§lK§x§E§6§D§3§6§B§le§x§F§C§D§0§5§C§ly form storage
[16:07:51] > Trapers1 remove x10 §x§F§C§9§0§5§C§lE§x§E§6§9§C§6§B§lp§x§C§F§A§7§7§A§li§x§B§9§B§3§8§9§lc §x§8§C§C§B§A§7§lC§x§7§5§D§6§B§6§lr§x§5§F§E§2§C§5§la§x§7§9§D§4§B§4§lt§x§9§3§C§7§A§2§le §x§C§8§A§B§7§F§lK§x§E§2§9§E§6§E§le§x§F§C§9§0§5§C§ly form storage
[16:07:59] > namerikangel added x64 Emerald block in auction for 300000.
[16:08:04] > Trapers1 added x10 §x§F§C§9§0§5§C§lE§x§E§6§9§C§6§B§lp§x§C§F§A§7§7§A§li§x§B§9§B§3§8§9§lc §x§8§C§C§B§A§7§lC§x§7§5§D§6§B§6§lr§x§5§F§E§2§C§5§la§x§7§9§D§4§B§4§lt§x§9§3§C§7§A§2§le §x§C§8§A§B§7§F§lK§x§E§2§9§E§6§E§le§x§F§C§9§0§5§C§ly in auction for 100000.
[16:08:19] > Trapers1 added x10 §x§F§C§D§0§5§C§lB§x§E§6§D§3§6§B§la§x§C§F§D§5§7§A§ls§x§B§9§D§8§8§9§li§x§A§2§D§A§9§8§lc §x§7§5§D§F§B§6§lC§x§5§F§E§2§C§5§lr§x§7§5§D§F§B§6§la§x§8§C§D§D§A§7§lt§x§A§2§D§A§9§8§le §x§C§F§D§5§7§A§lK§x§E§6§D§3§6§B§le§x§F§C§D§0§5§C§ly in auction for 50000.
[16:08:54] > Ab0 buy x10 §x§F§C§9§0§5§C§lE§x§E§6§9§C§6§B§lp§x§C§F§A§7§7§A§li§x§B§9§B§3§8§9§lc §x§8§C§C§B§A§7§lC§x§7§5§D§6§B§6§lr§x§5§F§E§2§C§5§la§x§7§9§D§4§B§4§lt§x§9§3§C§7§A§2§le §x§C§8§A§B§7§F§lK§x§E§2§9§E§6§E§le§x§F§C§9§0§5§C§ly to Trapers1 for $100,000.
[16:08:55] > Uratakiz buy x1 §x§5§C§C§F§F§C§lC§x§5§C§D§1§F§5§lo§x§5§D§D§4§E§E§ls§x§5§D§D§6§E§7§lm§x§5§E§D§9§E§1§le§x§5§E§D§B§D§A§lt§x§5§E§D§D§D§3§li§x§5§F§E§0§C§C§lc §x§5§F§E§0§C§C§lH§x§5§E§D§D§D§3§la§x§5§E§D§B§D§A§lt§x§5§E§D§9§E§1§ls §x§5§D§D§4§E§E§lK§x§5§C§D§1§F§5§le§x§5§C§C§F§F§C§ly to k000k444k for $100,000.
[16:09:47] > Ab0 remove x10 §x§F§C§9§0§5§C§lE§x§E§6§9§C§6§B§lp§x§C§F§A§7§7§A§li§x§B§9§B§3§8§9§lc §x§8§C§C§B§A§7§lC§x§7§5§D§6§B§6§lr§x§5§F§E§2§C§5§la§x§7§9§D§4§B§4§lt§x§9§3§C§7§A§2§le §x§C§8§A§B§7§F§lK§x§E§2§9§E§6§E§le§x§F§C§9§0§5§C§ly from buy
[16:10:19] > Uratakiz remove x1 §x§5§C§C§F§F§C§lC§x§5§C§D§1§F§5§lo§x§5§D§D§4§E§E§ls§x§5§D§D§6§E§7§lm§x§5§E§D§9§E§1§le§x§5§E§D§B§D§A§lt§x§5§E§D§D§D§3§li§x§5§F§E§0§C§C§lc §x§5§F§E§0§C§C§lH§x§5§E§D§D§D§3§la§x§5§E§D§B§D§A§lt§x§5§E§D§9§E§1§ls §x§5§D§D§4§E§E§lK§x§5§C§D§1§F§5§le§x§5§C§C§F§F§C§ly from buy
[16:10:47] > Ab0 added x1 §x§F§F§7§C§0§0§lSteamsparks Axe in auction for 50000.
[16:11:23] > sky_edits buy x1 §x§F§F§7§C§0§0§lSteamsparks Axe to Ab0 for $50,000.
[16:13:10] > sky_edits remove x1 §x§F§F§7§C§0§0§lSteamsparks Axe from buy
[16:13:12] > sky_edits remove x1 §fSun Hat from buy
[16:13:13] > sky_edits remove x1 §fWitch Hat from buy
[16:13:14] > sky_edits remove x1 §x§F§F§7§C§0§0§lSteamsparks Axe from buy
[16:13:42] > Trapers1 remove x10 §x§F§C§D§0§5§C§lB§x§E§6§D§3§6§B§la§x§C§F§D§5§7§A§ls§x§B§9§D§8§8§9§li§x§A§2§D§A§9§8§lc §x§7§5§D§F§B§6§lC§x§5§F§E§2§C§5§lr§x§7§5§D§F§B§6§la§x§8§C§D§D§A§7§lt§x§A§2§D§A§9§8§le §x§C§F§D§5§7§A§lK§x§E§6§D§3§6§B§le§x§F§C§D§0§5§C§ly form storage
[16:13:52] > Trapers1 added x10 §x§F§C§D§0§5§C§lB§x§E§6§D§3§6§B§la§x§C§F§D§5§7§A§ls§x§B§9§D§8§8§9§li§x§A§2§D§A§9§8§lc §x§7§5§D§F§B§6§lC§x§5§F§E§2§C§5§lr§x§7§5§D§F§B§6§la§x§8§C§D§D§A§7§lt§x§A§2§D§A§9§8§le §x§C§F§D§5§7§A§lK§x§E§6§D§3§6§B§le§x§F§C§D§0§5§C§ly in auction for 60000.
[16:15:15] > Ab0 added x1 Flow armor trim smithing template in auction for 100000.
[16:24:09] > TokaiTeio added x1 Enchanted book in auction for 25000.
[16:34:25] > x1 §f§l§8B§x§6§6§6§6§6§6a§x§7§7§7§7§7§7h§x§8§8§8§8§8§8a§x§9§9§9§9§9§9m§7u§x§9§9§9§9§9§9t§x§8§8§8§8§8§8 §x§7§7§7§7§7§7B§x§6§6§6§6§6§6o§8w on sale by KyLuxxy has just expired, it goes in the inventory of expired items.
[16:45:05] > celinesanrio added x1 Enchanted book in auction for 500000.
[16:48:44] > TokaiTeio added x1 §5§lRyuko Fish in auction for 400000.
[16:52:28] > EnderDragon0120 added x1 §x§F§F§7§C§0§0§lSteamsparks Chestplate in auction for 250000.
[16:53:16] > EnderDragon0120 added x1 §x§F§F§7§C§0§0§lSteamsparks Battle Axe in auction for 125000.
[16:53:35] > EnderDragon0120 added x1 §x§F§F§7§C§0§0§lSteamsparks Sword in auction for 125000.
[16:55:10] > EnderDragon0120 added x1 §x§F§F§7§C§0§0§lSteamsparks Staff in auction for 240000.
[16:55:28] > x1 Diamond pickaxe, item of firewallisgood, has just expired, the item is definitively deleted.
[16:55:29] > celinesanrio remove x25 Enchanted golden apple form expire
[16:55:36] > celinesanrio remove x1 Enchanted book form storage
[16:56:37] > EnderDragon0120 added x1 §x§E§5§1§B§1§B§lDracula Halberd in auction for 100000.
[17:04:03] > yusei_Fudu buy x16 Honey block to Zypher_0w0 for $640.
[17:05:02] > yusei_Fudu remove x16 Honey block from buy
[17:17:47] > sky_edits added x1 §fSun Hat in auction for 200000.
[17:23:16] > nachfaust added x1 Diamond leggings in auction for 20000.
[17:24:18] > nachfaust added x7 Shulker shell in auction for 50000.
[17:24:48] > nachfaust added x1 Enchanted book in auction for 100000.
[17:35:54] > mae added x4 §x§5§C§C§F§F§C§lC§x§5§C§D§1§F§5§lo§x§5§D§D§4§E§E§ls§x§5§D§D§6§E§7§lm§x§5§E§D§9§E§1§le§x§5§E§D§B§D§A§lt§x§5§E§D§D§D§3§li§x§5§F§E§0§C§C§lc §x§5§F§E§0§C§C§lH§x§5§E§D§D§D§3§la§x§5§E§D§B§D§A§lt§x§5§E§D§9§E§1§ls §x§5§D§D§4§E§E§lK§x§5§C§D§1§F§5§le§x§5§C§C§F§F§C§ly in auction for 500000.
[17:40:15] > x1 Shulker box on sale by Johng10910 has just expired, it goes in the inventory of expired items.
[17:48:18] > alecczzz remove x1 §x§F§F§7§C§0§0§lSteamsparks Boots from expire
[17:48:19] > alecczzz remove x1 §fHusk Plushie §6(#50/101) from expire
[17:48:26] > alecczzz added x1 §x§F§F§7§C§0§0§lSteamsparks Boots in auction for 100000.
[17:48:38] > alecczzz added x1 §fHusk Plushie §6(#50/101) in auction for 50000.
[17:48:48] > xcapan buy x10 §x§F§C§D§0§5§C§lB§x§E§6§D§3§6§B§la§x§C§F§D§5§7§A§ls§x§B§9§D§8§8§9§li§x§A§2§D§A§9§8§lc §x§7§5§D§F§B§6§lC§x§5§F§E§2§C§5§lr§x§7§5§D§F§B§6§la§x§8§C§D§D§A§7§lt§x§A§2§D§A§9§8§le §x§C§F§D§5§7§A§lK§x§E§6§D§3§6§B§le§x§F§C§D§0§5§C§ly to Trapers1 for $60,000.
[17:48:51] > x2 Furnace, bought by Shadowflip_24, has just expired, the item is definitively deleted.
[17:48:52] > xcapan remove x10 §x§F§C§D§0§5§C§lB§x§E§6§D§3§6§B§la§x§C§F§D§5§7§A§ls§x§B§9§D§8§8§9§li§x§A§2§D§A§9§8§lc §x§7§5§D§F§B§6§lC§x§5§F§E§2§C§5§lr§x§7§5§D§F§B§6§la§x§8§C§D§D§A§7§lt§x§A§2§D§A§9§8§le §x§C§F§D§5§7§A§lK§x§E§6§D§3§6§B§le§x§F§C§D§0§5§C§ly from buy
[17:49:18] > frenchhee buy x64 Emerald block to namerikangel for $300,000.
[17:49:22] > frenchhee buy x64 Emerald block to namerikangel for $300,000.
[17:49:31] > frenchhee remove x64 Emerald block from buy
[17:49:32] > frenchhee remove x64 Emerald block from buy
[17:54:08] > namerikangel added x64 Tipped arrow in auction for 80000.
[17:54:54] > _BAAM buy x1 §x§F§F§5§5§0§0§lsᴇʟʟᴡᴀɴᴅ §6- 5.0x to Fogstrap for $400,000.
[17:55:05] > _BAAM remove x1 §x§F§F§5§5§0§0§lsᴇʟʟᴡᴀɴᴅ §6- 5.0x form buy
[17:57:26] > imnectarfr buy x1 Enchanted book to TokaiTeio for $25,000.
[17:57:49] > imnectarfr remove x1 Enchanted book from buy
[18:01:14] > qu4sar buy x7 Shulker shell to nachfaust for $50,000.
[18:04:19] > qu4sar remove x64 Iron block from buy
[18:04:20] > qu4sar remove x7 Shulker shell from buy
[18:11:10] > x1 §x§F§F§5§5§0§0§lsᴇʟʟᴡᴀɴᴅ §6- 5.0x on sale by EnderDragon0120 has just expired, it goes in the inventory of expired items.
[18:11:10] > x1 §x§F§F§3§E§0§0§lSellwand Voucher on sale by EnderDragon0120 has just expired, it goes in the inventory of expired items.
[18:11:55] > HwanYo buy x1 §x§F§F§3§E§0§0§lSellwand Voucher to Gabyy for $1,100,000.
[18:12:08] > HwanYo buy x1 §x§F§F§3§E§0§0§lSellwand Voucher to Typeshe for $1,250,000.
[18:12:13] > HwanYo remove x1 §x§F§F§3§E§0§0§lSellwand Voucher from buy
[18:12:13] > HwanYo remove x1 §x§F§F§3§E§0§0§lSellwand Voucher from buy
[18:26:23] > Takeremu added x64 Experience bottle in auction for 80000.
[18:26:34] > Takeremu added x64 Experience bottle in auction for 80000.
[18:26:44] > Takeremu added x64 Experience bottle in auction for 80000.
[18:26:49] > 3xdmge buy x64 Experience bottle to Takeremu for $80,000.
[18:26:59] > 3xdmge remove x64 Experience bottle from buy
[18:27:06] > Wemmbuo added x1 §f§x§F§B§B§6§1§DC§x§F§0§A§F§1§Ca§x§E§5§A§8§1§Bp§x§D§B§A§0§1§9y§x§D§0§9§9§1§8b§x§C§5§9§2§1§7a§x§B§A§8§B§1§6r§x§A§F§8§4§1§5a§x§A§4§7§D§1§4 §x§9§A§7§5§1§2H§x§8§F§6§E§1§1a§x§8§4§6§7§1§0t in auction for 60000.
[18:27:18] > Takeremu added x64 Experience bottle in auction for 80000.
[18:30:55] > x1 §f§l§8B§x§6§2§6§2§6§2a§x§6§F§6§F§6§Fh§x§7§C§7§C§7§Ca§x§8§9§8§9§8§9m§x§9§6§9§6§9§6u§x§A§3§A§3§A§3t §x§9§6§9§6§9§6H§x§8§9§8§9§8§9a§x§7§C§7§C§7§Ct§x§6§F§6§F§6§F §x§6§2§6§2§6§2V§82, item of MakmakJV, has just expired, the item is definitively deleted.
[18:30:56] > Renzy01 remove x1 §x§E§5§1§B§1§B§lDracula Sickle from expire
[18:31:03] > Renzy01 added x1 §x§E§5§1§B§1§B§lDracula Sickle in auction for 150000.
[18:31:33] > ravencabansay remove x1 §x§E§5§1§B§1§B§lDracula Wings from storage
[18:31:41] > Renzy01 remove x1 §x§E§5§1§B§1§B§lDracula Wings from storage
[18:31:49] > Renzy01 added x1 §x§E§5§1§B§1§B§lDracula Wings in auction for 1500000.
[18:35:23] > dearestyumeko buy x1 §f§x§F§B§B§6§1§DC§x§F§0§A§F§1§Ca§x§E§5§A§8§1§Bp§x§D§B§A§0§1§9y§x§D§0§9§9§1§8b§x§C§5§9§2§1§7a§x§B§A§8§B§1§6r§x§A§F§8§4§1§5a§x§A§4§7§D§1§4 §x§9§A§7§5§1§2H§x§8§F§6§E§1§1a§x§8§4§6§7§1§0t to Wemmbuo for $60,000.
[18:35:34] > dearestyumeko remove x1 §f§x§F§B§B§6§1§DC§x§F§0§A§F§1§Ca§x§E§5§A§8§1§Bp§x§D§B§A§0§1§9y§x§D§0§9§9§1§8b§x§C§5§9§2§1§7a§x§B§A§8§B§1§6r§x§A§F§8§4§1§5a§x§A§4§7§D§1§4 §x§9§A§7§5§1§2H§x§8§F§6§E§1§1a§x§8§4§6§7§1§0t from buy
[18:36:00] > Wemmbuo buy x64 Experience bottle to Takeremu for $80,000.
[18:36:41] > Wemmbuo remove x1 §x§E§5§1§B§1§B§lDracula Shovel from buy
[18:36:42] > Wemmbuo remove x64 Experience bottle from buy
[18:36:58] > Wemmbuo added x1 §x§E§5§1§B§1§B§lDracula Shovel in auction for 250000.
[18:37:08] > Takeremu added x64 Experience bottle in auction for 80000.
[18:38:32] > dearestyumeko added x1 Pitcher pod in auction for 600.
[18:38:56] > dearestyumeko added x1 Pitcher pod in auction for 600.
[18:40:24] > Weeiyne added x1 §x§E§5§1§B§1§B§lDracula Spear in auction for 120000.
[18:43:30] > Takeremu added x64 Experience bottle in auction for 80000.
[18:43:48] > dearestyumeko added x1 Axolotl bucket in auction for 25000.
[18:52:13] > SenjuKawaragi added x64 Coal ore in auction for 150000.
[18:55:04] > EnderDragon0120 buy x1 Axolotl bucket to dearestyumeko for $25,000.
[19:01:13] > 3xdmge buy x64 Experience bottle to Takeremu for $80,000.
[19:01:16] > 3xdmge remove x4 Experience bottle from buy
[19:25:26] > .Kharrrrrr9859 buy x1 Diamond leggings to nachfaust for $20,000.
[19:25:46] > .Kharrrrrr9859 remove x1 Diamond leggings from buy
[19:28:14] > kysicx added x1 §x§F§F§5§5§0§0§lsᴇʟʟᴡᴀɴᴅ §6- 5.0x in auction for 500000.
[19:28:24] > Trapers1 added x1 §x§F§F§5§5§0§0§lsᴇʟʟᴡᴀɴᴅ §6- 10.0x in auction for 1450000.
[19:28:28] > kysicx remove x1 §x§F§F§3§E§0§0§lSellwand Voucher from storage
[19:28:42] > kysicx added x1 §x§F§F§5§5§0§0§lsᴇʟʟᴡᴀɴᴅ §6- 10.0x in auction for 1200000.
[19:29:15] > Trapers1 remove x1 §x§F§F§5§5§0§0§lsᴇʟʟᴡᴀɴᴅ §6- 10.0x form storage
[19:29:29] > Broodie added x1 §x§F§F§5§5§0§0§lsᴇʟʟᴡᴀɴᴅ §6- 5.0x in auction for 300000.
[19:29:32] > Trapers1 added x1 §x§F§F§5§5§0§0§lsᴇʟʟᴡᴀɴᴅ §6- 10.0x in auction for 1350000.
[19:29:38] > Trapers1 buy x1 §x§F§F§5§5§0§0§lsᴇʟʟᴡᴀɴᴅ §6- 5.0x to Broodie for $300,000.
[19:29:45] > Trapers1 remove x1 §x§F§F§5§5§0§0§lsᴇʟʟᴡᴀɴᴅ §6- 5.0x form buy
[19:29:54] > Trapers1 added x1 §x§F§F§5§5§0§0§lsᴇʟʟᴡᴀɴᴅ §6- 5.0x in auction for 400000.
[19:30:08] > .Allxnzv added x1 §fRaining Cloud Hat in auction for 50000.
[19:30:12] > micailatot added x1 §x§F§F§3§E§0§0§lSellwand Voucher in auction for 1500000.
[19:30:49] > x1 Fully Enchanted Wukong Armor Set on sale by Hunter_Sung has just expired, it goes in the inventory of expired items.
[19:30:51] > Trapers1 remove x1 §x§F§F§5§5§0§0§lsᴇʟʟᴡᴀɴᴅ §6- 10.0x form storage
[19:30:51] > Trapers1 remove x1 §x§F§F§5§5§0§0§lsᴇʟʟᴡᴀɴᴅ §6- 5.0x form storage
[19:30:54] > Wemmbuo remove x1 §x§E§5§1§B§1§B§lDracula Shovel from storage
[19:31:02] > Wemmbuo remove x64 Emerald from storage
[19:31:02] > Wemmbuo remove x64 Emerald from storage
[19:31:03] > Wemmbuo remove x64 Emerald from storage
[19:31:03] > Wemmbuo remove x64 Emerald from storage
[19:31:04] > Wemmbuo remove x64 Emerald from storage
[19:31:13] > Wemmbuo added x64 Emerald in auction for 30000.
[19:31:26] > Wemmbuo added x64 Emerald in auction for 30000.
[19:31:38] > Wemmbuo added x64 Emerald in auction for 30000.
[19:31:39] > Trapers1 added x1 §x§F§F§5§5§0§0§lsᴇʟʟᴡᴀɴᴅ §6- 10.0x in auction for 1330000.
[19:31:50] > Trapers1 added x1 §x§F§F§5§5§0§0§lsᴇʟʟᴡᴀɴᴅ §6- 5.0x in auction for 380000.
[19:31:51] > Cynishere buy x1 §x§F§F§5§5§0§0§lsᴇʟʟᴡᴀɴᴅ §6- 10.0x to Trapers1 for $1,330,000.
[19:32:06] > EXEZUNO added x1 §x§F§F§5§5§0§0§lsᴇʟʟᴡᴀɴᴅ §6- 5.0x in auction for 200000.
[19:32:12] > Takeremu buy x1 §x§F§F§5§5§0§0§lsᴇʟʟᴡᴀɴᴅ §6- 5.0x to EXEZUNO for $200,000.
[19:32:23] > Takeremu remove x1 §x§F§F§5§5§0§0§lsᴇʟʟᴡᴀɴᴅ §6- 5.0x from buy
[19:33:13] > micailatot remove x1 §x§F§F§3§E§0§0§lSellwand Voucher from storage
[19:34:24] > EXEZUNO remove x1 §x§F§F§5§5§0§0§lsᴇʟʟᴡᴀɴᴅ §6- 5.0x from storage
[19:34:47] > Cynishere remove x1 §x§F§F§5§5§0§0§lsᴇʟʟᴡᴀɴᴅ §6- 10.0x from buy
[19:35:03] > EXEZUNO remove x1 §e§lDinomite Fish from storage
[19:35:22] > x1 §f§l§8B§x§6§1§6§1§6§1a§x§6§D§6§D§6§Dh§x§7§9§7§9§7§9a§x§8§6§8§6§8§6m§x§9§2§9§2§9§2u§x§9§E§9§E§9§Et§7 §x§9§E§9§E§9§EH§x§9§2§9§2§9§2a§x§8§6§8§6§8§6l§x§7§9§7§9§7§9b§x§6§D§6§D§6§De§x§6§1§6§1§6§1r§8d, item of frenchhee, has just expired, the item is definitively deleted.
[19:35:24] > EXEZUNO remove x1 §x§F§F§5§5§0§0§lsᴇʟʟᴡᴀɴᴅ §6- 5.0x from expire
[19:35:25] > Zypher_0w0 added x48 Cocoa beans in auction for 10.
[19:35:34] > nebula12321 buy x48 Cocoa beans to Zypher_0w0 for $10.
[19:35:44] > nebula12321 remove x48 Cocoa beans from buy
[19:35:45] > Wemmbuo added x1 §f§bEnder Dragon Plushie §6(#32/101) in auction for 1200000.
[19:35:59] > EXEZUNO added x1 §x§F§F§5§5§0§0§lsᴇʟʟᴡᴀɴᴅ §6- 5.0x in auction for 300000.
[19:36:00] > Wemmbuo added x1 §f§bWarden Plushie §6(#93/101) in auction for 1200000.
[19:36:05] > Trapers1 buy x1 §x§F§F§5§5§0§0§lsᴇʟʟᴡᴀɴᴅ §6- 5.0x to EXEZUNO for $300,000.
[19:36:11] > Trapers1 remove x1 §x§F§F§5§5§0§0§lsᴇʟʟᴡᴀɴᴅ §6- 5.0x form buy
[19:36:18] > Trapers1 added x1 §x§F§F§5§5§0§0§lsᴇʟʟᴡᴀɴᴅ §6- 5.0x in auction for 380000.
[19:36:26] > aznaaa buy x1 §x§F§F§5§5§0§0§lsᴇʟʟᴡᴀɴᴅ §6- 5.0x to Trapers1 for $380,000.
[19:36:30] > Trapers1 remove x1 §x§F§F§5§5§0§0§lsᴇʟʟᴡᴀɴᴅ §6- 5.0x form storage
[19:36:33] > Trapers1 added x1 §x§F§F§5§5§0§0§lsᴇʟʟᴡᴀɴᴅ §6- 5.0x in auction for 380000.
[19:36:39] > EXEZUNO remove x10 Netherite ingot from storage
[19:36:39] > aznaaa buy x1 §x§F§F§5§5§0§0§lsᴇʟʟᴡᴀɴᴅ §6- 5.0x to Trapers1 for $380,000.
[19:36:45] > aznaaa remove x1 §x§F§F§5§5§0§0§lsᴇʟʟᴡᴀɴᴅ §6- 5.0x from buy
[19:36:45] > aznaaa remove x1 §x§F§F§5§5§0§0§lsᴇʟʟᴡᴀɴᴅ §6- 5.0x from buy
[19:37:08] > EXEZUNO added x10 Netherite ingot in auction for 520000.
[19:37:20] > Wemmbuo remove x1 §f§bEnder Dragon Plushie §6(#32/101) from storage
[19:37:20] > Wemmbuo remove x1 §f§bWarden Plushie §6(#93/101) from storage
[19:37:29] > Wemmbuo added x1 §f§bEnder Dragon Plushie §6(#32/101) in auction for 500000.
[19:37:39] > Wemmbuo added x1 §f§bWarden Plushie §6(#93/101) in auction for 300000.
[19:37:43] > Cynishere added x1 Kits in auction for 100000000.
[19:38:53] > JinSoul15 remove x64 Iron ingot from buy
[19:38:59] > Cynishere remove x1 Kits from storage
[19:39:03] > Cynishere remove x1 Kits from expire
[19:42:56] > Gabyy buy x64 Experience bottle to Takeremu for $80,000.
[19:46:35] > Zypher_0w0 remove x1 §x§E§4§3§A§9§6§lW§x§E§7§5§3§A§3§lI§x§E§B§6§B§B§0§lN§x§E§E§8§4§B§D§lG§x§F§2§9§D§C§B§lS §x§F§8§C§E§E§5§lO§x§F§C§E§6§F§2§lF §x§F§C§E§6§F§2§lE§x§F§8§C§E§E§5§lT§x§F§5§B§5§D§8§lE§x§F§2§9§D§C§B§lR§x§E§E§8§4§B§D§lN§x§E§B§6§B§B§0§lI§x§E§7§5§3§A§3§lT§x§E§4§3§A§9§6§lY from storage
[19:48:11] > Zypher_0w0 added x1 §x§F§4§A§F§5§4§lSPOOKY HAT in auction for 80000000.
[19:48:40] > Zypher_0w0 remove x1 §x§F§4§A§F§5§4§lSPOOKY HAT from storage
[19:56:13] > Trapers1 added x1 §fSheep Plushie §6(#77/101) in auction for 10000.
[19:56:30] > Trapers1 added x1 §fSnow Fox Plushie §6(#36/101) in auction for 10000.
[20:05:45] > HwanYo buy x1 §x§F§F§5§5§0§0§lsᴇʟʟᴡᴀɴᴅ §6- 10.0x to kysicx for $1,200,000.
[20:08:29] > EXEZUNO remove x10 Netherite ingot from storage
[20:09:38] > 3xdmge buy x64 Experience bottle to Takeremu for $80,000.
[20:09:52] > 3xdmge remove x64 Experience bottle from buy
[20:10:30] > namerikangel buy x1 §fSnow Fox Plushie §6(#36/101) to Trapers1 for $10,000.
[20:10:33] > namerikangel buy x1 §fSheep Plushie §6(#77/101) to Trapers1 for $10,000.
[20:10:57] > namerikangel remove x1 §fSheep Plushie §6(#77/101) from buy
[20:10:57] > namerikangel remove x1 §fSnow Fox Plushie §6(#36/101) from buy
[20:12:05] > EXEZUNO added x10 Netherite ingot in auction for 510000.
[20:16:38] > Fogstrap remove x1 §x§F§F§5§5§0§0§lsᴇʟʟᴡᴀɴᴅ §6- 10.0x from storage
[20:16:39] > Fogstrap remove x1 §x§F§F§5§5§0§0§lsᴇʟʟᴡᴀɴᴅ §6- 10.0x from storage
[20:16:39] > Fogstrap remove x1 §x§F§F§5§5§0§0§lsᴇʟʟᴡᴀɴᴅ §6- 5.0x from storage
[20:16:40] > Fogstrap remove x1 §x§F§F§5§5§0§0§lsᴇʟʟᴡᴀɴᴅ §6- 5.0x from storage
[20:16:53] > Fogstrap added x1 §x§F§F§5§5§0§0§lsᴇʟʟᴡᴀɴᴅ §6- 10.0x in auction for 1300000.
[20:17:05] > Fogstrap added x1 §x§F§F§5§5§0§0§lsᴇʟʟᴡᴀɴᴅ §6- 10.0x in auction for 400000.
[20:17:09] > Trapers1 buy x1 §x§F§F§5§5§0§0§lsᴇʟʟᴡᴀɴᴅ §6- 10.0x to Fogstrap for $400,000.
[20:17:16] > belvi__ added x1 §x§F§F§3§E§0§0§lSellwand Voucher in auction for 700000.
[20:17:28] > Trapers1 remove x1 §x§F§F§5§5§0§0§lsᴇʟʟᴡᴀɴᴅ §6- 10.0x form buy
[20:17:49] > Trapers1 added x1 §x§F§F§5§5§0§0§lsᴇʟʟᴡᴀɴᴅ §6- 10.0x in auction for 1330000.
[20:17:53] > Fogstrap added x1 §x§F§F§5§5§0§0§lsᴇʟʟᴡᴀɴᴅ §6- 5.0x in auction for 400000.
[20:18:03] > Fogstrap added x1 §x§F§F§5§5§0§0§lsᴇʟʟᴡᴀɴᴅ §6- 5.0x in auction for 400000.
[20:19:23] > belvi__ remove x1 §x§F§F§3§E§0§0§lSellwand Voucher from storage
[20:20:01] > Trapers1 remove x1 §x§F§F§5§5§0§0§lsᴇʟʟᴡᴀɴᴅ §6- 10.0x form storage
[20:20:10] > Trapers1 added x1 §x§F§F§5§5§0§0§lsᴇʟʟᴡᴀɴᴅ §6- 10.0x in auction for 13300000.
[20:20:15] > Trapers1 remove x1 §x§F§F§5§5§0§0§lsᴇʟʟᴡᴀɴᴅ §6- 10.0x form storage
[20:20:24] > Trapers1 added x1 §x§F§F§5§5§0§0§lsᴇʟʟᴡᴀɴᴅ §6- 10.0x in auction for 1330000.
[20:20:58] > Cynishere added x1 Valuables in auction for 9000000.
[20:21:26] > Trapers1 remove x1 §x§F§F§5§5§0§0§lsᴇʟʟᴡᴀɴᴅ §6- 10.0x form storage
[20:21:27] > Cynishere remove x1 Valuables from storage
[20:21:37] > Trapers1 added x1 §x§F§F§5§5§0§0§lsᴇʟʟᴡᴀɴᴅ §6- 10.0x in auction for 1280000.
[20:22:55] > Cynishere added x1 §x§3§4§9§8§D§Bᴡɪᴛʜᴇʀ ꜱᴋᴇʟᴇᴛᴏɴ ꜱᴘᴀᴡɴᴇʀ in auction for 1500000.
[20:23:46] > Cynishere remove x1 §x§3§4§9§8§D§Bᴡɪᴛʜᴇʀ ꜱᴋᴇʟᴇᴛᴏɴ ꜱᴘᴀᴡɴᴇʀ from storage
[20:23:52] > Cynishere added x1 §x§3§4§9§8§D§Bᴡɪᴛʜᴇʀ ꜱᴋᴇʟᴇᴛᴏɴ ꜱᴘᴀᴡɴᴇʀ in auction for 2000000.
[20:24:22] > Cynishere remove x1 §x§3§4§9§8§D§Bᴡɪᴛʜᴇʀ ꜱᴋᴇʟᴇᴛᴏɴ ꜱᴘᴀᴡɴᴇʀ from storage
[20:24:27] > Cynishere remove x1 §x§3§4§9§8§D§Bᴡɪᴛʜᴇʀ ꜱᴋᴇʟᴇᴛᴏɴ ꜱᴘᴀᴡɴᴇʀ from expire
[20:24:28] > Cynishere remove x1 §x§3§4§9§8§D§Bᴡɪᴛʜᴇʀ ꜱᴋᴇʟᴇᴛᴏɴ ꜱᴘᴀᴡɴᴇʀ from expire
[20:24:29] > Cynishere remove x1 Valuables from expire
[20:24:33] > Cynishere added x2 §x§3§4§9§8§D§Bᴡɪᴛʜᴇʀ ꜱᴋᴇʟᴇᴛᴏɴ ꜱᴘᴀᴡɴᴇʀ in auction for 2000000.
[20:24:37] > Fogstrap buy x2 §x§3§4§9§8§D§Bᴡɪᴛʜᴇʀ ꜱᴋᴇʟᴇᴛᴏɴ ꜱᴘᴀᴡɴᴇʀ to Cynishere for $2,000,000.
[20:24:51] > Cynishere added x2 §x§3§4§9§8§D§Bᴡɪᴛʜᴇʀ ꜱᴋᴇʟᴇᴛᴏɴ ꜱᴘᴀᴡɴᴇʀ in auction for 2000000.
[20:24:54] > Trapers1 buy x2 §x§3§4§9§8§D§Bᴡɪᴛʜᴇʀ ꜱᴋᴇʟᴇᴛᴏɴ ꜱᴘᴀᴡɴᴇʀ to Cynishere for $2,000,000.
[20:25:05] > Trapers1 remove x2 §x§3§4§9§8§D§Bᴡɪᴛʜᴇʀ ꜱᴋᴇʟᴇᴛᴏɴ ꜱᴘᴀᴡɴᴇʀ form buy
[20:25:07] > Fogstrap added x1 §x§F§F§5§5§0§0§lsᴇʟʟᴡᴀɴᴅ §6- 5.0x in auction for 380000.
[20:25:37] > Cynishere added x8 §x§3§4§9§8§D§Bᴡɪᴛʜᴇʀ ꜱᴋᴇʟᴇᴛᴏɴ ꜱᴘᴀᴡɴᴇʀ in auction for 8000000.
[20:26:42] > Fogstrap added x1 §x§F§F§5§5§0§0§lsᴇʟʟᴡᴀɴᴅ §6- 5.0x in auction for 400000.
[20:27:01] > Fogstrap added x1 §x§F§F§5§5§0§0§lsᴇʟʟᴡᴀɴᴅ §6- 5.0x in auction for 400000.
[20:27:06] > Cynishere remove x8 §x§3§4§9§8§D§Bᴡɪᴛʜᴇʀ ꜱᴋᴇʟᴇᴛᴏɴ ꜱᴘᴀᴡɴᴇʀ from storage
[20:27:09] > Cynishere remove x8 §x§3§4§9§8§D§Bᴡɪᴛʜᴇʀ ꜱᴋᴇʟᴇᴛᴏɴ ꜱᴘᴀᴡɴᴇʀ from expire
[20:27:09] > Trapers1 remove x1 §x§F§F§5§5§0§0§lsᴇʟʟᴡᴀɴᴅ §6- 10.0x form storage
[20:27:13] > Fogstrap added x1 §x§F§F§5§5§0§0§lsᴇʟʟᴡᴀɴᴅ §6- 5.0x in auction for 380000.
[20:27:19] > Cynishere added x7 §x§3§4§9§8§D§Bᴡɪᴛʜᴇʀ ꜱᴋᴇʟᴇᴛᴏɴ ꜱᴘᴀᴡɴᴇʀ in auction for 7000000.
[20:27:29] > Trapers1 added x1 §x§F§F§5§5§0§0§lsᴇʟʟᴡᴀɴᴅ §6- 10.0x in auction for 1350000.
[20:27:29] > Fogstrap added x1 §x§F§F§5§5§0§0§lsᴇʟʟᴡᴀɴᴅ §6- 5.0x in auction for 380000.
[20:27:42] > Fogstrap added x1 §x§F§F§5§5§0§0§lsᴇʟʟᴡᴀɴᴅ §6- 5.0x in auction for 380000.
[20:28:54] > EXEZUNO added x1 §x§3§4§9§8§D§Bꜱᴋᴇʟᴇᴛᴏɴ ꜱᴘᴀᴡɴᴇʀ in auction for 1000000.
[20:29:24] > Cynishere remove x7 §x§3§4§9§8§D§Bᴡɪᴛʜᴇʀ ꜱᴋᴇʟᴇᴛᴏɴ ꜱᴘᴀᴡɴᴇʀ from storage
[20:29:27] > Cynishere remove x7 §x§3§4§9§8§D§Bᴡɪᴛʜᴇʀ ꜱᴋᴇʟᴇᴛᴏɴ ꜱᴘᴀᴡɴᴇʀ from expire
[20:30:42] > imnectarfr added x13 Blue orchid in auction for 10.
[20:30:50] > kysicx buy x13 Blue orchid to imnectarfr for $10.
[20:31:06] > imnectarfr added x10 Blue orchid in auction for 10.
[20:31:12] > kysicx buy x10 Blue orchid to imnectarfr for $10.
[20:31:41] > EXEZUNO remove x1 §x§3§4§9§8§D§Bꜱᴋᴇʟᴇᴛᴏɴ ꜱᴘᴀᴡɴᴇʀ from storage
[20:31:46] > kysicx added x1 §x§F§F§3§E§0§0§lSellwand Voucher in auction for 1350000.
[20:32:35] > Trapers1 remove x1 §x§F§F§5§5§0§0§lsᴇʟʟᴡᴀɴᴅ §6- 10.0x form storage
[20:32:41] > Trapers1 added x1 §x§F§F§5§5§0§0§lsᴇʟʟᴡᴀɴᴅ §6- 10.0x in auction for 1300000.
[20:33:06] > Cynishere added x1 §x§3§4§9§8§D§Bᴡɪᴛʜᴇʀ ꜱᴋᴇʟᴇᴛᴏɴ ꜱᴘᴀᴡɴᴇʀ in auction for 1000000.
[20:33:30] > kysicx added x1 §x§E§5§1§B§1§B§lDracula Halberd in auction for 250000.
[20:33:45] > kysicx added x1 §x§F§F§7§C§0§0§lSteamsparks Axe in auction for 250000.
[20:35:00] > kysicx buy x1 §x§3§4§9§8§D§Bᴡɪᴛʜᴇʀ ꜱᴋᴇʟᴇᴛᴏɴ ꜱᴘᴀᴡɴᴇʀ to Cynishere for $1,000,000.
[20:35:09] > kysicx remove x1 §fVillager Plushie §6(#90/101) from buy
[20:35:09] > kysicx remove x1 §fWitch Plushie §6(#94/101) from buy
[20:35:09] > kysicx remove x13 Blue orchid from buy
[20:35:10] > kysicx remove x10 Blue orchid from buy
[20:35:10] > kysicx remove x1 §x§3§4§9§8§D§Bᴡɪᴛʜᴇʀ ꜱᴋᴇʟᴇᴛᴏɴ ꜱᴘᴀᴡɴᴇʀ from buy
[20:42:31] > Cynishere added x1 §x§3§4§9§8§D§Bᴡɪᴛᴄʜ ꜱᴘᴀᴡɴᴇʀ in auction for 2500000.
[20:42:45] > SenjuKawaragi buy x1 §x§3§4§9§8§D§Bᴡɪᴛᴄʜ ꜱᴘᴀᴡɴᴇʀ to Cynishere for $2,500,000.
[20:42:53] > SenjuKawaragi remove x1 §x§3§4§9§8§D§Bᴡɪᴛᴄʜ ꜱᴘᴀᴡɴᴇʀ from buy
[20:43:43] > Cynishere added x1 §x§3§4§9§8§D§Bᴡɪᴛʜᴇʀ ꜱᴋᴇʟᴇᴛᴏɴ ꜱᴘᴀᴡɴᴇʀ in auction for 1000000.
[20:43:49] > Trapers1 buy x1 §x§3§4§9§8§D§Bᴡɪᴛʜᴇʀ ꜱᴋᴇʟᴇᴛᴏɴ ꜱᴘᴀᴡɴᴇʀ to Cynishere for $1,000,000.
[20:44:02] > Trapers1 remove x1 §x§3§4§9§8§D§Bᴡɪᴛʜᴇʀ ꜱᴋᴇʟᴇᴛᴏɴ ꜱᴘᴀᴡɴᴇʀ form buy
[20:44:10] > Cynishere added x4 §x§3§4§9§8§D§Bᴡɪᴛʜᴇʀ ꜱᴋᴇʟᴇᴛᴏɴ ꜱᴘᴀᴡɴᴇʀ in auction for 4000000.
[20:44:14] > namerikangel added x64 Emerald block in auction for 300000.
[20:45:21] > Cynishere added x5 §x§3§4§9§8§D§Bᴄᴏᴡ ꜱᴘᴀᴡɴᴇʀ in auction for 1000000.
[20:45:28] > Trapers1 buy x5 §x§3§4§9§8§D§Bᴄᴏᴡ ꜱᴘᴀᴡɴᴇʀ to Cynishere for $1,000,000.
[20:45:36] > Trapers1 remove x5 §x§3§4§9§8§D§Bᴄᴏᴡ ꜱᴘᴀᴡɴᴇʀ form buy
[20:45:47] > Cynishere added x5 §x§3§4§9§8§D§Bᴄʜɪᴄᴋᴇɴ ꜱᴘᴀᴡɴᴇʀ in auction for 1000000.
[20:45:50] > Fogstrap buy x5 §x§3§4§9§8§D§Bᴄʜɪᴄᴋᴇɴ ꜱᴘᴀᴡɴᴇʀ to Cynishere for $1,000,000.
[20:45:57] > Cynishere added x5 §x§3§4§9§8§D§Bᴘɪɢ ꜱᴘᴀᴡɴᴇʀ in auction for 1000000.
[20:46:01] > Fogstrap buy x5 §x§3§4§9§8§D§Bᴘɪɢ ꜱᴘᴀᴡɴᴇʀ to Cynishere for $1,000,000.
[20:46:08] > Cynishere added x5 §x§3§4§9§8§D§Bᴢᴏᴍʙɪᴇ ꜱᴘᴀᴡɴᴇʀ in auction for 1000000.
[20:46:10] > Fogstrap buy x5 §x§3§4§9§8§D§Bᴢᴏᴍʙɪᴇ ꜱᴘᴀᴡɴᴇʀ to Cynishere for $1,000,000.
[20:46:53] > Fogstrap remove x4 §3§lDolphin Tail form buy
[20:46:53] > Fogstrap remove x5 §x§3§4§9§8§D§Bᴄʜɪᴄᴋᴇɴ ꜱᴘᴀᴡɴᴇʀ form buy
[20:46:53] > Fogstrap remove x2 §x§3§4§9§8§D§Bᴡɪᴛʜᴇʀ ꜱᴋᴇʟᴇᴛᴏɴ ꜱᴘᴀᴡɴᴇʀ form buy
[20:46:53] > Fogstrap remove x5 §x§3§4§9§8§D§Bᴢᴏᴍʙɪᴇ ꜱᴘᴀᴡɴᴇʀ form buy
[20:46:53] > Fogstrap remove x5 §x§3§4§9§8§D§Bᴘɪɢ ꜱᴘᴀᴡɴᴇʀ form buy
[20:48:03] > Trapers1 added x1 The Flying in auction for 3500000.
[20:49:35] > EXEZUNO added x1 Heavy core in auction for 350000.
[20:49:54] > Fogstrap remove x1 Enchanted book from storage
[20:49:58] > Fogstrap added x1 §x§3§4§9§8§D§Bᴢᴏᴍʙɪᴇ ꜱᴘᴀᴡɴᴇʀ in auction for 500000.
[20:50:23] > Trapers1 remove x1 The Flying form storage
[20:50:23] > Trapers1 remove x1 §x§F§F§5§5§0§0§lsᴇʟʟᴡᴀɴᴅ §6- 10.0x form storage
[20:50:31] > Trapers1 added x1 The Flying in auction for 3200000.
[20:50:34] > qu4sar buy x1 The Flying to Trapers1 for $3,200,000.
[20:50:44] > Trapers1 added x1 §x§F§F§5§5§0§0§lsᴇʟʟᴡᴀɴᴅ §6- 10.0x in auction for 1300000.
[20:51:15] > qu4sar remove x1 The Flying from buy
[20:56:56] > Trapers1 added x64 Firework rocket in auction for 10.
[20:56:58] > azuyeca buy x10 Netherite ingot to EXEZUNO for $510,000.
[20:57:02] > imnectarfr buy x64 Firework rocket to Trapers1 for $10.
[20:57:07] > imnectarfr remove x40 Firework rocket from buy
[20:58:06] > EXEZUNO buy x1 §x§E§5§1§B§1§B§lDracula Wings to Renzy01 for $1,500,000.
[20:58:20] > ThatMidnight buy x4 §x§3§4§9§8§D§Bᴡɪᴛʜᴇʀ ꜱᴋᴇʟᴇᴛᴏɴ ꜱᴘᴀᴡɴᴇʀ to Cynishere for $4,000,000.
[20:58:30] > EXEZUNO remove x1 §x§E§5§1§B§1§B§lDracula Wings from buy
[20:58:45] > Cynishere added x2 §x§3§4§9§8§D§Bᴄᴏᴡ ꜱᴘᴀᴡɴᴇʀ in auction for 2000000.
[20:59:14] > ryise buy x1 Netherite upgrade smithing template to Antonie657 for $70,000.
[20:59:14] > dat_boi buy x64 Diamond to ace for $109,000.
[20:59:20] > x1 §x§F§F§3§E§0§0§lSellwand Voucher on sale by Blinkrzz has just expired, it goes in the inventory of expired items.
[20:59:26] > king_ARK added x10 §bEntropy Crystal §8(§310,000§8) in auction for 800000.
[20:59:33] > ThatMidnight buy x10 §bEntropy Crystal §8(§310,000§8) to king_ARK for $800,000.
[20:59:40] > king_ARK added x10 §bEntropy Crystal §8(§310,000§8) in auction for 800000.
[20:59:44] > ThatMidnight remove x10 §bEntropy Crystal §8(§310,000§8) from buy
[20:59:45] > ThatMidnight remove x4 §x§3§4§9§8§D§Bᴡɪᴛʜᴇʀ ꜱᴋᴇʟᴇᴛᴏɴ ꜱᴘᴀᴡɴᴇʀ from buy
[20:59:51] > king_ARK added x10 §bEntropy Crystal §8(§310,000§8) in auction for 800000.
[21:00:02] > king_ARK added x10 §bEntropy Crystal §8(§310,000§8) in auction for 800000.
[21:00:12] > Cynishere added x1 §x§3§4§9§8§D§Bᴡᴀʀᴅᴇɴ ꜱᴘᴀᴡɴᴇʀ in auction for 5000000.
[21:00:17] > king_ARK added x10 §bEntropy Crystal §8(§310,000§8) in auction for 800000.
[21:00:27] > dat_boi remove x1 Netherite upgrade smithing template from buy
[21:00:28] > dat_boi remove x2 Diamond from buy
[21:00:30] > king_ARK added x10 §bEntropy Crystal §8(§310,000§8) in auction for 800000.
[21:00:45] > Trapers1 remove x1 §x§F§F§5§5§0§0§lsᴇʟʟᴡᴀɴᴅ §6- 10.0x form storage
[21:01:03] > ryise remove x1 Netherite upgrade smithing template from buy
[21:01:33] > Cynishere added x1 §x§3§4§9§8§D§Bᴄʜɪᴄᴋᴇɴ ꜱᴘᴀᴡɴᴇʀ in auction for 1000000.
[21:01:54] > Cynishere remove x1 §x§3§4§9§8§D§Bᴄʜɪᴄᴋᴇɴ ꜱᴘᴀᴡɴᴇʀ from storage
[21:01:57] > Cynishere remove x1 §x§3§4§9§8§D§Bᴄʜɪᴄᴋᴇɴ ꜱᴘᴀᴡɴᴇʀ from expire
[21:02:03] > Cynishere added x1 §x§3§4§9§8§D§Bᴄʜɪᴄᴋᴇɴ ꜱᴘᴀᴡɴᴇʀ in auction for 200000.
[21:02:06] > Kaynn buy x1 §x§3§4§9§8§D§Bᴄʜɪᴄᴋᴇɴ ꜱᴘᴀᴡɴᴇʀ to Cynishere for $200,000.
[21:02:10] > EXEZUNO added x11 §bEntropy Crystal §8(§310,000§8) in auction for 1000000.
[21:02:15] > Cynishere added x1 §x§3§4§9§8§D§Bᴘɪɢ ꜱᴘᴀᴡɴᴇʀ in auction for 200000.
[21:02:18] > Trapers1 buy x1 §x§3§4§9§8§D§Bᴘɪɢ ꜱᴘᴀᴡɴᴇʀ to Cynishere for $200,000.
[21:02:26] > Cynishere added x1 §x§3§4§9§8§D§Bᴄᴏᴡ ꜱᴘᴀᴡɴᴇʀ in auction for 1000000.
[21:03:11] > EXEZUNO remove x11 §bEntropy Crystal §8(§310,000§8) from storage
[21:03:29] > EXEZUNO added x11 §bEntropy Crystal §8(§310,000§8) in auction for 850000.
[21:09:46] > Cynishere remove x1 §x§9§8§6§3§E§7§lG§x§9§0§7§5§E§2§lo§x§8§8§8§7§D§D§ld§x§8§0§9§9§D§8§ll§x§7§7§A§C§D§4§ly §x§6§7§D§0§C§A§lC§x§5§F§E§2§C§5§lr§x§6§7§D§0§C§A§la§x§6§F§B§E§C§F§lt§x§7§7§A§C§D§4§le §x§8§8§8§7§D§D§lK§x§9§0§7§5§E§2§le§x§9§8§6§3§E§7§ly from storage
[21:10:22] > zopell10 added x1 Diamond sword in auction for 1000.
[21:10:43] > ReKYee buy x1 §x§3§4§9§8§D§Bᴢᴏᴍʙɪᴇ ꜱᴘᴀᴡɴᴇʀ to Fogstrap for $500,000.
[21:10:52] > ReKYee remove x1 §x§3§4§9§8§D§Bᴢᴏᴍʙɪᴇ ꜱᴘᴀᴡɴᴇʀ from buy
[21:13:54] > dat_boi added x5 §x§F§C§9§0§5§C§lE§x§E§6§9§C§6§B§lp§x§C§F§A§7§7§A§li§x§B§9§B§3§8§9§lc §x§8§C§C§B§A§7§lC§x§7§5§D§6§B§6§lr§x§5§F§E§2§C§5§la§x§7§9§D§4§B§4§lt§x§9§3§C§7§A§2§le §x§C§8§A§B§7§F§lK§x§E§2§9§E§6§E§le§x§F§C§9§0§5§C§ly in auction for 300000.
[21:15:39] > ThatMidnight buy x4 §3§lDolphin Tail to Takeremu for $320,000.
[21:15:44] > ThatMidnight remove x4 §3§lDolphin Tail from buy
[21:16:22] > kysicx remove x1 §fSun Visor Hat from expire
[21:16:32] > kysicx added x1 §fSun Visor Hat in auction for 50000.
[21:20:54] > EXEZUNO buy x1 §x§F§F§7§C§0§0§lSteamsparks Pickaxe to auvicious for $300,000.
[21:21:08] > EXEZUNO remove x1 §x§F§F§7§C§0§0§lSteamsparks Pickaxe from buy
[21:25:42] > x1 §x§F§F§3§E§0§0§lSellwand Voucher on sale by Blinkrzz has just expired, it goes in the inventory of expired items.
[21:36:17] > EXEZUNO remove x11 §bEntropy Crystal §8(§310,000§8) from storage
[21:40:55] > Trapers1 remove x1 §x§3§4§9§8§D§Bᴘɪɢ ꜱᴘᴀᴡɴᴇʀ form buy
[21:42:27] > x1 §x§E§5§1§B§1§B§lDracula Shield on sale by nachfaust has just expired, it goes in the inventory of expired items.
[21:42:31] > cheflight buy x5 §x§F§C§9§0§5§C§lE§x§E§6§9§C§6§B§lp§x§C§F§A§7§7§A§li§x§B§9§B§3§8§9§lc §x§8§C§C§B§A§7§lC§x§7§5§D§6§B§6§lr§x§5§F§E§2§C§5§la§x§7§9§D§4§B§4§lt§x§9§3§C§7§A§2§le §x§C§8§A§B§7§F§lK§x§E§2§9§E§6§E§le§x§F§C§9§0§5§C§ly to dat_boi for $300,000.
[21:43:36] > Cynishere added x5 §x§3§4§9§8§D§Bᴄᴏᴡ ꜱᴘᴀᴡɴᴇʀ in auction for 800000.
[21:43:41] > Trapers1 buy x5 §x§3§4§9§8§D§Bᴄᴏᴡ ꜱᴘᴀᴡɴᴇʀ to Cynishere for $800,000.
[21:43:46] > x64 Cherry log, item of CoinDegree52415, has just expired, the item is definitively deleted.
[21:43:48] > Trapers1 remove x5 §x§3§4§9§8§D§Bᴄᴏᴡ ꜱᴘᴀᴡɴᴇʀ form buy
[21:43:53] > Cynishere remove x1 §x§3§4§9§8§D§Bᴡᴀʀᴅᴇɴ ꜱᴘᴀᴡɴᴇʀ from storage
[21:43:54] > Cynishere remove x1 §x§3§4§9§8§D§Bᴄᴏᴡ ꜱᴘᴀᴡɴᴇʀ from storage
[21:43:54] > Cynishere remove x2 §x§3§4§9§8§D§Bᴄᴏᴡ ꜱᴘᴀᴡɴᴇʀ from storage
[21:44:03] > Fogstrap added x64 Iron block in auction for 64000.
[21:44:07] > Cynishere added x3 §x§3§4§9§8§D§Bᴄᴏᴡ ꜱᴘᴀᴡɴᴇʀ in auction for 500000.
[21:44:11] > Trapers1 buy x3 §x§3§4§9§8§D§Bᴄᴏᴡ ꜱᴘᴀᴡɴᴇʀ to Cynishere for $500,000.
[21:44:19] > Trapers1 remove x3 §x§3§4§9§8§D§Bᴄᴏᴡ ꜱᴘᴀᴡɴᴇʀ form buy
[21:44:32] > Kaynn remove x1 §x§3§4§9§8§D§Bᴄʜɪᴄᴋᴇɴ ꜱᴘᴀᴡɴᴇʀ from buy
[21:45:18] > Edabis added x1 §x§E§5§1§B§1§B§lDracula Dagger in auction for 100000.
[21:45:32] > Cynishere added x4 §x§3§4§9§8§D§Bᴘɪɢ ꜱᴘᴀᴡɴᴇʀ in auction for 400000.
[21:45:36] > Trapers1 buy x4 §x§3§4§9§8§D§Bᴘɪɢ ꜱᴘᴀᴡɴᴇʀ to Cynishere for $400,000.
[21:45:41] > Trapers1 remove x4 §x§3§4§9§8§D§Bᴘɪɢ ꜱᴘᴀᴡɴᴇʀ form buy
[21:46:57] > Cynishere added x1 §x§3§4§9§8§D§Bᴡɪᴛʜᴇʀ ꜱᴋᴇʟᴇᴛᴏɴ ꜱᴘᴀᴡɴᴇʀ in auction for 1000000.
[21:47:00] > Kaynn buy x1 §x§3§4§9§8§D§Bᴡɪᴛʜᴇʀ ꜱᴋᴇʟᴇᴛᴏɴ ꜱᴘᴀᴡɴᴇʀ to Cynishere for $1,000,000.
[21:47:10] > Kaynn remove x1 §x§3§4§9§8§D§Bᴡɪᴛʜᴇʀ ꜱᴋᴇʟᴇᴛᴏɴ ꜱᴘᴀᴡɴᴇʀ from buy
[21:52:15] > cheflight added x1 §fRabbit Plushie (Toast) §6(#74/101) in auction for 600000.
[21:52:27] > cheflight remove x1 §fRabbit Plushie (Toast) §6(#74/101) from storage
[21:52:44] > cheflight added x1 §fRabbit Plushie (Toast) §6(#74/101) in auction for 100000.
[21:53:46] > CoinDegree52415 added x1 §f§l§8B§x§5§F§5§F§5§Fa§x§6§9§6§9§6§9h§x§7§3§7§3§7§3a§x§7§D§7§D§7§Dm§x§8§7§8§7§8§7u§x§9§1§9§1§9§1t§x§9§B§9§B§9§B §x§A§5§A§5§A§5Gr§x§9§B§9§B§9§Be§x§9§1§9§1§9§1a§x§8§7§8§7§8§7t§x§7§D§7§D§7§Ds§x§7§3§7§3§7§3w§x§6§9§6§9§6§9o§x§5§F§5§F§5§Fr§8d in auction for 1000000.
[21:53:56] > CoinDegree52415 added x1 §f§l§8B§x§6§0§6§0§6§0a§x§6§C§6§C§6§Ch§x§7§7§7§7§7§7a§x§8§2§8§2§8§2m§x§8§E§8§E§8§Eu§x§9§9§9§9§9§9t§x§A§4§A§4§A§4 G§x§9§9§9§9§9§9a§x§8§E§8§E§8§Eu§x§8§2§8§2§8§2n§x§7§7§7§7§7§7t§x§6§C§6§C§6§Cl§x§6§0§6§0§6§0e§8t in auction for 300000.
[21:57:30] > cheflight added x10 §x§F§C§D§0§5§C§lB§x§E§6§D§3§6§B§la§x§C§F§D§5§7§A§ls§x§B§9§D§8§8§9§li§x§A§2§D§A§9§8§lc §x§7§5§D§F§B§6§lC§x§5§F§E§2§C§5§lr§x§7§5§D§F§B§6§la§x§8§C§D§D§A§7§lt§x§A§2§D§A§9§8§le §x§C§F§D§5§7§A§lK§x§E§6§D§3§6§B§le§x§F§C§D§0§5§C§ly in auction for 400000.
[21:57:55] > Trapers1 added x1 §x§F§F§5§5§0§0§lsᴇʟʟᴡᴀɴᴅ §6- 10.0x in auction for 1350000.
[22:09:37] > Trapers1 remove x1 §x§F§F§5§5§0§0§lsᴇʟʟᴡᴀɴᴅ §6- 10.0x form storage
[22:09:54] > Trapers1 added x1 §x§F§F§5§5§0§0§lsᴇʟʟᴡᴀɴᴅ §6- 10.0x in auction for 1300000.
[22:10:29] > cheflight remove x5 §x§F§C§9§0§5§C§lE§x§E§6§9§C§6§B§lp§x§C§F§A§7§7§A§li§x§B§9§B§3§8§9§lc §x§8§C§C§B§A§7§lC§x§7§5§D§6§B§6§lr§x§5§F§E§2§C§5§la§x§7§9§D§4§B§4§lt§x§9§3§C§7§A§2§le §x§C§8§A§B§7§F§lK§x§E§2§9§E§6§E§le§x§F§C§9§0§5§C§ly from buy
[22:22:27] > Kaynn added x1 Shulker box in auction for 300000.
[22:23:03] > YooRushy buy x1 Diamond sword to zopell10 for $1,000.
[22:43:11] > Antonie657 added x5 §x§F§C§D§0§5§C§lB§x§E§6§D§3§6§B§la§x§C§F§D§5§7§A§ls§x§B§9§D§8§8§9§li§x§A§2§D§A§9§8§lc §x§7§5§D§F§B§6§lC§x§5§F§E§2§C§5§lr§x§7§5§D§F§B§6§la§x§8§C§D§D§A§7§lt§x§A§2§D§A§9§8§le §x§C§F§D§5§7§A§lK§x§E§6§D§3§6§B§le§x§F§C§D§0§5§C§ly in auction for 5000.
[22:43:15] > JinSoul15 buy x5 §x§F§C§D§0§5§C§lB§x§E§6§D§3§6§B§la§x§C§F§D§5§7§A§ls§x§B§9§D§8§8§9§li§x§A§2§D§A§9§8§lc §x§7§5§D§F§B§6§lC§x§5§F§E§2§C§5§lr§x§7§5§D§F§B§6§la§x§8§C§D§D§A§7§lt§x§A§2§D§A§9§8§le §x§C§F§D§5§7§A§lK§x§E§6§D§3§6§B§le§x§F§C§D§0§5§C§ly to Antonie657 for $5,000.
[22:43:25] > Antonie657 added x5 §x§F§C§9§0§5§C§lE§x§E§6§9§C§6§B§lp§x§C§F§A§7§7§A§li§x§B§9§B§3§8§9§lc §x§8§C§C§B§A§7§lC§x§7§5§D§6§B§6§lr§x§5§F§E§2§C§5§la§x§7§9§D§4§B§4§lt§x§9§3§C§7§A§2§le §x§C§8§A§B§7§F§lK§x§E§2§9§E§6§E§le§x§F§C§9§0§5§C§ly in auction for 10000.
[22:43:29] > JinSoul15 buy x5 §x§F§C§9§0§5§C§lE§x§E§6§9§C§6§B§lp§x§C§F§A§7§7§A§li§x§B§9§B§3§8§9§lc §x§8§C§C§B§A§7§lC§x§7§5§D§6§B§6§lr§x§5§F§E§2§C§5§la§x§7§9§D§4§B§4§lt§x§9§3§C§7§A§2§le §x§C§8§A§B§7§F§lK§x§E§2§9§E§6§E§le§x§F§C§9§0§5§C§ly to Antonie657 for $10,000.
[22:43:48] > x11 §x§C§9§A§7§F§C§lL§x§B§D§A§E§F§6§le§x§B§1§B§4§F§0§lg§x§A§6§B§B§E§A§le§x§9§A§C§1§E§4§ln§x§8§E§C§8§D§D§ld§x§8§2§C§E§D§7§la§x§7§7§D§5§D§1§lr§x§6§B§D§B§C§B§ly §x§6§B§D§B§C§B§lC§x§7§7§D§5§D§1§lr§x§8§2§C§E§D§7§la§x§8§E§C§8§D§D§lt§x§9§A§C§1§E§4§le §x§B§1§B§4§F§0§lK§x§B§D§A§E§F§6§le§x§C§9§A§7§F§C§ly, bought by namerikangel, has just expired, the item is definitively deleted.
[22:51:56] > Antonie657 added x1 §f§l§x§F§C§D§0§5§CW§x§F§B§B§0§4§Eu§x§F§9§9§0§4§0k§x§F§8§7§0§3§2o§x§F§6§5§0§2§3n§x§F§5§3§0§1§5g§x§F§4§1§0§0§7 H§x§F§5§3§0§1§5a§x§F§6§5§0§2§3l§x§F§8§7§0§3§2b§x§F§9§9§0§4§0e§x§F§B§B§0§4§Er§x§F§C§D§0§5§Cd in auction for 350000.
[22:53:06] > Antonie657 added x1 Enchanted book in auction for 15000.
[22:53:44] > Antonie657 added x1 Enchanted book in auction for 5000.
[22:54:29] > Unforce01 buy x1 §f§bWarden Plushie §6(#93/101) to Wemmbuo for $300,000.
[22:54:34] > Unforce01 buy x1 §f§bEnder Dragon Plushie §6(#32/101) to Wemmbuo for $500,000.
[22:54:43] > Unforce01 remove x1 §f§bWarden Plushie §6(#93/101) form buy
[22:54:43] > Unforce01 remove x1 §f§bEnder Dragon Plushie §6(#32/101) form buy
[23:04:18] > x1 Dirt on sale by monggol has just expired, it goes in the inventory of expired items.
[23:08:18] > azuyeca buy x64 Wither skeleton skull to Zypher_0w0 for $320,000.
[23:08:22] > azuyeca remove x64 Wither skeleton skull from buy
[23:13:06] > x1 §x§F§F§5§5§0§0§lsᴇʟʟᴡᴀɴᴅ §6- 5.0x on sale by sigman has just expired, it goes in the inventory of expired items.
[23:16:53] > azuyeca added x1 Nether star in auction for 50000.
[23:18:33] > RottenRael remove x3 Wither skeleton skull from storage
[23:18:34] > RottenRael remove x1 Sniffer egg from storage
[23:18:47] > RottenRael added x1 Sniffer egg in auction for 400000.
[23:18:58] > giyahnpogi buy x10 §bEntropy Crystal §8(§310,000§8) to king_ARK for $800,000.
[23:19:00] > giyahnpogi buy x10 §bEntropy Crystal §8(§310,000§8) to king_ARK for $800,000.
[23:19:02] > giyahnpogi buy x10 §bEntropy Crystal §8(§310,000§8) to king_ARK for $800,000.
[23:19:03] > giyahnpogi buy x10 §bEntropy Crystal §8(§310,000§8) to king_ARK for $800,000.
[23:19:05] > giyahnpogi buy x10 §bEntropy Crystal §8(§310,000§8) to king_ARK for $800,000.
[23:19:25] > giyahnpogi added x1 §2Sage in auction for 2000000.
[23:20:13] > EXEZUNO buy x64 Experience bottle to Takeremu for $80,000.
[23:20:25] > EXEZUNO remove x64 Experience bottle from buy
[23:30:01] > Zypher_0w0 added x1 §x§5§9§A§1§D§9§lA§x§7§5§B§1§D§Fr§x§9§0§C§0§E§6c§x§A§C§D§0§E§Ch§x§C§8§E§0§F§2a§x§E§3§E§F§F§9n§fg§x§E§3§E§F§F§9e§x§C§8§E§0§F§2l §x§9§0§C§0§E§6K§x§7§5§B§1§D§Fe§x§5§9§A§1§D§9y in auction for 2000000.
[23:36:05] > Blinkrzz remove x1 IDEK from storage
[23:36:30] > Zypher_0w0 added x2 Black dye in auction for 10.
[23:36:59] > Blinkrzz added x1 IDEK in auction for 3000000.
[23:37:14] > x1 §x§F§F§5§5§0§0§lsᴇʟʟᴡᴀɴᴅ §6- 5.0x, item of aninin, has just expired, the item is definitively deleted.
[23:37:14] > x1 §x§F§F§5§5§0§0§lsᴇʟʟᴡᴀɴᴅ §6- 5.0x, item of shelby, has just expired, the item is definitively deleted.
[23:37:14] > x1 §x§F§F§5§5§0§0§lsᴇʟʟᴡᴀɴᴅ §6- 5.0x, item of shelby, has just expired, the item is definitively deleted.
[23:37:16] > Blinkrzz remove x1 §x§F§F§3§E§0§0§lSellwand Voucher from expire
[23:37:17] > Blinkrzz remove x1 §x§F§F§3§E§0§0§lSellwand Voucher from expire
[23:37:17] > Blinkrzz remove x1 §f§l§8B§x§6§0§6§0§6§0a§x§6§C§6§C§6§Ch§x§7§7§7§7§7§7a§x§8§2§8§2§8§2m§x§8§E§8§E§8§Eu§x§9§9§9§9§9§9t§x§A§4§A§4§A§4 G§x§9§9§9§9§9§9a§x§8§E§8§E§8§Eu§x§8§2§8§2§8§2n§x§7§7§7§7§7§7t§x§6§C§6§C§6§Cl§x§6§0§6§0§6§0e§8t from expire
[23:37:20] > younglion1224 buy x2 Black dye to Zypher_0w0 for $10.
[23:37:38] > younglion1224 remove x2 Black dye from buy
[23:37:38] > Zypher_0w0 buy x64 Emerald block to namerikangel for $300,000.
[23:37:58] > Zypher_0w0 remove x64 Emerald block form buy
[23:37:58] > Zypher_0w0 remove x64 Emerald block form buy
[23:37:58] > Zypher_0w0 remove x64 Emerald block form buy
[23:37:58] > Zypher_0w0 remove x64 Emerald form buy
[23:38:11] > Blinkrzz added x1 §x§F§F§3§E§0§0§lSellwand Voucher in auction for 1650000.
[23:38:24] > TokaiTeio remove x1 §5§lRyuko Fish from storage
[23:38:25] > TokaiTeio remove x1 Enchanted book from storage
[23:38:48] > KaijuWard added x1 §x§F§F§5§5§0§0§lsᴇʟʟᴡᴀɴᴅ §6- 20.0x in auction for 3000000.
[23:39:04] > Blinkrzz added x1 §x§5§9§A§1§D§9§lA§x§7§1§A§E§D§Er§x§8§8§B§C§E§4c§x§A§0§C§9§E§9h§x§B§8§D§7§E§Fa§x§D§0§E§4§F§4n§x§E§7§F§2§F§Ag§fe§x§E§7§F§2§F§Al §x§B§8§D§7§E§FB§x§A§0§C§9§E§9o§x§8§8§B§C§E§4o§x§7§1§A§E§D§Et§x§5§9§A§1§D§9s in auction for 4330000.
[23:42:34] > x1 §x§F§F§5§5§0§0§lsᴇʟʟᴡᴀɴᴅ §6- 5.0x on sale by Zaiil has just expired, it goes in the inventory of expired items.
[23:46:57] > Wemmbuo added x1 §fZoglin Plushie §6(#98/101) in auction for 250000.
[23:47:19] > Wemmbuo added x1 §fBreeze Plushie §6(#11/101) in auction for 330000.
[23:47:45] > Wemmbuo added x1 §fHusk Plushie §6(#50/101) in auction for 70000.
[23:49:56] > Wemmbuo remove x64 Emerald from storage
[23:49:57] > Wemmbuo remove x64 Emerald from storage
[23:49:58] > Wemmbuo remove x64 Emerald from storage
[23:50:09] > Wemmbuo added x1 §fParrot Plushie (Cyan) §6(#59/101) in auction for 80000.
[23:54:09] > Trapers1 remove x1 §x§F§F§5§5§0§0§lsᴇʟʟᴡᴀɴᴅ §6- 10.0x form storage
[23:54:23] > Trapers1 added x1 §x§F§F§5§5§0§0§lsᴇʟʟᴡᴀɴᴅ §6- 10.0x in auction for 1200000.
[00:03:54] > Aiiendr15 buy x1 §x§F§F§7§C§0§0§lSteamsparks Battle Axe to EnderDragon0120 for $125,000.
[00:04:04] > Aiiendr15 remove x1 §x§F§F§7§C§0§0§lSteamsparks Battle Axe form buy
[01:11:03] > Trapers1 remove x1 §x§F§F§5§5§0§0§lsᴇʟʟᴡᴀɴᴅ §6- 10.0x form storage
[01:11:23] > Trapers1 added x1 §x§F§F§5§5§0§0§lsᴇʟʟᴡᴀɴᴅ §6- 10.0x in auction for 1300000.
[01:11:34] > Trapers1 added x1 §x§F§F§5§5§0§0§lsᴇʟʟᴡᴀɴᴅ §6- 5.0x in auction for 380000.
[01:11:48] > Trapers1 added x1 §x§F§F§5§5§0§0§lsᴇʟʟᴡᴀɴᴅ §6- 5.0x in auction for 380000.
[01:16:29] > x1 §f§l§8B§x§6§2§6§2§6§2a§x§6§F§6§F§6§Fh§x§7§C§7§C§7§Ca§x§8§9§8§9§8§9m§x§9§6§9§6§9§6u§x§A§3§A§3§A§3t §x§9§6§9§6§9§6S§x§8§9§8§9§8§9h§x§7§C§7§C§7§Co§x§6§F§6§F§6§Fv§x§6§2§6§2§6§2e§8l on sale by nachfaust has just expired, it goes in the inventory of expired items.