
[12:10:24] > HwanYo buy x64 Golden apple to Keeos for $150,000.
[12:10:44] > HwanYo buy x64 Golden apple to Keeos for $150,000.
[12:10:49] > HwanYo remove x64 Emerald block from storage
[12:10:56] > HwanYo added x64 Emerald block in auction for 500000.
[12:11:21] > x1 §x§F§F§5§5§0§0§lsᴇʟʟᴡᴀɴᴅ §6- 5.0x, bought by TostyZura, has just expired, the item is definitively deleted.
[12:11:21] > x1 20.0x sellwand, bought by MrZyrus7228, has just expired, the item is definitively deleted.
[12:14:23] > Zee_ added x1 §x§5§9§A§1§D§9§lA§x§6§B§A§B§D§Dr§x§7§E§B§6§E§1c§x§9§0§C§0§E§6h§x§A§3§C§B§E§Aa§x§B§5§D§5§E§En§x§C§8§E§0§F§2g§x§D§A§E§A§F§7e§x§E§D§F§5§F§Bl §x§E§A§F§3§F§AL§x§D§6§E§8§F§6e§x§C§1§D§C§F§1g§x§A§C§D§0§E§Cg§x§9§7§C§4§E§7i§x§8§3§B§9§E§3n§x§6§E§A§D§D§Eg§x§5§9§A§1§D§9s in auction for 3000000.
[12:14:44] > Zee_ added x1 §f§l§8B§x§6§0§6§0§6§0a§x§6§C§6§C§6§Ch§x§7§7§7§7§7§7a§x§8§2§8§2§8§2m§x§8§E§8§E§8§Eu§x§9§9§9§9§9§9t§x§A§4§A§4§A§4 L§x§9§9§9§9§9§9e§x§8§E§8§E§8§Eg§x§8§2§8§2§8§2g§x§7§7§7§7§7§7i§x§6§C§6§C§6§Cn§x§6§0§6§0§6§0g§8s in auction for 3000000.
[12:14:53] > butchtaylor buy x1 Enchanted book to DefinitelyHani for $25,000.
[12:14:58] > Zee_ added x1 §f§l§8B§x§6§3§6§3§6§3a§x§7§1§7§1§7§1h§x§8§0§8§0§8§0a§x§8§E§8§E§8§Em§x§9§C§9§C§9§Cu§7t§x§9§C§9§C§9§C §x§8§E§8§E§8§EB§x§8§0§8§0§8§0o§x§7§1§7§1§7§1o§x§6§3§6§3§6§3t§8s in auction for 2000000.
[12:15:22] > Zee_ added x1 §f§l§x§F§C§D§0§5§CW§x§F§A§A§A§4§Bu§x§F§9§8§4§3§Bk§x§F§7§5§F§2§Ao§x§F§5§3§9§1§9n§x§F§4§1§3§0§8g §x§F§5§3§9§1§9S§x§F§7§5§F§2§At§x§F§9§8§4§3§Bi§x§F§A§A§A§4§Bc§x§F§C§D§0§5§Ck in auction for 1500000.
[12:22:16] > butchtaylor added x1 Totem of undying in auction for 50000.
[12:27:13] > mauserdart added x5 §bEntropy Crystal §8(§310,000§8) in auction for 500000.
[12:27:35] > EnderDragon0120 remove x1 §f§l§8B§x§6§3§6§3§6§3a§x§7§1§7§1§7§1h§x§8§0§8§0§8§0a§x§8§E§8§E§8§Em§x§9§C§9§C§9§Cu§7t§x§9§C§9§C§9§C §x§8§E§8§E§8§ES§x§8§0§8§0§8§0t§x§7§1§7§1§7§1a§x§6§3§6§3§6§3f§8f form storage
[12:27:53] > EnderDragon0120 added x1 §f§l§8B§x§6§3§6§3§6§3a§x§7§1§7§1§7§1h§x§8§0§8§0§8§0a§x§8§E§8§E§8§Em§x§9§C§9§C§9§Cu§7t§x§9§C§9§C§9§C §x§8§E§8§E§8§ES§x§8§0§8§0§8§0t§x§7§1§7§1§7§1a§x§6§3§6§3§6§3f§8f in auction for 2500000.
[12:29:59] > monggol buy x5 §bEntropy Crystal §8(§310,000§8) to mauserdart for $500,000.
[12:30:08] > monggol remove x5 §bEntropy Crystal §8(§310,000§8) from buy
[12:31:10] > RizzaIck remove x1 §x§F§F§7§C§0§0§lSteamsparks Wings from storage
[12:35:41] > refiring buy x1 Enchanted book to AxoLittle for $3,000.
[12:44:14] > x1 §x§F§F§7§C§0§0§lSteamsparks Battle Axe on sale by Zypher_0w0 has just expired, it goes in the inventory of expired items.
[12:53:03] > HwanYo added x64 Experience bottle in auction for 140000.
[12:53:34] > HwanYo added x64 Experience bottle in auction for 140000.
[13:07:32] > butchtaylor remove x1 §f§l§x§8§A§0§0§F§FS§x§9§C§0§0§D§5h§x§A§D§0§0§A§Ai§x§B§F§0§0§8§0n§x§D§0§0§0§5§5e§x§E§2§0§0§2§B §x§F§3§0§0§0§0O§x§E§2§0§0§2§An§x§D§0§0§0§5§5i§x§B§F§0§0§8§0 §x§A§D§0§0§A§AA§x§9§C§0§0§D§5x§x§8§A§0§0§F§Fe from storage
[13:08:17] > butchtaylor remove x1 §f§l§x§8§A§0§0§F§FS§x§9§C§0§0§D§5h§x§A§D§0§0§A§Ai§x§B§F§0§0§8§0n§x§D§0§0§0§5§5e§x§E§2§0§0§2§B §x§F§3§0§0§0§0O§x§E§2§0§0§2§An§x§D§0§0§0§5§5i§x§B§F§0§0§8§0 §x§A§D§0§0§A§AA§x§9§C§0§0§D§5x§x§8§A§0§0§F§Fe form expire
[13:17:40] > mauserdart added x5 §bEntropy Crystal §8(§310,000§8) in auction for 500000.
[13:18:11] > RizzaIck remove x1 §x§F§F§7§C§0§0§lSteamsparks Hat from storage
[13:18:49] > x1 §f§l§8B§x§6§6§6§6§6§6a§x§7§7§7§7§7§7h§x§8§8§8§8§8§8a§x§9§9§9§9§9§9m§7u§x§9§9§9§9§9§9t§x§8§8§8§8§8§8 §x§7§7§7§7§7§7H§x§6§6§6§6§6§6a§8t on sale by PrinceBGC has just expired, it goes in the inventory of expired items.
[13:24:30] > ParkNaru added x1 §x§F§F§3§E§0§0§lD§x§F§F§3§6§0§0§le§x§F§F§2§F§0§0§lm§x§F§F§2§7§0§0§lo§x§F§F§1§F§0§0§ln §x§F§F§1§0§0§0§lL§x§F§F§0§8§0§0§lo§x§F§F§0§0§0§0§lr§x§F§F§0§8§0§0§ld §x§F§F§1§7§0§0§lH§x§F§F§1§F§0§0§le§x§F§F§2§7§0§0§ll§x§F§F§2§F§0§0§lm§x§F§F§3§6§0§0§le§x§F§F§3§E§0§0§lt in auction for 100000.
[13:28:17] > kabayooo added x1 §eᴄᴏᴡ sᴘᴀᴡɴᴇʀ in auction for 300000.
[13:28:53] > Johng10910 added x1 §eʙʟᴀᴢᴇ sᴘᴀᴡɴᴇʀ in auction for 750000.
[13:28:57] > SP3CC_ added x1 §x§5§C§C§F§F§C§lC§x§5§C§D§1§F§5§lo§x§5§D§D§4§E§E§ls§x§5§D§D§6§E§7§lm§x§5§E§D§9§E§1§le§x§5§E§D§B§D§A§lt§x§5§E§D§D§D§3§li§x§5§F§E§0§C§C§lc §x§5§F§E§0§C§C§lH§x§5§E§D§D§D§3§la§x§5§E§D§B§D§A§lt§x§5§E§D§9§E§1§ls §x§5§D§D§4§E§E§lK§x§5§C§D§1§F§5§le§x§5§C§C§F§F§C§ly in auction for 100000.
[13:29:02] > MochaFangs buy x64 Golden apple to Keeos for $200,000.
[13:29:14] > MochaFangs buy x64 Golden apple to Keeos for $200,000.
[13:29:17] > MochaFangs buy x64 Golden apple to Keeos for $200,000.
[13:29:17] > kabayooo added x1 §fPig Plushie §7(#63/101) in auction for 300000.
[13:29:31] > MochaFangs remove x64 Golden apple from buy
[13:29:31] > MochaFangs remove x64 Golden apple from buy
[13:29:31] > MochaFangs remove x64 Golden apple from buy
[13:29:32] > monggol buy x5 §bEntropy Crystal §8(§310,000§8) to mauserdart for $500,000.
[13:29:42] > monggol remove x5 §bEntropy Crystal §8(§310,000§8) from buy
[13:29:57] > DanRaiv added x1 §x§5§C§C§F§F§C§lC§x§5§C§D§1§F§5§lo§x§5§D§D§4§E§E§ls§x§5§D§D§6§E§7§lm§x§5§E§D§9§E§1§le§x§5§E§D§B§D§A§lt§x§5§E§D§D§D§3§li§x§5§F§E§0§C§C§lc §x§5§F§E§0§C§C§lH§x§5§E§D§D§D§3§la§x§5§E§D§B§D§A§lt§x§5§E§D§9§E§1§ls §x§5§D§D§4§E§E§lK§x§5§C§D§1§F§5§le§x§5§C§C§F§F§C§ly in auction for 1000.
[13:30:24] > mauserdart added x4 §bEntropy Crystal §8(§310,000§8) in auction for 400000.
[13:31:53] > kabayooo added x1 Enchanted book in auction for 30000.
[13:35:13] > kabayooo remove x1 Enchanted book from storage
[13:51:42] > x1 §x§F§F§3§E§0§0§lD§x§F§F§3§6§0§0§le§x§F§F§2§F§0§0§lm§x§F§F§2§7§0§0§lo§x§F§F§1§F§0§0§ln §x§F§F§1§0§0§0§lL§x§F§F§0§8§0§0§lo§x§F§F§0§0§0§0§lr§x§F§F§0§8§0§0§ld §x§F§F§1§7§0§0§lS§x§F§F§1§F§0§0§li§x§F§F§2§7§0§0§lc§x§F§F§2§F§0§0§lk§x§F§F§3§6§0§0§ll§x§F§F§3§E§0§0§le on sale by baba has just expired, it goes in the inventory of expired items.
[14:07:46] > BlackKnight buy x1 §f§l§8B§x§6§0§6§0§6§0a§x§6§C§6§C§6§Ch§x§7§7§7§7§7§7a§x§8§2§8§2§8§2m§x§8§E§8§E§8§Eu§x§9§9§9§9§9§9t§x§A§4§A§4§A§4 G§x§9§9§9§9§9§9a§x§8§E§8§E§8§Eu§x§8§2§8§2§8§2n§x§7§7§7§7§7§7t§x§6§C§6§C§6§Cl§x§6§0§6§0§6§0e§8t to MochaFangs for $500,000.
[14:08:06] > Johng10910 remove x1 §eʙʟᴀᴢᴇ sᴘᴀᴡɴᴇʀ from storage
[14:08:15] > Johng10910 added x1 §eʙʟᴀᴢᴇ sᴘᴀᴡɴᴇʀ in auction for 400000.
[14:09:12] > BlackKnight buy x1 §x§5§9§A§1§D§9§lA§x§6§A§A§A§D§Dr§x§7§A§B§4§E§1c§x§8§B§B§D§E§4h§x§9§B§C§7§E§8a§x§A§C§D§0§E§Cn§x§B§D§D§9§F§0g§x§C§D§E§3§F§4e§x§D§E§E§C§F§7l §fG§x§E§D§F§5§F§Br§x§D§A§E§A§F§7e§x§C§8§E§0§F§2a§x§B§5§D§5§E§Et§x§A§3§C§B§E§As§x§9§0§C§0§E§6w§x§7§E§B§6§E§1o§x§6§B§A§B§D§Dr§x§5§9§A§1§D§9d to octopus_01 for $500,000.
[14:09:19] > x3 Diamond, bought by MrZyrus7228, has just expired, the item is definitively deleted.
[14:09:21] > BlackKnight remove x1 §x§5§9§A§1§D§9§lA§x§6§A§A§A§D§Dr§x§7§A§B§4§E§1c§x§8§B§B§D§E§4h§x§9§B§C§7§E§8a§x§A§C§D§0§E§Cn§x§B§D§D§9§F§0g§x§C§D§E§3§F§4e§x§D§E§E§C§F§7l §fG§x§E§D§F§5§F§Br§x§D§A§E§A§F§7e§x§C§8§E§0§F§2a§x§B§5§D§5§E§Et§x§A§3§C§B§E§As§x§9§0§C§0§E§6w§x§7§E§B§6§E§1o§x§6§B§A§B§D§Dr§x§5§9§A§1§D§9d form buy
[14:09:21] > BlackKnight remove x1 §f§l§8B§x§6§0§6§0§6§0a§x§6§C§6§C§6§Ch§x§7§7§7§7§7§7a§x§8§2§8§2§8§2m§x§8§E§8§E§8§Eu§x§9§9§9§9§9§9t§x§A§4§A§4§A§4 G§x§9§9§9§9§9§9a§x§8§E§8§E§8§Eu§x§8§2§8§2§8§2n§x§7§7§7§7§7§7t§x§6§C§6§C§6§Cl§x§6§0§6§0§6§0e§8t form buy
[14:14:49] > butchtaylor added x1 §f§l§x§8§A§0§0§F§FS§x§9§C§0§0§D§5h§x§A§D§0§0§A§Ai§x§B§F§0§0§8§0n§x§D§0§0§0§5§5e§x§E§2§0§0§2§B §x§F§3§0§0§0§0O§x§E§2§0§0§2§An§x§D§0§0§0§5§5i§x§B§F§0§0§8§0 §x§A§D§0§0§A§AA§x§9§C§0§0§D§5x§x§8§A§0§0§F§Fe in auction for 1500000.
[14:15:23] > butchtaylor remove x1 §f§l§x§8§A§0§0§F§FS§x§9§C§0§0§D§5h§x§A§D§0§0§A§Ai§x§B§F§0§0§8§0n§x§D§0§0§0§5§5e§x§E§2§0§0§2§B §x§F§3§0§0§0§0O§x§E§2§0§0§2§An§x§D§0§0§0§5§5i§x§B§F§0§0§8§0 §x§A§D§0§0§A§AA§x§9§C§0§0§D§5x§x§8§A§0§0§F§Fe from storage
[14:15:28] > Subaru buy x1 §x§5§C§C§F§F§C§lC§x§5§C§D§1§F§5§lo§x§5§D§D§4§E§E§ls§x§5§D§D§6§E§7§lm§x§5§E§D§9§E§1§le§x§5§E§D§B§D§A§lt§x§5§E§D§D§D§3§li§x§5§F§E§0§C§C§lc §x§5§F§E§0§C§C§lH§x§5§E§D§D§D§3§la§x§5§E§D§B§D§A§lt§x§5§E§D§9§E§1§ls §x§5§D§D§4§E§E§lK§x§5§C§D§1§F§5§le§x§5§C§C§F§F§C§ly to DanRaiv for $1,000.
[14:15:29] > x1 §x§5§C§C§F§F§C§lC§x§5§C§D§1§F§5§lo§x§5§D§D§4§E§E§ls§x§5§D§D§6§E§7§lm§x§5§E§D§9§E§1§le§x§5§E§D§B§D§A§lt§x§5§E§D§D§D§3§li§x§5§F§E§0§C§C§lc §x§5§F§E§0§C§C§lH§x§5§E§D§D§D§3§la§x§5§E§D§B§D§A§lt§x§5§E§D§9§E§1§ls §x§5§D§D§4§E§E§lK§x§5§C§D§1§F§5§le§x§5§C§C§F§F§C§ly, item of Forcebenzz, has just expired, the item is definitively deleted.
[14:15:31] > butchtaylor remove x1 §f§l§x§8§A§0§0§F§FS§x§9§C§0§0§D§5h§x§A§D§0§0§A§Ai§x§B§F§0§0§8§0n§x§D§0§0§0§5§5e§x§E§2§0§0§2§B §x§F§3§0§0§0§0O§x§E§2§0§0§2§An§x§D§0§0§0§5§5i§x§B§F§0§0§8§0 §x§A§D§0§0§A§AA§x§9§C§0§0§D§5x§x§8§A§0§0§F§Fe form expire
[14:15:41] > butchtaylor added x1 §f§l§x§8§A§0§0§F§FS§x§9§C§0§0§D§5h§x§A§D§0§0§A§Ai§x§B§F§0§0§8§0n§x§D§0§0§0§5§5e§x§E§2§0§0§2§B §x§F§3§0§0§0§0O§x§E§2§0§0§2§An§x§D§0§0§0§5§5i§x§B§F§0§0§8§0 §x§A§D§0§0§A§AA§x§9§C§0§0§D§5x§x§8§A§0§0§F§Fe in auction for 1000000.
[14:16:31] > Subaru remove x1 §x§5§C§C§F§F§C§lC§x§5§C§D§1§F§5§lo§x§5§D§D§4§E§E§ls§x§5§D§D§6§E§7§lm§x§5§E§D§9§E§1§le§x§5§E§D§B§D§A§lt§x§5§E§D§D§D§3§li§x§5§F§E§0§C§C§lc §x§5§F§E§0§C§C§lH§x§5§E§D§D§D§3§la§x§5§E§D§B§D§A§lt§x§5§E§D§9§E§1§ls §x§5§D§D§4§E§E§lK§x§5§C§D§1§F§5§le§x§5§C§C§F§F§C§ly from buy
[14:17:57] > butchtaylor remove x1 §f§l§x§8§A§0§0§F§FS§x§9§C§0§0§D§5h§x§A§D§0§0§A§Ai§x§B§F§0§0§8§0n§x§D§0§0§0§5§5e§x§E§2§0§0§2§B §x§F§3§0§0§0§0O§x§E§2§0§0§2§An§x§D§0§0§0§5§5i§x§B§F§0§0§8§0 §x§A§D§0§0§A§AA§x§9§C§0§0§D§5x§x§8§A§0§0§F§Fe from storage
[14:18:23] > butchtaylor remove x1 §f§l§x§8§A§0§0§F§FS§x§9§C§0§0§D§5h§x§A§D§0§0§A§Ai§x§B§F§0§0§8§0n§x§D§0§0§0§5§5e§x§E§2§0§0§2§B §x§F§3§0§0§0§0O§x§E§2§0§0§2§An§x§D§0§0§0§5§5i§x§B§F§0§0§8§0 §x§A§D§0§0§A§AA§x§9§C§0§0§D§5x§x§8§A§0§0§F§Fe form expire
[14:18:33] > butchtaylor added x1 §f§l§x§8§A§0§0§F§FS§x§9§C§0§0§D§5h§x§A§D§0§0§A§Ai§x§B§F§0§0§8§0n§x§D§0§0§0§5§5e§x§E§2§0§0§2§B §x§F§3§0§0§0§0O§x§E§2§0§0§2§An§x§D§0§0§0§5§5i§x§B§F§0§0§8§0 §x§A§D§0§0§A§AA§x§9§C§0§0§D§5x§x§8§A§0§0§F§Fe in auction for 1500000.
[14:18:51] > .SharkyisHungry buy x1 §f§l§x§8§A§0§0§F§FS§x§9§C§0§0§D§5h§x§A§D§0§0§A§Ai§x§B§F§0§0§8§0n§x§D§0§0§0§5§5e§x§E§2§0§0§2§B §x§F§3§0§0§0§0O§x§E§2§0§0§2§An§x§D§0§0§0§5§5i§x§B§F§0§0§8§0 §x§A§D§0§0§A§AA§x§9§C§0§0§D§5x§x§8§A§0§0§F§Fe to butchtaylor for $1,500,000.
[14:23:59] > monggol buy x4 §bEntropy Crystal §8(§310,000§8) to mauserdart for $400,000.
[14:24:09] > monggol remove x4 §bEntropy Crystal §8(§310,000§8) from buy
[14:26:32] > AxoLittle added x1 Enchanted book in auction for 5000.
[14:26:44] > AxoLittle added x1 Enchanted book in auction for 5000.
[14:30:02] > butchtaylor added x64 Wind charge in auction for 50000.
[14:30:21] > butchtaylor added x64 Wind charge in auction for 50000.
[14:32:11] > AxoLittle remove x1 Enchanted book from storage
[14:32:14] > AxoLittle remove x64 Emerald from storage
[14:32:33] > AxoLittle added x1 Enchanted book in auction for 5000.
[14:33:30] > AxoLittle added x1 Enchanted book in auction for 5000.
[14:35:00] > TostyZura added x1 §x§E§4§3§A§9§6§lW§x§E§7§5§3§A§3§lI§x§E§B§6§B§B§0§lN§x§E§E§8§4§B§D§lG§x§F§2§9§D§C§B§lS §x§F§8§C§E§E§5§lO§x§F§C§E§6§F§2§lF §x§F§C§E§6§F§2§lE§x§F§8§C§E§E§5§lT§x§F§5§B§5§D§8§lE§x§F§2§9§D§C§B§lR§x§E§E§8§4§B§D§lN§x§E§B§6§B§B§0§lI§x§E§7§5§3§A§3§lT§x§E§4§3§A§9§6§lY in auction for 10000000.
[14:38:39] > Kyotots added x1 §f§l§8B§x§6§0§6§0§6§0a§x§6§C§6§C§6§Ch§x§7§7§7§7§7§7a§x§8§2§8§2§8§2m§x§8§E§8§E§8§Eu§x§9§9§9§9§9§9t§x§A§4§A§4§A§4 G§x§9§9§9§9§9§9a§x§8§E§8§E§8§Eu§x§8§2§8§2§8§2n§x§7§7§7§7§7§7t§x§6§C§6§C§6§Cl§x§6§0§6§0§6§0e§8t in auction for 2000000.
[14:41:25] > x1 §fRaining Cloud Hat on sale by MochaFangs has just expired, it goes in the inventory of expired items.
[14:41:25] > x1 §fAdventure Hat on sale by MochaFangs has just expired, it goes in the inventory of expired items.
[14:47:06] > x1 §x§F§0§7§A§5§4§lZombie Apocalyptic Key on sale by Abbadex has just expired, it goes in the inventory of expired items.
[14:47:06] > x1 §x§F§0§7§A§5§4§lZombie Apocalyptic Key on sale by Abbadex has just expired, it goes in the inventory of expired items.
[14:47:06] > x1 §x§F§0§7§A§5§4§lZombie Apocalyptic Key on sale by Abbadex has just expired, it goes in the inventory of expired items.
[14:47:06] > x1 §x§F§0§7§A§5§4§lZombie Apocalyptic Key on sale by Abbadex has just expired, it goes in the inventory of expired items.
[14:53:34] > Skwylie remove x1 §x§F§F§3§E§0§0§lD§x§F§F§3§6§0§0§le§x§F§F§2§F§0§0§lm§x§F§F§2§7§0§0§lo§x§F§F§1§F§0§0§ln §x§F§F§1§0§0§0§lL§x§F§F§0§8§0§0§lo§x§F§F§0§0§0§0§lr§x§F§F§0§9§0§0§ld §x§F§F§1§B§0§0§lS§x§F§F§2§3§0§0§lt§x§F§F§2§C§0§0§la§x§F§F§3§5§0§0§lf§x§F§F§3§E§0§0§lf form storage
[14:54:27] > Skwylie added x1 §x§F§F§3§E§0§0§lD§x§F§F§3§6§0§0§le§x§F§F§2§F§0§0§lm§x§F§F§2§7§0§0§lo§x§F§F§1§F§0§0§ln §x§F§F§1§0§0§0§lL§x§F§F§0§8§0§0§lo§x§F§F§0§0§0§0§lr§x§F§F§0§9§0§0§ld §x§F§F§1§B§0§0§lS§x§F§F§2§3§0§0§lt§x§F§F§2§C§0§0§la§x§F§F§3§5§0§0§lf§x§F§F§3§E§0§0§lf in auction for 350000.
[14:57:47] > mauserdart added x5 §bEntropy Crystal §8(§310,000§8) in auction for 500000.
[14:59:29] > DanRaiv added x1 §x§F§0§7§A§5§4§lZombie Apocalyptic Shotgun in auction for 200000.
[15:00:19] > DanRaiv added x1 §x§F§F§3§E§0§0§lD§x§F§F§3§7§0§0§le§x§F§F§3§0§0§0§lm§x§F§F§2§9§0§0§lo§x§F§F§2§2§0§0§ln §x§F§F§1§5§0§0§lL§x§F§F§0§E§0§0§lo§x§F§F§0§7§0§0§lr§x§F§F§0§0§0§0§ld §x§F§F§0§E§0§0§lL§x§F§F§1§5§0§0§le§x§F§F§1§C§0§0§lg§x§F§F§2§2§0§0§lg§x§F§F§2§9§0§0§li§x§F§F§3§0§0§0§ln§x§F§F§3§7§0§0§lg§x§F§F§3§E§0§0§ls in auction for 150000.
[15:04:14] > ry9191 remove x1 §f§l§x§8§A§0§0§F§FS§x§9§8§0§0§D§Dh§x§A§6§0§0§B§Bi§x§B§4§0§0§9§9n§x§C§2§0§0§7§7e§x§D§0§0§0§5§5 §x§D§E§0§0§3§3O§x§E§C§0§0§1§1ni§x§D§E§0§0§3§3 §x§D§0§0§0§5§5S§x§C§2§0§0§7§7i§x§B§4§0§0§9§9c§x§A§6§0§0§B§Bk§x§9§8§0§0§D§Dl§x§8§A§0§0§F§Fe form storage
[15:12:28] > x3 Flow armor trim smithing template on sale by ameeelia has just expired, it goes in the inventory of expired items.
[15:12:29] > Malachkite remove x1 §f§l§x§F§C§D§0§5§CW§x§F§B§A§D§4§Du§x§F§9§8§B§3§Dk§x§F§8§6§8§2§Eo§x§F§6§4§5§1§Fn§x§F§5§2§3§0§Fg§x§F§3§0§0§0§0 §x§F§5§2§3§0§FS§x§F§6§4§5§1§Fh§x§F§8§6§8§2§Eo§x§F§9§8§B§3§Dv§x§F§B§A§D§4§De§x§F§C§D§0§5§Cl from storage
[15:15:42] > frenchhee added x1 §f§l§x§F§A§0§0§0§AD§x§F§A§1§E§1§6a§x§F§B§3§B§2§1r§x§F§B§5§9§2§Dk§x§F§B§7§7§3§9f§x§F§B§9§5§4§5l§x§F§C§B§2§5§0a§x§F§C§D§0§5§Cm§x§F§C§B§2§5§0e§x§F§B§9§5§4§5 §x§F§B§7§7§3§9S§x§F§B§5§9§2§Dp§x§F§B§3§B§2§1e§x§F§A§1§E§1§6a§x§F§A§0§0§0§Ar in auction for 1000000.
[15:16:31] > Kuro_Sai buy x1 Enchanted book to AxoLittle for $5,000.
[15:16:34] > Kuro_Sai buy x1 Enchanted book to AxoLittle for $5,000.
[15:18:16] > Kyotots added x1 §fAxolotl Plushie (Blue) §6(4/101) in auction for 250000.
[15:18:33] > Kyotots added x1 §fHorse Plushie (Chestnut) §6(#47/101) in auction for 250000.
[15:20:15] > refiring buy x1 Enchanted book to AxoLittle for $5,000.
[15:20:17] > refiring buy x1 Enchanted book to AxoLittle for $5,000.
[15:26:31] > Kuro_Sai remove x1 Enchanted book from buy
[15:26:31] > Kuro_Sai remove x1 Enchanted book from buy
[15:28:07] > elowyn buy x1 §x§E§5§1§B§1§B§lDracula Battleaxe to VortexZayne for $50,000.
[15:28:10] > Johng10910 remove x1 §f§l§x§F§C§D§0§5§CW§x§F§B§A§D§4§Du§x§F§9§8§B§3§Dk§x§F§8§6§8§2§Eo§x§F§6§4§5§1§Fn§x§F§5§2§3§0§Fg§x§F§3§0§0§0§0 §x§F§5§2§3§0§FH§x§F§6§4§5§1§Fa§x§F§8§6§8§2§Em§x§F§9§8§B§3§Dm§x§F§B§A§D§4§De§x§F§C§D§0§5§Cr from storage
[15:28:21] > Johng10910 added x1 §f§l§x§F§C§D§0§5§CW§x§F§B§A§D§4§Du§x§F§9§8§B§3§Dk§x§F§8§6§8§2§Eo§x§F§6§4§5§1§Fn§x§F§5§2§3§0§Fg§x§F§3§0§0§0§0 §x§F§5§2§3§0§FH§x§F§6§4§5§1§Fa§x§F§8§6§8§2§Em§x§F§9§8§B§3§Dm§x§F§B§A§D§4§De§x§F§C§D§0§5§Cr in auction for 300000.
[15:28:28] > Johng10910 remove x1 §eʙʟᴀᴢᴇ sᴘᴀᴡɴᴇʀ from storage
[15:28:38] > Johng10910 added x1 §eʙʟᴀᴢᴇ sᴘᴀᴡɴᴇʀ in auction for 200000.
[15:30:32] > elowyn remove x1 §x§E§5§1§B§1§B§lDracula Battleaxe from buy
[15:32:28] > x1 Splash potion on sale by Alexfromhere has just expired, it goes in the inventory of expired items.
[15:32:28] > x1 Splash potion on sale by Alexfromhere has just expired, it goes in the inventory of expired items.
[15:35:16] > butchtaylor remove x64 Wind charge from storage
[15:35:25] > butchtaylor added x1 femboy crusher in auction for 1000000.
[15:35:47] > butchtaylor remove x1 femboy crusher from storage
[15:37:02] > butchtaylor remove x1 femboy crusher from expire
[15:37:13] > butchtaylor added x1 femboy crusher in auction for 1000000.
[15:37:45] > Unforce01 added x1 Elytra in auction for 1000000.
[15:38:13] > butchtaylor buy x1 Elytra to Unforce01 for $1,000,000.
[15:38:19] > butchtaylor remove x1 femboy crusher from storage
[15:38:28] > butchtaylor remove x1 Elytra from buy
[15:38:53] > Unforce01 buy x1 §f§l§8B§x§5§F§5§F§5§Fa§x§6§9§6§9§6§9h§x§7§3§7§3§7§3a§x§7§D§7§D§7§Dm§x§8§7§8§7§8§7u§x§9§1§9§1§9§1t§x§9§B§9§B§9§B §x§A§5§A§5§A§5Ch§x§9§B§9§B§9§Be§x§9§1§9§1§9§1s§x§8§7§8§7§8§7t§x§7§D§7§D§7§Dp§x§7§3§7§3§7§3l§x§6§9§6§9§6§9a§x§5§F§5§F§5§Ft§8e to kkyleeeeesa for $900,000.
[15:38:58] > Unforce01 remove x1 §f§l§8B§x§5§F§5§F§5§Fa§x§6§9§6§9§6§9h§x§7§3§7§3§7§3a§x§7§D§7§D§7§Dm§x§8§7§8§7§8§7u§x§9§1§9§1§9§1t§x§9§B§9§B§9§B §x§A§5§A§5§A§5Ch§x§9§B§9§B§9§Be§x§9§1§9§1§9§1s§x§8§7§8§7§8§7t§x§7§D§7§D§7§Dp§x§7§3§7§3§7§3l§x§6§9§6§9§6§9a§x§5§F§5§F§5§Ft§8e form buy
[15:39:23] > butchtaylor remove x1 femboy crusher from expire
[15:39:52] > butchtaylor added x1 Mace in auction for 1000000.
[15:41:03] > kabayooo remove x1 §eᴄᴏᴡ sᴘᴀᴡɴᴇʀ from storage
[15:41:07] > kabayooo remove x1 §fPig Plushie §7(#63/101) form storage
[15:41:21] > kabayooo remove x1 §eᴄᴏᴡ sᴘᴀᴡɴᴇʀ from expire
[15:41:22] > kabayooo remove x1 §eMummy Hat from expire
[15:41:38] > kabayooo added x1 §eᴄᴏᴡ sᴘᴀᴡɴᴇʀ in auction for 100000.
[15:44:51] > .SharkyisHungry added x1 Enchanted book in auction for 499999.
[15:47:45] > .SharkyisHungry remove x1 Enchanted book from storage
[15:53:51] > Nightwane added x1 §x§F§E§B§E§C§A§lStarter Kit in auction for 100.
[15:58:34] > mincerap buy x1 §x§F§E§B§E§C§A§lStarter Kit to Nightwane for $100.
[16:04:08] > kabayooo added x1 §eᴢᴏᴍʙɪᴇ sᴘᴀᴡɴᴇʀ in auction for 100000.
[16:04:19] > DanRaiv added x1 §x§5§C§C§F§F§C§lC§x§5§C§D§1§F§5§lo§x§5§D§D§4§E§E§ls§x§5§D§D§6§E§7§lm§x§5§E§D§9§E§1§le§x§5§E§D§B§D§A§lt§x§5§E§D§D§D§3§li§x§5§F§E§0§C§C§lc §x§5§F§E§0§C§C§lH§x§5§E§D§D§D§3§la§x§5§E§D§B§D§A§lt§x§5§E§D§9§E§1§ls §x§5§D§D§4§E§E§lK§x§5§C§D§1§F§5§le§x§5§C§C§F§F§C§ly in auction for 10.
[16:04:28] > RizzaIck remove x1 §x§5§C§C§F§F§C§lC§x§5§C§D§1§F§5§lo§x§5§D§D§4§E§E§ls§x§5§D§D§6§E§7§lm§x§5§E§D§9§E§1§le§x§5§E§D§B§D§A§lt§x§5§E§D§D§D§3§li§x§5§F§E§0§C§C§lc §x§5§F§E§0§C§C§lH§x§5§E§D§D§D§3§la§x§5§E§D§B§D§A§lt§x§5§E§D§9§E§1§ls §x§5§D§D§4§E§E§lK§x§5§C§D§1§F§5§le§x§5§C§C§F§F§C§ly from storage
[16:04:29] > RizzaIck remove x1 §x§5§C§C§F§F§C§lC§x§5§C§D§1§F§5§lo§x§5§D§D§4§E§E§ls§x§5§D§D§6§E§7§lm§x§5§E§D§9§E§1§le§x§5§E§D§B§D§A§lt§x§5§E§D§D§D§3§li§x§5§F§E§0§C§C§lc §x§5§F§E§0§C§C§lH§x§5§E§D§D§D§3§la§x§5§E§D§B§D§A§lt§x§5§E§D§9§E§1§ls §x§5§D§D§4§E§E§lK§x§5§C§D§1§F§5§le§x§5§C§C§F§F§C§ly from storage
[16:04:29] > SP3CC_ added x1 §x§5§C§C§F§F§C§lC§x§5§C§D§1§F§5§lo§x§5§D§D§4§E§E§ls§x§5§D§D§6§E§7§lm§x§5§E§D§9§E§1§le§x§5§E§D§B§D§A§lt§x§5§E§D§D§D§3§li§x§5§F§E§0§C§C§lc §x§5§F§E§0§C§C§lH§x§5§E§D§D§D§3§la§x§5§E§D§B§D§A§lt§x§5§E§D§9§E§1§ls §x§5§D§D§4§E§E§lK§x§5§C§D§1§F§5§le§x§5§C§C§F§F§C§ly in auction for 100000.
[16:04:39] > RizzaIck remove x1 §x§E§5§1§B§1§B§lDracula Staff from storage
[16:04:48] > RizzaIck added x4 §x§5§C§C§F§F§C§lC§x§5§C§D§1§F§5§lo§x§5§D§D§4§E§E§ls§x§5§D§D§6§E§7§lm§x§5§E§D§9§E§1§le§x§5§E§D§B§D§A§lt§x§5§E§D§D§D§3§li§x§5§F§E§0§C§C§lc §x§5§F§E§0§C§C§lH§x§5§E§D§D§D§3§la§x§5§E§D§B§D§A§lt§x§5§E§D§9§E§1§ls §x§5§D§D§4§E§E§lK§x§5§C§D§1§F§5§le§x§5§C§C§F§F§C§ly in auction for 100000.
[16:05:05] > RizzaIck added x1 §x§E§5§1§B§1§B§lDracula Staff in auction for 100000.
[16:05:36] > TostyZura buy x1 §x§5§C§C§F§F§C§lC§x§5§C§D§1§F§5§lo§x§5§D§D§4§E§E§ls§x§5§D§D§6§E§7§lm§x§5§E§D§9§E§1§le§x§5§E§D§B§D§A§lt§x§5§E§D§D§D§3§li§x§5§F§E§0§C§C§lc §x§5§F§E§0§C§C§lH§x§5§E§D§D§D§3§la§x§5§E§D§B§D§A§lt§x§5§E§D§9§E§1§ls §x§5§D§D§4§E§E§lK§x§5§C§D§1§F§5§le§x§5§C§C§F§F§C§ly to DanRaiv for $10.
[16:05:44] > elowyn added x1 §f§x§F§9§A§2§0§DP§x§F§2§9§E§0§Du§x§E§B§9§9§0§Dm§x§E§3§9§5§0§Dp§x§D§C§9§0§0§Dk§x§D§5§8§C§0§Di§x§C§E§8§7§0§Dn§x§C§7§8§3§0§D §x§B§F§7§E§0§DH§x§B§8§7§A§0§Da§x§B§1§7§5§0§Dt in auction for 300000.
[16:07:08] > TostyZura buy x64 Golden apple to Keeos for $200,000.
[16:07:14] > TostyZura remove x55 Golden apple from buy
[16:11:02] > nnorv1 added x1 §x§F§F§3§E§0§0§lD§x§F§F§3§6§0§0§le§x§F§F§2§F§0§0§lm§x§F§F§2§7§0§0§lo§x§F§F§1§F§0§0§ln §x§F§F§1§0§0§0§lL§x§F§F§0§8§0§0§lo§x§F§F§0§0§0§0§lr§x§F§F§0§8§0§0§ld §x§F§F§1§7§0§0§lS§x§F§F§1§F§0§0§lh§x§F§F§2§7§0§0§lo§x§F§F§2§F§0§0§lv§x§F§F§3§6§0§0§le§x§F§F§3§E§0§0§ll in auction for 150000.
[16:20:33] > mincerap added x4 Nether star in auction for 400000.
[16:22:10] > mauserdart remove x5 §bEntropy Crystal §8(§310,000§8) from storage
[16:32:04] > MochaFangs buy x64 Golden apple to Keeos for $200,000.
[16:32:13] > MochaFangs buy x64 Golden apple to Keeos for $200,000.
[16:32:22] > MochaFangs remove x64 Golden apple from buy
[16:32:23] > MochaFangs remove x64 Golden apple from buy
[16:37:34] > SeamedTuna buy x1 §x§F§F§3§E§0§0§lD§x§F§F§3§6§0§0§le§x§F§F§2§F§0§0§lm§x§F§F§2§7§0§0§lo§x§F§F§1§F§0§0§ln §x§F§F§1§0§0§0§lL§x§F§F§0§8§0§0§lo§x§F§F§0§0§0§0§lr§x§F§F§0§8§0§0§ld §x§F§F§1§7§0§0§lH§x§F§F§1§F§0§0§le§x§F§F§2§7§0§0§ll§x§F§F§2§F§0§0§lm§x§F§F§3§6§0§0§le§x§F§F§3§E§0§0§lt to ParkNaru for $100,000.
[16:37:59] > kabayooo remove x1 §eᴢᴏᴍʙɪᴇ sᴘᴀᴡɴᴇʀ from storage
[16:38:20] > kabayooo added x1 §eᴢᴏᴍʙɪᴇ sᴘᴀᴡɴᴇʀ in auction for 100000.
[16:41:42] > butchtaylor buy x1 §eᴢᴏᴍʙɪᴇ sᴘᴀᴡɴᴇʀ to kabayooo for $100,000.
[16:50:25] > butchtaylor remove x1 Enchanted book form buy
[16:50:25] > butchtaylor remove x1 §eᴢᴏᴍʙɪᴇ sᴘᴀᴡɴᴇʀ form buy
[16:56:56] > TostyZura remove x1 §x§E§4§3§A§9§6§lW§x§E§7§5§3§A§3§lI§x§E§B§6§B§B§0§lN§x§E§E§8§4§B§D§lG§x§F§2§9§D§C§B§lS §x§F§8§C§E§E§5§lO§x§F§C§E§6§F§2§lF §x§F§C§E§6§F§2§lE§x§F§8§C§E§E§5§lT§x§F§5§B§5§D§8§lE§x§F§2§9§D§C§B§lR§x§E§E§8§4§B§D§lN§x§E§B§6§B§B§0§lI§x§E§7§5§3§A§3§lT§x§E§4§3§A§9§6§lY from storage
[16:57:05] > TostyZura added x1 §x§E§4§3§A§9§6§lW§x§E§7§5§3§A§3§lI§x§E§B§6§B§B§0§lN§x§E§E§8§4§B§D§lG§x§F§2§9§D§C§B§lS §x§F§8§C§E§E§5§lO§x§F§C§E§6§F§2§lF §x§F§C§E§6§F§2§lE§x§F§8§C§E§E§5§lT§x§F§5§B§5§D§8§lE§x§F§2§9§D§C§B§lR§x§E§E§8§4§B§D§lN§x§E§B§6§B§B§0§lI§x§E§7§5§3§A§3§lT§x§E§4§3§A§9§6§lY in auction for 8000000.
[16:57:13] > mae added x4 §x§F§0§7§A§5§4§lZombie Apocalyptic Pistol in auction for 500000.
[17:00:30] > x1 CHECK BLAZE EXP FARM on sale by r1h4d3ss has just expired, it goes in the inventory of expired items.
[17:00:47] > HwanYo buy x1 §fAxolotl Plushie (Blue) §6(4/101) to Kyotots for $250,000.
[17:07:01] > nnorv1 buy x1 §x§F§F§7§C§0§0§lSteamsparks Hammer to lolxxvihan for $250,000.
[17:12:41] > butchtaylor remove x1 Mace from storage
[17:15:37] > butchtaylor remove x1 Mace from expire
[17:15:55] > butchtaylor added x1 Mace in auction for 750000.
[17:24:18] > SussySuzy buy x1 §x§E§5§1§B§1§B§lDracula Battleaxe to Quibz for $100,000.
[17:34:00] > butchtaylor remove x1 Totem of undying from storage
[17:34:58] > HwanYo remove x1 §fAxolotl Plushie (Blue) §6(4/101) from buy
[17:42:44] > x1 Shulker box on sale by anneyong has just expired, it goes in the inventory of expired items.
[17:48:29] > ry9191 added x1 §f§l§x§8§A§0§0§F§FS§x§9§9§0§0§D§Bh§x§A§8§0§0§B§6i§x§B§7§0§0§9§2n§x§C§6§0§0§6§De§x§D§5§0§0§4§9 §x§E§4§0§0§2§4O§x§F§3§0§0§0§0n§x§E§4§0§0§2§4i§x§D§5§0§0§4§9 §x§C§6§0§0§6§DS§x§B§7§0§0§9§2t§x§A§8§0§0§B§6a§x§9§9§0§0§D§Bf§x§8§A§0§0§F§Ff in auction for 2000000.
[17:50:33] > kabayooo buy x64 Emerald to AxoLittle for $30,000.
[17:50:40] > kabayooo remove x1 §eᴄᴏᴡ sᴘᴀᴡɴᴇʀ form storage
[17:50:46] > kabayooo remove x64 Emerald from buy
[17:59:03] > BushSeat buy x1 §x§F§F§3§E§0§0§lD§x§F§F§3§7§0§0§le§x§F§F§3§0§0§0§lm§x§F§F§2§9§0§0§lo§x§F§F§2§2§0§0§ln §x§F§F§1§5§0§0§lL§x§F§F§0§E§0§0§lo§x§F§F§0§7§0§0§lr§x§F§F§0§0§0§0§ld §x§F§F§0§E§0§0§lL§x§F§F§1§5§0§0§le§x§F§F§1§C§0§0§lg§x§F§F§2§2§0§0§lg§x§F§F§2§9§0§0§li§x§F§F§3§0§0§0§ln§x§F§F§3§7§0§0§lg§x§F§F§3§E§0§0§ls to DanRaiv for $150,000.
[17:59:28] > BushSeat remove x1 §x§F§F§3§E§0§0§lD§x§F§F§3§7§0§0§le§x§F§F§3§0§0§0§lm§x§F§F§2§9§0§0§lo§x§F§F§2§2§0§0§ln §x§F§F§1§5§0§0§lL§x§F§F§0§E§0§0§lo§x§F§F§0§7§0§0§lr§x§F§F§0§0§0§0§ld §x§F§F§0§E§0§0§lL§x§F§F§1§5§0§0§le§x§F§F§1§C§0§0§lg§x§F§F§2§2§0§0§lg§x§F§F§2§9§0§0§li§x§F§F§3§0§0§0§ln§x§F§F§3§7§0§0§lg§x§F§F§3§E§0§0§ls from buy
[18:22:24] > kabayooo added x1 Diamond leggings in auction for 20000.
[18:22:35] > kabayooo added x1 Diamond leggings in auction for 20000.
[18:30:40] > kabayooo added x1 Diamond leggings in auction for 10000.
[18:30:57] > kabayooo added x1 Diamond leggings in auction for 10000.
[18:31:00] > MrZyrus7228 added x9 Diamond in auction for 10.
[18:31:41] > kabayooo added x1 Enchanted book in auction for 10000.
[18:37:24] > kabayooo buy x9 Diamond to MrZyrus7228 for $10.
[18:37:39] > x1 Enchanted book, bought by HPMR_GaMerz, has just expired, the item is definitively deleted.
[18:37:41] > kabayooo remove x9 Diamond from buy
[18:37:41] > kabayooo remove x64 Crafting table from buy
[18:43:01] > PrezXie buy x1 §x§5§9§A§1§D§9§lA§x§6§B§A§B§D§Dr§x§7§E§B§6§E§1c§x§9§0§C§0§E§6h§x§A§3§C§B§E§Aa§x§B§5§D§5§E§En§x§C§8§E§0§F§2g§x§D§A§E§A§F§7e§x§E§D§F§5§F§Bl §x§E§A§F§3§F§AL§x§D§6§E§8§F§6e§x§C§1§D§C§F§1g§x§A§C§D§0§E§Cg§x§9§7§C§4§E§7i§x§8§3§B§9§E§3n§x§6§E§A§D§D§Eg§x§5§9§A§1§D§9s to mae for $1,500,000.
[18:43:07] > PrezXie remove x1 §x§5§9§A§1§D§9§lA§x§6§B§A§B§D§Dr§x§7§E§B§6§E§1c§x§9§0§C§0§E§6h§x§A§3§C§B§E§Aa§x§B§5§D§5§E§En§x§C§8§E§0§F§2g§x§D§A§E§A§F§7e§x§E§D§F§5§F§Bl §x§E§A§F§3§F§AL§x§D§6§E§8§F§6e§x§C§1§D§C§F§1g§x§A§C§D§0§E§Cg§x§9§7§C§4§E§7i§x§8§3§B§9§E§3n§x§6§E§A§D§D§Eg§x§5§9§A§1§D§9s from buy
[18:43:12] > HwanYo remove x28 Golden apple from buy
[18:43:50] > HwanYo buy x1 Enchanted book to kabayooo for $10,000.
[18:44:38] > HwanYo remove x64 Emerald block from storage
[18:44:41] > HwanYo remove x1 Lime shulker box from storage
[18:44:44] > HwanYo remove x1 §f§l§x§8§A§0§0§F§FS§x§9§C§0§0§D§5h§x§A§D§0§0§A§Ai§x§B§F§0§0§8§0n§x§D§0§0§0§5§5e§x§E§2§0§0§2§B §x§F§3§0§0§0§0O§x§E§2§0§0§2§An§x§D§0§0§0§5§5i§x§B§F§0§0§8§0 §x§A§D§0§0§A§AH§x§9§C§0§0§D§5o§x§8§A§0§0§F§Fe from storage
[18:44:58] > HwanYo added x1 §f§l§x§8§A§0§0§F§FS§x§9§C§0§0§D§5h§x§A§D§0§0§A§Ai§x§B§F§0§0§8§0n§x§D§0§0§0§5§5e§x§E§2§0§0§2§B §x§F§3§0§0§0§0O§x§E§2§0§0§2§An§x§D§0§0§0§5§5i§x§B§F§0§0§8§0 §x§A§D§0§0§A§AH§x§9§C§0§0§D§5o§x§8§A§0§0§F§Fe in auction for 800000.
[18:50:52] > kabayooo remove x1 Diamond leggings form storage
[18:50:52] > kabayooo remove x1 Diamond leggings form storage
[18:50:52] > kabayooo remove x1 Diamond leggings form storage
[18:50:52] > kabayooo remove x1 Diamond leggings form storage
[18:51:11] > kabayooo added x1 Diamond leggings in auction for 10000.
[18:51:16] > celinesanrio added x1 Elytra in auction for 2000000.
[18:51:24] > kabayooo added x1 Diamond leggings in auction for 10000.
[18:51:38] > kabayooo added x1 Diamond leggings in auction for 20000.
[18:51:52] > kabayooo added x1 Diamond leggings in auction for 10000.
[18:52:49] > KyLuxxy buy x1 §f§x§F§9§A§2§0§DP§x§F§2§9§E§0§Du§x§E§B§9§9§0§Dm§x§E§3§9§5§0§Dp§x§D§C§9§0§0§Dk§x§D§5§8§C§0§Di§x§C§E§8§7§0§Dn§x§C§7§8§3§0§D §x§B§F§7§E§0§DH§x§B§8§7§A§0§Da§x§B§1§7§5§0§Dt to elowyn for $300,000.
[19:02:14] > x1 XP FARM /pwarp go BlazeXPFarm, item of KnownasTravis, has just expired, the item is definitively deleted.
[19:02:14] > x1 BOOKS AT /pwarp go BOOKSTORE, item of KnownasTravis, has just expired, the item is definitively deleted.
[19:02:14] > x1 XPFARM ON /pwarp go ENDVAULT, item of KnownasTravis, has just expired, the item is definitively deleted.
[19:02:16] > Alexfromhere remove x1 Splash potion from expire
[19:02:16] > Alexfromhere remove x1 Splash potion from expire
[19:02:17] > Alexfromhere remove x1 Splash potion from expire
[19:02:17] > Alexfromhere remove x1 Splash potion from expire
[19:02:27] > Alexfromhere added x1 Splash potion in auction for 9500.
[19:02:39] > Alexfromhere added x1 Splash potion in auction for 9500.
[19:03:06] > Alexfromhere added x1 Splash potion in auction for 9500.
[19:03:27] > Alexfromhere added x1 Splash potion in auction for 9500.
[19:17:36] > HwanYo remove x64 Experience bottle from storage
[19:17:37] > HwanYo remove x64 Experience bottle from storage
[19:17:45] > HwanYo added x64 Experience bottle in auction for 140000.
[19:17:57] > HwanYo added x64 Experience bottle in auction for 140000.
[19:18:07] > HwanYo added x64 Experience bottle in auction for 140000.
[19:18:19] > HwanYo added x64 Experience bottle in auction for 140000.
[19:18:29] > HwanYo added x64 Experience bottle in auction for 140000.
[19:18:47] > HwanYo added x64 Experience bottle in auction for 140000.
[19:28:52] > mincerap remove x4 Nether star from storage
[19:28:59] > mincerap remove x1 §x§F§E§B§E§C§A§lStarter Kit from buy
[19:30:47] > kabayooo added x58 Raw gold in auction for 20000.
[19:31:30] > Pewpew remove x1 §x§F§F§3§E§0§0§lDemon Lord Wings from storage
[19:39:37] > sigman added x1 Heart of the sea in auction for 20000.
[19:39:54] > BlackKnight remove x1 §f§l§x§F§A§0§0§0§AD§x§F§A§2§A§1§Aa§x§F§B§5§3§2§Br§x§F§B§7§D§3§Bk§x§F§C§A§6§4§Cf§x§F§C§D§0§5§Cl§x§F§C§D§0§5§Ca§x§F§C§A§D§4§Em§x§F§B§8§B§4§1e§x§F§B§6§8§3§3 §x§F§B§4§5§2§5B§x§F§A§2§3§1§8o§x§F§A§0§0§0§Aw form storage
[19:39:54] > BlackKnight remove x1 §f§l§8B§x§5§F§5§F§5§Fa§x§6§9§6§9§6§9h§x§7§3§7§3§7§3a§x§7§D§7§D§7§Dm§x§8§7§8§7§8§7u§x§9§1§9§1§9§1t§x§9§B§9§B§9§B §x§A§5§A§5§A§5Ch§x§9§B§9§B§9§Be§x§9§1§9§1§9§1s§x§8§7§8§7§8§7t§x§7§D§7§D§7§Dp§x§7§3§7§3§7§3l§x§6§9§6§9§6§9a§x§5§F§5§F§5§Ft§8e form storage
[19:39:54] > BlackKnight remove x1 §f§l§8B§x§6§6§6§6§6§6a§x§7§7§7§7§7§7h§x§8§8§8§8§8§8a§x§9§9§9§9§9§9m§7u§x§9§9§9§9§9§9t§x§8§8§8§8§8§8 §x§7§7§7§7§7§7H§x§6§6§6§6§6§6o§8e form storage
[19:39:56] > sigman remove x1 Heart of the sea from storage
[19:39:57] > sigman remove x1 §x§F§F§7§C§0§0§lSteamsparks Blade form storage
[19:39:57] > sigman remove x1 §fGarden Hat form storage
[19:39:57] > sigman remove x1 §x§E§5§1§B§1§B§lDracula Spear form storage
[19:40:09] > sigman added x1 §x§F§F§7§C§0§0§lSteamsparks Blade in auction for 450000.
[19:40:20] > BlackKnight added x1 §f§l§x§F§A§0§0§0§AD§x§F§A§2§A§1§Aa§x§F§B§5§3§2§Br§x§F§B§7§D§3§Bk§x§F§C§A§6§4§Cf§x§F§C§D§0§5§Cl§x§F§C§D§0§5§Ca§x§F§C§A§D§4§Em§x§F§B§8§B§4§1e§x§F§B§6§8§3§3 §x§F§B§4§5§2§5B§x§F§A§2§3§1§8o§x§F§A§0§0§0§Aw in auction for 400000.
[19:40:28] > sigman added x1 §fGarden Hat in auction for 45000.
[19:40:39] > BlackKnight added x1 §f§l§8B§x§5§F§5§F§5§Fa§x§6§9§6§9§6§9h§x§7§3§7§3§7§3a§x§7§D§7§D§7§Dm§x§8§7§8§7§8§7u§x§9§1§9§1§9§1t§x§9§B§9§B§9§B §x§A§5§A§5§A§5Ch§x§9§B§9§B§9§Be§x§9§1§9§1§9§1s§x§8§7§8§7§8§7t§x§7§D§7§D§7§Dp§x§7§3§7§3§7§3l§x§6§9§6§9§6§9a§x§5§F§5§F§5§Ft§8e in auction for 1900000.
[19:40:41] > sigman added x1 §x§E§5§1§B§1§B§lDracula Spear in auction for 500000.
[19:41:41] > BlackKnight added x1 §f§l§8B§x§6§6§6§6§6§6a§x§7§7§7§7§7§7h§x§8§8§8§8§8§8a§x§9§9§9§9§9§9m§7u§x§9§9§9§9§9§9t§x§8§8§8§8§8§8 §x§7§7§7§7§7§7H§x§6§6§6§6§6§6o§8e in auction for 800000.
[19:41:56] > sigman buy x1 Diamond leggings to kabayooo for $10,000.
[19:42:04] > sigman remove x1 §fGarden Hat form storage
[19:42:04] > sigman remove x1 §x§E§5§1§B§1§B§lDracula Spear form storage
[19:42:04] > sigman remove x1 §x§F§F§7§C§0§0§lSteamsparks Blade form storage
[19:42:13] > sigman added x1 §fGarden Hat in auction for 45000.
[19:42:28] > sigman added x1 §x§E§5§1§B§1§B§lDracula Spear in auction for 500000.
[19:42:39] > sigman added x1 §x§F§F§7§C§0§0§lSteamsparks Blade in auction for 450000.
[19:42:46] > sigman remove x1 Diamond leggings from buy
[19:44:37] > BlueTea_Official buy x1 §x§5§9§A§1§D§9§lA§x§6§B§A§B§D§Dr§x§7§E§B§6§E§1c§x§9§0§C§0§E§6h§x§A§3§C§B§E§Aa§x§B§5§D§5§E§En§x§C§8§E§0§F§2g§x§D§A§E§A§F§7e§x§E§D§F§5§F§Bl §x§E§A§F§3§F§AB§x§D§6§E§8§F§6a§x§C§1§D§C§F§1c§x§A§C§D§0§E§Ck§x§9§7§C§4§E§7p§x§8§3§B§9§E§3a§x§6§E§A§D§D§Ec§x§5§9§A§1§D§9k to mae for $1,000,000.
[19:44:45] > BlueTea_Official remove x1 §x§5§9§A§1§D§9§lA§x§6§B§A§B§D§Dr§x§7§E§B§6§E§1c§x§9§0§C§0§E§6h§x§A§3§C§B§E§Aa§x§B§5§D§5§E§En§x§C§8§E§0§F§2g§x§D§A§E§A§F§7e§x§E§D§F§5§F§Bl §x§E§A§F§3§F§AB§x§D§6§E§8§F§6a§x§C§1§D§C§F§1c§x§A§C§D§0§E§Ck§x§9§7§C§4§E§7p§x§8§3§B§9§E§3a§x§6§E§A§D§D§Ec§x§5§9§A§1§D§9k from buy
[19:45:01] > Luruca buy x1 §x§F§F§7§C§0§0§lSteamsparks Hat to monggol for $40,000.
[19:47:47] > SP3CC_ added x1 §x§5§C§C§F§F§C§lC§x§5§C§D§1§F§5§lo§x§5§D§D§4§E§E§ls§x§5§D§D§6§E§7§lm§x§5§E§D§9§E§1§le§x§5§E§D§B§D§A§lt§x§5§E§D§D§D§3§li§x§5§F§E§0§C§C§lc §x§5§F§E§0§C§C§lH§x§5§E§D§D§D§3§la§x§5§E§D§B§D§A§lt§x§5§E§D§9§E§1§ls §x§5§D§D§4§E§E§lK§x§5§C§D§1§F§5§le§x§5§C§C§F§F§C§ly in auction for 100000.
[19:48:02] > mae added x2 §x§5§C§C§F§F§C§lC§x§5§C§D§1§F§5§lo§x§5§D§D§4§E§E§ls§x§5§D§D§6§E§7§lm§x§5§E§D§9§E§1§le§x§5§E§D§B§D§A§lt§x§5§E§D§D§D§3§li§x§5§F§E§0§C§C§lc §x§5§F§E§0§C§C§lH§x§5§E§D§D§D§3§la§x§5§E§D§B§D§A§lt§x§5§E§D§9§E§1§ls §x§5§D§D§4§E§E§lK§x§5§C§D§1§F§5§le§x§5§C§C§F§F§C§ly in auction for 100000.
[19:48:19] > HwanYo added x1 §eʙʟᴀᴢᴇ sᴘᴀᴡɴᴇʀ in auction for 100000.
[19:49:51] > kabayooo added x1 §x§5§C§C§F§F§C§lC§x§5§C§D§1§F§5§lo§x§5§D§D§4§E§E§ls§x§5§D§D§6§E§7§lm§x§5§E§D§9§E§1§le§x§5§E§D§B§D§A§lt§x§5§E§D§D§D§3§li§x§5§F§E§0§C§C§lc §x§5§F§E§0§C§C§lH§x§5§E§D§D§D§3§la§x§5§E§D§B§D§A§lt§x§5§E§D§9§E§1§ls §x§5§D§D§4§E§E§lK§x§5§C§D§1§F§5§le§x§5§C§C§F§F§C§ly in auction for 10.
[19:57:01] > Zypher_0w0 added x64 Rail in auction for 1000.
[19:57:16] > Zypher_0w0 added x64 Rail in auction for 1000.
[19:57:24] > mauserdart added x6 §bEntropy Crystal §8(§310,000§8) in auction for 600000.
[19:58:15] > baba buy x64 Rail to Zypher_0w0 for $1,000.
[19:58:21] > baba buy x64 Rail to Zypher_0w0 for $1,000.
[20:00:40] > kabayooo remove x58 Raw gold from storage
[20:02:30] > BlackKnight added x64 Experience bottle in auction for 50000.
[20:02:43] > BlackKnight added x64 Experience bottle in auction for 40000.
[20:02:56] > BlackKnight added x64 Experience bottle in auction for 30000.
[20:02:57] > kabayooo added x1 BUY FROM ME 850 DIAMOND AND 850 GOLD at DIAMOND in auction for 9999999999999.
[20:03:14] > BlackKnight added x64 Experience bottle in auction for 20000.
[20:11:44] > .SharkyisHungry buy x1 §f§l§x§8§A§0§0§F§FS§x§9§C§0§0§D§5h§x§A§D§0§0§A§Ai§x§B§F§0§0§8§0n§x§D§0§0§0§5§5e§x§E§2§0§0§2§B §x§F§3§0§0§0§0O§x§E§2§0§0§2§An§x§D§0§0§0§5§5i§x§B§F§0§0§8§0 §x§A§D§0§0§A§AH§x§9§C§0§0§D§5o§x§8§A§0§0§F§Fe to HwanYo for $800,000.
[20:12:23] > .SharkyisHungry remove x1 §f§l§x§8§A§0§0§F§FS§x§9§C§0§0§D§5h§x§A§D§0§0§A§Ai§x§B§F§0§0§8§0n§x§D§0§0§0§5§5e§x§E§2§0§0§2§B §x§F§3§0§0§0§0O§x§E§2§0§0§2§An§x§D§0§0§0§5§5i§x§B§F§0§0§8§0 §x§A§D§0§0§A§AA§x§9§C§0§0§D§5x§x§8§A§0§0§F§Fe from buy
[20:12:25] > .SharkyisHungry remove x1 §f§l§x§8§A§0§0§F§FS§x§9§C§0§0§D§5h§x§A§D§0§0§A§Ai§x§B§F§0§0§8§0n§x§D§0§0§0§5§5e§x§E§2§0§0§2§B §x§F§3§0§0§0§0O§x§E§2§0§0§2§An§x§D§0§0§0§5§5i§x§B§F§0§0§8§0 §x§A§D§0§0§A§AH§x§9§C§0§0§D§5o§x§8§A§0§0§F§Fe from buy
[20:15:18] > VortexZayne buy x1 §x§5§C§C§F§F§C§lC§x§5§C§D§1§F§5§lo§x§5§D§D§4§E§E§ls§x§5§D§D§6§E§7§lm§x§5§E§D§9§E§1§le§x§5§E§D§B§D§A§lt§x§5§E§D§D§D§3§li§x§5§F§E§0§C§C§lc §x§5§F§E§0§C§C§lH§x§5§E§D§D§D§3§la§x§5§E§D§B§D§A§lt§x§5§E§D§9§E§1§ls §x§5§D§D§4§E§E§lK§x§5§C§D§1§F§5§le§x§5§C§C§F§F§C§ly to kabayooo for $10.
[20:16:10] > baba added x1 §eᴄʀᴇᴇᴘᴇʀ sᴘᴀᴡɴᴇʀ in auction for 250000.
[20:16:36] > baba remove x1 §eᴄʀᴇᴇᴘᴇʀ sᴘᴀᴡɴᴇʀ from storage
[20:33:16] > FRANZ_JOSEF0 buy x64 Experience bottle to BlackKnight for $20,000.
[20:33:19] > FRANZ_JOSEF0 buy x64 Experience bottle to BlackKnight for $30,000.
[20:33:21] > FRANZ_JOSEF0 buy x64 Experience bottle to BlackKnight for $40,000.
[20:33:24] > FRANZ_JOSEF0 buy x64 Experience bottle to BlackKnight for $50,000.
[20:33:27] > x64 Iron block, bought by Seris00, has just expired, the item is definitively deleted.
[20:33:27] > x64 Iron block, bought by Seris00, has just expired, the item is definitively deleted.
[20:33:27] > x64 Iron block, bought by Seris00, has just expired, the item is definitively deleted.
[20:33:27] > x64 Iron block, bought by Seris00, has just expired, the item is definitively deleted.
[20:33:27] > x64 Iron block, bought by Seris00, has just expired, the item is definitively deleted.
[20:33:27] > x1 Enchanted book, bought by Seris00, has just expired, the item is definitively deleted.
[20:33:28] > FRANZ_JOSEF0 remove x64 Experience bottle from buy
[20:33:29] > FRANZ_JOSEF0 remove x64 Experience bottle from buy
[20:33:29] > FRANZ_JOSEF0 remove x64 Experience bottle from buy
[20:33:30] > FRANZ_JOSEF0 remove x64 Experience bottle from buy
[20:34:18] > kabayooo remove x1 BUY FROM ME 850 DIAMOND AND 850 GOLD at DIAMOND from storage
[20:34:22] > kabayooo remove x1 Diamond leggings form storage
[20:34:22] > kabayooo remove x1 Diamond leggings form storage
[20:34:22] > kabayooo remove x1 Diamond leggings form storage
[20:34:32] > kabayooo added x1 Diamond leggings in auction for 10000.
[20:34:42] > bedrock_enjoy3r buy x1 §x§F§F§7§C§0§0§lSteamsparks Fishing Rod to TostyZura for $70,000.
[20:34:50] > kabayooo added x1 Diamond leggings in auction for 20000.
[20:35:01] > kabayooo added x1 Diamond leggings in auction for 10000.
[20:35:15] > bedrock_enjoy3r remove x1 §x§F§F§7§C§0§0§lSteamsparks Fishing Rod from buy
[20:36:08] > grit_zy buy x1 §eʙʟᴀᴢᴇ sᴘᴀᴡɴᴇʀ to HwanYo for $100,000.
[20:50:57] > VortexZayne added x1 §x§F§F§3§E§0§0§lDemon Lord Wings in auction for 200000.
[20:53:29] > baba buy x64 Experience bottle to HwanYo for $140,000.
[20:53:32] > baba buy x64 Experience bottle to HwanYo for $140,000.
[20:54:29] > baba remove x64 Experience bottle from buy
[20:54:30] > baba remove x64 Experience bottle from buy
[21:00:02] > Zypher_0w0 added x64 Iron block in auction for 5000.
[21:00:38] > Zypher_0w0 remove x1 Elytra from storage
[21:00:46] > Zypher_0w0 added x1 Elytra in auction for 1800000.
[21:00:56] > kysicx buy x1 §x§F§F§3§E§0§0§lDemon Lord Wings to VortexZayne for $200,000.
[21:00:56] > Zypher_0w0 added x64 Iron block in auction for 5000.
[21:01:17] > VortexZayne buy x1 Elytra to Zypher_0w0 for $1,800,000.
[21:03:57] > VortexZayne remove x1 Elytra from buy
[21:03:58] > VortexZayne remove x1 Heavy core from buy
[21:04:00] > VortexZayne remove x1 §x§5§C§C§F§F§C§lC§x§5§C§D§1§F§5§lo§x§5§D§D§4§E§E§ls§x§5§D§D§6§E§7§lm§x§5§E§D§9§E§1§le§x§5§E§D§B§D§A§lt§x§5§E§D§D§D§3§li§x§5§F§E§0§C§C§lc §x§5§F§E§0§C§C§lH§x§5§E§D§D§D§3§la§x§5§E§D§B§D§A§lt§x§5§E§D§9§E§1§ls §x§5§D§D§4§E§E§lK§x§5§C§D§1§F§5§le§x§5§C§C§F§F§C§ly from buy
[21:06:47] > BushSeat buy x1 §eʙʟᴀᴢᴇ sᴘᴀᴡɴᴇʀ to Johng10910 for $200,000.
[21:06:52] > BushSeat remove x1 §eʙʟᴀᴢᴇ sᴘᴀᴡɴᴇʀ from buy
[21:15:45] > Cooldoggiexd buy x64 Iron block to Zypher_0w0 for $5,000.
[21:15:47] > Cooldoggiexd buy x64 Iron block to Zypher_0w0 for $5,000.
[21:16:08] > Cooldoggiexd remove x64 Iron block from buy
[21:16:09] > Cooldoggiexd remove x64 Iron block from buy
[21:16:23] > celinesanrio remove x1 Shulker box from storage
[21:20:05] > refiring buy x1 REDSTONE SHULKER to Johng10910 for $500,000.
[21:20:15] > refiring remove x1 REDSTONE SHULKER from buy
[21:20:51] > Cooldoggiexd added x1 Enchanted book in auction for 4000.
[21:21:14] > Nino buy x1 Enchanted book to Cooldoggiexd for $4,000.
[21:21:26] > Nino remove x1 Enchanted book from buy
[21:25:52] > Raylii buy x64 Wind charge to butchtaylor for $50,000.
[21:42:40] > DanRaiv remove x1 §f§l§8B§x§6§3§6§3§6§3a§x§7§1§7§1§7§1h§x§8§0§8§0§8§0a§x§8§E§8§E§8§Em§x§9§C§9§C§9§Cu§7t§x§9§C§9§C§9§C §x§8§E§8§E§8§ES§x§8§0§8§0§8§0t§x§7§1§7§1§7§1a§x§6§3§6§3§6§3f§8f from storage
[21:42:41] > DanRaiv remove x1 §x§F§0§7§A§5§4§lZombie Apocalyptic Shotgun from storage
[21:43:06] > DanRaiv remove x1 §x§F§F§3§E§0§0§lDemon Lord Wings from storage
[21:46:13] > AxoLittle added x1 Enchanted book in auction for 3000.
[21:46:26] > AxoLittle added x1 Enchanted book in auction for 3000.
[21:46:44] > AxoLittle added x1 Enchanted book in auction for 3000.
[21:47:07] > AxoLittle added x1 Enchanted book in auction for 3000.
[21:47:25] > AxoLittle added x1 Enchanted book in auction for 3000.
[21:47:49] > kabayooo added x1 §esᴘɪᴅᴇʀ sᴘᴀᴡɴᴇʀ in auction for 400000.
[21:48:11] > koshie remove x2 Villager spawn egg from storage
[21:48:26] > koshie added x2 Villager spawn egg in auction for 5500000.
[21:50:15] > elowyn buy x1 §x§F§F§3§E§0§0§lD§x§F§F§3§7§0§0§le§x§F§F§3§0§0§0§lm§x§F§F§2§9§0§0§lo§x§F§F§2§2§0§0§ln §x§F§F§1§5§0§0§lL§x§F§F§0§E§0§0§lo§x§F§F§0§7§0§0§lr§x§F§F§0§0§0§0§ld §x§F§F§1§0§0§0§lP§x§F§F§1§7§0§0§li§x§F§F§1§F§0§0§lc§x§F§F§2§7§0§0§lk§x§F§F§2§F§0§0§la§x§F§F§3§6§0§0§lx§x§F§F§3§E§0§0§le to Quibz for $200,000.
[21:51:52] > x1 §e§lCrab Scale, bought by celinesanrio, has just expired, the item is definitively deleted.
[21:51:52] > x1 §9§lCrab Claw, bought by celinesanrio, has just expired, the item is definitively deleted.
[21:51:53] > elowyn remove x1 §x§F§F§3§E§0§0§lD§x§F§F§3§7§0§0§le§x§F§F§3§0§0§0§lm§x§F§F§2§9§0§0§lo§x§F§F§2§2§0§0§ln §x§F§F§1§5§0§0§lL§x§F§F§0§E§0§0§lo§x§F§F§0§7§0§0§lr§x§F§F§0§0§0§0§ld §x§F§F§1§0§0§0§lP§x§F§F§1§7§0§0§li§x§F§F§1§F§0§0§lc§x§F§F§2§7§0§0§lk§x§F§F§2§F§0§0§la§x§F§F§3§6§0§0§lx§x§F§F§3§E§0§0§le from buy
[21:52:08] > x1 §eᴢᴏᴍʙɪᴇ sᴘᴀᴡɴᴇʀ, item of Jaiki, has just expired, the item is definitively deleted.
[21:52:08] > x1 §f§x§4§1§B§C§4§2D§x§4§5§C§3§5§3r§x§4§9§C§9§6§3o§x§4§D§D§0§7§4w§x§5§1§D§7§8§5n§x§5§6§D§E§9§6e§x§5§A§E§4§A§6d§x§5§E§E§B§B§7 §x§6§2§F§2§C§8H§x§6§6§F§8§D§8a§x§6§A§F§F§E§9t, item of Ax_, has just expired, the item is definitively deleted.
[21:52:08] > x1 §x§C§9§A§7§F§C§lL§x§B§D§A§E§F§6§le§x§B§1§B§4§F§0§lg§x§A§6§B§B§E§A§le§x§9§A§C§1§E§4§ln§x§8§E§C§8§D§D§ld§x§8§2§C§E§D§7§la§x§7§7§D§5§D§1§lr§x§6§B§D§B§C§B§ly §x§6§B§D§B§C§B§lC§x§7§7§D§5§D§1§lr§x§8§2§C§E§D§7§la§x§8§E§C§8§D§D§lt§x§9§A§C§1§E§4§le §x§B§1§B§4§F§0§lK§x§B§D§A§E§F§6§le§x§C§9§A§7§F§C§ly, item of zopell10, has just expired, the item is definitively deleted.
[21:52:09] > Malachkite remove x1 §f§l§x§F§C§D§0§5§CW§x§F§A§A§A§4§Bu§x§F§9§8§4§3§Bk§x§F§7§5§F§2§Ao§x§F§5§3§9§1§9n§x§F§4§1§3§0§8g §x§F§5§3§9§1§9S§x§F§7§5§F§2§At§x§F§9§8§4§3§Bi§x§F§A§A§A§4§Bc§x§F§C§D§0§5§Ck from expire
[21:54:44] > kabayooo added x1 GUYS BUY FROM DIAMON SHOP 850 DOLLARS ONLY in auction for 999999999999999.
[21:55:20] > butchtaylor buy x1 Enchanted book to AxoLittle for $3,000.
[21:55:22] > butchtaylor buy x1 Enchanted book to AxoLittle for $3,000.
[21:55:26] > butchtaylor buy x1 Enchanted book to AxoLittle for $3,000.
[21:55:59] > nnorv1 buy x64 Experience bottle to HwanYo for $140,000.
[21:55:59] > butchtaylor remove x1 Enchanted book form buy
[21:55:59] > butchtaylor remove x1 Enchanted book form buy
[21:55:59] > butchtaylor remove x1 Enchanted book form buy
[21:56:10] > nnorv1 remove x64 Experience bottle from buy
[21:56:27] > DanRaiv added x2 Ghast tear in auction for 500.
[22:08:27] > QG_Akiuwu buy x1 §x§E§5§1§B§1§B§lDracula Helmet to Quibz for $100,000.
[22:08:32] > QG_Akiuwu remove x1 §x§E§5§1§B§1§B§lDracula Helmet from buy
[22:14:09] > Unforce01 added x1 §fBumble Bee Hat in auction for 10000.
[22:14:51] > QG_Akiuwu added x1 §x§5§C§C§F§F§C§lC§x§5§C§D§1§F§5§lo§x§5§D§D§4§E§E§ls§x§5§D§D§6§E§7§lm§x§5§E§D§9§E§1§le§x§5§E§D§B§D§A§lt§x§5§E§D§D§D§3§li§x§5§F§E§0§C§C§lc §x§5§F§E§0§C§C§lH§x§5§E§D§D§D§3§la§x§5§E§D§B§D§A§lt§x§5§E§D§9§E§1§ls §x§5§D§D§4§E§E§lK§x§5§C§D§1§F§5§le§x§5§C§C§F§F§C§ly in auction for 100000.
[22:14:55] > BlackKnight added x64 Experience bottle in auction for 50000.
[22:15:06] > elowyn added x1 §eʙʟᴀᴢᴇ sᴘᴀᴡɴᴇʀ in auction for 500000.
[22:15:11] > BlackKnight added x64 Experience bottle in auction for 50000.
[22:15:24] > BlackKnight added x64 Experience bottle in auction for 50000.
[22:15:37] > BlackKnight added x64 Experience bottle in auction for 50000.
[22:15:47] > BlackKnight added x64 Experience bottle in auction for 50000.
[22:17:04] > RizzaIck added x1 §x§5§C§C§F§F§C§lC§x§5§C§D§1§F§5§lo§x§5§D§D§4§E§E§ls§x§5§D§D§6§E§7§lm§x§5§E§D§9§E§1§le§x§5§E§D§B§D§A§lt§x§5§E§D§D§D§3§li§x§5§F§E§0§C§C§lc §x§5§F§E§0§C§C§lH§x§5§E§D§D§D§3§la§x§5§E§D§B§D§A§lt§x§5§E§D§9§E§1§ls §x§5§D§D§4§E§E§lK§x§5§C§D§1§F§5§le§x§5§C§C§F§F§C§ly in auction for 50000.
[22:17:46] > BushSeat buy x1 §fBumble Bee Hat to Unforce01 for $10,000.
[22:18:42] > sean_kirby added x1 §x§F§F§3§E§0§0§lD§x§F§F§3§5§0§0§le§x§F§F§2§C§0§0§lm§x§F§F§2§3§0§0§lo§x§F§F§1§B§0§0§ln §x§F§F§0§9§0§0§lL§x§F§F§0§0§0§0§lo§x§F§F§0§A§0§0§lr§x§F§F§1§5§0§0§ld §x§F§F§2§9§0§0§lH§x§F§F§3§4§0§0§lo§x§F§F§3§E§0§0§le in auction for 500000.
[22:19:14] > BushSeat remove x1 §fBumble Bee Hat from buy
[22:19:42] > mauserdart buy x2 Ghast tear to DanRaiv for $500.
[22:20:00] > mauserdart remove x2 Ghast tear from buy
[22:25:25] > x1 §x§F§F§7§C§0§0§lSteamsparks Key on sale by Abbadex has just expired, it goes in the inventory of expired items.
[22:25:25] > x1 §x§F§F§7§C§0§0§lSteamsparks Key on sale by Abbadex has just expired, it goes in the inventory of expired items.
[22:25:45] > lorxie added x1 §f§l§8B§x§6§6§6§6§6§6a§x§7§7§7§7§7§7h§x§8§8§8§8§8§8a§x§9§9§9§9§9§9m§7u§x§9§9§9§9§9§9t§x§8§8§8§8§8§8 §x§7§7§7§7§7§7B§x§6§6§6§6§6§6o§8w in auction for 1000000.
[22:28:11] > UnavailableTest buy x64 Experience bottle to BlackKnight for $50,000.
[22:28:16] > UnavailableTest buy x64 Experience bottle to BlackKnight for $50,000.
[22:28:19] > UnavailableTest buy x64 Experience bottle to BlackKnight for $50,000.
[22:28:23] > UnavailableTest buy x64 Experience bottle to BlackKnight for $50,000.
[22:28:25] > UnavailableTest buy x64 Experience bottle to BlackKnight for $50,000.
[22:28:35] > UnavailableTest remove x64 Experience bottle form buy
[22:28:35] > UnavailableTest remove x64 Experience bottle form buy
[22:28:35] > UnavailableTest remove x64 Experience bottle form buy
[22:28:35] > UnavailableTest remove x64 Experience bottle form buy
[22:28:35] > UnavailableTest remove x64 Experience bottle form buy
[22:41:13] > Zypher_0w0 remove x1 §x§F§F§3§E§0§0§lD§x§F§F§3§5§0§0§le§x§F§F§2§C§0§0§lm§x§F§F§2§3§0§0§lo§x§F§F§1§B§0§0§ln §x§F§F§0§9§0§0§lL§x§F§F§0§0§0§0§lo§x§F§F§0§A§0§0§lr§x§F§F§1§5§0§0§ld §x§F§F§2§9§0§0§lK§x§F§F§3§4§0§0§le§x§F§F§3§E§0§0§ly from storage
[22:41:19] > Zypher_0w0 added x1 §x§F§F§3§E§0§0§lD§x§F§F§3§5§0§0§le§x§F§F§2§C§0§0§lm§x§F§F§2§3§0§0§lo§x§F§F§1§B§0§0§ln §x§F§F§0§9§0§0§lL§x§F§F§0§0§0§0§lo§x§F§F§0§A§0§0§lr§x§F§F§1§5§0§0§ld §x§F§F§2§9§0§0§lK§x§F§F§3§4§0§0§le§x§F§F§3§E§0§0§ly in auction for 200000.
[22:44:58] > refiring added x1 §f§l§x§C§6§D§E§F§1B§x§A§C§D§0§E§Do§x§9§2§C§2§E§8o§x§7§8§B§4§E§4s§x§5§E§A§6§D§Ft§x§4§4§9§8§D§Be§x§5§E§A§6§D§Fr§x§7§8§B§4§E§4 §x§9§2§C§2§E§8H§x§A§C§D§0§E§Da§x§C§6§D§E§F§1t in auction for 500000.
[22:45:47] > PrinceBGC added x1 Enchanted book in auction for 2500.
[22:46:05] > RizzaIck buy x1 Enchanted book to PrinceBGC for $2,500.
[22:46:27] > PrinceBGC remove x1 §f§l§8B§x§6§6§6§6§6§6a§x§7§7§7§7§7§7h§x§8§8§8§8§8§8a§x§9§9§9§9§9§9m§7u§x§9§9§9§9§9§9t§x§8§8§8§8§8§8 §x§7§7§7§7§7§7H§x§6§6§6§6§6§6a§8t from expire
[22:46:53] > PrinceBGC added x1 Enchanted book in auction for 2500.
[22:47:13] > RizzaIck buy x1 Enchanted book to PrinceBGC for $2,500.
[22:47:27] > Unforce01 added x1 §f§l§x§F§C§D§0§5§CW§x§F§B§A§D§4§Du§x§F§9§8§B§3§Dk§x§F§8§6§8§2§Eo§x§F§6§4§5§1§Fn§x§F§5§2§3§0§Fg§x§F§3§0§0§0§0 §x§F§5§2§3§0§FH§x§F§6§4§5§1§Fe§x§F§8§6§8§2§El§x§F§9§8§B§3§Dm§x§F§B§A§D§4§De§x§F§C§D§0§5§Ct in auction for 750000.
[22:47:30] > koshie added x1 §f§l§x§F§C§D§0§5§CW§x§F§B§A§D§4§Du§x§F§9§8§B§3§Dk§x§F§8§6§8§2§Eo§x§F§6§4§5§1§Fn§x§F§5§2§3§0§Fg§x§F§3§0§0§0§0 §x§F§5§2§3§0§FH§x§F§6§4§5§1§Fe§x§F§8§6§8§2§El§x§F§9§8§B§3§Dm§x§F§B§A§D§4§De§x§F§C§D§0§5§Ct in auction for 2000000.
[22:48:05] > koshie remove x1 §f§l§x§F§C§D§0§5§CW§x§F§B§A§D§4§Du§x§F§9§8§B§3§Dk§x§F§8§6§8§2§Eo§x§F§6§4§5§1§Fn§x§F§5§2§3§0§Fg§x§F§3§0§0§0§0 §x§F§5§2§3§0§FH§x§F§6§4§5§1§Fe§x§F§8§6§8§2§El§x§F§9§8§B§3§Dm§x§F§B§A§D§4§De§x§F§C§D§0§5§Ct from storage
[22:48:05] > PrinceBGC added x1 §f§l§8B§x§6§6§6§6§6§6a§x§7§7§7§7§7§7h§x§8§8§8§8§8§8a§x§9§9§9§9§9§9m§7u§x§9§9§9§9§9§9t§x§8§8§8§8§8§8 §x§7§7§7§7§7§7H§x§6§6§6§6§6§6a§8t in auction for 500000.
[22:48:13] > Unforce01 remove x1 §f§l§x§F§C§D§0§5§CW§x§F§B§A§D§4§Du§x§F§9§8§B§3§Dk§x§F§8§6§8§2§Eo§x§F§6§4§5§1§Fn§x§F§5§2§3§0§Fg§x§F§3§0§0§0§0 §x§F§5§2§3§0§FH§x§F§6§4§5§1§Fe§x§F§8§6§8§2§El§x§F§9§8§B§3§Dm§x§F§B§A§D§4§De§x§F§C§D§0§5§Ct from storage
[22:48:21] > RizzaIck remove x1 Enchanted book from buy
[22:48:21] > RizzaIck remove x1 Enchanted book from buy
[22:53:41] > Lanchan68 buy x1 §f§l§x§C§6§D§E§F§1B§x§A§C§D§0§E§Do§x§9§2§C§2§E§8o§x§7§8§B§4§E§4s§x§5§E§A§6§D§Ft§x§4§4§9§8§D§Be§x§5§E§A§6§D§Fr§x§7§8§B§4§E§4 §x§9§2§C§2§E§8H§x§A§C§D§0§E§Da§x§C§6§D§E§F§1t to refiring for $500,000.
[22:55:07] > Raylii buy x1 §f§l§8B§x§6§6§6§6§6§6a§x§7§7§7§7§7§7h§x§8§8§8§8§8§8a§x§9§9§9§9§9§9m§7u§x§9§9§9§9§9§9t§x§8§8§8§8§8§8 §x§7§7§7§7§7§7H§x§6§6§6§6§6§6a§8t to PrinceBGC for $500,000.
[23:02:22] > SSinKin added x1 §f§l§x§8§A§0§0§F§FS§x§9§C§0§0§D§5h§x§A§D§0§0§A§Ai§x§B§F§0§0§8§0n§x§D§0§0§0§5§5e§x§E§2§0§0§2§B §x§F§3§0§0§0§0O§x§E§2§0§0§2§An§x§D§0§0§0§5§5i§x§B§F§0§0§8§0 §x§A§D§0§0§A§AA§x§9§C§0§0§D§5x§x§8§A§0§0§F§Fe in auction for 300000.
[23:02:58] > elowyn remove x1 §eʙʟᴀᴢᴇ sᴘᴀᴡɴᴇʀ from storage
[23:03:10] > TostyZura buy x1 §f§l§x§8§A§0§0§F§FS§x§9§C§0§0§D§5h§x§A§D§0§0§A§Ai§x§B§F§0§0§8§0n§x§D§0§0§0§5§5e§x§E§2§0§0§2§B §x§F§3§0§0§0§0O§x§E§2§0§0§2§An§x§D§0§0§0§5§5i§x§B§F§0§0§8§0 §x§A§D§0§0§A§AA§x§9§C§0§0§D§5x§x§8§A§0§0§F§Fe to SSinKin for $300,000.
[23:03:40] > TostyZura remove x1 §f§l§x§8§A§0§0§F§FS§x§9§C§0§0§D§5h§x§A§D§0§0§A§Ai§x§B§F§0§0§8§0n§x§D§0§0§0§5§5e§x§E§2§0§0§2§B §x§F§3§0§0§0§0O§x§E§2§0§0§2§An§x§D§0§0§0§5§5i§x§B§F§0§0§8§0 §x§A§D§0§0§A§AA§x§9§C§0§0§D§5x§x§8§A§0§0§F§Fe from buy
[23:03:58] > SSinKin added x1 §f§l§x§F§C§D§0§5§CW§x§F§B§B§0§4§Eu§x§F§9§9§0§4§0k§x§F§8§7§0§3§2o§x§F§6§5§0§2§3n§x§F§5§3§0§1§5g§x§F§4§1§0§0§7 H§x§F§5§3§0§1§5a§x§F§6§5§0§2§3l§x§F§8§7§0§3§2b§x§F§9§9§0§4§0e§x§F§B§B§0§4§Er§x§F§C§D§0§5§Cd in auction for 200000.
[23:04:13] > SSinKin added x1 §x§F§F§7§C§0§0§lSteamsparks Halberd in auction for 200000.
[23:04:25] > koshie added x1 §f§l§x§8§A§0§0§F§FS§x§9§7§0§0§D§Fh§x§A§4§0§0§B§Fi§x§B§1§0§0§9§Fn§x§B§F§0§0§8§0e§x§C§C§0§0§6§0 §x§D§9§0§0§4§0O§x§E§6§0§0§2§0n§x§F§3§0§0§0§0i§x§E§6§0§0§2§0 §x§D§9§0§0§4§0P§x§C§C§0§0§6§0i§x§B§F§0§0§8§0c§x§B§1§0§0§9§Fk§x§A§4§0§0§B§Fa§x§9§7§0§0§D§Fx§x§8§A§0§0§F§Fe in auction for 2500000.
[23:04:35] > SSinKin added x1 §x§E§5§1§B§1§B§lDracula Spear in auction for 200000.
[23:04:39] > elowyn added x1 §eʙʟᴀᴢᴇ sᴘᴀᴡɴᴇʀ in auction for 350000.
[23:04:44] > Kyslee buy x1 §eʙʟᴀᴢᴇ sᴘᴀᴡɴᴇʀ to elowyn for $350,000.
[23:05:13] > mae buy x1 §f§l§x§F§C§D§0§5§CW§x§F§B§A§D§4§Du§x§F§9§8§B§3§Dk§x§F§8§6§8§2§Eo§x§F§6§4§5§1§Fn§x§F§5§2§3§0§Fg§x§F§3§0§0§0§0 §x§F§5§2§3§0§FH§x§F§6§4§5§1§Fa§x§F§8§6§8§2§Em§x§F§9§8§B§3§Dm§x§F§B§A§D§4§De§x§F§C§D§0§5§Cr to Johng10910 for $300,000.
[23:05:45] > koshie added x1 §f§l§x§8§A§0§0§F§FS§x§9§7§0§0§D§Fh§x§A§4§0§0§B§Fi§x§B§1§0§0§9§Fn§x§B§F§0§0§8§0e§x§C§C§0§0§6§0 §x§D§9§0§0§4§0O§x§E§6§0§0§2§0n§x§F§3§0§0§0§0i§x§E§6§0§0§2§0 §x§D§9§0§0§4§0P§x§C§C§0§0§6§0i§x§B§F§0§0§8§0c§x§B§1§0§0§9§Fk§x§A§4§0§0§B§Fa§x§9§7§0§0§D§Fx§x§8§A§0§0§F§Fe in auction for 2500000.
[23:05:53] > mincerap added x1 §eʙʟᴀᴢᴇ sᴘᴀᴡɴᴇʀ in auction for 350000.
[23:05:58] > Kyslee buy x1 §eʙʟᴀᴢᴇ sᴘᴀᴡɴᴇʀ to mincerap for $350,000.
[23:05:58] > koshie added x1 §f§l§x§8§A§0§0§F§FS§x§9§7§0§0§D§Fh§x§A§4§0§0§B§Fi§x§B§1§0§0§9§Fn§x§B§F§0§0§8§0e§x§C§C§0§0§6§0 §x§D§9§0§0§4§0O§x§E§6§0§0§2§0n§x§F§3§0§0§0§0i§x§E§6§0§0§2§0 §x§D§9§0§0§4§0P§x§C§C§0§0§6§0i§x§B§F§0§0§8§0c§x§B§1§0§0§9§Fk§x§A§4§0§0§B§Fa§x§9§7§0§0§D§Fx§x§8§A§0§0§F§Fe in auction for 2500000.