
[07:08:07] > CeeJaiye added x1 §eᴢᴏᴍʙɪᴇ sᴘᴀᴡɴᴇʀ in auction for 350000.
[07:08:30] > _mae buy x10 §x§F§C§9§0§5§C§lE§x§E§6§9§C§6§B§lp§x§C§F§A§7§7§A§li§x§B§9§B§3§8§9§lc §x§8§C§C§B§A§7§lC§x§7§5§D§6§B§6§lr§x§5§F§E§2§C§5§la§x§7§9§D§4§B§4§lt§x§9§3§C§7§A§2§le §x§C§8§A§B§7§F§lK§x§E§2§9§E§6§E§le§x§F§C§9§0§5§C§ly to celinesanrio for $10 000.
[07:08:40] > _mae buy x10 §x§F§C§9§0§5§C§lE§x§E§6§9§C§6§B§lp§x§C§F§A§7§7§A§li§x§B§9§B§3§8§9§lc §x§8§C§C§B§A§7§lC§x§7§5§D§6§B§6§lr§x§5§F§E§2§C§5§la§x§7§9§D§4§B§4§lt§x§9§3§C§7§A§2§le §x§C§8§A§B§7§F§lK§x§E§2§9§E§6§E§le§x§F§C§9§0§5§C§ly to celinesanrio for $10 000.
[07:10:57] > InternetCafeUser added x1 §x§F§F§3§E§0§0§lD§x§F§F§3§7§0§0§le§x§F§F§3§0§0§0§lm§x§F§F§2§9§0§0§lo§x§F§F§2§2§0§0§ln §x§F§F§1§5§0§0§lL§x§F§F§0§E§0§0§lo§x§F§F§0§7§0§0§lr§x§F§F§0§0§0§0§ld §x§F§F§0§E§0§0§lF§x§F§F§1§5§0§0§lr§x§F§F§1§C§0§0§la§x§F§F§2§2§0§0§lg§x§F§F§2§9§0§0§lm§x§F§F§3§0§0§0§le§x§F§F§3§7§0§0§ln§x§F§F§3§E§0§0§lt in auction for 150000.
[07:11:03] > Abbadex buy x1 §x§F§F§3§E§0§0§lD§x§F§F§3§7§0§0§le§x§F§F§3§0§0§0§lm§x§F§F§2§9§0§0§lo§x§F§F§2§2§0§0§ln §x§F§F§1§5§0§0§lL§x§F§F§0§E§0§0§lo§x§F§F§0§7§0§0§lr§x§F§F§0§0§0§0§ld §x§F§F§0§E§0§0§lF§x§F§F§1§5§0§0§lr§x§F§F§1§C§0§0§la§x§F§F§2§2§0§0§lg§x§F§F§2§9§0§0§lm§x§F§F§3§0§0§0§le§x§F§F§3§7§0§0§ln§x§F§F§3§E§0§0§lt to InternetCafeUser for $150 000.
[07:11:13] > Abbadex added x1 §f§x§F§F§E§D§0§0H§x§F§A§E§8§0§8a§x§F§5§E§2§1§1r§x§F§0§D§D§1§9d§x§E§C§D§8§2§1 §x§E§7§D§3§2§9H§x§E§2§C§D§3§2a§x§D§D§C§8§3§At in auction for 20000.
[07:18:24] > Abbadex added x1 §x§6§0§0§0§F§F§lɢᴏᴅʟʏ ɪᴛᴇᴍ in auction for 20000.
[07:20:47] > .DeivePlayz added x1 §x§A§5§8§0§D§D§lᴇᴘɪᴄ ɪᴛᴇᴍ in auction for 15000.
[07:21:13] > _mae buy x10 §x§F§C§9§0§5§C§lE§x§E§6§9§C§6§B§lp§x§C§F§A§7§7§A§li§x§B§9§B§3§8§9§lc §x§8§C§C§B§A§7§lC§x§7§5§D§6§B§6§lr§x§5§F§E§2§C§5§la§x§7§9§D§4§B§4§lt§x§9§3§C§7§A§2§le §x§C§8§A§B§7§F§lK§x§E§2§9§E§6§E§le§x§F§C§9§0§5§C§ly to celinesanrio for $10 000.
[07:21:37] > .DeivePlayz added x1 §eᴄʀᴇᴇᴘᴇʀ sᴘᴀᴡɴᴇʀ in auction for 200000.
[07:21:57] > .DeivePlayz added x1 §esʜᴇᴇᴘ sᴘᴀᴡɴᴇʀ in auction for 90000.
[07:23:39] > .DeivePlayz added x1 Nether star in auction for 300000.
[07:25:17] > _mae buy x10 §x§F§C§9§0§5§C§lE§x§E§6§9§C§6§B§lp§x§C§F§A§7§7§A§li§x§B§9§B§3§8§9§lc §x§8§C§C§B§A§7§lC§x§7§5§D§6§B§6§lr§x§5§F§E§2§C§5§la§x§7§9§D§4§B§4§lt§x§9§3§C§7§A§2§le §x§C§8§A§B§7§F§lK§x§E§2§9§E§6§E§le§x§F§C§9§0§5§C§ly to celinesanrio for $10 000.
[07:41:55] > Abbadex added x1 §x§F§F§0§0§0§0§lS§x§F§F§1§3§0§0§lh§x§F§F§2§6§0§0§lo§x§F§F§3§9§0§0§lg§x§F§F§4§D§0§0§lu§x§F§F§6§0§0§0§ln §x§F§F§8§6§0§0§lF§x§F§F§7§3§0§0§lr§x§F§F§6§0§0§0§la§x§F§F§4§D§0§0§lg§x§F§F§3§9§0§0§lm§x§F§F§2§6§0§0§le§x§F§F§1§3§0§0§ln§x§F§F§0§0§0§0§lt in auction for 1000001.
[07:49:20] > Zypher_0w0 added x1 /pwarp go TotemTrade (3k per totem) in auction for 100000000.
[08:18:03] > InternetCafeUser added x1 §fShogun Sword in auction for 20000.
[08:24:14] > .DeivePlayz remove x1 §eᴄʀᴇᴇᴘᴇʀ sᴘᴀᴡɴᴇʀ from storage
[08:24:16] > .DeivePlayz remove x1 §esʜᴇᴇᴘ sᴘᴀᴡɴᴇʀ from storage
[08:43:10] > Abbadex remove x1 §x§F§F§0§0§0§0§lS§x§F§F§1§3§0§0§lh§x§F§F§2§6§0§0§lo§x§F§F§3§9§0§0§lg§x§F§F§4§D§0§0§lu§x§F§F§6§0§0§0§ln §x§F§F§8§6§0§0§lF§x§F§F§7§3§0§0§lr§x§F§F§6§0§0§0§la§x§F§F§4§D§0§0§lg§x§F§F§3§9§0§0§lm§x§F§F§2§6§0§0§le§x§F§F§1§3§0§0§ln§x§F§F§0§0§0§0§lt from storage
[08:43:27] > Abbadex remove x1 §x§F§F§0§0§0§0§lS§x§F§F§1§3§0§0§lh§x§F§F§2§6§0§0§lo§x§F§F§3§9§0§0§lg§x§F§F§4§D§0§0§lu§x§F§F§6§0§0§0§ln §x§F§F§8§6§0§0§lF§x§F§F§7§3§0§0§lr§x§F§F§6§0§0§0§la§x§F§F§4§D§0§0§lg§x§F§F§3§9§0§0§lm§x§F§F§2§6§0§0§le§x§F§F§1§3§0§0§ln§x§F§F§0§0§0§0§lt from expire
[08:43:58] > Abbadex added x1 §x§F§F§0§0§0§0§lS§x§F§F§1§3§0§0§lh§x§F§F§2§6§0§0§lo§x§F§F§3§9§0§0§lg§x§F§F§4§D§0§0§lu§x§F§F§6§0§0§0§ln §x§F§F§8§6§0§0§lF§x§F§F§7§3§0§0§lr§x§F§F§6§0§0§0§la§x§F§F§4§D§0§0§lg§x§F§F§3§9§0§0§lm§x§F§F§2§6§0§0§le§x§F§F§1§3§0§0§ln§x§F§F§0§0§0§0§lt in auction for 100000.
[08:52:44] > RioSenpai added x1 §x§F§F§3§E§0§0§lSellwand Voucher in auction for 150000.
[08:52:53] > HPMR_GaMerz buy x1 §x§F§F§3§E§0§0§lSellwand Voucher to RioSenpai for $150 000.
[08:53:07] > x1 Ominous bottle, bought by Kyslee, has just expired, the item is definitively deleted.
[08:53:07] > x1 Ominous bottle, bought by Kyslee, has just expired, the item is definitively deleted.
[08:53:09] > HPMR_GaMerz remove x1 §x§F§F§3§E§0§0§lSellwand Voucher from buy
[09:09:36] > x1 Gunpowders on sale by Kyslee has just expired, it goes in the inventory of expired items.
[09:10:31] > .DeivePlayz added x1 §6§lSturgeon in auction for 100000.
[09:11:02] > .DeivePlayz added x1 §6§lSquid in auction for 100000.
[09:11:55] > .DeivePlayz remove x1 §6§lSturgeon from storage
[09:11:57] > .DeivePlayz remove x1 §6§lSquid from storage
[09:17:01] > Teshii buy x1 §x§E§3§A§F§4§F§lʟᴇɢᴇɴᴅᴀʀʏ ɪᴛᴇᴍ to Abbadex for $30 000.
[09:27:48] > KnownasTravis added x1 Netherite pickaxe in auction for 100000.
[09:33:02] > celinesanrio added x1 Music disc lava chicken in auction for 500000.
[09:33:08] > celinesanrio added x1 Diamond chestplate in auction for 15000.
[09:34:30] > celinesanrio added x1 Cooked chicken in auction for 10.
[09:34:36] > grit_zy buy x1 Cooked chicken to celinesanrio for $10.
[09:35:30] > KnownasTravis added x1 Netherite upgrade smithing template in auction for 100000.
[09:35:50] > KnownasTravis remove x1 Netherite upgrade smithing template from storage
[09:35:55] > KnownasTravis added x1 Netherite upgrade smithing template in auction for 10000.
[09:36:47] > HPMR_GaMerz added x1 §x§F§F§0§0§0§0§lS§x§F§F§1§3§0§0§lh§x§F§F§2§6§0§0§lo§x§F§F§3§9§0§0§lg§x§F§F§4§D§0§0§lu§x§F§F§6§0§0§0§ln §x§F§F§8§6§0§0§lF§x§F§F§7§3§0§0§lr§x§F§F§6§0§0§0§la§x§F§F§4§D§0§0§lg§x§F§F§3§9§0§0§lm§x§F§F§2§6§0§0§le§x§F§F§1§3§0§0§ln§x§F§F§0§0§0§0§lt in auction for 100000.
[09:37:08] > _mae buy x1 Netherite upgrade smithing template to KnownasTravis for $10 000.
[09:37:09] > InternetCafeUser added x1 Nether star in auction for 100000.
[09:37:24] > KnownasTravis added x3 Nether star in auction for 250000.
[09:38:11] > InternetCafeUser added x1 Goat horn in auction for 10000.
[09:38:18] > mauserdart buy x1 Goat horn to InternetCafeUser for $10 000.
[09:39:24] > celinesanrio added x1 Baked potato in auction for 10.
[09:39:39] > InternetCafeUser buy x1 Baked potato to celinesanrio for $10.
[09:41:16] > InternetCafeUser added x1 §fDragonite Wings in auction for 300000.
[09:41:21] > HPMR_GaMerz buy x1 §fDragonite Wings to InternetCafeUser for $300 000.
[09:42:05] > InternetCafeUser added x1 §fCharizard Wings in auction for 300000.
[09:42:20] > HPMR_GaMerz remove x1 Enchanted book from storage
[09:42:24] > HPMR_GaMerz added x1 §fDragonite Wings in auction for 300000.
[09:42:39] > InternetCafeUser added x1 §fCharizard Hat in auction for 100000.
[09:43:16] > InternetCafeUser added x1 §fCharizard Hat in auction for 100000.
[09:49:45] > InternetCafeUser added x1 §x§F§F§0§0§0§0§lS§x§F§F§1§3§0§0§lh§x§F§F§2§6§0§0§lo§x§F§F§3§9§0§0§lg§x§F§F§4§D§0§0§lu§x§F§F§6§0§0§0§ln §x§F§F§8§6§0§0§lF§x§F§F§7§3§0§0§lr§x§F§F§6§0§0§0§la§x§F§F§4§D§0§0§lg§x§F§F§3§9§0§0§lm§x§F§F§2§6§0§0§le§x§F§F§1§3§0§0§ln§x§F§F§0§0§0§0§lt in auction for 100000.
[09:50:39] > HPMR_GaMerz remove x1 §x§F§F§0§0§0§0§lS§x§F§F§1§3§0§0§lh§x§F§F§2§6§0§0§lo§x§F§F§3§9§0§0§lg§x§F§F§4§D§0§0§lu§x§F§F§6§0§0§0§ln §x§F§F§8§6§0§0§lF§x§F§F§7§3§0§0§lr§x§F§F§6§0§0§0§la§x§F§F§4§D§0§0§lg§x§F§F§3§9§0§0§lm§x§F§F§2§6§0§0§le§x§F§F§1§3§0§0§ln§x§F§F§0§0§0§0§lt from storage
[09:50:47] > HPMR_GaMerz added x1 §x§F§F§0§0§0§0§lS§x§F§F§1§3§0§0§lh§x§F§F§2§6§0§0§lo§x§F§F§3§9§0§0§lg§x§F§F§4§D§0§0§lu§x§F§F§6§0§0§0§ln §x§F§F§8§6§0§0§lF§x§F§F§7§3§0§0§lr§x§F§F§6§0§0§0§la§x§F§F§4§D§0§0§lg§x§F§F§3§9§0§0§lm§x§F§F§2§6§0§0§le§x§F§F§1§3§0§0§ln§x§F§F§0§0§0§0§lt in auction for 175000.
[09:53:19] > grit_zy buy x1 §fCharizard Hat to InternetCafeUser for $100 000.
[09:53:27] > Teshii added x2 Nether star in auction for 1000000.
[09:54:39] > HPMR_GaMerz remove x1 §x§F§F§0§0§0§0§lS§x§F§F§1§3§0§0§lh§x§F§F§2§6§0§0§lo§x§F§F§3§9§0§0§lg§x§F§F§4§D§0§0§lu§x§F§F§6§0§0§0§ln §x§F§F§8§6§0§0§lF§x§F§F§7§3§0§0§lr§x§F§F§6§0§0§0§la§x§F§F§4§D§0§0§lg§x§F§F§3§9§0§0§lm§x§F§F§2§6§0§0§le§x§F§F§1§3§0§0§ln§x§F§F§0§0§0§0§lt from storage
[09:54:47] > HPMR_GaMerz remove x1 §x§F§F§0§0§0§0§lS§x§F§F§1§3§0§0§lh§x§F§F§2§6§0§0§lo§x§F§F§3§9§0§0§lg§x§F§F§4§D§0§0§lu§x§F§F§6§0§0§0§ln §x§F§F§8§6§0§0§lF§x§F§F§7§3§0§0§lr§x§F§F§6§0§0§0§la§x§F§F§4§D§0§0§lg§x§F§F§3§9§0§0§lm§x§F§F§2§6§0§0§le§x§F§F§1§3§0§0§ln§x§F§F§0§0§0§0§lt from expire
[09:54:48] > HPMR_GaMerz remove x1 §x§F§F§0§0§0§0§lS§x§F§F§1§3§0§0§lh§x§F§F§2§6§0§0§lo§x§F§F§3§9§0§0§lg§x§F§F§4§D§0§0§lu§x§F§F§6§0§0§0§ln §x§F§F§8§6§0§0§lF§x§F§F§7§3§0§0§lr§x§F§F§6§0§0§0§la§x§F§F§4§D§0§0§lg§x§F§F§3§9§0§0§lm§x§F§F§2§6§0§0§le§x§F§F§1§3§0§0§ln§x§F§F§0§0§0§0§lt from expire
[09:54:56] > HPMR_GaMerz added x2 §x§F§F§0§0§0§0§lS§x§F§F§1§3§0§0§lh§x§F§F§2§6§0§0§lo§x§F§F§3§9§0§0§lg§x§F§F§4§D§0§0§lu§x§F§F§6§0§0§0§ln §x§F§F§8§6§0§0§lF§x§F§F§7§3§0§0§lr§x§F§F§6§0§0§0§la§x§F§F§4§D§0§0§lg§x§F§F§3§9§0§0§lm§x§F§F§2§6§0§0§le§x§F§F§1§3§0§0§ln§x§F§F§0§0§0§0§lt in auction for 175000.
[09:55:26] > KnownasTravis added x1 §x§F§F§0§0§0§0§lS§x§F§F§1§3§0§0§lh§x§F§F§2§6§0§0§lo§x§F§F§3§9§0§0§lg§x§F§F§4§D§0§0§lu§x§F§F§6§0§0§0§ln §x§F§F§8§6§0§0§lF§x§F§F§7§3§0§0§lr§x§F§F§6§0§0§0§la§x§F§F§4§D§0§0§lg§x§F§F§3§9§0§0§lm§x§F§F§2§6§0§0§le§x§F§F§1§3§0§0§ln§x§F§F§0§0§0§0§lt in auction for 80000.
[10:01:06] > Teshii remove x2 Nether star from storage
[10:03:01] > Teshii remove x2 Nether star from expire
[10:19:55] > celinesanrio added x7 §x§F§C§9§0§5§C§lE§x§E§6§9§C§6§B§lp§x§C§F§A§7§7§A§li§x§B§9§B§3§8§9§lc §x§8§C§C§B§A§7§lC§x§7§5§D§6§B§6§lr§x§5§F§E§2§C§5§la§x§7§9§D§4§B§4§lt§x§9§3§C§7§A§2§le §x§C§8§A§B§7§F§lK§x§E§2§9§E§6§E§le§x§F§C§9§0§5§C§ly in auction for 7000.
[10:42:51] > InternetCafeUser added x1 §x§F§F§3§E§0§0§lD§x§F§F§3§7§0§0§le§x§F§F§3§0§0§0§lm§x§F§F§2§9§0§0§lo§x§F§F§2§2§0§0§ln §x§F§F§1§5§0§0§lL§x§F§F§0§E§0§0§lo§x§F§F§0§7§0§0§lr§x§F§F§0§0§0§0§ld §x§F§F§0§E§0§0§lF§x§F§F§1§5§0§0§lr§x§F§F§1§C§0§0§la§x§F§F§2§2§0§0§lg§x§F§F§2§9§0§0§lm§x§F§F§3§0§0§0§le§x§F§F§3§7§0§0§ln§x§F§F§3§E§0§0§lt in auction for 200000.
[11:06:33] > grit_zy buy x1 §fDragonite Wings to HPMR_GaMerz for $300 000.
[11:07:11] > grit_zy buy x1 §fCharizard Wings to InternetCafeUser for $300 000.
[11:11:06] > InternetCafeUser added x1 §fNaganadel Hat in auction for 200000.
[11:11:34] > Zypher_0w0 buy x1 §fCharizard Hat to InternetCafeUser for $100 000.
[12:02:32] > Bieyy added x1 §x§F§F§5§5§0§0§lsᴇʟʟᴡᴀɴᴅ §6- 5.0x in auction for 100000.
[12:46:03] > Sanchay remove x1 §esᴘɪᴅᴇʀ sᴘᴀᴡɴᴇʀ form storage
[12:46:03] > Sanchay remove x1 §x§F§F§3§E§0§0§lD§x§F§F§3§6§0§0§le§x§F§F§2§F§0§0§lm§x§F§F§2§7§0§0§lo§x§F§F§1§F§0§0§ln §x§F§F§1§0§0§0§lL§x§F§F§0§8§0§0§lo§x§F§F§0§0§0§0§lr§x§F§F§0§8§0§0§ld §x§F§F§1§7§0§0§lS§x§F§F§1§F§0§0§lh§x§F§F§2§7§0§0§lo§x§F§F§2§F§0§0§lv§x§F§F§3§6§0§0§le§x§F§F§3§E§0§0§ll form storage
[13:23:52] > grit_zy buy x1 §x§F§F§5§5§0§0§lsᴇʟʟᴡᴀɴᴅ §6- 5.0x to Bieyy for $100 000.
[13:24:39] > Drpeckles added x1 §x§E§4§3§A§9§6§lW§x§E§7§5§3§A§3§lI§x§E§B§6§B§B§0§lN§x§E§E§8§4§B§D§lG§x§F§2§9§D§C§B§lS §x§F§8§C§E§E§5§lO§x§F§C§E§6§F§2§lF §x§F§C§E§6§F§2§lE§x§F§8§C§E§E§5§lT§x§F§5§B§5§D§8§lE§x§F§2§9§D§C§B§lR§x§E§E§8§4§B§D§lN§x§E§B§6§B§B§0§lI§x§E§7§5§3§A§3§lT§x§E§4§3§A§9§6§lY in auction for 300000.
[13:24:48] > grit_zy buy x1 §x§E§4§3§A§9§6§lW§x§E§7§5§3§A§3§lI§x§E§B§6§B§B§0§lN§x§E§E§8§4§B§D§lG§x§F§2§9§D§C§B§lS §x§F§8§C§E§E§5§lO§x§F§C§E§6§F§2§lF §x§F§C§E§6§F§2§lE§x§F§8§C§E§E§5§lT§x§F§5§B§5§D§8§lE§x§F§2§9§D§C§B§lR§x§E§E§8§4§B§D§lN§x§E§B§6§B§B§0§lI§x§E§7§5§3§A§3§lT§x§E§4§3§A§9§6§lY to Drpeckles for $300 000.
[13:26:56] > Zypher_0w0 remove x1 Gun Powder! form storage
[13:26:56] > Zypher_0w0 remove x1 Okay MORE GUN POWDER form storage
[13:26:56] > Zypher_0w0 remove x1 /pwarp go TotemTrade (3k per totem) form storage
[13:26:56] > Zypher_0w0 remove x1 More Gun Powder! form storage
[13:26:56] > Zypher_0w0 remove x1 MOORREEE form storage
[13:26:56] > Zypher_0w0 remove x1 More Gun POWDER! form storage
[13:26:56] > Zypher_0w0 remove x1 need more gun powder by chance? form storage
[13:26:56] > Zypher_0w0 remove x1 I SAID MORE GUN POWDER form storage
[13:26:56] > Zypher_0w0 remove x1 Yes I said gun powder form storage
[13:26:56] > Zypher_0w0 remove x1 Did someone say gun powder? form storage
[13:27:10] > Zypher_0w0 added x1 Gun Powder! in auction for 150000.
[13:27:17] > Zypher_0w0 added x1 More Gun Powder! in auction for 150000.
[13:27:25] > Zypher_0w0 added x1 More Gun POWDER! in auction for 150000.
[13:27:32] > Zypher_0w0 added x1 I SAID MORE GUN POWDER in auction for 150000.
[13:27:37] > grit_zy buy x1 §fNaganadel Hat to InternetCafeUser for $200 000.
[13:27:39] > Zypher_0w0 added x1 Did someone say gun powder? in auction for 150000.
[13:27:57] > Zypher_0w0 added x1 Yes I said gun powder in auction for 150000.
[14:15:03] > leafsmh buy x1 §fFarmer Hat to celinesanrio for $15 000.
[14:15:24] > leafsmh buy x1 §fGhost Hat to celinesanrio for $30 000.
[14:36:51] > Zypher_0w0 added x64 Glowstone in auction for 640.
[14:37:31] > Zypher_0w0 added x64 Glowstone in auction for 640.
[14:37:31] > grit_zy buy x1 §fGreen Hat to celinesanrio for $15 000.
[14:37:36] > Zypher_0w0 added x64 Glowstone in auction for 640.
[14:37:36] > grit_zy buy x1 §fSteampunk Hat to celinesanrio for $15 000.
[14:41:51] > Kwienn added x1 §x§5§9§A§1§D§9§lA§x§6§B§A§B§D§Dr§x§7§E§B§6§E§1c§x§9§0§C§0§E§6h§x§A§3§C§B§E§Aa§x§B§5§D§5§E§En§x§C§8§E§0§F§2g§x§D§A§E§A§F§7e§x§E§D§F§5§F§Bl §x§E§A§F§3§F§AL§x§D§6§E§8§F§6e§x§C§1§D§C§F§1g§x§A§C§D§0§E§Cg§x§9§7§C§4§E§7i§x§8§3§B§9§E§3n§x§6§E§A§D§D§Eg§x§5§9§A§1§D§9s in auction for 200000.
[14:42:35] > grit_zy buy x1 §x§5§9§A§1§D§9§lA§x§6§B§A§B§D§Dr§x§7§E§B§6§E§1c§x§9§0§C§0§E§6h§x§A§3§C§B§E§Aa§x§B§5§D§5§E§En§x§C§8§E§0§F§2g§x§D§A§E§A§F§7e§x§E§D§F§5§F§Bl §x§E§A§F§3§F§AL§x§D§6§E§8§F§6e§x§C§1§D§C§F§1g§x§A§C§D§0§E§Cg§x§9§7§C§4§E§7i§x§8§3§B§9§E§3n§x§6§E§A§D§D§Eg§x§5§9§A§1§D§9s to Kwienn for $200 000.
[14:44:13] > Kwienn added x1 §x§F§F§3§E§0§0§lD§x§F§F§3§6§0§0§le§x§F§F§2§F§0§0§lm§x§F§F§2§7§0§0§lo§x§F§F§1§F§0§0§ln §x§F§F§1§0§0§0§lL§x§F§F§0§8§0§0§lo§x§F§F§0§0§0§0§lr§x§F§F§0§8§0§0§ld §x§F§F§1§7§0§0§lS§x§F§F§1§F§0§0§lh§x§F§F§2§7§0§0§lo§x§F§F§2§F§0§0§lv§x§F§F§3§6§0§0§le§x§F§F§3§E§0§0§ll in auction for 100000.
[14:59:24] > KnownasTravis remove x1 /pwarp go ENDVAULT for xp farm and pearls from storage
[15:05:52] > InternetCafeUser added x1  /pwarp FishShop in auction for 2000000.
[15:17:46] > Rain_Reinn buy x1 Enchanted book to HPMR_GaMerz for $700 000.
[15:29:14] > celinesanrio added x11 §x§F§C§9§0§5§C§lE§x§E§6§9§C§6§B§lp§x§C§F§A§7§7§A§li§x§B§9§B§3§8§9§lc §x§8§C§C§B§A§7§lC§x§7§5§D§6§B§6§lr§x§5§F§E§2§C§5§la§x§7§9§D§4§B§4§lt§x§9§3§C§7§A§2§le §x§C§8§A§B§7§F§lK§x§E§2§9§E§6§E§le§x§F§C§9§0§5§C§ly in auction for 11000.
[15:29:32] > celinesanrio added x1 §x§F§C§D§0§5§C§lB§x§E§6§D§3§6§B§la§x§C§F§D§5§7§A§ls§x§B§9§D§8§8§9§li§x§A§2§D§A§9§8§lc §x§7§5§D§F§B§6§lC§x§5§F§E§2§C§5§lr§x§7§5§D§F§B§6§la§x§8§C§D§D§A§7§lt§x§A§2§D§A§9§8§le §x§C§F§D§5§7§A§lK§x§E§6§D§3§6§B§le§x§F§C§D§0§5§C§ly in auction for 1000.
[15:30:44] > celinesanrio added x1 §fPirate Hat in auction for 15000.
[15:30:48] > grit_zy buy x1 §fPirate Hat to celinesanrio for $15 000.
[15:30:50] > celinesanrio added x1 §x§F§F§3§E§0§0§lD§x§F§F§3§7§0§0§le§x§F§F§3§0§0§0§lm§x§F§F§2§9§0§0§lo§x§F§F§2§2§0§0§ln §x§F§F§1§5§0§0§lL§x§F§F§0§E§0§0§lo§x§F§F§0§7§0§0§lr§x§F§F§0§0§0§0§ld §x§F§F§0§E§0§0§lF§x§F§F§1§5§0§0§lr§x§F§F§1§C§0§0§la§x§F§F§2§2§0§0§lg§x§F§F§2§9§0§0§lm§x§F§F§3§0§0§0§le§x§F§F§3§7§0§0§ln§x§F§F§3§E§0§0§lt in auction for 150000.
[15:30:58] > celinesanrio added x1 §x§F§F§0§0§0§0§lS§x§F§F§1§3§0§0§lh§x§F§F§2§6§0§0§lo§x§F§F§3§9§0§0§lg§x§F§F§4§D§0§0§lu§x§F§F§6§0§0§0§ln §x§F§F§8§6§0§0§lF§x§F§F§7§3§0§0§lr§x§F§F§6§0§0§0§la§x§F§F§4§D§0§0§lg§x§F§F§3§9§0§0§lm§x§F§F§2§6§0§0§le§x§F§F§1§3§0§0§ln§x§F§F§0§0§0§0§lt in auction for 50000.
[15:31:03] > celinesanrio added x1 §x§F§F§0§0§0§0§lS§x§F§F§1§3§0§0§lh§x§F§F§2§6§0§0§lo§x§F§F§3§9§0§0§lg§x§F§F§4§D§0§0§lu§x§F§F§6§0§0§0§ln §x§F§F§8§6§0§0§lF§x§F§F§7§3§0§0§lr§x§F§F§6§0§0§0§la§x§F§F§4§D§0§0§lg§x§F§F§3§9§0§0§lm§x§F§F§2§6§0§0§le§x§F§F§1§3§0§0§ln§x§F§F§0§0§0§0§lt in auction for 50000.
[15:31:16] > celinesanrio remove x7 §x§F§C§9§0§5§C§lE§x§E§6§9§C§6§B§lp§x§C§F§A§7§7§A§li§x§B§9§B§3§8§9§lc §x§8§C§C§B§A§7§lC§x§7§5§D§6§B§6§lr§x§5§F§E§2§C§5§la§x§7§9§D§4§B§4§lt§x§9§3§C§7§A§2§le §x§C§8§A§B§7§F§lK§x§E§2§9§E§6§E§le§x§F§C§9§0§5§C§ly from storage
[15:31:16] > celinesanrio remove x11 §x§F§C§9§0§5§C§lE§x§E§6§9§C§6§B§lp§x§C§F§A§7§7§A§li§x§B§9§B§3§8§9§lc §x§8§C§C§B§A§7§lC§x§7§5§D§6§B§6§lr§x§5§F§E§2§C§5§la§x§7§9§D§4§B§4§lt§x§9§3§C§7§A§2§le §x§C§8§A§B§7§F§lK§x§E§2§9§E§6§E§le§x§F§C§9§0§5§C§ly from storage
[15:31:17] > celinesanrio remove x1 §x§F§C§D§0§5§C§lB§x§E§6§D§3§6§B§la§x§C§F§D§5§7§A§ls§x§B§9§D§8§8§9§li§x§A§2§D§A§9§8§lc §x§7§5§D§F§B§6§lC§x§5§F§E§2§C§5§lr§x§7§5§D§F§B§6§la§x§8§C§D§D§A§7§lt§x§A§2§D§A§9§8§le §x§C§F§D§5§7§A§lK§x§E§6§D§3§6§B§le§x§F§C§D§0§5§C§ly from storage
[15:31:19] > celinesanrio added x1 §x§F§F§0§0§0§0§lS§x§F§F§1§3§0§0§lh§x§F§F§2§6§0§0§lo§x§F§F§3§9§0§0§lg§x§F§F§4§D§0§0§lu§x§F§F§6§0§0§0§ln §x§F§F§8§6§0§0§lF§x§F§F§7§3§0§0§lr§x§F§F§6§0§0§0§la§x§F§F§4§D§0§0§lg§x§F§F§3§9§0§0§lm§x§F§F§2§6§0§0§le§x§F§F§1§3§0§0§ln§x§F§F§0§0§0§0§lt in auction for 50000.
[15:31:26] > celinesanrio added x18 §x§F§C§9§0§5§C§lE§x§E§6§9§C§6§B§lp§x§C§F§A§7§7§A§li§x§B§9§B§3§8§9§lc §x§8§C§C§B§A§7§lC§x§7§5§D§6§B§6§lr§x§5§F§E§2§C§5§la§x§7§9§D§4§B§4§lt§x§9§3§C§7§A§2§le §x§C§8§A§B§7§F§lK§x§E§2§9§E§6§E§le§x§F§C§9§0§5§C§ly in auction for 18000.
[15:31:31] > celinesanrio added x1 §x§F§C§D§0§5§C§lB§x§E§6§D§3§6§B§la§x§C§F§D§5§7§A§ls§x§B§9§D§8§8§9§li§x§A§2§D§A§9§8§lc §x§7§5§D§F§B§6§lC§x§5§F§E§2§C§5§lr§x§7§5§D§F§B§6§la§x§8§C§D§D§A§7§lt§x§A§2§D§A§9§8§le §x§C§F§D§5§7§A§lK§x§E§6§D§3§6§B§le§x§F§C§D§0§5§C§ly in auction for 1000.
[15:31:39] > Cynishere buy x1 §x§F§F§3§E§0§0§lD§x§F§F§3§7§0§0§le§x§F§F§3§0§0§0§lm§x§F§F§2§9§0§0§lo§x§F§F§2§2§0§0§ln §x§F§F§1§5§0§0§lL§x§F§F§0§E§0§0§lo§x§F§F§0§7§0§0§lr§x§F§F§0§0§0§0§ld §x§F§F§0§E§0§0§lF§x§F§F§1§5§0§0§lr§x§F§F§1§C§0§0§la§x§F§F§2§2§0§0§lg§x§F§F§2§9§0§0§lm§x§F§F§3§0§0§0§le§x§F§F§3§7§0§0§ln§x§F§F§3§E§0§0§lt to celinesanrio for $150 000.
[15:31:44] > Cynishere buy x1 §x§F§F§3§E§0§0§lD§x§F§F§3§7§0§0§le§x§F§F§3§0§0§0§lm§x§F§F§2§9§0§0§lo§x§F§F§2§2§0§0§ln §x§F§F§1§5§0§0§lL§x§F§F§0§E§0§0§lo§x§F§F§0§7§0§0§lr§x§F§F§0§0§0§0§ld §x§F§F§0§E§0§0§lF§x§F§F§1§5§0§0§lr§x§F§F§1§C§0§0§la§x§F§F§2§2§0§0§lg§x§F§F§2§9§0§0§lm§x§F§F§3§0§0§0§le§x§F§F§3§7§0§0§ln§x§F§F§3§E§0§0§lt to InternetCafeUser for $200 000.
[15:31:46] > Maciz added x1 §x§F§F§0§0§0§0§lS§x§F§F§1§3§0§0§lh§x§F§F§2§6§0§0§lo§x§F§F§3§9§0§0§lg§x§F§F§4§D§0§0§lu§x§F§F§6§0§0§0§ln §x§F§F§8§6§0§0§lF§x§F§F§7§3§0§0§lr§x§F§F§6§0§0§0§la§x§F§F§4§D§0§0§lg§x§F§F§3§9§0§0§lm§x§F§F§2§6§0§0§le§x§F§F§1§3§0§0§ln§x§F§F§0§0§0§0§lt in auction for 50000.
[15:32:00] > MilkeBread added x1 §fShogun Head in auction for 150000.
[15:32:36] > Cynishere remove x4 §eᴡᴀʀᴅᴇɴ ꜱᴘᴀᴡɴᴇʀ from storage
[15:32:42] > x1 Creaking heart, item of ItsPolaris, has just expired, the item is definitively deleted.
[15:32:43] > Cynishere remove x4 §eᴡᴀʀᴅᴇɴ ꜱᴘᴀᴡɴᴇʀ from expire
[15:32:51] > Cynishere added x4 §eᴡᴀʀᴅᴇɴ ꜱᴘᴀᴡɴᴇʀ in auction for 2500000.
[15:35:21] > Zypher_0w0 added x1 §x§E§4§3§A§9§6§lW§x§E§7§5§3§A§3§lI§x§E§B§6§B§B§0§lN§x§E§E§8§4§B§D§lG§x§F§2§9§D§C§B§lS §x§F§8§C§E§E§5§lO§x§F§C§E§6§F§2§lF §x§F§C§E§6§F§2§lE§x§F§8§C§E§E§5§lT§x§F§5§B§5§D§8§lE§x§F§2§9§D§C§B§lR§x§E§E§8§4§B§D§lN§x§E§B§6§B§B§0§lI§x§E§7§5§3§A§3§lT§x§E§4§3§A§9§6§lY in auction for 200000.
[15:35:27] > grit_zy buy x1 §x§E§4§3§A§9§6§lW§x§E§7§5§3§A§3§lI§x§E§B§6§B§B§0§lN§x§E§E§8§4§B§D§lG§x§F§2§9§D§C§B§lS §x§F§8§C§E§E§5§lO§x§F§C§E§6§F§2§lF §x§F§C§E§6§F§2§lE§x§F§8§C§E§E§5§lT§x§F§5§B§5§D§8§lE§x§F§2§9§D§C§B§lR§x§E§E§8§4§B§D§lN§x§E§B§6§B§B§0§lI§x§E§7§5§3§A§3§lT§x§E§4§3§A§9§6§lY to Zypher_0w0 for $200 000.
[15:35:29] > Sanchay added x1 §x§6§0§0§0§F§F§lɢᴏᴅʟʏ ɪᴛᴇᴍ in auction for 200000.
[15:47:20] > Cynishere added x1 GO /PWARP GO VampiraShop for CHEAP! (not done) in auction for 100000000.
[15:47:30] > celinesanrio added x1 §x§F§F§3§E§0§0§lD§x§F§F§3§7§0§0§le§x§F§F§3§0§0§0§lm§x§F§F§2§9§0§0§lo§x§F§F§2§2§0§0§ln §x§F§F§1§5§0§0§lL§x§F§F§0§E§0§0§lo§x§F§F§0§7§0§0§lr§x§F§F§0§0§0§0§ld §x§F§F§0§E§0§0§lF§x§F§F§1§5§0§0§lr§x§F§F§1§C§0§0§la§x§F§F§2§2§0§0§lg§x§F§F§2§9§0§0§lm§x§F§F§3§0§0§0§le§x§F§F§3§7§0§0§ln§x§F§F§3§E§0§0§lt in auction for 250000.
[15:54:55] > celinesanrio remove x18 §x§F§C§9§0§5§C§lE§x§E§6§9§C§6§B§lp§x§C§F§A§7§7§A§li§x§B§9§B§3§8§9§lc §x§8§C§C§B§A§7§lC§x§7§5§D§6§B§6§lr§x§5§F§E§2§C§5§la§x§7§9§D§4§B§4§lt§x§9§3§C§7§A§2§le §x§C§8§A§B§7§F§lK§x§E§2§9§E§6§E§le§x§F§C§9§0§5§C§ly from storage
[15:54:56] > celinesanrio remove x1 §x§F§C§D§0§5§C§lB§x§E§6§D§3§6§B§la§x§C§F§D§5§7§A§ls§x§B§9§D§8§8§9§li§x§A§2§D§A§9§8§lc §x§7§5§D§F§B§6§lC§x§5§F§E§2§C§5§lr§x§7§5§D§F§B§6§la§x§8§C§D§D§A§7§lt§x§A§2§D§A§9§8§le §x§C§F§D§5§7§A§lK§x§E§6§D§3§6§B§le§x§F§C§D§0§5§C§ly from storage
[15:55:00] > celinesanrio added x1 §x§F§C§D§0§5§C§lB§x§E§6§D§3§6§B§la§x§C§F§D§5§7§A§ls§x§B§9§D§8§8§9§li§x§A§2§D§A§9§8§lc §x§7§5§D§F§B§6§lC§x§5§F§E§2§C§5§lr§x§7§5§D§F§B§6§la§x§8§C§D§D§A§7§lt§x§A§2§D§A§9§8§le §x§C§F§D§5§7§A§lK§x§E§6§D§3§6§B§le§x§F§C§D§0§5§C§ly in auction for 10.
[15:55:10] > Cynishere added x1 GO /PWARP GO VampiraShop for CHEAP! (not done) in auction for 10.
[15:55:11] > celinesanrio added x31 §x§F§C§9§0§5§C§lE§x§E§6§9§C§6§B§lp§x§C§F§A§7§7§A§li§x§B§9§B§3§8§9§lc §x§8§C§C§B§A§7§lC§x§7§5§D§6§B§6§lr§x§5§F§E§2§C§5§la§x§7§9§D§4§B§4§lt§x§9§3§C§7§A§2§le §x§C§8§A§B§7§F§lK§x§E§2§9§E§6§E§le§x§F§C§9§0§5§C§ly in auction for 30000.
[15:55:20] > Bieyy buy x1 §x§F§C§D§0§5§C§lB§x§E§6§D§3§6§B§la§x§C§F§D§5§7§A§ls§x§B§9§D§8§8§9§li§x§A§2§D§A§9§8§lc §x§7§5§D§F§B§6§lC§x§5§F§E§2§C§5§lr§x§7§5§D§F§B§6§la§x§8§C§D§D§A§7§lt§x§A§2§D§A§9§8§le §x§C§F§D§5§7§A§lK§x§E§6§D§3§6§B§le§x§F§C§D§0§5§C§ly to celinesanrio for $10.
[16:09:41] > celinesanrio added x1 §x§F§F§0§0§0§0§lS§x§F§F§1§3§0§0§lh§x§F§F§2§6§0§0§lo§x§F§F§3§9§0§0§lg§x§F§F§4§D§0§0§lu§x§F§F§6§0§0§0§ln §x§F§F§8§6§0§0§lF§x§F§F§7§3§0§0§lr§x§F§F§6§0§0§0§la§x§F§F§4§D§0§0§lg§x§F§F§3§9§0§0§lm§x§F§F§2§6§0§0§le§x§F§F§1§3§0§0§ln§x§F§F§0§0§0§0§lt in auction for 50000.
[16:21:21] > celinesanrio remove x31 §x§F§C§9§0§5§C§lE§x§E§6§9§C§6§B§lp§x§C§F§A§7§7§A§li§x§B§9§B§3§8§9§lc §x§8§C§C§B§A§7§lC§x§7§5§D§6§B§6§lr§x§5§F§E§2§C§5§la§x§7§9§D§4§B§4§lt§x§9§3§C§7§A§2§le §x§C§8§A§B§7§F§lK§x§E§2§9§E§6§E§le§x§F§C§9§0§5§C§ly from storage
[16:21:33] > celinesanrio added x32 §x§F§C§9§0§5§C§lE§x§E§6§9§C§6§B§lp§x§C§F§A§7§7§A§li§x§B§9§B§3§8§9§lc §x§8§C§C§B§A§7§lC§x§7§5§D§6§B§6§lr§x§5§F§E§2§C§5§la§x§7§9§D§4§B§4§lt§x§9§3§C§7§A§2§le §x§C§8§A§B§7§F§lK§x§E§2§9§E§6§E§le§x§F§C§9§0§5§C§ly in auction for 32000.
[16:34:19] > Ty0usuken added x1 §f§x§D§0§D§0§D§0J§x§C§9§C§9§C§9e§x§C§2§C§2§C§2t§x§B§B§B§B§B§B §x§B§3§B§3§B§3P§x§A§C§A§C§A§Ci§x§A§5§A§5§A§5l§x§9§E§9§E§9§Eo§x§9§7§9§7§9§7t§x§9§0§9§0§9§0 §x§8§9§8§9§8§9H§x§8§2§8§2§8§2e§x§7§A§7§A§7§Al§x§7§3§7§3§7§3m§x§6§C§6§C§6§Ce§x§6§5§6§5§6§5t in auction for 40000.
[16:34:24] > grit_zy buy x1 §f§x§D§0§D§0§D§0J§x§C§9§C§9§C§9e§x§C§2§C§2§C§2t§x§B§B§B§B§B§B §x§B§3§B§3§B§3P§x§A§C§A§C§A§Ci§x§A§5§A§5§A§5l§x§9§E§9§E§9§Eo§x§9§7§9§7§9§7t§x§9§0§9§0§9§0 §x§8§9§8§9§8§9H§x§8§2§8§2§8§2e§x§7§A§7§A§7§Al§x§7§3§7§3§7§3m§x§6§C§6§C§6§Ce§x§6§5§6§5§6§5t to Ty0usuken for $40 000.
[16:36:50] > celinesanrio remove x32 §x§F§C§9§0§5§C§lE§x§E§6§9§C§6§B§lp§x§C§F§A§7§7§A§li§x§B§9§B§3§8§9§lc §x§8§C§C§B§A§7§lC§x§7§5§D§6§B§6§lr§x§5§F§E§2§C§5§la§x§7§9§D§4§B§4§lt§x§9§3§C§7§A§2§le §x§C§8§A§B§7§F§lK§x§E§2§9§E§6§E§le§x§F§C§9§0§5§C§ly from storage
[16:36:55] > celinesanrio added x34 §x§F§C§9§0§5§C§lE§x§E§6§9§C§6§B§lp§x§C§F§A§7§7§A§li§x§B§9§B§3§8§9§lc §x§8§C§C§B§A§7§lC§x§7§5§D§6§B§6§lr§x§5§F§E§2§C§5§la§x§7§9§D§4§B§4§lt§x§9§3§C§7§A§2§le §x§C§8§A§B§7§F§lK§x§E§2§9§E§6§E§le§x§F§C§9§0§5§C§ly in auction for 17000.
[16:37:00] > celinesanrio remove x1 §x§5§9§A§1§D§9§lA§x§6§B§A§B§D§Dr§x§7§E§B§6§E§1c§x§9§0§C§0§E§6h§x§A§3§C§B§E§Aa§x§B§5§D§5§E§En§x§C§8§E§0§F§2g§x§D§A§E§A§F§7e§x§E§D§F§5§F§Bl §x§E§A§F§3§F§AB§x§D§6§E§8§F§6a§x§C§1§D§C§F§1c§x§A§C§D§0§E§Ck§x§9§7§C§4§E§7p§x§8§3§B§9§E§3a§x§6§E§A§D§D§Ec§x§5§9§A§1§D§9k from storage
[16:37:01] > celinesanrio remove x1 §x§5§9§A§1§D§9§lA§x§6§B§A§B§D§Dr§x§7§E§B§6§E§1c§x§9§0§C§0§E§6h§x§A§3§C§B§E§Aa§x§B§5§D§5§E§En§x§C§8§E§0§F§2g§x§D§A§E§A§F§7e§x§E§D§F§5§F§Bl §x§E§A§F§3§F§AC§x§D§6§E§8§F§6r§x§C§1§D§C§F§1o§x§A§C§D§0§E§Cs§x§9§7§C§4§E§7s§x§8§3§B§9§E§3b§x§6§E§A§D§D§Eo§x§5§9§A§1§D§9w from storage
[16:37:06] > celinesanrio added x1 §x§5§9§A§1§D§9§lA§x§6§B§A§B§D§Dr§x§7§E§B§6§E§1c§x§9§0§C§0§E§6h§x§A§3§C§B§E§Aa§x§B§5§D§5§E§En§x§C§8§E§0§F§2g§x§D§A§E§A§F§7e§x§E§D§F§5§F§Bl §x§E§A§F§3§F§AB§x§D§6§E§8§F§6a§x§C§1§D§C§F§1c§x§A§C§D§0§E§Ck§x§9§7§C§4§E§7p§x§8§3§B§9§E§3a§x§6§E§A§D§D§Ec§x§5§9§A§1§D§9k in auction for 750000.
[16:37:14] > celinesanrio added x1 §x§5§9§A§1§D§9§lA§x§6§B§A§B§D§Dr§x§7§E§B§6§E§1c§x§9§0§C§0§E§6h§x§A§3§C§B§E§Aa§x§B§5§D§5§E§En§x§C§8§E§0§F§2g§x§D§A§E§A§F§7e§x§E§D§F§5§F§Bl §x§E§A§F§3§F§AC§x§D§6§E§8§F§6r§x§C§1§D§C§F§1o§x§A§C§D§0§E§Cs§x§9§7§C§4§E§7s§x§8§3§B§9§E§3b§x§6§E§A§D§D§Eo§x§5§9§A§1§D§9w in auction for 250000.
[16:39:08] > celinesanrio remove x1 Music disc lava chicken from storage
[16:39:09] > celinesanrio remove x1 Diamond chestplate from storage
[16:39:13] > celinesanrio added x1 §7Cemetery Hat in auction for 10000.
[16:39:14] > Ty0usuken added x1 §9§lSquid Tentacle in auction for 100000.
[16:39:36] > celinesanrio remove x1 §x§F§F§0§0§0§0§lS§x§F§F§1§3§0§0§lh§x§F§F§2§6§0§0§lo§x§F§F§3§9§0§0§lg§x§F§F§4§D§0§0§lu§x§F§F§6§0§0§0§ln §x§F§F§8§6§0§0§lF§x§F§F§7§3§0§0§lr§x§F§F§6§0§0§0§la§x§F§F§4§D§0§0§lg§x§F§F§3§9§0§0§lm§x§F§F§2§6§0§0§le§x§F§F§1§3§0§0§ln§x§F§F§0§0§0§0§lt from storage
[16:39:36] > celinesanrio remove x1 §x§F§F§0§0§0§0§lS§x§F§F§1§3§0§0§lh§x§F§F§2§6§0§0§lo§x§F§F§3§9§0§0§lg§x§F§F§4§D§0§0§lu§x§F§F§6§0§0§0§ln §x§F§F§8§6§0§0§lF§x§F§F§7§3§0§0§lr§x§F§F§6§0§0§0§la§x§F§F§4§D§0§0§lg§x§F§F§3§9§0§0§lm§x§F§F§2§6§0§0§le§x§F§F§1§3§0§0§ln§x§F§F§0§0§0§0§lt from storage
[16:39:36] > celinesanrio remove x1 §x§F§F§0§0§0§0§lS§x§F§F§1§3§0§0§lh§x§F§F§2§6§0§0§lo§x§F§F§3§9§0§0§lg§x§F§F§4§D§0§0§lu§x§F§F§6§0§0§0§ln §x§F§F§8§6§0§0§lF§x§F§F§7§3§0§0§lr§x§F§F§6§0§0§0§la§x§F§F§4§D§0§0§lg§x§F§F§3§9§0§0§lm§x§F§F§2§6§0§0§le§x§F§F§1§3§0§0§ln§x§F§F§0§0§0§0§lt from storage
[16:39:37] > celinesanrio remove x1 §x§F§F§3§E§0§0§lD§x§F§F§3§7§0§0§le§x§F§F§3§0§0§0§lm§x§F§F§2§9§0§0§lo§x§F§F§2§2§0§0§ln §x§F§F§1§5§0§0§lL§x§F§F§0§E§0§0§lo§x§F§F§0§7§0§0§lr§x§F§F§0§0§0§0§ld §x§F§F§0§E§0§0§lF§x§F§F§1§5§0§0§lr§x§F§F§1§C§0§0§la§x§F§F§2§2§0§0§lg§x§F§F§2§9§0§0§lm§x§F§F§3§0§0§0§le§x§F§F§3§7§0§0§ln§x§F§F§3§E§0§0§lt from storage
[16:39:37] > celinesanrio remove x1 §x§F§F§0§0§0§0§lS§x§F§F§1§3§0§0§lh§x§F§F§2§6§0§0§lo§x§F§F§3§9§0§0§lg§x§F§F§4§D§0§0§lu§x§F§F§6§0§0§0§ln §x§F§F§8§6§0§0§lF§x§F§F§7§3§0§0§lr§x§F§F§6§0§0§0§la§x§F§F§4§D§0§0§lg§x§F§F§3§9§0§0§lm§x§F§F§2§6§0§0§le§x§F§F§1§3§0§0§ln§x§F§F§0§0§0§0§lt from storage
[16:39:37] > celinesanrio remove x34 §x§F§C§9§0§5§C§lE§x§E§6§9§C§6§B§lp§x§C§F§A§7§7§A§li§x§B§9§B§3§8§9§lc §x§8§C§C§B§A§7§lC§x§7§5§D§6§B§6§lr§x§5§F§E§2§C§5§la§x§7§9§D§4§B§4§lt§x§9§3§C§7§A§2§le §x§C§8§A§B§7§F§lK§x§E§2§9§E§6§E§le§x§F§C§9§0§5§C§ly from storage
[16:39:37] > celinesanrio remove x1 §x§5§9§A§1§D§9§lA§x§6§B§A§B§D§Dr§x§7§E§B§6§E§1c§x§9§0§C§0§E§6h§x§A§3§C§B§E§Aa§x§B§5§D§5§E§En§x§C§8§E§0§F§2g§x§D§A§E§A§F§7e§x§E§D§F§5§F§Bl §x§E§A§F§3§F§AB§x§D§6§E§8§F§6a§x§C§1§D§C§F§1c§x§A§C§D§0§E§Ck§x§9§7§C§4§E§7p§x§8§3§B§9§E§3a§x§6§E§A§D§D§Ec§x§5§9§A§1§D§9k from storage
[16:39:37] > celinesanrio remove x1 §x§5§9§A§1§D§9§lA§x§6§B§A§B§D§Dr§x§7§E§B§6§E§1c§x§9§0§C§0§E§6h§x§A§3§C§B§E§Aa§x§B§5§D§5§E§En§x§C§8§E§0§F§2g§x§D§A§E§A§F§7e§x§E§D§F§5§F§Bl §x§E§A§F§3§F§AC§x§D§6§E§8§F§6r§x§C§1§D§C§F§1o§x§A§C§D§0§E§Cs§x§9§7§C§4§E§7s§x§8§3§B§9§E§3b§x§6§E§A§D§D§Eo§x§5§9§A§1§D§9w from storage
[16:39:38] > celinesanrio remove x1 §7Cemetery Hat from storage
[16:39:45] > celinesanrio added x1 §x§5§9§A§1§D§9§lA§x§7§5§B§1§D§F§lr§x§9§0§C§0§E§6§lc§x§A§C§D§0§E§C§lh§x§C§8§E§0§F§2§la§x§E§3§E§F§F§9§ln§f§lg§x§E§3§E§F§F§9§le§x§C§8§E§0§F§2§ll §x§9§0§C§0§E§6§lK§x§7§5§B§1§D§F§le§x§5§9§A§1§D§9§ly in auction for 500000.
[16:39:54] > celinesanrio added x1 §x§5§9§A§1§D§9§lA§x§7§5§B§1§D§F§lr§x§9§0§C§0§E§6§lc§x§A§C§D§0§E§C§lh§x§C§8§E§0§F§2§la§x§E§3§E§F§F§9§ln§f§lg§x§E§3§E§F§F§9§le§x§C§8§E§0§F§2§ll §x§9§0§C§0§E§6§lK§x§7§5§B§1§D§F§le§x§5§9§A§1§D§9§ly in auction for 500000.
[16:40:02] > celinesanrio added x1 §x§5§9§A§1§D§9§lA§x§7§5§B§1§D§F§lr§x§9§0§C§0§E§6§lc§x§A§C§D§0§E§C§lh§x§C§8§E§0§F§2§la§x§E§3§E§F§F§9§ln§f§lg§x§E§3§E§F§F§9§le§x§C§8§E§0§F§2§ll §x§9§0§C§0§E§6§lK§x§7§5§B§1§D§F§le§x§5§9§A§1§D§9§ly in auction for 500000.
[16:40:13] > celinesanrio added x1 §x§5§9§A§1§D§9§lA§x§7§5§B§1§D§F§lr§x§9§0§C§0§E§6§lc§x§A§C§D§0§E§C§lh§x§C§8§E§0§F§2§la§x§E§3§E§F§F§9§ln§f§lg§x§E§3§E§F§F§9§le§x§C§8§E§0§F§2§ll §x§9§0§C§0§E§6§lK§x§7§5§B§1§D§F§le§x§5§9§A§1§D§9§ly in auction for 500000.
[16:40:19] > celinesanrio added x1 §x§5§9§A§1§D§9§lA§x§7§5§B§1§D§F§lr§x§9§0§C§0§E§6§lc§x§A§C§D§0§E§C§lh§x§C§8§E§0§F§2§la§x§E§3§E§F§F§9§ln§f§lg§x§E§3§E§F§F§9§le§x§C§8§E§0§F§2§ll §x§9§0§C§0§E§6§lK§x§7§5§B§1§D§F§le§x§5§9§A§1§D§9§ly in auction for 500000.
[16:40:26] > celinesanrio added x1 §x§5§9§A§1§D§9§lA§x§7§5§B§1§D§F§lr§x§9§0§C§0§E§6§lc§x§A§C§D§0§E§C§lh§x§C§8§E§0§F§2§la§x§E§3§E§F§F§9§ln§f§lg§x§E§3§E§F§F§9§le§x§C§8§E§0§F§2§ll §x§9§0§C§0§E§6§lK§x§7§5§B§1§D§F§le§x§5§9§A§1§D§9§ly in auction for 500000.
[16:40:38] > celinesanrio added x1 §x§5§9§A§1§D§9§lA§x§6§B§A§B§D§Dr§x§7§E§B§6§E§1c§x§9§0§C§0§E§6h§x§A§3§C§B§E§Aa§x§B§5§D§5§E§En§x§C§8§E§0§F§2g§x§D§A§E§A§F§7e§x§E§D§F§5§F§Bl §x§E§A§F§3§F§AB§x§D§6§E§8§F§6a§x§C§1§D§C§F§1c§x§A§C§D§0§E§Ck§x§9§7§C§4§E§7p§x§8§3§B§9§E§3a§x§6§E§A§D§D§Ec§x§5§9§A§1§D§9k in auction for 750000.
[16:40:45] > celinesanrio added x1 §x§5§9§A§1§D§9§lA§x§6§B§A§B§D§Dr§x§7§E§B§6§E§1c§x§9§0§C§0§E§6h§x§A§3§C§B§E§Aa§x§B§5§D§5§E§En§x§C§8§E§0§F§2g§x§D§A§E§A§F§7e§x§E§D§F§5§F§Bl §x§E§A§F§3§F§AC§x§D§6§E§8§F§6r§x§C§1§D§C§F§1o§x§A§C§D§0§E§Cs§x§9§7§C§4§E§7s§x§8§3§B§9§E§3b§x§6§E§A§D§D§Eo§x§5§9§A§1§D§9w in auction for 250000.
[16:40:52] > celinesanrio added x1 §7Cemetery Hat in auction for 10000.
[16:41:58] > celinesanrio added x1 §x§F§F§3§E§0§0§lD§x§F§F§3§7§0§0§le§x§F§F§3§0§0§0§lm§x§F§F§2§9§0§0§lo§x§F§F§2§2§0§0§ln §x§F§F§1§5§0§0§lL§x§F§F§0§E§0§0§lo§x§F§F§0§7§0§0§lr§x§F§F§0§0§0§0§ld §x§F§F§0§E§0§0§lF§x§F§F§1§5§0§0§lr§x§F§F§1§C§0§0§la§x§F§F§2§2§0§0§lg§x§F§F§2§9§0§0§lm§x§F§F§3§0§0§0§le§x§F§F§3§7§0§0§ln§x§F§F§3§E§0§0§lt in auction for 150000.
[16:42:07] > Abbadex buy x1 §x§F§F§3§E§0§0§lD§x§F§F§3§7§0§0§le§x§F§F§3§0§0§0§lm§x§F§F§2§9§0§0§lo§x§F§F§2§2§0§0§ln §x§F§F§1§5§0§0§lL§x§F§F§0§E§0§0§lo§x§F§F§0§7§0§0§lr§x§F§F§0§0§0§0§ld §x§F§F§0§E§0§0§lF§x§F§F§1§5§0§0§lr§x§F§F§1§C§0§0§la§x§F§F§2§2§0§0§lg§x§F§F§2§9§0§0§lm§x§F§F§3§0§0§0§le§x§F§F§3§7§0§0§ln§x§F§F§3§E§0§0§lt to celinesanrio for $150 000.
[16:42:10] > celinesanrio added x2 §x§F§F§0§0§0§0§lS§x§F§F§1§3§0§0§lh§x§F§F§2§6§0§0§lo§x§F§F§3§9§0§0§lg§x§F§F§4§D§0§0§lu§x§F§F§6§0§0§0§ln §x§F§F§8§6§0§0§lF§x§F§F§7§3§0§0§lr§x§F§F§6§0§0§0§la§x§F§F§4§D§0§0§lg§x§F§F§3§9§0§0§lm§x§F§F§2§6§0§0§le§x§F§F§1§3§0§0§ln§x§F§F§0§0§0§0§lt in auction for 100000.
[16:42:20] > HPMR_GaMerz added x1 §x§F§F§3§E§0§0§lD§x§F§F§3§7§0§0§le§x§F§F§3§0§0§0§lm§x§F§F§2§9§0§0§lo§x§F§F§2§2§0§0§ln §x§F§F§1§5§0§0§lL§x§F§F§0§E§0§0§lo§x§F§F§0§7§0§0§lr§x§F§F§0§0§0§0§ld §x§F§F§0§E§0§0§lF§x§F§F§1§5§0§0§lr§x§F§F§1§C§0§0§la§x§F§F§2§2§0§0§lg§x§F§F§2§9§0§0§lm§x§F§F§3§0§0§0§le§x§F§F§3§7§0§0§ln§x§F§F§3§E§0§0§lt in auction for 150000.
[16:42:25] > Abbadex buy x1 §x§F§F§3§E§0§0§lD§x§F§F§3§7§0§0§le§x§F§F§3§0§0§0§lm§x§F§F§2§9§0§0§lo§x§F§F§2§2§0§0§ln §x§F§F§1§5§0§0§lL§x§F§F§0§E§0§0§lo§x§F§F§0§7§0§0§lr§x§F§F§0§0§0§0§ld §x§F§F§0§E§0§0§lF§x§F§F§1§5§0§0§lr§x§F§F§1§C§0§0§la§x§F§F§2§2§0§0§lg§x§F§F§2§9§0§0§lm§x§F§F§3§0§0§0§le§x§F§F§3§7§0§0§ln§x§F§F§3§E§0§0§lt to HPMR_GaMerz for $150 000.
[16:42:29] > HPMR_GaMerz added x1 §x§F§F§3§E§0§0§lD§x§F§F§3§7§0§0§le§x§F§F§3§0§0§0§lm§x§F§F§2§9§0§0§lo§x§F§F§2§2§0§0§ln §x§F§F§1§5§0§0§lL§x§F§F§0§E§0§0§lo§x§F§F§0§7§0§0§lr§x§F§F§0§0§0§0§ld §x§F§F§0§E§0§0§lF§x§F§F§1§5§0§0§lr§x§F§F§1§C§0§0§la§x§F§F§2§2§0§0§lg§x§F§F§2§9§0§0§lm§x§F§F§3§0§0§0§le§x§F§F§3§7§0§0§ln§x§F§F§3§E§0§0§lt in auction for 150000.
[16:42:34] > Abbadex buy x1 §x§F§F§3§E§0§0§lD§x§F§F§3§7§0§0§le§x§F§F§3§0§0§0§lm§x§F§F§2§9§0§0§lo§x§F§F§2§2§0§0§ln §x§F§F§1§5§0§0§lL§x§F§F§0§E§0§0§lo§x§F§F§0§7§0§0§lr§x§F§F§0§0§0§0§ld §x§F§F§0§E§0§0§lF§x§F§F§1§5§0§0§lr§x§F§F§1§C§0§0§la§x§F§F§2§2§0§0§lg§x§F§F§2§9§0§0§lm§x§F§F§3§0§0§0§le§x§F§F§3§7§0§0§ln§x§F§F§3§E§0§0§lt to HPMR_GaMerz for $150 000.
[16:42:57] > HPMR_GaMerz added x1 §x§F§F§3§E§0§0§lD§x§F§F§3§7§0§0§le§x§F§F§3§0§0§0§lm§x§F§F§2§9§0§0§lo§x§F§F§2§2§0§0§ln §x§F§F§1§5§0§0§lL§x§F§F§0§E§0§0§lo§x§F§F§0§7§0§0§lr§x§F§F§0§0§0§0§ld §x§F§F§0§E§0§0§lF§x§F§F§1§5§0§0§lr§x§F§F§1§C§0§0§la§x§F§F§2§2§0§0§lg§x§F§F§2§9§0§0§lm§x§F§F§3§0§0§0§le§x§F§F§3§7§0§0§ln§x§F§F§3§E§0§0§lt in auction for 150000.
[16:43:05] > HPMR_GaMerz added x1 §x§F§F§3§E§0§0§lD§x§F§F§3§7§0§0§le§x§F§F§3§0§0§0§lm§x§F§F§2§9§0§0§lo§x§F§F§2§2§0§0§ln §x§F§F§1§5§0§0§lL§x§F§F§0§E§0§0§lo§x§F§F§0§7§0§0§lr§x§F§F§0§0§0§0§ld §x§F§F§0§E§0§0§lF§x§F§F§1§5§0§0§lr§x§F§F§1§C§0§0§la§x§F§F§2§2§0§0§lg§x§F§F§2§9§0§0§lm§x§F§F§3§0§0§0§le§x§F§F§3§7§0§0§ln§x§F§F§3§E§0§0§lt in auction for 150000.
[16:43:09] > Abbadex buy x1 §x§F§F§3§E§0§0§lD§x§F§F§3§7§0§0§le§x§F§F§3§0§0§0§lm§x§F§F§2§9§0§0§lo§x§F§F§2§2§0§0§ln §x§F§F§1§5§0§0§lL§x§F§F§0§E§0§0§lo§x§F§F§0§7§0§0§lr§x§F§F§0§0§0§0§ld §x§F§F§0§E§0§0§lF§x§F§F§1§5§0§0§lr§x§F§F§1§C§0§0§la§x§F§F§2§2§0§0§lg§x§F§F§2§9§0§0§lm§x§F§F§3§0§0§0§le§x§F§F§3§7§0§0§ln§x§F§F§3§E§0§0§lt to HPMR_GaMerz for $150 000.
[16:43:13] > Abbadex buy x1 §x§F§F§3§E§0§0§lD§x§F§F§3§7§0§0§le§x§F§F§3§0§0§0§lm§x§F§F§2§9§0§0§lo§x§F§F§2§2§0§0§ln §x§F§F§1§5§0§0§lL§x§F§F§0§E§0§0§lo§x§F§F§0§7§0§0§lr§x§F§F§0§0§0§0§ld §x§F§F§0§E§0§0§lF§x§F§F§1§5§0§0§lr§x§F§F§1§C§0§0§la§x§F§F§2§2§0§0§lg§x§F§F§2§9§0§0§lm§x§F§F§3§0§0§0§le§x§F§F§3§7§0§0§ln§x§F§F§3§E§0§0§lt to HPMR_GaMerz for $150 000.
[16:43:23] > HPMR_GaMerz added x2 §x§F§F§3§E§0§0§lD§x§F§F§3§7§0§0§le§x§F§F§3§0§0§0§lm§x§F§F§2§9§0§0§lo§x§F§F§2§2§0§0§ln §x§F§F§1§5§0§0§lL§x§F§F§0§E§0§0§lo§x§F§F§0§7§0§0§lr§x§F§F§0§0§0§0§ld §x§F§F§0§E§0§0§lF§x§F§F§1§5§0§0§lr§x§F§F§1§C§0§0§la§x§F§F§2§2§0§0§lg§x§F§F§2§9§0§0§lm§x§F§F§3§0§0§0§le§x§F§F§3§7§0§0§ln§x§F§F§3§E§0§0§lt in auction for 300000.
[16:43:31] > Abbadex buy x2 §x§F§F§3§E§0§0§lD§x§F§F§3§7§0§0§le§x§F§F§3§0§0§0§lm§x§F§F§2§9§0§0§lo§x§F§F§2§2§0§0§ln §x§F§F§1§5§0§0§lL§x§F§F§0§E§0§0§lo§x§F§F§0§7§0§0§lr§x§F§F§0§0§0§0§ld §x§F§F§0§E§0§0§lF§x§F§F§1§5§0§0§lr§x§F§F§1§C§0§0§la§x§F§F§2§2§0§0§lg§x§F§F§2§9§0§0§lm§x§F§F§3§0§0§0§le§x§F§F§3§7§0§0§ln§x§F§F§3§E§0§0§lt to HPMR_GaMerz for $300 000.
[16:43:36] > HPMR_GaMerz added x2 §x§F§F§3§E§0§0§lD§x§F§F§3§7§0§0§le§x§F§F§3§0§0§0§lm§x§F§F§2§9§0§0§lo§x§F§F§2§2§0§0§ln §x§F§F§1§5§0§0§lL§x§F§F§0§E§0§0§lo§x§F§F§0§7§0§0§lr§x§F§F§0§0§0§0§ld §x§F§F§0§E§0§0§lF§x§F§F§1§5§0§0§lr§x§F§F§1§C§0§0§la§x§F§F§2§2§0§0§lg§x§F§F§2§9§0§0§lm§x§F§F§3§0§0§0§le§x§F§F§3§7§0§0§ln§x§F§F§3§E§0§0§lt in auction for 300000.
[16:43:44] > Abbadex buy x2 §x§F§F§3§E§0§0§lD§x§F§F§3§7§0§0§le§x§F§F§3§0§0§0§lm§x§F§F§2§9§0§0§lo§x§F§F§2§2§0§0§ln §x§F§F§1§5§0§0§lL§x§F§F§0§E§0§0§lo§x§F§F§0§7§0§0§lr§x§F§F§0§0§0§0§ld §x§F§F§0§E§0§0§lF§x§F§F§1§5§0§0§lr§x§F§F§1§C§0§0§la§x§F§F§2§2§0§0§lg§x§F§F§2§9§0§0§lm§x§F§F§3§0§0§0§le§x§F§F§3§7§0§0§ln§x§F§F§3§E§0§0§lt to HPMR_GaMerz for $300 000.
[16:44:08] > HPMR_GaMerz added x5 §x§F§F§0§0§0§0§lS§x§F§F§1§3§0§0§lh§x§F§F§2§6§0§0§lo§x§F§F§3§9§0§0§lg§x§F§F§4§D§0§0§lu§x§F§F§6§0§0§0§ln §x§F§F§8§6§0§0§lF§x§F§F§7§3§0§0§lr§x§F§F§6§0§0§0§la§x§F§F§4§D§0§0§lg§x§F§F§3§9§0§0§lm§x§F§F§2§6§0§0§le§x§F§F§1§3§0§0§ln§x§F§F§0§0§0§0§lt in auction for 500000.
[16:44:13] > celinesanrio remove x2 §x§F§F§0§0§0§0§lS§x§F§F§1§3§0§0§lh§x§F§F§2§6§0§0§lo§x§F§F§3§9§0§0§lg§x§F§F§4§D§0§0§lu§x§F§F§6§0§0§0§ln §x§F§F§8§6§0§0§lF§x§F§F§7§3§0§0§lr§x§F§F§6§0§0§0§la§x§F§F§4§D§0§0§lg§x§F§F§3§9§0§0§lm§x§F§F§2§6§0§0§le§x§F§F§1§3§0§0§ln§x§F§F§0§0§0§0§lt from storage
[16:44:19] > celinesanrio added x1 §x§F§F§3§E§0§0§lDemon Lord Wings in auction for 8000000.
[16:45:10] > celinesanrio remove x1 §x§5§9§A§1§D§9§lA§x§7§5§B§1§D§F§lr§x§9§0§C§0§E§6§lc§x§A§C§D§0§E§C§lh§x§C§8§E§0§F§2§la§x§E§3§E§F§F§9§ln§f§lg§x§E§3§E§F§F§9§le§x§C§8§E§0§F§2§ll §x§9§0§C§0§E§6§lK§x§7§5§B§1§D§F§le§x§5§9§A§1§D§9§ly from storage
[16:45:10] > celinesanrio remove x1 §x§5§9§A§1§D§9§lA§x§7§5§B§1§D§F§lr§x§9§0§C§0§E§6§lc§x§A§C§D§0§E§C§lh§x§C§8§E§0§F§2§la§x§E§3§E§F§F§9§ln§f§lg§x§E§3§E§F§F§9§le§x§C§8§E§0§F§2§ll §x§9§0§C§0§E§6§lK§x§7§5§B§1§D§F§le§x§5§9§A§1§D§9§ly from storage
[16:45:11] > celinesanrio remove x1 §x§5§9§A§1§D§9§lA§x§7§5§B§1§D§F§lr§x§9§0§C§0§E§6§lc§x§A§C§D§0§E§C§lh§x§C§8§E§0§F§2§la§x§E§3§E§F§F§9§ln§f§lg§x§E§3§E§F§F§9§le§x§C§8§E§0§F§2§ll §x§9§0§C§0§E§6§lK§x§7§5§B§1§D§F§le§x§5§9§A§1§D§9§ly from storage
[16:45:11] > celinesanrio remove x1 §x§5§9§A§1§D§9§lA§x§7§5§B§1§D§F§lr§x§9§0§C§0§E§6§lc§x§A§C§D§0§E§C§lh§x§C§8§E§0§F§2§la§x§E§3§E§F§F§9§ln§f§lg§x§E§3§E§F§F§9§le§x§C§8§E§0§F§2§ll §x§9§0§C§0§E§6§lK§x§7§5§B§1§D§F§le§x§5§9§A§1§D§9§ly from storage
[16:45:11] > celinesanrio remove x1 §x§5§9§A§1§D§9§lA§x§7§5§B§1§D§F§lr§x§9§0§C§0§E§6§lc§x§A§C§D§0§E§C§lh§x§C§8§E§0§F§2§la§x§E§3§E§F§F§9§ln§f§lg§x§E§3§E§F§F§9§le§x§C§8§E§0§F§2§ll §x§9§0§C§0§E§6§lK§x§7§5§B§1§D§F§le§x§5§9§A§1§D§9§ly from storage
[16:45:12] > celinesanrio remove x1 §x§5§9§A§1§D§9§lA§x§7§5§B§1§D§F§lr§x§9§0§C§0§E§6§lc§x§A§C§D§0§E§C§lh§x§C§8§E§0§F§2§la§x§E§3§E§F§F§9§ln§f§lg§x§E§3§E§F§F§9§le§x§C§8§E§0§F§2§ll §x§9§0§C§0§E§6§lK§x§7§5§B§1§D§F§le§x§5§9§A§1§D§9§ly from storage
[16:45:24] > celinesanrio added x1 §x§F§F§3§E§0§0§lDemon Lord Wings in auction for 8000000.
[16:45:32] > celinesanrio added x4 §x§F§F§0§0§0§0§lS§x§F§F§1§3§0§0§lh§x§F§F§2§6§0§0§lo§x§F§F§3§9§0§0§lg§x§F§F§4§D§0§0§lu§x§F§F§6§0§0§0§ln §x§F§F§8§6§0§0§lF§x§F§F§7§3§0§0§lr§x§F§F§6§0§0§0§la§x§F§F§4§D§0§0§lg§x§F§F§3§9§0§0§lm§x§F§F§2§6§0§0§le§x§F§F§1§3§0§0§ln§x§F§F§0§0§0§0§lt in auction for 150000.
[16:46:30] > Abbadex added x1 §x§F§F§3§E§0§0§lD§x§F§F§3§5§0§0§le§x§F§F§2§C§0§0§lm§x§F§F§2§3§0§0§lo§x§F§F§1§B§0§0§ln §x§F§F§0§9§0§0§lL§x§F§F§0§0§0§0§lo§x§F§F§0§A§0§0§lr§x§F§F§1§5§0§0§ld §x§F§F§2§9§0§0§lH§x§F§F§3§4§0§0§lo§x§F§F§3§E§0§0§le in auction for 150000.
[16:46:43] > celinesanrio added x1 §fHalo in auction for 400000.
[16:48:45] > HPMR_GaMerz added x1 §x§F§F§5§5§0§0§lsᴇʟʟᴡᴀɴᴅ §6- 5.0x in auction for 500000.
[16:49:03] > celinesanrio remove x1 §x§5§9§A§1§D§9§lA§x§6§B§A§B§D§Dr§x§7§E§B§6§E§1c§x§9§0§C§0§E§6h§x§A§3§C§B§E§Aa§x§B§5§D§5§E§En§x§C§8§E§0§F§2g§x§D§A§E§A§F§7e§x§E§D§F§5§F§Bl §x§E§A§F§3§F§AC§x§D§6§E§8§F§6r§x§C§1§D§C§F§1o§x§A§C§D§0§E§Cs§x§9§7§C§4§E§7s§x§8§3§B§9§E§3b§x§6§E§A§D§D§Eo§x§5§9§A§1§D§9w from storage
[16:50:10] > celinesanrio added x1 Shulker box in auction for 2000000.
[16:51:59] > celinesanrio added x1 Diamond chestplate in auction for 7500.
[16:52:21] > celinesanrio added x1 Music disc lava chicken in auction for 125000.
[16:52:27] > celinesanrio added x34 §x§F§C§9§0§5§C§lE§x§E§6§9§C§6§B§lp§x§C§F§A§7§7§A§li§x§B§9§B§3§8§9§lc §x§8§C§C§B§A§7§lC§x§7§5§D§6§B§6§lr§x§5§F§E§2§C§5§la§x§7§9§D§4§B§4§lt§x§9§3§C§7§A§2§le §x§C§8§A§B§7§F§lK§x§E§2§9§E§6§E§le§x§F§C§9§0§5§C§ly in auction for 34000.
[16:54:16] > x1 §x§6§0§0§0§F§F§lɢᴏᴅʟʏ ɪᴛᴇᴍ, item of theradumgamer404, has just expired, the item is definitively deleted.
[16:54:21] > Zecim remove x1 Flow armor trim smithing template from expire
[16:54:21] > Zecim remove x1 Heavy core from expire
[16:54:21] > Zecim remove x1 §eʙʟᴀᴢᴇ sᴘᴀᴡɴᴇʀ from expire
[16:54:22] > Zecim remove x1 §fFeathers Hat from expire
[16:54:54] > HPMR_GaMerz remove x1 §x§F§F§5§5§0§0§lsᴇʟʟᴡᴀɴᴅ §6- 5.0x from storage
[16:55:03] > HPMR_GaMerz remove x1 §x§F§F§5§5§0§0§lsᴇʟʟᴡᴀɴᴅ §6- 5.0x from expire
[16:57:03] > Zecim added x1 Heavy core in auction for 1000000.
[16:57:11] > Zecim added x1 §eʙʟᴀᴢᴇ sᴘᴀᴡɴᴇʀ in auction for 300000.
[16:57:32] > Zecim added x1 §fFeathers Hat in auction for 200000.
[16:57:40] > Zecim added x1 Flow armor trim smithing template in auction for 150000.
[17:04:37] > celinesanrio remove x1 §7Cemetery Hat from storage
[17:04:42] > celinesanrio added x1 §7Cemetery Hat in auction for 10000.
[17:06:43] > celinesanrio remove x1 Shulker box from storage
[17:07:10] > celinesanrio added x1 Shulker box in auction for 1450000.
[17:43:21] > HPMR_GaMerz added x1 §b§lTotem in auction for 7500000.
[17:45:14] > HPMR_GaMerz remove x1 §b§lTotem from storage
[17:45:19] > HPMR_GaMerz remove x1 §b§lTotem from expire
[17:55:54] > HPMR_GaMerz added x64 Firework rocket in auction for 64000.
[17:56:03] > sebilike21 buy x12 Firework rocket to HPMR_GaMerz for $64 000.
[17:56:13] > HPMR_GaMerz added x62 Firework rocket in auction for 100000.
[17:56:29] > Ty0usuken added x1 §fMedieval Hat in auction for 250000.
[17:57:08] > fantoofy buy x64 Glowstone to Zypher_0w0 for $640.
[17:57:23] > fantoofy buy x64 Glowstone to Zypher_0w0 for $640.
[17:57:29] > fantoofy buy x64 Glowstone to Zypher_0w0 for $640.
[17:57:54] > HPMR_GaMerz remove x62 Firework rocket from storage
[17:57:59] > HPMR_GaMerz remove x62 Firework rocket from expire
[17:58:05] > HPMR_GaMerz added x62 Firework rocket in auction for 64000.
[17:59:40] > fantoofy added x1 Shulker box in auction for 40000.
[18:00:53] > Ty0usuken remove x1 §9§lSquid Tentacle from storage
[18:00:55] > Ty0usuken remove x1 §fMedieval Hat from storage
[18:01:05] > Ty0usuken added x1 §fMedieval Hat in auction for 150000.
[18:03:42] > sebilike21 buy x1 Firework rocket to HPMR_GaMerz for $64 000.
[18:04:01] > sebilike21 buy x1 §x§F§F§0§0§0§0§lS§x§F§F§1§3§0§0§lh§x§F§F§2§6§0§0§lo§x§F§F§3§9§0§0§lg§x§F§F§4§D§0§0§lu§x§F§F§6§0§0§0§ln §x§F§F§8§6§0§0§lF§x§F§F§7§3§0§0§lr§x§F§F§6§0§0§0§la§x§F§F§4§D§0§0§lg§x§F§F§3§9§0§0§lm§x§F§F§2§6§0§0§le§x§F§F§1§3§0§0§ln§x§F§F§0§0§0§0§lt to Maciz for $50 000.
[18:06:56] > sebilike21 buy x1 §7Cemetery Hat to celinesanrio for $10 000.
[18:08:56] > Zypher_0w0 added x1 §x§5§9§A§1§D§9§lA§x§7§1§A§E§D§Er§x§8§8§B§C§E§4c§x§A§0§C§9§E§9h§x§B§8§D§7§E§Fa§x§D§0§E§4§F§4n§x§E§7§F§2§F§Ag§fe§x§E§7§F§2§F§Al §x§B§8§D§7§E§FW§x§A§0§C§9§E§9i§x§8§8§B§C§E§4n§x§7§1§A§E§D§Eg§x§5§9§A§1§D§9s in auction for 7000000.
[18:11:33] > Zypher_0w0 buy x1 §fHalo to celinesanrio for $400 000.
[18:12:04] > melgrsy added x1 §eᴡᴀʀᴅᴇɴ ꜱᴘᴀᴡɴᴇʀ in auction for 500000.
[18:27:00] > Kyslee added x1 §x§E§4§3§A§9§6§lW§x§E§7§5§3§A§3§lI§x§E§B§6§B§B§0§lN§x§E§E§8§4§B§D§lG§x§F§2§9§D§C§B§lS §x§F§8§C§E§E§5§lO§x§F§C§E§6§F§2§lF §x§F§C§E§6§F§2§lE§x§F§8§C§E§E§5§lT§x§F§5§B§5§D§8§lE§x§F§2§9§D§C§B§lR§x§E§E§8§4§B§D§lN§x§E§B§6§B§B§0§lI§x§E§7§5§3§A§3§lT§x§E§4§3§A§9§6§lY in auction for 120000.
[18:27:06] > grit_zy buy x1 §x§E§4§3§A§9§6§lW§x§E§7§5§3§A§3§lI§x§E§B§6§B§B§0§lN§x§E§E§8§4§B§D§lG§x§F§2§9§D§C§B§lS §x§F§8§C§E§E§5§lO§x§F§C§E§6§F§2§lF §x§F§C§E§6§F§2§lE§x§F§8§C§E§E§5§lT§x§F§5§B§5§D§8§lE§x§F§2§9§D§C§B§lR§x§E§E§8§4§B§D§lN§x§E§B§6§B§B§0§lI§x§E§7§5§3§A§3§lT§x§E§4§3§A§9§6§lY to Kyslee for $120 000.
[18:28:24] > Zypher_0w0 buy x1 Shulker box to fantoofy for $40 000.
[18:28:47] > fantoofy remove x1 Sculk shrieker form storage
[18:28:47] > fantoofy remove x1 GO TO B.E FOR STUFF IG? form storage
[18:28:59] > fantoofy added x1 GO TO B.E FOR STUFF IG? in auction for 100000000.
[18:29:20] > fantoofy added x1 Sculk shrieker in auction for 800000.
[18:37:15] > x1 §x§D§3§C§9§E§2§lʙᴀꜱɪᴄ ɪᴛᴇᴍ on sale by ImSneqkyy has just expired, it goes in the inventory of expired items.
[18:38:07] > fantoofy added x1 §x§5§9§A§1§D§9§lA§x§6§E§A§D§D§Er§x§8§3§B§9§E§3c§x§9§7§C§4§E§7h§x§A§C§D§0§E§Ca§x§C§1§D§C§F§1n§x§D§6§E§8§F§6g§x§E§A§F§3§F§Ae§fl §x§D§0§E§4§F§4S§x§B§8§D§7§E§Fh§x§A§0§C§9§E§9o§x§8§8§B§C§E§4v§x§7§1§A§E§D§Ee§x§5§9§A§1§D§9l in auction for 500000.
[18:38:41] > fantoofy added x1 §fShogun Staff in auction for 750000.
[18:43:15] > melgrsy added x1 §x§F§F§5§5§0§0§lsᴇʟʟᴡᴀɴᴅ §6- 20.0x in auction for 800000.
[18:43:17] > HPMR_GaMerz buy x1 §x§F§F§5§5§0§0§lsᴇʟʟᴡᴀɴᴅ §6- 20.0x to melgrsy for $800 000.
[18:44:56] > Zypher_0w0 buy x1 §eᴢᴏᴍʙɪᴇ sᴘᴀᴡɴᴇʀ to CeeJaiye for $350 000.
[18:45:04] > Zypher_0w0 buy x1 §eʙʟᴀᴢᴇ sᴘᴀᴡɴᴇʀ to Zecim for $300 000.
[18:45:16] > Zypher_0w0 buy x4 §eᴡᴀʀᴅᴇɴ ꜱᴘᴀᴡɴᴇʀ to Cynishere for $2 500 000.
[18:46:32] > ImSneqkyy buy x1 §x§6§0§0§0§F§F§lɢᴏᴅʟʏ ɪᴛᴇᴍ to Sanchay for $200 000.
[19:00:01] > Zypher_0w0 buy x1 §eᴡᴀʀᴅᴇɴ ꜱᴘᴀᴡɴᴇʀ to melgrsy for $500 000.
[19:00:29] > Zypher_0w0 buy x1 §eᴡɪᴛʜᴇʀ ꜱᴋᴇʟᴇᴛᴏɴ ꜱᴘᴀᴡɴᴇʀ to KnownasTravis for $550 000.
[19:00:44] > Zypher_0w0 buy x1 §eᴢᴏᴍʙɪᴇ sᴘᴀᴡɴᴇʀ to Cynishere for $500 000.
[19:01:06] > Zypher_0w0 buy x1 §eʙʟᴀᴢᴇ sᴘᴀᴡɴᴇʀ to Cynishere for $1 500 000.
[19:07:13] > HPMR_GaMerz added x1 §2Franck in auction for 500000.
[22:47:29] > x3 Nether star on sale by ELITEAtlas has just expired, it goes in the inventory of expired items.
[22:47:29] > x4 Nether star on sale by ELITEAtlas has just expired, it goes in the inventory of expired items.
[22:47:29] > x2 Beacon on sale by ELITEAtlas has just expired, it goes in the inventory of expired items.
[22:55:34] > Kwienn added x1 §x§5§9§A§1§D§9§lA§x§6§E§A§D§D§Er§x§8§3§B§9§E§3c§x§9§7§C§4§E§7h§x§A§C§D§0§E§Ca§x§C§1§D§C§F§1n§x§D§6§E§8§F§6g§x§E§A§F§3§F§Ae§fl §x§D§0§E§4§F§4S§x§B§8§D§7§E§Fh§x§A§0§C§9§E§9o§x§8§8§B§C§E§4v§x§7§1§A§E§D§Ee§x§5§9§A§1§D§9l in auction for 200000.
[23:03:40] > Cynishere added x2 §esᴋᴇʟᴇᴛᴏɴ sᴘᴀᴡɴᴇʀ in auction for 300000.
[23:12:02] > Cynishere added x1 §eᴄʀᴇᴇᴘᴇʀ sᴘᴀᴡɴᴇʀ in auction for 100000.
[23:12:08] > Cynishere added x1 §eᴢᴏᴍʙɪᴇ sᴘᴀᴡɴᴇʀ in auction for 100000.
[03:27:09] > x1 §x§F§F§3§E§0§0§lD§x§F§F§3§5§0§0§le§x§F§F§2§C§0§0§lm§x§F§F§2§3§0§0§lo§x§F§F§1§B§0§0§ln §x§F§F§0§9§0§0§lL§x§F§F§0§0§0§0§lo§x§F§F§0§A§0§0§lr§x§F§F§1§5§0§0§ld §x§F§F§2§9§0§0§lB§x§F§F§3§4§0§0§lo§x§F§F§3§E§0§0§lw on sale by CeeJaiye has just expired, it goes in the inventory of expired items.
[03:51:17] > Zypher_0w0 buy x1 §eᴢᴏᴍʙɪᴇ sᴘᴀᴡɴᴇʀ to Cynishere for $100 000.
[03:51:21] > Zypher_0w0 buy x2 §esᴋᴇʟᴇᴛᴏɴ sᴘᴀᴡɴᴇʀ to Cynishere for $300 000.
[03:51:26] > Zypher_0w0 buy x1 §eᴄʀᴇᴇᴘᴇʀ sᴘᴀᴡɴᴇʀ to Cynishere for $100 000.
[03:55:13] > KnownasTravis added x1 §x§5§9§A§1§D§9§lA§x§7§5§B§1§D§Fr§x§9§0§C§0§E§6c§x§A§C§D§0§E§Ch§x§C§8§E§0§F§2a§x§E§3§E§F§F§9n§fg§x§E§3§E§F§F§9e§x§C§8§E§0§F§2l §x§9§0§C§0§E§6H§x§7§5§B§1§D§Fa§x§5§9§A§1§D§9t in auction for 200000.
[04:20:18] > InternetCafeUser added x1 §eᴄʜɪᴄᴋᴇɴ sᴘᴀᴡɴᴇʀ in auction for 140000.
[04:21:27] > namerikangel remove x1 Sculk shrieker from storage
[04:24:15] > InternetCafeUser buy x1 More Gun Powder! to Zypher_0w0 for $150 000.
[04:25:33] > softlattee added x1 Polished deepslate in auction for 100000.
[04:25:39] > softlattee added x1 §eᴡɪᴛᴄʜ ꜱᴘᴀᴡɴᴇʀ in auction for 100000.
[04:25:44] > Kyslee buy x1 §eᴡɪᴛᴄʜ ꜱᴘᴀᴡɴᴇʀ to softlattee for $100 000.
[04:49:19] > celinesanrio remove x1 Shulker box from storage
[04:51:35] > celinesanrio added x1 Shulker box in auction for 1500000.
[04:52:02] > mauserdart buy x1 Shulker box to celinesanrio for $1 500 000.
[04:56:47] > celinesanrio added x64 Iron ingot in auction for 19200.
[05:02:11] > Zypher_0w0 added x1 §f§x§F§4§F§F§2§7L§x§F§1§F§B§2§Ae§x§E§E§F§7§2§Dm§x§E§B§F§3§3§0o§x§E§7§E§F§3§2n§x§E§4§E§B§3§5 §x§E§1§E§7§3§8S§x§D§E§E§3§3§Bl§x§D§B§D§F§3§Ei§x§D§8§D§B§4§1c§x§D§5§D§7§4§4e§x§D§1§D§3§4§6 §x§C§E§C§F§4§9H§x§C§B§C§B§4§Ca§x§C§8§C§7§4§Ft in auction for 60000.
[05:02:22] > celinesanrio remove x64 Iron ingot from storage
[05:02:32] > x4 Enchanted golden apple, bought by Kininho_, has just expired, the item is definitively deleted.
[05:05:36] > namerikangel added x50 Shulker shell in auction for 100000.
[05:06:39] > celinesanrio added x1 §x§F§C§D§0§5§C§lB§x§E§6§D§3§6§B§la§x§C§F§D§5§7§A§ls§x§B§9§D§8§8§9§li§x§A§2§D§A§9§8§lc §x§7§5§D§F§B§6§lC§x§5§F§E§2§C§5§lr§x§7§5§D§F§B§6§la§x§8§C§D§D§A§7§lt§x§A§2§D§A§9§8§le §x§C§F§D§5§7§A§lK§x§E§6§D§3§6§B§le§x§F§C§D§0§5§C§ly in auction for 10.
[05:07:02] > .DeivePlayz buy x1 §x§F§C§D§0§5§C§lB§x§E§6§D§3§6§B§la§x§C§F§D§5§7§A§ls§x§B§9§D§8§8§9§li§x§A§2§D§A§9§8§lc §x§7§5§D§F§B§6§lC§x§5§F§E§2§C§5§lr§x§7§5§D§F§B§6§la§x§8§C§D§D§A§7§lt§x§A§2§D§A§9§8§le §x§C§F§D§5§7§A§lK§x§E§6§D§3§6§B§le§x§F§C§D§0§5§C§ly to celinesanrio for $10.
[05:07:10] > celinesanrio remove x34 §x§F§C§9§0§5§C§lE§x§E§6§9§C§6§B§lp§x§C§F§A§7§7§A§li§x§B§9§B§3§8§9§lc §x§8§C§C§B§A§7§lC§x§7§5§D§6§B§6§lr§x§5§F§E§2§C§5§la§x§7§9§D§4§B§4§lt§x§9§3§C§7§A§2§le §x§C§8§A§B§7§F§lK§x§E§2§9§E§6§E§le§x§F§C§9§0§5§C§ly from storage
[05:07:22] > celinesanrio added x45 §x§F§C§9§0§5§C§lE§x§E§6§9§C§6§B§lp§x§C§F§A§7§7§A§li§x§B§9§B§3§8§9§lc §x§8§C§C§B§A§7§lC§x§7§5§D§6§B§6§lr§x§5§F§E§2§C§5§la§x§7§9§D§4§B§4§lt§x§9§3§C§7§A§2§le §x§C§8§A§B§7§F§lK§x§E§2§9§E§6§E§le§x§F§C§9§0§5§C§ly in auction for 45000.
[05:07:49] > ZAFF buy x45 §x§F§C§9§0§5§C§lE§x§E§6§9§C§6§B§lp§x§C§F§A§7§7§A§li§x§B§9§B§3§8§9§lc §x§8§C§C§B§A§7§lC§x§7§5§D§6§B§6§lr§x§5§F§E§2§C§5§la§x§7§9§D§4§B§4§lt§x§9§3§C§7§A§2§le §x§C§8§A§B§7§F§lK§x§E§2§9§E§6§E§le§x§F§C§9§0§5§C§ly to celinesanrio for $45 000.
[05:09:19] > celinesanrio buy x50 Shulker shell to namerikangel for $100 000.
[05:14:12] > InternetCafeUser added x64 Shulker shell in auction for 128000.
[05:14:17] > celinesanrio buy x64 Shulker shell to InternetCafeUser for $128 000.
[05:16:58] > celinesanrio added x9 §x§8§8§E§C§3§3§lV§x§8§2§E§B§4§8§lo§x§7§C§E§9§5§D§lt§x§7§6§E§8§7§2§le §x§6§B§E§5§9§B§lC§x§6§5§E§3§B§0§lr§x§5§F§E§2§C§5§la§x§6§6§E§4§A§D§lt§x§6§D§E§5§9§4§le §x§7§A§E§9§6§4§lK§x§8§1§E§A§4§B§le§x§8§8§E§C§3§3§ly in auction for 900000.
[05:18:15] > Rain_Reinn added x1 §x§5§9§A§1§D§9§lA§x§7§5§B§1§D§Fr§x§9§0§C§0§E§6c§x§A§C§D§0§E§Ch§x§C§8§E§0§F§2a§x§E§3§E§F§F§9n§fg§x§E§3§E§F§F§9e§x§C§8§E§0§F§2l §x§9§0§C§0§E§6H§x§7§5§B§1§D§Fo§x§5§9§A§1§D§9e in auction for 400000.
[05:21:00] > Rain_Reinn added x1 §x§A§5§8§0§D§D§lᴇᴘɪᴄ ɪᴛᴇᴍ in auction for 100.
[05:21:52] > celinesanrio added x1 Chainmail helmet in auction for 1000.
[05:34:29] > celinesanrio added x1 §x§F§C§9§0§5§C§lE§x§E§6§9§C§6§B§lp§x§C§F§A§7§7§A§li§x§B§9§B§3§8§9§lc §x§8§C§C§B§A§7§lC§x§7§5§D§6§B§6§lr§x§5§F§E§2§C§5§la§x§7§9§D§4§B§4§lt§x§9§3§C§7§A§2§le §x§C§8§A§B§7§F§lK§x§E§2§9§E§6§E§le§x§F§C§9§0§5§C§ly in auction for 1000.
[05:34:47] > .DeivePlayz buy x1 §x§F§C§9§0§5§C§lE§x§E§6§9§C§6§B§lp§x§C§F§A§7§7§A§li§x§B§9§B§3§8§9§lc §x§8§C§C§B§A§7§lC§x§7§5§D§6§B§6§lr§x§5§F§E§2§C§5§la§x§7§9§D§4§B§4§lt§x§9§3§C§7§A§2§le §x§C§8§A§B§7§F§lK§x§E§2§9§E§6§E§le§x§F§C§9§0§5§C§ly to celinesanrio for $1 000.
[05:41:56] > celinesanrio added x64 Breeze rod in auction for 64000.
[05:42:01] > celinesanrio added x64 Breeze rod in auction for 64000.
[06:12:28] > mauserdart added x1 Creaking heart in auction for 150000.
[06:12:53] > mauserdart remove x1 Creaking heart from storage
[06:16:50] > celinesanrio remove x9 §x§8§8§E§C§3§3§lV§x§8§2§E§B§4§8§lo§x§7§C§E§9§5§D§lt§x§7§6§E§8§7§2§le §x§6§B§E§5§9§B§lC§x§6§5§E§3§B§0§lr§x§5§F§E§2§C§5§la§x§6§6§E§4§A§D§lt§x§6§D§E§5§9§4§le §x§7§A§E§9§6§4§lK§x§8§1§E§A§4§B§le§x§8§8§E§C§3§3§ly from storage
[06:46:04] > x1 §x§F§F§3§E§0§0§lD§x§F§F§3§6§0§0§le§x§F§F§2§F§0§0§lm§x§F§F§2§7§0§0§lo§x§F§F§1§F§0§0§ln §x§F§F§1§0§0§0§lL§x§F§F§0§8§0§0§lo§x§F§F§0§0§0§0§lr§x§F§F§0§8§0§0§ld §x§F§F§1§7§0§0§lS§x§F§F§1§F§0§0§lh§x§F§F§2§7§0§0§lo§x§F§F§2§F§0§0§lv§x§F§F§3§6§0§0§le§x§F§F§3§E§0§0§ll on sale by CeeJaiye has just expired, it goes in the inventory of expired items.
[06:46:04] > celinesanrio added x1 §x§F§C§9§0§5§C§lE§x§E§6§9§C§6§B§lp§x§C§F§A§7§7§A§li§x§B§9§B§3§8§9§lc §x§8§C§C§B§A§7§lC§x§7§5§D§6§B§6§lr§x§5§F§E§2§C§5§la§x§7§9§D§4§B§4§lt§x§9§3§C§7§A§2§le §x§C§8§A§B§7§F§lK§x§E§2§9§E§6§E§le§x§F§C§9§0§5§C§ly in auction for 1000.
[06:47:35] > Zenolite_ buy x1 §x§F§C§9§0§5§C§lE§x§E§6§9§C§6§B§lp§x§C§F§A§7§7§A§li§x§B§9§B§3§8§9§lc §x§8§C§C§B§A§7§lC§x§7§5§D§6§B§6§lr§x§5§F§E§2§C§5§la§x§7§9§D§4§B§4§lt§x§9§3§C§7§A§2§le §x§C§8§A§B§7§F§lK§x§E§2§9§E§6§E§le§x§F§C§9§0§5§C§ly to celinesanrio for $1 000.
[07:02:47] > celinesanrio remove x1 §x§5§9§A§1§D§9§lA§x§6§B§A§B§D§Dr§x§7§E§B§6§E§1c§x§9§0§C§0§E§6h§x§A§3§C§B§E§Aa§x§B§5§D§5§E§En§x§C§8§E§0§F§2g§x§D§A§E§A§F§7e§x§E§D§F§5§F§Bl §x§E§A§F§3§F§AB§x§D§6§E§8§F§6a§x§C§1§D§C§F§1c§x§A§C§D§0§E§Ck§x§9§7§C§4§E§7p§x§8§3§B§9§E§3a§x§6§E§A§D§D§Ec§x§5§9§A§1§D§9k from storage
[07:02:52] > celinesanrio added x1 §x§5§9§A§1§D§9§lA§x§6§B§A§B§D§Dr§x§7§E§B§6§E§1c§x§9§0§C§0§E§6h§x§A§3§C§B§E§Aa§x§B§5§D§5§E§En§x§C§8§E§0§F§2g§x§D§A§E§A§F§7e§x§E§D§F§5§F§Bl §x§E§A§F§3§F§AB§x§D§6§E§8§F§6a§x§C§1§D§C§F§1c§x§A§C§D§0§E§Ck§x§9§7§C§4§E§7p§x§8§3§B§9§E§3a§x§6§E§A§D§D§Ec§x§5§9§A§1§D§9k in auction for 750000.
[07:02:57] > Fenycra2010 added x3 Nether star in auction for 10000.
[07:07:04] > CeeJaiye added x1 §eᴢᴏᴍʙɪᴇ sᴘᴀᴡɴᴇʀ in auction for 350000.
[07:08:29] > grit_zy buy x1 §eᴢᴏᴍʙɪᴇ sᴘᴀᴡɴᴇʀ to CeeJaiye for $350 000.
[07:09:17] > celinesanrio added x2 §x§F§C§9§0§5§C§lE§x§E§6§9§C§6§B§lp§x§C§F§A§7§7§A§li§x§B§9§B§3§8§9§lc §x§8§C§C§B§A§7§lC§x§7§5§D§6§B§6§lr§x§5§F§E§2§C§5§la§x§7§9§D§4§B§4§lt§x§9§3§C§7§A§2§le §x§C§8§A§B§7§F§lK§x§E§2§9§E§6§E§le§x§F§C§9§0§5§C§ly in auction for 2000.
[07:09:31] > celinesanrio remove x1 Diamond chestplate from storage
[07:09:32] > celinesanrio remove x1 Chainmail helmet from storage
[07:09:34] > celinesanrio remove x4 §x§F§F§0§0§0§0§lS§x§F§F§1§3§0§0§lh§x§F§F§2§6§0§0§lo§x§F§F§3§9§0§0§lg§x§F§F§4§D§0§0§lu§x§F§F§6§0§0§0§ln §x§F§F§8§6§0§0§lF§x§F§F§7§3§0§0§lr§x§F§F§6§0§0§0§la§x§F§F§4§D§0§0§lg§x§F§F§3§9§0§0§lm§x§F§F§2§6§0§0§le§x§F§F§1§3§0§0§ln§x§F§F§0§0§0§0§lt from storage
[07:09:43] > celinesanrio added x4 §x§F§F§0§0§0§0§lS§x§F§F§1§3§0§0§lh§x§F§F§2§6§0§0§lo§x§F§F§3§9§0§0§lg§x§F§F§4§D§0§0§lu§x§F§F§6§0§0§0§ln §x§F§F§8§6§0§0§lF§x§F§F§7§3§0§0§lr§x§F§F§6§0§0§0§la§x§F§F§4§D§0§0§lg§x§F§F§3§9§0§0§lm§x§F§F§2§6§0§0§le§x§F§F§1§3§0§0§ln§x§F§F§0§0§0§0§lt in auction for 160000.
[07:09:53] > celinesanrio added x1 Chainmail helmet in auction for 10.
[07:10:00] > grit_zy buy x1 Chainmail helmet to celinesanrio for $10.
[07:10:12] > celinesanrio remove x1 §x§F§F§3§E§0§0§lDemon Lord Wings from storage
[07:10:12] > celinesanrio remove x1 §x§F§F§3§E§0§0§lDemon Lord Wings from storage
[07:10:15] > _Mitsuriichan added x1 §x§5§9§A§1§D§9§lA§x§7§1§A§E§D§Er§x§8§8§B§C§E§4c§x§A§0§C§9§E§9h§x§B§8§D§7§E§Fa§x§D§0§E§4§F§4n§x§E§7§F§2§F§Ag§fe§x§E§7§F§2§F§Al §x§B§8§D§7§E§FS§x§A§0§C§9§E§9t§x§8§8§B§C§E§4a§x§7§1§A§E§D§Ef§x§5§9§A§1§D§9f in auction for 250000.
[07:10:18] > .DeivePlayz buy x2 §x§F§C§9§0§5§C§lE§x§E§6§9§C§6§B§lp§x§C§F§A§7§7§A§li§x§B§9§B§3§8§9§lc §x§8§C§C§B§A§7§lC§x§7§5§D§6§B§6§lr§x§5§F§E§2§C§5§la§x§7§9§D§4§B§4§lt§x§9§3§C§7§A§2§le §x§C§8§A§B§7§F§lK§x§E§2§9§E§6§E§le§x§F§C§9§0§5§C§ly to celinesanrio for $2 000.
[07:10:21] > celinesanrio added x1 §x§F§F§3§E§0§0§lDemon Lord Wings in auction for 8000000.
[07:10:26] > celinesanrio added x1 §x§F§F§3§E§0§0§lDemon Lord Wings in auction for 8000000.
[07:12:01] > celinesanrio added x1 §x§5§9§A§1§D§9§lA§x§7§5§B§1§D§F§lr§x§9§0§C§0§E§6§lc§x§A§C§D§0§E§C§lh§x§C§8§E§0§F§2§la§x§E§3§E§F§F§9§ln§f§lg§x§E§3§E§F§F§9§le§x§C§8§E§0§F§2§ll §x§9§0§C§0§E§6§lK§x§7§5§B§1§D§F§le§x§5§9§A§1§D§9§ly in auction for 500000.
[07:12:01] > Rain_Reinn added x1 §x§5§9§A§1§D§9§lA§x§6§E§A§D§D§Er§x§8§3§B§9§E§3c§x§9§7§C§4§E§7h§x§A§C§D§0§E§Ca§x§C§1§D§C§F§1n§x§D§6§E§8§F§6g§x§E§A§F§3§F§Ae§fl §x§D§0§E§4§F§4S§x§B§8§D§7§E§Fh§x§A§0§C§9§E§9i§x§8§8§B§C§E§4e§x§7§1§A§E§D§El§x§5§9§A§1§D§9d in auction for 500000.
[07:12:08] > celinesanrio added x1 §x§5§9§A§1§D§9§lA§x§7§5§B§1§D§F§lr§x§9§0§C§0§E§6§lc§x§A§C§D§0§E§C§lh§x§C§8§E§0§F§2§la§x§E§3§E§F§F§9§ln§f§lg§x§E§3§E§F§F§9§le§x§C§8§E§0§F§2§ll §x§9§0§C§0§E§6§lK§x§7§5§B§1§D§F§le§x§5§9§A§1§D§9§ly in auction for 500000.
[07:12:14] > celinesanrio added x1 §x§5§9§A§1§D§9§lA§x§7§5§B§1§D§F§lr§x§9§0§C§0§E§6§lc§x§A§C§D§0§E§C§lh§x§C§8§E§0§F§2§la§x§E§3§E§F§F§9§ln§f§lg§x§E§3§E§F§F§9§le§x§C§8§E§0§F§2§ll §x§9§0§C§0§E§6§lK§x§7§5§B§1§D§F§le§x§5§9§A§1§D§9§ly in auction for 500000.
[07:12:20] > celinesanrio remove x1 §x§5§9§A§1§D§9§lA§x§7§5§B§1§D§F§lr§x§9§0§C§0§E§6§lc§x§A§C§D§0§E§C§lh§x§C§8§E§0§F§2§la§x§E§3§E§F§F§9§ln§f§lg§x§E§3§E§F§F§9§le§x§C§8§E§0§F§2§ll §x§9§0§C§0§E§6§lK§x§7§5§B§1§D§F§le§x§5§9§A§1§D§9§ly from storage
[07:12:23] > celinesanrio added x1 §x§5§9§A§1§D§9§lA§x§7§5§B§1§D§F§lr§x§9§0§C§0§E§6§lc§x§A§C§D§0§E§C§lh§x§C§8§E§0§F§2§la§x§E§3§E§F§F§9§ln§f§lg§x§E§3§E§F§F§9§le§x§C§8§E§0§F§2§ll §x§9§0§C§0§E§6§lK§x§7§5§B§1§D§F§le§x§5§9§A§1§D§9§ly in auction for 500000.
[07:12:35] > grit_zy buy x1 §x§5§9§A§1§D§9§lA§x§7§5§B§1§D§F§lr§x§9§0§C§0§E§6§lc§x§A§C§D§0§E§C§lh§x§C§8§E§0§F§2§la§x§E§3§E§F§F§9§ln§f§lg§x§E§3§E§F§F§9§le§x§C§8§E§0§F§2§ll §x§9§0§C§0§E§6§lK§x§7§5§B§1§D§F§le§x§5§9§A§1§D§9§ly to celinesanrio for $500 000.
[07:12:40] > grit_zy buy x1 §x§5§9§A§1§D§9§lA§x§7§5§B§1§D§F§lr§x§9§0§C§0§E§6§lc§x§A§C§D§0§E§C§lh§x§C§8§E§0§F§2§la§x§E§3§E§F§F§9§ln§f§lg§x§E§3§E§F§F§9§le§x§C§8§E§0§F§2§ll §x§9§0§C§0§E§6§lK§x§7§5§B§1§D§F§le§x§5§9§A§1§D§9§ly to celinesanrio for $500 000.
[07:12:43] > grit_zy buy x1 §x§5§9§A§1§D§9§lA§x§7§5§B§1§D§F§lr§x§9§0§C§0§E§6§lc§x§A§C§D§0§E§C§lh§x§C§8§E§0§F§2§la§x§E§3§E§F§F§9§ln§f§lg§x§E§3§E§F§F§9§le§x§C§8§E§0§F§2§ll §x§9§0§C§0§E§6§lK§x§7§5§B§1§D§F§le§x§5§9§A§1§D§9§ly to celinesanrio for $500 000.
[07:13:07] > grit_zy buy x64 Breeze rod to celinesanrio for $64 000.
[07:13:27] > celinesanrio remove x1 §x§5§9§A§1§D§9§lA§x§6§B§A§B§D§Dr§x§7§E§B§6§E§1c§x§9§0§C§0§E§6h§x§A§3§C§B§E§Aa§x§B§5§D§5§E§En§x§C§8§E§0§F§2g§x§D§A§E§A§F§7e§x§E§D§F§5§F§Bl §x§E§A§F§3§F§AB§x§D§6§E§8§F§6a§x§C§1§D§C§F§1c§x§A§C§D§0§E§Ck§x§9§7§C§4§E§7p§x§8§3§B§9§E§3a§x§6§E§A§D§D§Ec§x§5§9§A§1§D§9k from storage
[07:13:34] > celinesanrio added x1 §x§5§9§A§1§D§9§lA§x§6§B§A§B§D§Dr§x§7§E§B§6§E§1c§x§9§0§C§0§E§6h§x§A§3§C§B§E§Aa§x§B§5§D§5§E§En§x§C§8§E§0§F§2g§x§D§A§E§A§F§7e§x§E§D§F§5§F§Bl §x§E§A§F§3§F§AB§x§D§6§E§8§F§6a§x§C§1§D§C§F§1c§x§A§C§D§0§E§Ck§x§9§7§C§4§E§7p§x§8§3§B§9§E§3a§x§6§E§A§D§D§Ec§x§5§9§A§1§D§9k in auction for 700000.
[07:15:09] > celinesanrio added x1 §x§5§9§A§1§D§9§lA§x§7§1§A§E§D§Er§x§8§8§B§C§E§4c§x§A§0§C§9§E§9h§x§B§8§D§7§E§Fa§x§D§0§E§4§F§4n§x§E§7§F§2§F§Ag§fe§x§E§7§F§2§F§Al §x§B§8§D§7§E§FS§x§A§0§C§9§E§9w§x§8§8§B§C§E§4o§x§7§1§A§E§D§Er§x§5§9§A§1§D§9d in auction for 250000.