
[12:24:59] > .Kenku1001 remove x1 Shulker Box of shulker shells from storage
[12:25:14] > .Kenku1001 added x1 Shulker Box of shulker shells in auction for 2300000.
[12:32:58] > tic_sz added x1 Enchanting table in auction for 10.
[12:33:54] > Jeax buy x1 Enchanting table to tic_sz for $10.
[12:54:36] > UnavailableTest buy x1 Enchanted book to sean_kirby for $2,500.
[12:54:38] > UnavailableTest buy x1 Enchanted book to sean_kirby for $2,500.
[12:54:39] > UnavailableTest buy x1 Enchanted book to sean_kirby for $2,500.
[12:54:41] > UnavailableTest buy x1 Enchanted book to sean_kirby for $2,500.
[12:54:42] > UnavailableTest buy x1 Enchanted book to sean_kirby for $2,500.
[12:54:43] > UnavailableTest buy x1 Enchanted book to sean_kirby for $2,500.
[12:54:45] > UnavailableTest buy x1 Enchanted book to sean_kirby for $2,500.
[12:55:44] > ry9191 buy x1 Elytra to BlackKnight for $2,000,000.
[12:55:56] > UnavailableTest remove x1 Enchanted book form buy
[12:55:56] > UnavailableTest remove x1 Enchanted book form buy
[12:55:56] > UnavailableTest remove x1 Enchanted book form buy
[12:55:56] > UnavailableTest remove x1 Enchanted book form buy
[12:55:56] > UnavailableTest remove x1 Enchanted book form buy
[12:55:56] > UnavailableTest remove x1 Enchanted book form buy
[12:55:56] > UnavailableTest remove x1 Enchanted book form buy
[12:56:00] > ry9191 remove x1 Elytra form buy
[13:11:28] > kkyleeeeesa added x64 Experience bottle in auction for 80000.
[13:11:44] > kkyleeeeesa added x64 Experience bottle in auction for 80000.
[13:12:02] > kkyleeeeesa added x64 Experience bottle in auction for 80000.
[13:12:15] > kkyleeeeesa added x64 Experience bottle in auction for 80000.
[13:24:07] > .SharkyisHungry remove x1 FRIED CHICKEN WINGS OF KFC from storage
[13:25:37] > Jeax added x1 Grindstone in auction for 10000.
[13:25:50] > Jeax added x1 Grindstone in auction for 10000.
[13:26:01] > Jeax added x1 Grindstone in auction for 10000.
[13:26:14] > Jeax added x1 Grindstone in auction for 10000.
[13:27:28] > tic_sz added x1 §f§l§8B§x§6§3§6§3§6§3a§x§7§1§7§1§7§1h§x§8§0§8§0§8§0a§x§8§E§8§E§8§Em§x§9§C§9§C§9§Cu§7t§x§9§C§9§C§9§C §x§8§E§8§E§8§ES§x§8§0§8§0§8§0w§x§7§1§7§1§7§1o§x§6§3§6§3§6§3r§8d in auction for 750000.
[13:29:16] > Jeax remove x1 Grindstone form storage
[13:29:16] > Jeax remove x1 Grindstone form storage
[13:29:16] > Jeax remove x1 Grindstone form storage
[13:29:16] > Jeax remove x1 Grindstone form storage
[13:33:04] > mauserdart buy x1 §f§l§8B§x§6§3§6§3§6§3a§x§7§1§7§1§7§1h§x§8§0§8§0§8§0a§x§8§E§8§E§8§Em§x§9§C§9§C§9§Cu§7t§x§9§C§9§C§9§C §x§8§E§8§E§8§ES§x§8§0§8§0§8§0w§x§7§1§7§1§7§1o§x§6§3§6§3§6§3r§8d to tic_sz for $750,000.
[13:33:10] > mauserdart remove x1 §f§l§8B§x§6§3§6§3§6§3a§x§7§1§7§1§7§1h§x§8§0§8§0§8§0a§x§8§E§8§E§8§Em§x§9§C§9§C§9§Cu§7t§x§9§C§9§C§9§C §x§8§E§8§E§8§ES§x§8§0§8§0§8§0w§x§7§1§7§1§7§1o§x§6§3§6§3§6§3r§8d from buy
[13:51:00] > JullianHuH added x1 §x§F§F§3§E§0§0§lDemon Lord Wings in auction for 800000.
[13:57:07] > HwanYo remove x8 Enchanted golden apple from storage
[13:57:21] > MrZyrus7228 added x2 §x§5§C§C§F§F§C§lC§x§5§C§D§1§F§5§lo§x§5§D§D§4§E§E§ls§x§5§D§D§6§E§7§lm§x§5§E§D§9§E§1§le§x§5§E§D§B§D§A§lt§x§5§E§D§D§D§3§li§x§5§F§E§0§C§C§lc §x§5§F§E§0§C§C§lH§x§5§E§D§D§D§3§la§x§5§E§D§B§D§A§lt§x§5§E§D§9§E§1§ls §x§5§D§D§4§E§E§lK§x§5§C§D§1§F§5§le§x§5§C§C§F§F§C§ly in auction for 50000.
[13:57:54] > SP3CC_ added x2 §x§5§C§C§F§F§C§lC§x§5§C§D§1§F§5§lo§x§5§D§D§4§E§E§ls§x§5§D§D§6§E§7§lm§x§5§E§D§9§E§1§le§x§5§E§D§B§D§A§lt§x§5§E§D§D§D§3§li§x§5§F§E§0§C§C§lc §x§5§F§E§0§C§C§lH§x§5§E§D§D§D§3§la§x§5§E§D§B§D§A§lt§x§5§E§D§9§E§1§ls §x§5§D§D§4§E§E§lK§x§5§C§D§1§F§5§le§x§5§C§C§F§F§C§ly in auction for 200000.
[13:58:23] > Jeax added x1 §x§5§C§C§F§F§C§lC§x§5§C§D§1§F§5§lo§x§5§D§D§4§E§E§ls§x§5§D§D§6§E§7§lm§x§5§E§D§9§E§1§le§x§5§E§D§B§D§A§lt§x§5§E§D§D§D§3§li§x§5§F§E§0§C§C§lc §x§5§F§E§0§C§C§lH§x§5§E§D§D§D§3§la§x§5§E§D§B§D§A§lt§x§5§E§D§9§E§1§ls §x§5§D§D§4§E§E§lK§x§5§C§D§1§F§5§le§x§5§C§C§F§F§C§ly in auction for 150000.
[13:58:35] > Jeax added x1 §fAdventure Hat in auction for 100000.
[13:58:40] > cinterMC added x1 §fButterfly Hat in auction for 100000.
[13:58:52] > cinterMC added x1 §fAdventure Hat in auction for 100000.
[13:59:19] > .SharkyisHungry added x1 §esᴋᴇʟᴇᴛᴏɴ sᴘᴀᴡɴᴇʀ in auction for 450000.
[13:59:26] > kkyleeeeesa buy x1 §esᴋᴇʟᴇᴛᴏɴ sᴘᴀᴡɴᴇʀ to .SharkyisHungry for $450,000.
[14:02:05] > YamanashYxSoyeon buy x1 §eʙʟᴀᴢᴇ sᴘᴀᴡɴᴇʀ to Ax_ for $585,000.
[14:02:20] > YamanashYxSoyeon remove x3 §x§F§0§7§A§5§4§lZombie Apocalyptic Key from buy
[14:02:21] > YamanashYxSoyeon remove x1 §eʙʟᴀᴢᴇ sᴘᴀᴡɴᴇʀ from buy
[14:03:16] > Artdeh buy x1 §x§F§F§5§5§0§0§lsᴇʟʟᴡᴀɴᴅ §6- 10.0x to kysicx for $1,200,000.
[14:03:21] > Artdeh buy x1 §x§F§F§5§5§0§0§lsᴇʟʟᴡᴀɴᴅ §6- 10.0x to kysicx for $1,200,000.
[14:03:33] > x1 §x§F§F§3§E§0§0§lD§x§F§F§3§6§0§0§le§x§F§F§2§F§0§0§lm§x§F§F§2§7§0§0§lo§x§F§F§1§F§0§0§ln §x§F§F§1§0§0§0§lL§x§F§F§0§8§0§0§lo§x§F§F§0§0§0§0§lr§x§F§F§0§8§0§0§ld §x§F§F§1§7§0§0§lD§x§F§F§1§F§0§0§la§x§F§F§2§7§0§0§lg§x§F§F§2§F§0§0§lg§x§F§F§3§6§0§0§le§x§F§F§3§E§0§0§lr, item of KindlyBoat21492, has just expired, the item is definitively deleted.
[14:03:33] > x1 §x§F§F§3§E§0§0§lD§x§F§F§3§6§0§0§le§x§F§F§2§F§0§0§lm§x§F§F§2§7§0§0§lo§x§F§F§1§F§0§0§ln §x§F§F§1§0§0§0§lL§x§F§F§0§8§0§0§lo§x§F§F§0§0§0§0§lr§x§F§F§0§9§0§0§ld §x§F§F§1§B§0§0§lS§x§F§F§2§3§0§0§lw§x§F§F§2§C§0§0§lo§x§F§F§3§5§0§0§lr§x§F§F§3§E§0§0§ld, item of KindlyBoat21492, has just expired, the item is definitively deleted.
[14:03:35] > Artdeh remove x1 Visit /pwarp go IronShop for Iron Blocks from expire
[14:03:42] > Artdeh remove x1 §x§F§F§5§5§0§0§lsᴇʟʟᴡᴀɴᴅ §6- 10.0x from buy
[14:03:43] > Artdeh remove x1 §x§F§F§5§5§0§0§lsᴇʟʟᴡᴀɴᴅ §6- 10.0x from buy
[14:04:12] > Artdeh added x1 Visit /pwarp go IronShop for Iron Blocks in auction for 1000000000.
[14:11:22] > Rain_Reinn added x1 Enchanted book in auction for 100.
[14:11:48] > Schminkipoo buy x1 Enchanted book to Rain_Reinn for $100.
[14:11:57] > Rain_Reinn added x1 Enchanted book in auction for 3200.
[14:12:01] > Schminkipoo buy x1 Enchanted book to Rain_Reinn for $3,200.
[14:12:05] > Schminkipoo remove x1 Enchanted book from buy
[14:12:06] > Schminkipoo remove x1 Enchanted book from buy
[14:12:07] > Schminkipoo remove x1 Enchanted book from buy
[14:12:10] > Rain_Reinn added x1 Enchanted book in auction for 3200.
[14:14:18] > tic_sz added x1 §f§l§x§8§A§0§0§F§FS§x§9§C§0§0§D§5h§x§A§D§0§0§A§Ai§x§B§F§0§0§8§0n§x§D§0§0§0§5§5e§x§E§2§0§0§2§B §x§F§3§0§0§0§0O§x§E§2§0§0§2§An§x§D§0§0§0§5§5i§x§B§F§0§0§8§0 §x§A§D§0§0§A§AB§x§9§C§0§0§D§5o§x§8§A§0§0§F§Fw in auction for 2000000.
[14:14:20] > giyahnpogi added x1 Enchanted book in auction for 10.
[14:14:23] > nagiiish buy x1 §f§l§x§8§A§0§0§F§FS§x§9§C§0§0§D§5h§x§A§D§0§0§A§Ai§x§B§F§0§0§8§0n§x§D§0§0§0§5§5e§x§E§2§0§0§2§B §x§F§3§0§0§0§0O§x§E§2§0§0§2§An§x§D§0§0§0§5§5i§x§B§F§0§0§8§0 §x§A§D§0§0§A§AB§x§9§C§0§0§D§5o§x§8§A§0§0§F§Fw to tic_sz for $2,000,000.
[14:14:25] > mincerap buy x1 Enchanted book to giyahnpogi for $10.
[14:16:11] > .SharkyisHungry remove x5 §bEntropy Crystal §8(§310,000§8) from storage
[14:16:37] > mincerap remove x1 Deepslate diamond ore from buy
[14:16:37] > mincerap remove x1 §2Franck from buy
[14:16:38] > mincerap remove x1 Enchanted book from buy
[14:16:40] > .SharkyisHungry added x1 §bEntropy Crystal §8(§310,000§8) in auction for 140000.
[14:17:25] > nagiiish remove x1 §f§l§x§8§A§0§0§F§FS§x§9§C§0§0§D§5h§x§A§D§0§0§A§Ai§x§B§F§0§0§8§0n§x§D§0§0§0§5§5e§x§E§2§0§0§2§B §x§F§3§0§0§0§0O§x§E§2§0§0§2§An§x§D§0§0§0§5§5i§x§B§F§0§0§8§0 §x§A§D§0§0§A§AB§x§9§C§0§0§D§5o§x§8§A§0§0§F§Fw from buy
[14:17:39] > .SharkyisHungry added x4 §bEntropy Crystal §8(§310,000§8) in auction for 450000.
[14:19:43] > lorxie buy x64 Wither skeleton skull to Keenorana for $700,000.
[14:20:18] > lorxie remove x64 Wither skeleton skull from buy
[14:26:37] > lorxie added x1 §eɪʀᴏɴ ɢᴏʟᴇᴍ sᴘᴀᴡɴᴇʀ in auction for 600000.
[14:26:56] > jeff buy x1 §eɪʀᴏɴ ɢᴏʟᴇᴍ sᴘᴀᴡɴᴇʀ to lorxie for $600,000.
[14:27:01] > lorxie added x1 §eɪʀᴏɴ ɢᴏʟᴇᴍ sᴘᴀᴡɴᴇʀ in auction for 600000.
[14:27:07] > Kyslee buy x1 §eɪʀᴏɴ ɢᴏʟᴇᴍ sᴘᴀᴡɴᴇʀ to lorxie for $600,000.
[14:27:23] > lorxie added x1 §eᴡɪᴛᴄʜ ꜱᴘᴀᴡɴᴇʀ in auction for 800000.
[14:27:26] > Kyslee buy x1 §eᴡɪᴛᴄʜ ꜱᴘᴀᴡɴᴇʀ to lorxie for $800,000.
[14:27:39] > lorxie added x1 §eᴡɪᴛᴄʜ ꜱᴘᴀᴡɴᴇʀ in auction for 800000.
[14:27:42] > Kyslee buy x1 §eᴡɪᴛᴄʜ ꜱᴘᴀᴡɴᴇʀ to lorxie for $800,000.
[14:27:58] > MrZyrus7228 buy x1 §f§l§x§8§A§0§0§F§FS§x§9§8§0§0§D§Dh§x§A§6§0§0§B§Bi§x§B§4§0§0§9§9n§x§C§2§0§0§7§7e§x§D§0§0§0§5§5 §x§D§E§0§0§3§3O§x§E§C§0§0§1§1ni§x§D§E§0§0§3§3 §x§D§0§0§0§5§5H§x§C§2§0§0§7§7e§x§B§4§0§0§9§9l§x§A§6§0§0§B§Bm§x§9§8§0§0§D§De§x§8§A§0§0§F§Ft to Trv for $5,000,000.
[14:28:03] > x1 §x§F§F§3§E§0§0§lD§x§F§F§3§6§0§0§le§x§F§F§2§F§0§0§lm§x§F§F§2§7§0§0§lo§x§F§F§1§F§0§0§ln §x§F§F§1§0§0§0§lL§x§F§F§0§8§0§0§lo§x§F§F§0§0§0§0§lr§x§F§F§0§9§0§0§ld §x§F§F§1§B§0§0§lS§x§F§F§2§3§0§0§lw§x§F§F§2§C§0§0§lo§x§F§F§3§5§0§0§lr§x§F§F§3§E§0§0§ld, bought by JullianHuH, has just expired, the item is definitively deleted.
[14:28:04] > MrZyrus7228 remove x1 §f§l§x§8§A§0§0§F§FS§x§9§8§0§0§D§Dh§x§A§6§0§0§B§Bi§x§B§4§0§0§9§9n§x§C§2§0§0§7§7e§x§D§0§0§0§5§5 §x§D§E§0§0§3§3O§x§E§C§0§0§1§1ni§x§D§E§0§0§3§3 §x§D§0§0§0§5§5H§x§C§2§0§0§7§7e§x§B§4§0§0§9§9l§x§A§6§0§0§B§Bm§x§9§8§0§0§D§De§x§8§A§0§0§F§Ft from buy
[14:28:26] > lorxie added x1 §eᴡɪᴛᴄʜ ꜱᴘᴀᴡɴᴇʀ in auction for 800000.
[14:28:28] > Kyslee buy x1 §eᴡɪᴛᴄʜ ꜱᴘᴀᴡɴᴇʀ to lorxie for $800,000.
[14:28:48] > lorxie added x1 §eᴡɪᴛᴄʜ ꜱᴘᴀᴡɴᴇʀ in auction for 800000.
[14:28:51] > Kyslee buy x1 §eᴡɪᴛᴄʜ ꜱᴘᴀᴡɴᴇʀ to lorxie for $800,000.
[14:29:08] > lorxie added x1 §eᴡɪᴛᴄʜ ꜱᴘᴀᴡɴᴇʀ in auction for 800000.
[14:29:10] > Kyslee buy x1 §eᴡɪᴛᴄʜ ꜱᴘᴀᴡɴᴇʀ to lorxie for $800,000.
[14:29:19] > Kyslee remove x1 §eᴡɪᴛᴄʜ ꜱᴘᴀᴡɴᴇʀ form buy
[14:29:19] > Kyslee remove x1 §eᴡɪᴛᴄʜ ꜱᴘᴀᴡɴᴇʀ form buy
[14:29:19] > Kyslee remove x1 §eᴡɪᴛᴄʜ ꜱᴘᴀᴡɴᴇʀ form buy
[14:29:19] > Kyslee remove x1 §eɪʀᴏɴ ɢᴏʟᴇᴍ sᴘᴀᴡɴᴇʀ form buy
[14:29:19] > Kyslee remove x1 §eᴡɪᴛᴄʜ ꜱᴘᴀᴡɴᴇʀ form buy
[14:29:19] > Kyslee remove x1 §eᴡɪᴛᴄʜ ꜱᴘᴀᴡɴᴇʀ form buy
[14:30:10] > lorxie added x1 §eᴄʀᴇᴇᴘᴇʀ sᴘᴀᴡɴᴇʀ in auction for 400000.
[14:30:17] > mauserdart buy x1 §eᴄʀᴇᴇᴘᴇʀ sᴘᴀᴡɴᴇʀ to lorxie for $400,000.
[14:30:21] > mauserdart remove x1 §eᴄʀᴇᴇᴘᴇʀ sᴘᴀᴡɴᴇʀ from buy
[14:30:35] > lorxie added x1 §eᴄʀᴇᴇᴘᴇʀ sᴘᴀᴡɴᴇʀ in auction for 400000.
[14:30:38] > Kyslee buy x1 §eᴄʀᴇᴇᴘᴇʀ sᴘᴀᴡɴᴇʀ to lorxie for $400,000.
[14:30:50] > lorxie added x1 §eᴄʀᴇᴇᴘᴇʀ sᴘᴀᴡɴᴇʀ in auction for 400000.
[14:30:53] > Kyslee buy x1 §eᴄʀᴇᴇᴘᴇʀ sᴘᴀᴡɴᴇʀ to lorxie for $400,000.
[14:31:08] > lorxie added x1 §eᴄʀᴇᴇᴘᴇʀ sᴘᴀᴡɴᴇʀ in auction for 400000.
[14:31:10] > giyahnpogi buy x1 §eᴄʀᴇᴇᴘᴇʀ sᴘᴀᴡɴᴇʀ to lorxie for $400,000.
[14:31:27] > giyahnpogi remove x1 §eᴄʀᴇᴇᴘᴇʀ sᴘᴀᴡɴᴇʀ from buy
[14:31:31] > jeff remove x1 §eɪʀᴏɴ ɢᴏʟᴇᴍ sᴘᴀᴡɴᴇʀ from buy
[14:31:40] > giyahnpogi added x1 §eᴄʀᴇᴇᴘᴇʀ sᴘᴀᴡɴᴇʀ in auction for 600000.
[14:32:36] > lorxie added x1 §eᴡɪᴛʜᴇʀ ꜱᴋᴇʟᴇᴛᴏɴ ꜱᴘᴀᴡɴᴇʀ in auction for 500000.
[14:32:49] > Takeremu remove x64 Shulker shell from buy
[14:32:55] > .Demon_asta1590 buy x1 §eᴄʀᴇᴇᴘᴇʀ sᴘᴀᴡɴᴇʀ to giyahnpogi for $600,000.
[14:32:59] > baba added x1 §x§F§F§3§E§0§0§lD§x§F§F§3§6§0§0§le§x§F§F§2§F§0§0§lm§x§F§F§2§7§0§0§lo§x§F§F§1§F§0§0§ln §x§F§F§1§0§0§0§lL§x§F§F§0§8§0§0§lo§x§F§F§0§0§0§0§lr§x§F§F§0§8§0§0§ld §x§F§F§1§7§0§0§lS§x§F§F§1§F§0§0§lh§x§F§F§2§7§0§0§li§x§F§F§2§F§0§0§le§x§F§F§3§6§0§0§ll§x§F§F§3§E§0§0§ld in auction for 250000.
[14:33:03] > .Demon_asta1590 buy x1 §eᴡɪᴛʜᴇʀ ꜱᴋᴇʟᴇᴛᴏɴ ꜱᴘᴀᴡɴᴇʀ to lorxie for $500,000.
[14:33:32] > P4LDOK remove x1 §x§F§0§7§A§5§4§lZombie Apocalyptic Helmet from expire
[14:33:33] > lorxie added x1 §eᴡɪᴛʜᴇʀ ꜱᴋᴇʟᴇᴛᴏɴ ꜱᴘᴀᴡɴᴇʀ in auction for 500000.
[14:33:34] > P4LDOK remove x1 §f§l§x§8§A§0§0§F§FS§x§9§8§0§0§D§Dh§x§A§6§0§0§B§Bi§x§B§4§0§0§9§9n§x§C§2§0§0§7§7e§x§D§0§0§0§5§5 §x§D§E§0§0§3§3O§x§E§C§0§0§1§1ni§x§D§E§0§0§3§3 §x§D§0§0§0§5§5S§x§C§2§0§0§7§7h§x§B§4§0§0§9§9i§x§A§6§0§0§B§Be§x§9§8§0§0§D§Dl§x§8§A§0§0§F§Fd from expire
[14:33:37] > giyahnpogi buy x1 §eᴡɪᴛʜᴇʀ ꜱᴋᴇʟᴇᴛᴏɴ ꜱᴘᴀᴡɴᴇʀ to lorxie for $500,000.
[14:33:54] > P4LDOK added x1 §x§F§0§7§A§5§4§lZombie Apocalyptic Helmet in auction for 500000.
[14:34:07] > .Demon_asta1590 remove x1 §eᴄʀᴇᴇᴘᴇʀ sᴘᴀᴡɴᴇʀ form buy
[14:34:07] > .Demon_asta1590 remove x1 §eᴡɪᴛʜᴇʀ ꜱᴋᴇʟᴇᴛᴏɴ ꜱᴘᴀᴡɴᴇʀ form buy
[14:34:17] > P4LDOK added x1 §f§l§x§8§A§0§0§F§FS§x§9§8§0§0§D§Dh§x§A§6§0§0§B§Bi§x§B§4§0§0§9§9n§x§C§2§0§0§7§7e§x§D§0§0§0§5§5 §x§D§E§0§0§3§3O§x§E§C§0§0§1§1ni§x§D§E§0§0§3§3 §x§D§0§0§0§5§5S§x§C§2§0§0§7§7h§x§B§4§0§0§9§9i§x§A§6§0§0§B§Be§x§9§8§0§0§D§Dl§x§8§A§0§0§F§Fd in auction for 3000000.
[14:34:29] > lorxie added x1 §eᴡɪᴛʜᴇʀ ꜱᴋᴇʟᴇᴛᴏɴ ꜱᴘᴀᴡɴᴇʀ in auction for 600000.
[14:34:34] > giyahnpogi buy x1 §eᴡɪᴛʜᴇʀ ꜱᴋᴇʟᴇᴛᴏɴ ꜱᴘᴀᴡɴᴇʀ to lorxie for $600,000.
[14:34:35] > P4LDOK remove x1 §x§F§0§7§A§5§4§lZombie Apocalyptic Helmet from storage
[14:34:45] > lorxie added x1 §eᴡɪᴛʜᴇʀ ꜱᴋᴇʟᴇᴛᴏɴ ꜱᴘᴀᴡɴᴇʀ in auction for 600000.
[14:34:45] > P4LDOK added x1 §x§F§0§7§A§5§4§lZombie Apocalyptic Helmet in auction for 200000.
[14:34:48] > HwanYo buy x1 §eᴡɪᴛʜᴇʀ ꜱᴋᴇʟᴇᴛᴏɴ ꜱᴘᴀᴡɴᴇʀ to lorxie for $600,000.
[14:34:58] > lorxie added x1 §eᴡɪᴛʜᴇʀ ꜱᴋᴇʟᴇᴛᴏɴ ꜱᴘᴀᴡɴᴇʀ in auction for 600000.
[14:35:16] > lorxie added x1 §eᴡɪᴛʜᴇʀ ꜱᴋᴇʟᴇᴛᴏɴ ꜱᴘᴀᴡɴᴇʀ in auction for 600000.
[14:36:11] > lorxie remove x1 §eᴡɪᴛʜᴇʀ ꜱᴋᴇʟᴇᴛᴏɴ ꜱᴘᴀᴡɴᴇʀ from storage
[14:36:11] > lorxie remove x1 §eᴡɪᴛʜᴇʀ ꜱᴋᴇʟᴇᴛᴏɴ ꜱᴘᴀᴡɴᴇʀ from storage
[14:37:00] > lorxie added x1 §eᴡɪᴛʜᴇʀ ꜱᴋᴇʟᴇᴛᴏɴ ꜱᴘᴀᴡɴᴇʀ in auction for 1000000.
[14:37:11] > HwanYo buy x1 §eᴡɪᴛʜᴇʀ ꜱᴋᴇʟᴇᴛᴏɴ ꜱᴘᴀᴡɴᴇʀ to lorxie for $1,000,000.
[14:37:11] > lorxie added x1 §eᴡɪᴛʜᴇʀ ꜱᴋᴇʟᴇᴛᴏɴ ꜱᴘᴀᴡɴᴇʀ in auction for 1000000.
[14:38:21] > Pewpew buy x1 §x§F§F§3§E§0§0§lDemon Lord Wings to JullianHuH for $800,000.
[14:38:34] > Pewpew remove x1 §x§F§F§3§E§0§0§lDemon Lord Wings from buy
[14:38:51] > lorxie added x1 §eᴡɪᴛʜᴇʀ ꜱᴋᴇʟᴇᴛᴏɴ ꜱᴘᴀᴡɴᴇʀ in auction for 1000000.
[14:38:58] > nagiiish buy x64 Experience bottle to kkyleeeeesa for $80,000.
[14:39:01] > nagiiish buy x64 Experience bottle to kkyleeeeesa for $80,000.
[14:39:03] > nagiiish buy x64 Experience bottle to kkyleeeeesa for $80,000.
[14:39:04] > lorxie added x1 §eᴡɪᴛʜᴇʀ ꜱᴋᴇʟᴇᴛᴏɴ ꜱᴘᴀᴡɴᴇʀ in auction for 1000000.
[14:39:05] > nagiiish buy x64 Experience bottle to kkyleeeeesa for $80,000.
[14:39:11] > nagiiish remove x1 §x§F§C§D§0§5§C§lB§x§E§6§D§3§6§B§la§x§C§F§D§5§7§A§ls§x§B§9§D§8§8§9§li§x§A§2§D§A§9§8§lc §x§7§5§D§F§B§6§lC§x§5§F§E§2§C§5§lr§x§7§5§D§F§B§6§la§x§8§C§D§D§A§7§lt§x§A§2§D§A§9§8§le §x§C§F§D§5§7§A§lK§x§E§6§D§3§6§B§le§x§F§C§D§0§5§C§ly form buy
[14:39:11] > nagiiish remove x64 Experience bottle form buy
[14:39:11] > nagiiish remove x64 Experience bottle form buy
[14:39:11] > nagiiish remove x64 Experience bottle form buy
[14:39:11] > nagiiish remove x64 Experience bottle form buy
[14:40:21] > lorxie added x1 §eᴄʀᴇᴇᴘᴇʀ sᴘᴀᴡɴᴇʀ in auction for 600000.
[14:40:29] > HwanYo buy x1 §eᴄʀᴇᴇᴘᴇʀ sᴘᴀᴡɴᴇʀ to lorxie for $600,000.
[14:40:33] > lorxie added x1 §eᴄʀᴇᴇᴘᴇʀ sᴘᴀᴡɴᴇʀ in auction for 600000.
[14:40:38] > HwanYo buy x1 §eᴄʀᴇᴇᴘᴇʀ sᴘᴀᴡɴᴇʀ to lorxie for $600,000.
[14:41:04] > lorxie added x1 §eᴄʀᴇᴇᴘᴇʀ sᴘᴀᴡɴᴇʀ in auction for 750000.
[14:41:31] > lorxie added x1 §eᴄʀᴇᴇᴘᴇʀ sᴘᴀᴡɴᴇʀ in auction for 600000.
[14:41:44] > lorxie added x1 §eᴄʀᴇᴇᴘᴇʀ sᴘᴀᴡɴᴇʀ in auction for 600000.
[14:43:58] > HwanYo added x1 §eʙʟᴀᴢᴇ sᴘᴀᴡɴᴇʀ in auction for 750000.
[14:44:14] > lorxie added x1 §eɪʀᴏɴ ɢᴏʟᴇᴍ sᴘᴀᴡɴᴇʀ in auction for 950000.
[14:44:22] > HwanYo buy x1 §eɪʀᴏɴ ɢᴏʟᴇᴍ sᴘᴀᴡɴᴇʀ to lorxie for $950,000.
[14:44:29] > lorxie added x1 §eɪʀᴏɴ ɢᴏʟᴇᴍ sᴘᴀᴡɴᴇʀ in auction for 950000.
[14:44:34] > HwanYo buy x1 §eɪʀᴏɴ ɢᴏʟᴇᴍ sᴘᴀᴡɴᴇʀ to lorxie for $950,000.
[14:44:50] > Pewpew added x1 §eʙʟᴀᴢᴇ sᴘᴀᴡɴᴇʀ in auction for 800000.
[14:45:13] > Pewpew added x1 §esᴋᴇʟᴇᴛᴏɴ sᴘᴀᴡɴᴇʀ in auction for 800000.
[14:45:25] > Pewpew added x1 §eᴄᴏᴡ sᴘᴀᴡɴᴇʀ in auction for 500000.
[14:45:54] > lorxie added x1 §eᴢᴏᴍʙɪᴇ sᴘᴀᴡɴᴇʀ in auction for 500000.
[14:46:27] > HwanYo remove x1 §eɪʀᴏɴ ɢᴏʟᴇᴍ sᴘᴀᴡɴᴇʀ from buy
[14:46:28] > HwanYo remove x1 §eɪʀᴏɴ ɢᴏʟᴇᴍ sᴘᴀᴡɴᴇʀ from buy
[14:46:39] > HwanYo remove x1 §eᴄʀᴇᴇᴘᴇʀ sᴘᴀᴡɴᴇʀ from buy
[14:46:39] > HwanYo remove x1 §eᴄʀᴇᴇᴘᴇʀ sᴘᴀᴡɴᴇʀ from buy
[14:49:18] > lorxie added x1 §f§l§x§8§A§0§0§F§FS§x§9§C§0§0§D§5h§x§A§D§0§0§A§Ai§x§B§F§0§0§8§0n§x§D§0§0§0§5§5e§x§E§2§0§0§2§B §x§F§3§0§0§0§0O§x§E§2§0§0§2§An§x§D§0§0§0§5§5i§x§B§F§0§0§8§0 §x§A§D§0§0§A§AA§x§9§C§0§0§D§5x§x§8§A§0§0§F§Fe in auction for 4000000.
[14:49:43] > giyahnpogi remove x1 §eᴡɪᴛʜᴇʀ ꜱᴋᴇʟᴇᴛᴏɴ ꜱᴘᴀᴡɴᴇʀ from buy
[14:49:44] > giyahnpogi remove x1 §eᴡɪᴛʜᴇʀ ꜱᴋᴇʟᴇᴛᴏɴ ꜱᴘᴀᴡɴᴇʀ from buy
[14:51:37] > lorxie added x1 §eᴢᴏᴍʙɪᴇ sᴘᴀᴡɴᴇʀ in auction for 400000.
[14:52:41] > mauserdart added x1 §eᴡᴀʀᴅᴇɴ ꜱᴘᴀᴡɴᴇʀ in auction for 550000.
[14:53:09] > mauserdart buy x1 §f§l§x§8§A§0§0§F§FS§x§9§C§0§0§D§5h§x§A§D§0§0§A§Ai§x§B§F§0§0§8§0n§x§D§0§0§0§5§5e§x§E§2§0§0§2§B §x§F§3§0§0§0§0O§x§E§2§0§0§2§An§x§D§0§0§0§5§5i§x§B§F§0§0§8§0 §x§A§D§0§0§A§AA§x§9§C§0§0§D§5x§x§8§A§0§0§F§Fe to lorxie for $4,000,000.
[14:53:09] > HwanYo added x64 Iron block in auction for 20000.
[14:53:12] > mauserdart remove x1 §f§l§x§8§A§0§0§F§FS§x§9§C§0§0§D§5h§x§A§D§0§0§A§Ai§x§B§F§0§0§8§0n§x§D§0§0§0§5§5e§x§E§2§0§0§2§B §x§F§3§0§0§0§0O§x§E§2§0§0§2§An§x§D§0§0§0§5§5i§x§B§F§0§0§8§0 §x§A§D§0§0§A§AA§x§9§C§0§0§D§5x§x§8§A§0§0§F§Fe from buy
[14:53:20] > HwanYo added x64 Iron block in auction for 20000.
[14:59:21] > MochaFangs buy x64 Iron block to HwanYo for $20,000.
[14:59:23] > MochaFangs buy x64 Iron block to HwanYo for $20,000.
[15:02:20] > giyahnpogi added x64 Bone block in auction for 100.
[15:02:29] > mincerap buy x64 Bone block to giyahnpogi for $100.
[15:09:39] > MochaFangs buy x1 §x§6§0§0§0§F§F§lɢᴏᴅʟʏ ɪᴛᴇᴍ to Khanetucky for $150,000.
[15:09:45] > MochaFangs remove x1 §x§6§0§0§0§F§F§lɢᴏᴅʟʏ ɪᴛᴇᴍ from buy
[15:09:45] > MochaFangs remove x64 Iron block from buy
[15:10:08] > MochaFangs remove x64 Iron block from buy
[15:13:16] > .Allxnzv remove x1 §f§l§x§F§C§D§0§5§CW§x§F§A§A§6§4§Au§x§F§8§7§D§3§7k§x§F§7§5§3§2§5o§x§F§5§2§A§1§2n§x§F§3§0§0§0§0g§x§F§5§2§A§1§2 §x§F§7§5§3§2§5C§x§F§8§7§D§3§7l§x§F§A§A§6§4§Au§x§F§C§D§0§5§Cb from storage
[15:13:19] > mauserdart remove x1 §eᴡᴀʀᴅᴇɴ ꜱᴘᴀᴡɴᴇʀ from storage
[15:14:53] > Sngel25 added x1 Elytra in auction for 5000000.
[15:16:19] > .Allxnzv added x1 §f§l§x§F§C§D§0§5§CW§x§F§A§A§6§4§Au§x§F§8§7§D§3§7k§x§F§7§5§3§2§5o§x§F§5§2§A§1§2n§x§F§3§0§0§0§0g§x§F§5§2§A§1§2 §x§F§7§5§3§2§5C§x§F§8§7§D§3§7l§x§F§A§A§6§4§Au§x§F§C§D§0§5§Cb in auction for 550000.
[15:16:32] > Sngel25 remove x1 Elytra from storage
[15:16:38] > JullianHuH added x1 §x§F§F§3§E§0§0§lDemon Lord Wings in auction for 800000.
[15:17:02] > Ax_ buy x1 §x§F§F§3§E§0§0§lDemon Lord Wings to JullianHuH for $800,000.
[15:17:17] > Ax_ remove x1 §x§F§F§3§E§0§0§lDemon Lord Wings from buy
[15:17:22] > CallMeAxo added x1 Enchanted golden apple in auction for 50000.
[15:17:44] > JullianHuH added x1 §x§F§F§3§E§0§0§lDemon Lord Wings in auction for 800000.
[15:18:00] > Skwylie buy x2 §x§5§C§C§F§F§C§lC§x§5§C§D§1§F§5§lo§x§5§D§D§4§E§E§ls§x§5§D§D§6§E§7§lm§x§5§E§D§9§E§1§le§x§5§E§D§B§D§A§lt§x§5§E§D§D§D§3§li§x§5§F§E§0§C§C§lc §x§5§F§E§0§C§C§lH§x§5§E§D§D§D§3§la§x§5§E§D§B§D§A§lt§x§5§E§D§9§E§1§ls §x§5§D§D§4§E§E§lK§x§5§C§D§1§F§5§le§x§5§C§C§F§F§C§ly to MrZyrus7228 for $50,000.
[15:18:30] > Skwylie buy x1 §x§F§F§3§E§0§0§lD§x§F§F§3§6§0§0§le§x§F§F§2§F§0§0§lm§x§F§F§2§7§0§0§lo§x§F§F§1§F§0§0§ln §x§F§F§1§0§0§0§lL§x§F§F§0§8§0§0§lo§x§F§F§0§0§0§0§lr§x§F§F§0§9§0§0§ld §x§F§F§1§B§0§0§lB§x§F§F§2§3§0§0§lo§x§F§F§2§C§0§0§lo§x§F§F§3§5§0§0§lt§x§F§F§3§E§0§0§ls to DanRaiv for $150,000.
[15:20:00] > x1 §x§F§F§3§E§0§0§lD§x§F§F§3§6§0§0§le§x§F§F§2§F§0§0§lm§x§F§F§2§7§0§0§lo§x§F§F§1§F§0§0§ln §x§F§F§1§0§0§0§lL§x§F§F§0§8§0§0§lo§x§F§F§0§0§0§0§lr§x§F§F§0§8§0§0§ld §x§F§F§1§7§0§0§lS§x§F§F§1§F§0§0§li§x§F§F§2§7§0§0§lc§x§F§F§2§F§0§0§lk§x§F§F§3§6§0§0§ll§x§F§F§3§E§0§0§le, item of KindlyBoat21492, has just expired, the item is definitively deleted.
[15:20:50] > Skwylie remove x2 §x§5§C§C§F§F§C§lC§x§5§C§D§1§F§5§lo§x§5§D§D§4§E§E§ls§x§5§D§D§6§E§7§lm§x§5§E§D§9§E§1§le§x§5§E§D§B§D§A§lt§x§5§E§D§D§D§3§li§x§5§F§E§0§C§C§lc §x§5§F§E§0§C§C§lH§x§5§E§D§D§D§3§la§x§5§E§D§B§D§A§lt§x§5§E§D§9§E§1§ls §x§5§D§D§4§E§E§lK§x§5§C§D§1§F§5§le§x§5§C§C§F§F§C§ly from buy
[15:20:52] > Skwylie remove x1 §x§F§F§3§E§0§0§lD§x§F§F§3§6§0§0§le§x§F§F§2§F§0§0§lm§x§F§F§2§7§0§0§lo§x§F§F§1§F§0§0§ln §x§F§F§1§0§0§0§lL§x§F§F§0§8§0§0§lo§x§F§F§0§0§0§0§lr§x§F§F§0§9§0§0§ld §x§F§F§1§B§0§0§lB§x§F§F§2§3§0§0§lo§x§F§F§2§C§0§0§lo§x§F§F§3§5§0§0§lt§x§F§F§3§E§0§0§ls from buy
[15:21:41] > Skwylie buy x1 §x§F§F§3§E§0§0§lD§x§F§F§3§6§0§0§le§x§F§F§2§F§0§0§lm§x§F§F§2§7§0§0§lo§x§F§F§1§F§0§0§ln §x§F§F§1§0§0§0§lL§x§F§F§0§8§0§0§lo§x§F§F§0§0§0§0§lr§x§F§F§0§9§0§0§ld §x§F§F§1§B§0§0§lS§x§F§F§2§3§0§0§lw§x§F§F§2§C§0§0§lo§x§F§F§3§5§0§0§lr§x§F§F§3§E§0§0§ld to Ax_ for $150,000.
[15:22:46] > Skwylie remove x1 §x§F§F§3§E§0§0§lD§x§F§F§3§6§0§0§le§x§F§F§2§F§0§0§lm§x§F§F§2§7§0§0§lo§x§F§F§1§F§0§0§ln §x§F§F§1§0§0§0§lL§x§F§F§0§8§0§0§lo§x§F§F§0§0§0§0§lr§x§F§F§0§9§0§0§ld §x§F§F§1§B§0§0§lS§x§F§F§2§3§0§0§lw§x§F§F§2§C§0§0§lo§x§F§F§3§5§0§0§lr§x§F§F§3§E§0§0§ld from buy
[15:34:16] > MrGh0st1y buy x4 §bEntropy Crystal §8(§310,000§8) to .SharkyisHungry for $450,000.
[15:34:25] > MrGh0st1y remove x4 §bEntropy Crystal §8(§310,000§8) from buy
[15:34:25] > MrGh0st1y remove x1 §fParrot Plushie (Gray) §6(#60/101) from buy
[15:36:18] > .SharkyisHungry added x32 Pale oak sapling in auction for 50000.
[16:01:51] > st3ph426 remove x1 §x§F§0§7§A§5§4§lZombie Apocalyptic Baseballbat from storage
[16:06:54] > FRANZ_JOSEF0 added x2 Enchanted golden apple in auction for 100000.
[16:12:43] > Ax_ added x1 §fAdventure Hat in auction for 50000.
[16:13:02] > Ax_ added x2 Shulker shell in auction for 12000.
[16:14:14] > TostyZura added x1 §x§F§F§7§C§0§0§lSteamsparks Key in auction for 60000.
[16:14:26] > TostyZura added x1 §x§E§5§1§B§1§B§lDracula Key in auction for 70000.
[16:14:33] > tic_sz buy x1 §x§E§5§1§B§1§B§lDracula Key to TostyZura for $70,000.
[16:17:43] > TostyZura added x1 §f§l§x§F§C§D§0§5§CW§x§F§A§A§2§4§8u§x§F§8§7§4§3§3k§x§F§6§4§5§1§Fo§x§F§4§1§7§0§Ang§x§F§6§4§5§1§F §x§F§8§7§4§3§3K§x§F§A§A§2§4§8e§x§F§C§D§0§5§Cy in auction for 30000.
[16:17:47] > koshie buy x1 §f§l§x§F§C§D§0§5§CW§x§F§A§A§2§4§8u§x§F§8§7§4§3§3k§x§F§6§4§5§1§Fo§x§F§4§1§7§0§Ang§x§F§6§4§5§1§F §x§F§8§7§4§3§3K§x§F§A§A§2§4§8e§x§F§C§D§0§5§Cy to TostyZura for $30,000.
[16:17:57] > tic_sz buy x1 §x§F§F§7§C§0§0§lSteamsparks Key to TostyZura for $60,000.
[16:20:30] > koshie added x2 Villager spawn egg in auction for 8000000.
[16:21:07] > mauserdart added x21 Villager spawn egg in auction for 999999999999999999.
[16:25:45] > giyahnpogi buy x2 Shulker shell to Ax_ for $12,000.
[16:26:02] > x1 §x§F§F§7§C§0§0§lSteamsparks Battle Axe, bought by MrGh0st1y, has just expired, the item is definitively deleted.
[16:39:43] > kkyleeeeesa added x64 Experience bottle in auction for 80000.
[16:39:56] > kkyleeeeesa added x64 Experience bottle in auction for 80000.
[16:40:22] > kkyleeeeesa added x64 Experience bottle in auction for 80000.
[16:40:46] > kkyleeeeesa added x64 Experience bottle in auction for 80000.
[16:41:31] > DanRaiv added x1 §f§l§x§F§C§D§0§5§CW§x§F§A§A§A§4§Bu§x§F§9§8§4§3§Bk§x§F§7§5§F§2§Ao§x§F§5§3§9§1§9n§x§F§4§1§3§0§8g §x§F§5§3§9§1§9S§x§F§7§5§F§2§At§x§F§9§8§4§3§Ba§x§F§A§A§A§4§Bf§x§F§C§D§0§5§Cf in auction for 500000.
[16:41:36] > DanRaiv remove x1 Poisonous potato from storage
[16:41:37] > DanRaiv remove x1 §f§x§F§9§A§2§0§DP§x§F§2§9§E§0§Du§x§E§B§9§9§0§Dm§x§E§3§9§5§0§Dp§x§D§C§9§0§0§Dk§x§D§5§8§C§0§Di§x§C§E§8§7§0§Dn§x§C§7§8§3§0§D §x§B§F§7§E§0§DH§x§B§8§7§A§0§Da§x§B§1§7§5§0§Dt from storage
[16:46:58] > tic_sz added x1 §eᴡɪᴛᴄʜ ꜱᴘᴀᴡɴᴇʀ in auction for 500000.
[16:49:12] > kkyleeeeesa buy x1 §eᴡɪᴛᴄʜ ꜱᴘᴀᴡɴᴇʀ to tic_sz for $500,000.
[16:49:17] > x1 §x§F§0§7§A§5§4§lZombie Apocalyptic Big Axe, bought by Cynishere, has just expired, the item is definitively deleted.
[16:49:18] > kkyleeeeesa remove x1 §eᴡɪᴛᴄʜ ꜱᴘᴀᴡɴᴇʀ from buy
[16:49:19] > kkyleeeeesa remove x1 §esᴋᴇʟᴇᴛᴏɴ sᴘᴀᴡɴᴇʀ from buy
[16:52:47] > Zee_ added x1 Splash potion in auction for 10000.
[16:52:53] > koshie buy x1 Splash potion to Zee_ for $10,000.
[16:52:58] > koshie remove x1 Splash potion from buy
[16:53:00] > koshie remove x1 Splash potion from buy
[16:56:23] > tic_sz added x1 §f§l§8B§x§6§3§6§3§6§3a§x§7§1§7§1§7§1h§x§8§0§8§0§8§0a§x§8§E§8§E§8§Em§x§9§C§9§C§9§Cu§7t§x§9§C§9§C§9§C §x§8§E§8§E§8§EB§x§8§0§8§0§8§0o§x§7§1§7§1§7§1o§x§6§3§6§3§6§3t§8s in auction for 800000.
[16:58:16] > celinesanrio buy x1 §f§l§8B§x§6§6§6§6§6§6a§x§7§7§7§7§7§7h§x§8§8§8§8§8§8a§x§9§9§9§9§9§9m§7u§x§9§9§9§9§9§9t§x§8§8§8§8§8§8 §x§7§7§7§7§7§7H§x§6§6§6§6§6§6a§8t to .SharkyisHungry for $1,550,000.
[16:58:41] > celinesanrio remove x1 §f§l§8B§x§6§6§6§6§6§6a§x§7§7§7§7§7§7h§x§8§8§8§8§8§8a§x§9§9§9§9§9§9m§7u§x§9§9§9§9§9§9t§x§8§8§8§8§8§8 §x§7§7§7§7§7§7H§x§6§6§6§6§6§6a§8t form buy
[16:59:57] > celinesanrio added x1 §x§F§C§9§0§5§C§lE§x§E§6§9§C§6§B§lp§x§C§F§A§7§7§A§li§x§B§9§B§3§8§9§lc §x§8§C§C§B§A§7§lC§x§7§5§D§6§B§6§lr§x§5§F§E§2§C§5§la§x§7§9§D§4§B§4§lt§x§9§3§C§7§A§2§le §x§C§8§A§B§7§F§lK§x§E§2§9§E§6§E§le§x§F§C§9§0§5§C§ly in auction for 25000.
[17:00:49] > WaltZier buy x1 §x§F§C§9§0§5§C§lE§x§E§6§9§C§6§B§lp§x§C§F§A§7§7§A§li§x§B§9§B§3§8§9§lc §x§8§C§C§B§A§7§lC§x§7§5§D§6§B§6§lr§x§5§F§E§2§C§5§la§x§7§9§D§4§B§4§lt§x§9§3§C§7§A§2§le §x§C§8§A§B§7§F§lK§x§E§2§9§E§6§E§le§x§F§C§9§0§5§C§ly to celinesanrio for $25,000.
[17:01:07] > Schminkipoo remove x64 Experience bottle from buy
[17:01:07] > x2 §x§5§C§C§F§F§C§lC§x§5§C§D§1§F§5§lo§x§5§D§D§4§E§E§ls§x§5§D§D§6§E§7§lm§x§5§E§D§9§E§1§le§x§5§E§D§B§D§A§lt§x§5§E§D§D§D§3§li§x§5§F§E§0§C§C§lc §x§5§F§E§0§C§C§lH§x§5§E§D§D§D§3§la§x§5§E§D§B§D§A§lt§x§5§E§D§9§E§1§ls §x§5§D§D§4§E§E§lK§x§5§C§D§1§F§5§le§x§5§C§C§F§F§C§ly on sale by Lan3dy has just expired, it goes in the inventory of expired items.
[17:08:10] > Keeos added x64 Golden apple in auction for 200000.
[17:08:23] > TostyZura buy x64 Golden apple to Keeos for $200,000.
[17:08:24] > Zee_ added x64 Sponge in auction for 5000000.
[17:08:26] > Keeos added x64 Golden apple in auction for 250000.
[17:08:29] > TostyZura remove x64 Golden apple from buy
[17:08:37] > Keeos added x64 Golden apple in auction for 250000.
[17:09:06] > koshie buy x64 Golden apple to Keeos for $250,000.
[17:09:15] > .SharkyisHungry added x1 §f§l§x§F§C§D§0§5§CW§x§F§B§B§0§4§Eu§x§F§9§9§0§4§0k§x§F§8§7§0§3§2o§x§F§6§5§0§2§3n§x§F§5§3§0§1§5g§x§F§4§1§0§0§7 P§x§F§5§3§0§1§5i§x§F§6§5§0§2§3c§x§F§8§7§0§3§2k§x§F§9§9§0§4§0a§x§F§B§B§0§4§Ex§x§F§C§D§0§5§Ce in auction for 375000.
[17:09:16] > celinesanrio buy x1 §fButterfly Hat to cinterMC for $100,000.
[17:09:19] > celinesanrio remove x1 §fButterfly Hat form buy
[17:09:30] > .SharkyisHungry added x1 §f§l§x§F§A§0§0§0§AD§x§F§A§1§C§1§5a§x§F§B§3§7§2§0r§x§F§B§5§3§2§Bk§x§F§B§6§F§3§6f§x§F§B§8§B§4§1l§x§F§C§A§6§4§Ca§x§F§C§C§2§5§7me§x§F§C§A§6§4§C §x§F§B§8§B§4§1S§x§F§B§6§F§3§6i§x§F§B§5§3§2§Bc§x§F§B§3§7§2§0k§x§F§A§1§C§1§5l§x§F§A§0§0§0§Ae in auction for 375000.
[17:10:14] > koshie remove x2 Golden apple from buy
[17:10:29] > .SharkyisHungry added x1 §x§E§5§1§B§1§B§lDracula Blade in auction for 50000.
[17:10:44] > .SharkyisHungry added x1 §x§F§F§7§C§0§0§lSteamsparks Hoe in auction for 50000.
[17:13:10] > .SharkyisHungry added x1 §x§F§0§7§A§5§4§lZombie Apocalyptic Halberd in auction for 450000.
[17:13:31] > FRANZ_JOSEF0 added x1 /pwarp go Shops for Exp and more in auction for 1000000000.
[17:15:28] > celinesanrio added x10 Gold nugget in auction for 10.
[17:15:44] > Yalujin buy x10 Gold nugget to celinesanrio for $10.
[17:15:57] > Zee_ remove x64 Sponge from storage
[17:16:16] > Zee_ added x64 Sponge in auction for 1500000.
[17:21:50] > Unforce01 buy x1 §f§l§8B§x§6§3§6§3§6§3a§x§7§1§7§1§7§1h§x§8§0§8§0§8§0a§x§8§E§8§E§8§Em§x§9§C§9§C§9§Cu§7t§x§9§C§9§C§9§C §x§8§E§8§E§8§EB§x§8§0§8§0§8§0o§x§7§1§7§1§7§1o§x§6§3§6§3§6§3t§8s to tic_sz for $800,000.
[17:23:43] > HwanYo added x64 Iron block in auction for 25000.
[17:23:55] > HwanYo added x64 Iron block in auction for 25000.
[17:24:05] > HwanYo added x64 Iron block in auction for 25000.
[17:26:55] > HwanYo buy x1 §x§E§5§1§B§1§B§lDracula Blade to .SharkyisHungry for $50,000.
[17:27:57] > HwanYo buy x1 §x§F§F§3§E§0§0§lD§x§F§F§3§8§0§0§le§x§F§F§3§2§0§0§lm§x§F§F§2§B§0§0§lo§x§F§F§2§5§0§0§ln §x§F§F§1§9§0§0§lL§x§F§F§1§3§0§0§lo§x§F§F§0§C§0§0§lr§x§F§F§0§6§0§0§ld §x§F§F§0§7§0§0§lC§x§F§F§0§E§0§0§lh§x§F§F§1§5§0§0§le§x§F§F§1§C§0§0§ls§x§F§F§2§2§0§0§lp§x§F§F§2§9§0§0§ll§x§F§F§3§0§0§0§la§x§F§F§3§7§0§0§lt§x§F§F§3§E§0§0§le to octopus_01 for $800,000.
[17:38:45] > TostyZura added x1 §x§5§C§C§F§F§C§lC§x§5§C§D§1§F§5§lo§x§5§D§D§4§E§E§ls§x§5§D§D§6§E§7§lm§x§5§E§D§9§E§1§le§x§5§E§D§B§D§A§lt§x§5§E§D§D§D§3§li§x§5§F§E§0§C§C§lc §x§5§F§E§0§C§C§lH§x§5§E§D§D§D§3§la§x§5§E§D§B§D§A§lt§x§5§E§D§9§E§1§ls §x§5§D§D§4§E§E§lK§x§5§C§D§1§F§5§le§x§5§C§C§F§F§C§ly in auction for 100.
[17:38:49] > cinterMC buy x1 §x§5§C§C§F§F§C§lC§x§5§C§D§1§F§5§lo§x§5§D§D§4§E§E§ls§x§5§D§D§6§E§7§lm§x§5§E§D§9§E§1§le§x§5§E§D§B§D§A§lt§x§5§E§D§D§D§3§li§x§5§F§E§0§C§C§lc §x§5§F§E§0§C§C§lH§x§5§E§D§D§D§3§la§x§5§E§D§B§D§A§lt§x§5§E§D§9§E§1§ls §x§5§D§D§4§E§E§lK§x§5§C§D§1§F§5§le§x§5§C§C§F§F§C§ly to TostyZura for $100.
[17:39:02] > cinterMC remove x1 Enchanted book from buy
[17:39:03] > cinterMC remove x1 Enchanted book from buy
[17:39:05] > cinterMC remove x1 §x§5§C§C§F§F§C§lC§x§5§C§D§1§F§5§lo§x§5§D§D§4§E§E§ls§x§5§D§D§6§E§7§lm§x§5§E§D§9§E§1§le§x§5§E§D§B§D§A§lt§x§5§E§D§D§D§3§li§x§5§F§E§0§C§C§lc §x§5§F§E§0§C§C§lH§x§5§E§D§D§D§3§la§x§5§E§D§B§D§A§lt§x§5§E§D§9§E§1§ls §x§5§D§D§4§E§E§lK§x§5§C§D§1§F§5§le§x§5§C§C§F§F§C§ly from buy
[17:39:37] > mauserdart remove x21 Villager spawn egg from storage
[17:40:19] > cinterMC added x1 §fFarmer Hat in auction for 50000.
[17:41:15] > Alexfromhere added x58 Iron block in auction for 30000.
[17:41:43] > Alexfromhere remove x58 Iron block form storage
[17:41:48] > Alexfromhere added x58 Iron block in auction for 30000.
[17:43:06] > Acon1te_0w0 added x1 §x§F§F§3§E§0§0§lD§x§F§F§3§5§0§0§le§x§F§F§2§C§0§0§lm§x§F§F§2§3§0§0§lo§x§F§F§1§B§0§0§ln §x§F§F§0§9§0§0§lL§x§F§F§0§0§0§0§lo§x§F§F§0§A§0§0§lr§x§F§F§1§5§0§0§ld §x§F§F§2§9§0§0§lA§x§F§F§3§4§0§0§lx§x§F§F§3§E§0§0§le in auction for 50000.
[17:43:29] > SP3CC_ buy x1 §x§F§F§3§E§0§0§lD§x§F§F§3§5§0§0§le§x§F§F§2§C§0§0§lm§x§F§F§2§3§0§0§lo§x§F§F§1§B§0§0§ln §x§F§F§0§9§0§0§lL§x§F§F§0§0§0§0§lo§x§F§F§0§A§0§0§lr§x§F§F§1§5§0§0§ld §x§F§F§2§9§0§0§lA§x§F§F§3§4§0§0§lx§x§F§F§3§E§0§0§le to Acon1te_0w0 for $50,000.
[17:43:56] > SP3CC_ remove x1 §x§F§F§3§E§0§0§lD§x§F§F§3§5§0§0§le§x§F§F§2§C§0§0§lm§x§F§F§2§3§0§0§lo§x§F§F§1§B§0§0§ln §x§F§F§0§9§0§0§lL§x§F§F§0§0§0§0§lo§x§F§F§0§A§0§0§lr§x§F§F§1§5§0§0§ld §x§F§F§2§9§0§0§lA§x§F§F§3§4§0§0§lx§x§F§F§3§E§0§0§le from buy
[17:50:37] > x1 §f§l§x§F§C§D§0§5§CW§x§F§A§A§A§4§Bu§x§F§9§8§4§3§Bk§x§F§7§5§F§2§Ao§x§F§5§3§9§1§9n§x§F§4§1§3§0§8g §x§F§5§3§9§1§9S§x§F§7§5§F§2§Ap§x§F§9§8§4§3§Be§x§F§A§A§A§4§Ba§x§F§C§D§0§5§Cr on sale by Abbadex has just expired, it goes in the inventory of expired items.
[17:58:31] > Alexfromhere added x1 Iron boots in auction for 10000.
[17:58:46] > Alexfromhere added x1 Iron chestplate in auction for 4000.
[17:58:58] > Alexfromhere added x1 Iron helmet in auction for 2000.
[17:59:11] > Alexfromhere added x1 Iron leggings in auction for 4500.
[18:03:46] > HwanYo added x64 Iron block in auction for 25000.
[18:03:57] > HwanYo added x64 Iron block in auction for 25000.
[18:04:13] > HwanYo added x64 Iron block in auction for 25000.
[18:25:12] > .Allxnzv remove x1 §f§l§x§F§C§D§0§5§CW§x§F§A§A§6§4§Au§x§F§8§7§D§3§7k§x§F§7§5§3§2§5o§x§F§5§2§A§1§2n§x§F§3§0§0§0§0g§x§F§5§2§A§1§2 §x§F§7§5§3§2§5C§x§F§8§7§D§3§7l§x§F§A§A§6§4§Au§x§F§C§D§0§5§Cb from storage
[18:28:42] > tic_sz remove x1 §x§F§F§7§C§0§0§lSteamsparks Key from buy
[18:28:43] > tic_sz remove x1 §x§E§5§1§B§1§B§lDracula Key from buy
[18:33:13] > tic_sz remove x1 §fBumble Bee Hat from buy
[18:37:15] > tic_sz added x1 §f§l§8B§x§6§3§6§3§6§3a§x§7§1§7§1§7§1h§x§8§0§8§0§8§0a§x§8§E§8§E§8§Em§x§9§C§9§C§9§Cu§7t§x§9§C§9§C§9§C §x§8§E§8§E§8§ES§x§8§0§8§0§8§0p§x§7§1§7§1§7§1e§x§6§3§6§3§6§3a§8r in auction for 800000.
[18:37:28] > tic_sz added x1 §x§F§0§7§A§5§4§lZombie Apocalyptic Bow in auction for 200000.
[18:37:54] > tic_sz added x1 §x§F§0§7§A§5§4§lZombie Apocalyptic Helmet in auction for 400000.
[18:42:24] > TostyZura buy x64 Experience bottle to kkyleeeeesa for $80,000.
[18:42:25] > TostyZura buy x64 Experience bottle to kkyleeeeesa for $80,000.
[18:42:26] > TostyZura buy x64 Experience bottle to kkyleeeeesa for $80,000.
[18:43:07] > TostyZura buy x64 Golden apple to Keeos for $250,000.
[18:43:09] > TostyZura buy x64 Experience bottle to kkyleeeeesa for $80,000.
[18:54:48] > kkyleeeeesa added x64 Experience bottle in auction for 90000.
[18:54:58] > kkyleeeeesa added x64 Experience bottle in auction for 90000.
[18:55:10] > kkyleeeeesa added x64 Experience bottle in auction for 90000.
[18:55:18] > TostyZura buy x64 Experience bottle to kkyleeeeesa for $90,000.
[18:55:20] > TostyZura buy x64 Experience bottle to kkyleeeeesa for $90,000.
[18:55:21] > TostyZura buy x64 Experience bottle to kkyleeeeesa for $90,000.
[18:55:26] > kkyleeeeesa added x64 Experience bottle in auction for 90000.
[18:55:36] > kkyleeeeesa added x64 Experience bottle in auction for 90000.
[18:55:43] > TostyZura remove x64 Experience bottle from buy
[18:55:43] > TostyZura remove x64 Experience bottle from buy
[18:55:44] > TostyZura remove x64 Experience bottle from buy
[18:55:44] > TostyZura remove x64 Experience bottle from buy
[18:55:45] > TostyZura remove x64 Experience bottle from buy
[18:55:45] > TostyZura remove x64 Experience bottle from buy
[18:55:46] > TostyZura remove x64 Experience bottle from buy
[18:55:46] > TostyZura remove x64 Golden apple from buy
[18:55:53] > kkyleeeeesa added x64 Experience bottle in auction for 90000.
[18:56:08] > kkyleeeeesa added x64 Experience bottle in auction for 90000.
[19:19:05] > .Kenku1001 buy x64 Experience bottle to kkyleeeeesa for $90,000.
[19:19:10] > .Kenku1001 buy x64 Experience bottle to kkyleeeeesa for $90,000.
[19:19:14] > .Kenku1001 buy x64 Experience bottle to kkyleeeeesa for $90,000.
[19:19:17] > .Kenku1001 buy x64 Experience bottle to kkyleeeeesa for $90,000.
[19:27:21] > .Kenku1001 remove x64 Experience bottle from buy
[19:27:21] > .Kenku1001 remove x64 Experience bottle from buy
[19:27:21] > .Kenku1001 remove x64 Experience bottle from buy
[19:42:15] > x1 Iron sword on sale by giyahnpogi has just expired, it goes in the inventory of expired items.
[19:42:17] > x64 Snow block on sale by HPMR_GaMerz has just expired, it goes in the inventory of expired items.
[19:44:21] > x2 Emerald ore on sale by HPMR_GaMerz has just expired, it goes in the inventory of expired items.
[19:47:40] > .SharkyisHungry added x1 Elytra in auction for 2000000.
[19:52:58] > x1 WIGS OF ETEPNITY, bought by MrGh0st1y, has just expired, the item is definitively deleted.
[19:53:00] > .Kenku1001 remove x64 Experience bottle from buy
[19:54:47] > FRANZ_JOSEF0 added x1 §x§F§F§3§E§0§0§lDemon Lord Wings in auction for 1500000.
[19:54:47] > x1 §fElf Hat on sale by Akiesha has just expired, it goes in the inventory of expired items.
[19:55:07] > FRANZ_JOSEF0 remove x1 §x§F§F§3§E§0§0§lDemon Lord Wings from storage
[19:55:31] > .SharkyisHungry buy x1 §x§F§F§3§E§0§0§lDemon Lord Wings to JullianHuH for $800,000.
[19:57:47] > .SharkyisHungry remove x1 §x§F§F§3§E§0§0§lDemon Lord Wings from buy
[19:58:23] > FRANZ_JOSEF0 remove x2 Enchanted golden apple from storage
[19:59:16] > kkyleeeeesa added x64 Experience bottle in auction for 100000.
[19:59:30] > .Kenku1001 remove x1 Shulker Box of shulker shells from storage
[19:59:35] > kkyleeeeesa added x64 Experience bottle in auction for 100000.
[19:59:47] > kkyleeeeesa added x64 Experience bottle in auction for 100000.
[19:59:52] > Cruzia buy x64 Experience bottle to kkyleeeeesa for $100,000.
[19:59:55] > .Kenku1001 buy x64 Experience bottle to kkyleeeeesa for $100,000.
[19:59:58] > kkyleeeeesa added x64 Experience bottle in auction for 100000.
[19:59:59] > .Kenku1001 buy x64 Experience bottle to kkyleeeeesa for $100,000.
[19:59:59] > Cruzia remove x64 Experience bottle from buy
[20:00:00] > .SharkyisHungry remove x32 Pale oak sapling from storage
[20:00:03] > kkyleeeeesa remove x1 Good exp farm on /pwarp go ExpppFARM from storage
[20:00:07] > .Kenku1001 buy x64 Experience bottle to kkyleeeeesa for $100,000.
[20:00:17] > kkyleeeeesa added x64 Experience bottle in auction for 100000.
[20:00:19] > .Kenku1001 remove x64 Experience bottle from buy
[20:00:19] > .Kenku1001 remove x64 Experience bottle from buy
[20:00:19] > .Kenku1001 remove x64 Experience bottle from buy
[20:00:30] > .SharkyisHungry added x1 §x§F§F§3§E§0§0§lDemon Lord Wings in auction for 1670000.
[20:00:35] > kkyleeeeesa added x64 Experience bottle in auction for 100000.
[20:00:48] > kkyleeeeesa added x64 Experience bottle in auction for 100000.
[20:00:56] > Runz buy x1 §x§F§F§3§E§0§0§lDemon Lord Wings to .SharkyisHungry for $1,670,000.
[20:00:59] > kkyleeeeesa added x64 Experience bottle in auction for 100000.
[20:01:00] > FRANZ_JOSEF0 added x1 §x§F§F§3§E§0§0§lDemon Lord Wings in auction for 1500000.
[20:01:19] > kkyleeeeesa added x64 Experience bottle in auction for 100000.
[20:01:21] > HwanYo buy x1 §x§F§F§3§E§0§0§lDemon Lord Wings to FRANZ_JOSEF0 for $1,500,000.
[20:01:33] > Runz remove x1 §x§F§F§3§E§0§0§lDemon Lord Wings from buy
[20:01:33] > HwanYo remove x1 §x§F§F§3§E§0§0§lDemon Lord Wings from buy
[20:01:34] > HwanYo remove x1 §x§F§F§3§E§0§0§lD§x§F§F§3§8§0§0§le§x§F§F§3§2§0§0§lm§x§F§F§2§B§0§0§lo§x§F§F§2§5§0§0§ln §x§F§F§1§9§0§0§lL§x§F§F§1§3§0§0§lo§x§F§F§0§C§0§0§lr§x§F§F§0§6§0§0§ld §x§F§F§0§7§0§0§lC§x§F§F§0§E§0§0§lh§x§F§F§1§5§0§0§le§x§F§F§1§C§0§0§ls§x§F§F§2§2§0§0§lp§x§F§F§2§9§0§0§ll§x§F§F§3§0§0§0§la§x§F§F§3§7§0§0§lt§x§F§F§3§E§0§0§le from buy
[20:05:09] > HwanYo remove x1 §x§E§5§1§B§1§B§lDracula Blade from buy
[20:07:49] > .Allxnzv added x1 §f§l§x§F§C§D§0§5§CW§x§F§A§A§6§4§Au§x§F§8§7§D§3§7k§x§F§7§5§3§2§5o§x§F§5§2§A§1§2n§x§F§3§0§0§0§0g§x§F§5§2§A§1§2 §x§F§7§5§3§2§5C§x§F§8§7§D§3§7l§x§F§A§A§6§4§Au§x§F§C§D§0§5§Cb in auction for 525000.
[20:08:37] > .SharkyisHungry remove x1 Elytra from storage
[20:08:49] > .SharkyisHungry added x1 Elytra in auction for 1670000.
[20:09:46] > baba added x64 Emerald in auction for 100000.
[20:12:39] > .Kenku1001 buy x64 Experience bottle to kkyleeeeesa for $100,000.
[20:12:43] > .Kenku1001 buy x64 Experience bottle to kkyleeeeesa for $100,000.
[20:12:47] > .Kenku1001 buy x64 Experience bottle to kkyleeeeesa for $100,000.
[20:12:51] > .Kenku1001 buy x64 Experience bottle to kkyleeeeesa for $100,000.
[20:13:08] > .Kenku1001 remove x64 Experience bottle from buy
[20:13:08] > .Kenku1001 remove x64 Experience bottle from buy
[20:13:09] > .Kenku1001 remove x64 Experience bottle from buy
[20:13:09] > .Kenku1001 remove x64 Experience bottle from buy
[20:14:01] > baba remove x64 Emerald from storage
[20:27:13] > x1 §x§F§0§7§A§5§4§lZombie Apocalyptic Dagger, bought by Artdeh, has just expired, the item is definitively deleted.
[20:27:15] > Unforce01 remove x1 §f§l§8B§x§6§3§6§3§6§3a§x§7§1§7§1§7§1h§x§8§0§8§0§8§0a§x§8§E§8§E§8§Em§x§9§C§9§C§9§Cu§7t§x§9§C§9§C§9§C §x§8§E§8§E§8§EB§x§8§0§8§0§8§0o§x§7§1§7§1§7§1o§x§6§3§6§3§6§3t§8s form buy
[20:27:15] > Unforce01 remove x10 §x§F§C§D§0§5§C§lB§x§E§6§D§3§6§B§la§x§C§F§D§5§7§A§ls§x§B§9§D§8§8§9§li§x§A§2§D§A§9§8§lc §x§7§5§D§F§B§6§lC§x§5§F§E§2§C§5§lr§x§7§5§D§F§B§6§la§x§8§C§D§D§A§7§lt§x§A§2§D§A§9§8§le §x§C§F§D§5§7§A§lK§x§E§6§D§3§6§B§le§x§F§C§D§0§5§C§ly form buy
[20:28:22] > sean_kirby added x1 selling EBOOKs at /pw SHOPniSK in auction for 10000000000000.
[20:36:23] > Unforce01 added x1 Enchanted book in auction for 750000.
[20:36:49] > Johng10910 buy x64 Experience bottle to kkyleeeeesa for $100,000.
[20:36:52] > HPMR_GaMerz buy x1 §eᴡɪᴛʜᴇʀ ꜱᴋᴇʟᴇᴛᴏɴ ꜱᴘᴀᴡɴᴇʀ to lorxie for $1,000,000.
[20:36:54] > x1 Splash potion, bought by st3ph426, has just expired, the item is definitively deleted.
[20:36:54] > x1 Splash potion, bought by st3ph426, has just expired, the item is definitively deleted.
[20:36:55] > Johng10910 remove x64 Experience bottle from buy
[20:36:55] > HPMR_GaMerz buy x1 §eᴡɪᴛʜᴇʀ ꜱᴋᴇʟᴇᴛᴏɴ ꜱᴘᴀᴡɴᴇʀ to lorxie for $1,000,000.
[20:36:59] > HPMR_GaMerz buy x1 §eᴡɪᴛʜᴇʀ ꜱᴋᴇʟᴇᴛᴏɴ ꜱᴘᴀᴡɴᴇʀ to lorxie for $1,000,000.
[20:37:16] > HPMR_GaMerz buy x1 §fFarmer Hat to cinterMC for $50,000.
[20:37:20] > HPMR_GaMerz buy x1 §fAdventure Hat to Ax_ for $50,000.
[20:39:15] > baba added x64 Experience bottle in auction for 100000.
[20:42:26] > baba added x1 Enchanted book in auction for 50000.
[20:42:34] > HPMR_GaMerz buy x1 Enchanted book to baba for $50,000.
[20:46:51] > giyahnpogi added x7 Wind charge in auction for 11000.
[20:47:00] > FRANZ_JOSEF0 buy x7 Wind charge to giyahnpogi for $11,000.
[20:47:03] > giyahnpogi added x7 Wind charge in auction for 111000.
[20:47:09] > FRANZ_JOSEF0 remove x7 Wind charge from buy
[20:47:20] > HwanYo remove x64 Iron block from storage
[20:47:20] > HwanYo remove x64 Iron block from storage
[20:47:26] > HwanYo remove x64 Iron block from storage
[20:47:26] > HwanYo remove x64 Iron block from storage
[20:47:27] > HwanYo remove x64 Iron block from storage
[20:47:32] > HwanYo remove x64 Iron block from storage
[20:47:33] > HwanYo remove x1 §eʙʟᴀᴢᴇ sᴘᴀᴡɴᴇʀ from storage
[20:47:45] > HwanYo added x64 Experience bottle in auction for 90000.
[20:47:56] > HwanYo added x64 Experience bottle in auction for 90000.
[20:48:08] > HwanYo added x64 Experience bottle in auction for 90000.
[20:48:16] > HPMR_GaMerz buy x64 Experience bottle to HwanYo for $90,000.
[20:48:17] > HPMR_GaMerz buy x64 Experience bottle to HwanYo for $90,000.
[20:48:18] > HPMR_GaMerz buy x64 Experience bottle to HwanYo for $90,000.
[20:48:20] > HwanYo added x64 Experience bottle in auction for 90000.
[20:48:39] > HwanYo added x64 Experience bottle in auction for 90000.
[20:48:57] > HwanYo added x64 Experience bottle in auction for 90000.
[20:49:10] > HwanYo added x64 Experience bottle in auction for 90000.
[20:49:14] > giyahnpogi added x7 Wind charge in auction for 11111.
[20:49:29] > giyahnpogi added x7 Wind charge in auction for 1111.
[20:49:39] > HwanYo added x64 Experience bottle in auction for 90000.
[20:49:48] > giyahnpogi added x6 Wind charge in auction for 11111.
[20:49:50] > HwanYo added x64 Experience bottle in auction for 90000.
[20:50:01] > HwanYo added x64 Experience bottle in auction for 90000.
[20:50:05] > giyahnpogi added x44 Wind charge in auction for 88000.
[20:50:23] > HPMR_GaMerz buy x44 Wind charge to giyahnpogi for $88,000.
[21:01:19] > TostyZura buy x64 Experience bottle to HwanYo for $90,000.
[21:01:20] > TostyZura buy x64 Experience bottle to HwanYo for $90,000.
[21:01:22] > TostyZura buy x64 Experience bottle to HwanYo for $90,000.
[21:01:27] > TostyZura buy x2 Enchanted golden apple to Cooldoggiexd for $100,000.
[21:01:29] > TostyZura buy x64 Experience bottle to HwanYo for $90,000.
[21:01:33] > TostyZura buy x1 Enchanted golden apple to CallMeAxo for $50,000.
[21:01:38] > TostyZura remove x2 Enchanted golden apple from buy
[21:01:39] > TostyZura remove x1 Enchanted golden apple from buy
[21:01:40] > TostyZura remove x64 Experience bottle from buy
[21:01:40] > TostyZura remove x64 Experience bottle from buy
[21:01:41] > TostyZura remove x64 Experience bottle from buy
[21:05:06] > x6 Phantom membrane on sale by Seris00 has just expired, it goes in the inventory of expired items.
[21:11:28] > HwanYo added x64 Experience bottle in auction for 95000.
[21:11:39] > HwanYo added x64 Experience bottle in auction for 95000.
[21:11:51] > HwanYo added x64 Experience bottle in auction for 95000.
[21:12:01] > HwanYo added x64 Experience bottle in auction for 95000.
[21:12:31] > HPMR_GaMerz remove x64 Experience bottle from buy
[21:12:32] > HPMR_GaMerz remove x64 Experience bottle from buy
[21:12:32] > HPMR_GaMerz remove x64 Experience bottle from buy
[21:13:25] > HPMR_GaMerz buy x64 Experience bottle to HwanYo for $95,000.
[21:13:27] > HPMR_GaMerz buy x64 Experience bottle to HwanYo for $95,000.
[21:13:29] > HPMR_GaMerz buy x64 Experience bottle to HwanYo for $95,000.
[21:13:30] > HPMR_GaMerz buy x64 Experience bottle to HwanYo for $95,000.
[21:13:32] > HPMR_GaMerz buy x64 Experience bottle to HwanYo for $90,000.
[21:13:34] > HPMR_GaMerz buy x64 Experience bottle to HwanYo for $90,000.
[21:13:36] > HPMR_GaMerz buy x64 Experience bottle to HwanYo for $90,000.
[21:13:40] > HPMR_GaMerz buy x64 Experience bottle to baba for $100,000.
[21:13:49] > HPMR_GaMerz remove x64 Experience bottle from buy
[21:13:49] > HPMR_GaMerz remove x64 Experience bottle from buy
[21:13:49] > HPMR_GaMerz remove x64 Experience bottle from buy
[21:13:50] > HPMR_GaMerz remove x64 Experience bottle from buy
[21:13:50] > HPMR_GaMerz remove x64 Experience bottle from buy
[21:13:50] > HPMR_GaMerz remove x64 Experience bottle from buy
[21:13:50] > HPMR_GaMerz remove x64 Experience bottle from buy
[21:13:51] > HPMR_GaMerz remove x64 Experience bottle from buy
[21:22:30] > HwanYo added x64 Experience bottle in auction for 100000.
[21:22:39] > HPMR_GaMerz buy x64 Experience bottle to HwanYo for $100,000.
[21:22:43] > HwanYo added x64 Experience bottle in auction for 100000.
[21:22:47] > HPMR_GaMerz buy x64 Experience bottle to HwanYo for $100,000.
[21:22:54] > HwanYo added x64 Experience bottle in auction for 100000.
[21:23:11] > HPMR_GaMerz buy x64 Experience bottle to HwanYo for $100,000.
[21:29:52] > FRANZ_JOSEF0 added x1 §x§F§F§3§E§0§0§lD§x§F§F§3§6§0§0§le§x§F§F§2§F§0§0§lm§x§F§F§2§7§0§0§lo§x§F§F§1§F§0§0§ln §x§F§F§1§0§0§0§lL§x§F§F§0§8§0§0§lo§x§F§F§0§0§0§0§lr§x§F§F§0§8§0§0§ld §x§F§F§1§7§0§0§lS§x§F§F§1§F§0§0§lh§x§F§F§2§7§0§0§li§x§F§F§2§F§0§0§le§x§F§F§3§6§0§0§ll§x§F§F§3§E§0§0§ld in auction for 400000.
[21:31:17] > Unforce01 added x1 §x§F§F§3§E§0§0§lDemon Lord Wings in auction for 1250000.
[21:31:41] > .SharkyisHungry buy x1 §x§F§F§3§E§0§0§lDemon Lord Wings to Unforce01 for $1,250,000.
[21:31:45] > Unforce01 remove x1 Enchanted book from storage
[21:31:54] > Unforce01 added x1 Enchanted book in auction for 500000.
[21:33:04] > HwanYo added x1 §x§F§F§3§E§0§0§lDemon Lord Wings in auction for 2000000.
[21:35:24] > Johng10910 buy x1 §x§F§F§3§E§0§0§lD§x§F§F§3§6§0§0§le§x§F§F§2§F§0§0§lm§x§F§F§2§7§0§0§lo§x§F§F§1§F§0§0§ln §x§F§F§1§0§0§0§lL§x§F§F§0§8§0§0§lo§x§F§F§0§0§0§0§lr§x§F§F§0§8§0§0§ld §x§F§F§1§7§0§0§lS§x§F§F§1§F§0§0§lh§x§F§F§2§7§0§0§li§x§F§F§2§F§0§0§le§x§F§F§3§6§0§0§ll§x§F§F§3§E§0§0§ld to baba for $250,000.
[21:35:32] > x1 §x§F§F§5§5§0§0§lsᴇʟʟᴡᴀɴᴅ §6- 5.0x, bought by CoreyNabuko, has just expired, the item is definitively deleted.
[21:35:34] > Johng10910 remove x1 §x§F§F§3§E§0§0§lD§x§F§F§3§6§0§0§le§x§F§F§2§F§0§0§lm§x§F§F§2§7§0§0§lo§x§F§F§1§F§0§0§ln §x§F§F§1§0§0§0§lL§x§F§F§0§8§0§0§lo§x§F§F§0§0§0§0§lr§x§F§F§0§8§0§0§ld §x§F§F§1§7§0§0§lS§x§F§F§1§F§0§0§lh§x§F§F§2§7§0§0§li§x§F§F§2§F§0§0§le§x§F§F§3§6§0§0§ll§x§F§F§3§E§0§0§ld from buy
[21:38:44] > Trv added x1 §x§5§C§C§F§F§C§lC§x§5§C§D§1§F§5§lo§x§5§D§D§4§E§E§ls§x§5§D§D§6§E§7§lm§x§5§E§D§9§E§1§le§x§5§E§D§B§D§A§lt§x§5§E§D§D§D§3§li§x§5§F§E§0§C§C§lc §x§5§F§E§0§C§C§lH§x§5§E§D§D§D§3§la§x§5§E§D§B§D§A§lt§x§5§E§D§9§E§1§ls §x§5§D§D§4§E§E§lK§x§5§C§D§1§F§5§le§x§5§C§C§F§F§C§ly in auction for 100000.
[21:38:53] > Cooldoggiexd added x2 Enchanted golden apple in auction for 50000.
[21:39:15] > FRANZ_JOSEF0 added x1 §x§5§C§C§F§F§C§lC§x§5§C§D§1§F§5§lo§x§5§D§D§4§E§E§ls§x§5§D§D§6§E§7§lm§x§5§E§D§9§E§1§le§x§5§E§D§B§D§A§lt§x§5§E§D§D§D§3§li§x§5§F§E§0§C§C§lc §x§5§F§E§0§C§C§lH§x§5§E§D§D§D§3§la§x§5§E§D§B§D§A§lt§x§5§E§D§9§E§1§ls §x§5§D§D§4§E§E§lK§x§5§C§D§1§F§5§le§x§5§C§C§F§F§C§ly in auction for 40000.
[21:39:20] > giyahnpogi added x1 §fCat Plushie (British Shorthair) §6(#15/101) in auction for 700000.
[21:39:24] > koshie remove x64 Shulker shell from buy
[21:39:24] > .Allxnzv added x1 §2Franck in auction for 50000.
[21:39:28] > Cooldoggiexd added x1 §fSun Visor Hat in auction for 10000.
[21:39:34] > FRANZ_JOSEF0 added x2 Enchanted golden apple in auction for 20000.
[21:39:35] > HPMR_GaMerz buy x1 §fSun Visor Hat to Cooldoggiexd for $10,000.
[21:39:39] > HPMR_GaMerz buy x1 §2Franck to .Allxnzv for $50,000.
[21:39:40] > omikiyomi added x1 §eɪʀᴏɴ ɢᴏʟᴇᴍ sᴘᴀᴡɴᴇʀ in auction for 450000.
[21:39:43] > HPMR_GaMerz buy x1 §eɪʀᴏɴ ɢᴏʟᴇᴍ sᴘᴀᴡɴᴇʀ to omikiyomi for $450,000.
[21:39:52] > giyahnpogi remove x1 §fElf Hat from buy
[21:39:53] > giyahnpogi remove x1 §fElf Hat from buy
[21:39:54] > giyahnpogi remove x1 §fMagician Hat from buy
[21:39:54] > Ax_ added x1 Shulker shell in auction for 6000.
[21:39:57] > cinterMC added x1 §fFlower Crown Hat in auction for 10000.
[21:39:58] > HPMR_GaMerz buy x1 Shulker shell to Ax_ for $6,000.
[21:40:04] > HPMR_GaMerz buy x1 §fFlower Crown Hat to cinterMC for $10,000.
[21:40:10] > cinterMC added x1 §eᴡɪᴛᴄʜ ꜱᴘᴀᴡɴᴇʀ in auction for 700000.
[21:40:13] > HwanYo buy x1 §eᴡɪᴛᴄʜ ꜱᴘᴀᴡɴᴇʀ to cinterMC for $700,000.
[21:41:11] > .Allxnzv added x1 §fGarden Hat in auction for 25000.
[21:41:13] > HwanYo remove x1 §eᴡɪᴛᴄʜ ꜱᴘᴀᴡɴᴇʀ from buy
[21:41:21] > HPMR_GaMerz buy x1 §fGarden Hat to .Allxnzv for $25,000.
[21:41:34] > .Allxnzv added x1 Shulker shell in auction for 25000.
[21:41:50] > FRANZ_JOSEF0 buy x1 §f§l§8B§x§6§3§6§3§6§3a§x§7§1§7§1§7§1h§x§8§0§8§0§8§0a§x§8§E§8§E§8§Em§x§9§C§9§C§9§Cu§7t§x§9§C§9§C§9§C §x§8§E§8§E§8§ES§x§8§0§8§0§8§0p§x§7§1§7§1§7§1e§x§6§3§6§3§6§3a§8r to tic_sz for $800,000.
[21:41:52] > Padjibarr buy x1 §fCat Plushie (British Shorthair) §6(#15/101) to giyahnpogi for $700,000.
[21:41:55] > FRANZ_JOSEF0 remove x1 §f§l§8B§x§6§3§6§3§6§3a§x§7§1§7§1§7§1h§x§8§0§8§0§8§0a§x§8§E§8§E§8§Em§x§9§C§9§C§9§Cu§7t§x§9§C§9§C§9§C §x§8§E§8§E§8§ES§x§8§0§8§0§8§0p§x§7§1§7§1§7§1e§x§6§3§6§3§6§3a§8r from buy
[21:41:59] > Padjibarr remove x1 §fCat Plushie (British Shorthair) §6(#15/101) form buy
[21:42:09] > TostyZura added x1 §fAxolotl Plushie in auction for 800000.
[21:42:45] > .Allxnzv added x1 §f§x§4§1§B§C§4§2D§x§4§5§C§3§5§3r§x§4§9§C§9§6§3o§x§4§D§D§0§7§4w§x§5§1§D§7§8§5n§x§5§6§D§E§9§6e§x§5§A§E§4§A§6d§x§5§E§E§B§B§7 §x§6§2§F§2§C§8H§x§6§6§F§8§D§8a§x§6§A§F§F§E§9t in auction for 50000.
[21:43:18] > HPMR_GaMerz buy x1 §f§x§4§1§B§C§4§2D§x§4§5§C§3§5§3r§x§4§9§C§9§6§3o§x§4§D§D§0§7§4w§x§5§1§D§7§8§5n§x§5§6§D§E§9§6e§x§5§A§E§4§A§6d§x§5§E§E§B§B§7 §x§6§2§F§2§C§8H§x§6§6§F§8§D§8a§x§6§A§F§F§E§9t to .Allxnzv for $50,000.
[21:43:21] > HPMR_GaMerz buy x2 Enchanted golden apple to FRANZ_JOSEF0 for $20,000.
[21:43:25] > HPMR_GaMerz buy x2 Enchanted golden apple to Cooldoggiexd for $50,000.
[21:45:55] > HwanYo added x64 Experience bottle in auction for 100000.
[21:46:06] > HwanYo added x64 Experience bottle in auction for 100000.
[21:46:16] > TostyZura remove x1 §fAxolotl Plushie form storage
[21:46:21] > TostyZura added x1 §fAxolotl Plushie in auction for 600000.
[21:46:24] > HwanYo added x64 Experience bottle in auction for 100000.
[21:46:34] > Cooldoggiexd added x5 §x§F§C§9§0§5§C§lE§x§E§6§9§C§6§B§lp§x§C§F§A§7§7§A§li§x§B§9§B§3§8§9§lc §x§8§C§C§B§A§7§lC§x§7§5§D§6§B§6§lr§x§5§F§E§2§C§5§la§x§7§9§D§4§B§4§lt§x§9§3§C§7§A§2§le §x§C§8§A§B§7§F§lK§x§E§2§9§E§6§E§le§x§F§C§9§0§5§C§ly in auction for 10000.
[21:46:48] > HwanYo added x64 Experience bottle in auction for 100000.
[21:46:49] > cinterMC buy x5 §x§F§C§9§0§5§C§lE§x§E§6§9§C§6§B§lp§x§C§F§A§7§7§A§li§x§B§9§B§3§8§9§lc §x§8§C§C§B§A§7§lC§x§7§5§D§6§B§6§lr§x§5§F§E§2§C§5§la§x§7§9§D§4§B§4§lt§x§9§3§C§7§A§2§le §x§C§8§A§B§7§F§lK§x§E§2§9§E§6§E§le§x§F§C§9§0§5§C§ly to Cooldoggiexd for $10,000.
[21:46:51] > Johng10910 buy x64 Experience bottle to HwanYo for $100,000.
[21:46:59] > Johng10910 remove x64 Experience bottle from buy
[21:47:00] > cinterMC remove x5 §x§F§C§9§0§5§C§lE§x§E§6§9§C§6§B§lp§x§C§F§A§7§7§A§li§x§B§9§B§3§8§9§lc §x§8§C§C§B§A§7§lC§x§7§5§D§6§B§6§lr§x§5§F§E§2§C§5§la§x§7§9§D§4§B§4§lt§x§9§3§C§7§A§2§le §x§C§8§A§B§7§F§lK§x§E§2§9§E§6§E§le§x§F§C§9§0§5§C§ly from buy
[21:47:00] > HwanYo added x64 Experience bottle in auction for 100000.
[21:47:13] > HwanYo added x64 Experience bottle in auction for 100000.
[21:47:29] > HwanYo added x64 Experience bottle in auction for 100000.
[21:48:18] > .SharkyisHungry added x1 §esᴘɪᴅᴇʀ sᴘᴀᴡɴᴇʀ in auction for 300000.
[21:48:26] > HPMR_GaMerz buy x1 §esᴘɪᴅᴇʀ sᴘᴀᴡɴᴇʀ to .SharkyisHungry for $300,000.
[21:48:28] > HPMR_GaMerz buy x64 Experience bottle to HwanYo for $100,000.
[21:48:29] > HPMR_GaMerz buy x64 Experience bottle to HwanYo for $100,000.
[21:48:30] > HPMR_GaMerz buy x64 Experience bottle to HwanYo for $100,000.
[21:48:32] > HPMR_GaMerz buy x64 Experience bottle to HwanYo for $100,000.
[21:48:33] > HPMR_GaMerz buy x64 Experience bottle to HwanYo for $100,000.
[21:48:35] > HPMR_GaMerz buy x64 Experience bottle to HwanYo for $100,000.
[21:49:50] > .SharkyisHungry remove x1 §bEntropy Crystal §8(§310,000§8) from storage
[21:50:35] > .SharkyisHungry remove x1 §x§F§F§3§E§0§0§lDemon Lord Wings from buy
[21:50:59] > HwanYo added x64 Experience bottle in auction for 100000.
[21:51:02] > .SharkyisHungry added x1 §x§F§F§3§E§0§0§lDemon Lord Wings in auction for 2000000.
[21:51:08] > HPMR_GaMerz buy x64 Experience bottle to HwanYo for $100,000.
[21:51:11] > HwanYo added x64 Experience bottle in auction for 100000.
[21:51:33] > HwanYo added x64 Experience bottle in auction for 100000.
[21:51:46] > HwanYo added x64 Experience bottle in auction for 100000.
[21:51:57] > giyahnpogi added x1 §fFrog Plushie §6(#37/101) in auction for 900000.
[21:51:58] > HwanYo added x64 Experience bottle in auction for 100000.
[21:52:18] > giyahnpogi added x1 §x§F§F§3§E§0§0§lD§x§F§F§3§7§0§0§le§x§F§F§3§0§0§0§lm§x§F§F§2§9§0§0§lo§x§F§F§2§2§0§0§ln §x§F§F§1§5§0§0§lL§x§F§F§0§E§0§0§lo§x§F§F§0§7§0§0§lr§x§F§F§0§0§0§0§ld §x§F§F§0§E§0§0§lF§x§F§F§1§5§0§0§lr§x§F§F§1§C§0§0§la§x§F§F§2§2§0§0§lg§x§F§F§2§9§0§0§lm§x§F§F§3§0§0§0§le§x§F§F§3§7§0§0§ln§x§F§F§3§E§0§0§lt in auction for 100000.
[21:52:18] > HwanYo added x64 Experience bottle in auction for 100000.
[21:52:26] > IloveNeighBorsBo buy x1 Iron helmet to Alexfromhere for $2,000.
[21:52:32] > giyahnpogi added x1 §x§F§F§3§E§0§0§lD§x§F§F§3§7§0§0§le§x§F§F§3§0§0§0§lm§x§F§F§2§9§0§0§lo§x§F§F§2§2§0§0§ln §x§F§F§1§5§0§0§lL§x§F§F§0§E§0§0§lo§x§F§F§0§7§0§0§lr§x§F§F§0§0§0§0§ld §x§F§F§0§E§0§0§lF§x§F§F§1§5§0§0§lr§x§F§F§1§C§0§0§la§x§F§F§2§2§0§0§lg§x§F§F§2§9§0§0§lm§x§F§F§3§0§0§0§le§x§F§F§3§7§0§0§ln§x§F§F§3§E§0§0§lt in auction for 100000.
[21:52:38] > HwanYo added x64 Experience bottle in auction for 100000.
[21:52:47] > giyahnpogi added x1 §x§F§F§3§E§0§0§lD§x§F§F§3§7§0§0§le§x§F§F§3§0§0§0§lm§x§F§F§2§9§0§0§lo§x§F§F§2§2§0§0§ln §x§F§F§1§5§0§0§lL§x§F§F§0§E§0§0§lo§x§F§F§0§7§0§0§lr§x§F§F§0§0§0§0§ld §x§F§F§0§E§0§0§lF§x§F§F§1§5§0§0§lr§x§F§F§1§C§0§0§la§x§F§F§2§2§0§0§lg§x§F§F§2§9§0§0§lm§x§F§F§3§0§0§0§le§x§F§F§3§7§0§0§ln§x§F§F§3§E§0§0§lt in auction for 100000.
[21:53:05] > HwanYo buy x1 §fAxolotl Plushie to TostyZura for $600,000.
[21:53:10] > HwanYo remove x1 §fAxolotl Plushie from buy
[21:54:51] > HwanYo buy x1 Enchanted book to Unforce01 for $500,000.
[22:04:29] > MrGh0st1y added x1 §x§E§5§1§B§1§B§lDracula Hoe in auction for 10000.
[22:06:28] > HEYkay27 remove x64 Wind charge from storage
[22:06:42] > HEYkay27 remove x1 §fSun Visor Hat form buy
[22:06:51] > x64 Gunpowder, item of st3ph426, has just expired, the item is definitively deleted.
[22:06:51] > x31 Gunpowder, item of st3ph426, has just expired, the item is definitively deleted.
[22:06:51] > x1 §x§E§E§0§0§0§0§lᴜɴʟɪᴍɪᴛᴇᴅ sᴇʟʟᴡᴀɴᴅ, item of MilkeBread, has just expired, the item is definitively deleted.
[22:06:51] > x1 Buying dracula chestplate ,msg me or nicoso12, item of kopo555, has just expired, the item is definitively deleted.
[22:06:51] > x1 Gunpowder, item of st3ph426, has just expired, the item is definitively deleted.
[22:06:51] > x1 §f§l§x§F§C§D§0§5§CW§x§F§B§A§D§4§Du§x§F§9§8§B§3§Dk§x§F§8§6§8§2§Eo§x§F§6§4§5§1§Fn§x§F§5§2§3§0§Fg§x§F§3§0§0§0§0 §x§F§5§2§3§0§FH§x§F§6§4§5§1§Fa§x§F§8§6§8§2§Em§x§F§9§8§B§3§Dm§x§F§B§A§D§4§De§x§F§C§D§0§5§Cr, item of ahzii, has just expired, the item is definitively deleted.
[22:06:51] > x1 §f§l§x§F§C§D§0§5§CW§x§F§A§A§2§4§8u§x§F§8§7§4§3§3k§x§F§6§4§5§1§Fo§x§F§4§1§7§0§Ang§x§F§6§4§5§1§F §x§F§8§7§4§3§3A§x§F§A§A§2§4§8x§x§F§C§D§0§5§Ce, item of ahzii, has just expired, the item is definitively deleted.
[22:06:51] > x1 §esʜᴇᴇᴘ sᴘᴀᴡɴᴇʀ, item of st3ph426, has just expired, the item is definitively deleted.
[22:06:51] > x5 Creeper Spawner, item of MilkeBread, has just expired, the item is definitively deleted.
[22:06:51] > x1 §f§l§x§8§A§0§0§F§FS§x§9§C§0§0§D§5h§x§A§D§0§0§A§Ai§x§B§F§0§0§8§0n§x§D§0§0§0§5§5e§x§E§2§0§0§2§B §x§F§3§0§0§0§0O§x§E§2§0§0§2§An§x§D§0§0§0§5§5i§x§B§F§0§0§8§0 §x§A§D§0§0§A§AH§x§9§C§0§0§D§5o§x§8§A§0§0§F§Fe, item of MaxKian, has just expired, the item is definitively deleted.
[22:06:51] > x1 §fHorns, item of Raylii, has just expired, the item is definitively deleted.
[22:06:51] > x1 §x§F§F§7§C§0§0§lSteamsparks Shovel, item of Forcebenzz, has just expired, the item is definitively deleted.
[22:06:51] > x1 §f§l§x§F§C§D§0§5§CW§x§F§B§A§D§4§Du§x§F§9§8§B§3§Dk§x§F§8§6§8§2§Eo§x§F§6§4§5§1§Fn§x§F§5§2§3§0§Fg§x§F§3§0§0§0§0 §x§F§5§2§3§0§FS§x§F§6§4§5§1§Fh§x§F§8§6§8§2§Ei§x§F§9§8§B§3§De§x§F§B§A§D§4§Dl§x§F§C§D§0§5§Cd, item of Pewpew, has just expired, the item is definitively deleted.
[22:06:51] > x1 §f§l§x§F§C§D§0§5§CW§x§F§B§B§6§5§1u§x§F§A§9§C§4§5k§x§F§9§8§2§3§Ao§x§F§8§6§8§2§En§x§F§6§4§E§2§3g§x§F§5§3§4§1§7 §x§F§4§1§A§0§CG§x§F§3§0§0§0§0r§x§F§4§1§A§0§Ce§x§F§5§3§4§1§7a§x§F§6§4§E§2§3t§x§F§8§6§8§2§Es§x§F§9§8§2§3§Aw§x§F§A§9§C§4§5o§x§F§B§B§6§5§1r§x§F§C§D§0§5§Cd, item of koshie, has just expired, the item is definitively deleted.
[22:06:51] > x1 §f§l§x§F§C§D§0§5§CW§x§F§A§A§A§4§Bu§x§F§9§8§4§3§Bk§x§F§7§5§F§2§Ao§x§F§5§3§9§1§9n§x§F§4§1§3§0§8g §x§F§5§3§9§1§9S§x§F§7§5§F§2§At§x§F§9§8§4§3§Ba§x§F§A§A§A§4§Bf§x§F§C§D§0§5§Cf, item of koshie, has just expired, the item is definitively deleted.
[22:06:51] > x1 §x§F§F§3§E§0§0§lD§x§F§F§3§5§0§0§le§x§F§F§2§C§0§0§lm§x§F§F§2§3§0§0§lo§x§F§F§1§B§0§0§ln §x§F§F§0§9§0§0§lL§x§F§F§0§0§0§0§lo§x§F§F§0§A§0§0§lr§x§F§F§1§5§0§0§ld §x§F§F§2§9§0§0§lA§x§F§F§3§4§0§0§lx§x§F§F§3§E§0§0§le, item of Forcebenzz, has just expired, the item is definitively deleted.
[22:06:54] > HEYkay27 remove x64 Wind charge form expire
[22:24:13] > El3ctric_Ey3 buy x1 §x§E§5§1§B§1§B§lDracula Hoe to MrGh0st1y for $10,000.
[22:24:26] > El3ctric_Ey3 remove x1 §x§E§5§1§B§1§B§lDracula Hoe from buy
[22:25:59] > giyahnpogi buy x1 §eᴄʀᴇᴇᴘᴇʀ sᴘᴀᴡɴᴇʀ to lorxie for $600,000.
[22:26:07] > giyahnpogi buy x1 §eᴄʀᴇᴇᴘᴇʀ sᴘᴀᴡɴᴇʀ to lorxie for $600,000.
[22:28:52] > .EqualNitrogen buy x1 Nether star to Axshiryu for $20,000.
[22:29:03] > .EqualNitrogen buy x2 Nether star to Akiesha for $100,000.
[22:29:50] > x1 §x§E§5§1§B§1§B§lDracula Helmet on sale by Seris00 has just expired, it goes in the inventory of expired items.
[22:30:11] > .EqualNitrogen remove x1 Nether star from buy
[22:30:13] > .EqualNitrogen remove x2 Nether star from buy
[22:30:13] > .SharkyisHungry remove x1 §x§F§F§3§E§0§0§lDemon Lord Wings from storage
[22:30:15] > .SharkyisHungry remove x1 Elytra from storage
[22:31:02] > .SharkyisHungry added x1 Elytra in auction for 1450000.
[22:31:18] > .SharkyisHungry added x1 §x§F§F§3§E§0§0§lDemon Lord Wings in auction for 1989898.
[22:31:42] > lorxie remove x1 §eᴢᴏᴍʙɪᴇ sᴘᴀᴡɴᴇʀ form storage
[22:31:42] > lorxie remove x1 §eᴢᴏᴍʙɪᴇ sᴘᴀᴡɴᴇʀ form storage
[22:31:42] > lorxie remove x1 §eᴄʀᴇᴇᴘᴇʀ sᴘᴀᴡɴᴇʀ form storage
[22:32:22] > lorxie added x1 §eᴄʀᴇᴇᴘᴇʀ sᴘᴀᴡɴᴇʀ in auction for 750000.
[22:32:29] > .SharkyisHungry added x1 FEMBOY CRUSHER in auction for 550000.
[22:32:44] > Jeax remove x1 §fAdventure Hat form storage
[22:32:44] > Jeax remove x1 §x§5§C§C§F§F§C§lC§x§5§C§D§1§F§5§lo§x§5§D§D§4§E§E§ls§x§5§D§D§6§E§7§lm§x§5§E§D§9§E§1§le§x§5§E§D§B§D§A§lt§x§5§E§D§D§D§3§li§x§5§F§E§0§C§C§lc §x§5§F§E§0§C§C§lH§x§5§E§D§D§D§3§la§x§5§E§D§B§D§A§lt§x§5§E§D§9§E§1§ls §x§5§D§D§4§E§E§lK§x§5§C§D§1§F§5§le§x§5§C§C§F§F§C§ly form storage
[22:33:04] > Jeax added x1 §x§5§C§C§F§F§C§lC§x§5§C§D§1§F§5§lo§x§5§D§D§4§E§E§ls§x§5§D§D§6§E§7§lm§x§5§E§D§9§E§1§le§x§5§E§D§B§D§A§lt§x§5§E§D§D§D§3§li§x§5§F§E§0§C§C§lc §x§5§F§E§0§C§C§lH§x§5§E§D§D§D§3§la§x§5§E§D§B§D§A§lt§x§5§E§D§9§E§1§ls §x§5§D§D§4§E§E§lK§x§5§C§D§1§F§5§le§x§5§C§C§F§F§C§ly in auction for 40000.
[22:33:28] > .EqualNitrogen buy x58 Iron block to Alexfromhere for $30,000.
[22:34:01] > SP3CC_ added x1 §x§F§F§5§5§0§0§lsᴇʟʟᴡᴀɴᴅ §6- 10.0x in auction for 1200000.
[22:34:40] > .EqualNitrogen remove x10 Iron block from buy
[22:34:43] > Jeax added x1 §fAdventure Hat in auction for 50000.
[22:45:54] > giyahnpogi remove x1 §fFrog Plushie §6(#37/101) from storage
[22:48:36] > x1 §x§C§9§A§7§F§C§lL§x§B§D§A§E§F§6§le§x§B§1§B§4§F§0§lg§x§A§6§B§B§E§A§le§x§9§A§C§1§E§4§ln§x§8§E§C§8§D§D§ld§x§8§2§C§E§D§7§la§x§7§7§D§5§D§1§lr§x§6§B§D§B§C§B§ly §x§6§B§D§B§C§B§lC§x§7§7§D§5§D§1§lr§x§8§2§C§E§D§7§la§x§8§E§C§8§D§D§lt§x§9§A§C§1§E§4§le §x§B§1§B§4§F§0§lK§x§B§D§A§E§F§6§le§x§C§9§A§7§F§C§ly on sale by sdxd_12 has just expired, it goes in the inventory of expired items.
[22:48:36] > x1 §x§E§5§1§B§1§B§lDracula Battleaxe on sale by Cooldoggiexd has just expired, it goes in the inventory of expired items.
[22:48:45] > HwanYo buy x1 §x§F§F§5§5§0§0§lsᴇʟʟᴡᴀɴᴅ §6- 10.0x to SP3CC_ for $1,200,000.
[22:50:48] > x1 §x§E§E§0§0§0§0§lᴜɴʟɪᴍɪᴛᴇᴅ sᴇʟʟᴡᴀɴᴅ, item of MrHappy, has just expired, the item is definitively deleted.
[22:50:53] > MrGh0st1y remove x1 §x§F§F§7§C§0§0§lSteamsparks Shield from expire
[22:51:01] > MrGh0st1y added x1 §x§F§F§7§C§0§0§lSteamsparks Shield in auction for 20000.
[22:52:30] > HwanYo remove x1 Enchanted book from buy
[22:52:31] > HwanYo remove x1 §x§F§F§5§5§0§0§lsᴇʟʟᴡᴀɴᴅ §6- 10.0x from buy
[22:53:36] > baba added x64 Melon slice in auction for 10000.
[22:53:47] > baba added x64 Melon slice in auction for 10000.
[22:54:02] > HPMR_GaMerz buy x64 Experience bottle to HwanYo for $100,000.
[22:54:04] > HPMR_GaMerz buy x64 Experience bottle to HwanYo for $100,000.
[22:54:05] > HPMR_GaMerz buy x64 Experience bottle to HwanYo for $100,000.
[22:54:07] > HPMR_GaMerz buy x64 Experience bottle to HwanYo for $100,000.
[22:54:09] > HPMR_GaMerz buy x64 Experience bottle to HwanYo for $100,000.
[22:54:10] > HPMR_GaMerz buy x64 Experience bottle to HwanYo for $100,000.
[23:14:56] > baba added x64 Experience bottle in auction for 100000.
[23:16:32] > .SharkyisHungry remove x1 §f§l§x§F§C§D§0§5§CW§x§F§B§B§0§4§Eu§x§F§9§9§0§4§0k§x§F§8§7§0§3§2o§x§F§6§5§0§2§3n§x§F§5§3§0§1§5g§x§F§4§1§0§0§7 P§x§F§5§3§0§1§5i§x§F§6§5§0§2§3c§x§F§8§7§0§3§2k§x§F§9§9§0§4§0a§x§F§B§B§0§4§Ex§x§F§C§D§0§5§Ce from storage
[23:16:34] > .SharkyisHungry remove x1 §x§F§0§7§A§5§4§lZombie Apocalyptic Halberd from storage
[23:17:21] > HPMR_GaMerz remove x1 Shulker shell from buy
[23:17:23] > .SharkyisHungry remove x1 FEMBOY CRUSHER from storage
[23:18:06] > .SharkyisHungry added x1 FEMBOY CRUSHER in auction for 550000.
[23:22:08] > .SharkyisHungry remove x1 FEMBOY CRUSHER from storage
[23:36:26] > x1 §x§F§F§3§E§0§0§lD§x§F§F§3§5§0§0§le§x§F§F§2§C§0§0§lm§x§F§F§2§3§0§0§lo§x§F§F§1§B§0§0§ln §x§F§F§0§9§0§0§lL§x§F§F§0§0§0§0§lo§x§F§F§0§A§0§0§lr§x§F§F§1§5§0§0§ld §x§F§F§2§9§0§0§lH§x§F§F§3§4§0§0§lo§x§F§F§3§E§0§0§le on sale by octopus_01 has just expired, it goes in the inventory of expired items.
[23:36:26] > grit_zy added x1 Enchanted book in auction for 1000.
[23:36:29] > DanRaiv buy x1 Enchanted book to grit_zy for $1,000.
[23:36:37] > DanRaiv remove x1 Enchanted book from buy
[23:59:26] > baba added x1 Netherite upgrade smithing template in auction for 250000.
[00:01:58] > baba remove x1 Netherite upgrade smithing template from storage
[00:14:18] > lorxie added x1 §eᴢᴏᴍʙɪᴇ sᴘᴀᴡɴᴇʀ in auction for 600000.
[00:14:30] > .Kenku1001 buy x1 §eᴢᴏᴍʙɪᴇ sᴘᴀᴡɴᴇʀ to lorxie for $600,000.
[00:14:31] > lorxie added x1 §eᴢᴏᴍʙɪᴇ sᴘᴀᴡɴᴇʀ in auction for 600000.
[00:14:54] > .Kenku1001 buy x1 §esᴋᴇʟᴇᴛᴏɴ sᴘᴀᴡɴᴇʀ to Pewpew for $800,000.
[00:19:39] > HPMR_GaMerz remove x1 §eɪʀᴏɴ ɢᴏʟᴇᴍ sᴘᴀᴡɴᴇʀ from buy
[00:20:04] > HPMR_GaMerz buy x64 Experience bottle to baba for $100,000.
[00:20:25] > HPMR_GaMerz buy x1 §fElf Hat to Ax_ for $50,000.
[00:20:30] > HPMR_GaMerz buy x1 §fAdventure Hat to Jeax for $50,000.
[00:20:38] > HPMR_GaMerz buy x1 §fMagician Hat to BlackKnight for $30,000.
[00:24:55] > Rain_Reinn remove x1 White banner from storage
[00:25:05] > Rain_Reinn remove x64 FIREWORKS AT /PWARP GO RAIN from storage
[00:25:09] > Rain_Reinn remove x1 Enchanted book from storage
[00:25:10] > Rain_Reinn remove x1 BOOKS AT /PWARP GO NBS from storage
[00:25:23] > Rain_Reinn added x1 BOOKS AT /PWARP GO NBS in auction for 999999999.
[00:25:44] > Rain_Reinn added x64 FIREWORKS AT /PWARP GO RAIN in auction for 999999999.
[00:26:02] > Rain_Reinn added x1 Enchanted book in auction for 3200.
[00:28:04] > .SharkyisHungry added x1 FEMBOY CRUSHER in auction for 475000.
[00:31:03] > baba remove x64 Melon slice from storage
[00:31:03] > baba remove x64 Melon slice from storage
[00:32:29] > .Kenku1001 buy x1 Enchanted golden apple to SydneySweetie for $150,000.
[00:32:43] > .Kenku1001 remove x1 §eᴢᴏᴍʙɪᴇ sᴘᴀᴡɴᴇʀ from buy
[00:32:44] > .Kenku1001 remove x1 §esᴋᴇʟᴇᴛᴏɴ sᴘᴀᴡɴᴇʀ from buy
[00:32:44] > .Kenku1001 remove x1 Enchanted golden apple from buy
[00:54:07] > HPMR_GaMerz buy x1 Elytra to .SharkyisHungry for $1,450,000.
[00:54:19] > HPMR_GaMerz remove x1 Elytra from buy
[00:58:54] > PrinceBGC remove x2 §x§5§C§C§F§F§C§lC§x§5§C§D§1§F§5§lo§x§5§D§D§4§E§E§ls§x§5§D§D§6§E§7§lm§x§5§E§D§9§E§1§le§x§5§E§D§B§D§A§lt§x§5§E§D§D§D§3§li§x§5§F§E§0§C§C§lc §x§5§F§E§0§C§C§lH§x§5§E§D§D§D§3§la§x§5§E§D§B§D§A§lt§x§5§E§D§9§E§1§ls §x§5§D§D§4§E§E§lK§x§5§C§D§1§F§5§le§x§5§C§C§F§F§C§ly from storage
[00:59:14] > PrinceBGC added x3 §x§5§C§C§F§F§C§lC§x§5§C§D§1§F§5§lo§x§5§D§D§4§E§E§ls§x§5§D§D§6§E§7§lm§x§5§E§D§9§E§1§le§x§5§E§D§B§D§A§lt§x§5§E§D§D§D§3§li§x§5§F§E§0§C§C§lc §x§5§F§E§0§C§C§lH§x§5§E§D§D§D§3§la§x§5§E§D§B§D§A§lt§x§5§E§D§9§E§1§ls §x§5§D§D§4§E§E§lK§x§5§C§D§1§F§5§le§x§5§C§C§F§F§C§ly in auction for 150000.
[00:59:31] > celinesanrio added x1 §eMummy Hat in auction for 10.
[01:00:51] > celinesanrio added x1 §fMedieval Hat in auction for 10.
[01:01:43] > .Kenku1001 buy x1 §eᴢᴏᴍʙɪᴇ sᴘᴀᴡɴᴇʀ to lorxie for $600,000.
[01:08:32] > giyahnpogi added x1 Bulk Redstone 80each in auction for 2500000.
[01:08:47] > HPMR_GaMerz buy x1 §eMummy Hat to celinesanrio for $10.
[01:08:50] > HPMR_GaMerz buy x1 §fMedieval Hat to celinesanrio for $10.
[01:12:51] > .Kenku1001 added x1 §f§l§8B§x§6§3§6§3§6§3a§x§7§1§7§1§7§1h§x§8§0§8§0§8§0a§x§8§E§8§E§8§Em§x§9§C§9§C§9§Cu§7t§x§9§C§9§C§9§C §x§8§E§8§E§8§EW§x§8§0§8§0§8§0i§x§7§1§7§1§7§1n§x§6§3§6§3§6§3g§8s in auction for 4500000.
[01:14:50] > giyahnpogi added x1 Bulk Fireworks in auction for 166666.
[01:14:56] > HPMR_GaMerz buy x1 Bulk Fireworks to giyahnpogi for $166,666.
[01:25:18] > giyahnpogi added x16 Gold block in auction for 288000.
[02:18:40] > Alexfromhere added x1 Diamond helmet in auction for 9500.
[02:20:19] > .Kenku1001 remove x1 §f§l§8B§x§6§3§6§3§6§3a§x§7§1§7§1§7§1h§x§8§0§8§0§8§0a§x§8§E§8§E§8§Em§x§9§C§9§C§9§Cu§7t§x§9§C§9§C§9§C §x§8§E§8§E§8§EW§x§8§0§8§0§8§0i§x§7§1§7§1§7§1n§x§6§3§6§3§6§3g§8s from storage
[02:22:28] > celinesanrio added x1 §f§l§x§C§6§D§E§F§1B§x§B§8§D§7§E§Fo§x§A§B§C§F§E§Co§x§9§D§C§8§E§As§x§8§F§C§1§E§8t§x§8§2§B§9§E§5e§x§7§4§B§2§E§3r§x§6§6§A§A§E§1 §x§5§9§A§3§D§EU§x§4§B§9§C§D§CFO§x§5§9§A§3§D§E §x§6§6§A§A§E§1C§x§7§4§B§2§E§3o§x§8§2§B§9§E§5s§x§8§F§C§1§E§8m§x§9§D§C§8§E§Ae§x§A§B§C§F§E§Ct§x§B§8§D§7§E§Fi§x§C§6§D§E§F§1c in auction for 100000000.
[02:22:30] > celinesanrio remove x1 §f§l§x§C§6§D§E§F§1B§x§B§8§D§7§E§Fo§x§A§B§C§F§E§Co§x§9§D§C§8§E§As§x§8§F§C§1§E§8t§x§8§2§B§9§E§5e§x§7§4§B§2§E§3r§x§6§6§A§A§E§1 §x§5§9§A§3§D§EU§x§4§B§9§C§D§CFO§x§5§9§A§3§D§E §x§6§6§A§A§E§1C§x§7§4§B§2§E§3o§x§8§2§B§9§E§5s§x§8§F§C§1§E§8m§x§9§D§C§8§E§Ae§x§A§B§C§F§E§Ct§x§B§8§D§7§E§Fi§x§C§6§D§E§F§1c from storage
[02:27:21] > kopo555 remove x1 Buying Bahamut armor, msg me :3 from storage
[02:30:29] > Alexfromhere added x1 Potion in auction for 8500.
[02:30:58] > Alexfromhere remove x1 Iron leggings from storage
[02:30:58] > Alexfromhere remove x1 Iron chestplate from storage
[02:30:59] > Alexfromhere remove x1 Iron boots from storage
[02:31:16] > Alexfromhere added x1 Potion in auction for 8500.
[02:31:29] > Alexfromhere added x1 Potion in auction for 8500.
[02:31:40] > .Kenku1001 buy x16 Gold block to giyahnpogi for $288,000.
[02:33:46] > kopo555 added x1 Buying Bahamut armor, @ me in auction for 100000000000.
[02:35:23] > .Kenku1001 remove x1 §eᴢᴏᴍʙɪᴇ sᴘᴀᴡɴᴇʀ from buy
[02:35:24] > .Kenku1001 remove x16 Gold block from buy
[02:45:27] > Alexfromhere added x1 Potion in auction for 8500.
[03:07:15] > baba added x64 Experience bottle in auction for 100000.
[03:23:44] > Zypher_0w0 added x64 Glowstone in auction for 640.
[03:26:23] > baba remove x64 Experience bottle from storage
[03:57:48] > SydneySweetie added x64 Experience bottle in auction for 200000.
[04:33:10] > Kanzie20 buy x1 §x§F§F§3§E§0§0§lD§x§F§F§3§7§0§0§le§x§F§F§3§0§0§0§lm§x§F§F§2§9§0§0§lo§x§F§F§2§2§0§0§ln §x§F§F§1§5§0§0§lL§x§F§F§0§E§0§0§lo§x§F§F§0§7§0§0§lr§x§F§F§0§0§0§0§ld §x§F§F§0§E§0§0§lF§x§F§F§1§5§0§0§lr§x§F§F§1§C§0§0§la§x§F§F§2§2§0§0§lg§x§F§F§2§9§0§0§lm§x§F§F§3§0§0§0§le§x§F§F§3§7§0§0§ln§x§F§F§3§E§0§0§lt to giyahnpogi for $100,000.
[04:33:16] > Kanzie20 remove x1 §x§F§F§3§E§0§0§lD§x§F§F§3§7§0§0§le§x§F§F§3§0§0§0§lm§x§F§F§2§9§0§0§lo§x§F§F§2§2§0§0§ln §x§F§F§1§5§0§0§lL§x§F§F§0§E§0§0§lo§x§F§F§0§7§0§0§lr§x§F§F§0§0§0§0§ld §x§F§F§0§E§0§0§lF§x§F§F§1§5§0§0§lr§x§F§F§1§C§0§0§la§x§F§F§2§2§0§0§lg§x§F§F§2§9§0§0§lm§x§F§F§3§0§0§0§le§x§F§F§3§7§0§0§ln§x§F§F§3§E§0§0§lt from buy
[04:34:24] > Kanzie20 added x1 §x§F§F§3§E§0§0§lD§x§F§F§3§6§0§0§le§x§F§F§2§F§0§0§lm§x§F§F§2§7§0§0§lo§x§F§F§1§F§0§0§ln §x§F§F§1§0§0§0§lL§x§F§F§0§8§0§0§lo§x§F§F§0§0§0§0§lr§x§F§F§0§8§0§0§ld §x§F§F§1§7§0§0§lS§x§F§F§1§F§0§0§li§x§F§F§2§7§0§0§lc§x§F§F§2§F§0§0§lk§x§F§F§3§6§0§0§ll§x§F§F§3§E§0§0§le in auction for 100000.
[05:03:49] > Ax_ added x1 §fWitch Hat in auction for 50000.
[05:04:03] > Ax_ added x8 Shulker shell in auction for 48000.
[05:27:23] > SydneySweetie added x1 §x§F§0§7§A§5§4§lZombie Apocalyptic Hoe in auction for 75000.
[05:51:38] > SydneySweetie remove x1 Enchanted golden apple from storage
[05:51:56] > SydneySweetie added x5 Enchanted golden apple in auction for 100000.
[05:52:03] > .Kenku1001 buy x5 Enchanted golden apple to SydneySweetie for $100,000.
[05:52:11] > .Kenku1001 remove x5 Enchanted golden apple from buy
[05:52:16] > SydneySweetie added x8 Golden apple in auction for 100000.
[05:52:59] > .Kenku1001 buy x8 Golden apple to SydneySweetie for $100,000.
[05:53:03] > .Kenku1001 buy x1 Potion to Alexfromhere for $8,500.
[05:53:09] > .Kenku1001 buy x1 Potion to Alexfromhere for $8,500.
[05:53:16] > .Kenku1001 buy x1 Potion to Alexfromhere for $8,500.
[05:54:46] > .Kenku1001 remove x8 Golden apple from buy
[06:01:05] > SydneySweetie remove x48 Experience bottle from storage
[06:05:08] > .Kenku1001 remove x1 Potion from buy
[06:05:09] > .Kenku1001 remove x1 Potion from buy
[06:05:09] > .Kenku1001 remove x1 Potion from buy
[06:47:30] > HEYkay27 added x47 Pale oak sapling in auction for 999999999990.
[07:02:51] > HEYkay27 remove x47 Pale oak sapling from storage
[07:02:59] > x1 §x§F§F§3§E§0§0§lD§x§F§F§3§7§0§0§le§x§F§F§3§0§0§0§lm§x§F§F§2§9§0§0§lo§x§F§F§2§2§0§0§ln §x§F§F§1§5§0§0§lL§x§F§F§0§E§0§0§lo§x§F§F§0§7§0§0§lr§x§F§F§0§0§0§0§ld §x§F§F§0§E§0§0§lC§x§F§F§1§5§0§0§lr§x§F§F§1§C§0§0§lo§x§F§F§2§2§0§0§ls§x§F§F§2§9§0§0§ls§x§F§F§3§0§0§0§lb§x§F§F§3§7§0§0§lo§x§F§F§3§E§0§0§lw, item of Lanzih, has just expired, the item is definitively deleted.
[07:02:59] > x1 §f§l§x§F§C§D§0§5§CW§x§F§B§B§0§4§Eu§x§F§9§9§0§4§0k§x§F§8§7§0§3§2o§x§F§6§5§0§2§3n§x§F§5§3§0§1§5g§x§F§4§1§0§0§7 H§x§F§5§3§0§1§5a§x§F§6§5§0§2§3l§x§F§8§7§0§3§2b§x§F§9§9§0§4§0e§x§F§B§B§0§4§Er§x§F§C§D§0§5§Cd, item of Acon1te_0w0, has just expired, the item is definitively deleted.
[07:02:59] > x1 §f§l§x§F§C§D§0§5§CW§x§F§B§A§D§4§Du§x§F§9§8§B§3§Dk§x§F§8§6§8§2§Eo§x§F§6§4§5§1§Fn§x§F§5§2§3§0§Fg§x§F§3§0§0§0§0 §x§F§5§2§3§0§FD§x§F§6§4§5§1§Fa§x§F§8§6§8§2§Eg§x§F§9§8§B§3§Dg§x§F§B§A§D§4§De§x§F§C§D§0§5§Cr, item of sigman, has just expired, the item is definitively deleted.
[07:03:02] > HEYkay27 remove x47 Pale oak sapling form expire
[07:03:36] > HEYkay27 added x47 Pale oak sapling in auction for 89000000.
[07:03:55] > HEYkay27 remove x47 Pale oak sapling from storage
[07:04:08] > HEYkay27 added x47 Pale oak sapling in auction for 67000000.
[08:05:40] > kkyleeeeesa added x1 exp and expbottles in /pwarp go expppfarm in auction for 9999999.
[08:33:24] > FRANZ_JOSEF0 added x1 §f§l§8B§x§6§3§6§3§6§3a§x§7§1§7§1§7§1h§x§8§0§8§0§8§0a§x§8§E§8§E§8§Em§x§9§C§9§C§9§Cu§7t§x§9§C§9§C§9§C §x§8§E§8§E§8§ES§x§8§0§8§0§8§0p§x§7§1§7§1§7§1e§x§6§3§6§3§6§3a§8r in auction for 1000000.
[08:34:08] > HwanYo added x1 §f§x§6§B§2§C§C§6G§x§7§0§3§2§C§Ca§x§7§5§3§8§D§2l§x§7§A§3§E§D§8a§x§7§F§4§4§D§Ex§x§8§4§4§9§E§5y§x§8§9§4§F§E§B §x§8§E§5§5§F§1H§x§9§3§5§B§F§7a§x§9§8§6§1§F§Dt in auction for 500000.
[08:34:22] > HwanYo remove x1 §x§F§F§3§E§0§0§lDemon Lord Wings from storage
[08:34:45] > HwanYo added x1 §x§F§F§3§E§0§0§lDemon Lord Wings in auction for 1750000.
[08:34:58] > benben929 buy x8 Shulker shell to Ax_ for $48,000.
[08:35:24] > HwanYo added x64 Experience bottle in auction for 170000.
[08:35:34] > HwanYo added x64 Experience bottle in auction for 170000.
[08:35:46] > HwanYo added x64 Experience bottle in auction for 170000.
[08:35:55] > benben929 remove x8 Shulker shell from buy
[08:35:57] > HwanYo added x64 Experience bottle in auction for 170000.
[08:36:02] > FRANZ_JOSEF0 buy x1 §x§F§F§3§E§0§0§lD§x§F§F§3§7§0§0§le§x§F§F§3§0§0§0§lm§x§F§F§2§9§0§0§lo§x§F§F§2§2§0§0§ln §x§F§F§1§5§0§0§lL§x§F§F§0§E§0§0§lo§x§F§F§0§7§0§0§lr§x§F§F§0§0§0§0§ld §x§F§F§0§E§0§0§lF§x§F§F§1§5§0§0§lr§x§F§F§1§C§0§0§la§x§F§F§2§2§0§0§lg§x§F§F§2§9§0§0§lm§x§F§F§3§0§0§0§le§x§F§F§3§7§0§0§ln§x§F§F§3§E§0§0§lt to giyahnpogi for $100,000.
[08:36:08] > FRANZ_JOSEF0 remove x1 §x§F§F§3§E§0§0§lD§x§F§F§3§7§0§0§le§x§F§F§3§0§0§0§lm§x§F§F§2§9§0§0§lo§x§F§F§2§2§0§0§ln §x§F§F§1§5§0§0§lL§x§F§F§0§E§0§0§lo§x§F§F§0§7§0§0§lr§x§F§F§0§0§0§0§ld §x§F§F§0§E§0§0§lF§x§F§F§1§5§0§0§lr§x§F§F§1§C§0§0§la§x§F§F§2§2§0§0§lg§x§F§F§2§9§0§0§lm§x§F§F§3§0§0§0§le§x§F§F§3§7§0§0§ln§x§F§F§3§E§0§0§lt from buy
[08:36:09] > HwanYo added x64 Experience bottle in auction for 170000.
[08:37:11] > FRANZ_JOSEF0 remove x1 /pwarp go FarmFranz from storage
[08:43:47] > FRANZ_JOSEF0 buy x1 §x§F§F§3§E§0§0§lD§x§F§F§3§7§0§0§le§x§F§F§3§0§0§0§lm§x§F§F§2§9§0§0§lo§x§F§F§2§2§0§0§ln §x§F§F§1§5§0§0§lL§x§F§F§0§E§0§0§lo§x§F§F§0§7§0§0§lr§x§F§F§0§0§0§0§ld §x§F§F§0§E§0§0§lF§x§F§F§1§5§0§0§lr§x§F§F§1§C§0§0§la§x§F§F§2§2§0§0§lg§x§F§F§2§9§0§0§lm§x§F§F§3§0§0§0§le§x§F§F§3§7§0§0§ln§x§F§F§3§E§0§0§lt to giyahnpogi for $100,000.
[08:43:58] > FRANZ_JOSEF0 remove x1 §x§F§F§3§E§0§0§lD§x§F§F§3§7§0§0§le§x§F§F§3§0§0§0§lm§x§F§F§2§9§0§0§lo§x§F§F§2§2§0§0§ln §x§F§F§1§5§0§0§lL§x§F§F§0§E§0§0§lo§x§F§F§0§7§0§0§lr§x§F§F§0§0§0§0§ld §x§F§F§0§E§0§0§lF§x§F§F§1§5§0§0§lr§x§F§F§1§C§0§0§la§x§F§F§2§2§0§0§lg§x§F§F§2§9§0§0§lm§x§F§F§3§0§0§0§le§x§F§F§3§7§0§0§ln§x§F§F§3§E§0§0§lt from buy
[08:46:31] > DanRaiv buy x7 Wind charge to giyahnpogi for $1,111.
[08:46:31] > benben929 added x1 Nether star in auction for 10000.
[08:46:44] > benben929 added x1 Nether star in auction for 10000.
[08:56:27] > DanDan added x1 Nether star in auction for 9500.
[08:56:34] > tic_sz buy x1 Nether star to benben929 for $10,000.
[08:56:35] > tic_sz buy x1 Nether star to benben929 for $10,000.
[08:56:36] > tic_sz buy x1 Nether star to DanDan for $9,500.
[09:02:38] > khenjieMC buy x1 §x§F§F§3§E§0§0§lD§x§F§F§3§6§0§0§le§x§F§F§2§F§0§0§lm§x§F§F§2§7§0§0§lo§x§F§F§1§F§0§0§ln §x§F§F§1§0§0§0§lL§x§F§F§0§8§0§0§lo§x§F§F§0§0§0§0§lr§x§F§F§0§8§0§0§ld §x§F§F§1§7§0§0§lS§x§F§F§1§F§0§0§li§x§F§F§2§7§0§0§lc§x§F§F§2§F§0§0§lk§x§F§F§3§6§0§0§ll§x§F§F§3§E§0§0§le to Kanzie20 for $100,000.
[09:02:52] > khenjieMC remove x1 §x§F§F§3§E§0§0§lD§x§F§F§3§6§0§0§le§x§F§F§2§F§0§0§lm§x§F§F§2§7§0§0§lo§x§F§F§1§F§0§0§ln §x§F§F§1§0§0§0§lL§x§F§F§0§8§0§0§lo§x§F§F§0§0§0§0§lr§x§F§F§0§8§0§0§ld §x§F§F§1§7§0§0§lS§x§F§F§1§F§0§0§li§x§F§F§2§7§0§0§lc§x§F§F§2§F§0§0§lk§x§F§F§3§6§0§0§ll§x§F§F§3§E§0§0§le from buy
[09:03:12] > khenjieMC added x1 §x§F§0§7§A§5§4§lZombie Apocalyptic Pistol in auction for 400000.
[09:08:37] > khenjieMC added x1 §x§5§9§A§1§D§9§lA§x§7§5§B§1§D§Fr§x§9§0§C§0§E§6c§x§A§C§D§0§E§Ch§x§C§8§E§0§F§2a§x§E§3§E§F§F§9n§fg§x§E§3§E§F§F§9e§x§C§8§E§0§F§2l §x§9§0§C§0§E§6B§x§7§5§B§1§D§Fo§x§5§9§A§1§D§9w in auction for 350000.
[09:20:55] > Keeos remove x1 Netherite upgrade smithing template from storage
[09:20:55] > Keeos remove x1 Netherite upgrade smithing template from storage
[09:20:56] > Keeos remove x1 §f§l§x§F§C§D§0§5§CW§x§F§A§A§A§4§Bu§x§F§9§8§4§3§Bk§x§F§7§5§F§2§Ao§x§F§5§3§9§1§9n§x§F§4§1§3§0§8g §x§F§5§3§9§1§9S§x§F§7§5§F§2§Ap§x§F§9§8§4§3§Be§x§F§A§A§A§4§Ba§x§F§C§D§0§5§Cr from storage
[09:20:57] > Keeos remove x1 §f§l§x§F§C§D§0§5§CW§x§F§A§A§A§4§Bu§x§F§9§8§4§3§Bk§x§F§7§5§F§2§Ao§x§F§5§3§9§1§9n§x§F§4§1§3§0§8g §x§F§5§3§9§1§9S§x§F§7§5§F§2§Ap§x§F§9§8§4§3§Be§x§F§A§A§A§4§Ba§x§F§C§D§0§5§Cr from storage
[09:20:57] > Keeos remove x1 §f§l§x§F§C§D§0§5§CW§x§F§A§A§A§4§Bu§x§F§9§8§4§3§Bk§x§F§7§5§F§2§Ao§x§F§5§3§9§1§9n§x§F§4§1§3§0§8g §x§F§5§3§9§1§9S§x§F§7§5§F§2§At§x§F§9§8§4§3§Ba§x§F§A§A§A§4§Bf§x§F§C§D§0§5§Cf from storage
[09:21:06] > Keeos added x1 §f§l§x§F§C§D§0§5§CW§x§F§A§A§A§4§Bu§x§F§9§8§4§3§Bk§x§F§7§5§F§2§Ao§x§F§5§3§9§1§9n§x§F§4§1§3§0§8g §x§F§5§3§9§1§9S§x§F§7§5§F§2§Ap§x§F§9§8§4§3§Be§x§F§A§A§A§4§Ba§x§F§C§D§0§5§Cr in auction for 200000.
[09:21:20] > Keeos added x1 Netherite upgrade smithing template in auction for 100000.
[09:22:44] > Keeos added x1 Netherite upgrade smithing template in auction for 100000.
[09:22:58] > Keeos added x1 §f§l§x§F§C§D§0§5§CW§x§F§A§A§A§4§Bu§x§F§9§8§4§3§Bk§x§F§7§5§F§2§Ao§x§F§5§3§9§1§9n§x§F§4§1§3§0§8g §x§F§5§3§9§1§9S§x§F§7§5§F§2§Ap§x§F§9§8§4§3§Be§x§F§A§A§A§4§Ba§x§F§C§D§0§5§Cr in auction for 200000.
[09:23:19] > Keeos added x1 §f§l§x§F§C§D§0§5§CW§x§F§A§A§A§4§Bu§x§F§9§8§4§3§Bk§x§F§7§5§F§2§Ao§x§F§5§3§9§1§9n§x§F§4§1§3§0§8g §x§F§5§3§9§1§9S§x§F§7§5§F§2§At§x§F§9§8§4§3§Ba§x§F§A§A§A§4§Bf§x§F§C§D§0§5§Cf in auction for 200000.
[09:23:36] > Keeos added x64 Golden apple in auction for 150000.
[09:23:48] > Keeos added x64 Golden apple in auction for 150000.
[09:34:37] > Primojem buy x1 Shulker shell to .Allxnzv for $25,000.
[09:35:28] > Primojem buy x64 Experience bottle to HwanYo for $170,000.
[09:36:06] > Primojem remove x64 Experience bottle from buy
[09:36:53] > Primojem remove x1 Shulker shell from buy
[09:36:58] > .Gabbyo21358 buy x64 Experience bottle to HwanYo for $170,000.
[09:37:20] > .Gabbyo21358 remove x64 Experience bottle from buy
[09:49:46] > PrinceBGC buy x1 §eᴄᴏᴡ sᴘᴀᴡɴᴇʀ to Pewpew for $500,000.
[09:49:53] > PrinceBGC remove x1 §eᴄᴏᴡ sᴘᴀᴡɴᴇʀ from buy
[09:53:59] > SydneySweetie added x1 Enchanted book in auction for 100000.
[10:40:25] > TheDemonBRank_ added x1 Splash potion in auction for 1000.
[10:40:39] > HwanYo buy x1 Enchanted book to SydneySweetie for $100,000.
[10:41:35] > TheDemonBRank_ remove x1 Splash potion from storage
[10:43:15] > El3ctric_Ey3 added x1 Enchanted book in auction for 1500.
[10:43:27] > st3ph426 buy x1 Enchanted book to El3ctric_Ey3 for $1,500.
[10:43:35] > El3ctric_Ey3 added x1 Enchanted book in auction for 1500.
[10:43:37] > x1 Wheat seeds, bought by Yumi, has just expired, the item is definitively deleted.
[10:43:37] > x1 §f§l§x§F§C§D§0§5§CW§x§F§B§A§D§4§Du§x§F§9§8§B§3§Dk§x§F§8§6§8§2§Eo§x§F§6§4§5§1§Fn§x§F§5§2§3§0§Fg§x§F§3§0§0§0§0 §x§F§5§2§3§0§FD§x§F§6§4§5§1§Fa§x§F§8§6§8§2§Eg§x§F§9§8§B§3§Dg§x§F§B§A§D§4§De§x§F§C§D§0§5§Cr, bought by MrGh0st1y, has just expired, the item is definitively deleted.
[10:43:40] > st3ph426 remove x1 Potion from buy
[10:43:41] > st3ph426 remove x1 Enchanted book from buy
[10:47:44] > x1 go to /pwarps PinkMobFarm on sale by frenchhee has just expired, it goes in the inventory of expired items.
[10:47:49] > .SharkyisHungry remove x1 FEMBOY CRUSHER from storage
[11:06:22] > cinterMC remove x1 Heavy core from storage
[11:21:30] > PrinceBGC remove x3 §x§5§C§C§F§F§C§lC§x§5§C§D§1§F§5§lo§x§5§D§D§4§E§E§ls§x§5§D§D§6§E§7§lm§x§5§E§D§9§E§1§le§x§5§E§D§B§D§A§lt§x§5§E§D§D§D§3§li§x§5§F§E§0§C§C§lc §x§5§F§E§0§C§C§lH§x§5§E§D§D§D§3§la§x§5§E§D§B§D§A§lt§x§5§E§D§9§E§1§ls §x§5§D§D§4§E§E§lK§x§5§C§D§1§F§5§le§x§5§C§C§F§F§C§ly form storage
[11:21:43] > PrinceBGC added x3 §x§5§C§C§F§F§C§lC§x§5§C§D§1§F§5§lo§x§5§D§D§4§E§E§ls§x§5§D§D§6§E§7§lm§x§5§E§D§9§E§1§le§x§5§E§D§B§D§A§lt§x§5§E§D§D§D§3§li§x§5§F§E§0§C§C§lc §x§5§F§E§0§C§C§lH§x§5§E§D§D§D§3§la§x§5§E§D§B§D§A§lt§x§5§E§D§9§E§1§ls §x§5§D§D§4§E§E§lK§x§5§C§D§1§F§5§le§x§5§C§C§F§F§C§ly in auction for 150000.
[11:25:40] > cinterMC added x1 §fHusk Plushie §6(#50/101) in auction for 1000000.
[11:28:56] > .SharkyisHungry added x1 "FEMBOY CRUSHER"🌃 in auction for 467676.
[11:34:51] > giyahnpogi remove x1 §eᴄʀᴇᴇᴘᴇʀ sᴘᴀᴡɴᴇʀ from buy
[11:34:51] > giyahnpogi remove x1 §eᴄʀᴇᴇᴘᴇʀ sᴘᴀᴡɴᴇʀ from buy
[11:40:51] > giyahnpogi added x1 §eᴄʀᴇᴇᴘᴇʀ sᴘᴀᴡɴᴇʀ in auction for 700000.
[11:41:16] > Zypher_0w0 added x64 Pale oak log in auction for 20000.
[11:41:22] > HPMR_GaMerz buy x64 Pale oak log to Zypher_0w0 for $20,000.
[11:41:36] > HPMR_GaMerz buy x64 Golden apple to Keeos for $150,000.
[11:41:39] > Zypher_0w0 added x64 Pale oak log in auction for 20000.
[11:41:39] > HPMR_GaMerz buy x64 Golden apple to Keeos for $150,000.
[11:41:47] > cinterMC buy x64 Pale oak log to Zypher_0w0 for $20,000.
[11:41:59] > Zypher_0w0 added x64 Pale oak log in auction for 20000.
[11:42:18] > giyahnpogi added x64 Pale oak log in auction for 18000.
[11:42:21] > Zypher_0w0 added x64 Pale oak log in auction for 20000.
[11:42:23] > cinterMC buy x64 Pale oak log to Zypher_0w0 for $20,000.
[11:42:29] > giyahnpogi added x64 Pale oak log in auction for 18000.
[11:42:31] > cinterMC remove x64 Pale oak log from buy
[11:42:34] > Zypher_0w0 added x64 Pale oak log in auction for 20000.
[11:42:41] > .Dream78720 buy x64 Pale oak log to giyahnpogi for $18,000.
[11:42:43] > giyahnpogi added x64 Pale oak log in auction for 18000.
[11:42:54] > giyahnpogi added x64 Pale oak log in auction for 18000.
[11:43:03] > Zypher_0w0 added x64 Pale oak log in auction for 20000.
[11:43:07] > giyahnpogi added x64 Pale oak log in auction for 18000.
[11:43:18] > Zypher_0w0 added x64 Pale oak log in auction for 20000.
[11:43:33] > giyahnpogi remove x6 Wind charge from storage
[11:43:43] > giyahnpogi added x64 Pale oak log in auction for 180000.
[11:45:40] > giyahnpogi remove x7 Wind charge from storage
[11:45:50] > giyahnpogi added x1 White shulker box in auction for 102000.
[11:46:17] > _XDsTeezy added x64 Spruce log in auction for 20000.
[11:46:43] > .Dream78720 remove x64 Pale oak log from buy
[11:46:52] > _XDsTeezy added x64 Spruce log in auction for 20000.
[11:47:16] > _XDsTeezy added x64 Spruce log in auction for 20000.
[11:48:52] > HPMR_GaMerz buy x64 Pale oak log to Zypher_0w0 for $20,000.
[11:48:54] > HPMR_GaMerz buy x64 Pale oak log to giyahnpogi for $18,000.
[11:48:56] > HPMR_GaMerz buy x64 Pale oak log to Zypher_0w0 for $20,000.
[11:48:58] > HPMR_GaMerz buy x64 Pale oak log to giyahnpogi for $18,000.
[11:49:00] > HPMR_GaMerz buy x64 Pale oak log to giyahnpogi for $18,000.
[11:49:03] > HPMR_GaMerz buy x64 Pale oak log to giyahnpogi for $18,000.
[11:49:05] > HPMR_GaMerz buy x64 Pale oak log to Zypher_0w0 for $20,000.
[11:49:07] > HPMR_GaMerz buy x64 Pale oak log to Zypher_0w0 for $20,000.
[11:49:11] > HPMR_GaMerz buy x1 White shulker box to giyahnpogi for $102,000.