
[12:39:43] > x1 §x§F§F§3§E§0§0§lDemon Lord Wings, item of LootCookie, has just expired, the item is definitively deleted.
[12:39:43] > x1 §x§F§F§3§E§0§0§lDemon Lord Wings, item of LootCookie, has just expired, the item is definitively deleted.
[12:39:43] > x1 §fFarmer Hat, item of PrezXie, has just expired, the item is definitively deleted.
[12:39:43] > x1 §x§F§0§7§A§5§4§lZombie Apocalyptic Axe, item of ZAFF, has just expired, the item is definitively deleted.
[12:39:43] > x1 §x§F§0§7§A§5§4§lZombie Apocalyptic Halberd, item of azi, has just expired, the item is definitively deleted.
[12:39:43] > x1 §x§E§5§1§B§1§B§lDracula Blade, item of Zen0969, has just expired, the item is definitively deleted.
[12:39:43] > x1 §x§F§F§7§C§0§0§lSteamsparks Spear, item of Zen0969, has just expired, the item is definitively deleted.
[12:39:43] > x1 §x§E§5§1§B§1§B§lDracula Dagger, item of Zen0969, has just expired, the item is definitively deleted.
[12:39:43] > x1 §x§F§F§7§C§0§0§lSteamsparks Shield, item of azi, has just expired, the item is definitively deleted.
[12:39:43] > x1 §x§E§5§1§B§1§B§lDracula Hoe, item of Zen0969, has just expired, the item is definitively deleted.
[12:39:43] > x1 §x§F§F§7§C§0§0§lSteamsparks Shovel, item of Zen0969, has just expired, the item is definitively deleted.
[12:39:43] > x1 §x§F§F§7§C§0§0§lSteamsparks Battle Axe, item of Zen0969, has just expired, the item is definitively deleted.
[12:39:43] > x1 §x§5§9§A§1§D§9§lA§x§6§B§A§B§D§Dr§x§7§E§B§6§E§1c§x§9§0§C§0§E§6h§x§A§3§C§B§E§Aa§x§B§5§D§5§E§En§x§C§8§E§0§F§2g§x§D§A§E§A§F§7e§x§E§D§F§5§F§Bl §x§E§A§F§3§F§AB§x§D§6§E§8§F§6a§x§C§1§D§C§F§1c§x§A§C§D§0§E§Ck§x§9§7§C§4§E§7p§x§8§3§B§9§E§3a§x§6§E§A§D§D§Ec§x§5§9§A§1§D§9k, item of LootCookie, has just expired, the item is definitively deleted.
[12:39:46] > Hunter_Sung remove x1 §f§x§F§9§A§2§0§DP§x§F§2§9§E§0§Du§x§E§B§9§9§0§Dm§x§E§3§9§5§0§Dp§x§D§C§9§0§0§Dk§x§D§5§8§C§0§Di§x§C§E§8§7§0§Dn§x§C§7§8§3§0§D §x§B§F§7§E§0§DH§x§B§8§7§A§0§Da§x§B§1§7§5§0§Dt from expire
[13:06:15] > TostyZura added x1 §x§F§0§7§A§5§4§lZombie Apocalyptic Big Sword in auction for 30000.
[13:06:26] > tic_sz buy x1 §x§F§0§7§A§5§4§lZombie Apocalyptic Big Sword to TostyZura for $30,000.
[13:06:55] > TostyZura added x3 §x§F§F§3§E§0§0§lD§x§F§F§3§7§0§0§le§x§F§F§3§0§0§0§lm§x§F§F§2§9§0§0§lo§x§F§F§2§2§0§0§ln §x§F§F§1§5§0§0§lL§x§F§F§0§E§0§0§lo§x§F§F§0§7§0§0§lr§x§F§F§0§0§0§0§ld §x§F§F§0§E§0§0§lF§x§F§F§1§5§0§0§lr§x§F§F§1§C§0§0§la§x§F§F§2§2§0§0§lg§x§F§F§2§9§0§0§lm§x§F§F§3§0§0§0§le§x§F§F§3§7§0§0§ln§x§F§F§3§E§0§0§lt in auction for 100000.
[13:23:44] > x1 Phantom membrane, item of seoyeri, has just expired, the item is definitively deleted.
[13:26:54] > BlackKnight buy x3 §x§F§F§3§E§0§0§lD§x§F§F§3§7§0§0§le§x§F§F§3§0§0§0§lm§x§F§F§2§9§0§0§lo§x§F§F§2§2§0§0§ln §x§F§F§1§5§0§0§lL§x§F§F§0§E§0§0§lo§x§F§F§0§7§0§0§lr§x§F§F§0§0§0§0§ld §x§F§F§0§E§0§0§lF§x§F§F§1§5§0§0§lr§x§F§F§1§C§0§0§la§x§F§F§2§2§0§0§lg§x§F§F§2§9§0§0§lm§x§F§F§3§0§0§0§le§x§F§F§3§7§0§0§ln§x§F§F§3§E§0§0§lt to TostyZura for $100,000.
[13:27:00] > BlackKnight remove x3 §x§F§F§3§E§0§0§lD§x§F§F§3§7§0§0§le§x§F§F§3§0§0§0§lm§x§F§F§2§9§0§0§lo§x§F§F§2§2§0§0§ln §x§F§F§1§5§0§0§lL§x§F§F§0§E§0§0§lo§x§F§F§0§7§0§0§lr§x§F§F§0§0§0§0§ld §x§F§F§0§E§0§0§lF§x§F§F§1§5§0§0§lr§x§F§F§1§C§0§0§la§x§F§F§2§2§0§0§lg§x§F§F§2§9§0§0§lm§x§F§F§3§0§0§0§le§x§F§F§3§7§0§0§ln§x§F§F§3§E§0§0§lt from buy
[13:42:42] > BlackKnight remove x1 §x§F§F§3§E§0§0§lDemon Lord Wings from storage
[13:42:59] > BlackKnight added x1 §x§F§F§3§E§0§0§lDemon Lord Wings in auction for 2500000.
[13:45:39] > x1 §f§l§x§F§C§D§0§5§CW§x§F§B§A§D§4§Du§x§F§9§8§B§3§Dk§x§F§8§6§8§2§Eo§x§F§6§4§5§1§Fn§x§F§5§2§3§0§Fg§x§F§3§0§0§0§0 §x§F§5§2§3§0§FH§x§F§6§4§5§1§Fa§x§F§8§6§8§2§Em§x§F§9§8§B§3§Dm§x§F§B§A§D§4§De§x§F§C§D§0§5§Cr, bought by Akirupie, has just expired, the item is definitively deleted.
[13:45:41] > tic_sz remove x1 Blue egg from buy
[13:46:59] > Seris00 added x4 Turtle egg in auction for 120000.
[13:47:12] > tic_sz buy x4 Turtle egg to Seris00 for $120,000.
[13:47:21] > tic_sz remove x4 Turtle egg from buy
[13:52:24] > Seris00 added x6 Turtle egg in auction for 180000.
[14:16:41] > dncipher added x1 §f§x§6§B§2§C§C§6G§x§7§0§3§2§C§Ca§x§7§5§3§8§D§2l§x§7§A§3§E§D§8a§x§7§F§4§4§D§Ex§x§8§4§4§9§E§5y§x§8§9§4§F§E§B §x§8§E§5§5§F§1H§x§9§3§5§B§F§7a§x§9§8§6§1§F§Dt in auction for 100.
[14:16:46] > tic_sz buy x1 §f§x§6§B§2§C§C§6G§x§7§0§3§2§C§Ca§x§7§5§3§8§D§2l§x§7§A§3§E§D§8a§x§7§F§4§4§D§Ex§x§8§4§4§9§E§5y§x§8§9§4§F§E§B §x§8§E§5§5§F§1H§x§9§3§5§B§F§7a§x§9§8§6§1§F§Dt to dncipher for $100.
[14:32:14] > x1 Visit /pwarp IronShop for Iron Blocks on sale by Artdeh has just expired, it goes in the inventory of expired items.
[14:43:49] > Sanchay buy x1 §x§E§5§1§B§1§B§lDracula Helmet to Playerjack12345 for $150,000.
[14:43:59] > Sanchay remove x1 §x§F§F§3§E§0§0§lD§x§F§F§3§6§0§0§le§x§F§F§2§F§0§0§lm§x§F§F§2§7§0§0§lo§x§F§F§1§F§0§0§ln §x§F§F§1§0§0§0§lL§x§F§F§0§8§0§0§lo§x§F§F§0§0§0§0§lr§x§F§F§0§8§0§0§ld §x§F§F§1§7§0§0§lS§x§F§F§1§F§0§0§li§x§F§F§2§7§0§0§lc§x§F§F§2§F§0§0§lk§x§F§F§3§6§0§0§ll§x§F§F§3§E§0§0§le from buy
[14:44:00] > Sanchay remove x1 §x§E§5§1§B§1§B§lDracula Helmet from buy
[14:44:03] > FRANZ_JOSEF0 added x2 Enchanted golden apple in auction for 150000.
[14:44:57] > nerorm buy x1 Enchanted book to Seris00 for $4,000.
[14:46:15] > giyahnpogi added x1 §3§lDolphin Tail in auction for 110000.
[14:52:20] > Forcebenzz added x1 §x§F§F§3§E§0§0§lD§x§F§F§3§6§0§0§le§x§F§F§2§F§0§0§lm§x§F§F§2§7§0§0§lo§x§F§F§1§F§0§0§ln §x§F§F§1§0§0§0§lL§x§F§F§0§8§0§0§lo§x§F§F§0§0§0§0§lr§x§F§F§0§8§0§0§ld §x§F§F§1§7§0§0§lS§x§F§F§1§F§0§0§lh§x§F§F§2§7§0§0§lo§x§F§F§2§F§0§0§lv§x§F§F§3§6§0§0§le§x§F§F§3§E§0§0§ll in auction for 100000.
[14:52:31] > Forcebenzz added x1 §x§F§F§3§E§0§0§lD§x§F§F§3§8§0§0§le§x§F§F§3§2§0§0§lm§x§F§F§2§B§0§0§lo§x§F§F§2§5§0§0§ln §x§F§F§1§9§0§0§lL§x§F§F§1§3§0§0§lo§x§F§F§0§C§0§0§lr§x§F§F§0§6§0§0§ld §x§F§F§0§6§0§0§lB§x§F§F§0§C§0§0§la§x§F§F§1§3§0§0§lt§x§F§F§1§9§0§0§lt§x§F§F§1§F§0§0§ll§x§F§F§2§5§0§0§le §x§F§F§3§2§0§0§lA§x§F§F§3§8§0§0§lx§x§F§F§3§E§0§0§le in auction for 200000.
[15:03:34] > FRANZ_JOSEF0 added x1 §2Franck in auction for 40000.
[15:03:44] > dncipher added x1 §x§F§F§3§E§0§0§lD§x§F§F§3§7§0§0§le§x§F§F§3§0§0§0§lm§x§F§F§2§9§0§0§lo§x§F§F§2§2§0§0§ln §x§F§F§1§5§0§0§lL§x§F§F§0§E§0§0§lo§x§F§F§0§7§0§0§lr§x§F§F§0§0§0§0§ld §x§F§F§0§E§0§0§lF§x§F§F§1§5§0§0§lr§x§F§F§1§C§0§0§la§x§F§F§2§2§0§0§lg§x§F§F§2§9§0§0§lm§x§F§F§3§0§0§0§le§x§F§F§3§7§0§0§ln§x§F§F§3§E§0§0§lt in auction for 100000.
[15:03:47] > FRANZ_JOSEF0 buy x1 §x§F§F§3§E§0§0§lD§x§F§F§3§7§0§0§le§x§F§F§3§0§0§0§lm§x§F§F§2§9§0§0§lo§x§F§F§2§2§0§0§ln §x§F§F§1§5§0§0§lL§x§F§F§0§E§0§0§lo§x§F§F§0§7§0§0§lr§x§F§F§0§0§0§0§ld §x§F§F§0§E§0§0§lF§x§F§F§1§5§0§0§lr§x§F§F§1§C§0§0§la§x§F§F§2§2§0§0§lg§x§F§F§2§9§0§0§lm§x§F§F§3§0§0§0§le§x§F§F§3§7§0§0§ln§x§F§F§3§E§0§0§lt to dncipher for $100,000.
[15:04:10] > FRANZ_JOSEF0 added x1 §fFlower Hat in auction for 40000.
[15:06:24] > FRANZ_JOSEF0 remove x1 Nether star form storage
[15:06:24] > FRANZ_JOSEF0 remove x1 Nether star form storage
[15:06:24] > FRANZ_JOSEF0 remove x1 §2Franck form storage
[15:06:24] > FRANZ_JOSEF0 remove x2 Enchanted golden apple form storage
[15:06:24] > FRANZ_JOSEF0 remove x1 §fFlower Hat form storage
[15:06:30] > FRANZ_JOSEF0 remove x1 §x§F§F§3§E§0§0§lD§x§F§F§3§7§0§0§le§x§F§F§3§0§0§0§lm§x§F§F§2§9§0§0§lo§x§F§F§2§2§0§0§ln §x§F§F§1§5§0§0§lL§x§F§F§0§E§0§0§lo§x§F§F§0§7§0§0§lr§x§F§F§0§0§0§0§ld §x§F§F§0§E§0§0§lF§x§F§F§1§5§0§0§lr§x§F§F§1§C§0§0§la§x§F§F§2§2§0§0§lg§x§F§F§2§9§0§0§lm§x§F§F§3§0§0§0§le§x§F§F§3§7§0§0§ln§x§F§F§3§E§0§0§lt from buy
[15:06:31] > FRANZ_JOSEF0 remove x1 §x§5§C§C§F§F§C§lC§x§5§C§D§1§F§5§lo§x§5§D§D§4§E§E§ls§x§5§D§D§6§E§7§lm§x§5§E§D§9§E§1§le§x§5§E§D§B§D§A§lt§x§5§E§D§D§D§3§li§x§5§F§E§0§C§C§lc §x§5§F§E§0§C§C§lH§x§5§E§D§D§D§3§la§x§5§E§D§B§D§A§lt§x§5§E§D§9§E§1§ls §x§5§D§D§4§E§E§lK§x§5§C§D§1§F§5§le§x§5§C§C§F§F§C§ly from buy
[15:06:32] > FRANZ_JOSEF0 remove x1 §aClaim Wand from buy
[15:08:38] > FRANZ_JOSEF0 added x1 §fFlower Hat in auction for 10000.
[15:08:42] > dncipher buy x1 Ominous bottle to SP3CC_ for $400,000.
[15:08:56] > FRANZ_JOSEF0 added x1 §2Franck in auction for 10000.
[15:11:26] > tic_sz remove x1 §f§x§6§B§2§C§C§6G§x§7§0§3§2§C§Ca§x§7§5§3§8§D§2l§x§7§A§3§E§D§8a§x§7§F§4§4§D§Ex§x§8§4§4§9§E§5y§x§8§9§4§F§E§B §x§8§E§5§5§F§1H§x§9§3§5§B§F§7a§x§9§8§6§1§F§Dt from buy
[15:11:28] > dncipher remove x1 Ominous bottle from buy
[15:20:44] > x1 §f§l§x§F§C§D§0§5§CW§x§F§A§A§A§4§Bu§x§F§9§8§4§3§Bk§x§F§7§5§F§2§Ao§x§F§5§3§9§1§9n§x§F§4§1§3§0§8g §x§F§5§3§9§1§9S§x§F§7§5§F§2§At§x§F§9§8§4§3§Ba§x§F§A§A§A§4§Bf§x§F§C§D§0§5§Cf on sale by Pewpew has just expired, it goes in the inventory of expired items.
[15:20:50] > Herptzx buy x1 Enchanted book to Seris00 for $4,000.
[15:21:58] > Herptzx remove x1 Enchanted book from buy
[15:49:56] > celinesanrio remove x1 §f§l§x§F§A§0§0§0§AD§x§F§A§1§C§1§5a§x§F§B§3§7§2§0r§x§F§B§5§3§2§Bk§x§F§B§6§F§3§6f§x§F§B§8§B§4§1l§x§F§C§A§6§4§Ca§x§F§C§C§2§5§7me§x§F§C§A§6§4§C §x§F§B§8§B§4§1S§x§F§B§6§F§3§6h§x§F§B§5§3§2§Bo§x§F§B§3§7§2§0v§x§F§A§1§C§1§5e§x§F§A§0§0§0§Al form storage
[15:50:02] > celinesanrio added x1 §f§l§x§F§A§0§0§0§AD§x§F§A§1§C§1§5a§x§F§B§3§7§2§0r§x§F§B§5§3§2§Bk§x§F§B§6§F§3§6f§x§F§B§8§B§4§1l§x§F§C§A§6§4§Ca§x§F§C§C§2§5§7me§x§F§C§A§6§4§C §x§F§B§8§B§4§1S§x§F§B§6§F§3§6h§x§F§B§5§3§2§Bo§x§F§B§3§7§2§0v§x§F§A§1§C§1§5e§x§F§A§0§0§0§Al in auction for 700000.
[15:50:08] > celinesanrio buy x1 §x§E§5§1§B§1§B§lDracula Dagger to nicoso12 for $250,000.
[15:50:14] > celinesanrio remove x1 §x§E§5§1§B§1§B§lDracula Dagger form buy
[16:24:39] > Forcebenzz added x1 §f§l§x§F§A§0§0§0§AD§x§F§A§1§C§1§5a§x§F§B§3§7§2§0r§x§F§B§5§3§2§Bk§x§F§B§6§F§3§6f§x§F§B§8§B§4§1l§x§F§C§A§6§4§Ca§x§F§C§C§2§5§7me§x§F§C§A§6§4§C §x§F§B§8§B§4§1S§x§F§B§6§F§3§6h§x§F§B§5§3§2§Bo§x§F§B§3§7§2§0v§x§F§A§1§C§1§5e§x§F§A§0§0§0§Al in auction for 60000.
[16:24:47] > celinesanrio buy x1 §f§l§x§F§A§0§0§0§AD§x§F§A§1§C§1§5a§x§F§B§3§7§2§0r§x§F§B§5§3§2§Bk§x§F§B§6§F§3§6f§x§F§B§8§B§4§1l§x§F§C§A§6§4§Ca§x§F§C§C§2§5§7me§x§F§C§A§6§4§C §x§F§B§8§B§4§1S§x§F§B§6§F§3§6h§x§F§B§5§3§2§Bo§x§F§B§3§7§2§0v§x§F§A§1§C§1§5e§x§F§A§0§0§0§Al to Forcebenzz for $60,000.
[16:24:52] > celinesanrio remove x1 §f§l§x§F§A§0§0§0§AD§x§F§A§1§C§1§5a§x§F§B§3§7§2§0r§x§F§B§5§3§2§Bk§x§F§B§6§F§3§6f§x§F§B§8§B§4§1l§x§F§C§A§6§4§Ca§x§F§C§C§2§5§7me§x§F§C§A§6§4§C §x§F§B§8§B§4§1S§x§F§B§6§F§3§6h§x§F§B§5§3§2§Bo§x§F§B§3§7§2§0v§x§F§A§1§C§1§5e§x§F§A§0§0§0§Al form buy
[16:39:40] > celinesanrio added x1 §f§l§x§F§A§0§0§0§AD§x§F§A§1§C§1§5a§x§F§B§3§7§2§0r§x§F§B§5§3§2§Bk§x§F§B§6§F§3§6f§x§F§B§8§B§4§1l§x§F§C§A§6§4§Ca§x§F§C§C§2§5§7me§x§F§C§A§6§4§C §x§F§B§8§B§4§1S§x§F§B§6§F§3§6h§x§F§B§5§3§2§Bo§x§F§B§3§7§2§0v§x§F§A§1§C§1§5e§x§F§A§0§0§0§Al in auction for 700000.
[16:48:34] > kkyleeeeesa buy x36 §x§C§9§A§7§F§C§lL§x§B§D§A§E§F§6§le§x§B§1§B§4§F§0§lg§x§A§6§B§B§E§A§le§x§9§A§C§1§E§4§ln§x§8§E§C§8§D§D§ld§x§8§2§C§E§D§7§la§x§7§7§D§5§D§1§lr§x§6§B§D§B§C§B§ly §x§6§B§D§B§C§B§lC§x§7§7§D§5§D§1§lr§x§8§2§C§E§D§7§la§x§8§E§C§8§D§D§lt§x§9§A§C§1§E§4§le §x§B§1§B§4§F§0§lK§x§B§D§A§E§F§6§le§x§C§9§A§7§F§C§ly to tyrunknown for $900,000.
[16:48:55] > kkyleeeeesa buy x1 §x§F§F§3§E§0§0§lD§x§F§F§3§6§0§0§le§x§F§F§2§F§0§0§lm§x§F§F§2§7§0§0§lo§x§F§F§1§F§0§0§ln §x§F§F§1§0§0§0§lL§x§F§F§0§8§0§0§lo§x§F§F§0§0§0§0§lr§x§F§F§0§8§0§0§ld §x§F§F§1§7§0§0§lS§x§F§F§1§F§0§0§lh§x§F§F§2§7§0§0§lo§x§F§F§2§F§0§0§lv§x§F§F§3§6§0§0§le§x§F§F§3§E§0§0§ll to Forcebenzz for $100,000.
[16:50:37] > kkyleeeeesa remove x1 Enchanted book from buy
[16:50:38] > kkyleeeeesa remove x36 §x§C§9§A§7§F§C§lL§x§B§D§A§E§F§6§le§x§B§1§B§4§F§0§lg§x§A§6§B§B§E§A§le§x§9§A§C§1§E§4§ln§x§8§E§C§8§D§D§ld§x§8§2§C§E§D§7§la§x§7§7§D§5§D§1§lr§x§6§B§D§B§C§B§ly §x§6§B§D§B§C§B§lC§x§7§7§D§5§D§1§lr§x§8§2§C§E§D§7§la§x§8§E§C§8§D§D§lt§x§9§A§C§1§E§4§le §x§B§1§B§4§F§0§lK§x§B§D§A§E§F§6§le§x§C§9§A§7§F§C§ly from buy
[16:50:39] > kkyleeeeesa remove x1 §x§F§F§3§E§0§0§lD§x§F§F§3§6§0§0§le§x§F§F§2§F§0§0§lm§x§F§F§2§7§0§0§lo§x§F§F§1§F§0§0§ln §x§F§F§1§0§0§0§lL§x§F§F§0§8§0§0§lo§x§F§F§0§0§0§0§lr§x§F§F§0§8§0§0§ld §x§F§F§1§7§0§0§lS§x§F§F§1§F§0§0§lh§x§F§F§2§7§0§0§lo§x§F§F§2§F§0§0§lv§x§F§F§3§6§0§0§le§x§F§F§3§E§0§0§ll from buy
[17:13:53] > tic_sz added x1 Enchanted book in auction for 5000.
[17:17:29] > sukiyoriee buy x1 §x§F§0§7§A§5§4§lZombie Apocalyptic Halberd to mae for $100,000.
[17:18:06] > sukiyoriee buy x1 §x§F§0§7§A§5§4§lZombie Apocalyptic Big Sword to koshie for $200,000.
[17:18:10] > sukiyoriee remove x1 §x§F§0§7§A§5§4§lZombie Apocalyptic Big Sword from buy
[17:18:11] > sukiyoriee remove x1 §x§F§0§7§A§5§4§lZombie Apocalyptic Halberd from buy
[17:20:17] > sukiyoriee buy x1 §x§F§0§7§A§5§4§lZombie Apocalyptic Hoe to koshie for $200,000.
[17:20:22] > sukiyoriee buy x1 §x§F§0§7§A§5§4§lZombie Apocalyptic Baseballbat to .Gabbyo21358 for $50,000.
[17:20:25] > sukiyoriee remove x1 §x§F§0§7§A§5§4§lZombie Apocalyptic Baseballbat from buy
[17:20:26] > sukiyoriee remove x1 §x§F§0§7§A§5§4§lZombie Apocalyptic Hoe from buy
[17:23:36] > octopus_01 added x1 §x§F§F§3§E§0§0§lD§x§F§F§3§6§0§0§le§x§F§F§2§F§0§0§lm§x§F§F§2§7§0§0§lo§x§F§F§1§F§0§0§ln §x§F§F§1§0§0§0§lL§x§F§F§0§8§0§0§lo§x§F§F§0§0§0§0§lr§x§F§F§0§8§0§0§ld §x§F§F§1§7§0§0§lH§x§F§F§1§F§0§0§le§x§F§F§2§7§0§0§ll§x§F§F§2§F§0§0§lm§x§F§F§3§6§0§0§le§x§F§F§3§E§0§0§lt in auction for 800000.
[17:26:15] > octopus_01 added x1 §f§l§x§F§C§D§0§5§CW§x§F§A§A§2§4§8u§x§F§8§7§4§3§3k§x§F§6§4§5§1§Fo§x§F§4§1§7§0§Ang§x§F§6§4§5§1§F §x§F§8§7§4§3§3B§x§F§A§A§2§4§8o§x§F§C§D§0§5§Cw in auction for 350000.
[17:26:28] > kkyleeeeesa buy x1 Enchanted book to tic_sz for $5,000.
[17:26:55] > kkyleeeeesa buy x64 Iron block to Seris00 for $22,400.
[17:27:01] > kkyleeeeesa remove x64 Iron block from buy
[17:27:02] > kkyleeeeesa remove x1 Enchanted book from buy
[17:29:43] > HPMR_GaMerz buy x1 §esᴘɪᴅᴇʀ sᴘᴀᴡɴᴇʀ to Ax_ for $300,000.
[17:29:49] > HPMR_GaMerz buy x1 §aCthulhu to InternetCafeUser for $50,000.
[17:29:51] > HPMR_GaMerz buy x1 §2Franck to FRANZ_JOSEF0 for $10,000.
[17:29:54] > HPMR_GaMerz buy x1 §fFlower Hat to FRANZ_JOSEF0 for $10,000.
[17:29:57] > HPMR_GaMerz buy x6 Turtle egg to Seris00 for $180,000.
[17:30:11] > HPMR_GaMerz buy x1 §x§F§0§7§A§5§4§lZombie Apocalyptic Dagger to DanRaiv for $100,000.
[17:42:42] > kkyleeeeesa buy x1 §x§F§F§3§E§0§0§lD§x§F§F§3§7§0§0§le§x§F§F§3§0§0§0§lm§x§F§F§2§9§0§0§lo§x§F§F§2§2§0§0§ln §x§F§F§1§5§0§0§lL§x§F§F§0§E§0§0§lo§x§F§F§0§7§0§0§lr§x§F§F§0§0§0§0§ld §x§F§F§1§0§0§0§lP§x§F§F§1§7§0§0§li§x§F§F§1§F§0§0§lc§x§F§F§2§7§0§0§lk§x§F§F§2§F§0§0§la§x§F§F§3§6§0§0§lx§x§F§F§3§E§0§0§le to khenjieMC for $600,000.
[17:59:21] > x1 Mang inasal, bought by TostyZura, has just expired, the item is definitively deleted.
[17:59:21] > x4 Nether star, bought by TostyZura, has just expired, the item is definitively deleted.
[17:59:23] > kkyleeeeesa remove x1 §x§F§F§3§E§0§0§lD§x§F§F§3§7§0§0§le§x§F§F§3§0§0§0§lm§x§F§F§2§9§0§0§lo§x§F§F§2§2§0§0§ln §x§F§F§1§5§0§0§lL§x§F§F§0§E§0§0§lo§x§F§F§0§7§0§0§lr§x§F§F§0§0§0§0§ld §x§F§F§1§0§0§0§lP§x§F§F§1§7§0§0§li§x§F§F§1§F§0§0§lc§x§F§F§2§7§0§0§lk§x§F§F§2§F§0§0§la§x§F§F§3§6§0§0§lx§x§F§F§3§E§0§0§le from buy
[18:01:10] > SP3CC_ buy x1 §x§F§F§3§E§0§0§lD§x§F§F§3§6§0§0§le§x§F§F§2§F§0§0§lm§x§F§F§2§7§0§0§lo§x§F§F§1§F§0§0§ln §x§F§F§1§0§0§0§lL§x§F§F§0§8§0§0§lo§x§F§F§0§0§0§0§lr§x§F§F§0§8§0§0§ld §x§F§F§1§7§0§0§lH§x§F§F§1§F§0§0§le§x§F§F§2§7§0§0§ll§x§F§F§2§F§0§0§lm§x§F§F§3§6§0§0§le§x§F§F§3§E§0§0§lt to HPMR_GaMerz for $400,000.
[18:01:18] > SP3CC_ remove x1 §x§F§F§3§E§0§0§lD§x§F§F§3§6§0§0§le§x§F§F§2§F§0§0§lm§x§F§F§2§7§0§0§lo§x§F§F§1§F§0§0§ln §x§F§F§1§0§0§0§lL§x§F§F§0§8§0§0§lo§x§F§F§0§0§0§0§lr§x§F§F§0§8§0§0§ld §x§F§F§1§7§0§0§lH§x§F§F§1§F§0§0§le§x§F§F§2§7§0§0§ll§x§F§F§2§F§0§0§lm§x§F§F§3§6§0§0§le§x§F§F§3§E§0§0§lt from buy
[18:05:08] > DanRaiv buy x64 Iron block to Seris00 for $22,400.
[18:05:17] > DanRaiv remove x17 Iron block from buy
[18:07:57] > Sezemi added x1 §x§5§C§C§F§F§C§lC§x§5§C§D§1§F§5§lo§x§5§D§D§4§E§E§ls§x§5§D§D§6§E§7§lm§x§5§E§D§9§E§1§le§x§5§E§D§B§D§A§lt§x§5§E§D§D§D§3§li§x§5§F§E§0§C§C§lc §x§5§F§E§0§C§C§lH§x§5§E§D§D§D§3§la§x§5§E§D§B§D§A§lt§x§5§E§D§9§E§1§ls §x§5§D§D§4§E§E§lK§x§5§C§D§1§F§5§le§x§5§C§C§F§F§C§ly in auction for 10.
[18:08:00] > BlackKnight buy x1 §x§5§C§C§F§F§C§lC§x§5§C§D§1§F§5§lo§x§5§D§D§4§E§E§ls§x§5§D§D§6§E§7§lm§x§5§E§D§9§E§1§le§x§5§E§D§B§D§A§lt§x§5§E§D§D§D§3§li§x§5§F§E§0§C§C§lc §x§5§F§E§0§C§C§lH§x§5§E§D§D§D§3§la§x§5§E§D§B§D§A§lt§x§5§E§D§9§E§1§ls §x§5§D§D§4§E§E§lK§x§5§C§D§1§F§5§le§x§5§C§C§F§F§C§ly to Sezemi for $10.
[18:08:32] > dncipher added x1 §eᴡɪᴛᴄʜ ꜱᴘᴀᴡɴᴇʀ in auction for 300000.
[18:08:34] > BlackKnight buy x1 §eᴡɪᴛᴄʜ ꜱᴘᴀᴡɴᴇʀ to dncipher for $300,000.
[18:08:35] > llhxnce added x1 §fHorns in auction for 100000.
[18:08:43] > HPMR_GaMerz buy x1 §fAdventure Hat to InternetCafeUser for $50,000.
[18:09:25] > BlackKnight remove x1 §x§5§C§C§F§F§C§lC§x§5§C§D§1§F§5§lo§x§5§D§D§4§E§E§ls§x§5§D§D§6§E§7§lm§x§5§E§D§9§E§1§le§x§5§E§D§B§D§A§lt§x§5§E§D§D§D§3§li§x§5§F§E§0§C§C§lc §x§5§F§E§0§C§C§lH§x§5§E§D§D§D§3§la§x§5§E§D§B§D§A§lt§x§5§E§D§9§E§1§ls §x§5§D§D§4§E§E§lK§x§5§C§D§1§F§5§le§x§5§C§C§F§F§C§ly from buy
[18:09:27] > BlackKnight remove x1 §eᴡɪᴛᴄʜ ꜱᴘᴀᴡɴᴇʀ from buy
[18:10:06] > Forcebenzz added x2 §x§5§C§C§F§F§C§lC§x§5§C§D§1§F§5§lo§x§5§D§D§4§E§E§ls§x§5§D§D§6§E§7§lm§x§5§E§D§9§E§1§le§x§5§E§D§B§D§A§lt§x§5§E§D§D§D§3§li§x§5§F§E§0§C§C§lc §x§5§F§E§0§C§C§lH§x§5§E§D§D§D§3§la§x§5§E§D§B§D§A§lt§x§5§E§D§9§E§1§ls §x§5§D§D§4§E§E§lK§x§5§C§D§1§F§5§le§x§5§C§C§F§F§C§ly in auction for 100000.
[18:11:15] > Ax_ added x1 §esᴘɪᴅᴇʀ sᴘᴀᴡɴᴇʀ in auction for 270000.
[18:11:18] > HPMR_GaMerz buy x1 §esᴘɪᴅᴇʀ sᴘᴀᴡɴᴇʀ to Ax_ for $270,000.
[18:12:04] > Ax_ added x1 §f§x§F§9§A§2§0§DP§x§F§2§9§E§0§Du§x§E§B§9§9§0§Dm§x§E§3§9§5§0§Dp§x§D§C§9§0§0§Dk§x§D§5§8§C§0§Di§x§C§E§8§7§0§Dn§x§C§7§8§3§0§D §x§B§F§7§E§0§DH§x§B§8§7§A§0§Da§x§B§1§7§5§0§Dt in auction for 50000.
[18:12:08] > HPMR_GaMerz buy x1 §f§x§F§9§A§2§0§DP§x§F§2§9§E§0§Du§x§E§B§9§9§0§Dm§x§E§3§9§5§0§Dp§x§D§C§9§0§0§Dk§x§D§5§8§C§0§Di§x§C§E§8§7§0§Dn§x§C§7§8§3§0§D §x§B§F§7§E§0§DH§x§B§8§7§A§0§Da§x§B§1§7§5§0§Dt to Ax_ for $50,000.
[18:14:17] > Ax_ added x1 §eMummy Hat in auction for 50000.
[18:14:28] > HPMR_GaMerz buy x1 §eMummy Hat to Ax_ for $50,000.
[18:15:18] > tic_sz remove x1 §f§l§x§F§C§D§0§5§CW§x§F§B§B§D§5§4u§x§F§A§A§A§4§Bk§x§F§A§9§7§4§3o§x§F§9§8§4§3§Bn§x§F§8§7§1§3§2g§x§F§7§5§F§2§A §x§F§6§4§C§2§1B§x§F§5§3§9§1§9o§x§F§5§2§6§1§1o§x§F§4§1§3§0§8t§x§F§3§0§0§0§0s from buy
[18:15:19] > tic_sz remove x1 §f§l§x§F§C§D§0§5§CW§x§F§B§C§3§5§6u§x§F§B§B§6§5§1k§x§F§A§A§9§4§Bo§x§F§A§9§C§4§5n§x§F§9§8§F§3§Fg§x§F§9§8§2§3§A §x§F§8§7§5§3§4C§x§F§8§6§8§2§Eh§x§F§7§5§B§2§8e§x§F§6§4§E§2§3s§x§F§6§4§1§1§Dt§x§F§5§3§4§1§7p§x§F§5§2§7§1§1l§x§F§4§1§A§0§Ca§x§F§4§0§D§0§6t§x§F§3§0§0§0§0e from buy
[18:15:22] > tic_sz remove x1 §x§F§C§D§0§5§C§lB§x§E§6§D§3§6§B§la§x§C§F§D§5§7§A§ls§x§B§9§D§8§8§9§li§x§A§2§D§A§9§8§lc §x§7§5§D§F§B§6§lC§x§5§F§E§2§C§5§lr§x§7§5§D§F§B§6§la§x§8§C§D§D§A§7§lt§x§A§2§D§A§9§8§le §x§C§F§D§5§7§A§lK§x§E§6§D§3§6§B§le§x§F§C§D§0§5§C§ly from buy
[18:15:22] > tic_sz remove x1 §x§5§C§C§F§F§C§lC§x§5§C§D§1§F§5§lo§x§5§D§D§4§E§E§ls§x§5§D§D§6§E§7§lm§x§5§E§D§9§E§1§le§x§5§E§D§B§D§A§lt§x§5§E§D§D§D§3§li§x§5§F§E§0§C§C§lc §x§5§F§E§0§C§C§lH§x§5§E§D§D§D§3§la§x§5§E§D§B§D§A§lt§x§5§E§D§9§E§1§ls §x§5§D§D§4§E§E§lK§x§5§C§D§1§F§5§le§x§5§C§C§F§F§C§ly from buy
[18:15:24] > tic_sz remove x1 §x§5§C§C§F§F§C§lC§x§5§C§D§1§F§5§lo§x§5§D§D§4§E§E§ls§x§5§D§D§6§E§7§lm§x§5§E§D§9§E§1§le§x§5§E§D§B§D§A§lt§x§5§E§D§D§D§3§li§x§5§F§E§0§C§C§lc §x§5§F§E§0§C§C§lH§x§5§E§D§D§D§3§la§x§5§E§D§B§D§A§lt§x§5§E§D§9§E§1§ls §x§5§D§D§4§E§E§lK§x§5§C§D§1§F§5§le§x§5§C§C§F§F§C§ly from buy
[18:15:25] > tic_sz remove x1 §f§l§x§F§A§0§0§0§AD§x§F§A§1§C§1§5a§x§F§B§3§7§2§0r§x§F§B§5§3§2§Bk§x§F§B§6§F§3§6f§x§F§B§8§B§4§1l§x§F§C§A§6§4§Ca§x§F§C§C§2§5§7me§x§F§C§A§6§4§C §x§F§B§8§B§4§1S§x§F§B§6§F§3§6i§x§F§B§5§3§2§Bc§x§F§B§3§7§2§0k§x§F§A§1§C§1§5l§x§F§A§0§0§0§Ae from buy
[18:15:29] > tic_sz remove x1 §x§F§0§7§A§5§4§lZombie Apocalyptic Big Sword from buy
[18:15:33] > tic_sz remove x1 §x§F§F§3§E§0§0§lD§x§F§F§3§6§0§0§le§x§F§F§2§F§0§0§lm§x§F§F§2§7§0§0§lo§x§F§F§1§F§0§0§ln §x§F§F§1§0§0§0§lL§x§F§F§0§8§0§0§lo§x§F§F§0§0§0§0§lr§x§F§F§0§8§0§0§ld §x§F§F§1§7§0§0§lS§x§F§F§1§F§0§0§lh§x§F§F§2§7§0§0§lo§x§F§F§2§F§0§0§lv§x§F§F§3§6§0§0§le§x§F§F§3§E§0§0§ll from buy
[18:16:06] > Ax_ added x1 §7Cemetery Hat in auction for 50000.
[18:16:14] > HPMR_GaMerz buy x1 §7Cemetery Hat to Ax_ for $50,000.
[18:16:34] > Ax_ added x1 §fGhost Hat in auction for 50000.
[18:16:39] > HPMR_GaMerz buy x1 §fGhost Hat to Ax_ for $50,000.
[18:16:47] > Ax_ added x1 §f§x§6§B§2§C§C§6G§x§7§0§3§2§C§Ca§x§7§5§3§8§D§2l§x§7§A§3§E§D§8a§x§7§F§4§4§D§Ex§x§8§4§4§9§E§5y§x§8§9§4§F§E§B §x§8§E§5§5§F§1H§x§9§3§5§B§F§7a§x§9§8§6§1§F§Dt in auction for 50000.
[18:16:51] > HPMR_GaMerz buy x1 §f§x§6§B§2§C§C§6G§x§7§0§3§2§C§Ca§x§7§5§3§8§D§2l§x§7§A§3§E§D§8a§x§7§F§4§4§D§Ex§x§8§4§4§9§E§5y§x§8§9§4§F§E§B §x§8§E§5§5§F§1H§x§9§3§5§B§F§7a§x§9§8§6§1§F§Dt to Ax_ for $50,000.
[18:16:54] > BlackKnight added x1 §eᴡɪᴛᴄʜ ꜱᴘᴀᴡɴᴇʀ in auction for 2000000.
[18:17:05] > Ax_ added x1 §2Cauldron Hat in auction for 50000.
[18:17:09] > HPMR_GaMerz buy x1 §2Cauldron Hat to Ax_ for $50,000.
[18:17:17] > InternetCafeUser added x1 §eᴢᴏᴍʙɪᴇ sᴘᴀᴡɴᴇʀ in auction for 100000.
[18:17:21] > HPMR_GaMerz buy x1 §eᴢᴏᴍʙɪᴇ sᴘᴀᴡɴᴇʀ to InternetCafeUser for $100,000.
[18:17:29] > Ax_ added x1 §fMushroom Hat in auction for 50000.
[18:17:32] > HPMR_GaMerz buy x1 §fMushroom Hat to Ax_ for $50,000.
[18:17:41] > dncipher added x64 Wind charge in auction for 90000.
[18:17:48] > HPMR_GaMerz buy x64 Wind charge to dncipher for $90,000.
[18:18:00] > dncipher added x2 Trial key in auction for 20000.
[18:18:04] > HPMR_GaMerz buy x2 Trial key to dncipher for $20,000.
[18:18:19] > dncipher added x3 Ominous trial key in auction for 40000.
[18:18:23] > BlackKnight buy x3 Ominous trial key to dncipher for $40,000.
[18:18:37] > BlackKnight remove x3 Ominous trial key form buy
[18:21:59] > Ax_ added x11 §x§F§C§9§0§5§C§lE§x§E§6§9§C§6§B§lp§x§C§F§A§7§7§A§li§x§B§9§B§3§8§9§lc §x§8§C§C§B§A§7§lC§x§7§5§D§6§B§6§lr§x§5§F§E§2§C§5§la§x§7§9§D§4§B§4§lt§x§9§3§C§7§A§2§le §x§C§8§A§B§7§F§lK§x§E§2§9§E§6§E§le§x§F§C§9§0§5§C§ly in auction for 250000.
[18:22:26] > Ax_ added x1 §eMummy Hat in auction for 50000.
[18:22:30] > HPMR_GaMerz buy x1 §eMummy Hat to Ax_ for $50,000.
[18:22:35] > kkyleeeeesa buy x11 §x§F§C§9§0§5§C§lE§x§E§6§9§C§6§B§lp§x§C§F§A§7§7§A§li§x§B§9§B§3§8§9§lc §x§8§C§C§B§A§7§lC§x§7§5§D§6§B§6§lr§x§5§F§E§2§C§5§la§x§7§9§D§4§B§4§lt§x§9§3§C§7§A§2§le §x§C§8§A§B§7§F§lK§x§E§2§9§E§6§E§le§x§F§C§9§0§5§C§ly to Ax_ for $250,000.
[18:22:41] > Ax_ added x1 §fWitch Hat in auction for 50000.
[18:22:48] > HPMR_GaMerz buy x1 §fWitch Hat to Ax_ for $50,000.
[18:23:28] > Ax_ added x2 Shulker shell in auction for 12000.
[18:23:33] > HPMR_GaMerz buy x2 Shulker shell to Ax_ for $12,000.
[18:24:59] > HPMR_GaMerz remove x6 Turtle egg from buy
[18:25:01] > HPMR_GaMerz remove x2 Shulker shell from buy
[18:29:38] > HwanYo added x1 §x§F§F§3§E§0§0§lD§x§F§F§3§7§0§0§le§x§F§F§3§0§0§0§lm§x§F§F§2§9§0§0§lo§x§F§F§2§2§0§0§ln §x§F§F§1§5§0§0§lL§x§F§F§0§E§0§0§lo§x§F§F§0§7§0§0§lr§x§F§F§0§0§0§0§ld §x§F§F§0§E§0§0§lL§x§F§F§1§5§0§0§le§x§F§F§1§C§0§0§lg§x§F§F§2§2§0§0§lg§x§F§F§2§9§0§0§li§x§F§F§3§0§0§0§ln§x§F§F§3§7§0§0§lg§x§F§F§3§E§0§0§ls in auction for 3000000.
[18:29:50] > HwanYo added x1 §x§F§F§3§E§0§0§lD§x§F§F§3§7§0§0§le§x§F§F§3§0§0§0§lm§x§F§F§2§9§0§0§lo§x§F§F§2§2§0§0§ln §x§F§F§1§5§0§0§lL§x§F§F§0§E§0§0§lo§x§F§F§0§7§0§0§lr§x§F§F§0§0§0§0§ld §x§F§F§0§E§0§0§lF§x§F§F§1§5§0§0§lr§x§F§F§1§C§0§0§la§x§F§F§2§2§0§0§lg§x§F§F§2§9§0§0§lm§x§F§F§3§0§0§0§le§x§F§F§3§7§0§0§ln§x§F§F§3§E§0§0§lt in auction for 200000.
[18:29:54] > HwanYo remove x1 §x§F§F§3§E§0§0§lD§x§F§F§3§7§0§0§le§x§F§F§3§0§0§0§lm§x§F§F§2§9§0§0§lo§x§F§F§2§2§0§0§ln §x§F§F§1§5§0§0§lL§x§F§F§0§E§0§0§lo§x§F§F§0§7§0§0§lr§x§F§F§0§0§0§0§ld §x§F§F§0§E§0§0§lF§x§F§F§1§5§0§0§lr§x§F§F§1§C§0§0§la§x§F§F§2§2§0§0§lg§x§F§F§2§9§0§0§lm§x§F§F§3§0§0§0§le§x§F§F§3§7§0§0§ln§x§F§F§3§E§0§0§lt from storage
[18:30:12] > HwanYo added x1 §x§F§F§3§E§0§0§lD§x§F§F§3§7§0§0§le§x§F§F§3§0§0§0§lm§x§F§F§2§9§0§0§lo§x§F§F§2§2§0§0§ln §x§F§F§1§5§0§0§lL§x§F§F§0§E§0§0§lo§x§F§F§0§7§0§0§lr§x§F§F§0§0§0§0§ld §x§F§F§0§E§0§0§lF§x§F§F§1§5§0§0§lr§x§F§F§1§C§0§0§la§x§F§F§2§2§0§0§lg§x§F§F§2§9§0§0§lm§x§F§F§3§0§0§0§le§x§F§F§3§7§0§0§ln§x§F§F§3§E§0§0§lt in auction for 200000.
[18:30:35] > HwanYo buy x1 §eᴡɪᴛᴄʜ ꜱᴘᴀᴡɴᴇʀ to BlackKnight for $2,000,000.
[18:32:18] > HwanYo added x1 §x§F§F§7§C§0§0§lSteamsparks Fishing Rod in auction for 50000.
[18:32:25] > HPMR_GaMerz buy x1 §x§F§F§7§C§0§0§lSteamsparks Fishing Rod to HwanYo for $50,000.
[18:32:46] > HPMR_GaMerz remove x1 §esᴘɪᴅᴇʀ sᴘᴀᴡɴᴇʀ from buy
[18:32:47] > HPMR_GaMerz remove x1 §esᴘɪᴅᴇʀ sᴘᴀᴡɴᴇʀ from buy
[18:32:48] > HPMR_GaMerz remove x1 §esᴘɪᴅᴇʀ sᴘᴀᴡɴᴇʀ from buy
[18:32:50] > HPMR_GaMerz remove x1 §eᴢᴏᴍʙɪᴇ sᴘᴀᴡɴᴇʀ from buy
[18:33:29] > HwanYo added x64 Iron block in auction for 20000.
[18:33:41] > kopo555 added x1 §x§F§F§3§E§0§0§lD§x§F§F§3§8§0§0§le§x§F§F§3§2§0§0§lm§x§F§F§2§B§0§0§lo§x§F§F§2§5§0§0§ln §x§F§F§1§9§0§0§lL§x§F§F§1§3§0§0§lo§x§F§F§0§C§0§0§lr§x§F§F§0§6§0§0§ld §x§F§F§0§6§0§0§lB§x§F§F§0§C§0§0§la§x§F§F§1§3§0§0§lt§x§F§F§1§9§0§0§lt§x§F§F§1§F§0§0§ll§x§F§F§2§5§0§0§le §x§F§F§3§2§0§0§lA§x§F§F§3§8§0§0§lx§x§F§F§3§E§0§0§le in auction for 500000.
[18:33:51] > HwanYo remove x1 §x§F§F§3§E§0§0§lD§x§F§F§3§6§0§0§le§x§F§F§2§F§0§0§lm§x§F§F§2§7§0§0§lo§x§F§F§1§F§0§0§ln §x§F§F§1§0§0§0§lL§x§F§F§0§8§0§0§lo§x§F§F§0§0§0§0§lr§x§F§F§0§8§0§0§ld §x§F§F§1§7§0§0§lD§x§F§F§1§F§0§0§la§x§F§F§2§7§0§0§lg§x§F§F§2§F§0§0§lg§x§F§F§3§6§0§0§le§x§F§F§3§E§0§0§lr from storage
[18:33:53] > HwanYo remove x1 §x§E§5§1§B§1§B§lDracula Halberd from storage
[18:33:57] > HwanYo added x64 Iron block in auction for 20000.
[18:34:19] > HwanYo added x64 Iron block in auction for 20000.
[18:37:20] > HwanYo remove x1 §x§F§F§3§E§0§0§lD§x§F§F§3§7§0§0§le§x§F§F§3§0§0§0§lm§x§F§F§2§9§0§0§lo§x§F§F§2§2§0§0§ln §x§F§F§1§5§0§0§lL§x§F§F§0§E§0§0§lo§x§F§F§0§7§0§0§lr§x§F§F§0§0§0§0§ld §x§F§F§0§E§0§0§lL§x§F§F§1§5§0§0§le§x§F§F§1§C§0§0§lg§x§F§F§2§2§0§0§lg§x§F§F§2§9§0§0§li§x§F§F§3§0§0§0§ln§x§F§F§3§7§0§0§lg§x§F§F§3§E§0§0§ls from storage
[18:37:23] > HwanYo added x64 Experience bottle in auction for 80000.
[18:37:32] > HPMR_GaMerz buy x64 Experience bottle to HwanYo for $80,000.
[18:38:00] > HwanYo added x64 Experience bottle in auction for 100000.
[18:38:05] > sukiyoriee buy x64 Experience bottle to HwanYo for $100,000.
[18:38:35] > HwanYo added x64 Experience bottle in auction for 999999999999.
[18:38:44] > HwanYo remove x64 Experience bottle from storage
[18:38:55] > HwanYo added x64 Experience bottle in auction for 200000.
[18:40:14] > HwanYo remove x64 Iron block from storage
[18:40:25] > HwanYo added x64 Experience bottle in auction for 150000.
[18:41:06] > tic_sz added x7 Ominous bottle in auction for 100000.
[18:41:23] > kkyleeeeesa buy x7 Ominous bottle to tic_sz for $100,000.
[18:43:02] > sukiyoriee buy x64 Iron block to HwanYo for $20,000.
[18:43:04] > sukiyoriee buy x64 Iron block to HwanYo for $20,000.
[18:43:10] > sukiyoriee remove x64 Iron block from buy
[18:43:11] > sukiyoriee remove x64 Iron block from buy
[18:43:11] > sukiyoriee remove x64 Experience bottle from buy
[18:43:35] > kkyleeeeesa remove x7 Ominous bottle from buy
[18:43:36] > kkyleeeeesa remove x11 §x§F§C§9§0§5§C§lE§x§E§6§9§C§6§B§lp§x§C§F§A§7§7§A§li§x§B§9§B§3§8§9§lc §x§8§C§C§B§A§7§lC§x§7§5§D§6§B§6§lr§x§5§F§E§2§C§5§la§x§7§9§D§4§B§4§lt§x§9§3§C§7§A§2§le §x§C§8§A§B§7§F§lK§x§E§2§9§E§6§E§le§x§F§C§9§0§5§C§ly from buy
[18:47:13] > .SharkyisHungry added x1 §eᴢᴏᴍʙɪᴇ sᴘᴀᴡɴᴇʀ in auction for 375000.
[18:47:21] > kkyleeeeesa buy x1 §eᴢᴏᴍʙɪᴇ sᴘᴀᴡɴᴇʀ to .SharkyisHungry for $375,000.
[18:48:17] > HPMR_GaMerz buy x64 Experience bottle to HwanYo for $150,000.
[18:48:19] > HPMR_GaMerz buy x64 Experience bottle to HwanYo for $200,000.
[18:49:30] > kkyleeeeesa added x11 §x§F§C§9§0§5§C§lE§x§E§6§9§C§6§B§lp§x§C§F§A§7§7§A§li§x§B§9§B§3§8§9§lc §x§8§C§C§B§A§7§lC§x§7§5§D§6§B§6§lr§x§5§F§E§2§C§5§la§x§7§9§D§4§B§4§lt§x§9§3§C§7§A§2§le §x§C§8§A§B§7§F§lK§x§E§2§9§E§6§E§le§x§F§C§9§0§5§C§ly in auction for 150000.
[19:09:51] > Zaanii_ buy x1 §x§F§F§3§E§0§0§lD§x§F§F§3§7§0§0§le§x§F§F§3§0§0§0§lm§x§F§F§2§9§0§0§lo§x§F§F§2§2§0§0§ln §x§F§F§1§5§0§0§lL§x§F§F§0§E§0§0§lo§x§F§F§0§7§0§0§lr§x§F§F§0§0§0§0§ld §x§F§F§0§E§0§0§lF§x§F§F§1§5§0§0§lr§x§F§F§1§C§0§0§la§x§F§F§2§2§0§0§lg§x§F§F§2§9§0§0§lm§x§F§F§3§0§0§0§le§x§F§F§3§7§0§0§ln§x§F§F§3§E§0§0§lt to HwanYo for $200,000.
[19:10:02] > Zaanii_ remove x1 §x§F§F§3§E§0§0§lD§x§F§F§3§7§0§0§le§x§F§F§3§0§0§0§lm§x§F§F§2§9§0§0§lo§x§F§F§2§2§0§0§ln §x§F§F§1§5§0§0§lL§x§F§F§0§E§0§0§lo§x§F§F§0§7§0§0§lr§x§F§F§0§0§0§0§ld §x§F§F§0§E§0§0§lF§x§F§F§1§5§0§0§lr§x§F§F§1§C§0§0§la§x§F§F§2§2§0§0§lg§x§F§F§2§9§0§0§lm§x§F§F§3§0§0§0§le§x§F§F§3§7§0§0§ln§x§F§F§3§E§0§0§lt form buy
[19:10:35] > HwanYo added x64 Experience bottle in auction for 250000.
[19:10:48] > HwanYo added x64 Experience bottle in auction for 200000.
[19:11:15] > HwanYo added x64 Experience bottle in auction for 250000.
[19:11:26] > InternetCafeUser buy x64 Experience bottle to HwanYo for $200,000.
[19:11:27] > HwanYo added x64 Experience bottle in auction for 250000.
[19:11:28] > InternetCafeUser buy x64 Experience bottle to HwanYo for $250,000.
[19:11:29] > InternetCafeUser buy x64 Experience bottle to HwanYo for $250,000.
[19:11:45] > HwanYo added x64 Experience bottle in auction for 250000.
[19:11:45] > InternetCafeUser remove x64 Experience bottle from buy
[19:11:46] > InternetCafeUser remove x64 Experience bottle from buy
[19:11:46] > InternetCafeUser remove x64 Experience bottle from buy
[19:12:08] > HwanYo added x64 Experience bottle in auction for 250000.
[19:12:23] > HwanYo added x64 Experience bottle in auction for 250000.
[19:12:36] > HwanYo added x64 Experience bottle in auction for 250000.
[19:12:36] > Zaanii_ buy x1 §x§F§F§3§E§0§0§lD§x§F§F§3§7§0§0§le§x§F§F§3§0§0§0§lm§x§F§F§2§9§0§0§lo§x§F§F§2§2§0§0§ln §x§F§F§1§5§0§0§lL§x§F§F§0§E§0§0§lo§x§F§F§0§7§0§0§lr§x§F§F§0§0§0§0§ld §x§F§F§0§E§0§0§lF§x§F§F§1§5§0§0§lr§x§F§F§1§C§0§0§la§x§F§F§2§2§0§0§lg§x§F§F§2§9§0§0§lm§x§F§F§3§0§0§0§le§x§F§F§3§7§0§0§ln§x§F§F§3§E§0§0§lt to HwanYo for $200,000.
[19:12:41] > Zaanii_ remove x1 §x§F§F§3§E§0§0§lD§x§F§F§3§7§0§0§le§x§F§F§3§0§0§0§lm§x§F§F§2§9§0§0§lo§x§F§F§2§2§0§0§ln §x§F§F§1§5§0§0§lL§x§F§F§0§E§0§0§lo§x§F§F§0§7§0§0§lr§x§F§F§0§0§0§0§ld §x§F§F§0§E§0§0§lF§x§F§F§1§5§0§0§lr§x§F§F§1§C§0§0§la§x§F§F§2§2§0§0§lg§x§F§F§2§9§0§0§lm§x§F§F§3§0§0§0§le§x§F§F§3§7§0§0§ln§x§F§F§3§E§0§0§lt from buy
[19:12:48] > HwanYo added x64 Experience bottle in auction for 250000.
[19:12:58] > HwanYo remove x1 §eᴡɪᴛᴄʜ ꜱᴘᴀᴡɴᴇʀ from buy
[19:17:49] > Pewpew added x1 §x§5§9§A§1§D§9§lA§x§7§1§A§E§D§Er§x§8§8§B§C§E§4c§x§A§0§C§9§E§9h§x§B§8§D§7§E§Fa§x§D§0§E§4§F§4n§x§E§7§F§2§F§Ag§fe§x§E§7§F§2§F§Al §x§B§8§D§7§E§FS§x§A§0§C§9§E§9p§x§8§8§B§C§E§4e§x§7§1§A§E§D§Ea§x§5§9§A§1§D§9r in auction for 1000000.
[19:18:53] > x1 §esʜᴇᴇᴘ sᴘᴀᴡɴᴇʀ on sale by Pewpew has just expired, it goes in the inventory of expired items.
[19:18:53] > Technoblad7869 added x1 Nether star in auction for 150000.
[19:21:48] > llhxnce added x1 Enchanted book in auction for 25000.
[19:21:50] > kkyleeeeesa buy x1 Enchanted book to llhxnce for $25,000.
[19:21:54] > DanRaiv remove x59 Redstone from buy
[19:22:02] > kkyleeeeesa remove x1 Enchanted book from buy
[19:22:02] > kkyleeeeesa remove x1 §eᴢᴏᴍʙɪᴇ sᴘᴀᴡɴᴇʀ from buy
[19:22:45] > HPMR_GaMerz buy x64 Experience bottle to HwanYo for $250,000.
[19:22:46] > HPMR_GaMerz buy x64 Experience bottle to HwanYo for $250,000.
[19:22:48] > HPMR_GaMerz buy x64 Experience bottle to HwanYo for $250,000.
[19:22:49] > HPMR_GaMerz buy x64 Experience bottle to HwanYo for $250,000.
[19:22:51] > HPMR_GaMerz buy x64 Experience bottle to HwanYo for $250,000.
[19:22:52] > HPMR_GaMerz buy x64 Experience bottle to HwanYo for $250,000.
[19:27:07] > HwanYo added x64 Experience bottle in auction for 300000.
[19:27:17] > HwanYo added x64 Experience bottle in auction for 300000.
[19:27:29] > HwanYo added x64 Experience bottle in auction for 300000.
[19:27:42] > HwanYo added x64 Experience bottle in auction for 300000.
[19:27:54] > HwanYo added x64 Experience bottle in auction for 300000.
[19:28:05] > HwanYo added x64 Experience bottle in auction for 300000.
[19:28:16] > Palietass buy x1 §fHorns to llhxnce for $100,000.
[19:28:29] > .Demon_asta1590 added x1 §fWitch Hat in auction for 300000.
[19:28:37] > Palietass remove x1 §fHorns from buy
[19:28:49] > .Demon_asta1590 added x1 §fPanda Hat in auction for 300000.
[19:38:29] > llhxnce added x1 §x§E§5§1§B§1§B§lDracula Halberd in auction for 100000.
[19:38:46] > llhxnce added x1 §x§F§F§3§E§0§0§lD§x§F§F§3§7§0§0§le§x§F§F§3§0§0§0§lm§x§F§F§2§9§0§0§lo§x§F§F§2§2§0§0§ln §x§F§F§1§5§0§0§lL§x§F§F§0§E§0§0§lo§x§F§F§0§7§0§0§lr§x§F§F§0§0§0§0§ld §x§F§F§0§E§0§0§lF§x§F§F§1§5§0§0§lr§x§F§F§1§C§0§0§la§x§F§F§2§2§0§0§lg§x§F§F§2§9§0§0§lm§x§F§F§3§0§0§0§le§x§F§F§3§7§0§0§ln§x§F§F§3§E§0§0§lt in auction for 50000.
[19:38:59] > llhxnce added x1 Nether star in auction for 100000.
[19:39:01] > Zaanii_ buy x1 §x§F§F§3§E§0§0§lD§x§F§F§3§7§0§0§le§x§F§F§3§0§0§0§lm§x§F§F§2§9§0§0§lo§x§F§F§2§2§0§0§ln §x§F§F§1§5§0§0§lL§x§F§F§0§E§0§0§lo§x§F§F§0§7§0§0§lr§x§F§F§0§0§0§0§ld §x§F§F§0§E§0§0§lF§x§F§F§1§5§0§0§lr§x§F§F§1§C§0§0§la§x§F§F§2§2§0§0§lg§x§F§F§2§9§0§0§lm§x§F§F§3§0§0§0§le§x§F§F§3§7§0§0§ln§x§F§F§3§E§0§0§lt to llhxnce for $50,000.
[19:39:07] > kkyleeeeesa buy x1 Nether star to llhxnce for $100,000.
[19:39:18] > Zaanii_ remove x1 §x§F§F§3§E§0§0§lD§x§F§F§3§7§0§0§le§x§F§F§3§0§0§0§lm§x§F§F§2§9§0§0§lo§x§F§F§2§2§0§0§ln §x§F§F§1§5§0§0§lL§x§F§F§0§E§0§0§lo§x§F§F§0§7§0§0§lr§x§F§F§0§0§0§0§ld §x§F§F§0§E§0§0§lF§x§F§F§1§5§0§0§lr§x§F§F§1§C§0§0§la§x§F§F§2§2§0§0§lg§x§F§F§2§9§0§0§lm§x§F§F§3§0§0§0§le§x§F§F§3§7§0§0§ln§x§F§F§3§E§0§0§lt from buy
[19:40:33] > llhxnce added x1 §x§F§F§7§C§0§0§lSteamsparks Helmet in auction for 25000.
[19:40:39] > HPMR_GaMerz buy x1 §x§F§F§7§C§0§0§lSteamsparks Helmet to llhxnce for $25,000.
[19:40:46] > llhxnce added x1 §f§x§F§B§B§6§1§DC§x§F§0§A§F§1§Ca§x§E§5§A§8§1§Bp§x§D§B§A§0§1§9y§x§D§0§9§9§1§8b§x§C§5§9§2§1§7a§x§B§A§8§B§1§6r§x§A§F§8§4§1§5a§x§A§4§7§D§1§4 §x§9§A§7§5§1§2H§x§8§F§6§E§1§1a§x§8§4§6§7§1§0t in auction for 25000.
[19:40:54] > mauserdart buy x1 §f§x§F§B§B§6§1§DC§x§F§0§A§F§1§Ca§x§E§5§A§8§1§Bp§x§D§B§A§0§1§9y§x§D§0§9§9§1§8b§x§C§5§9§2§1§7a§x§B§A§8§B§1§6r§x§A§F§8§4§1§5a§x§A§4§7§D§1§4 §x§9§A§7§5§1§2H§x§8§F§6§E§1§1a§x§8§4§6§7§1§0t to llhxnce for $25,000.
[19:40:59] > mauserdart remove x1 §f§x§F§B§B§6§1§DC§x§F§0§A§F§1§Ca§x§E§5§A§8§1§Bp§x§D§B§A§0§1§9y§x§D§0§9§9§1§8b§x§C§5§9§2§1§7a§x§B§A§8§B§1§6r§x§A§F§8§4§1§5a§x§A§4§7§D§1§4 §x§9§A§7§5§1§2H§x§8§F§6§E§1§1a§x§8§4§6§7§1§0t from buy
[19:45:14] > mauserdart added x2 §x§F§2§C§6§D§E§lP§x§E§0§C§A§D§B§li§x§C§D§C§D§D§8§ln§x§B§B§D§1§D§5§la§x§A§9§D§4§D§2§lt§x§9§6§D§8§C§E§la §x§7§1§D§F§C§8§lC§x§5§F§E§2§C§5§lr§x§7§4§D§E§C§9§la§x§8§9§D§A§C§C§lt§x§9§E§D§6§D§0§le §x§C§8§C§E§D§7§lK§x§D§D§C§A§D§A§le§x§F§2§C§6§D§E§ly in auction for 12000.
[19:45:19] > mauserdart remove x2 §x§F§2§C§6§D§E§lP§x§E§0§C§A§D§B§li§x§C§D§C§D§D§8§ln§x§B§B§D§1§D§5§la§x§A§9§D§4§D§2§lt§x§9§6§D§8§C§E§la §x§7§1§D§F§C§8§lC§x§5§F§E§2§C§5§lr§x§7§4§D§E§C§9§la§x§8§9§D§A§C§C§lt§x§9§E§D§6§D§0§le §x§C§8§C§E§D§7§lK§x§D§D§C§A§D§A§le§x§F§2§C§6§D§E§ly from storage
[19:45:30] > mauserdart added x2 Shulker shell in auction for 12000.
[19:45:36] > HPMR_GaMerz buy x2 Shulker shell to mauserdart for $12,000.
[19:46:08] > dncipher added x1 §fHorns in auction for 5000.
[19:46:11] > Unforce01 added x1 §eMummy Hat in auction for 10000.
[19:46:14] > HPMR_GaMerz buy x1 §eMummy Hat to Unforce01 for $10,000.
[19:46:15] > HPMR_GaMerz buy x1 §fHorns to dncipher for $5,000.
[19:46:34] > HwanYo buy x2 §x§5§C§C§F§F§C§lC§x§5§C§D§1§F§5§lo§x§5§D§D§4§E§E§ls§x§5§D§D§6§E§7§lm§x§5§E§D§9§E§1§le§x§5§E§D§B§D§A§lt§x§5§E§D§D§D§3§li§x§5§F§E§0§C§C§lc §x§5§F§E§0§C§C§lH§x§5§E§D§D§D§3§la§x§5§E§D§B§D§A§lt§x§5§E§D§9§E§1§ls §x§5§D§D§4§E§E§lK§x§5§C§D§1§F§5§le§x§5§C§C§F§F§C§ly to Forcebenzz for $100,000.
[19:46:54] > HwanYo remove x2 §x§5§C§C§F§F§C§lC§x§5§C§D§1§F§5§lo§x§5§D§D§4§E§E§ls§x§5§D§D§6§E§7§lm§x§5§E§D§9§E§1§le§x§5§E§D§B§D§A§lt§x§5§E§D§D§D§3§li§x§5§F§E§0§C§C§lc §x§5§F§E§0§C§C§lH§x§5§E§D§D§D§3§la§x§5§E§D§B§D§A§lt§x§5§E§D§9§E§1§ls §x§5§D§D§4§E§E§lK§x§5§C§D§1§F§5§le§x§5§C§C§F§F§C§ly from buy
[19:56:14] > HwanYo remove x64 Experience bottle from storage
[19:56:22] > HwanYo added x1 §f§l§x§F§A§0§0§0§AD§x§F§A§1§A§1§4a§x§F§B§3§4§1§Fr§x§F§B§4§E§2§9k§x§F§B§6§8§3§3f§x§F§B§8§2§3§Dl§x§F§C§9§C§4§8a§x§F§C§B§6§5§2m§x§F§C§D§0§5§Ce§x§F§C§D§0§5§C §x§F§C§B§6§5§2L§x§F§C§9§C§4§8e§x§F§B§8§2§3§Dg§x§F§B§6§8§3§3g§x§F§B§4§E§2§9i§x§F§B§3§4§1§Fn§x§F§A§1§A§1§4g§x§F§A§0§0§0§As in auction for 3000000.
[20:00:00] > llhxnce added x3 Beacon in auction for 500000.
[20:00:23] > nnorv1 added x1 §x§5§9§A§1§D§9§lA§x§6§B§A§B§D§Dr§x§7§E§B§6§E§1c§x§9§0§C§0§E§6h§x§A§3§C§B§E§Aa§x§B§5§D§5§E§En§x§C§8§E§0§F§2g§x§D§A§E§A§F§7e§x§E§D§F§5§F§Bl §x§E§A§F§3§F§AB§x§D§6§E§8§F§6a§x§C§1§D§C§F§1c§x§A§C§D§0§E§Ck§x§9§7§C§4§E§7p§x§8§3§B§9§E§3a§x§6§E§A§D§D§Ec§x§5§9§A§1§D§9k in auction for 600000.
[20:00:38] > TostyZura remove x1 §x§F§F§5§5§0§0§lsᴇʟʟᴡᴀɴᴅ §6- 20.0x from buy
[20:00:39] > TostyZura remove x1 §x§F§F§5§5§0§0§lsᴇʟʟᴡᴀɴᴅ §6- 10.0x from buy
[20:00:46] > nnorv1 added x1 §x§F§F§3§E§0§0§lD§x§F§F§3§7§0§0§le§x§F§F§3§0§0§0§lm§x§F§F§2§9§0§0§lo§x§F§F§2§2§0§0§ln §x§F§F§1§5§0§0§lL§x§F§F§0§E§0§0§lo§x§F§F§0§7§0§0§lr§x§F§F§0§0§0§0§ld §x§F§F§0§E§0§0§lC§x§F§F§1§5§0§0§lr§x§F§F§1§C§0§0§lo§x§F§F§2§2§0§0§ls§x§F§F§2§9§0§0§ls§x§F§F§3§0§0§0§lb§x§F§F§3§7§0§0§lo§x§F§F§3§E§0§0§lw in auction for 200000.
[20:00:52] > TostyZura added x1 §x§F§F§5§5§0§0§lsᴇʟʟᴡᴀɴᴅ §6- 20.0x in auction for 1700000.
[20:00:54] > Takeremu buy x1 §x§F§F§5§5§0§0§lsᴇʟʟᴡᴀɴᴅ §6- 20.0x to TostyZura for $1,700,000.
[20:01:09] > BlackKnight buy x1 §x§5§9§A§1§D§9§lA§x§6§B§A§B§D§Dr§x§7§E§B§6§E§1c§x§9§0§C§0§E§6h§x§A§3§C§B§E§Aa§x§B§5§D§5§E§En§x§C§8§E§0§F§2g§x§D§A§E§A§F§7e§x§E§D§F§5§F§Bl §x§E§A§F§3§F§AB§x§D§6§E§8§F§6a§x§C§1§D§C§F§1c§x§A§C§D§0§E§Ck§x§9§7§C§4§E§7p§x§8§3§B§9§E§3a§x§6§E§A§D§D§Ec§x§5§9§A§1§D§9k to nnorv1 for $600,000.
[20:01:10] > TostyZura added x1 §x§F§F§5§5§0§0§lsᴇʟʟᴡᴀɴᴅ §6- 10.0x in auction for 500000.
[20:01:12] > nnorv1 buy x1 §x§F§F§5§5§0§0§lsᴇʟʟᴡᴀɴᴅ §6- 10.0x to TostyZura for $500,000.
[20:01:31] > TostyZura remove x1 §x§F§C§9§0§5§C§lE§x§E§6§9§C§6§B§lp§x§C§F§A§7§7§A§li§x§B§9§B§3§8§9§lc §x§8§C§C§B§A§7§lC§x§7§5§D§6§B§6§lr§x§5§F§E§2§C§5§la§x§7§9§D§4§B§4§lt§x§9§3§C§7§A§2§le §x§C§8§A§B§7§F§lK§x§E§2§9§E§6§E§le§x§F§C§9§0§5§C§ly from buy
[20:01:35] > TostyZura added x1 §x§F§C§9§0§5§C§lE§x§E§6§9§C§6§B§lp§x§C§F§A§7§7§A§li§x§B§9§B§3§8§9§lc §x§8§C§C§B§A§7§lC§x§7§5§D§6§B§6§lr§x§5§F§E§2§C§5§la§x§7§9§D§4§B§4§lt§x§9§3§C§7§A§2§le §x§C§8§A§B§7§F§lK§x§E§2§9§E§6§E§le§x§F§C§9§0§5§C§ly in auction for 10.
[20:01:38] > grit_zy buy x1 §x§F§C§9§0§5§C§lE§x§E§6§9§C§6§B§lp§x§C§F§A§7§7§A§li§x§B§9§B§3§8§9§lc §x§8§C§C§B§A§7§lC§x§7§5§D§6§B§6§lr§x§5§F§E§2§C§5§la§x§7§9§D§4§B§4§lt§x§9§3§C§7§A§2§le §x§C§8§A§B§7§F§lK§x§E§2§9§E§6§E§le§x§F§C§9§0§5§C§ly to TostyZura for $10.
[20:01:39] > nnorv1 remove x1 §x§F§F§5§5§0§0§lsᴇʟʟᴡᴀɴᴅ §6- 10.0x from buy
[20:01:46] > llhxnce added x1 §2Franck in auction for 25.
[20:01:50] > grit_zy buy x1 §2Franck to llhxnce for $25.
[20:02:36] > Technoblad7869 added x1 Iron helmet in auction for 10000.
[20:04:59] > nnorv1 buy x1 §x§F§F§3§E§0§0§lD§x§F§F§3§5§0§0§le§x§F§F§2§C§0§0§lm§x§F§F§2§3§0§0§lo§x§F§F§1§B§0§0§ln §x§F§F§0§9§0§0§lL§x§F§F§0§0§0§0§lo§x§F§F§0§A§0§0§lr§x§F§F§1§5§0§0§ld §x§F§F§2§9§0§0§lH§x§F§F§3§4§0§0§lo§x§F§F§3§E§0§0§le to nicoso12 for $100,000.
[20:05:48] > nnorv1 remove x1 §x§F§F§3§E§0§0§lD§x§F§F§3§5§0§0§le§x§F§F§2§C§0§0§lm§x§F§F§2§3§0§0§lo§x§F§F§1§B§0§0§ln §x§F§F§0§9§0§0§lL§x§F§F§0§0§0§0§lo§x§F§F§0§A§0§0§lr§x§F§F§1§5§0§0§ld §x§F§F§2§9§0§0§lH§x§F§F§3§4§0§0§lo§x§F§F§3§E§0§0§le from buy
[20:08:22] > llhxnce added x1 Diamond chestplate in auction for 10.
[20:08:26] > TostyZura buy x1 Diamond chestplate to llhxnce for $10.
[20:29:44] > .Kenku1001 added x1 Enchanted book in auction for 900.
[20:29:53] > Seris00 buy x1 Enchanted book to .Kenku1001 for $900.
[20:35:38] > Seris00 added x64 Iron block in auction for 22400.
[20:35:52] > Seris00 added x64 Iron block in auction for 22400.
[20:36:05] > Seris00 added x64 Iron block in auction for 22400.
[20:36:16] > Seris00 added x64 Iron block in auction for 22400.
[20:36:26] > Seris00 added x64 Iron block in auction for 22400.
[20:36:42] > Seris00 added x32 Iron block in auction for 11200.
[20:39:29] > Technoblad7869 buy x32 Iron block to Seris00 for $11,200.
[20:42:11] > x1 §f§x§D§0§D§0§D§0J§x§C§9§C§9§C§9e§x§C§2§C§2§C§2t§x§B§B§B§B§B§B §x§B§3§B§3§B§3P§x§A§C§A§C§A§Ci§x§A§5§A§5§A§5l§x§9§E§9§E§9§Eo§x§9§7§9§7§9§7t§x§9§0§9§0§9§0 §x§8§9§8§9§8§9H§x§8§2§8§2§8§2e§x§7§A§7§A§7§Al§x§7§3§7§3§7§3m§x§6§C§6§C§6§Ce§x§6§5§6§5§6§5t, bought by Zypher_0w0, has just expired, the item is definitively deleted.
[20:42:12] > Seris00 remove x1 Enchanted book form buy
[20:46:02] > Technoblad7869 added x1 Diamond chestplate in auction for 10000.
[20:50:03] > llhxnce added x1 §eᴢᴏᴍʙɪᴇ sᴘᴀᴡɴᴇʀ in auction for 100000.
[20:50:11] > Deanrex buy x1 §eᴢᴏᴍʙɪᴇ sᴘᴀᴡɴᴇʀ to llhxnce for $100,000.
[20:50:17] > Deanrex remove x1 §eᴢᴏᴍʙɪᴇ sᴘᴀᴡɴᴇʀ form buy
[21:01:06] > Seris00 buy x1 §x§F§F§3§E§0§0§lD§x§F§F§3§8§0§0§le§x§F§F§3§2§0§0§lm§x§F§F§2§B§0§0§lo§x§F§F§2§5§0§0§ln §x§F§F§1§9§0§0§lL§x§F§F§1§3§0§0§lo§x§F§F§0§C§0§0§lr§x§F§F§0§6§0§0§ld §x§F§F§0§6§0§0§lB§x§F§F§0§C§0§0§la§x§F§F§1§3§0§0§lt§x§F§F§1§9§0§0§lt§x§F§F§1§F§0§0§ll§x§F§F§2§5§0§0§le §x§F§F§3§2§0§0§lA§x§F§F§3§8§0§0§lx§x§F§F§3§E§0§0§le to Forcebenzz for $200,000.
[21:01:13] > Seris00 added x1 §x§F§F§3§E§0§0§lD§x§F§F§3§6§0§0§le§x§F§F§2§F§0§0§lm§x§F§F§2§7§0§0§lo§x§F§F§1§F§0§0§ln §x§F§F§1§0§0§0§lL§x§F§F§0§8§0§0§lo§x§F§F§0§0§0§0§lr§x§F§F§0§8§0§0§ld §x§F§F§1§7§0§0§lS§x§F§F§1§F§0§0§li§x§F§F§2§7§0§0§lc§x§F§F§2§F§0§0§lk§x§F§F§3§6§0§0§ll§x§F§F§3§E§0§0§le in auction for 200000.
[21:01:17] > x1 §x§E§5§1§B§1§B§lDracula Leggings, bought by anneyong, has just expired, the item is definitively deleted.
[21:01:17] > x1 §x§E§5§1§B§1§B§lDracula Pickaxe, bought by anneyong, has just expired, the item is definitively deleted.
[21:01:18] > Seris00 remove x1 §x§F§F§3§E§0§0§lD§x§F§F§3§8§0§0§le§x§F§F§3§2§0§0§lm§x§F§F§2§B§0§0§lo§x§F§F§2§5§0§0§ln §x§F§F§1§9§0§0§lL§x§F§F§1§3§0§0§lo§x§F§F§0§C§0§0§lr§x§F§F§0§6§0§0§ld §x§F§F§0§6§0§0§lB§x§F§F§0§C§0§0§la§x§F§F§1§3§0§0§lt§x§F§F§1§9§0§0§lt§x§F§F§1§F§0§0§ll§x§F§F§2§5§0§0§le §x§F§F§3§2§0§0§lA§x§F§F§3§8§0§0§lx§x§F§F§3§E§0§0§le from buy
[21:01:48] > Seris00 added x1 §x§F§F§3§E§0§0§lD§x§F§F§3§6§0§0§le§x§F§F§2§F§0§0§lm§x§F§F§2§7§0§0§lo§x§F§F§1§F§0§0§ln §x§F§F§1§0§0§0§lL§x§F§F§0§8§0§0§lo§x§F§F§0§0§0§0§lr§x§F§F§0§8§0§0§ld §x§F§F§1§7§0§0§lS§x§F§F§1§F§0§0§lh§x§F§F§2§7§0§0§lo§x§F§F§2§F§0§0§lv§x§F§F§3§6§0§0§le§x§F§F§3§E§0§0§ll in auction for 100000.
[21:05:34] > Seris00 added x1 Enchanted book in auction for 4000.
[21:05:45] > lolxxvihan added x1 Nether star in auction for 90000.
[21:06:16] > FRANZ_JOSEF0 added x1 §f§x§F§B§B§6§1§DC§x§F§0§A§F§1§Ca§x§E§5§A§8§1§Bp§x§D§B§A§0§1§9y§x§D§0§9§9§1§8b§x§C§5§9§2§1§7a§x§B§A§8§B§1§6r§x§A§F§8§4§1§5a§x§A§4§7§D§1§4 §x§9§A§7§5§1§2H§x§8§F§6§E§1§1a§x§8§4§6§7§1§0t in auction for 20000.
[21:06:20] > TostyZura buy x1 §f§x§F§B§B§6§1§DC§x§F§0§A§F§1§Ca§x§E§5§A§8§1§Bp§x§D§B§A§0§1§9y§x§D§0§9§9§1§8b§x§C§5§9§2§1§7a§x§B§A§8§B§1§6r§x§A§F§8§4§1§5a§x§A§4§7§D§1§4 §x§9§A§7§5§1§2H§x§8§F§6§E§1§1a§x§8§4§6§7§1§0t to FRANZ_JOSEF0 for $20,000.
[21:06:40] > FRANZ_JOSEF0 added x1 §fAdventure Hat in auction for 30000.
[21:07:03] > lolxxvihan remove x1 Nether star form storage
[21:07:49] > x1 §f§l§x§F§C§D§0§5§CW§x§F§A§A§2§4§8u§x§F§8§7§4§3§3k§x§F§6§4§5§1§Fo§x§F§4§1§7§0§Ang§x§F§6§4§5§1§F §x§F§8§7§4§3§3H§x§F§A§A§2§4§8o§x§F§C§D§0§5§Ce on sale by SP3CC_ has just expired, it goes in the inventory of expired items.
[21:09:31] > lolxxvihan buy x1 §f§l§x§F§C§D§0§5§CW§x§F§B§A§D§4§Du§x§F§9§8§B§3§Dk§x§F§8§6§8§2§Eo§x§F§6§4§5§1§Fn§x§F§5§2§3§0§Fg§x§F§3§0§0§0§0 §x§F§5§2§3§0§FD§x§F§6§4§5§1§Fa§x§F§8§6§8§2§Eg§x§F§9§8§B§3§Dg§x§F§B§A§D§4§De§x§F§C§D§0§5§Cr to octopus_01 for $100,000.
[21:10:48] > lolxxvihan remove x1 §f§l§x§F§C§D§0§5§CW§x§F§B§A§D§4§Du§x§F§9§8§B§3§Dk§x§F§8§6§8§2§Eo§x§F§6§4§5§1§Fn§x§F§5§2§3§0§Fg§x§F§3§0§0§0§0 §x§F§5§2§3§0§FD§x§F§6§4§5§1§Fa§x§F§8§6§8§2§Eg§x§F§9§8§B§3§Dg§x§F§B§A§D§4§De§x§F§C§D§0§5§Cr from buy
[21:15:10] > .shirowonkies buy x1 Enchanted book to Seris00 for $4,000.
[21:15:37] > .shirowonkies remove x1 Enchanted book form buy
[21:25:41] > lolxxvihan added x1 Nether star in auction for 100000.
[21:27:23] > BlackKnight remove x1 §x§5§9§A§1§D§9§lA§x§6§B§A§B§D§Dr§x§7§E§B§6§E§1c§x§9§0§C§0§E§6h§x§A§3§C§B§E§Aa§x§B§5§D§5§E§En§x§C§8§E§0§F§2g§x§D§A§E§A§F§7e§x§E§D§F§5§F§Bl §x§E§A§F§3§F§AB§x§D§6§E§8§F§6a§x§C§1§D§C§F§1c§x§A§C§D§0§E§Ck§x§9§7§C§4§E§7p§x§8§3§B§9§E§3a§x§6§E§A§D§D§Ec§x§5§9§A§1§D§9k from buy
[21:29:36] > Takeremu buy x64 Iron block to Seris00 for $22,400.
[21:29:38] > Takeremu buy x64 Iron block to Seris00 for $22,400.
[21:29:46] > Takeremu remove x64 Iron block from buy
[21:29:47] > Takeremu remove x64 Iron block from buy
[21:29:47] > Takeremu remove x1 §x§F§F§5§5§0§0§lsᴇʟʟᴡᴀɴᴅ §6- 20.0x from buy
[21:30:29] > giyahnpogi added x1 §x§F§F§7§C§0§0§lSteamsparks Hoe in auction for 10.
[21:30:32] > grit_zy buy x1 §x§F§F§7§C§0§0§lSteamsparks Hoe to giyahnpogi for $10.
[21:32:04] > Technoblad7869 added x10 §x§F§C§D§0§5§C§lB§x§E§6§D§3§6§B§la§x§C§F§D§5§7§A§ls§x§B§9§D§8§8§9§li§x§A§2§D§A§9§8§lc §x§7§5§D§F§B§6§lC§x§5§F§E§2§C§5§lr§x§7§5§D§F§B§6§la§x§8§C§D§D§A§7§lt§x§A§2§D§A§9§8§le §x§C§F§D§5§7§A§lK§x§E§6§D§3§6§B§le§x§F§C§D§0§5§C§ly in auction for 500000.
[21:32:16] > Technoblad7869 remove x1 Iron helmet from storage
[21:32:17] > Technoblad7869 remove x1 Nether star from storage
[21:34:48] > giyahnpogi added x1 §fStray Plushie §6(#85/101) in auction for 2000000.
[21:37:00] > Technoblad7869 added x1 Elytra in auction for 500000.
[21:38:22] > Ax_ added x1 §esᴋᴇʟᴇᴛᴏɴ sᴘᴀᴡɴᴇʀ in auction for 450000.
[21:39:13] > BlackKnight added x1 §fRaining Cloud Hat in auction for 150000.
[21:39:26] > BlackKnight added x1 §fSun Hat in auction for 150000.
[21:39:57] > Ax_ buy x1 Elytra to Technoblad7869 for $500,000.
[21:40:41] > Sngel25 remove x6 Nether star from buy
[21:45:44] > Technoblad7869 remove x10 §x§F§C§D§0§5§C§lB§x§E§6§D§3§6§B§la§x§C§F§D§5§7§A§ls§x§B§9§D§8§8§9§li§x§A§2§D§A§9§8§lc §x§7§5§D§F§B§6§lC§x§5§F§E§2§C§5§lr§x§7§5§D§F§B§6§la§x§8§C§D§D§A§7§lt§x§A§2§D§A§9§8§le §x§C§F§D§5§7§A§lK§x§E§6§D§3§6§B§le§x§F§C§D§0§5§C§ly from storage
[21:48:28] > Technoblad7869 added x1 Dragon head in auction for 200000.
[21:50:06] > giyahnpogi added x64 Redstone block in auction for 100000.
[21:51:00] > Akiesha added x4 Nether star in auction for 200000.
[21:55:40] > Technoblad7869 added x5 Enchanted golden apple in auction for 90000.
[22:02:37] > nnorv1 buy x5 Enchanted golden apple to Technoblad7869 for $90,000.
[22:02:46] > nnorv1 remove x5 Enchanted golden apple from buy
[22:04:28] > Puffingsponge added x1 §x§F§C§D§0§5§C§lB§x§E§6§D§3§6§B§la§x§C§F§D§5§7§A§ls§x§B§9§D§8§8§9§li§x§A§2§D§A§9§8§lc §x§7§5§D§F§B§6§lC§x§5§F§E§2§C§5§lr§x§7§5§D§F§B§6§la§x§8§C§D§D§A§7§lt§x§A§2§D§A§9§8§le §x§C§F§D§5§7§A§lK§x§E§6§D§3§6§B§le§x§F§C§D§0§5§C§ly in auction for 10.
[22:04:32] > MrGh0st1y buy x1 §x§F§C§D§0§5§C§lB§x§E§6§D§3§6§B§la§x§C§F§D§5§7§A§ls§x§B§9§D§8§8§9§li§x§A§2§D§A§9§8§lc §x§7§5§D§F§B§6§lC§x§5§F§E§2§C§5§lr§x§7§5§D§F§B§6§la§x§8§C§D§D§A§7§lt§x§A§2§D§A§9§8§le §x§C§F§D§5§7§A§lK§x§E§6§D§3§6§B§le§x§F§C§D§0§5§C§ly to Puffingsponge for $10.
[22:10:01] > SydneySweetie added x1 §x§F§F§3§E§0§0§lD§x§F§F§3§6§0§0§le§x§F§F§2§F§0§0§lm§x§F§F§2§7§0§0§lo§x§F§F§1§F§0§0§ln §x§F§F§1§0§0§0§lL§x§F§F§0§8§0§0§lo§x§F§F§0§0§0§0§lr§x§F§F§0§8§0§0§ld §x§F§F§1§7§0§0§lS§x§F§F§1§F§0§0§lh§x§F§F§2§7§0§0§li§x§F§F§2§F§0§0§le§x§F§F§3§6§0§0§ll§x§F§F§3§E§0§0§ld in auction for 150000.
[22:10:21] > SydneySweetie added x1 §x§F§F§3§E§0§0§lD§x§F§F§3§5§0§0§le§x§F§F§2§C§0§0§lm§x§F§F§2§3§0§0§lo§x§F§F§1§B§0§0§ln §x§F§F§0§9§0§0§lL§x§F§F§0§0§0§0§lo§x§F§F§0§A§0§0§lr§x§F§F§1§5§0§0§ld §x§F§F§2§9§0§0§lH§x§F§F§3§4§0§0§lo§x§F§F§3§E§0§0§le in auction for 100000.
[22:12:34] > octopus_01 added x1 §x§F§0§7§A§5§4§lZombie Apocalyptic Shotgun in auction for 100000.
[22:12:46] > octopus_01 added x1 §x§F§0§7§A§5§4§lZombie Apocalyptic Axe in auction for 100000.
[22:13:01] > Takeremu buy x1 §x§F§0§7§A§5§4§lZombie Apocalyptic Shotgun to octopus_01 for $100,000.
[22:13:07] > Takeremu remove x1 §x§F§0§7§A§5§4§lZombie Apocalyptic Shotgun from buy
[22:15:57] > sukiyoriee buy x1 §esᴋᴇʟᴇᴛᴏɴ sᴘᴀᴡɴᴇʀ to Ax_ for $450,000.
[22:16:17] > sukiyoriee buy x1 §x§F§0§7§A§5§4§lZombie Apocalyptic Axe to octopus_01 for $100,000.
[22:16:21] > sukiyoriee remove x1 §esᴋᴇʟᴇᴛᴏɴ sᴘᴀᴡɴᴇʀ from buy
[22:16:22] > sukiyoriee remove x1 §x§F§0§7§A§5§4§lZombie Apocalyptic Axe from buy
[22:19:23] > llhxnce added x1 §esᴋᴇʟᴇᴛᴏɴ sᴘᴀᴡɴᴇʀ in auction for 100000.
[22:19:27] > HPMR_GaMerz buy x1 §esᴋᴇʟᴇᴛᴏɴ sᴘᴀᴡɴᴇʀ to llhxnce for $100,000.
[22:19:27] > sukiyoriee buy x64 Iron block to Seris00 for $22,400.
[22:19:32] > HPMR_GaMerz buy x1 Dragon head to Technoblad7869 for $200,000.
[22:19:33] > frenchhee remove x1 §x§F§F§7§C§0§0§lSteamsparks Shield from buy
[22:19:42] > HPMR_GaMerz buy x1 §fAdventure Hat to FRANZ_JOSEF0 for $30,000.
[22:20:08] > HPMR_GaMerz buy x64 Experience bottle to HwanYo for $300,000.
[22:20:10] > HPMR_GaMerz buy x64 Experience bottle to HwanYo for $300,000.
[22:20:11] > HPMR_GaMerz buy x64 Experience bottle to HwanYo for $300,000.
[22:20:13] > HPMR_GaMerz buy x64 Experience bottle to HwanYo for $300,000.
[22:20:14] > HPMR_GaMerz buy x64 Experience bottle to HwanYo for $300,000.
[22:25:31] > Ax_ added x1 §eᴘɪɢ sᴘᴀᴡɴᴇʀ in auction for 100000.
[22:25:57] > Takeremu buy x1 §eᴘɪɢ sᴘᴀᴡɴᴇʀ to Ax_ for $100,000.
[22:29:41] > Ax_ added x2 Nether star in auction for 100000.
[22:31:22] > Ax_ remove x1 Elytra from buy
[22:36:06] > GayHerobrine69 buy x1 Diamond chestplate to Technoblad7869 for $10,000.
[22:43:07] > Trv added x2 §x§E§5§1§B§1§B§lDracula Key in auction for 200000.
[22:53:58] > SydneySweetie added x1 Enchanted book in auction for 2500.
[22:54:07] > P4LDOK buy x1 Enchanted book to SydneySweetie for $2,500.
[22:54:11] > SydneySweetie added x1 Enchanted book in auction for 2500.
[22:54:18] > Azp3c7 buy x1 Enchanted book to SydneySweetie for $2,500.
[22:54:34] > SydneySweetie added x1 Enchanted book in auction for 2500.
[22:54:43] > P4LDOK buy x1 Enchanted book to SydneySweetie for $2,500.
[22:54:54] > P4LDOK remove x1 Enchanted book from buy
[22:54:54] > P4LDOK remove x1 Enchanted book from buy
[22:54:59] > SydneySweetie added x1 Enchanted book in auction for 2500.
[22:55:30] > Azp3c7 buy x1 Enchanted book to SydneySweetie for $2,500.
[22:56:12] > Azp3c7 remove x1 Enchanted book from buy
[22:56:13] > Azp3c7 remove x1 Enchanted book from buy
[22:59:02] > HPMR_GaMerz remove x1 Dragon head from buy
[23:07:31] > Seris00 buy x1 §x§F§F§3§E§0§0§lD§x§F§F§3§6§0§0§le§x§F§F§2§F§0§0§lm§x§F§F§2§7§0§0§lo§x§F§F§1§F§0§0§ln §x§F§F§1§0§0§0§lL§x§F§F§0§8§0§0§lo§x§F§F§0§0§0§0§lr§x§F§F§0§8§0§0§ld §x§F§F§1§7§0§0§lS§x§F§F§1§F§0§0§lh§x§F§F§2§7§0§0§li§x§F§F§2§F§0§0§le§x§F§F§3§6§0§0§ll§x§F§F§3§E§0§0§ld to SydneySweetie for $150,000.
[23:10:07] > Seris00 added x1 Enchanted book in auction for 4000.
[23:10:20] > Seris00 added x1 Enchanted book in auction for 4000.
[23:10:32] > Seris00 added x1 Enchanted book in auction for 4000.
[23:16:35] > koshie remove x1 §x§F§F§5§5§0§0§lsᴇʟʟᴡᴀɴᴅ §6- 10.0x from buy
[23:16:36] > koshie remove x1 §x§F§F§5§5§0§0§lsᴇʟʟᴡᴀɴᴅ §6- 20.0x from buy
[23:16:37] > koshie remove x1 §eᴢᴏᴍʙɪᴇ sᴘᴀᴡɴᴇʀ from buy
[23:20:10] > Unforce01 added x1 §f§l§x§F§C§D§0§5§CW§x§F§B§A§D§4§Du§x§F§9§8§B§3§Dk§x§F§8§6§8§2§Eo§x§F§6§4§5§1§Fn§x§F§5§2§3§0§Fg§x§F§3§0§0§0§0 §x§F§5§2§3§0§FS§x§F§6§4§5§1§Fh§x§F§8§6§8§2§Ei§x§F§9§8§B§3§De§x§F§B§A§D§4§Dl§x§F§C§D§0§5§Cd in auction for 150000.
[23:20:22] > Unforce01 added x1 §f§l§x§F§C§D§0§5§CW§x§F§A§A§A§4§Bu§x§F§9§8§4§3§Bk§x§F§7§5§F§2§Ao§x§F§5§3§9§1§9n§x§F§4§1§3§0§8g §x§F§5§3§9§1§9S§x§F§7§5§F§2§Ap§x§F§9§8§4§3§Be§x§F§A§A§A§4§Ba§x§F§C§D§0§5§Cr in auction for 150000.
[23:20:32] > Unforce01 added x1 §f§l§x§F§C§D§0§5§CW§x§F§B§B§0§4§Eu§x§F§9§9§0§4§0k§x§F§8§7§0§3§2o§x§F§6§5§0§2§3n§x§F§5§3§0§1§5g§x§F§4§1§0§0§7 H§x§F§5§3§0§1§5a§x§F§6§5§0§2§3l§x§F§8§7§0§3§2b§x§F§9§9§0§4§0e§x§F§B§B§0§4§Er§x§F§C§D§0§5§Cd in auction for 150000.
[23:20:50] > Unforce01 added x1 §f§l§x§F§C§D§0§5§CW§x§F§B§B§D§5§4u§x§F§A§A§A§4§Bk§x§F§A§9§7§4§3o§x§F§9§8§4§3§Bn§x§F§8§7§1§3§2g§x§F§7§5§F§2§A §x§F§6§4§C§2§1B§x§F§5§3§9§1§9o§x§F§5§2§6§1§1o§x§F§4§1§3§0§8t§x§F§3§0§0§0§0s in auction for 200000.
[23:21:03] > Unforce01 added x1 §f§l§x§F§C§D§0§5§CW§x§F§B§B§D§5§4u§x§F§A§A§A§4§Bk§x§F§A§9§7§4§3o§x§F§9§8§4§3§Bn§x§F§8§7§1§3§2g§x§F§7§5§F§2§A §x§F§6§4§C§2§1B§x§F§5§3§9§1§9o§x§F§5§2§6§1§1o§x§F§4§1§3§0§8t§x§F§3§0§0§0§0s in auction for 200000.
[23:21:04] > BlackKnight remove x1 §fSun Hat from storage
[23:21:05] > BlackKnight remove x1 §fRaining Cloud Hat from storage
[23:21:24] > BlackKnight added x1 §fSun Hat in auction for 50000.
[23:21:29] > HPMR_GaMerz buy x1 §fSun Hat to BlackKnight for $50,000.
[23:21:37] > BlackKnight added x1 §fRaining Cloud Hat in auction for 50000.
[23:21:41] > HPMR_GaMerz buy x1 §fRaining Cloud Hat to BlackKnight for $50,000.
[23:21:47] > Unforce01 added x1 §x§F§F§3§E§0§0§lD§x§F§F§3§6§0§0§le§x§F§F§2§F§0§0§lm§x§F§F§2§7§0§0§lo§x§F§F§1§F§0§0§ln §x§F§F§1§0§0§0§lL§x§F§F§0§8§0§0§lo§x§F§F§0§0§0§0§lr§x§F§F§0§9§0§0§ld §x§F§F§1§B§0§0§lS§x§F§F§2§3§0§0§lw§x§F§F§2§C§0§0§lo§x§F§F§3§5§0§0§lr§x§F§F§3§E§0§0§ld in auction for 200000.
[23:22:03] > Unforce01 added x1 §x§F§F§3§E§0§0§lD§x§F§F§3§7§0§0§le§x§F§F§3§0§0§0§lm§x§F§F§2§9§0§0§lo§x§F§F§2§2§0§0§ln §x§F§F§1§5§0§0§lL§x§F§F§0§E§0§0§lo§x§F§F§0§7§0§0§lr§x§F§F§0§0§0§0§ld §x§F§F§1§0§0§0§lP§x§F§F§1§7§0§0§li§x§F§F§1§F§0§0§lc§x§F§F§2§7§0§0§lk§x§F§F§2§F§0§0§la§x§F§F§3§6§0§0§lx§x§F§F§3§E§0§0§le in auction for 200000.
[23:22:15] > Unforce01 added x1 §x§F§F§3§E§0§0§lD§x§F§F§3§6§0§0§le§x§F§F§2§F§0§0§lm§x§F§F§2§7§0§0§lo§x§F§F§1§F§0§0§ln §x§F§F§1§0§0§0§lL§x§F§F§0§8§0§0§lo§x§F§F§0§0§0§0§lr§x§F§F§0§9§0§0§ld §x§F§F§1§B§0§0§lS§x§F§F§2§3§0§0§lt§x§F§F§2§C§0§0§la§x§F§F§3§5§0§0§lf§x§F§F§3§E§0§0§lf in auction for 100000.
[23:22:19] > HPMR_GaMerz buy x1 §x§F§F§3§E§0§0§lD§x§F§F§3§6§0§0§le§x§F§F§2§F§0§0§lm§x§F§F§2§7§0§0§lo§x§F§F§1§F§0§0§ln §x§F§F§1§0§0§0§lL§x§F§F§0§8§0§0§lo§x§F§F§0§0§0§0§lr§x§F§F§0§9§0§0§ld §x§F§F§1§B§0§0§lS§x§F§F§2§3§0§0§lt§x§F§F§2§C§0§0§la§x§F§F§3§5§0§0§lf§x§F§F§3§E§0§0§lf to Unforce01 for $100,000.
[23:22:50] > Unforce01 added x1 §x§5§9§A§1§D§9§lA§x§7§5§B§1§D§Fr§x§9§0§C§0§E§6c§x§A§C§D§0§E§Ch§x§C§8§E§0§F§2a§x§E§3§E§F§F§9n§fg§x§E§3§E§F§F§9e§x§C§8§E§0§F§2l §x§9§0§C§0§E§6H§x§7§5§B§1§D§Fa§x§5§9§A§1§D§9t in auction for 250000.
[23:22:54] > HPMR_GaMerz buy x1 §x§5§9§A§1§D§9§lA§x§7§5§B§1§D§Fr§x§9§0§C§0§E§6c§x§A§C§D§0§E§Ch§x§C§8§E§0§F§2a§x§E§3§E§F§F§9n§fg§x§E§3§E§F§F§9e§x§C§8§E§0§F§2l §x§9§0§C§0§E§6H§x§7§5§B§1§D§Fa§x§5§9§A§1§D§9t to Unforce01 for $250,000.
[23:23:27] > Unforce01 added x1 §x§5§9§A§1§D§9§lA§x§7§1§A§E§D§Er§x§8§8§B§C§E§4c§x§A§0§C§9§E§9h§x§B§8§D§7§E§Fa§x§D§0§E§4§F§4n§x§E§7§F§2§F§Ag§fe§x§E§7§F§2§F§Al §x§B§8§D§7§E§FS§x§A§0§C§9§E§9t§x§8§8§B§C§E§4a§x§7§1§A§E§D§Ef§x§5§9§A§1§D§9f in auction for 400000.
[23:23:30] > BlackKnight buy x1 §x§5§9§A§1§D§9§lA§x§7§1§A§E§D§Er§x§8§8§B§C§E§4c§x§A§0§C§9§E§9h§x§B§8§D§7§E§Fa§x§D§0§E§4§F§4n§x§E§7§F§2§F§Ag§fe§x§E§7§F§2§F§Al §x§B§8§D§7§E§FS§x§A§0§C§9§E§9t§x§8§8§B§C§E§4a§x§7§1§A§E§D§Ef§x§5§9§A§1§D§9f to Unforce01 for $400,000.
[23:23:45] > BlackKnight remove x1 §x§5§9§A§1§D§9§lA§x§7§1§A§E§D§Er§x§8§8§B§C§E§4c§x§A§0§C§9§E§9h§x§B§8§D§7§E§Fa§x§D§0§E§4§F§4n§x§E§7§F§2§F§Ag§fe§x§E§7§F§2§F§Al §x§B§8§D§7§E§FS§x§A§0§C§9§E§9t§x§8§8§B§C§E§4a§x§7§1§A§E§D§Ef§x§5§9§A§1§D§9f from buy
[23:25:08] > Unforce01 added x1 Mace in auction for 500000.
[23:25:12] > koshie buy x1 Mace to Unforce01 for $500,000.
[23:25:18] > Unforce01 added x1 Mace in auction for 500000.
[23:25:21] > HPMR_GaMerz buy x1 Mace to Unforce01 for $500,000.
[23:25:22] > koshie remove x1 Mace from buy
[23:25:28] > koshie added x1 Mace in auction for 500000.
[23:25:30] > Unforce01 added x1 §f§l§x§F§C§D§0§5§CW§x§F§A§A§6§4§Au§x§F§8§7§D§3§7k§x§F§7§5§3§2§5o§x§F§5§2§A§1§2n§x§F§3§0§0§0§0g§x§F§5§2§A§1§2 §x§F§7§5§3§2§5C§x§F§8§7§D§3§7l§x§F§A§A§6§4§Au§x§F§C§D§0§5§Cb in auction for 500000.
[23:25:32] > HPMR_GaMerz buy x1 Mace to koshie for $500,000.
[23:26:36] > HPMR_GaMerz remove x1 Totem of undying from buy
[23:26:37] > HPMR_GaMerz remove x1 Totem of Appreciation from buy
[23:26:37] > HPMR_GaMerz remove x1 Totem of undying from buy
[23:36:21] > Cooldoggiexd added x1 §x§F§F§5§5§0§0§lsᴇʟʟᴡᴀɴᴅ §6- 5.0x in auction for 350000.
[23:36:25] > koshie buy x1 §x§F§F§5§5§0§0§lsᴇʟʟᴡᴀɴᴅ §6- 5.0x to Cooldoggiexd for $350,000.
[23:36:39] > shelby added x1 §x§F§F§5§5§0§0§lsᴇʟʟᴡᴀɴᴅ §6- 5.0x in auction for 400000.
[23:36:42] > Trv buy x1 §x§F§F§5§5§0§0§lsᴇʟʟᴡᴀɴᴅ §6- 5.0x to shelby for $400,000.
[23:38:13] > Trv remove x1 §x§F§F§5§5§0§0§lsᴇʟʟᴡᴀɴᴅ §6- 5.0x from buy
[23:39:18] > .zephyr_demon991 added x1 §x§F§F§5§5§0§0§lsᴇʟʟᴡᴀɴᴅ §6- 20.0x in auction for 2000000.
[23:39:32] > Zypher_0w0 buy x1 §x§F§F§5§5§0§0§lsᴇʟʟᴡᴀɴᴅ §6- 20.0x to .zephyr_demon991 for $2,000,000.
[23:39:41] > Takeremu added x1 §x§F§F§5§5§0§0§lsᴇʟʟᴡᴀɴᴅ §6- 20.0x in auction for 2000000.
[23:39:48] > Zypher_0w0 buy x1 §x§F§F§5§5§0§0§lsᴇʟʟᴡᴀɴᴅ §6- 20.0x to Takeremu for $2,000,000.
[23:44:43] > lorxie added x1 §x§F§F§3§E§0§0§lSellwand Voucher in auction for 1000000.
[23:45:18] > .Kenku1001 added x1 §x§F§F§5§5§0§0§lsᴇʟʟᴡᴀɴᴅ §6- 5.0x in auction for 400000.
[23:45:22] > Unforce01 buy x1 §x§F§F§5§5§0§0§lsᴇʟʟᴡᴀɴᴅ §6- 5.0x to .Kenku1001 for $400,000.
[23:45:30] > .SharkyisHungry buy x1 §x§F§F§3§E§0§0§lSellwand Voucher to lorxie for $1,000,000.
[23:45:47] > .SharkyisHungry remove x1 §x§F§F§3§E§0§0§lSellwand Voucher from buy
[23:56:20] > Unforce01 remove x1 §x§F§F§5§5§0§0§lsᴇʟʟᴡᴀɴᴅ §6- 5.0x form buy
[00:05:24] > Zypher_0w0 added x1 /pwarp go TotemTrade (Im back and restocked XD) in auction for 10000000000000.
[00:11:39] > cinnamoroll added x1 §x§F§F§5§5§0§0§lsᴇʟʟᴡᴀɴᴅ §6- 5.0x in auction for 450000.
[00:11:46] > mymelody added x1 §x§F§F§5§5§0§0§lsᴇʟʟᴡᴀɴᴅ §6- 5.0x in auction for 450000.
[00:22:11] > cinnamoroll remove x1 §x§F§F§5§5§0§0§lsᴇʟʟᴡᴀɴᴅ §6- 5.0x form storage
[00:23:14] > mymelody remove x1 §x§F§F§5§5§0§0§lsᴇʟʟᴡᴀɴᴅ §6- 5.0x from storage
[00:23:44] > celinesanrio added x1 §x§F§F§5§5§0§0§lsᴇʟʟᴡᴀɴᴅ §6- 5.0x in auction for 450000.
[00:23:55] > celinesanrio added x1 §x§F§F§5§5§0§0§lsᴇʟʟᴡᴀɴᴅ §6- 5.0x in auction for 450000.
[00:28:17] > celinesanrio added x1 §x§9§8§6§3§E§7§lG§x§9§0§7§5§E§2§lo§x§8§8§8§7§D§D§ld§x§8§0§9§9§D§8§ll§x§7§7§A§C§D§4§ly §x§6§7§D§0§C§A§lC§x§5§F§E§2§C§5§lr§x§6§7§D§0§C§A§la§x§6§F§B§E§C§F§lt§x§7§7§A§C§D§4§le §x§8§8§8§7§D§D§lK§x§9§0§7§5§E§2§le§x§9§8§6§3§E§7§ly in auction for 300000.
[00:28:22] > mae buy x1 §x§9§8§6§3§E§7§lG§x§9§0§7§5§E§2§lo§x§8§8§8§7§D§D§ld§x§8§0§9§9§D§8§ll§x§7§7§A§C§D§4§ly §x§6§7§D§0§C§A§lC§x§5§F§E§2§C§5§lr§x§6§7§D§0§C§A§la§x§6§F§B§E§C§F§lt§x§7§7§A§C§D§4§le §x§8§8§8§7§D§D§lK§x§9§0§7§5§E§2§le§x§9§8§6§3§E§7§ly to celinesanrio for $300,000.
[00:29:44] > celinesanrio added x6 §x§F§2§C§6§D§E§lP§x§E§0§C§A§D§B§li§x§C§D§C§D§D§8§ln§x§B§B§D§1§D§5§la§x§A§9§D§4§D§2§lt§x§9§6§D§8§C§E§la §x§7§1§D§F§C§8§lC§x§5§F§E§2§C§5§lr§x§7§4§D§E§C§9§la§x§8§9§D§A§C§C§lt§x§9§E§D§6§D§0§le §x§C§8§C§E§D§7§lK§x§D§D§C§A§D§A§le§x§F§2§C§6§D§E§ly in auction for 600000.
[00:30:50] > koshie added x2 §x§5§C§C§F§F§C§lC§x§5§C§D§1§F§5§lo§x§5§D§D§4§E§E§ls§x§5§D§D§6§E§7§lm§x§5§E§D§9§E§1§le§x§5§E§D§B§D§A§lt§x§5§E§D§D§D§3§li§x§5§F§E§0§C§C§lc §x§5§F§E§0§C§C§lH§x§5§E§D§D§D§3§la§x§5§E§D§B§D§A§lt§x§5§E§D§9§E§1§ls §x§5§D§D§4§E§E§lK§x§5§C§D§1§F§5§le§x§5§C§C§F§F§C§ly in auction for 200000.
[00:36:54] > Lanchan68 added x1 §x§F§F§5§5§0§0§lsᴇʟʟᴡᴀɴᴅ §6- 5.0x in auction for 101.
[00:36:59] > mae buy x1 §x§F§F§5§5§0§0§lsᴇʟʟᴡᴀɴᴅ §6- 5.0x to Lanchan68 for $101.
[00:38:04] > Takeremu added x1 §5Witch Hat in auction for 100000.
[00:38:14] > .Kenku1001 buy x1 §5Witch Hat to Takeremu for $100,000.
[00:45:31] > ZenNova_ buy x1 §f§l§x§F§C§D§0§5§CW§x§F§B§B§D§5§4u§x§F§A§A§A§4§Bk§x§F§A§9§7§4§3o§x§F§9§8§4§3§Bn§x§F§8§7§1§3§2g§x§F§7§5§F§2§A §x§F§6§4§C§2§1B§x§F§5§3§9§1§9o§x§F§5§2§6§1§1o§x§F§4§1§3§0§8t§x§F§3§0§0§0§0s to Unforce01 for $200,000.
[00:45:49] > ZenNova_ buy x64 Redstone block to Seris00 for $96,000.
[00:45:58] > ZenNova_ buy x64 Redstone block to giyahnpogi for $100,000.
[00:46:07] > Lanchan68 buy x1 §3§lDolphin Tail to giyahnpogi for $110,000.
[00:46:21] > Lanchan68 buy x11 §x§F§C§9§0§5§C§lE§x§E§6§9§C§6§B§lp§x§C§F§A§7§7§A§li§x§B§9§B§3§8§9§lc §x§8§C§C§B§A§7§lC§x§7§5§D§6§B§6§lr§x§5§F§E§2§C§5§la§x§7§9§D§4§B§4§lt§x§9§3§C§7§A§2§le §x§C§8§A§B§7§F§lK§x§E§2§9§E§6§E§le§x§F§C§9§0§5§C§ly to kkyleeeeesa for $150,000.
[00:46:36] > ZenNova_ remove x1 §f§l§x§F§C§D§0§5§CW§x§F§B§B§D§5§4u§x§F§A§A§A§4§Bk§x§F§A§9§7§4§3o§x§F§9§8§4§3§Bn§x§F§8§7§1§3§2g§x§F§7§5§F§2§A §x§F§6§4§C§2§1B§x§F§5§3§9§1§9o§x§F§5§2§6§1§1o§x§F§4§1§3§0§8t§x§F§3§0§0§0§0s from buy
[00:46:37] > ZenNova_ remove x64 Redstone block from buy
[00:46:37] > ZenNova_ remove x64 Redstone block from buy
[00:50:43] > Lanchan68 remove x1 Dried ghast from buy
[00:50:44] > Lanchan68 remove x1 §x§5§9§A§1§D§9§lA§x§7§1§A§E§D§Er§x§8§8§B§C§E§4c§x§A§0§C§9§E§9h§x§B§8§D§7§E§Fa§x§D§0§E§4§F§4n§x§E§7§F§2§F§Ag§fe§x§E§7§F§2§F§Al §x§B§8§D§7§E§FB§x§A§0§C§9§E§9o§x§8§8§B§C§E§4o§x§7§1§A§E§D§Et§x§5§9§A§1§D§9s from buy
[00:50:46] > Lanchan68 remove x1 Shulker box from buy
[00:50:47] > Lanchan68 remove x64 Shulker shell from buy
[00:50:47] > Lanchan68 remove x1 §3§lDolphin Tail from buy
[00:50:48] > Lanchan68 remove x11 §x§F§C§9§0§5§C§lE§x§E§6§9§C§6§B§lp§x§C§F§A§7§7§A§li§x§B§9§B§3§8§9§lc §x§8§C§C§B§A§7§lC§x§7§5§D§6§B§6§lr§x§5§F§E§2§C§5§la§x§7§9§D§4§B§4§lt§x§9§3§C§7§A§2§le §x§C§8§A§B§7§F§lK§x§E§2§9§E§6§E§le§x§F§C§9§0§5§C§ly from buy
[00:55:16] > Unforce01 added x1 §fGhost Hat in auction for 10000.
[00:55:26] > HPMR_GaMerz buy x1 §fGhost Hat to Unforce01 for $10,000.
[01:09:44] > .Demon_asta1590 remove x1 §fWitch Hat form storage
[01:09:44] > .Demon_asta1590 remove x1 §fPanda Hat form storage
[01:10:09] > .Demon_asta1590 added x1 §fWitch Hat in auction for 400000.
[01:10:32] > .Demon_asta1590 added x1 §fPanda Hat in auction for 400000.
[01:14:18] > Technoblad7869 buy x2 §x§E§5§1§B§1§B§lDracula Key to Trv for $200,000.
[01:16:05] > Technoblad7869 remove x2 §x§E§5§1§B§1§B§lDracula Key from buy
[01:16:06] > Technoblad7869 remove x32 Iron block from buy
[01:23:18] > SydneySweetie added x1 Enchanted book in auction for 2500.
[01:23:34] > Technoblad7869 buy x1 Enchanted book to SydneySweetie for $2,500.
[01:23:37] > SydneySweetie added x1 Enchanted book in auction for 2500.
[01:23:45] > Technoblad7869 buy x1 Enchanted book to SydneySweetie for $2,500.
[01:23:48] > SydneySweetie added x1 Enchanted book in auction for 2500.
[01:24:03] > Technoblad7869 buy x1 Enchanted book to SydneySweetie for $2,500.
[01:24:40] > SydneySweetie added x1 Enchanted book in auction for 2500.
[01:24:52] > Kanzie20 buy x1 Enchanted book to SydneySweetie for $2,500.
[01:24:55] > Technoblad7869 remove x1 Enchanted book from buy
[01:24:55] > Technoblad7869 remove x1 Enchanted book from buy
[01:24:57] > SydneySweetie added x1 Enchanted book in auction for 2500.
[01:24:59] > Technoblad7869 remove x1 Enchanted book from buy
[01:25:10] > Kanzie20 buy x1 Enchanted book to SydneySweetie for $2,500.
[01:25:30] > Kanzie20 remove x1 Enchanted book from buy
[01:25:31] > Kanzie20 remove x1 Enchanted book from buy
[01:27:47] > SydneySweetie added x1 Enchanted book in auction for 2500.
[01:27:57] > SydneySweetie added x1 Enchanted book in auction for 2500.
[01:28:10] > SydneySweetie added x1 Enchanted book in auction for 2500.
[01:28:10] > Technoblad7869 buy x1 Enchanted book to SydneySweetie for $2,500.
[01:28:13] > Technoblad7869 buy x1 Enchanted book to SydneySweetie for $2,500.
[01:28:16] > Technoblad7869 buy x1 Enchanted book to SydneySweetie for $2,500.
[01:28:41] > Technoblad7869 remove x1 Enchanted book from buy
[01:28:42] > Technoblad7869 remove x1 Enchanted book from buy
[01:28:42] > Technoblad7869 remove x1 Enchanted book from buy
[01:31:01] > SydneySweetie added x1 Enchanted book in auction for 3000.
[01:31:05] > Kanzie20 buy x1 Enchanted book to SydneySweetie for $3,000.
[01:31:14] > .LdTyrine buy x1 Enchanted book to Seris00 for $4,000.
[01:31:43] > SydneySweetie added x1 Enchanted book in auction for 3000.
[01:31:47] > Kanzie20 buy x1 Enchanted book to SydneySweetie for $3,000.
[01:35:35] > Kanzie20 remove x1 Enchanted book from buy
[03:22:41] > Zypher_0w0 remove x1 §x§F§F§5§5§0§0§lsᴇʟʟᴡᴀɴᴅ §6- 5.0x form buy
[03:22:41] > Zypher_0w0 remove x1 §x§F§F§5§5§0§0§lsᴇʟʟᴡᴀɴᴅ §6- 5.0x form buy
[03:22:41] > Zypher_0w0 remove x1 §x§F§F§5§5§0§0§lsᴇʟʟᴡᴀɴᴅ §6- 20.0x form buy
[03:22:41] > Zypher_0w0 remove x1 §x§F§F§5§5§0§0§lsᴇʟʟᴡᴀɴᴅ §6- 5.0x form buy
[03:22:41] > Zypher_0w0 remove x1 §x§F§F§5§5§0§0§lsᴇʟʟᴡᴀɴᴅ §6- 5.0x form buy
[03:22:41] > Zypher_0w0 remove x1 §x§F§F§5§5§0§0§lsᴇʟʟᴡᴀɴᴅ §6- 20.0x form buy
[04:57:53] > Kanzie20 added x2 Nether star in auction for 100000.
[05:45:01] > kji buy x6 §x§F§2§C§6§D§E§lP§x§E§0§C§A§D§B§li§x§C§D§C§D§D§8§ln§x§B§B§D§1§D§5§la§x§A§9§D§4§D§2§lt§x§9§6§D§8§C§E§la §x§7§1§D§F§C§8§lC§x§5§F§E§2§C§5§lr§x§7§4§D§E§C§9§la§x§8§9§D§A§C§C§lt§x§9§E§D§6§D§0§le §x§C§8§C§E§D§7§lK§x§D§D§C§A§D§A§le§x§F§2§C§6§D§E§ly to celinesanrio for $600,000.
[05:45:13] > x1 §x§F§F§3§E§0§0§lD§x§F§F§3§8§0§0§le§x§F§F§3§2§0§0§lm§x§F§F§2§B§0§0§lo§x§F§F§2§5§0§0§ln §x§F§F§1§9§0§0§lL§x§F§F§1§3§0§0§lo§x§F§F§0§C§0§0§lr§x§F§F§0§6§0§0§ld §x§F§F§0§6§0§0§lB§x§F§F§0§C§0§0§la§x§F§F§1§3§0§0§lt§x§F§F§1§9§0§0§lt§x§F§F§1§F§0§0§ll§x§F§F§2§5§0§0§le §x§F§F§3§2§0§0§lA§x§F§F§3§8§0§0§lx§x§F§F§3§E§0§0§le, bought by Khanetucky, has just expired, the item is definitively deleted.
[05:45:13] > x1 §eᴄʜɪᴄᴋᴇɴ sᴘᴀᴡɴᴇʀ, bought by Akirupie, has just expired, the item is definitively deleted.
[05:45:13] > x1 §x§F§F§3§E§0§0§lD§x§F§F§3§8§0§0§le§x§F§F§3§2§0§0§lm§x§F§F§2§B§0§0§lo§x§F§F§2§5§0§0§ln §x§F§F§1§9§0§0§lL§x§F§F§1§3§0§0§lo§x§F§F§0§C§0§0§lr§x§F§F§0§6§0§0§ld §x§F§F§0§6§0§0§lB§x§F§F§0§C§0§0§la§x§F§F§1§3§0§0§lt§x§F§F§1§9§0§0§lt§x§F§F§1§F§0§0§ll§x§F§F§2§5§0§0§le §x§F§F§3§2§0§0§lA§x§F§F§3§8§0§0§lx§x§F§F§3§E§0§0§le, bought by nagiiish, has just expired, the item is definitively deleted.
[05:45:13] > x64 Spider eye, bought by namerikangel, has just expired, the item is definitively deleted.
[05:45:15] > kji remove x6 §x§F§2§C§6§D§E§lP§x§E§0§C§A§D§B§li§x§C§D§C§D§D§8§ln§x§B§B§D§1§D§5§la§x§A§9§D§4§D§2§lt§x§9§6§D§8§C§E§la §x§7§1§D§F§C§8§lC§x§5§F§E§2§C§5§lr§x§7§4§D§E§C§9§la§x§8§9§D§A§C§C§lt§x§9§E§D§6§D§0§le §x§C§8§C§E§D§7§lK§x§D§D§C§A§D§A§le§x§F§2§C§6§D§E§ly from buy
[05:46:25] > kkyleeeeesa buy x2 Nether star to Kanzie20 for $100,000.
[05:46:35] > kkyleeeeesa remove x1 Nether star from buy
[05:46:36] > kkyleeeeesa remove x2 Nether star from buy
[05:48:19] > Kanzie20 added x2 Nether star in auction for 100000.
[05:49:46] > Kanzie20 added x1 Enchanted golden apple in auction for 75000.
[05:52:53] > .Lowkey1346 buy x2 Nether star to Ax_ for $100,000.
[05:53:09] > .Lowkey1346 remove x2 Nether star from buy
[06:06:44] > MrZyrus7228 added x1 Name tag in auction for 10000.
[06:06:45] > kkyleeeeesa buy x1 Name tag to MrZyrus7228 for $10,000.
[06:55:30] > .shirowonkies buy x1 Enchanted book to Seris00 for $4,000.
[06:55:38] > .shirowonkies buy x1 Enchanted book to Seris00 for $4,000.