
[12:03:30] > Julene remove x1 §x§F§F§7§C§0§0§lSteamsparks Spear from storage
[12:03:42] > Julene added x1 §x§F§F§7§C§0§0§lSteamsparks Spear in auction for 131100.
[12:52:39] > monggol buy x4 §bEntropy Crystal §8(§310,000§8) to nachfaust for $600,000.
[12:52:45] > monggol remove x4 §bEntropy Crystal §8(§310,000§8) from buy
[12:55:39] > x1 §f§l§8B§x§6§3§6§3§6§3a§x§7§1§7§1§7§1h§x§8§0§8§0§8§0a§x§8§E§8§E§8§Em§x§9§C§9§C§9§Cu§7t§x§9§C§9§C§9§C §x§8§E§8§E§8§EW§x§8§0§8§0§8§0i§x§7§1§7§1§7§1n§x§6§3§6§3§6§3g§8s on sale by giyahnpogi has just expired, it goes in the inventory of expired items.
[13:01:57] > 8it5inn added x1 §x§F§F§5§5§0§0§lsᴇʟʟᴡᴀɴᴅ §6- 20.0x in auction for 2825000.
[13:02:02] > giyahnpogi buy x1 §x§F§F§5§5§0§0§lsᴇʟʟᴡᴀɴᴅ §6- 20.0x to 8it5inn for $2,825,000.
[13:02:09] > giyahnpogi remove x1 §x§F§F§5§5§0§0§lsᴇʟʟᴡᴀɴᴅ §6- 20.0x from buy
[13:06:11] > 8it5inn added x1 §x§F§F§3§E§0§0§lDemon Lord Wings in auction for 5000000.
[13:06:53] > giyahnpogi remove x1 §f§l§8B§x§6§3§6§3§6§3a§x§7§1§7§1§7§1h§x§8§0§8§0§8§0a§x§8§E§8§E§8§Em§x§9§C§9§C§9§Cu§7t§x§9§C§9§C§9§C §x§8§E§8§E§8§EW§x§8§0§8§0§8§0i§x§7§1§7§1§7§1n§x§6§3§6§3§6§3g§8s from expire
[13:07:03] > giyahnpogi added x1 §f§l§8B§x§6§3§6§3§6§3a§x§7§1§7§1§7§1h§x§8§0§8§0§8§0a§x§8§E§8§E§8§Em§x§9§C§9§C§9§Cu§7t§x§9§C§9§C§9§C §x§8§E§8§E§8§EW§x§8§0§8§0§8§0i§x§7§1§7§1§7§1n§x§6§3§6§3§6§3g§8s in auction for 10000000.
[13:25:37] > Johng10910 remove x1 Firework rocket from buy
[13:31:55] > ace added x1 Enchanted book in auction for 100000.
[13:54:05] > anneyong added x64 Experience bottle in auction for 999999999999999.
[13:54:22] > anneyong remove x64 Experience bottle from storage
[13:54:31] > Cooldoggiexd added x1 Enchanted book in auction for 550000.
[13:54:58] > shelby remove x1 Shulker box from storage
[14:01:05] > Cooldoggiexd added x1 Diamond boots in auction for 10000.
[14:02:17] > Bleh added x1 §x§F§F§5§5§0§0§lsᴇʟʟᴡᴀɴᴅ §6- 10.0x in auction for 1500000.
[14:02:34] > Bleh added x1 §x§F§F§5§5§0§0§lsᴇʟʟᴡᴀɴᴅ §6- 10.0x in auction for 1500000.
[14:02:50] > Bleh added x1 §x§F§F§5§5§0§0§lsᴇʟʟᴡᴀɴᴅ §6- 10.0x in auction for 1500000.
[14:18:24] > Johng10910 remove x26 Breeze rod from buy
[14:29:41] > anneyong remove x1 §f§l§8B§x§6§6§6§6§6§6a§x§7§7§7§7§7§7h§x§8§8§8§8§8§8a§x§9§9§9§9§9§9m§7u§x§9§9§9§9§9§9t§x§8§8§8§8§8§8 §x§7§7§7§7§7§7K§x§6§6§6§6§6§6e§8y from buy
[14:34:49] > ace added x1 Music disc cat in auction for 80000.
[14:35:24] > ace remove x1 Music disc cat from storage
[14:35:40] > ace added x1 Enchanted golden apple in auction for 29999.
[14:37:47] > ace remove x1 Enchanted book from storage
[14:39:36] > ace added x1 Enchanted book in auction for 75000.
[14:48:19] > Takeremu added x40 Breeze rod in auction for 40000.
[14:51:11] > x1 §f§l§8B§x§6§6§6§6§6§6a§x§7§7§7§7§7§7h§x§8§8§8§8§8§8a§x§9§9§9§9§9§9m§7u§x§9§9§9§9§9§9t§x§8§8§8§8§8§8 §x§7§7§7§7§7§7H§x§6§6§6§6§6§6o§8e on sale by RizzaIck has just expired, it goes in the inventory of expired items.
[14:52:38] > Ryzxc added x1 Shulker box in auction for 120000.
[14:59:36] > alecczzz added x1 §fPiglin Plushie §6(#64/101) in auction for 100000.
[15:06:47] > Trapers1 remove x1 §x§E§5§1§B§1§B§lDracula Spear from storage
[15:11:00] > x1 §x§E§5§1§B§1§B§lDracula Staff on sale by .JakeTheMiner457 has just expired, it goes in the inventory of expired items.
[15:11:00] > .JakeTheMiner457 added x1 Enchanted book in auction for 70000.
[15:11:17] > .JakeTheMiner457 added x1 Enchanted book in auction for 70000.
[15:28:22] > FrameFrags2 buy x1 §x§F§F§7§C§0§0§lSteamsparks Spear to Julene for $131,100.
[15:29:26] > FrameFrags2 remove x1 §x§F§F§7§C§0§0§lSteamsparks Spear from buy
[15:37:30] > BlackKnight buy x1 §fPiglin Plushie §6(#64/101) to alecczzz for $100,000.
[15:39:34] > BlackKnight remove x1 §f§l§8B§x§6§0§6§0§6§0a§x§6§C§6§C§6§Ch§x§7§7§7§7§7§7a§x§8§2§8§2§8§2m§x§8§E§8§E§8§Eu§x§9§9§9§9§9§9t§x§A§4§A§4§A§4 G§x§9§9§9§9§9§9a§x§8§E§8§E§8§Eu§x§8§2§8§2§8§2n§x§7§7§7§7§7§7t§x§6§C§6§C§6§Cl§x§6§0§6§0§6§0e§8t form expire
[15:39:34] > BlackKnight remove x1 §f§l§8B§x§6§4§6§4§6§4a§x§7§4§7§4§7§4h§x§8§3§8§3§8§3a§x§9§3§9§3§9§3m§x§A§2§A§2§A§2ut§x§9§3§9§3§9§3 §x§8§3§8§3§8§3C§x§7§4§7§4§7§4l§x§6§4§6§4§6§4u§8b form expire
[15:39:34] > BlackKnight remove x1 §f§l§8B§x§5§F§5§F§5§Fa§x§6§9§6§9§6§9h§x§7§3§7§3§7§3a§x§7§D§7§D§7§Dm§x§8§7§8§7§8§7u§x§9§1§9§1§9§1t§x§9§B§9§B§9§B §x§A§5§A§5§A§5Ch§x§9§B§9§B§9§Be§x§9§1§9§1§9§1s§x§8§7§8§7§8§7t§x§7§D§7§D§7§Dp§x§7§3§7§3§7§3l§x§6§9§6§9§6§9a§x§5§F§5§F§5§Ft§8e form expire
[15:39:34] > BlackKnight remove x1 §f§l§x§8§A§0§0§F§FS§x§9§C§0§0§D§5h§x§A§D§0§0§A§Ai§x§B§F§0§0§8§0n§x§D§0§0§0§5§5e§x§E§2§0§0§2§B §x§F§3§0§0§0§0O§x§E§2§0§0§2§An§x§D§0§0§0§5§5i§x§B§F§0§0§8§0 §x§A§D§0§0§A§AB§x§9§C§0§0§D§5o§x§8§A§0§0§F§Fw form expire
[15:39:34] > BlackKnight remove x1 §f§l§8B§x§6§3§6§3§6§3a§x§7§1§7§1§7§1h§x§8§0§8§0§8§0a§x§8§E§8§E§8§Em§x§9§C§9§C§9§Cu§7t§x§9§C§9§C§9§C §x§8§E§8§E§8§ES§x§8§0§8§0§8§0w§x§7§1§7§1§7§1o§x§6§3§6§3§6§3r§8d form expire
[15:39:34] > BlackKnight remove x1 §f§l§8B§x§6§6§6§6§6§6a§x§7§7§7§7§7§7h§x§8§8§8§8§8§8a§x§9§9§9§9§9§9m§7u§x§9§9§9§9§9§9t§x§8§8§8§8§8§8 §x§7§7§7§7§7§7H§x§6§6§6§6§6§6o§8e form expire
[15:39:34] > BlackKnight remove x1 §f§l§8B§x§6§1§6§1§6§1a§x§6§D§6§D§6§Dh§x§7§9§7§9§7§9a§x§8§6§8§6§8§6m§x§9§2§9§2§9§2u§x§9§E§9§E§9§Et§7 §x§9§E§9§E§9§EH§x§9§2§9§2§9§2a§x§8§6§8§6§8§6l§x§7§9§7§9§7§9b§x§6§D§6§D§6§De§x§6§1§6§1§6§1r§8d form expire
[15:39:53] > BlackKnight added x1 §f§l§x§8§A§0§0§F§FS§x§9§C§0§0§D§5h§x§A§D§0§0§A§Ai§x§B§F§0§0§8§0n§x§D§0§0§0§5§5e§x§E§2§0§0§2§B §x§F§3§0§0§0§0O§x§E§2§0§0§2§An§x§D§0§0§0§5§5i§x§B§F§0§0§8§0 §x§A§D§0§0§A§AB§x§9§C§0§0§D§5o§x§8§A§0§0§F§Fw in auction for 2000000.
[15:40:05] > BlackKnight added x1 §f§l§8B§x§5§F§5§F§5§Fa§x§6§9§6§9§6§9h§x§7§3§7§3§7§3a§x§7§D§7§D§7§Dm§x§8§7§8§7§8§7u§x§9§1§9§1§9§1t§x§9§B§9§B§9§B §x§A§5§A§5§A§5Ch§x§9§B§9§B§9§Be§x§9§1§9§1§9§1s§x§8§7§8§7§8§7t§x§7§D§7§D§7§Dp§x§7§3§7§3§7§3l§x§6§9§6§9§6§9a§x§5§F§5§F§5§Ft§8e in auction for 2000000.
[15:48:44] > anneyong added x1 Pale Oak in auction for 120000.
[15:48:59] > anneyong added x1 Spruce Log in auction for 120000.
[15:59:14] > Cooldoggiexd remove x1 Diamond boots from storage
[15:59:17] > x1 §x§F§0§7§A§5§4§lZombie Apocalyptic Bow, item of mae, has just expired, the item is definitively deleted.
[15:59:17] > x1 §x§F§F§7§C§0§0§lSteamsparks Helmet, item of mae, has just expired, the item is definitively deleted.
[15:59:17] > x2 §x§5§C§C§F§F§C§lC§x§5§C§D§1§F§5§lo§x§5§D§D§4§E§E§ls§x§5§D§D§6§E§7§lm§x§5§E§D§9§E§1§le§x§5§E§D§B§D§A§lt§x§5§E§D§D§D§3§li§x§5§F§E§0§C§C§lc §x§5§F§E§0§C§C§lH§x§5§E§D§D§D§3§la§x§5§E§D§B§D§A§lt§x§5§E§D§9§E§1§ls §x§5§D§D§4§E§E§lK§x§5§C§D§1§F§5§le§x§5§C§C§F§F§C§ly, item of mae, has just expired, the item is definitively deleted.
[15:59:17] > x4 §x§F§0§7§A§5§4§lZombie Apocalyptic Pistol, item of mae, has just expired, the item is definitively deleted.
[15:59:18] > Cooldoggiexd remove x1 Diamond boots from expire
[16:11:32] > Johng10910 remove x64 Firework rocket from buy
[16:11:32] > Johng10910 remove x64 Firework rocket from buy
[16:14:23] > azuyeca added x3 Name tag in auction for 10000.
[16:14:27] > Icon_Skully buy x3 Name tag to azuyeca for $10,000.
[16:14:43] > Icon_Skully remove x3 Name tag from buy
[16:15:46] > bqnnyy buy x1 Enchanted book to ace for $75,000.
[16:16:00] > x1 §f§l§x§8§A§0§0§F§FS§x§9§9§0§0§D§Bh§x§A§8§0§0§B§6i§x§B§7§0§0§9§2n§x§C§6§0§0§6§De§x§D§5§0§0§4§9 §x§E§4§0§0§2§4O§x§F§3§0§0§0§0n§x§E§4§0§0§2§4i§x§D§5§0§0§4§9 §x§C§6§0§0§6§DS§x§B§7§0§0§9§2t§x§A§8§0§0§B§6a§x§9§9§0§0§D§Bf§x§8§A§0§0§F§Ff on sale by .JoshuaCraft9422 has just expired, it goes in the inventory of expired items.
[16:22:39] > Trapers1 added x1 Netherite ingot in auction for 120000.
[16:26:36] > Cooldoggiexd added x2 §x§5§C§C§F§F§C§lC§x§5§C§D§1§F§5§lo§x§5§D§D§4§E§E§ls§x§5§D§D§6§E§7§lm§x§5§E§D§9§E§1§le§x§5§E§D§B§D§A§lt§x§5§E§D§D§D§3§li§x§5§F§E§0§C§C§lc §x§5§F§E§0§C§C§lH§x§5§E§D§D§D§3§la§x§5§E§D§B§D§A§lt§x§5§E§D§9§E§1§ls §x§5§D§D§4§E§E§lK§x§5§C§D§1§F§5§le§x§5§C§C§F§F§C§ly in auction for 10000.
[16:26:42] > 8it5inn added x1 §x§F§F§5§5§0§0§lsᴇʟʟᴡᴀɴᴅ §6- 5.0x in auction for 325000.
[16:26:46] > Cooldoggiexd buy x1 §x§F§F§5§5§0§0§lsᴇʟʟᴡᴀɴᴅ §6- 5.0x to 8it5inn for $325,000.
[16:26:49] > .JakeTheMiner457 remove x1 Enchanted book from storage
[16:26:54] > .JakeTheMiner457 remove x1 Enchanted book from storage
[16:26:56] > Cooldoggiexd remove x1 §x§F§F§5§5§0§0§lsᴇʟʟᴡᴀɴᴅ §6- 5.0x from buy
[16:27:43] > RecklessWheats added x1 §x§F§F§3§E§0§0§lSellwand Voucher in auction for 100000.
[16:27:47] > Fogstrap added x1 §x§F§F§5§5§0§0§lsᴇʟʟᴡᴀɴᴅ §6- 5.0x in auction for 350000.
[16:27:48] > Cooldoggiexd buy x1 §x§F§F§3§E§0§0§lSellwand Voucher to RecklessWheats for $100,000.
[16:27:51] > Cooldoggiexd buy x1 §x§F§F§5§5§0§0§lsᴇʟʟᴡᴀɴᴅ §6- 5.0x to Fogstrap for $350,000.
[16:27:51] > .JakeTheMiner457 remove x1 §x§E§5§1§B§1§B§lDracula Staff from expire
[16:27:53] > .JakeTheMiner457 remove x1 Enchanted book from expire
[16:27:54] > .JakeTheMiner457 remove x1 Enchanted book from expire
[16:27:55] > .JakeTheMiner457 remove x14 Snowball from expire
[16:27:59] > Cooldoggiexd remove x1 §x§F§F§5§5§0§0§lsᴇʟʟᴡᴀɴᴅ §6- 5.0x from buy
[16:27:59] > Cooldoggiexd remove x1 §x§F§F§3§E§0§0§lSellwand Voucher from buy
[16:28:03] > Dentatsu remove x1 Dried ghast from storage
[16:28:07] > Dentatsu added x1 §x§F§F§5§5§0§0§lsᴇʟʟᴡᴀɴᴅ §6- 5.0x in auction for 300000.
[16:28:14] > Cooldoggiexd buy x1 §x§F§F§5§5§0§0§lsᴇʟʟᴡᴀɴᴅ §6- 5.0x to Dentatsu for $300,000.
[16:28:19] > Cooldoggiexd remove x1 §x§F§F§5§5§0§0§lsᴇʟʟᴡᴀɴᴅ §6- 5.0x from buy
[16:28:32] > Ryzxc added x1 §eMummy Hat in auction for 200000.
[16:29:59] > Takeremu added x1 §x§5§9§A§1§D§9§lA§x§6§E§A§D§D§Er§x§8§3§B§9§E§3c§x§9§7§C§4§E§7h§x§A§C§D§0§E§Ca§x§C§1§D§C§F§1n§x§D§6§E§8§F§6g§x§E§A§F§3§F§Ae§fl §x§D§0§E§4§F§4S§x§B§8§D§7§E§Fh§x§A§0§C§9§E§9i§x§8§8§B§C§E§4e§x§7§1§A§E§D§El§x§5§9§A§1§D§9d in auction for 300000.
[16:30:42] > Trapers1 added x1 §fMooshroom Plushie §6(#54/101) in auction for 50000.
[16:31:12] > Trapers1 added x1 §fZombie Villager Plushie §6(#100/101) in auction for 10000.
[16:31:14] > .JakeTheMiner457 added x1 Enchanted book in auction for 20000.
[16:31:20] > grit_zy buy x1 §fZombie Villager Plushie §6(#100/101) to Trapers1 for $10,000.
[16:31:29] > Kodakoda added x1 §x§F§F§5§5§0§0§lsᴇʟʟᴡᴀɴᴅ §6- 5.0x in auction for 500000.
[16:31:41] > .JakeTheMiner457 added x1 Enchanted book in auction for 20000.
[16:31:41] > Trapers1 remove x1 §fMooshroom Plushie §6(#54/101) from storage
[16:31:51] > Trapers1 added x1 §fMooshroom Plushie §6(#54/101) in auction for 10000.
[16:31:59] > Kodakoda added x1 §x§F§F§5§5§0§0§lsᴇʟʟᴡᴀɴᴅ §6- 20.0x in auction for 2000000.
[16:40:30] > azuyeca remove x1 §x§F§F§5§5§0§0§lsᴇʟʟᴡᴀɴᴅ §6- 5.0x from storage
[16:40:34] > x1 §eᴄʜɪᴄᴋᴇɴ sᴘᴀᴡɴᴇʀ, item of FRANZ_JOSEF0, has just expired, the item is definitively deleted.
[16:40:36] > azuyeca remove x1 §x§F§F§5§5§0§0§lsᴇʟʟᴡᴀɴᴅ §6- 5.0x from expire
[16:41:29] > x1 §x§9§8§6§3§E§7§lG§x§9§0§7§5§E§2§lo§x§8§8§8§7§D§D§ld§x§8§0§9§9§D§8§ll§x§7§7§A§C§D§4§ly §x§6§7§D§0§C§A§lC§x§5§F§E§2§C§5§lr§x§6§7§D§0§C§A§la§x§6§F§B§E§C§F§lt§x§7§7§A§C§D§4§le §x§8§8§8§7§D§D§lK§x§9§0§7§5§E§2§le§x§9§8§6§3§E§7§ly on sale by mae has just expired, it goes in the inventory of expired items.
[16:41:32] > spa6e added x1 §x§F§F§5§5§0§0§lsᴇʟʟᴡᴀɴᴅ §6- 20.0x in auction for 2500000.
[16:41:47] > giyahnpogi buy x1 §x§F§F§5§5§0§0§lsᴇʟʟᴡᴀɴᴅ §6- 20.0x to Kodakoda for $2,000,000.
[16:42:13] > Takeremu buy x1 §fMooshroom Plushie §6(#54/101) to Trapers1 for $10,000.
[16:42:45] > micailatot buy x1 §x§F§F§5§5§0§0§lsᴇʟʟᴡᴀɴᴅ §6- 5.0x to Kodakoda for $500,000.
[16:42:53] > micailatot remove x1 §x§F§F§5§5§0§0§lsᴇʟʟᴡᴀɴᴅ §6- 5.0x from buy
[16:52:30] > Ryzxc remove x1 §eMummy Hat from storage
[16:53:03] > Ryzxc added x1 §eMummy Hat in auction for 50000.
[16:59:18] > x1 Eye armor trim smithing template on sale by mae has just expired, it goes in the inventory of expired items.
[17:04:47] > prollysmor added x1 §x§F§F§7§C§0§0§lSteamsparks Blade in auction for 200000.
[17:05:11] > x1 Eye armor trim smithing template on sale by mae has just expired, it goes in the inventory of expired items.
[17:05:19] > x1 Eye armor trim smithing template on sale by mae has just expired, it goes in the inventory of expired items.
[17:05:34] > x1 Eye armor trim smithing template on sale by mae has just expired, it goes in the inventory of expired items.
[17:12:05] > Trapers1 remove x1 Netherite ingot form storage
[17:12:49] > Trapers1 added x3 Netherite ingot in auction for 400000.
[17:21:03] > auvicious added x1 §fCow Plushie §6(#26/101) in auction for 100000.
[17:21:39] > auvicious added x1 §fHorse Plushie (Gray) §6(#48/101) in auction for 100000.
[17:22:05] > auvicious remove x1 Silence armor trim smithing template from storage
[17:22:13] > auvicious added x1 §fPanda Plushie §6(#56/101) in auction for 100000.
[17:26:51] > nnorv1 buy x40 Breeze rod to Takeremu for $40,000.
[17:30:36] > Ryzxc remove x1 §eMummy Hat from storage
[17:31:20] > ravencabansay added x4 Netherite ingot in auction for 450000.
[17:33:21] > x1 Flow armor trim smithing template on sale by mae has just expired, it goes in the inventory of expired items.
[17:33:21] > Ryzxc added x1 §eMummy Hat in auction for 50000.
[17:39:04] > Torrr buy x3 Netherite ingot to Trapers1 for $400,000.
[17:39:15] > Torrr remove x3 Netherite ingot form buy
[17:59:50] > Johng10910 added x4 Netherite ingot in auction for 400000.
[18:01:28] > Johng10910 added x4 Silence armor trim smithing template in auction for 200000.
[18:08:29] > x1 /pwarp go BonesValley TO JOIN OUR COMMUNITY! on sale by Palietass has just expired, it goes in the inventory of expired items.
[18:08:29] > QG_Akiuwu added x1 §x§F§0§7§A§5§4§lZombie Apocalyptic Key in auction for 200000.
[18:09:35] > scarlettti buy x2 §x§5§C§C§F§F§C§lC§x§5§C§D§1§F§5§lo§x§5§D§D§4§E§E§ls§x§5§D§D§6§E§7§lm§x§5§E§D§9§E§1§le§x§5§E§D§B§D§A§lt§x§5§E§D§D§D§3§li§x§5§F§E§0§C§C§lc §x§5§F§E§0§C§C§lH§x§5§E§D§D§D§3§la§x§5§E§D§B§D§A§lt§x§5§E§D§9§E§1§ls §x§5§D§D§4§E§E§lK§x§5§C§D§1§F§5§le§x§5§C§C§F§F§C§ly to Cooldoggiexd for $10,000.
[18:10:46] > x1 §f§l§x§F§C§D§0§5§CW§x§F§B§B§0§4§Eu§x§F§9§9§0§4§0k§x§F§8§7§0§3§2o§x§F§6§5§0§2§3n§x§F§5§3§0§1§5g§x§F§4§1§0§0§7 P§x§F§5§3§0§1§5i§x§F§6§5§0§2§3c§x§F§8§7§0§3§2k§x§F§9§9§0§4§0a§x§F§B§B§0§4§Ex§x§F§C§D§0§5§Ce on sale by scarlettti has just expired, it goes in the inventory of expired items.
[18:15:39] > blezzinglighto buy x28 Redstone block to .VisedSauce5790 for $30,000.
[18:16:57] > Johng10910 remove x4 Netherite ingot from storage
[18:23:02] > Luruca added x1 §f§l§8B§x§6§4§6§4§6§4a§x§7§4§7§4§7§4h§x§8§3§8§3§8§3a§x§9§3§9§3§9§3m§x§A§2§A§2§A§2ut§x§9§3§9§3§9§3 §x§8§3§8§3§8§3M§x§7§4§7§4§7§4a§x§6§4§6§4§6§4c§8e in auction for 100000.
[18:23:09] > Trapers1 buy x1 §f§l§8B§x§6§4§6§4§6§4a§x§7§4§7§4§7§4h§x§8§3§8§3§8§3a§x§9§3§9§3§9§3m§x§A§2§A§2§A§2ut§x§9§3§9§3§9§3 §x§8§3§8§3§8§3M§x§7§4§7§4§7§4a§x§6§4§6§4§6§4c§8e to Luruca for $100,000.
[18:23:19] > Trapers1 remove x1 §f§l§8B§x§6§4§6§4§6§4a§x§7§4§7§4§7§4h§x§8§3§8§3§8§3a§x§9§3§9§3§9§3m§x§A§2§A§2§A§2ut§x§9§3§9§3§9§3 §x§8§3§8§3§8§3M§x§7§4§7§4§7§4a§x§6§4§6§4§6§4c§8e form buy
[18:23:37] > Johng10910 added x2 Netherite ingot in auction for 200000.
[18:23:52] > Johng10910 added x6 Netherite upgrade smithing template in auction for 500000.
[18:26:35] > Ryzxc added x64 Spruce log in auction for 2000.
[18:37:06] > Callistrix added x5 §x§F§C§D§0§5§C§lB§x§E§6§D§3§6§B§la§x§C§F§D§5§7§A§ls§x§B§9§D§8§8§9§li§x§A§2§D§A§9§8§lc §x§7§5§D§F§B§6§lC§x§5§F§E§2§C§5§lr§x§7§5§D§F§B§6§la§x§8§C§D§D§A§7§lt§x§A§2§D§A§9§8§le §x§C§F§D§5§7§A§lK§x§E§6§D§3§6§B§le§x§F§C§D§0§5§C§ly in auction for 300000.
[18:37:24] > Callistrix added x5 §x§F§C§9§0§5§C§lE§x§E§6§9§C§6§B§lp§x§C§F§A§7§7§A§li§x§B§9§B§3§8§9§lc §x§8§C§C§B§A§7§lC§x§7§5§D§6§B§6§lr§x§5§F§E§2§C§5§la§x§7§9§D§4§B§4§lt§x§9§3§C§7§A§2§le §x§C§8§A§B§7§F§lK§x§E§2§9§E§6§E§le§x§F§C§9§0§5§C§ly in auction for 300000.
[18:37:49] > Kwienn added x1 §x§5§9§A§1§D§9§lA§x§6§A§A§A§D§Dr§x§7§A§B§4§E§1c§x§8§B§B§D§E§4h§x§9§B§C§7§E§8a§x§A§C§D§0§E§Cn§x§B§D§D§9§F§0g§x§C§D§E§3§F§4e§x§D§E§E§C§F§7l §fG§x§E§D§F§5§F§Br§x§D§A§E§A§F§7e§x§C§8§E§0§F§2a§x§B§5§D§5§E§Et§x§A§3§C§B§E§As§x§9§0§C§0§E§6w§x§7§E§B§6§E§1o§x§6§B§A§B§D§Dr§x§5§9§A§1§D§9d in auction for 2000000.
[18:38:15] > Kwienn added x5 §x§F§C§9§0§5§C§lE§x§E§6§9§C§6§B§lp§x§C§F§A§7§7§A§li§x§B§9§B§3§8§9§lc §x§8§C§C§B§A§7§lC§x§7§5§D§6§B§6§lr§x§5§F§E§2§C§5§la§x§7§9§D§4§B§4§lt§x§9§3§C§7§A§2§le §x§C§8§A§B§7§F§lK§x§E§2§9§E§6§E§le§x§F§C§9§0§5§C§ly in auction for 100000.
[18:52:50] > x1 §x§F§F§7§C§0§0§lSteamsparks Hoe on sale by GoldEngine11 has just expired, it goes in the inventory of expired items.
[18:52:57] > x1 §f§l§8B§x§6§2§6§2§6§2a§x§6§F§6§F§6§Fh§x§7§C§7§C§7§Ca§x§8§9§8§9§8§9m§x§9§6§9§6§9§6u§x§A§3§A§3§A§3t §x§9§6§9§6§9§6D§x§8§9§8§9§8§9a§x§7§C§7§C§7§Cg§x§6§F§6§F§6§Fg§x§6§2§6§2§6§2e§8r on sale by GoldEngine11 has just expired, it goes in the inventory of expired items.
[18:58:37] > x1 §x§E§5§1§B§1§B§lDracula Pickaxe on sale by aznaaa has just expired, it goes in the inventory of expired items.
[18:59:14] > dearestyumeko added x1 Axolotl bucket in auction for 25000.
[19:05:10] > x1 §x§5§9§A§1§D§9§lA§x§6§E§A§D§D§Er§x§8§3§B§9§E§3c§x§9§7§C§4§E§7h§x§A§C§D§0§E§Ca§x§C§1§D§C§F§1n§x§D§6§E§8§F§6g§x§E§A§F§3§F§Ae§fl §x§D§0§E§4§F§4D§x§B§8§D§7§E§Fa§x§A§0§C§9§E§9g§x§8§8§B§C§E§4g§x§7§1§A§E§D§Ee§x§5§9§A§1§D§9r, item of .chonk3177, has just expired, the item is definitively deleted.
[19:05:10] > x1 §x§E§5§1§B§1§B§lDracula Dagger, item of kysicx, has just expired, the item is definitively deleted.
[19:05:10] > x1 §x§F§F§7§C§0§0§lSteamsparks Pickaxe, item of .chonk3177, has just expired, the item is definitively deleted.
[19:05:10] > x1 §x§F§F§3§E§0§0§lD§x§F§F§3§6§0§0§le§x§F§F§2§F§0§0§lm§x§F§F§2§7§0§0§lo§x§F§F§1§F§0§0§ln §x§F§F§1§0§0§0§lL§x§F§F§0§8§0§0§lo§x§F§F§0§0§0§0§lr§x§F§F§0§8§0§0§ld §x§F§F§1§7§0§0§lH§x§F§F§1§F§0§0§le§x§F§F§2§7§0§0§ll§x§F§F§2§F§0§0§lm§x§F§F§3§6§0§0§le§x§F§F§3§E§0§0§lt, item of zopell10, has just expired, the item is definitively deleted.
[19:05:11] > RizzaIck remove x1 §f§l§8B§x§6§6§6§6§6§6a§x§7§7§7§7§7§7h§x§8§8§8§8§8§8a§x§9§9§9§9§9§9m§7u§x§9§9§9§9§9§9t§x§8§8§8§8§8§8 §x§7§7§7§7§7§7H§x§6§6§6§6§6§6o§8e from expire
[19:05:20] > RizzaIck added x1 §f§l§8B§x§6§6§6§6§6§6a§x§7§7§7§7§7§7h§x§8§8§8§8§8§8a§x§9§9§9§9§9§9m§7u§x§9§9§9§9§9§9t§x§8§8§8§8§8§8 §x§7§7§7§7§7§7H§x§6§6§6§6§6§6o§8e in auction for 1000000.
[19:10:39] > Takeremu added x1 §f§l§8B§x§6§2§6§2§6§2a§x§6§F§6§F§6§Fh§x§7§C§7§C§7§Ca§x§8§9§8§9§8§9m§x§9§6§9§6§9§6u§x§A§3§A§3§A§3t §x§9§6§9§6§9§6S§x§8§9§8§9§8§9h§x§7§C§7§C§7§Co§x§6§F§6§F§6§Fv§x§6§2§6§2§6§2e§8l in auction for 400000.
[19:11:07] > Takeremu added x1 §x§F§F§3§E§0§0§lD§x§F§F§3§6§0§0§le§x§F§F§2§F§0§0§lm§x§F§F§2§7§0§0§lo§x§F§F§1§F§0§0§ln §x§F§F§1§0§0§0§lL§x§F§F§0§8§0§0§lo§x§F§F§0§0§0§0§lr§x§F§F§0§9§0§0§ld §x§F§F§1§B§0§0§lS§x§F§F§2§3§0§0§lp§x§F§F§2§C§0§0§le§x§F§F§3§5§0§0§la§x§F§F§3§E§0§0§lr in auction for 100000.
[19:11:19] > Takeremu added x1 §x§F§F§3§E§0§0§lD§x§F§F§3§8§0§0§le§x§F§F§3§2§0§0§lm§x§F§F§2§B§0§0§lo§x§F§F§2§5§0§0§ln §x§F§F§1§9§0§0§lL§x§F§F§1§3§0§0§lo§x§F§F§0§C§0§0§lr§x§F§F§0§6§0§0§ld §x§F§F§0§6§0§0§lB§x§F§F§0§C§0§0§la§x§F§F§1§3§0§0§lt§x§F§F§1§9§0§0§lt§x§F§F§1§F§0§0§ll§x§F§F§2§5§0§0§le §x§F§F§3§2§0§0§lA§x§F§F§3§8§0§0§lx§x§F§F§3§E§0§0§le in auction for 100000.
[19:11:21] > Kaynn buy x1 §x§F§F§3§E§0§0§lD§x§F§F§3§6§0§0§le§x§F§F§2§F§0§0§lm§x§F§F§2§7§0§0§lo§x§F§F§1§F§0§0§ln §x§F§F§1§0§0§0§lL§x§F§F§0§8§0§0§lo§x§F§F§0§0§0§0§lr§x§F§F§0§9§0§0§ld §x§F§F§1§B§0§0§lS§x§F§F§2§3§0§0§lp§x§F§F§2§C§0§0§le§x§F§F§3§5§0§0§la§x§F§F§3§E§0§0§lr to Takeremu for $100,000.
[19:11:34] > Dentatsu buy x1 §x§5§9§A§1§D§9§lA§x§6§E§A§D§D§Er§x§8§3§B§9§E§3c§x§9§7§C§4§E§7h§x§A§C§D§0§E§Ca§x§C§1§D§C§F§1n§x§D§6§E§8§F§6g§x§E§A§F§3§F§Ae§fl §x§D§0§E§4§F§4S§x§B§8§D§7§E§Fh§x§A§0§C§9§E§9i§x§8§8§B§C§E§4e§x§7§1§A§E§D§El§x§5§9§A§1§D§9d to Takeremu for $300,000.
[19:11:35] > Takeremu added x1 §f§l§x§F§C§D§0§5§CW§x§F§B§A§D§4§Du§x§F§9§8§B§3§Dk§x§F§8§6§8§2§Eo§x§F§6§4§5§1§Fn§x§F§5§2§3§0§Fg§x§F§3§0§0§0§0 §x§F§5§2§3§0§FD§x§F§6§4§5§1§Fa§x§F§8§6§8§2§Eg§x§F§9§8§B§3§Dg§x§F§B§A§D§4§De§x§F§C§D§0§5§Cr in auction for 250000.
[19:11:36] > Kaynn remove x1 §x§F§F§3§E§0§0§lD§x§F§F§3§6§0§0§le§x§F§F§2§F§0§0§lm§x§F§F§2§7§0§0§lo§x§F§F§1§F§0§0§ln §x§F§F§1§0§0§0§lL§x§F§F§0§8§0§0§lo§x§F§F§0§0§0§0§lr§x§F§F§0§9§0§0§ld §x§F§F§1§B§0§0§lS§x§F§F§2§3§0§0§lp§x§F§F§2§C§0§0§le§x§F§F§3§5§0§0§la§x§F§F§3§E§0§0§lr from buy
[19:11:39] > Dentatsu remove x1 §x§5§9§A§1§D§9§lA§x§6§E§A§D§D§Er§x§8§3§B§9§E§3c§x§9§7§C§4§E§7h§x§A§C§D§0§E§Ca§x§C§1§D§C§F§1n§x§D§6§E§8§F§6g§x§E§A§F§3§F§Ae§fl §x§D§0§E§4§F§4S§x§B§8§D§7§E§Fh§x§A§0§C§9§E§9i§x§8§8§B§C§E§4e§x§7§1§A§E§D§El§x§5§9§A§1§D§9d from buy
[19:11:46] > Kwienn remove x1 §x§5§9§A§1§D§9§lA§x§6§A§A§A§D§Dr§x§7§A§B§4§E§1c§x§8§B§B§D§E§4h§x§9§B§C§7§E§8a§x§A§C§D§0§E§Cn§x§B§D§D§9§F§0g§x§C§D§E§3§F§4e§x§D§E§E§C§F§7l §fG§x§E§D§F§5§F§Br§x§D§A§E§A§F§7e§x§C§8§E§0§F§2a§x§B§5§D§5§E§Et§x§A§3§C§B§E§As§x§9§0§C§0§E§6w§x§7§E§B§6§E§1o§x§6§B§A§B§D§Dr§x§5§9§A§1§D§9d from storage
[19:12:03] > Kwienn added x1 §x§5§9§A§1§D§9§lA§x§6§A§A§A§D§Dr§x§7§A§B§4§E§1c§x§8§B§B§D§E§4h§x§9§B§C§7§E§8a§x§A§C§D§0§E§Cn§x§B§D§D§9§F§0g§x§C§D§E§3§F§4e§x§D§E§E§C§F§7l §fG§x§E§D§F§5§F§Br§x§D§A§E§A§F§7e§x§C§8§E§0§F§2a§x§B§5§D§5§E§Et§x§A§3§C§B§E§As§x§9§0§C§0§E§6w§x§7§E§B§6§E§1o§x§6§B§A§B§D§Dr§x§5§9§A§1§D§9d in auction for 1000000.
[19:14:15] > RizzaIck added x1 §x§E§5§1§B§1§B§lDracula Hoe in auction for 100000.
[19:14:27] > RizzaIck added x1 §x§F§F§7§C§0§0§lSteamsparks Spear in auction for 100000.
[19:20:15] > Kodakoda buy x1 Axolotl bucket to dearestyumeko for $25,000.
[19:20:21] > Kodakoda remove x1 Axolotl bucket from buy
[19:20:23] > nachfaust added x1 §x§F§F§7§C§0§0§lSteamsparks Hat in auction for 100000.
[19:20:35] > nachfaust remove x1 Elytra from storage
[19:22:45] > .Marcusflep4 buy x1 Enchanted book to .JakeTheMiner457 for $20,000.
[19:26:10] > Uratakiz added x1 §f§l§8B§x§6§2§6§2§6§2a§x§6§F§6§F§6§Fh§x§7§C§7§C§7§Ca§x§8§9§8§9§8§9m§x§9§6§9§6§9§6u§x§A§3§A§3§A§3t §x§9§6§9§6§9§6H§x§8§9§8§9§8§9e§x§7§C§7§C§7§Cl§x§6§F§6§F§6§Fm§x§6§2§6§2§6§2e§8t in auction for 500000.
[19:36:25] > .JakeTheMiner457 remove x2 Netherite upgrade smithing template from storage
[19:36:45] > .JakeTheMiner457 remove x2 Netherite upgrade smithing template from expire
[19:36:55] > nachfaust buy x1 Duration 3 firework box to .AyakoKoru for $670,000.
[19:37:03] > nachfaust remove x1 Duration 3 firework box from buy
[19:37:04] > .JakeTheMiner457 added x2 Netherite upgrade smithing template in auction for 90000.
[19:44:16] > x1 §x§E§5§1§B§1§B§lDracula Halberd on sale by Johng10910 has just expired, it goes in the inventory of expired items.
[19:45:36] > frenchhee buy x34 Name tag to Takeremu for $170,000.
[19:46:02] > frenchhee remove x34 Name tag from buy
[19:47:21] > Dentatsu added x1 §x§F§F§5§5§0§0§lsᴇʟʟᴡᴀɴᴅ §6- 5.0x in auction for 300000.
[19:47:24] > Takeremu added x1 §f§l§8B§x§6§6§6§6§6§6a§x§7§7§7§7§7§7h§x§8§8§8§8§8§8a§x§9§9§9§9§9§9m§7u§x§9§9§9§9§9§9t§x§8§8§8§8§8§8 §x§7§7§7§7§7§7K§x§6§6§6§6§6§6e§8y in auction for 800000.
[19:47:33] > octopus_01 buy x1 §x§F§F§5§5§0§0§lsᴇʟʟᴡᴀɴᴅ §6- 5.0x to Dentatsu for $300,000.
[19:47:34] > bombayto buy x1 §fPanda Plushie §6(#56/101) to auvicious for $100,000.
[19:47:37] > bombayto buy x1 §x§F§F§7§C§0§0§lSteamsparks Blade to prollysmor for $200,000.
[19:47:38] > octopus_01 buy x1 §x§F§F§5§5§0§0§lsᴇʟʟᴡᴀɴᴅ §6- 20.0x to spa6e for $2,500,000.
[19:47:43] > bombayto buy x1 §x§F§F§7§C§0§0§lSteamsparks Spear to RizzaIck for $100,000.
[19:47:43] > octopus_01 buy x1 §x§F§F§5§5§0§0§lsᴇʟʟᴡᴀɴᴅ §6- 10.0x to Bleh for $1,500,000.
[19:47:51] > bombayto buy x1 §x§F§F§3§E§0§0§lD§x§F§F§3§8§0§0§le§x§F§F§3§2§0§0§lm§x§F§F§2§B§0§0§lo§x§F§F§2§5§0§0§ln §x§F§F§1§9§0§0§lL§x§F§F§1§3§0§0§lo§x§F§F§0§C§0§0§lr§x§F§F§0§6§0§0§ld §x§F§F§0§6§0§0§lB§x§F§F§0§C§0§0§la§x§F§F§1§3§0§0§lt§x§F§F§1§9§0§0§lt§x§F§F§1§F§0§0§ll§x§F§F§2§5§0§0§le §x§F§F§3§2§0§0§lA§x§F§F§3§8§0§0§lx§x§F§F§3§E§0§0§le to Takeremu for $100,000.
[19:47:51] > auvicious added x1 §x§F§F§5§5§0§0§lsᴇʟʟᴡᴀɴᴅ §6- 5.0x in auction for 600000.
[19:47:52] > octopus_01 buy x1 §x§F§F§5§5§0§0§lsᴇʟʟᴡᴀɴᴅ §6- 5.0x to Kodakoda for $700,000.
[19:47:53] > bombayto buy x1 §x§E§5§1§B§1§B§lDracula Hoe to RizzaIck for $100,000.
[19:47:56] > bombayto buy x1 §x§F§F§7§C§0§0§lSteamsparks Hat to nachfaust for $100,000.
[19:47:57] > octopus_01 buy x1 §x§F§F§5§5§0§0§lsᴇʟʟᴡᴀɴᴅ §6- 10.0x to Bleh for $1,500,000.
[19:47:59] > octopus_01 buy x1 §x§F§F§5§5§0§0§lsᴇʟʟᴡᴀɴᴅ §6- 10.0x to Bleh for $1,500,000.
[19:48:06] > octopus_01 buy x1 §x§F§F§5§5§0§0§lsᴇʟʟᴡᴀɴᴅ §6- 5.0x to auvicious for $600,000.
[19:48:13] > octopus_01 remove x1 §x§F§F§5§5§0§0§lsᴇʟʟᴡᴀɴᴅ §6- 20.0x form buy
[19:48:13] > octopus_01 remove x1 §x§F§F§5§5§0§0§lsᴇʟʟᴡᴀɴᴅ §6- 10.0x form buy
[19:48:13] > octopus_01 remove x1 §x§F§F§5§5§0§0§lsᴇʟʟᴡᴀɴᴅ §6- 10.0x form buy
[19:48:13] > octopus_01 remove x1 §x§F§F§5§5§0§0§lsᴇʟʟᴡᴀɴᴅ §6- 10.0x form buy
[19:48:13] > octopus_01 remove x1 §x§F§F§5§5§0§0§lsᴇʟʟᴡᴀɴᴅ §6- 5.0x form buy
[19:48:13] > octopus_01 remove x1 §x§F§F§5§5§0§0§lsᴇʟʟᴡᴀɴᴅ §6- 5.0x form buy
[19:48:13] > octopus_01 remove x1 §x§F§F§5§5§0§0§lsᴇʟʟᴡᴀɴᴅ §6- 5.0x form buy
[19:48:31] > bombayto remove x1 §x§F§F§7§C§0§0§lSteamsparks Hat from buy
[19:48:32] > bombayto remove x1 §fPanda Plushie §6(#56/101) from buy
[19:48:32] > bombayto remove x1 §x§F§F§7§C§0§0§lSteamsparks Spear from buy
[19:48:32] > bombayto remove x1 §x§F§F§3§E§0§0§lD§x§F§F§3§8§0§0§le§x§F§F§3§2§0§0§lm§x§F§F§2§B§0§0§lo§x§F§F§2§5§0§0§ln §x§F§F§1§9§0§0§lL§x§F§F§1§3§0§0§lo§x§F§F§0§C§0§0§lr§x§F§F§0§6§0§0§ld §x§F§F§0§6§0§0§lB§x§F§F§0§C§0§0§la§x§F§F§1§3§0§0§lt§x§F§F§1§9§0§0§lt§x§F§F§1§F§0§0§ll§x§F§F§2§5§0§0§le §x§F§F§3§2§0§0§lA§x§F§F§3§8§0§0§lx§x§F§F§3§E§0§0§le from buy
[19:48:33] > bombayto remove x1 §x§E§5§1§B§1§B§lDracula Hoe from buy
[19:48:33] > bombayto remove x1 §x§F§F§7§C§0§0§lSteamsparks Blade from buy
[19:48:33] > topaz remove x1 §2Cauldron Hat from buy
[19:48:44] > bombayto buy x1 §x§E§5§1§B§1§B§lDracula Staff to Renzy01 for $200,000.
[19:48:52] > bombayto buy x1 §x§E§5§1§B§1§B§lDracula Dagger to Renzy01 for $150,000.
[19:48:59] > topaz buy x1 §f§l§x§F§C§D§0§5§CW§x§F§B§A§D§4§Du§x§F§9§8§B§3§Dk§x§F§8§6§8§2§Eo§x§F§6§4§5§1§Fn§x§F§5§2§3§0§Fg§x§F§3§0§0§0§0 §x§F§5§2§3§0§FD§x§F§6§4§5§1§Fa§x§F§8§6§8§2§Eg§x§F§9§8§B§3§Dg§x§F§B§A§D§4§De§x§F§C§D§0§5§Cr to Takeremu for $250,000.
[19:49:01] > bombayto buy x1 §f§l§8B§x§6§2§6§2§6§2a§x§6§F§6§F§6§Fh§x§7§C§7§C§7§Ca§x§8§9§8§9§8§9m§x§9§6§9§6§9§6u§x§A§3§A§3§A§3t §x§9§6§9§6§9§6D§x§8§9§8§9§8§9a§x§7§C§7§C§7§Cg§x§6§F§6§F§6§Fg§x§6§2§6§2§6§2e§8r to Fogstrap for $400,000.
[19:49:11] > bombayto buy x1 §x§F§F§3§E§0§0§lD§x§F§F§3§7§0§0§le§x§F§F§3§0§0§0§lm§x§F§F§2§9§0§0§lo§x§F§F§2§2§0§0§ln §x§F§F§1§5§0§0§lL§x§F§F§0§E§0§0§lo§x§F§F§0§7§0§0§lr§x§F§F§0§0§0§0§ld §x§F§F§0§E§0§0§lF§x§F§F§1§5§0§0§lr§x§F§F§1§C§0§0§la§x§F§F§2§2§0§0§lg§x§F§F§2§9§0§0§lm§x§F§F§3§0§0§0§le§x§F§F§3§7§0§0§ln§x§F§F§3§E§0§0§lt to belvi__ for $100,000.
[19:49:15] > bombayto buy x1 §x§E§5§1§B§1§B§lDracula Blade to azuyeca for $200,000.
[19:49:24] > bombayto remove x1 §x§E§5§1§B§1§B§lDracula Blade from buy
[19:49:25] > bombayto remove x1 §x§E§5§1§B§1§B§lDracula Dagger from buy
[19:49:25] > bombayto remove x1 §f§l§8B§x§6§2§6§2§6§2a§x§6§F§6§F§6§Fh§x§7§C§7§C§7§Ca§x§8§9§8§9§8§9m§x§9§6§9§6§9§6u§x§A§3§A§3§A§3t §x§9§6§9§6§9§6D§x§8§9§8§9§8§9a§x§7§C§7§C§7§Cg§x§6§F§6§F§6§Fg§x§6§2§6§2§6§2e§8r from buy
[19:49:25] > bombayto remove x1 §x§E§5§1§B§1§B§lDracula Staff from buy
[19:49:25] > bombayto remove x1 §x§F§F§3§E§0§0§lD§x§F§F§3§7§0§0§le§x§F§F§3§0§0§0§lm§x§F§F§2§9§0§0§lo§x§F§F§2§2§0§0§ln §x§F§F§1§5§0§0§lL§x§F§F§0§E§0§0§lo§x§F§F§0§7§0§0§lr§x§F§F§0§0§0§0§ld §x§F§F§0§E§0§0§lF§x§F§F§1§5§0§0§lr§x§F§F§1§C§0§0§la§x§F§F§2§2§0§0§lg§x§F§F§2§9§0§0§lm§x§F§F§3§0§0§0§le§x§F§F§3§7§0§0§ln§x§F§F§3§E§0§0§lt from buy
[19:49:56] > topaz remove x1 §f§l§x§F§C§D§0§5§CW§x§F§B§A§D§4§Du§x§F§9§8§B§3§Dk§x§F§8§6§8§2§Eo§x§F§6§4§5§1§Fn§x§F§5§2§3§0§Fg§x§F§3§0§0§0§0 §x§F§5§2§3§0§FD§x§F§6§4§5§1§Fa§x§F§8§6§8§2§Eg§x§F§9§8§B§3§Dg§x§F§B§A§D§4§De§x§F§C§D§0§5§Cr from buy
[19:51:17] > xcapan buy x1 §x§E§5§1§B§1§B§lDracula Blade to aznaaa for $100,000.
[19:52:20] > xcapan remove x1 §x§E§5§1§B§1§B§lDracula Blade from buy
[19:54:55] > BG1017 buy x2 Netherite upgrade smithing template to .JakeTheMiner457 for $90,000.
[19:54:56] > x1 NEW STOCKS AT 7EVELINES!!!! on sale by cart224 has just expired, it goes in the inventory of expired items.
[20:03:29] > Torrr added x1 §x§F§F§7§C§0§0§lSteamsparks Sword in auction for 150000.
[20:10:16] > Johng10910 remove x1 §fFlower Hat from storage
[20:12:20] > Kaynn added x1 §f§l§x§8§A§0§0§F§FS§x§9§8§0§0§D§Dh§x§A§6§0§0§B§Bi§x§B§4§0§0§9§9n§x§C§2§0§0§7§7e§x§D§0§0§0§5§5 §x§D§E§0§0§3§3O§x§E§C§0§0§1§1ni§x§D§E§0§0§3§3 §x§D§0§0§0§5§5S§x§C§2§0§0§7§7h§x§B§4§0§0§9§9i§x§A§6§0§0§B§Be§x§9§8§0§0§D§Dl§x§8§A§0§0§F§Fd in auction for 500000.
[20:13:47] > Johng10910 added x1 §x§F§F§7§C§0§0§lSteamsparks Boots in auction for 100000.
[20:13:54] > Malachkite added x1 §f§l§x§8§A§0§0§F§FS§x§9§8§0§0§D§Dh§x§A§6§0§0§B§Bi§x§B§4§0§0§9§9n§x§C§2§0§0§7§7e§x§D§0§0§0§5§5 §x§D§E§0§0§3§3O§x§E§C§0§0§1§1ni§x§D§E§0§0§3§3 §x§D§0§0§0§5§5S§x§C§2§0§0§7§7i§x§B§4§0§0§9§9c§x§A§6§0§0§B§Bk§x§9§8§0§0§D§Dl§x§8§A§0§0§F§Fe in auction for 2000000.
[20:14:04] > Johng10910 added x1 §x§E§5§1§B§1§B§lDracula Helmet in auction for 100000.
[20:14:07] > EnderDragon0120 buy x1 §f§l§x§8§A§0§0§F§FS§x§9§8§0§0§D§Dh§x§A§6§0§0§B§Bi§x§B§4§0§0§9§9n§x§C§2§0§0§7§7e§x§D§0§0§0§5§5 §x§D§E§0§0§3§3O§x§E§C§0§0§1§1ni§x§D§E§0§0§3§3 §x§D§0§0§0§5§5S§x§C§2§0§0§7§7h§x§B§4§0§0§9§9i§x§A§6§0§0§B§Be§x§9§8§0§0§D§Dl§x§8§A§0§0§F§Fd to Kaynn for $500,000.
[20:14:13] > Malachkite added x1 §x§F§F§7§C§0§0§lSteamsparks Halberd in auction for 300000.
[20:14:17] > Johng10910 added x1 §f§l§x§F§C§D§0§5§CW§x§F§B§B§0§4§Eu§x§F§9§9§0§4§0k§x§F§8§7§0§3§2o§x§F§6§5§0§2§3n§x§F§5§3§0§1§5g§x§F§4§1§0§0§7 P§x§F§5§3§0§1§5i§x§F§6§5§0§2§3c§x§F§8§7§0§3§2k§x§F§9§9§0§4§0a§x§F§B§B§0§4§Ex§x§F§C§D§0§5§Ce in auction for 100000.
[20:14:19] > EnderDragon0120 remove x1 §x§E§5§1§B§1§B§lDracula Spear from buy
[20:14:20] > EnderDragon0120 remove x1 §f§l§x§8§A§0§0§F§FS§x§9§8§0§0§D§Dh§x§A§6§0§0§B§Bi§x§B§4§0§0§9§9n§x§C§2§0§0§7§7e§x§D§0§0§0§5§5 §x§D§E§0§0§3§3O§x§E§C§0§0§1§1ni§x§D§E§0§0§3§3 §x§D§0§0§0§5§5S§x§C§2§0§0§7§7h§x§B§4§0§0§9§9i§x§A§6§0§0§B§Be§x§9§8§0§0§D§Dl§x§8§A§0§0§F§Fd from buy
[20:14:52] > bombayto buy x1 §f§l§x§F§C§D§0§5§CW§x§F§B§B§0§4§Eu§x§F§9§9§0§4§0k§x§F§8§7§0§3§2o§x§F§6§5§0§2§3n§x§F§5§3§0§1§5g§x§F§4§1§0§0§7 P§x§F§5§3§0§1§5i§x§F§6§5§0§2§3c§x§F§8§7§0§3§2k§x§F§9§9§0§4§0a§x§F§B§B§0§4§Ex§x§F§C§D§0§5§Ce to Johng10910 for $100,000.
[20:15:10] > bombayto buy x1 §eMummy Hat to Ryzxc for $50,000.
[20:15:18] > Malachkite remove x1 §f§l§x§8§A§0§0§F§FS§x§9§8§0§0§D§Dh§x§A§6§0§0§B§Bi§x§B§4§0§0§9§9n§x§C§2§0§0§7§7e§x§D§0§0§0§5§5 §x§D§E§0§0§3§3O§x§E§C§0§0§1§1ni§x§D§E§0§0§3§3 §x§D§0§0§0§5§5S§x§C§2§0§0§7§7i§x§B§4§0§0§9§9c§x§A§6§0§0§B§Bk§x§9§8§0§0§D§Dl§x§8§A§0§0§F§Fe from storage
[20:15:25] > Malachkite remove x1 §f§l§x§8§A§0§0§F§FS§x§9§8§0§0§D§Dh§x§A§6§0§0§B§Bi§x§B§4§0§0§9§9n§x§C§2§0§0§7§7e§x§D§0§0§0§5§5 §x§D§E§0§0§3§3O§x§E§C§0§0§1§1ni§x§D§E§0§0§3§3 §x§D§0§0§0§5§5S§x§C§2§0§0§7§7i§x§B§4§0§0§9§9c§x§A§6§0§0§B§Bk§x§9§8§0§0§D§Dl§x§8§A§0§0§F§Fe from expire
[20:15:25] > bombayto remove x1 §eMummy Hat from buy
[20:15:26] > bombayto remove x1 §f§l§x§F§C§D§0§5§CW§x§F§B§B§0§4§Eu§x§F§9§9§0§4§0k§x§F§8§7§0§3§2o§x§F§6§5§0§2§3n§x§F§5§3§0§1§5g§x§F§4§1§0§0§7 P§x§F§5§3§0§1§5i§x§F§6§5§0§2§3c§x§F§8§7§0§3§2k§x§F§9§9§0§4§0a§x§F§B§B§0§4§Ex§x§F§C§D§0§5§Ce from buy
[20:15:36] > Malachkite added x1 §f§l§x§8§A§0§0§F§FS§x§9§8§0§0§D§Dh§x§A§6§0§0§B§Bi§x§B§4§0§0§9§9n§x§C§2§0§0§7§7e§x§D§0§0§0§5§5 §x§D§E§0§0§3§3O§x§E§C§0§0§1§1ni§x§D§E§0§0§3§3 §x§D§0§0§0§5§5S§x§C§2§0§0§7§7i§x§B§4§0§0§9§9c§x§A§6§0§0§B§Bk§x§9§8§0§0§D§Dl§x§8§A§0§0§F§Fe in auction for 1000000.
[20:15:56] > bombayto buy x1 §f§l§8B§x§6§6§6§6§6§6a§x§7§7§7§7§7§7h§x§8§8§8§8§8§8a§x§9§9§9§9§9§9m§7u§x§9§9§9§9§9§9t§x§8§8§8§8§8§8 §x§7§7§7§7§7§7K§x§6§6§6§6§6§6e§8y to Takeremu for $800,000.
[20:16:02] > bombayto remove x1 §f§l§8B§x§6§6§6§6§6§6a§x§7§7§7§7§7§7h§x§8§8§8§8§8§8a§x§9§9§9§9§9§9m§7u§x§9§9§9§9§9§9t§x§8§8§8§8§8§8 §x§7§7§7§7§7§7K§x§6§6§6§6§6§6e§8y from buy
[20:16:35] > Malachkite remove x1 §f§l§x§8§A§0§0§F§FS§x§9§8§0§0§D§Dh§x§A§6§0§0§B§Bi§x§B§4§0§0§9§9n§x§C§2§0§0§7§7e§x§D§0§0§0§5§5 §x§D§E§0§0§3§3O§x§E§C§0§0§1§1ni§x§D§E§0§0§3§3 §x§D§0§0§0§5§5S§x§C§2§0§0§7§7i§x§B§4§0§0§9§9c§x§A§6§0§0§B§Bk§x§9§8§0§0§D§Dl§x§8§A§0§0§F§Fe from storage
[20:16:36] > Malachkite remove x1 §x§F§F§7§C§0§0§lSteamsparks Halberd from storage
[20:20:21] > nachfaust added x1 Enchanted book in auction for 50000.
[20:20:39] > nachfaust added x1 Enchanted book in auction for 50000.
[20:23:27] > EnderDragon0120 added x1 §f§l§x§F§C§D§0§5§CW§x§F§A§A§2§4§8u§x§F§8§7§4§3§3k§x§F§6§4§5§1§Fo§x§F§4§1§7§0§Ang§x§F§6§4§5§1§F §x§F§8§7§4§3§3K§x§F§A§A§2§4§8e§x§F§C§D§0§5§Cy in auction for 800000.
[20:24:18] > auvicious added x1 §x§E§5§1§B§1§B§lDracula Hoe in auction for 100000.
[20:24:53] > Kodakoda added x1 §f§l§8B§x§6§6§6§6§6§6a§x§7§7§7§7§7§7h§x§8§8§8§8§8§8a§x§9§9§9§9§9§9m§7u§x§9§9§9§9§9§9t§x§8§8§8§8§8§8 §x§7§7§7§7§7§7H§x§6§6§6§6§6§6a§8t in auction for 200000.
[20:25:59] > CoinDegree52415 added x1 §f§l§x§F§C§D§0§5§CW§x§F§A§A§2§4§8u§x§F§8§7§4§3§3k§x§F§6§4§5§1§Fo§x§F§4§1§7§0§Ang§x§F§6§4§5§1§F §x§F§8§7§4§3§3B§x§F§A§A§2§4§8o§x§F§C§D§0§5§Cw in auction for 200000.
[20:27:41] > auvicious remove x1 §fCow Plushie §6(#26/101) from storage
[20:27:42] > auvicious remove x1 §fHorse Plushie (Gray) §6(#48/101) from storage
[20:27:51] > Renzy01 added x1 §f§l§x§F§C§D§0§5§CW§x§F§A§A§2§4§8u§x§F§8§7§4§3§3k§x§F§6§4§5§1§Fo§x§F§4§1§7§0§Ang§x§F§6§4§5§1§F §x§F§8§7§4§3§3K§x§F§A§A§2§4§8e§x§F§C§D§0§5§Cy in auction for 800000.
[20:28:01] > auvicious added x1 §x§F§F§7§C§0§0§lSteamsparks Boots in auction for 250000.
[20:28:27] > Renzy01 added x1 §x§E§5§1§B§1§B§lDracula Key in auction for 400000.
[20:28:34] > Renzy01 remove x1 §f§l§x§F§C§D§0§5§CW§x§F§A§A§2§4§8u§x§F§8§7§4§3§3k§x§F§6§4§5§1§Fo§x§F§4§1§7§0§Ang§x§F§6§4§5§1§F §x§F§8§7§4§3§3K§x§F§A§A§2§4§8e§x§F§C§D§0§5§Cy from storage
[20:28:49] > Renzy01 added x1 §x§F§F§7§C§0§0§lSteamsparks Key in auction for 500000.
[20:29:03] > .VisedSauce5790 added x1 §x§E§5§1§B§1§B§lDracula Sickle in auction for 80000.
[20:29:13] > .VisedSauce5790 added x1 §x§F§F§7§C§0§0§lSteamsparks Staff in auction for 80000.
[20:30:00] > Renzy01 added x1 §f§l§8B§x§6§6§6§6§6§6a§x§7§7§7§7§7§7h§x§8§8§8§8§8§8a§x§9§9§9§9§9§9m§7u§x§9§9§9§9§9§9t§x§8§8§8§8§8§8 §x§7§7§7§7§7§7B§x§6§6§6§6§6§6o§8w in auction for 600000.
[20:32:02] > PrezXie added x1 Heavy core in auction for 555555.
[20:34:17] > ItzQueenAki added x1 §x§E§5§1§B§1§B§lDracula Hoe in auction for 500.
[20:34:30] > nachfaust buy x1 §x§E§5§1§B§1§B§lDracula Hoe to ItzQueenAki for $500.
[20:34:59] > Uratakiz added x1 §f§l§x§F§C§D§0§5§CW§x§F§B§B§0§4§Eu§x§F§9§9§0§4§0k§x§F§8§7§0§3§2o§x§F§6§5§0§2§3n§x§F§5§3§0§1§5g§x§F§4§1§0§0§7 H§x§F§5§3§0§1§5a§x§F§6§5§0§2§3l§x§F§8§7§0§3§2b§x§F§9§9§0§4§0e§x§F§B§B§0§4§Er§x§F§C§D§0§5§Cd in auction for 300000.
[20:36:03] > Renzy01 remove x1 §x§F§F§7§C§0§0§lSteamsparks Key from storage
[20:36:04] > .jacindiii buy x1 Name tag to .Knull2429 for $50,000.
[20:36:09] > Renzy01 added x1 §f§l§8B§x§6§6§6§6§6§6a§x§7§7§7§7§7§7h§x§8§8§8§8§8§8a§x§9§9§9§9§9§9m§7u§x§9§9§9§9§9§9t§x§8§8§8§8§8§8 §x§7§7§7§7§7§7H§x§6§6§6§6§6§6o§8e in auction for 400000.
[20:36:20] > UnavailableTest buy x2 Netherite ingot to Johng10910 for $200,000.
[20:36:25] > UnavailableTest remove x2 Netherite ingot form buy
[20:38:48] > x1 §f§l§x§8§A§0§0§F§FS§x§9§8§0§0§D§Dh§x§A§6§0§0§B§Bi§x§B§4§0§0§9§9n§x§C§2§0§0§7§7e§x§D§0§0§0§5§5 §x§D§E§0§0§3§3O§x§E§C§0§0§1§1ni§x§D§E§0§0§3§3 §x§D§0§0§0§5§5S§x§C§2§0§0§7§7h§x§B§4§0§0§9§9i§x§A§6§0§0§B§Be§x§9§8§0§0§D§Dl§x§8§A§0§0§F§Fd on sale by koshie has just expired, it goes in the inventory of expired items.
[20:39:29] > UnavailableTest buy x64 Emerald block to YooRushy for $850,000.
[20:39:34] > UnavailableTest remove x64 Emerald block form buy
[20:43:05] > kysicx added x1 §x§F§F§7§C§0§0§lSteamsparks Battle Axe in auction for 200000.
[20:48:08] > giyahnpogi remove x1 §f§l§8B§x§6§3§6§3§6§3a§x§7§1§7§1§7§1h§x§8§0§8§0§8§0a§x§8§E§8§E§8§Em§x§9§C§9§C§9§Cu§7t§x§9§C§9§C§9§C §x§8§E§8§E§8§EW§x§8§0§8§0§8§0i§x§7§1§7§1§7§1n§x§6§3§6§3§6§3g§8s from storage
[20:49:03] > bombayto buy x1 §x§F§0§7§A§5§4§lZombie Apocalyptic Key to QG_Akiuwu for $200,000.
[20:49:22] > bombayto remove x1 §x§F§0§7§A§5§4§lZombie Apocalyptic Key from buy
[20:51:31] > Jhanrex buy x1 §x§E§5§1§B§1§B§lDracula Sickle to .VisedSauce5790 for $80,000.
[20:52:15] > Jhanrex buy x1 §x§E§5§1§B§1§B§lDracula Pickaxe to nachfaust for $500,000.
[20:53:02] > Jhanrex remove x1 §x§E§5§1§B§1§B§lDracula Pickaxe from buy
[20:53:02] > Jhanrex remove x1 §x§E§5§1§B§1§B§lDracula Sickle from buy
[20:54:12] > nachfaust added x1 Elytra in auction for 3500000.
[20:54:36] > InternetCafeUser buy x1 §x§F§F§7§C§0§0§lSteamsparks Battle Axe to kysicx for $200,000.
[20:54:41] > InternetCafeUser remove x1 §x§F§F§7§C§0§0§lSteamsparks Battle Axe from buy
[20:56:23] > x1 Enchanted book on sale by lthohijfi2014 has just expired, it goes in the inventory of expired items.
[20:57:10] > ItzQueenAki added x1 §x§E§5§1§B§1§B§lDracula Shield in auction for 1000.
[20:57:10] > .Allxnzv added x1 §f§l§x§8§A§0§0§F§FS§x§9§9§0§0§D§Bh§x§A§8§0§0§B§6i§x§B§7§0§0§9§2n§x§C§6§0§0§6§De§x§D§5§0§0§4§9 §x§E§4§0§0§2§4O§x§F§3§0§0§0§0n§x§E§4§0§0§2§4i§x§D§5§0§0§4§9 §x§C§6§0§0§6§DS§x§B§7§0§0§9§2t§x§A§8§0§0§B§6a§x§9§9§0§0§D§Bf§x§8§A§0§0§F§Ff in auction for 2000000.
[20:57:16] > Renzy01 buy x1 §x§E§5§1§B§1§B§lDracula Shield to ItzQueenAki for $1,000.
[20:57:25] > Renzy01 remove x1 §x§E§5§1§B§1§B§lDracula Shield from buy
[21:02:28] > .Allxnzv buy x1 Potato to tic_sz for $10.
[21:02:39] > .Allxnzv remove x1 Potato from buy
[21:02:54] > Jhanrex buy x5 §x§F§C§9§0§5§C§lE§x§E§6§9§C§6§B§lp§x§C§F§A§7§7§A§li§x§B§9§B§3§8§9§lc §x§8§C§C§B§A§7§lC§x§7§5§D§6§B§6§lr§x§5§F§E§2§C§5§la§x§7§9§D§4§B§4§lt§x§9§3§C§7§A§2§le §x§C§8§A§B§7§F§lK§x§E§2§9§E§6§E§le§x§F§C§9§0§5§C§ly to Kwienn for $100,000.
[21:03:02] > Jhanrex remove x5 §x§F§C§9§0§5§C§lE§x§E§6§9§C§6§B§lp§x§C§F§A§7§7§A§li§x§B§9§B§3§8§9§lc §x§8§C§C§B§A§7§lC§x§7§5§D§6§B§6§lr§x§5§F§E§2§C§5§la§x§7§9§D§4§B§4§lt§x§9§3§C§7§A§2§le §x§C§8§A§B§7§F§lK§x§E§2§9§E§6§E§le§x§F§C§9§0§5§C§ly from buy
[21:05:33] > Jhanrex buy x5 §x§F§C§9§0§5§C§lE§x§E§6§9§C§6§B§lp§x§C§F§A§7§7§A§li§x§B§9§B§3§8§9§lc §x§8§C§C§B§A§7§lC§x§7§5§D§6§B§6§lr§x§5§F§E§2§C§5§la§x§7§9§D§4§B§4§lt§x§9§3§C§7§A§2§le §x§C§8§A§B§7§F§lK§x§E§2§9§E§6§E§le§x§F§C§9§0§5§C§ly to Takeremu for $200,000.
[21:05:45] > Jhanrex buy x5 §x§F§C§9§0§5§C§lE§x§E§6§9§C§6§B§lp§x§C§F§A§7§7§A§li§x§B§9§B§3§8§9§lc §x§8§C§C§B§A§7§lC§x§7§5§D§6§B§6§lr§x§5§F§E§2§C§5§la§x§7§9§D§4§B§4§lt§x§9§3§C§7§A§2§le §x§C§8§A§B§7§F§lK§x§E§2§9§E§6§E§le§x§F§C§9§0§5§C§ly to Callistrix for $300,000.
[21:05:51] > Jhanrex remove x5 §x§F§C§9§0§5§C§lE§x§E§6§9§C§6§B§lp§x§C§F§A§7§7§A§li§x§B§9§B§3§8§9§lc §x§8§C§C§B§A§7§lC§x§7§5§D§6§B§6§lr§x§5§F§E§2§C§5§la§x§7§9§D§4§B§4§lt§x§9§3§C§7§A§2§le §x§C§8§A§B§7§F§lK§x§E§2§9§E§6§E§le§x§F§C§9§0§5§C§ly from buy
[21:05:52] > Jhanrex remove x5 §x§F§C§9§0§5§C§lE§x§E§6§9§C§6§B§lp§x§C§F§A§7§7§A§li§x§B§9§B§3§8§9§lc §x§8§C§C§B§A§7§lC§x§7§5§D§6§B§6§lr§x§5§F§E§2§C§5§la§x§7§9§D§4§B§4§lt§x§9§3§C§7§A§2§le §x§C§8§A§B§7§F§lK§x§E§2§9§E§6§E§le§x§F§C§9§0§5§C§ly from buy
[21:06:13] > azuyeca added x1 Name tag in auction for 25000.
[21:06:18] > Kodakoda buy x1 Name tag to azuyeca for $25,000.
[21:06:34] > Kodakoda remove x1 Name tag form buy
[21:09:04] > Kaynn added x1 §x§F§F§3§E§0§0§lD§x§F§F§3§6§0§0§le§x§F§F§2§F§0§0§lm§x§F§F§2§7§0§0§lo§x§F§F§1§F§0§0§ln §x§F§F§1§0§0§0§lL§x§F§F§0§8§0§0§lo§x§F§F§0§0§0§0§lr§x§F§F§0§9§0§0§ld §x§F§F§1§B§0§0§lS§x§F§F§2§3§0§0§lp§x§F§F§2§C§0§0§le§x§F§F§3§5§0§0§la§x§F§F§3§E§0§0§lr in auction for 650000.
[21:09:22] > Fogstrap remove x1 §x§F§F§3§E§0§0§lD§x§F§F§3§6§0§0§le§x§F§F§2§F§0§0§lm§x§F§F§2§7§0§0§lo§x§F§F§1§F§0§0§ln §x§F§F§1§0§0§0§lL§x§F§F§0§8§0§0§lo§x§F§F§0§0§0§0§lr§x§F§F§0§9§0§0§ld §x§F§F§1§B§0§0§lS§x§F§F§2§3§0§0§lt§x§F§F§2§C§0§0§la§x§F§F§3§5§0§0§lf§x§F§F§3§E§0§0§lf from storage
[21:09:33] > Fogstrap added x1 §x§F§F§3§E§0§0§lD§x§F§F§3§6§0§0§le§x§F§F§2§F§0§0§lm§x§F§F§2§7§0§0§lo§x§F§F§1§F§0§0§ln §x§F§F§1§0§0§0§lL§x§F§F§0§8§0§0§lo§x§F§F§0§0§0§0§lr§x§F§F§0§9§0§0§ld §x§F§F§1§B§0§0§lS§x§F§F§2§3§0§0§lt§x§F§F§2§C§0§0§la§x§F§F§3§5§0§0§lf§x§F§F§3§E§0§0§lf in auction for 650000.
[21:12:07] > Celeste01 remove x1 §x§E§5§1§B§1§B§lDracula Dagger from storage
[21:12:08] > Celeste01 remove x1 §x§5§9§A§1§D§9§lA§x§7§1§A§E§D§Er§x§8§8§B§C§E§4c§x§A§0§C§9§E§9h§x§B§8§D§7§E§Fa§x§D§0§E§4§F§4n§x§E§7§F§2§F§Ag§fe§x§E§7§F§2§F§Al §x§B§8§D§7§E§FS§x§A§0§C§9§E§9w§x§8§8§B§C§E§4o§x§7§1§A§E§D§Er§x§5§9§A§1§D§9d from storage
[21:12:30] > Celeste01 added x1 §x§E§5§1§B§1§B§lDracula Dagger in auction for 500000.
[21:12:45] > Celeste01 added x1 §x§5§9§A§1§D§9§lA§x§7§1§A§E§D§Er§x§8§8§B§C§E§4c§x§A§0§C§9§E§9h§x§B§8§D§7§E§Fa§x§D§0§E§4§F§4n§x§E§7§F§2§F§Ag§fe§x§E§7§F§2§F§Al §x§B§8§D§7§E§FS§x§A§0§C§9§E§9w§x§8§8§B§C§E§4o§x§7§1§A§E§D§Er§x§5§9§A§1§D§9d in auction for 2000000.
[21:13:01] > nachfaust buy x1 §f§l§x§8§A§0§0§F§FS§x§9§9§0§0§D§Bh§x§A§8§0§0§B§6i§x§B§7§0§0§9§2n§x§C§6§0§0§6§De§x§D§5§0§0§4§9 §x§E§4§0§0§2§4O§x§F§3§0§0§0§0n§x§E§4§0§0§2§4i§x§D§5§0§0§4§9 §x§C§6§0§0§6§DS§x§B§7§0§0§9§2t§x§A§8§0§0§B§6a§x§9§9§0§0§D§Bf§x§8§A§0§0§F§Ff to .Allxnzv for $2,000,000.
[21:13:13] > nachfaust remove x1 §x§E§5§1§B§1§B§lDracula Hoe form buy
[21:13:13] > nachfaust remove x1 §f§l§x§8§A§0§0§F§FS§x§9§9§0§0§D§Bh§x§A§8§0§0§B§6i§x§B§7§0§0§9§2n§x§C§6§0§0§6§De§x§D§5§0§0§4§9 §x§E§4§0§0§2§4O§x§F§3§0§0§0§0n§x§E§4§0§0§2§4i§x§D§5§0§0§4§9 §x§C§6§0§0§6§DS§x§B§7§0§0§9§2t§x§A§8§0§0§B§6a§x§9§9§0§0§D§Bf§x§8§A§0§0§F§Ff form buy
[21:13:34] > nachfaust added x1 §x§E§5§1§B§1§B§lDracula Hoe in auction for 300000.
[21:14:29] > bombayto buy x1 §fBumble Bee Hat to .Whatyusaay for $20,000.
[21:16:33] > azuyeca added x1 §x§F§F§5§5§0§0§lsᴇʟʟᴡᴀɴᴅ §6- 5.0x in auction for 500000.
[21:16:35] > Abbadex buy x1 §x§F§F§5§5§0§0§lsᴇʟʟᴡᴀɴᴅ §6- 5.0x to azuyeca for $500,000.
[21:16:40] > Jhanrex added x1 §x§F§F§5§5§0§0§lsᴇʟʟᴡᴀɴᴅ §6- 20.0x in auction for 2500000.
[21:16:44] > Abbadex buy x1 §x§F§F§5§5§0§0§lsᴇʟʟᴡᴀɴᴅ §6- 20.0x to Jhanrex for $2,500,000.
[21:17:07] > Uratakiz added x1 §f§l§8B§x§6§2§6§2§6§2a§x§6§F§6§F§6§Fh§x§7§C§7§C§7§Ca§x§8§9§8§9§8§9m§x§9§6§9§6§9§6u§x§A§3§A§3§A§3t §x§9§6§9§6§9§6H§x§8§9§8§9§8§9a§x§7§C§7§C§7§Ct§x§6§F§6§F§6§F §x§6§2§6§2§6§2V§82 in auction for 200000.
[21:17:22] > Renzy01 buy x1 §f§l§8B§x§6§2§6§2§6§2a§x§6§F§6§F§6§Fh§x§7§C§7§C§7§Ca§x§8§9§8§9§8§9m§x§9§6§9§6§9§6u§x§A§3§A§3§A§3t §x§9§6§9§6§9§6H§x§8§9§8§9§8§9a§x§7§C§7§C§7§Ct§x§6§F§6§F§6§F §x§6§2§6§2§6§2V§82 to Uratakiz for $200,000.
[21:17:42] > Renzy01 buy x1 §f§l§8B§x§6§6§6§6§6§6a§x§7§7§7§7§7§7h§x§8§8§8§8§8§8a§x§9§9§9§9§9§9m§7u§x§9§9§9§9§9§9t§x§8§8§8§8§8§8 §x§7§7§7§7§7§7H§x§6§6§6§6§6§6a§8t to Kodakoda for $200,000.
[21:17:57] > Renzy01 buy x4 Nether star to koshie for $200,000.
[21:18:03] > Renzy01 remove x4 Nether star from buy
[21:18:04] > Renzy01 remove x1 §f§l§8B§x§6§6§6§6§6§6a§x§7§7§7§7§7§7h§x§8§8§8§8§8§8a§x§9§9§9§9§9§9m§7u§x§9§9§9§9§9§9t§x§8§8§8§8§8§8 §x§7§7§7§7§7§7H§x§6§6§6§6§6§6a§8t from buy
[21:18:04] > Renzy01 remove x1 §f§l§8B§x§6§2§6§2§6§2a§x§6§F§6§F§6§Fh§x§7§C§7§C§7§Ca§x§8§9§8§9§8§9m§x§9§6§9§6§9§6u§x§A§3§A§3§A§3t §x§9§6§9§6§9§6H§x§8§9§8§9§8§9a§x§7§C§7§C§7§Ct§x§6§F§6§F§6§F §x§6§2§6§2§6§2V§82 from buy
[21:18:22] > EnderDragon0120 added x1 §f§l§8B§x§6§2§6§2§6§2a§x§6§F§6§F§6§Fh§x§7§C§7§C§7§Ca§x§8§9§8§9§8§9m§x§9§6§9§6§9§6u§x§A§3§A§3§A§3t §x§9§6§9§6§9§6H§x§8§9§8§9§8§9a§x§7§C§7§C§7§Ct§x§6§F§6§F§6§F §x§6§2§6§2§6§2V§82 in auction for 450000.
[21:19:08] > x1 §f§l§x§F§A§0§0§0§AD§x§F§A§1§8§1§4a§x§F§A§3§1§1§Dr§x§F§B§4§9§2§7k§x§F§B§6§2§3§1f§x§F§B§7§A§3§Al§x§F§B§9§3§4§4a§x§F§C§A§B§4§Em§x§F§C§C§4§5§7e §x§F§C§A§B§4§EG§x§F§B§9§3§4§4a§x§F§B§7§A§3§Au§x§F§B§6§2§3§1n§x§F§B§4§9§2§7t§x§F§A§3§1§1§Dl§x§F§A§1§8§1§4e§x§F§A§0§0§0§At, item of kopo555, has just expired, the item is definitively deleted.
[21:19:08] > x10 §x§C§9§A§7§F§C§lL§x§B§D§A§E§F§6§le§x§B§1§B§4§F§0§lg§x§A§6§B§B§E§A§le§x§9§A§C§1§E§4§ln§x§8§E§C§8§D§D§ld§x§8§2§C§E§D§7§la§x§7§7§D§5§D§1§lr§x§6§B§D§B§C§B§ly §x§6§B§D§B§C§B§lC§x§7§7§D§5§D§1§lr§x§8§2§C§E§D§7§la§x§8§E§C§8§D§D§lt§x§9§A§C§1§E§4§le §x§B§1§B§4§F§0§lK§x§B§D§A§E§F§6§le§x§C§9§A§7§F§C§ly, item of Zee_, has just expired, the item is definitively deleted.
[21:19:34] > Renzy01 remove x1 §x§E§5§1§B§1§B§lDracula Key from storage
[21:19:35] > Renzy01 remove x2 §c§lPlatinum Lure from storage
[21:19:51] > Renzy01 added x1 §f§l§8B§x§6§2§6§2§6§2a§x§6§F§6§F§6§Fh§x§7§C§7§C§7§Ca§x§8§9§8§9§8§9m§x§9§6§9§6§9§6u§x§A§3§A§3§A§3t §x§9§6§9§6§9§6H§x§8§9§8§9§8§9a§x§7§C§7§C§7§Ct§x§6§F§6§F§6§F §x§6§2§6§2§6§2V§82 in auction for 500000.
[21:20:19] > Renzy01 added x1 §f§l§8B§x§6§6§6§6§6§6a§x§7§7§7§7§7§7h§x§8§8§8§8§8§8a§x§9§9§9§9§9§9m§7u§x§9§9§9§9§9§9t§x§8§8§8§8§8§8 §x§7§7§7§7§7§7H§x§6§6§6§6§6§6a§8t in auction for 500000.
[21:23:27] > nachfaust remove x1 Elytra from storage
[21:24:49] > Abbadex remove x1 §x§F§F§5§5§0§0§lsᴇʟʟᴡᴀɴᴅ §6- 5.0x form buy
[21:24:49] > Abbadex remove x1 §x§F§F§5§5§0§0§lsᴇʟʟᴡᴀɴᴅ §6- 20.0x form buy
[21:27:08] > CoinDegree52415 added x1 §f§l§8B§x§6§0§6§0§6§0a§x§6§C§6§C§6§Ch§x§7§7§7§7§7§7a§x§8§2§8§2§8§2m§x§8§E§8§E§8§Eu§x§9§9§9§9§9§9t§x§A§4§A§4§A§4 G§x§9§9§9§9§9§9a§x§8§E§8§E§8§Eu§x§8§2§8§2§8§2n§x§7§7§7§7§7§7t§x§6§C§6§C§6§Cl§x§6§0§6§0§6§0e§8t in auction for 450000.
[21:33:40] > EnderDragon0120 added x1 §x§F§F§7§C§0§0§lSteamsparks Leggings in auction for 180000.
[21:34:06] > CoinDegree52415 remove x1 §f§l§x§F§C§D§0§5§CW§x§F§A§A§2§4§8u§x§F§8§7§4§3§3k§x§F§6§4§5§1§Fo§x§F§4§1§7§0§Ang§x§F§6§4§5§1§F §x§F§8§7§4§3§3B§x§F§A§A§2§4§8o§x§F§C§D§0§5§Cw from storage
[21:34:12] > Trapers1 buy x1 §x§F§F§7§C§0§0§lSteamsparks Leggings to EnderDragon0120 for $180,000.
[21:34:21] > Trapers1 remove x1 §x§F§F§7§C§0§0§lSteamsparks Leggings form buy
[21:34:45] > EnderDragon0120 added x1 §f§l§8B§x§6§6§6§6§6§6a§x§7§7§7§7§7§7h§x§8§8§8§8§8§8a§x§9§9§9§9§9§9m§7u§x§9§9§9§9§9§9t§x§8§8§8§8§8§8 §x§7§7§7§7§7§7A§x§6§6§6§6§6§6x§8e in auction for 700000.
[21:35:04] > Renzy01 remove x1 §f§l§8B§x§6§2§6§2§6§2a§x§6§F§6§F§6§Fh§x§7§C§7§C§7§Ca§x§8§9§8§9§8§9m§x§9§6§9§6§9§6u§x§A§3§A§3§A§3t §x§9§6§9§6§9§6D§x§8§9§8§9§8§9a§x§7§C§7§C§7§Cg§x§6§F§6§F§6§Fg§x§6§2§6§2§6§2e§8r from storage
[21:35:11] > Renzy01 added x1 Eye armor trim smithing template in auction for 100000.
[21:36:15] > EnderDragon0120 added x1 §x§F§F§7§C§0§0§lSteamsparks Battle Axe in auction for 250000.
[21:36:35] > ace buy x1 §fMysterious Hat to .ShawnPlayz56 for $30,000.
[21:37:21] > ace remove x1 Enchanted golden apple form storage
[21:37:21] > ace remove x1 Enchanted book form storage
[21:37:21] > ace remove x1 §2Cauldron Hat form storage
[21:38:08] > ace added x1 §2Cauldron Hat in auction for 125000.
[21:38:24] > Renzy01 remove x1 §f§l§8B§x§6§6§6§6§6§6a§x§7§7§7§7§7§7h§x§8§8§8§8§8§8a§x§9§9§9§9§9§9m§7u§x§9§9§9§9§9§9t§x§8§8§8§8§8§8 §x§7§7§7§7§7§7B§x§6§6§6§6§6§6o§8w form storage
[21:38:24] > Renzy01 remove x1 §f§l§8B§x§6§2§6§2§6§2a§x§6§F§6§F§6§Fh§x§7§C§7§C§7§Ca§x§8§9§8§9§8§9m§x§9§6§9§6§9§6u§x§A§3§A§3§A§3t §x§9§6§9§6§9§6H§x§8§9§8§9§8§9a§x§7§C§7§C§7§Ct§x§6§F§6§F§6§F §x§6§2§6§2§6§2V§82 form storage
[21:38:24] > Renzy01 remove x1 Eye armor trim smithing template form storage
[21:38:24] > Renzy01 remove x1 §f§l§8B§x§6§6§6§6§6§6a§x§7§7§7§7§7§7h§x§8§8§8§8§8§8a§x§9§9§9§9§9§9m§7u§x§9§9§9§9§9§9t§x§8§8§8§8§8§8 §x§7§7§7§7§7§7H§x§6§6§6§6§6§6o§8e form storage
[21:38:24] > Renzy01 remove x1 §f§l§8B§x§6§6§6§6§6§6a§x§7§7§7§7§7§7h§x§8§8§8§8§8§8a§x§9§9§9§9§9§9m§7u§x§9§9§9§9§9§9t§x§8§8§8§8§8§8 §x§7§7§7§7§7§7H§x§6§6§6§6§6§6a§8t form storage
[21:38:37] > Renzy01 added x1 §f§l§8B§x§6§6§6§6§6§6a§x§7§7§7§7§7§7h§x§8§8§8§8§8§8a§x§9§9§9§9§9§9m§7u§x§9§9§9§9§9§9t§x§8§8§8§8§8§8 §x§7§7§7§7§7§7B§x§6§6§6§6§6§6o§8w in auction for 700000.
[21:38:53] > Renzy01 added x1 §f§l§8B§x§6§2§6§2§6§2a§x§6§F§6§F§6§Fh§x§7§C§7§C§7§Ca§x§8§9§8§9§8§9m§x§9§6§9§6§9§6u§x§A§3§A§3§A§3t §x§9§6§9§6§9§6H§x§8§9§8§9§8§9a§x§7§C§7§C§7§Ct§x§6§F§6§F§6§F §x§6§2§6§2§6§2V§82 in auction for 500000.
[21:39:10] > Renzy01 added x1 §f§l§8B§x§6§6§6§6§6§6a§x§7§7§7§7§7§7h§x§8§8§8§8§8§8a§x§9§9§9§9§9§9m§7u§x§9§9§9§9§9§9t§x§8§8§8§8§8§8 §x§7§7§7§7§7§7H§x§6§6§6§6§6§6a§8t in auction for 500000.
[21:39:32] > Renzy01 added x1 §f§l§8B§x§6§6§6§6§6§6a§x§7§7§7§7§7§7h§x§8§8§8§8§8§8a§x§9§9§9§9§9§9m§7u§x§9§9§9§9§9§9t§x§8§8§8§8§8§8 §x§7§7§7§7§7§7H§x§6§6§6§6§6§6o§8e in auction for 400000.
[21:39:44] > Renzy01 added x1 §f§l§8B§x§6§2§6§2§6§2a§x§6§F§6§F§6§Fh§x§7§C§7§C§7§Ca§x§8§9§8§9§8§9m§x§9§6§9§6§9§6u§x§A§3§A§3§A§3t §x§9§6§9§6§9§6D§x§8§9§8§9§8§9a§x§7§C§7§C§7§Cg§x§6§F§6§F§6§Fg§x§6§2§6§2§6§2e§8r in auction for 500000.
[21:40:10] > ItzQueenAki added x1 §f§l§x§F§C§D§0§5§CW§x§F§B§A§D§4§Du§x§F§9§8§B§3§Dk§x§F§8§6§8§2§Eo§x§F§6§4§5§1§Fn§x§F§5§2§3§0§Fg§x§F§3§0§0§0§0 §x§F§5§2§3§0§FD§x§F§6§4§5§1§Fa§x§F§8§6§8§2§Eg§x§F§9§8§B§3§Dg§x§F§B§A§D§4§De§x§F§C§D§0§5§Cr in auction for 500000.
[21:40:24] > EnderDragon0120 added x1 §f§l§8B§x§6§2§6§2§6§2a§x§6§F§6§F§6§Fh§x§7§C§7§C§7§Ca§x§8§9§8§9§8§9m§x§9§6§9§6§9§6u§x§A§3§A§3§A§3t §x§9§6§9§6§9§6D§x§8§9§8§9§8§9a§x§7§C§7§C§7§Cg§x§6§F§6§F§6§Fg§x§6§2§6§2§6§2e§8r in auction for 750000.
[21:41:59] > CoinDegree52415 remove x1 §f§l§8B§x§6§0§6§0§6§0a§x§6§C§6§C§6§Ch§x§7§7§7§7§7§7a§x§8§2§8§2§8§2m§x§8§E§8§E§8§Eu§x§9§9§9§9§9§9t§x§A§4§A§4§A§4 G§x§9§9§9§9§9§9a§x§8§E§8§E§8§Eu§x§8§2§8§2§8§2n§x§7§7§7§7§7§7t§x§6§C§6§C§6§Cl§x§6§0§6§0§6§0e§8t from storage
[21:49:40] > ace added x1 Enchanted golden apple in auction for 20000.
[21:49:51] > ace added x1 Enchanted book in auction for 10000.
[21:50:04] > EnderDragon0120 added x1 §x§E§5§1§B§1§B§lDracula Bow in auction for 200000.
[21:50:07] > Takeremu added x1 Enchanted book in auction for 2000.
[21:50:54] > ItzQueenAki remove x1 §f§l§x§F§C§D§0§5§CW§x§F§B§A§D§4§Du§x§F§9§8§B§3§Dk§x§F§8§6§8§2§Eo§x§F§6§4§5§1§Fn§x§F§5§2§3§0§Fg§x§F§3§0§0§0§0 §x§F§5§2§3§0§FD§x§F§6§4§5§1§Fa§x§F§8§6§8§2§Eg§x§F§9§8§B§3§Dg§x§F§B§A§D§4§De§x§F§C§D§0§5§Cr from storage
[21:52:06] > KB_Keith buy x1 Enchanted book to Takeremu for $2,000.
[21:54:25] > EnderDragon0120 added x1 Shulker box in auction for 99000.
[21:55:08] > EnderDragon0120 remove x1 Shulker box from storage
[21:55:14] > EnderDragon0120 added x1 §x§F§F§7§C§0§0§lSteamsparks Axe in auction for 225000.
[21:55:25] > Kaynn added x3 Bolt armor trim smithing template in auction for 500000.
[21:55:28] > bombayto remove x1 §fBumble Bee Hat from buy
[21:57:01] > KB_Keith buy x1 Pumpkin to .Knull2429 for $500.
[21:57:13] > Kaynn added x36 Breeze rod in auction for 144000.
[21:58:17] > KB_Keith remove x1 Enchanted book from buy
[22:01:40] > x1 §f§l§x§F§A§0§0§0§AD§x§F§A§1§E§1§6a§x§F§B§3§B§2§1r§x§F§B§5§9§2§Dk§x§F§B§7§7§3§9f§x§F§B§9§5§4§5l§x§F§C§B§2§5§0a§x§F§C§D§0§5§Cm§x§F§C§B§2§5§0e§x§F§B§9§5§4§5 §x§F§B§7§7§3§9S§x§F§B§5§9§2§Dp§x§F§B§3§B§2§1e§x§F§A§1§E§1§6a§x§F§A§0§0§0§Ar on sale by nachfaust has just expired, it goes in the inventory of expired items.
[22:03:32] > Zaanii_ buy x3 Bolt armor trim smithing template to Kaynn for $500,000.
[22:03:42] > x1 §x§E§5§1§B§1§B§lDracula Hoe on sale by nachfaust has just expired, it goes in the inventory of expired items.
[22:03:54] > Zaanii_ remove x3 Bolt armor trim smithing template from buy
[22:12:56] > Mugiwara22 added x1 §f§l§8B§x§6§0§6§0§6§0a§x§6§C§6§C§6§Ch§x§7§7§7§7§7§7a§x§8§2§8§2§8§2m§x§8§E§8§E§8§Eu§x§9§9§9§9§9§9t§x§A§4§A§4§A§4 G§x§9§9§9§9§9§9a§x§8§E§8§E§8§Eu§x§8§2§8§2§8§2n§x§7§7§7§7§7§7t§x§6§C§6§C§6§Cl§x§6§0§6§0§6§0e§8t in auction for 450000.
[22:13:17] > Julene added x1 §x§E§5§1§B§1§B§lDracula Halberd in auction for 135000.
[22:13:21] > bombayto added x1 §x§F§F§5§5§0§0§lsᴇʟʟᴡᴀɴᴅ §6- 10.0x in auction for 1500000.
[22:13:42] > Julene added x1 §x§E§5§1§B§1§B§lDracula Sword in auction for 175900.
[22:14:10] > Kaynn added x1 §f§l§x§F§C§D§0§5§CW§x§F§A§A§2§4§8u§x§F§8§7§4§3§3k§x§F§6§4§5§1§Fo§x§F§4§1§7§0§Ang§x§F§6§4§5§1§F §x§F§8§7§4§3§3H§x§F§A§A§2§4§8o§x§F§C§D§0§5§Ce in auction for 200000.
[22:14:25] > Kaynn added x1 §x§E§5§1§B§1§B§lDracula Staff in auction for 100000.
[22:25:24] > Jhanrex buy x1 Good Shit to Seirione for $20,000,000.
[22:25:30] > Jhanrex remove x1 Good Shit from buy
[22:29:29] > namerikangel added x1 §x§F§F§5§5§0§0§lsᴇʟʟᴡᴀɴᴅ §6- 5.0x in auction for 550000.
[22:30:03] > magolek_09 remove x1 Shulker box from storage
[22:30:32] > auvicious added x1 §x§F§F§5§5§0§0§lsᴇʟʟᴡᴀɴᴅ §6- 5.0x in auction for 634000.
[22:30:35] > magolek_09 added x1 §x§F§F§5§5§0§0§lsᴇʟʟᴡᴀɴᴅ §6- 5.0x in auction for 500000.
[22:32:00] > Trapers1 added x1 §fRabbit Plushie (Black & White) §6(#71/101) in auction for 20000.
[22:32:18] > Ryzxc added x1 §f§bWither Plushie §6(#95/101) in auction for 15000.
[22:32:27] > Dentatsu buy x1 §f§bWither Plushie §6(#95/101) to Ryzxc for $15,000.
[22:32:30] > Ryzxc added x1 §fZombie Villager Plushie §6(#100/101) in auction for 150000.
[22:32:36] > bombayto buy x1 §fRabbit Plushie (Black & White) §6(#71/101) to Trapers1 for $20,000.
[22:32:43] > Dentatsu remove x1 §f§bWither Plushie §6(#95/101) from buy
[22:33:41] > auvicious remove x1 Enchanted book from storage
[22:33:48] > auvicious added x1 §f§l§8B§x§6§6§6§6§6§6a§x§7§7§7§7§7§7h§x§8§8§8§8§8§8a§x§9§9§9§9§9§9m§7u§x§9§9§9§9§9§9t§x§8§8§8§8§8§8 §x§7§7§7§7§7§7H§x§6§6§6§6§6§6o§8e in auction for 600000.
[22:33:50] > Chakuu added x1 §fWitch Hat in auction for 200.
[22:34:16] > ace buy x1 §fWitch Hat to Chakuu for $200.
[22:34:21] > topaz added x1 §x§F§F§3§E§0§0§lSellwand Voucher in auction for 1500000.
[22:34:37] > Fogstrap added x1 §x§F§F§5§5§0§0§lsᴇʟʟᴡᴀɴᴅ §6- 10.0x in auction for 700000.
[22:34:41] > Cooldoggiexd buy x1 §x§F§F§5§5§0§0§lsᴇʟʟᴡᴀɴᴅ §6- 10.0x to Fogstrap for $700,000.
[22:34:47] > Cooldoggiexd remove x1 §x§F§F§5§5§0§0§lsᴇʟʟᴡᴀɴᴅ §6- 10.0x from buy
[22:35:08] > Kodakoda added x1 §x§F§F§5§5§0§0§lsᴇʟʟᴡᴀɴᴅ §6- 5.0x in auction for 500000.
[22:35:10] > Fogstrap added x1 §x§F§F§5§5§0§0§lsᴇʟʟᴡᴀɴᴅ §6- 5.0x in auction for 400000.
[22:39:03] > ace remove x1 §fMysterious Hat from buy
[22:39:04] > ace remove x1 §fWitch Hat from buy
[22:39:24] > Fogstrap remove x1 §x§F§F§5§5§0§0§lsᴇʟʟᴡᴀɴᴅ §6- 5.0x from storage
[22:39:35] > Fogstrap added x1 §x§F§F§5§5§0§0§lsᴇʟʟᴡᴀɴᴅ §6- 5.0x in auction for 380000.
[22:39:39] > Cooldoggiexd buy x1 §x§F§F§5§5§0§0§lsᴇʟʟᴡᴀɴᴅ §6- 5.0x to Fogstrap for $380,000.
[22:39:46] > Keenorana buy x1 §x§F§F§5§5§0§0§lsᴇʟʟᴡᴀɴᴅ §6- 5.0x to Kodakoda for $500,000.
[22:39:48] > Cooldoggiexd remove x1 §x§F§F§5§5§0§0§lsᴇʟʟᴡᴀɴᴅ §6- 5.0x from buy
[22:39:58] > x1 §f§l§8B§x§6§3§6§3§6§3a§x§7§1§7§1§7§1h§x§8§0§8§0§8§0a§x§8§E§8§E§8§Em§x§9§C§9§C§9§Cu§7t§x§9§C§9§C§9§C §x§8§E§8§E§8§ES§x§8§0§8§0§8§0t§x§7§1§7§1§7§1a§x§6§3§6§3§6§3f§8f, item of mincerap, has just expired, the item is definitively deleted.
[22:39:58] > x1 §x§F§F§3§E§0§0§lD§x§F§F§3§6§0§0§le§x§F§F§2§F§0§0§lm§x§F§F§2§7§0§0§lo§x§F§F§1§F§0§0§ln §x§F§F§1§0§0§0§lL§x§F§F§0§8§0§0§lo§x§F§F§0§0§0§0§lr§x§F§F§0§8§0§0§ld §x§F§F§1§7§0§0§lS§x§F§F§1§F§0§0§lh§x§F§F§2§7§0§0§li§x§F§F§2§F§0§0§le§x§F§F§3§6§0§0§ll§x§F§F§3§E§0§0§ld, item of aninin, has just expired, the item is definitively deleted.
[22:40:07] > ace added x1 §fWitch Hat in auction for 40000.
[22:41:52] > auvicious remove x1 §x§F§F§7§C§0§0§lSteamsparks Boots from storage
[22:42:27] > auvicious added x1 Cosmetics in auction for 1200000.
[22:43:39] > x1 §f§l§8B§x§6§6§6§6§6§6a§x§7§7§7§7§7§7h§x§8§8§8§8§8§8a§x§9§9§9§9§9§9m§7u§x§9§9§9§9§9§9t§x§8§8§8§8§8§8 §x§7§7§7§7§7§7H§x§6§6§6§6§6§6a§8t on sale by baba has just expired, it goes in the inventory of expired items.
[22:49:10] > Trapers1 added x1 Heavy core in auction for 500000.
[23:09:56] > cart224 buy x1 §f§l§x§F§C§D§0§5§CW§x§F§A§A§2§4§8u§x§F§8§7§4§3§3k§x§F§6§4§5§1§Fo§x§F§4§1§7§0§Ang§x§F§6§4§5§1§F §x§F§8§7§4§3§3K§x§F§A§A§2§4§8e§x§F§C§D§0§5§Cy to EnderDragon0120 for $800,000.
[23:09:59] > cart224 buy x1 Dried ghast to Dentatsu for $120,000.
[23:10:05] > cart224 remove x1 §f§l§x§F§C§D§0§5§CW§x§F§A§A§2§4§8u§x§F§8§7§4§3§3k§x§F§6§4§5§1§Fo§x§F§4§1§7§0§Ang§x§F§6§4§5§1§F §x§F§8§7§4§3§3K§x§F§A§A§2§4§8e§x§F§C§D§0§5§Cy from buy
[23:10:06] > cart224 remove x1 Dried ghast from buy
[23:15:41] > .Allxnzv added x1 §x§E§5§1§B§1§B§lDracula Wings in auction for 2000000.
[23:15:49] > Ryzxc remove x1 §fZombie Villager Plushie §6(#100/101) from storage
[23:15:55] > Ryzxc remove x1 Shulker box from storage
[23:16:04] > HPMR_GaMerz buy x36 Breeze rod to Kaynn for $144,000.
[23:16:12] > HPMR_GaMerz buy x1 Pale Oak to anneyong for $120,000.
[23:16:55] > HPMR_GaMerz remove x64 Iron block from buy
[23:16:55] > HPMR_GaMerz remove x64 Iron block from buy
[23:16:55] > HPMR_GaMerz remove x64 Coal block from buy
[23:16:56] > HPMR_GaMerz remove x64 Coal block from buy
[23:16:56] > HPMR_GaMerz remove x36 Breeze rod from buy
[23:16:56] > HPMR_GaMerz remove x1 Pale Oak from buy
[23:17:10] > azuyeca added x1 §f§l§8B§x§6§0§6§0§6§0a§x§6§C§6§C§6§Ch§x§7§7§7§7§7§7a§x§8§2§8§2§8§2m§x§8§E§8§E§8§Eu§x§9§9§9§9§9§9t§x§A§4§A§4§A§4 G§x§9§9§9§9§9§9a§x§8§E§8§E§8§Eu§x§8§2§8§2§8§2n§x§7§7§7§7§7§7t§x§6§C§6§C§6§Cl§x§6§0§6§0§6§0e§8t in auction for 300000.
[23:18:16] > Ryzxc added x1 §fZombie Villager Plushie §6(#100/101) in auction for 100000.
[23:19:25] > Kaynn added x44 Breeze rod in auction for 200000.
[23:20:16] > Kaynn added x13 Breeze rod in auction for 20000.
[23:22:35] > Ryzxc remove x1 §fZombie Villager Plushie §6(#100/101) from storage
[23:24:45] > nachfaust added x1 Elytra in auction for 3200000.
[23:34:29] > x64 Oak log on sale by .Marcusflep4 has just expired, it goes in the inventory of expired items.
[23:34:29] > x64 Oak log on sale by .Marcusflep4 has just expired, it goes in the inventory of expired items.
[23:36:44] > Ryzxc added x1 §fZombie Villager Plushie §6(#100/101) in auction for 20000.
[23:37:09] > koshie remove x1 Enchanted book from buy
[23:37:09] > koshie remove x1 §x§F§F§5§5§0§0§lsᴇʟʟᴡᴀɴᴅ §6- 20.0x from buy
[23:37:13] > koshie remove x1 §x§F§F§5§5§0§0§lsᴇʟʟᴡᴀɴᴅ §6- 20.0x from buy
[23:39:09] > x1 Cooked beef on sale by sweetcorn135 has just expired, it goes in the inventory of expired items.
[23:39:50] > nachfaust added x1 §x§F§F§3§E§0§0§lD§x§F§F§3§6§0§0§le§x§F§F§2§F§0§0§lm§x§F§F§2§7§0§0§lo§x§F§F§1§F§0§0§ln §x§F§F§1§0§0§0§lL§x§F§F§0§8§0§0§lo§x§F§F§0§0§0§0§lr§x§F§F§0§9§0§0§ld §x§F§F§1§B§0§0§lB§x§F§F§2§3§0§0§lo§x§F§F§2§C§0§0§lo§x§F§F§3§5§0§0§lt§x§F§F§3§E§0§0§ls in auction for 1000000.
[23:40:03] > nachfaust added x1 §x§F§F§7§C§0§0§lSteamsparks Chestplate in auction for 500000.
[23:50:44] > Takeremu added x1 §f§l§8B§x§6§6§6§6§6§6a§x§7§7§7§7§7§7h§x§8§8§8§8§8§8a§x§9§9§9§9§9§9m§7u§x§9§9§9§9§9§9t§x§8§8§8§8§8§8 §x§7§7§7§7§7§7K§x§6§6§6§6§6§6e§8y in auction for 800000.
[23:58:49] > Takeremu added x1 §x§F§F§7§C§0§0§lSteamsparks Key in auction for 200000.
[23:58:59] > Takeremu added x1 §x§E§5§1§B§1§B§lDracula Key in auction for 100000.
[23:59:07] > cart224 buy x1 §x§E§5§1§B§1§B§lDracula Key to Takeremu for $100,000.
[23:59:10] > Takeremu added x1 §f§l§x§F§C§D§0§5§CW§x§F§A§A§2§4§8u§x§F§8§7§4§3§3k§x§F§6§4§5§1§Fo§x§F§4§1§7§0§Ang§x§F§6§4§5§1§F §x§F§8§7§4§3§3K§x§F§A§A§2§4§8e§x§F§C§D§0§5§Cy in auction for 600000.
[23:59:13] > cart224 remove x1 §x§E§5§1§B§1§B§lDracula Key from buy
[00:00:41] > dazchlo buy x1 Enchanted book to ace for $10,000.
[00:10:01] > Zyphie added x64 Cooked porkchop in auction for 50000.
[00:10:12] > Zyphie added x64 Cooked porkchop in auction for 50000.
[00:10:29] > Zyphie added x64 Cooked porkchop in auction for 50000.
[00:14:19] > Zypher_0w0 buy x1 §x§F§F§5§5§0§0§lsᴇʟʟᴡᴀɴᴅ §6- 5.0x to magolek_09 for $500,000.
[00:16:32] > BG1017 buy x64 Redstone block to .VisedSauce5790 for $100,000.
[00:19:41] > .JakeTheMiner457 added x1 Ominous bottle in auction for 100000.
[00:20:55] > .JakeTheMiner457 added x1 Ominous bottle in auction for 100000.
[00:23:27] > Antonie657 added x1 §f§l§x§F§C§D§0§5§CW§x§F§B§A§D§4§Du§x§F§9§8§B§3§Dk§x§F§8§6§8§2§Eo§x§F§6§4§5§1§Fn§x§F§5§2§3§0§Fg§x§F§3§0§0§0§0 §x§F§5§2§3§0§FS§x§F§6§4§5§1§Fh§x§F§8§6§8§2§Eo§x§F§9§8§B§3§Dv§x§F§B§A§D§4§De§x§F§C§D§0§5§Cl in auction for 750000.
[00:24:33] > tic_sz added x1 Pink harness in auction for 20000.
[00:24:57] > Antonie657 added x1 §f§l§x§8§A§0§0§F§FS§x§9§7§0§0§D§Fh§x§A§4§0§0§B§Fi§x§B§1§0§0§9§Fn§x§B§F§0§0§8§0e§x§C§C§0§0§6§0 §x§D§9§0§0§4§0O§x§E§6§0§0§2§0n§x§F§3§0§0§0§0i§x§E§6§0§0§2§0 §x§D§9§0§0§4§0P§x§C§C§0§0§6§0i§x§B§F§0§0§8§0c§x§B§1§0§0§9§Fk§x§A§4§0§0§B§Fa§x§9§7§0§0§D§Fx§x§8§A§0§0§F§Fe in auction for 8000000.
[00:26:02] > Zypher_0w0 added x64 Experience bottle in auction for 640.
[00:26:07] > Antonie657 buy x64 Experience bottle to Zypher_0w0 for $640.
[00:26:17] > Zypher_0w0 added x64 Experience bottle in auction for 640.
[00:26:24] > Antonie657 buy x64 Experience bottle to Zypher_0w0 for $640.
[00:26:28] > ThatMidnight added x64 Cooked beef in auction for 50000.
[00:26:29] > Zypher_0w0 added x64 Experience bottle in auction for 640.
[00:26:33] > Antonie657 buy x64 Experience bottle to Zypher_0w0 for $640.
[00:26:41] > Zypher_0w0 added x64 Experience bottle in auction for 640.
[00:26:45] > Antonie657 buy x64 Experience bottle to Zypher_0w0 for $640.
[00:26:52] > ThatMidnight remove x64 Cooked beef from storage
[00:27:15] > ThatMidnight added x64 Cooked beef in auction for 500.
[00:27:20] > nagiiish buy x64 Cooked beef to ThatMidnight for $500.
[00:27:41] > Kodakoda added x1 §f§l§8B§x§6§2§6§2§6§2a§x§6§F§6§F§6§Fh§x§7§C§7§C§7§Ca§x§8§9§8§9§8§9m§x§9§6§9§6§9§6u§x§A§3§A§3§A§3t §x§9§6§9§6§9§6H§x§8§9§8§9§8§9a§x§7§C§7§C§7§Cm§x§6§F§6§F§6§Fm§x§6§2§6§2§6§2e§8r in auction for 750000.
[00:27:42] > Antonie657 remove x64 Experience bottle from buy
[00:27:43] > Antonie657 remove x64 Experience bottle from buy
[00:27:43] > Antonie657 remove x64 Experience bottle from buy
[00:27:43] > Antonie657 remove x64 Experience bottle from buy
[00:28:20] > Antonie657 remove x1 §f§l§x§8§A§0§0§F§FS§x§9§7§0§0§D§Fh§x§A§4§0§0§B§Fi§x§B§1§0§0§9§Fn§x§B§F§0§0§8§0e§x§C§C§0§0§6§0 §x§D§9§0§0§4§0O§x§E§6§0§0§2§0n§x§F§3§0§0§0§0i§x§E§6§0§0§2§0 §x§D§9§0§0§4§0P§x§C§C§0§0§6§0i§x§B§F§0§0§8§0c§x§B§1§0§0§9§Fk§x§A§4§0§0§B§Fa§x§9§7§0§0§D§Fx§x§8§A§0§0§F§Fe from storage
[00:28:29] > x1 §f§l§8B§x§6§4§6§4§6§4a§x§7§4§7§4§7§4h§x§8§3§8§3§8§3a§x§9§3§9§3§9§3m§x§A§2§A§2§A§2ut§x§9§3§9§3§9§3 §x§8§3§8§3§8§3M§x§7§4§7§4§7§4a§x§6§4§6§4§6§4c§8e, item of jeff, has just expired, the item is definitively deleted.
[00:28:29] > x1 §x§E§5§1§B§1§B§lDracula Leggings, item of .AyakoKoru, has just expired, the item is definitively deleted.
[00:28:29] > x1 §x§F§F§7§C§0§0§lSteamsparks Staff, item of .AyakoKoru, has just expired, the item is definitively deleted.
[00:28:29] > x1 §f§l§8B§x§6§6§6§6§6§6a§x§7§7§7§7§7§7h§x§8§8§8§8§8§8a§x§9§9§9§9§9§9m§7u§x§9§9§9§9§9§9t§x§8§8§8§8§8§8 §x§7§7§7§7§7§7B§x§6§6§6§6§6§6o§8w, item of .AyakoKoru, has just expired, the item is definitively deleted.
[00:28:29] > x1 §f§l§8B§x§6§6§6§6§6§6a§x§7§7§7§7§7§7h§x§8§8§8§8§8§8a§x§9§9§9§9§9§9m§7u§x§9§9§9§9§9§9t§x§8§8§8§8§8§8 §x§7§7§7§7§7§7H§x§6§6§6§6§6§6o§8e, item of sigman, has just expired, the item is definitively deleted.
[00:28:31] > Antonie657 remove x1 §f§l§x§8§A§0§0§F§FS§x§9§7§0§0§D§Fh§x§A§4§0§0§B§Fi§x§B§1§0§0§9§Fn§x§B§F§0§0§8§0e§x§C§C§0§0§6§0 §x§D§9§0§0§4§0O§x§E§6§0§0§2§0n§x§F§3§0§0§0§0i§x§E§6§0§0§2§0 §x§D§9§0§0§4§0P§x§C§C§0§0§6§0i§x§B§F§0§0§8§0c§x§B§1§0§0§9§Fk§x§A§4§0§0§B§Fa§x§9§7§0§0§D§Fx§x§8§A§0§0§F§Fe from expire
[00:28:31] > nagiiish remove x6 Cooked beef from buy
[00:29:10] > nachfaust remove x1 Elytra from storage
[00:29:15] > Zypher_0w0 added x64 Experience bottle in auction for 640.
[00:29:19] > nagiiish buy x64 Experience bottle to Zypher_0w0 for $640.
[00:29:30] > Zypher_0w0 added x64 Experience bottle in auction for 640.
[00:29:33] > nachfaust added x1 Elytra in auction for 3000000.
[00:29:34] > Kyle buy x64 Experience bottle to Zypher_0w0 for $640.
[00:29:41] > .JakeTheMiner457 buy x1 Elytra to nachfaust for $3,000,000.
[00:29:43] > Zypher_0w0 added x64 Experience bottle in auction for 640.
[00:29:47] > tic_sz buy x64 Experience bottle to Zypher_0w0 for $640.
[00:30:53] > .JakeTheMiner457 remove x1 Elytra from buy
[00:30:55] > Kyle remove x64 Experience bottle from buy
[00:35:06] > tic_sz added x1 §f§l§8B§x§6§2§6§2§6§2a§x§6§F§6§F§6§Fh§x§7§C§7§C§7§Ca§x§8§9§8§9§8§9m§x§9§6§9§6§9§6u§x§A§3§A§3§A§3t §x§9§6§9§6§9§6S§x§8§9§8§9§8§9h§x§7§C§7§C§7§Ci§x§6§F§6§F§6§Fe§x§6§2§6§2§6§2l§8d in auction for 500000.
[00:35:34] > nagiiish remove x64 Experience bottle from buy
[00:36:23] > Kodakoda remove x1 Mace from storage
[00:36:35] > Kodakoda added x1 Mace in auction for 400000.
[00:44:15] > cart224 remove x1 §x§F§F§3§E§0§0§lDemon Lord Wings form storage
[00:48:30] > .JakeTheMiner457 added x2 Netherite ingot in auction for 120000.
[00:48:35] > nagiiish buy x2 Netherite ingot to .JakeTheMiner457 for $120,000.
[00:50:22] > nagiiish remove x2 Netherite ingot from buy
[00:54:03] > Zypher_0w0 remove x1 §x§F§F§3§E§0§0§lDemon Lord Wings from expire
[00:54:10] > Zypher_0w0 added x1 §x§F§F§3§E§0§0§lDemon Lord Wings in auction for 4500000.
[00:58:54] > Zypher_0w0 added x64 Simple XP source in auction for 150.
[00:58:55] > Ryzxc added x1 Shulker box in auction for 75000.
[00:59:08] > Zypher_0w0 added x64 Simple XP source in auction for 150.
[00:59:21] > Zypher_0w0 added x64 Simple XP source in auction for 150.
[00:59:21] > Ryzxc buy x64 Simple XP source to Zypher_0w0 for $150.
[00:59:34] > Ryzxc buy x64 Simple XP source to Zypher_0w0 for $150.
[01:00:36] > Ryzxc remove x64 Simple XP source from buy
[01:04:44] > Zypher_0w0 remove x1 §x§F§F§5§5§0§0§lsᴇʟʟᴡᴀɴᴅ §6- 5.0x from buy
[01:19:20] > Zypher_0w0 remove x64 Observer from expire
[01:19:20] > Zypher_0w0 remove x64 Piston from expire
[01:19:21] > Zypher_0w0 remove x64 Hopper from expire
[01:27:57] > ReKYee buy x64 Simple XP source to Zypher_0w0 for $150.
[01:28:01] > x64 Golden apple, bought by Keeos, has just expired, the item is definitively deleted.
[01:28:01] > x64 Experience bottle, bought by SydneySweetie, has just expired, the item is definitively deleted.
[01:28:02] > ReKYee remove x64 Simple XP source from buy
[01:42:56] > Panda_Nooba added x5 §x§F§C§9§0§5§C§lE§x§E§6§9§C§6§B§lp§x§C§F§A§7§7§A§li§x§B§9§B§3§8§9§lc §x§8§C§C§B§A§7§lC§x§7§5§D§6§B§6§lr§x§5§F§E§2§C§5§la§x§7§9§D§4§B§4§lt§x§9§3§C§7§A§2§le §x§C§8§A§B§7§F§lK§x§E§2§9§E§6§E§le§x§F§C§9§0§5§C§ly in auction for 50000.
[01:42:56] > x1 Water bucket on sale by sweetcorn135 has just expired, it goes in the inventory of expired items.
[01:43:08] > NoClarity buy x5 §x§F§C§9§0§5§C§lE§x§E§6§9§C§6§B§lp§x§C§F§A§7§7§A§li§x§B§9§B§3§8§9§lc §x§8§C§C§B§A§7§lC§x§7§5§D§6§B§6§lr§x§5§F§E§2§C§5§la§x§7§9§D§4§B§4§lt§x§9§3§C§7§A§2§le §x§C§8§A§B§7§F§lK§x§E§2§9§E§6§E§le§x§F§C§9§0§5§C§ly to Panda_Nooba for $50,000.
[01:43:25] > NoClarity remove x5 §x§F§C§9§0§5§C§lE§x§E§6§9§C§6§B§lp§x§C§F§A§7§7§A§li§x§B§9§B§3§8§9§lc §x§8§C§C§B§A§7§lC§x§7§5§D§6§B§6§lr§x§5§F§E§2§C§5§la§x§7§9§D§4§B§4§lt§x§9§3§C§7§A§2§le §x§C§8§A§B§7§F§lK§x§E§2§9§E§6§E§le§x§F§C§9§0§5§C§ly from buy
[01:44:19] > NoClarity added x1 §x§F§F§7§C§0§0§lSteamsparks Shield in auction for 85000.
[01:50:16] > NoClarity added x2 §c§lPlatinum Lure in auction for 18000.
[01:50:20] > tic_sz buy x2 §c§lPlatinum Lure to NoClarity for $18,000.
[01:51:59] > Panda_Nooba buy x1 Enchanted golden apple to ace for $20,000.
[01:53:27] > .JakeTheMiner457 added x3 Sentry armor trim smithing template in auction for 250000.
[01:53:56] > .JakeTheMiner457 added x1 Coast armor trim smithing template in auction for 50000.
[02:04:19] > .JoshuaCraft9422 remove x1 Shulker box from buy
[02:04:21] > .JoshuaCraft9422 remove x1 Shulker box from buy
[02:07:26] > Panda_Nooba added x1 §x§F§F§5§5§0§0§lsᴇʟʟᴡᴀɴᴅ §6- 5.0x in auction for 500000.
[02:07:42] > ironjedi475 added x2 §x§F§F§3§E§0§0§lSellwand Voucher in auction for 800000.
[02:08:37] > Panda_Nooba remove x1 §x§F§F§5§5§0§0§lsᴇʟʟᴡᴀɴᴅ §6- 5.0x from storage
[02:08:47] > Panda_Nooba added x1 §x§F§F§5§5§0§0§lsᴇʟʟᴡᴀɴᴅ §6- 5.0x in auction for 400000.
[02:11:06] > tic_sz added x1 20x Sell Wand in auction for 100000.
[02:13:28] > Fogstrap added x1 §x§F§F§5§5§0§0§lsᴇʟʟᴡᴀɴᴅ §6- 5.0x in auction for 400000.
[02:17:42] > Panda_Nooba added x1 §fCamel Plushie §6(#12/101) in auction for 1000.
[02:17:47] > tic_sz buy x1 §fCamel Plushie §6(#12/101) to Panda_Nooba for $1,000.
[02:17:53] > Panda_Nooba added x1 §fHorse Plushie (White) §6(#49/101) in auction for 1000.
[02:18:05] > Panda_Nooba added x1 §fFrog Plushie (Temperate) §6(#38/101) in auction for 1000.
[02:18:16] > Ryzxc buy x1 §fFrog Plushie (Temperate) §6(#38/101) to Panda_Nooba for $1,000.
[02:18:20] > Ryzxc buy x1 §fHorse Plushie (White) §6(#49/101) to Panda_Nooba for $1,000.
[02:20:16] > Ryzxc added x1 Enchanted book in auction for 10000.
[02:22:00] > Panda_Nooba buy x1 §x§F§F§7§C§0§0§lSteamsparks Blade to magolek_09 for $200,000.
[02:22:06] > Panda_Nooba buy x1 §x§F§F§7§C§0§0§lSteamsparks Shield to NoClarity for $85,000.
[02:22:12] > Panda_Nooba buy x1 §x§F§F§7§C§0§0§lSteamsparks Key to Takeremu for $200,000.
[02:22:22] > Panda_Nooba remove x1 Enchanted golden apple from buy
[02:22:22] > Panda_Nooba remove x1 §x§F§F§7§C§0§0§lSteamsparks Blade from buy
[02:22:23] > Panda_Nooba remove x1 §x§F§F§7§C§0§0§lSteamsparks Shield from buy
[02:22:23] > Panda_Nooba remove x1 §x§F§F§7§C§0§0§lSteamsparks Key from buy
[02:23:04] > x2 Ominous trial key on sale by Xavier881 has just expired, it goes in the inventory of expired items.
[02:23:24] > Panda_Nooba added x1 §x§F§F§7§C§0§0§lSteamsparks Leggings in auction for 150000.
[02:24:20] > Panda_Nooba added x1 §x§E§5§1§B§1§B§lDracula Sickle in auction for 180000.
[02:28:15] > Zypher_0w0 buy x1 §x§F§F§5§5§0§0§lsᴇʟʟᴡᴀɴᴅ §6- 5.0x to Fogstrap for $400,000.
[02:28:21] > Zypher_0w0 buy x1 §x§F§F§5§5§0§0§lsᴇʟʟᴡᴀɴᴅ §6- 5.0x to Panda_Nooba for $400,000.
[02:28:46] > Zypher_0w0 buy x2 §x§F§F§3§E§0§0§lSellwand Voucher to ironjedi475 for $800,000.
[02:28:50] > Zypher_0w0 remove x2 §x§F§F§3§E§0§0§lSellwand Voucher from buy
[02:28:50] > Zypher_0w0 remove x1 §x§F§F§5§5§0§0§lsᴇʟʟᴡᴀɴᴅ §6- 5.0x from buy
[02:28:51] > Zypher_0w0 remove x1 §x§F§F§5§5§0§0§lsᴇʟʟᴡᴀɴᴅ §6- 5.0x from buy
[02:38:03] > .AyakoKoru added x1 Totem of undying in auction for 25000.
[02:38:13] > .AyakoKoru added x1 Totem of undying in auction for 25000.
[02:43:38] > tic_sz added x1 Ominous bottle in auction for 50000.
[02:43:46] > Ch4r_380 buy x1 Ominous bottle to tic_sz for $50,000.
[02:43:52] > Ch4r_380 remove x1 Ominous bottle from buy
[02:50:39] > Panda_Nooba added x8 §x§F§C§D§0§5§C§lB§x§E§6§D§3§6§B§la§x§C§F§D§5§7§A§ls§x§B§9§D§8§8§9§li§x§A§2§D§A§9§8§lc §x§7§5§D§F§B§6§lC§x§5§F§E§2§C§5§lr§x§7§5§D§F§B§6§la§x§8§C§D§D§A§7§lt§x§A§2§D§A§9§8§le §x§C§F§D§5§7§A§lK§x§E§6§D§3§6§B§le§x§F§C§D§0§5§C§ly in auction for 10000.
[02:50:47] > Xavier881 buy x8 §x§F§C§D§0§5§C§lB§x§E§6§D§3§6§B§la§x§C§F§D§5§7§A§ls§x§B§9§D§8§8§9§li§x§A§2§D§A§9§8§lc §x§7§5§D§F§B§6§lC§x§5§F§E§2§C§5§lr§x§7§5§D§F§B§6§la§x§8§C§D§D§A§7§lt§x§A§2§D§A§9§8§le §x§C§F§D§5§7§A§lK§x§E§6§D§3§6§B§le§x§F§C§D§0§5§C§ly to Panda_Nooba for $10,000.
[02:50:53] > Xavier881 remove x1 §x§F§F§5§5§0§0§lsᴇʟʟᴡᴀɴᴅ §6- 5.0x from buy
[02:50:53] > Xavier881 remove x1 Deepslate emerald ore from buy
[02:50:54] > Xavier881 remove x8 §x§F§C§D§0§5§C§lB§x§E§6§D§3§6§B§la§x§C§F§D§5§7§A§ls§x§B§9§D§8§8§9§li§x§A§2§D§A§9§8§lc §x§7§5§D§F§B§6§lC§x§5§F§E§2§C§5§lr§x§7§5§D§F§B§6§la§x§8§C§D§D§A§7§lt§x§A§2§D§A§9§8§le §x§C§F§D§5§7§A§lK§x§E§6§D§3§6§B§le§x§F§C§D§0§5§C§ly from buy
[02:51:00] > Panda_Nooba remove x1 §x§E§5§1§B§1§B§lDracula Sickle from storage
[02:51:01] > Panda_Nooba remove x1 §x§F§F§7§C§0§0§lSteamsparks Leggings from storage
[02:51:03] > Abbadex buy x1 §x§F§F§5§5§0§0§lsᴇʟʟᴡᴀɴᴅ §6- 5.0x to namerikangel for $550,000.
[02:51:08] > Panda_Nooba added x1 §x§F§F§7§C§0§0§lSteamsparks Leggings in auction for 75000.
[02:51:11] > Abbadex buy x1 §x§F§F§5§5§0§0§lsᴇʟʟᴡᴀɴᴅ §6- 10.0x to bombayto for $1,500,000.
[02:51:21] > Panda_Nooba added x1 §x§E§5§1§B§1§B§lDracula Sickle in auction for 135000.
[02:53:06] > Zypher_0w0 remove x1 Sentry armor trim smithing template from buy
[02:53:06] > Zypher_0w0 remove x1 Mace from buy
[02:54:19] > Panda_Nooba added x1 §x§E§5§1§B§1§B§lDracula Wings in auction for 80000.
[02:54:23] > tic_sz buy x1 §x§E§5§1§B§1§B§lDracula Wings to Panda_Nooba for $80,000.
[02:55:24] > tic_sz added x1 Ominous bottle in auction for 60000.
[02:55:29] > Ch4r_380 buy x1 Ominous bottle to tic_sz for $60,000.
[02:55:36] > Ch4r_380 remove x1 Ominous bottle from buy
[03:05:48] > tic_sz added x32 Iron block in auction for 10.
[03:05:58] > Zypher_0w0 buy x32 Iron block to tic_sz for $10.
[03:15:24] > Panda_Nooba added x1 §fAxolotl Plushie (Brown) §6(5/101) in auction for 5000.
[03:15:35] > Panda_Nooba added x1 §fPiglin Brute Plushie §6(#65/101) in auction for 5000.
[03:15:42] > tic_sz buy x1 §fPiglin Brute Plushie §6(#65/101) to Panda_Nooba for $5,000.
[03:15:45] > tic_sz buy x1 §fAxolotl Plushie (Brown) §6(5/101) to Panda_Nooba for $5,000.
[03:26:57] > Zypher_0w0 added x1 /pwarp go TotemTrade (3.5k per Totem is back!) in auction for 1000000000000000.
[03:32:10] > Abbadex added x1 §x§7§A§A§1§F§6★ K§x§7§8§A§6§F§3n§x§7§6§A§A§E§Fo§x§7§4§A§F§E§Cc§x§7§2§B§4§E§8k§x§7§0§B§8§E§5b§x§6§E§B§D§E§1a§x§6§D§C§2§D§Ec§x§6§B§C§6§D§Ak §x§6§7§C§F§D§3S§x§6§5§D§4§D§0t§x§6§3§D§9§C§Ci§x§6§1§D§D§C§9c§x§5§F§E§2§C§5k in auction for 30000000.
[03:43:16] > Icon_Skully added x1 §f§l§x§8§A§0§0§F§FS§x§9§6§0§0§E§1h§x§A§3§0§0§C§3i§x§A§F§0§0§A§5n§x§B§B§0§0§8§7e§x§C§8§0§0§6§9 §x§D§4§0§0§4§BO§x§E§0§0§0§2§Dn§x§E§D§0§0§0§Fi §x§E§0§0§0§2§DL§x§D§4§0§0§4§Be§x§C§8§0§0§6§9g§x§B§B§0§0§8§7g§x§A§F§0§0§A§5i§x§A§3§0§0§C§3n§x§9§6§0§0§E§1g§x§8§A§0§0§F§Fs in auction for 2000000.
[03:43:24] > tic_sz buy x1 §f§l§x§8§A§0§0§F§FS§x§9§6§0§0§E§1h§x§A§3§0§0§C§3i§x§A§F§0§0§A§5n§x§B§B§0§0§8§7e§x§C§8§0§0§6§9 §x§D§4§0§0§4§BO§x§E§0§0§0§2§Dn§x§E§D§0§0§0§Fi §x§E§0§0§0§2§DL§x§D§4§0§0§4§Be§x§C§8§0§0§6§9g§x§B§B§0§0§8§7g§x§A§F§0§0§A§5i§x§A§3§0§0§C§3n§x§9§6§0§0§E§1g§x§8§A§0§0§F§Fs to Icon_Skully for $2,000,000.
[03:44:38] > Zypher_0w0 added x1 Elytra in auction for 2900000.
[03:44:41] > belvi__ buy x1 Elytra to Zypher_0w0 for $2,900,000.
[03:45:06] > belvi__ remove x1 Elytra from buy
[03:49:22] > Zypher_0w0 added x1 Flight 1 in auction for 150000.
[03:50:15] > tic_sz added x1 Enchanted book in auction for 30000.
[03:53:56] > tic_sz remove x64 Experience bottle from buy
[03:53:57] > tic_sz remove x2 §c§lPlatinum Lure from buy
[03:53:59] > tic_sz remove x1 §f§l§x§8§A§0§0§F§FS§x§9§6§0§0§E§1h§x§A§3§0§0§C§3i§x§A§F§0§0§A§5n§x§B§B§0§0§8§7e§x§C§8§0§0§6§9 §x§D§4§0§0§4§BO§x§E§0§0§0§2§Dn§x§E§D§0§0§0§Fi §x§E§0§0§0§2§DL§x§D§4§0§0§4§Be§x§C§8§0§0§6§9g§x§B§B§0§0§8§7g§x§A§F§0§0§A§5i§x§A§3§0§0§C§3n§x§9§6§0§0§E§1g§x§8§A§0§0§F§Fs from buy
[03:53:59] > tic_sz remove x1 §fAxolotl Plushie (Brown) §6(5/101) from buy
[03:54:00] > tic_sz remove x1 §fPiglin Brute Plushie §6(#65/101) from buy
[03:54:00] > tic_sz remove x1 §x§E§5§1§B§1§B§lDracula Wings from buy
[03:54:00] > tic_sz remove x1 §fCamel Plushie §6(#12/101) from buy
[03:56:34] > belvi__ buy x1 Flight 1 to Zypher_0w0 for $150,000.
[03:56:45] > belvi__ remove x1 Flight 1 from buy
[03:58:19] > nachfaust added x1 §f§l§x§8§A§0§0§F§FS§x§9§6§0§0§E§3h§x§A§1§0§0§C§6i§x§A§D§0§0§A§An§x§B§9§0§0§8§Ee§x§C§4§0§0§7§1 §x§D§0§0§0§5§5O§x§D§C§0§0§3§9n§x§E§7§0§0§1§Ci§x§F§3§0§0§0§0 §x§E§7§0§0§1§CB§x§D§C§0§0§3§9i§x§D§0§0§0§5§5g§x§C§4§0§0§7§1 §x§B§9§0§0§8§ES§x§A§D§0§0§A§Aw§x§A§1§0§0§C§6o§x§9§6§0§0§E§3r§x§8§A§0§0§F§Fd in auction for 1500000.
[04:11:09] > Icon_Skully added x1 §x§F§F§7§C§0§0§lSteamsparks Blade in auction for 250000.
[04:16:39] > Icon_Skully added x1 §fDiscord Nitro Sword in auction for 1500000.
[04:17:00] > Icon_Skully added x1 §fShogun Hammer in auction for 350000.
[04:17:10] > tic_sz buy x1 §fShogun Hammer to Icon_Skully for $350,000.
[04:17:19] > tic_sz remove x1 §fShogun Hammer from buy
[04:20:58] > tic_sz buy x1 Hat Collection to Seirione for $5,000,000.
[04:21:01] > tic_sz remove x1 Hat Collection from buy
[04:21:20] > Icon_Skully added x1 §f§l§x§8§A§0§0§F§FS§x§9§9§0§0§D§Bh§x§A§8§0§0§B§6i§x§B§7§0§0§9§2n§x§C§6§0§0§6§De§x§D§5§0§0§4§9 §x§E§4§0§0§2§4O§x§F§3§0§0§0§0n§x§E§4§0§0§2§4i§x§D§5§0§0§4§9 §x§C§6§0§0§6§DS§x§B§7§0§0§9§2t§x§A§8§0§0§B§6a§x§9§9§0§0§D§Bf§x§8§A§0§0§F§Ff in auction for 1350000.
[04:30:39] > tic_sz added x1 §fCharizard Wings in auction for 15000000.
[04:33:29] > tic_sz remove x1 §fCharizard Wings from storage
[04:33:58] > tic_sz added x1 §fCharizard Wings in auction for 7000000.
[06:46:37] > x1 §x§E§5§1§B§1§B§lDracula Battleaxe on sale by _BAAM has just expired, it goes in the inventory of expired items.
[06:46:44] > anneyong remove x1 Spruce Log from storage
[06:46:57] > anneyong added x1 Spruce Log in auction for 99999.
[07:52:59] > x1 §f§l§x§8§A§0§0§F§FS§x§9§9§0§0§D§Bh§x§A§8§0§0§B§6i§x§B§7§0§0§9§2n§x§C§6§0§0§6§De§x§D§5§0§0§4§9 §x§E§4§0§0§2§4O§x§F§3§0§0§0§0n§x§E§4§0§0§2§4i§x§D§5§0§0§4§9 §x§C§6§0§0§6§DS§x§B§7§0§0§9§2t§x§A§8§0§0§B§6a§x§9§9§0§0§D§Bf§x§8§A§0§0§F§Ff on sale by anneyong has just expired, it goes in the inventory of expired items.
[08:20:13] > grit_zy added x1 §x§F§F§5§5§0§0§lsᴇʟʟᴡᴀɴᴅ §6- 5.0x in auction for 550000.
[08:20:27] > grit_zy added x1 §x§F§F§5§5§0§0§lsᴇʟʟᴡᴀɴᴅ §6- 5.0x in auction for 550000.
[08:21:12] > grit_zy added x1 §x§F§F§5§5§0§0§lsᴇʟʟᴡᴀɴᴅ §6- 5.0x in auction for 550000.
[08:21:30] > grit_zy added x1 §x§F§F§5§5§0§0§lsᴇʟʟᴡᴀɴᴅ §6- 5.0x in auction for 550000.
[08:21:56] > grit_zy added x1 §x§F§F§5§5§0§0§lsᴇʟʟᴡᴀɴᴅ §6- 5.0x in auction for 550000.
[08:22:07] > grit_zy added x1 §x§F§F§5§5§0§0§lsᴇʟʟᴡᴀɴᴅ §6- 5.0x in auction for 550000.
[08:22:23] > grit_zy added x1 §x§F§F§5§5§0§0§lsᴇʟʟᴡᴀɴᴅ §6- 5.0x in auction for 550000.
[08:24:26] > grit_zy added x1 §x§F§F§5§5§0§0§lsᴇʟʟᴡᴀɴᴅ §6- 5.0x in auction for 550000.
[08:24:39] > grit_zy added x1 §x§F§F§5§5§0§0§lsᴇʟʟᴡᴀɴᴅ §6- 5.0x in auction for 550000.
[08:25:00] > grit_zy added x1 §x§F§F§5§5§0§0§lsᴇʟʟᴡᴀɴᴅ §6- 5.0x in auction for 550000.
[08:34:55] > anneyong buy x1 Ominous bottle to .JakeTheMiner457 for $100,000.
[08:35:03] > anneyong remove x15 Enchanted golden apple form buy
[08:35:03] > anneyong remove x1 Ominous bottle form buy
[08:41:40] > xcapan buy x1 §x§E§5§1§B§1§B§lDracula Sickle to Panda_Nooba for $135,000.
[08:41:47] > xcapan remove x1 §x§E§5§1§B§1§B§lDracula Sickle from buy
[08:44:30] > Dentatsu buy x1 §f§l§8B§x§6§2§6§2§6§2a§x§6§F§6§F§6§Fh§x§7§C§7§C§7§Ca§x§8§9§8§9§8§9m§x§9§6§9§6§9§6u§x§A§3§A§3§A§3t §x§9§6§9§6§9§6H§x§8§9§8§9§8§9e§x§7§C§7§C§7§Cl§x§6§F§6§F§6§Fm§x§6§2§6§2§6§2e§8t to Uratakiz for $500,000.
[08:47:45] > anneyong buy x1 Ominous bottle to .JakeTheMiner457 for $100,000.
[08:47:50] > anneyong remove x1 Ominous bottle from buy
[08:57:47] > Zypher_0w0 remove x32 Iron block from buy
[09:21:29] > Zypher_0w0 added x1 Enchanted book in auction for 3200.
[09:21:42] > Zypher_0w0 added x1 Enchanted book in auction for 3200.
[09:22:00] > Zypher_0w0 added x1 Enchanted book in auction for 3200.
[09:29:21] > anneyong added x64 Experience bottle in auction for 100000.
[09:31:13] > _BAAM buy x64 Experience bottle to anneyong for $100,000.
[09:42:56] > x1 §f§l§x§8§A§0§0§F§FS§x§9§9§0§0§D§Bh§x§A§8§0§0§B§6i§x§B§7§0§0§9§2n§x§C§6§0§0§6§De§x§D§5§0§0§4§9 §x§E§4§0§0§2§4O§x§F§3§0§0§0§0n§x§E§4§0§0§2§4i§x§D§5§0§0§4§9 §x§C§6§0§0§6§DS§x§B§7§0§0§9§2t§x§A§8§0§0§B§6a§x§9§9§0§0§D§Bf§x§8§A§0§0§F§Ff on sale by Keeos has just expired, it goes in the inventory of expired items.
[10:10:48] > .Whatyusaay added x12 Breeze rod in auction for 35000.
[10:10:58] > imnectarfr buy x12 Breeze rod to .Whatyusaay for $35,000.
[10:11:21] > imnectarfr remove x12 Breeze rod from buy
[10:15:59] > anneyong added x1 §f§l§x§8§A§0§0§F§FS§x§9§8§0§0§D§Dh§x§A§6§0§0§B§Bi§x§B§4§0§0§9§9n§x§C§2§0§0§7§7e§x§D§0§0§0§5§5 §x§D§E§0§0§3§3O§x§E§C§0§0§1§1ni§x§D§E§0§0§3§3 §x§D§0§0§0§5§5H§x§C§2§0§0§7§7e§x§B§4§0§0§9§9l§x§A§6§0§0§B§Bm§x§9§8§0§0§D§De§x§8§A§0§0§F§Ft in auction for 5000000.
[10:16:16] > anneyong added x1 §f§l§x§8§A§0§0§F§FS§x§9§6§0§0§E§1h§x§A§3§0§0§C§3i§x§A§F§0§0§A§5n§x§B§B§0§0§8§7e§x§C§8§0§0§6§9 §x§D§4§0§0§4§BO§x§E§0§0§0§2§Dn§x§E§D§0§0§0§Fi §x§E§0§0§0§2§DL§x§D§4§0§0§4§Be§x§C§8§0§0§6§9g§x§B§B§0§0§8§7g§x§A§F§0§0§A§5i§x§A§3§0§0§C§3n§x§9§6§0§0§E§1g§x§8§A§0§0§F§Fs in auction for 5000000.
[10:16:40] > anneyong added x1 §f§l§x§8§A§0§0§F§FS§x§9§8§0§0§D§Dh§x§A§6§0§0§B§Bi§x§B§4§0§0§9§9n§x§C§2§0§0§7§7e§x§D§0§0§0§5§5 §x§D§E§0§0§3§3O§x§E§C§0§0§1§1ni§x§D§E§0§0§3§3 §x§D§0§0§0§5§5S§x§C§2§0§0§7§7h§x§B§4§0§0§9§9i§x§A§6§0§0§B§Be§x§9§8§0§0§D§Dl§x§8§A§0§0§F§Fd in auction for 500000.
[10:21:21] > anneyong added x1 Lagoon Sword in auction for 1500000.
[10:26:11] > .Whatyusaay added x15 Yellow terracotta in auction for 200.
[10:28:49] > anneyong added x1 Mace in auction for 2000000.
[10:32:04] > auvicious remove x1 Cosmetics from storage
[10:35:33] > koshie added x1 §x§F§F§5§5§0§0§lsᴇʟʟᴡᴀɴᴅ §6- 5.0x in auction for 600000.
[10:35:50] > koshie added x1 §x§F§F§5§5§0§0§lsᴇʟʟᴡᴀɴᴅ §6- 5.0x in auction for 550000.
[10:36:01] > x1 §x§F§0§7§A§5§4§lZombie Apocalyptic Big Sword, item of Pewpew, has just expired, the item is definitively deleted.
[10:36:01] > x1 §x§E§5§1§B§1§B§lDracula Chestplate, item of Pewpew, has just expired, the item is definitively deleted.
[10:36:01] > x1 §x§5§C§C§F§F§C§lC§x§5§C§D§1§F§5§lo§x§5§D§D§4§E§E§ls§x§5§D§D§6§E§7§lm§x§5§E§D§9§E§1§le§x§5§E§D§B§D§A§lt§x§5§E§D§D§D§3§li§x§5§F§E§0§C§C§lc §x§5§F§E§0§C§C§lH§x§5§E§D§D§D§3§la§x§5§E§D§B§D§A§lt§x§5§E§D§9§E§1§ls §x§5§D§D§4§E§E§lK§x§5§C§D§1§F§5§le§x§5§C§C§F§F§C§ly, item of Pewpew, has just expired, the item is definitively deleted.
[10:36:03] > anneyong remove x1 §f§l§x§8§A§0§0§F§FS§x§9§9§0§0§D§Bh§x§A§8§0§0§B§6i§x§B§7§0§0§9§2n§x§C§6§0§0§6§De§x§D§5§0§0§4§9 §x§E§4§0§0§2§4O§x§F§3§0§0§0§0n§x§E§4§0§0§2§4i§x§D§5§0§0§4§9 §x§C§6§0§0§6§DS§x§B§7§0§0§9§2t§x§A§8§0§0§B§6a§x§9§9§0§0§D§Bf§x§8§A§0§0§F§Ff from expire
[10:36:38] > anneyong added x1 §f§l§x§8§A§0§0§F§FS§x§9§9§0§0§D§Bh§x§A§8§0§0§B§6i§x§B§7§0§0§9§2n§x§C§6§0§0§6§De§x§D§5§0§0§4§9 §x§E§4§0§0§2§4O§x§F§3§0§0§0§0n§x§E§4§0§0§2§4i§x§D§5§0§0§4§9 §x§C§6§0§0§6§DS§x§B§7§0§0§9§2t§x§A§8§0§0§B§6a§x§9§9§0§0§D§Bf§x§8§A§0§0§F§Ff in auction for 2000000.
[10:36:50] > anneyong buy x15 Yellow terracotta to .Whatyusaay for $200.
[10:42:44] > Don_Peanuts buy x1 Enchanted book to Zypher_0w0 for $3,200.
[10:42:47] > Don_Peanuts buy x1 Enchanted book to Zypher_0w0 for $3,200.
[10:42:50] > Don_Peanuts buy x1 Enchanted book to Zypher_0w0 for $3,200.
[10:46:31] > Don_Peanuts remove x1 Enchanted book from buy
[10:46:32] > Don_Peanuts remove x1 Enchanted book from buy
[10:46:33] > Don_Peanuts remove x1 Enchanted book from buy
[10:51:05] > .JakeTheMiner457 remove x3 Sentry armor trim smithing template from storage
[10:51:14] > .JakeTheMiner457 remove x1 Coast armor trim smithing template from storage
[10:51:42] > .JakeTheMiner457 remove x3 Sentry armor trim smithing template from expire
[10:51:44] > .JakeTheMiner457 remove x1 Coast armor trim smithing template from expire
[10:52:16] > .JakeTheMiner457 added x3 Sentry armor trim smithing template in auction for 140000.
[10:52:32] > .Whatyusaay added x10 Breeze rod in auction for 35000.
[10:53:07] > .JakeTheMiner457 added x1 Coast armor trim smithing template in auction for 40000.
[10:53:24] > .Allxnzv remove x1 §x§E§5§1§B§1§B§lDracula Wings from storage
[10:53:54] > .Whatyusaay added x43 Bone in auction for 5000.
[10:54:09] > .Allxnzv added x1 §x§E§5§1§B§1§B§lDracula Wings in auction for 1000000.
[10:58:45] > .Allxnzv remove x1 §x§E§5§1§B§1§B§lDracula Wings from storage
[11:00:53] > Zypher_0w0 buy x1 §x§F§F§5§5§0§0§lsᴇʟʟᴡᴀɴᴅ §6- 5.0x to koshie for $600,000.
[11:00:56] > Zypher_0w0 buy x1 §x§F§F§5§5§0§0§lsᴇʟʟᴡᴀɴᴅ §6- 5.0x to koshie for $550,000.
[11:00:59] > Zypher_0w0 buy x1 §x§F§F§5§5§0§0§lsᴇʟʟᴡᴀɴᴅ §6- 5.0x to grit_zy for $550,000.
[11:01:21] > Zypher_0w0 buy x1 §x§F§F§5§5§0§0§lsᴇʟʟᴡᴀɴᴅ §6- 5.0x to grit_zy for $550,000.
[11:01:25] > Zypher_0w0 buy x1 §x§F§F§5§5§0§0§lsᴇʟʟᴡᴀɴᴅ §6- 5.0x to grit_zy for $550,000.
[11:01:28] > Zypher_0w0 buy x1 §x§F§F§5§5§0§0§lsᴇʟʟᴡᴀɴᴅ §6- 5.0x to grit_zy for $550,000.
[11:01:30] > Zypher_0w0 buy x1 §x§F§F§5§5§0§0§lsᴇʟʟᴡᴀɴᴅ §6- 5.0x to grit_zy for $550,000.
[11:01:33] > Zypher_0w0 buy x1 §x§F§F§5§5§0§0§lsᴇʟʟᴡᴀɴᴅ §6- 5.0x to grit_zy for $550,000.
[11:01:36] > Zypher_0w0 buy x1 §x§F§F§5§5§0§0§lsᴇʟʟᴡᴀɴᴅ §6- 5.0x to grit_zy for $550,000.
[11:02:01] > Zypher_0w0 buy x1 §x§F§F§5§5§0§0§lsᴇʟʟᴡᴀɴᴅ §6- 5.0x to grit_zy for $550,000.
[11:04:06] > Zypher_0w0 added x2 §x§E§5§1§B§1§B§lDracula Key in auction for 180000.
[11:04:30] > nachfaust buy x2 §x§E§5§1§B§1§B§lDracula Key to Zypher_0w0 for $180,000.
[11:06:42] > Uratakiz added x1 §f§l§8B§x§6§0§6§0§6§0a§x§6§C§6§C§6§Ch§x§7§7§7§7§7§7a§x§8§2§8§2§8§2m§x§8§E§8§E§8§Eu§x§9§9§9§9§9§9t§x§A§4§A§4§A§4 G§x§9§9§9§9§9§9a§x§8§E§8§E§8§Eu§x§8§2§8§2§8§2n§x§7§7§7§7§7§7t§x§6§C§6§C§6§Cl§x§6§0§6§0§6§0e§8t in auction for 300000.
[11:20:42] > Zypher_0w0 added x64 Sponge in auction for 51200.
[11:21:00] > Zypher_0w0 added x64 Sponge in auction for 51200.
[11:21:42] > Zypher_0w0 added x64 Coal block in auction for 3200.
[11:22:14] > Zypher_0w0 added x64 Coal block in auction for 3200.
[11:22:40] > Zypher_0w0 added x64 Coal block in auction for 3200.
[11:23:41] > Zypher_0w0 added x1 §x§6§0§0§0§F§F§lɢᴏᴅʟʏ ɪᴛᴇᴍ in auction for 999999.
[11:23:55] > Zypher_0w0 added x1 §x§6§0§0§0§F§F§lɢᴏᴅʟʏ ɪᴛᴇᴍ in auction for 999999.
[11:23:59] > anneyong buy x64 Coal block to Zypher_0w0 for $3,200.
[11:24:01] > anneyong buy x64 Coal block to Zypher_0w0 for $3,200.
[11:24:03] > anneyong buy x64 Coal block to Zypher_0w0 for $3,200.
[11:24:55] > Zypher_0w0 added x1 §x§A§5§8§0§D§D§lᴇᴘɪᴄ ɪᴛᴇᴍ in auction for 750000.
[11:25:02] > RottenRael added x64 Nether wart in auction for 10000.
[11:25:04] > Zypher_0w0 remove x1 §x§A§5§8§0§D§D§lᴇᴘɪᴄ ɪᴛᴇᴍ from storage
[11:25:18] > Zypher_0w0 added x1 §x§A§5§8§0§D§D§lᴇᴘɪᴄ ɪᴛᴇᴍ in auction for 450000.
[11:25:57] > Zypher_0w0 added x1 §x§A§5§8§0§D§D§lᴇᴘɪᴄ ɪᴛᴇᴍ in auction for 450000.
[11:27:48] > Zypher_0w0 added x1 §x§A§5§8§0§D§D§lᴇᴘɪᴄ ɪᴛᴇᴍ in auction for 450000.
[11:29:14] > Uratakiz added x1 §f§l§x§F§C§D§0§5§CW§x§F§B§A§D§4§Du§x§F§9§8§B§3§Dk§x§F§8§6§8§2§Eo§x§F§6§4§5§1§Fn§x§F§5§2§3§0§Fg§x§F§3§0§0§0§0 §x§F§5§2§3§0§FD§x§F§6§4§5§1§Fa§x§F§8§6§8§2§Eg§x§F§9§8§B§3§Dg§x§F§B§A§D§4§De§x§F§C§D§0§5§Cr in auction for 300000.
[11:29:15] > giyahnpogi added x1 §f§l§x§8§A§0§0§F§FS§x§9§7§0§0§D§Fh§x§A§4§0§0§B§Fi§x§B§1§0§0§9§Fn§x§B§F§0§0§8§0e§x§C§C§0§0§6§0 §x§D§9§0§0§4§0O§x§E§6§0§0§2§0n§x§F§3§0§0§0§0i§x§E§6§0§0§2§0 §x§D§9§0§0§4§0P§x§C§C§0§0§6§0i§x§B§F§0§0§8§0c§x§B§1§0§0§9§Fk§x§A§4§0§0§B§Fa§x§9§7§0§0§D§Fx§x§8§A§0§0§F§Fe in auction for 5000000.
[11:29:36] > nachfaust remove x2 §x§E§5§1§B§1§B§lDracula Key form buy
[11:30:06] > Zypher_0w0 added x1 §x§F§F§7§C§0§0§lSteamsparks Key in auction for 80000.
[11:31:05] > nachfaust buy x1 §x§F§F§7§C§0§0§lSteamsparks Key to Zypher_0w0 for $80,000.
[11:31:17] > nachfaust remove x1 §x§F§F§7§C§0§0§lSteamsparks Key from buy
[11:31:48] > Uratakiz buy x1 §fWitch Hat to ace for $40,000.
[11:32:11] > Uratakiz remove x1 §f§l§x§F§C§D§0§5§CW§x§F§B§B§0§4§Eu§x§F§9§9§0§4§0k§x§F§8§7§0§3§2o§x§F§6§5§0§2§3n§x§F§5§3§0§1§5g§x§F§4§1§0§0§7 H§x§F§5§3§0§1§5a§x§F§6§5§0§2§3l§x§F§8§7§0§3§2b§x§F§9§9§0§4§0e§x§F§B§B§0§4§Er§x§F§C§D§0§5§Cd form storage
[11:32:11] > Uratakiz remove x1 §f§l§8B§x§6§0§6§0§6§0a§x§6§C§6§C§6§Ch§x§7§7§7§7§7§7a§x§8§2§8§2§8§2m§x§8§E§8§E§8§Eu§x§9§9§9§9§9§9t§x§A§4§A§4§A§4 G§x§9§9§9§9§9§9a§x§8§E§8§E§8§Eu§x§8§2§8§2§8§2n§x§7§7§7§7§7§7t§x§6§C§6§C§6§Cl§x§6§0§6§0§6§0e§8t form storage
[11:32:11] > Uratakiz remove x1 §f§l§x§F§C§D§0§5§CW§x§F§B§A§D§4§Du§x§F§9§8§B§3§Dk§x§F§8§6§8§2§Eo§x§F§6§4§5§1§Fn§x§F§5§2§3§0§Fg§x§F§3§0§0§0§0 §x§F§5§2§3§0§FD§x§F§6§4§5§1§Fa§x§F§8§6§8§2§Eg§x§F§9§8§B§3§Dg§x§F§B§A§D§4§De§x§F§C§D§0§5§Cr form storage
[11:32:47] > Zypher_0w0 added x4 Heart of the sea in auction for 80000.
[11:32:53] > Uratakiz added x1 §f§l§x§F§C§D§0§5§CW§x§F§B§B§0§4§Eu§x§F§9§9§0§4§0k§x§F§8§7§0§3§2o§x§F§6§5§0§2§3n§x§F§5§3§0§1§5g§x§F§4§1§0§0§7 H§x§F§5§3§0§1§5a§x§F§6§5§0§2§3l§x§F§8§7§0§3§2b§x§F§9§9§0§4§0e§x§F§B§B§0§4§Er§x§F§C§D§0§5§Cd in auction for 300000.
[11:33:06] > Uratakiz added x1 §f§l§8B§x§6§0§6§0§6§0a§x§6§C§6§C§6§Ch§x§7§7§7§7§7§7a§x§8§2§8§2§8§2m§x§8§E§8§E§8§Eu§x§9§9§9§9§9§9t§x§A§4§A§4§A§4 G§x§9§9§9§9§9§9a§x§8§E§8§E§8§Eu§x§8§2§8§2§8§2n§x§7§7§7§7§7§7t§x§6§C§6§C§6§Cl§x§6§0§6§0§6§0e§8t in auction for 200000.
[11:33:31] > Uratakiz added x1 §f§l§x§F§C§D§0§5§CW§x§F§B§A§D§4§Du§x§F§9§8§B§3§Dk§x§F§8§6§8§2§Eo§x§F§6§4§5§1§Fn§x§F§5§2§3§0§Fg§x§F§3§0§0§0§0 §x§F§5§2§3§0§FD§x§F§6§4§5§1§Fa§x§F§8§6§8§2§Eg§x§F§9§8§B§3§Dg§x§F§B§A§D§4§De§x§F§C§D§0§5§Cr in auction for 300000.
[11:33:35] > Zypher_0w0 remove x1 §x§A§5§8§0§D§D§lᴇᴘɪᴄ ɪᴛᴇᴍ from storage
[11:34:23] > Uratakiz remove x1 §fWitch Hat from buy
[11:34:42] > Zypher_0w0 added x64 Lead in auction for 16000.
[11:37:12] > Zypher_0w0 remove x1 §x§F§F§5§5§0§0§lsᴇʟʟᴡᴀɴᴅ §6- 5.0x from buy
[11:39:18] > InternetCafeUser buy x1 §x§A§5§8§0§D§D§lᴇᴘɪᴄ ɪᴛᴇᴍ to Zypher_0w0 for $450,000.
[11:40:38] > nachfaust remove x1 Enchanted book from storage
[11:40:59] > nachfaust added x1 Mace in auction for 800000.
[11:41:29] > BG1017 remove x2 Netherite upgrade smithing template from buy
[11:41:30] > BG1017 remove x64 Redstone block from buy
[11:51:06] > nachfaust remove x1 Enchanted book from storage
[11:51:16] > nachfaust added x1 §x§E§5§1§B§1§B§lDracula Fishing in auction for 1000000.