
[12:06:37] > HighStar70 buy x1 §2Cauldron Hat to mae for $10.
[12:06:42] > HighStar70 buy x1 §fWitch Hat to mae for $10.
[13:18:00] > x1 §f§l§x§E§4§3§A§3§AM§x§D§6§4§8§3§Ae§x§C§9§5§6§3§Ar§x§B§B§6§4§3§9r§x§A§D§7§2§3§9y§x§9§F§8§0§3§9 §x§9§2§8§E§3§9C§x§8§4§9§C§3§9h§x§7§6§A§A§3§9r§x§6§8§B§8§3§8i§x§5§B§C§6§3§8s§x§4§D§D§4§3§8t§x§5§B§C§6§3§8m§x§6§8§B§8§3§8a§x§7§6§A§A§3§9s§x§8§4§9§C§3§9 §x§9§2§8§E§3§9T§x§9§F§8§0§3§9r§x§A§D§7§2§3§9i§x§B§B§6§4§3§9d§x§C§9§5§6§3§Ae§x§D§6§4§8§3§An§x§E§4§3§A§3§At on sale by micailatot has just expired, it goes in the inventory of expired items.
[13:26:28] > NoClarity buy x1 Trident to 701 for $500,000.
[13:26:32] > NoClarity remove x1 Trident from buy
[15:43:57] > x1 §x§E§4§3§A§9§6§lW§x§E§7§5§3§A§3§lI§x§E§B§6§B§B§0§lN§x§E§E§8§4§B§D§lG§x§F§2§9§D§C§B§lS §x§F§8§C§E§E§5§lO§x§F§C§E§6§F§2§lF §x§F§C§E§6§F§2§lE§x§F§8§C§E§E§5§lT§x§F§5§B§5§D§8§lE§x§F§2§9§D§C§B§lR§x§E§E§8§4§B§D§lN§x§E§B§6§B§B§0§lI§x§E§7§5§3§A§3§lT§x§E§4§3§A§9§6§lY, item of giyahnpogi, has just expired, the item is definitively deleted.
[15:43:57] > x1 §x§F§F§7§C§0§0§lSteamsparks Halberd, item of kysicx, has just expired, the item is definitively deleted.
[15:43:57] > x1 §f§l§8B§x§6§3§6§3§6§3a§x§7§1§7§1§7§1h§x§8§0§8§0§8§0a§x§8§E§8§E§8§Em§x§9§C§9§C§9§Cu§7t§x§9§C§9§C§9§C §x§8§E§8§E§8§EW§x§8§0§8§0§8§0i§x§7§1§7§1§7§1n§x§6§3§6§3§6§3g§8s, item of giyahnpogi, has just expired, the item is definitively deleted.
[15:43:57] > x1 §f§l§x§E§4§3§A§3§AM§x§D§3§4§B§3§Ae§x§C§2§5§C§3§Ar§x§B§2§6§D§3§9r§x§A§1§7§E§3§9y§x§9§0§9§0§3§9 §x§7§F§A§1§3§9C§x§6§F§B§2§3§8h§x§5§E§C§3§3§8r§x§4§D§D§4§3§8i§x§5§E§C§3§3§8s§x§6§F§B§2§3§8t§x§7§F§A§1§3§9m§x§9§0§9§0§3§9a§x§A§1§7§E§3§9s§x§B§2§6§D§3§9 §x§C§2§5§C§3§AH§x§D§3§4§B§3§Ao§x§E§4§3§A§3§Ae, item of Kodakoda, has just expired, the item is definitively deleted.
[15:43:57] > x1 §x§F§0§7§A§5§4§lZombie Apocalyptic Key, item of kiyomiuu1, has just expired, the item is definitively deleted.
[15:43:57] > x1 §x§F§F§3§E§0§0§lD§x§F§F§3§5§0§0§le§x§F§F§2§C§0§0§lm§x§F§F§2§3§0§0§lo§x§F§F§1§B§0§0§ln §x§F§F§0§9§0§0§lL§x§F§F§0§0§0§0§lo§x§F§F§0§A§0§0§lr§x§F§F§1§5§0§0§ld §x§F§F§2§9§0§0§lB§x§F§F§3§4§0§0§lo§x§F§F§3§E§0§0§lw, item of giyahnpogi, has just expired, the item is definitively deleted.
[15:43:57] > x1 §f§l§8B§x§6§6§6§6§6§6a§x§7§7§7§7§7§7h§x§8§8§8§8§8§8a§x§9§9§9§9§9§9m§7u§x§9§9§9§9§9§9t§x§8§8§8§8§8§8 §x§7§7§7§7§7§7A§x§6§6§6§6§6§6x§8e, item of Kodakoda, has just expired, the item is definitively deleted.
[15:43:57] > x1 §f§l§x§E§4§3§A§3§AM§x§D§6§4§9§3§Ae§x§C§7§5§7§3§Ar§x§B§9§6§6§3§9r§x§A§A§7§5§3§9y§x§9§C§8§3§3§9 §x§8§E§9§2§3§9C§x§7§F§A§1§3§9h§x§7§1§A§F§3§8r§x§6§3§B§E§3§8i§x§5§4§C§D§3§8st§x§6§3§B§E§3§8m§x§7§1§A§F§3§8a§x§7§F§A§1§3§9s§x§8§E§9§2§3§9 §x§9§C§8§3§3§9S§x§A§A§7§5§3§9c§x§B§9§6§6§3§9y§x§C§7§5§7§3§At§x§D§6§4§9§3§Ah§x§E§4§3§A§3§Ae, item of giyahnpogi, has just expired, the item is definitively deleted.
[15:43:57] > x1 §x§5§C§C§F§F§C§lC§x§5§C§D§1§F§5§lo§x§5§D§D§4§E§E§ls§x§5§D§D§6§E§7§lm§x§5§E§D§9§E§1§le§x§5§E§D§B§D§A§lt§x§5§E§D§D§D§3§li§x§5§F§E§0§C§C§lc §x§5§F§E§0§C§C§lH§x§5§E§D§D§D§3§la§x§5§E§D§B§D§A§lt§x§5§E§D§9§E§1§ls §x§5§D§D§4§E§E§lK§x§5§C§D§1§F§5§le§x§5§C§C§F§F§C§ly, item of kysicx, has just expired, the item is definitively deleted.
[15:43:57] > x1 Shulker box, item of nagiiish, has just expired, the item is definitively deleted.
[15:43:57] > x1 §f§l§8B§x§6§6§6§6§6§6a§x§7§7§7§7§7§7h§x§8§8§8§8§8§8a§x§9§9§9§9§9§9m§7u§x§9§9§9§9§9§9t§x§8§8§8§8§8§8 §x§7§7§7§7§7§7A§x§6§6§6§6§6§6x§8e, item of Hit_010, has just expired, the item is definitively deleted.
[15:43:57] > x1 §x§E§5§1§B§1§B§lDracula Leggings, item of Typeshe, has just expired, the item is definitively deleted.
[15:43:59] > kentchalin remove x1 §fAxolotl Plushie (Gold) §6(#7/101) from expire
[15:43:59] > kentchalin remove x1 §fRabbit Plushie §6(#69/101) from expire
[15:54:57] > mae added x1 GUN POWDER in auction for 400000.
[15:59:35] > x1 §f§l§x§8§A§0§0§F§FS§x§9§8§0§0§D§Dh§x§A§6§0§0§B§Bi§x§B§4§0§0§9§9n§x§C§2§0§0§7§7e§x§D§0§0§0§5§5 §x§D§E§0§0§3§3O§x§E§C§0§0§1§1ni§x§D§E§0§0§3§3 §x§D§0§0§0§5§5S§x§C§2§0§0§7§7i§x§B§4§0§0§9§9c§x§A§6§0§0§B§Bk§x§9§8§0§0§D§Dl§x§8§A§0§0§F§Fe, item of nnorv1, has just expired, the item is definitively deleted.
[15:59:37] > mae remove x1 §f§l§x§8§A§0§0§F§FS§x§9§8§0§0§D§Dh§x§A§6§0§0§B§Bi§x§B§4§0§0§9§9n§x§C§2§0§0§7§7e§x§D§0§0§0§5§5 §x§D§E§0§0§3§3O§x§E§C§0§0§1§1ni§x§D§E§0§0§3§3 §x§D§0§0§0§5§5S§x§C§2§0§0§7§7h§x§B§4§0§0§9§9i§x§A§6§0§0§B§Be§x§9§8§0§0§D§Dl§x§8§A§0§0§F§Fd from expire
[16:37:46] > micailatot remove x1 §f§l§x§E§4§3§A§3§AM§x§D§6§4§8§3§Ae§x§C§9§5§6§3§Ar§x§B§B§6§4§3§9r§x§A§D§7§2§3§9y§x§9§F§8§0§3§9 §x§9§2§8§E§3§9C§x§8§4§9§C§3§9h§x§7§6§A§A§3§9r§x§6§8§B§8§3§8i§x§5§B§C§6§3§8s§x§4§D§D§4§3§8t§x§5§B§C§6§3§8m§x§6§8§B§8§3§8a§x§7§6§A§A§3§9s§x§8§4§9§C§3§9 §x§9§2§8§E§3§9T§x§9§F§8§0§3§9r§x§A§D§7§2§3§9i§x§B§B§6§4§3§9d§x§C§9§5§6§3§Ae§x§D§6§4§8§3§An§x§E§4§3§A§3§At from expire
[16:37:56] > micailatot added x1 §f§l§x§E§4§3§A§3§AM§x§D§6§4§8§3§Ae§x§C§9§5§6§3§Ar§x§B§B§6§4§3§9r§x§A§D§7§2§3§9y§x§9§F§8§0§3§9 §x§9§2§8§E§3§9C§x§8§4§9§C§3§9h§x§7§6§A§A§3§9r§x§6§8§B§8§3§8i§x§5§B§C§6§3§8s§x§4§D§D§4§3§8t§x§5§B§C§6§3§8m§x§6§8§B§8§3§8a§x§7§6§A§A§3§9s§x§8§4§9§C§3§9 §x§9§2§8§E§3§9T§x§9§F§8§0§3§9r§x§A§D§7§2§3§9i§x§B§B§6§4§3§9d§x§C§9§5§6§3§Ae§x§D§6§4§8§3§An§x§E§4§3§A§3§At in auction for 550000.
[16:38:18] > micailatot added x1 §f§l§x§E§4§3§A§3§AM§x§D§6§4§9§3§Ae§x§C§7§5§7§3§Ar§x§B§9§6§6§3§9r§x§A§A§7§5§3§9y§x§9§C§8§3§3§9 §x§8§E§9§2§3§9C§x§7§F§A§1§3§9h§x§7§1§A§F§3§8r§x§6§3§B§E§3§8i§x§5§4§C§D§3§8st§x§6§3§B§E§3§8m§x§7§1§A§F§3§8a§x§7§F§A§1§3§9s§x§8§E§9§2§3§9 §x§9§C§8§3§3§9S§x§A§A§7§5§3§9h§x§B§9§6§6§3§9i§x§C§7§5§7§3§Ae§x§D§6§4§9§3§Al§x§E§4§3§A§3§Ad in auction for 400000.
[16:38:33] > micailatot added x1 §f§l§x§E§4§3§A§3§AM§x§D§5§4§9§3§Ae§x§C§6§5§9§3§Ar§x§B§7§6§8§3§9r§x§A§8§7§8§3§9y§x§9§9§8§7§3§9 §x§8§9§9§6§3§9C§x§7§A§A§6§3§9h§x§6§B§B§5§3§8r§x§5§C§C§5§3§8i§x§4§D§D§4§3§8s§x§5§C§C§5§3§8t§x§6§B§B§5§3§8m§x§7§A§A§6§3§9a§x§8§9§9§6§3§9s§x§9§9§8§7§3§9 §x§A§8§7§8§3§9S§x§B§7§6§8§3§9p§x§C§6§5§9§3§Ae§x§D§5§4§9§3§Aa§x§E§4§3§A§3§Ar in auction for 550000.
[16:55:50] > x1 /pwarp go TotemTrade WitherSkelHead Xmas Discount on sale by Zypher_0w0 has just expired, it goes in the inventory of expired items.
[16:56:18] > H2SO4 buy x1 §f§l§x§E§4§3§A§3§AM§x§D§5§4§9§3§Ae§x§C§6§5§9§3§Ar§x§B§7§6§8§3§9r§x§A§8§7§8§3§9y§x§9§9§8§7§3§9 §x§8§9§9§6§3§9C§x§7§A§A§6§3§9h§x§6§B§B§5§3§8r§x§5§C§C§5§3§8i§x§4§D§D§4§3§8s§x§5§C§C§5§3§8t§x§6§B§B§5§3§8m§x§7§A§A§6§3§9a§x§8§9§9§6§3§9s§x§9§9§8§7§3§9 §x§A§8§7§8§3§9S§x§B§7§6§8§3§9p§x§C§6§5§9§3§Ae§x§D§5§4§9§3§Aa§x§E§4§3§A§3§Ar to micailatot for $550,000.
[16:56:26] > x1 §f§l§8B§x§6§6§6§6§6§6a§x§7§7§7§7§7§7h§x§8§8§8§8§8§8a§x§9§9§9§9§9§9m§7u§x§9§9§9§9§9§9t§x§8§8§8§8§8§8 §x§7§7§7§7§7§7H§x§6§6§6§6§6§6o§8e, bought by NoClarity, has just expired, the item is definitively deleted.
[16:56:29] > H2SO4 remove x1 Netherite chestplate from buy
[16:56:32] > H2SO4 remove x1 §f§l§x§E§4§3§A§3§AM§x§D§5§4§9§3§Ae§x§C§6§5§9§3§Ar§x§B§7§6§8§3§9r§x§A§8§7§8§3§9y§x§9§9§8§7§3§9 §x§8§9§9§6§3§9C§x§7§A§A§6§3§9h§x§6§B§B§5§3§8r§x§5§C§C§5§3§8i§x§4§D§D§4§3§8s§x§5§C§C§5§3§8t§x§6§B§B§5§3§8m§x§7§A§A§6§3§9a§x§8§9§9§6§3§9s§x§9§9§8§7§3§9 §x§A§8§7§8§3§9S§x§B§7§6§8§3§9p§x§C§6§5§9§3§Ae§x§D§5§4§9§3§Aa§x§E§4§3§A§3§Ar from buy
[17:21:26] > x1 Beacon on sale by Horheee has just expired, it goes in the inventory of expired items.
[17:32:01] > nebula12321 buy x1 §f§l§x§C§6§D§E§F§1B§x§B§6§D§5§E§Eo§x§A§6§C§D§E§Co§x§9§5§C§4§E§9s§x§8§5§B§B§E§6t§x§7§5§B§2§E§3e§x§6§5§A§A§E§1r§x§5§4§A§1§D§E §x§4§4§9§8§D§BU§x§5§4§A§1§D§EF§x§6§5§A§A§E§1O§x§7§5§B§2§E§3 §x§8§5§B§B§E§6B§x§9§5§C§4§E§9o§x§A§6§C§D§E§Co§x§B§6§D§5§E§Et§x§C§6§D§E§F§1s to 701 for $4,000,000.
[17:32:04] > nebula12321 remove x1 §f§l§x§C§6§D§E§F§1B§x§B§6§D§5§E§Eo§x§A§6§C§D§E§Co§x§9§5§C§4§E§9s§x§8§5§B§B§E§6t§x§7§5§B§2§E§3e§x§6§5§A§A§E§1r§x§5§4§A§1§D§E §x§4§4§9§8§D§BU§x§5§4§A§1§D§EF§x§6§5§A§A§E§1O§x§7§5§B§2§E§3 §x§8§5§B§B§E§6B§x§9§5§C§4§E§9o§x§A§6§C§D§E§Co§x§B§6§D§5§E§Et§x§C§6§D§E§F§1s from buy
[17:32:36] > nebula12321 buy x1 GUN POWDER to mae for $400,000.
[17:32:40] > nebula12321 remove x1 GUN POWDER from buy
[17:43:45] > micailatot added x1 §f§l§x§E§4§3§A§3§AM§x§D§8§4§6§3§Ae§x§C§D§5§2§3§Ar§x§C§1§5§E§3§Ar§x§B§6§6§9§3§9y§x§A§A§7§5§3§9 §x§9§E§8§1§3§9C§x§9§3§8§D§3§9h§x§8§7§9§9§3§9r§x§7§B§A§5§3§9i§x§7§0§B§0§3§8s§x§6§4§B§C§3§8t§x§5§9§C§8§3§8m§x§4§D§D§4§3§8a§x§5§9§C§8§3§8s§x§6§4§B§C§3§8 §x§7§0§B§0§3§8F§x§7§B§A§5§3§9i§x§8§7§9§9§3§9s§x§9§3§8§D§3§9h§x§9§E§8§1§3§9i§x§A§A§7§5§3§9n§x§B§6§6§9§3§9g§x§C§1§5§E§3§A §x§C§D§5§2§3§Ar§x§D§8§4§6§3§Ao§x§E§4§3§A§3§Ad in auction for 400000.
[18:37:32] > nebula12321 added x1 §f§l§x§E§4§3§A§3§AM§x§D§6§4§8§3§Ae§x§C§9§5§6§3§Ar§x§B§B§6§4§3§9r§x§A§D§7§2§3§9y§x§9§F§8§0§3§9 §x§9§2§8§E§3§9C§x§8§4§9§C§3§9h§x§7§6§A§A§3§9r§x§6§8§B§8§3§8i§x§5§B§C§6§3§8s§x§4§D§D§4§3§8t§x§5§B§C§6§3§8m§x§6§8§B§8§3§8a§x§7§6§A§A§3§9s§x§8§4§9§C§3§9 §x§9§2§8§E§3§9P§x§9§F§8§0§3§9i§x§A§D§7§2§3§9c§x§B§B§6§4§3§9k§x§C§9§5§6§3§Aa§x§D§6§4§8§3§Ax§x§E§4§3§A§3§Ae in auction for 250000.
[20:25:16] > x1 §f§l§x§E§4§3§A§3§AM§x§D§3§4§B§3§Ae§x§C§2§5§C§3§Ar§x§B§2§6§D§3§9r§x§A§1§7§E§3§9y§x§9§0§9§0§3§9 §x§7§F§A§1§3§9C§x§6§F§B§2§3§8h§x§5§E§C§3§3§8r§x§4§D§D§4§3§8i§x§5§E§C§3§3§8s§x§6§F§B§2§3§8t§x§7§F§A§1§3§9m§x§9§0§9§0§3§9a§x§A§1§7§E§3§9s§x§B§2§6§D§3§9 §x§C§2§5§C§3§AH§x§D§3§4§B§3§Aa§x§E§4§3§A§3§At on sale by belvi__ has just expired, it goes in the inventory of expired items.
[20:44:02] > mae added x1 Diamond in auction for 10.
[20:44:10] > VashleyProGamer buy x1 Diamond to mae for $10.
[20:58:27] > VashleyProGamer added x1 Ominous bottle in auction for 10000.
[20:59:18] > VashleyProGamer added x1 Ominous bottle in auction for 9000.
[21:23:20] > x1 Netherite chestplate, bought by NoClarity, has just expired, the item is definitively deleted.
[21:23:20] > x19 Amethyst shard, bought by CuddlyCow, has just expired, the item is definitively deleted.
[21:23:20] > x5 §x§F§C§D§0§5§C§lB§x§E§6§D§3§6§B§la§x§C§F§D§5§7§A§ls§x§B§9§D§8§8§9§li§x§A§2§D§A§9§8§lc §x§7§5§D§F§B§6§lC§x§5§F§E§2§C§5§lr§x§7§5§D§F§B§6§la§x§8§C§D§D§A§7§lt§x§A§2§D§A§9§8§le §x§C§F§D§5§7§A§lK§x§E§6§D§3§6§B§le§x§F§C§D§0§5§C§ly, bought by vortexcore, has just expired, the item is definitively deleted.
[21:26:33] > fuzzy_fae remove x1 §f§l§x§E§4§3§A§3§AM§x§D§6§4§9§3§Ae§x§C§7§5§7§3§Ar§x§B§9§6§6§3§9r§x§A§A§7§5§3§9y§x§9§C§8§3§3§9 §x§8§E§9§2§3§9C§x§7§F§A§1§3§9h§x§7§1§A§F§3§8r§x§6§3§B§E§3§8i§x§5§4§C§D§3§8st§x§6§3§B§E§3§8m§x§7§1§A§F§3§8a§x§7§F§A§1§3§9s§x§8§E§9§2§3§9 §x§9§C§8§3§3§9S§x§A§A§7§5§3§9c§x§B§9§6§6§3§9y§x§C§7§5§7§3§At§x§D§6§4§9§3§Ah§x§E§4§3§A§3§Ae form storage
[21:26:33] > fuzzy_fae remove x1 §f§l§x§E§4§3§A§3§AM§x§D§7§4§7§3§Ae§x§C§A§5§5§3§Ar§x§B§D§6§2§3§9r§x§A§F§7§0§3§9y§x§A§2§7§D§3§9 §x§9§5§8§A§3§9C§x§8§8§9§8§3§9h§x§7§B§A§5§3§9r§x§6§E§B§3§3§8i§x§6§1§C§0§3§8s§x§5§4§C§D§3§8tm§x§6§1§C§0§3§8a§x§6§E§B§3§3§8s§x§7§B§A§5§3§9 §x§8§8§9§8§3§9C§x§9§5§8§A§3§9r§x§A§2§7§D§3§9o§x§A§F§7§0§3§9s§x§B§D§6§2§3§9s§x§C§A§5§5§3§Ab§x§D§7§4§7§3§Ao§x§E§4§3§A§3§Aw form storage
[21:26:33] > fuzzy_fae remove x1 §f§l§x§E§4§3§A§3§AM§x§D§3§4§B§3§Ae§x§C§2§5§C§3§Ar§x§B§2§6§D§3§9r§x§A§1§7§E§3§9y§x§9§0§9§0§3§9 §x§7§F§A§1§3§9C§x§6§F§B§2§3§8h§x§5§E§C§3§3§8r§x§4§D§D§4§3§8i§x§5§E§C§3§3§8s§x§6§F§B§2§3§8t§x§7§F§A§1§3§9m§x§9§0§9§0§3§9a§x§A§1§7§E§3§9s§x§B§2§6§D§3§9 §x§C§2§5§C§3§AA§x§D§3§4§B§3§Ax§x§E§4§3§A§3§Ae form storage
[21:26:49] > kentchalin buy x1 Ominous bottle to VashleyProGamer for $9,000.
[21:26:54] > kentchalin buy x1 Ominous bottle to VashleyProGamer for $10,000.
[21:27:01] > kentchalin remove x16 Iron block from buy
[21:27:01] > kentchalin remove x1 Netherite ingot from buy
[21:27:01] > kentchalin remove x1 Netherite block from buy
[21:27:02] > kentchalin remove x1 Netherite block from buy
[21:27:02] > kentchalin remove x1 Netherite block from buy
[21:27:02] > kentchalin remove x5 Netherite block from buy
[21:27:02] > kentchalin remove x1 Orange shulker box from buy
[21:27:03] > fuzzy_fae added x1 §f§l§x§E§4§3§A§3§AM§x§D§6§4§9§3§Ae§x§C§7§5§7§3§Ar§x§B§9§6§6§3§9r§x§A§A§7§5§3§9y§x§9§C§8§3§3§9 §x§8§E§9§2§3§9C§x§7§F§A§1§3§9h§x§7§1§A§F§3§8r§x§6§3§B§E§3§8i§x§5§4§C§D§3§8st§x§6§3§B§E§3§8m§x§7§1§A§F§3§8a§x§7§F§A§1§3§9s§x§8§E§9§2§3§9 §x§9§C§8§3§3§9S§x§A§A§7§5§3§9c§x§B§9§6§6§3§9y§x§C§7§5§7§3§At§x§D§6§4§9§3§Ah§x§E§4§3§A§3§Ae in auction for 500000.
[21:27:03] > kentchalin remove x1 Shulker box from buy
[21:27:03] > kentchalin remove x1 Ominous bottle from buy
[21:27:04] > kentchalin remove x1 Ominous bottle from buy
[21:27:48] > fuzzy_fae added x1 §f§l§x§E§4§3§A§3§AM§x§D§3§4§B§3§Ae§x§C§2§5§C§3§Ar§x§B§2§6§D§3§9r§x§A§1§7§E§3§9y§x§9§0§9§0§3§9 §x§7§F§A§1§3§9C§x§6§F§B§2§3§8h§x§5§E§C§3§3§8r§x§4§D§D§4§3§8i§x§5§E§C§3§3§8s§x§6§F§B§2§3§8t§x§7§F§A§1§3§9m§x§9§0§9§0§3§9a§x§A§1§7§E§3§9s§x§B§2§6§D§3§9 §x§C§2§5§C§3§AA§x§D§3§4§B§3§Ax§x§E§4§3§A§3§Ae in auction for 250000.
[21:27:59] > fuzzy_fae added x1 §f§l§x§E§4§3§A§3§AM§x§D§7§4§7§3§Ae§x§C§A§5§5§3§Ar§x§B§D§6§2§3§9r§x§A§F§7§0§3§9y§x§A§2§7§D§3§9 §x§9§5§8§A§3§9C§x§8§8§9§8§3§9h§x§7§B§A§5§3§9r§x§6§E§B§3§3§8i§x§6§1§C§0§3§8s§x§5§4§C§D§3§8tm§x§6§1§C§0§3§8a§x§6§E§B§3§3§8s§x§7§B§A§5§3§9 §x§8§8§9§8§3§9C§x§9§5§8§A§3§9r§x§A§2§7§D§3§9o§x§A§F§7§0§3§9s§x§B§D§6§2§3§9s§x§C§A§5§5§3§Ab§x§D§7§4§7§3§Ao§x§E§4§3§A§3§Aw in auction for 100000.
[21:29:46] > fuzzy_fae added x1 §f§l§x§E§4§3§A§3§AM§x§D§5§4§9§3§Ae§x§C§6§5§9§3§Ar§x§B§7§6§8§3§9r§x§A§8§7§8§3§9y§x§9§9§8§7§3§9 §x§8§9§9§6§3§9C§x§7§A§A§6§3§9h§x§6§B§B§5§3§8r§x§5§C§C§5§3§8i§x§4§D§D§4§3§8s§x§5§C§C§5§3§8t§x§6§B§B§5§3§8m§x§7§A§A§6§3§9a§x§8§9§9§6§3§9s§x§9§9§8§7§3§9 §x§A§8§7§8§3§9S§x§B§7§6§8§3§9w§x§C§6§5§9§3§Ao§x§D§5§4§9§3§Ar§x§E§4§3§A§3§Ad in auction for 700000.
[21:30:57] > mae buy x1 §f§l§x§E§4§3§A§3§AM§x§D§7§4§7§3§Ae§x§C§A§5§5§3§Ar§x§B§D§6§2§3§9r§x§A§F§7§0§3§9y§x§A§2§7§D§3§9 §x§9§5§8§A§3§9C§x§8§8§9§8§3§9h§x§7§B§A§5§3§9r§x§6§E§B§3§3§8i§x§6§1§C§0§3§8s§x§5§4§C§D§3§8tm§x§6§1§C§0§3§8a§x§6§E§B§3§3§8s§x§7§B§A§5§3§9 §x§8§8§9§8§3§9C§x§9§5§8§A§3§9r§x§A§2§7§D§3§9o§x§A§F§7§0§3§9s§x§B§D§6§2§3§9s§x§C§A§5§5§3§Ab§x§D§7§4§7§3§Ao§x§E§4§3§A§3§Aw to fuzzy_fae for $100,000.
[21:31:00] > mae buy x1 §f§l§x§E§4§3§A§3§AM§x§D§6§4§9§3§Ae§x§C§7§5§7§3§Ar§x§B§9§6§6§3§9r§x§A§A§7§5§3§9y§x§9§C§8§3§3§9 §x§8§E§9§2§3§9C§x§7§F§A§1§3§9h§x§7§1§A§F§3§8r§x§6§3§B§E§3§8i§x§5§4§C§D§3§8st§x§6§3§B§E§3§8m§x§7§1§A§F§3§8a§x§7§F§A§1§3§9s§x§8§E§9§2§3§9 §x§9§C§8§3§3§9S§x§A§A§7§5§3§9h§x§B§9§6§6§3§9i§x§C§7§5§7§3§Ae§x§D§6§4§9§3§Al§x§E§4§3§A§3§Ad to micailatot for $400,000.
[21:31:15] > mae buy x1 §f§l§x§E§4§3§A§3§AM§x§D§6§4§8§3§Ae§x§C§9§5§6§3§Ar§x§B§B§6§4§3§9r§x§A§D§7§2§3§9y§x§9§F§8§0§3§9 §x§9§2§8§E§3§9C§x§8§4§9§C§3§9h§x§7§6§A§A§3§9r§x§6§8§B§8§3§8i§x§5§B§C§6§3§8s§x§4§D§D§4§3§8t§x§5§B§C§6§3§8m§x§6§8§B§8§3§8a§x§7§6§A§A§3§9s§x§8§4§9§C§3§9 §x§9§2§8§E§3§9P§x§9§F§8§0§3§9i§x§A§D§7§2§3§9c§x§B§B§6§4§3§9k§x§C§9§5§6§3§Aa§x§D§6§4§8§3§Ax§x§E§4§3§A§3§Ae to nebula12321 for $250,000.
[21:31:19] > mae buy x1 §f§l§x§E§4§3§A§3§AM§x§D§3§4§B§3§Ae§x§C§2§5§C§3§Ar§x§B§2§6§D§3§9r§x§A§1§7§E§3§9y§x§9§0§9§0§3§9 §x§7§F§A§1§3§9C§x§6§F§B§2§3§8h§x§5§E§C§3§3§8r§x§4§D§D§4§3§8i§x§5§E§C§3§3§8s§x§6§F§B§2§3§8t§x§7§F§A§1§3§9m§x§9§0§9§0§3§9a§x§A§1§7§E§3§9s§x§B§2§6§D§3§9 §x§C§2§5§C§3§AA§x§D§3§4§B§3§Ax§x§E§4§3§A§3§Ae to fuzzy_fae for $250,000.
[21:32:16] > mae remove x1 §f§l§x§E§4§3§A§3§AM§x§D§7§4§7§3§Ae§x§C§A§5§5§3§Ar§x§B§D§6§2§3§9r§x§A§F§7§0§3§9y§x§A§2§7§D§3§9 §x§9§5§8§A§3§9C§x§8§8§9§8§3§9h§x§7§B§A§5§3§9r§x§6§E§B§3§3§8i§x§6§1§C§0§3§8s§x§5§4§C§D§3§8tm§x§6§1§C§0§3§8a§x§6§E§B§3§3§8s§x§7§B§A§5§3§9 §x§8§8§9§8§3§9C§x§9§5§8§A§3§9r§x§A§2§7§D§3§9o§x§A§F§7§0§3§9s§x§B§D§6§2§3§9s§x§C§A§5§5§3§Ab§x§D§7§4§7§3§Ao§x§E§4§3§A§3§Aw form buy
[21:32:16] > mae remove x1 §f§l§x§E§4§3§A§3§AM§x§D§6§4§8§3§Ae§x§C§9§5§6§3§Ar§x§B§B§6§4§3§9r§x§A§D§7§2§3§9y§x§9§F§8§0§3§9 §x§9§2§8§E§3§9C§x§8§4§9§C§3§9h§x§7§6§A§A§3§9r§x§6§8§B§8§3§8i§x§5§B§C§6§3§8s§x§4§D§D§4§3§8t§x§5§B§C§6§3§8m§x§6§8§B§8§3§8a§x§7§6§A§A§3§9s§x§8§4§9§C§3§9 §x§9§2§8§E§3§9P§x§9§F§8§0§3§9i§x§A§D§7§2§3§9c§x§B§B§6§4§3§9k§x§C§9§5§6§3§Aa§x§D§6§4§8§3§Ax§x§E§4§3§A§3§Ae form buy
[21:32:16] > mae remove x1 §f§l§x§E§4§3§A§3§AM§x§D§6§4§9§3§Ae§x§C§7§5§7§3§Ar§x§B§9§6§6§3§9r§x§A§A§7§5§3§9y§x§9§C§8§3§3§9 §x§8§E§9§2§3§9C§x§7§F§A§1§3§9h§x§7§1§A§F§3§8r§x§6§3§B§E§3§8i§x§5§4§C§D§3§8st§x§6§3§B§E§3§8m§x§7§1§A§F§3§8a§x§7§F§A§1§3§9s§x§8§E§9§2§3§9 §x§9§C§8§3§3§9S§x§A§A§7§5§3§9h§x§B§9§6§6§3§9i§x§C§7§5§7§3§Ae§x§D§6§4§9§3§Al§x§E§4§3§A§3§Ad form buy
[21:32:16] > mae remove x1 §f§l§x§E§4§3§A§3§AM§x§D§3§4§B§3§Ae§x§C§2§5§C§3§Ar§x§B§2§6§D§3§9r§x§A§1§7§E§3§9y§x§9§0§9§0§3§9 §x§7§F§A§1§3§9C§x§6§F§B§2§3§8h§x§5§E§C§3§3§8r§x§4§D§D§4§3§8i§x§5§E§C§3§3§8s§x§6§F§B§2§3§8t§x§7§F§A§1§3§9m§x§9§0§9§0§3§9a§x§A§1§7§E§3§9s§x§B§2§6§D§3§9 §x§C§2§5§C§3§AA§x§D§3§4§B§3§Ax§x§E§4§3§A§3§Ae form buy
[21:37:09] > mae added x1 §x§F§C§D§0§5§CW§x§F§B§B§0§4§Eu§x§F§9§9§0§4§0k§x§F§8§7§0§3§2o§x§F§6§5§0§2§3n§x§F§5§3§0§1§5g§x§F§4§1§0§0§7 P§x§F§5§3§0§1§5i§x§F§6§5§0§2§3c§x§F§8§7§0§3§2k§x§F§9§9§0§4§0a§x§F§B§B§0§4§Ex§x§F§C§D§0§5§Ce in auction for 100000.
[21:37:15] > kentchalin buy x1 §x§F§C§D§0§5§CW§x§F§B§B§0§4§Eu§x§F§9§9§0§4§0k§x§F§8§7§0§3§2o§x§F§6§5§0§2§3n§x§F§5§3§0§1§5g§x§F§4§1§0§0§7 P§x§F§5§3§0§1§5i§x§F§6§5§0§2§3c§x§F§8§7§0§3§2k§x§F§9§9§0§4§0a§x§F§B§B§0§4§Ex§x§F§C§D§0§5§Ce to mae for $100,000.
[21:37:27] > kentchalin remove x1 §x§F§C§D§0§5§CW§x§F§B§B§0§4§Eu§x§F§9§9§0§4§0k§x§F§8§7§0§3§2o§x§F§6§5§0§2§3n§x§F§5§3§0§1§5g§x§F§4§1§0§0§7 P§x§F§5§3§0§1§5i§x§F§6§5§0§2§3c§x§F§8§7§0§3§2k§x§F§9§9§0§4§0a§x§F§B§B§0§4§Ex§x§F§C§D§0§5§Ce from buy
[21:43:03] > Antonie657 added x1 §f§l§x§E§4§3§A§3§AM§x§D§5§4§9§3§Ae§x§C§6§5§9§3§Ar§x§B§7§6§8§3§9r§x§A§8§7§8§3§9y§x§9§9§8§7§3§9 §x§8§9§9§6§3§9C§x§7§A§A§6§3§9h§x§6§B§B§5§3§8r§x§5§C§C§5§3§8i§x§4§D§D§4§3§8s§x§5§C§C§5§3§8t§x§6§B§B§5§3§8m§x§7§A§A§6§3§9a§x§8§9§9§6§3§9s§x§9§9§8§7§3§9 §x§A§8§7§8§3§9W§x§B§7§6§8§3§9i§x§C§6§5§9§3§An§x§D§5§4§9§3§Ag§x§E§4§3§A§3§As in auction for 2000000.
[21:43:06] > x1 §x§F§F§7§C§0§0§lSteamsparks Boots, item of alecczzz, has just expired, the item is definitively deleted.
[21:43:06] > x1 §x§F§F§7§C§0§0§lSteamsparks Chestplate, item of Crayzixks, has just expired, the item is definitively deleted.
[21:43:07] > Antonie657 remove x6 Netherite ingot from expire
[21:43:16] > Antonie657 added x6 Netherite ingot in auction for 450000.
[21:49:58] > nebula12321 added x1 §x§E§4§3§A§3§A§lC§x§C§E§5§0§3§A§lh§x§B§9§6§6§3§9§lr§x§A§3§7§C§3§9§li§x§8§E§9§2§3§9§ls§x§7§8§A§8§3§9§lt§x§6§3§B§E§3§8§lm§x§4§D§D§4§3§8§la§x§6§3§B§E§3§8§ls §x§8§E§9§2§3§9§lG§x§A§3§7§C§3§9§ll§x§B§9§6§6§3§9§lo§x§C§E§5§0§3§A§lb§x§E§4§3§A§3§A§le in auction for 15000000.
[21:50:04] > nebula12321 remove x1 §x§E§4§3§A§3§A§lC§x§C§E§5§0§3§A§lh§x§B§9§6§6§3§9§lr§x§A§3§7§C§3§9§li§x§8§E§9§2§3§9§ls§x§7§8§A§8§3§9§lt§x§6§3§B§E§3§8§lm§x§4§D§D§4§3§8§la§x§6§3§B§E§3§8§ls §x§8§E§9§2§3§9§lG§x§A§3§7§C§3§9§ll§x§B§9§6§6§3§9§lo§x§C§E§5§0§3§A§lb§x§E§4§3§A§3§A§le form storage
[21:50:04] > nebula12321 remove x1 §x§E§4§3§A§3§A§lC§x§C§E§5§0§3§A§lh§x§B§9§6§6§3§9§lr§x§A§3§7§C§3§9§li§x§8§E§9§2§3§9§ls§x§7§8§A§8§3§9§lt§x§6§3§B§E§3§8§lm§x§4§D§D§4§3§8§la§x§6§3§B§E§3§8§ls §x§8§E§9§2§3§9§lG§x§A§3§7§C§3§9§ll§x§B§9§6§6§3§9§lo§x§C§E§5§0§3§A§lb§x§E§4§3§A§3§A§le form storage
[21:50:04] > nebula12321 remove x1 §x§E§4§3§A§3§A§lC§x§C§E§5§0§3§A§lh§x§B§9§6§6§3§9§lr§x§A§3§7§C§3§9§li§x§8§E§9§2§3§9§ls§x§7§8§A§8§3§9§lt§x§6§3§B§E§3§8§lm§x§4§D§D§4§3§8§la§x§6§3§B§E§3§8§ls §x§8§E§9§2§3§9§lG§x§A§3§7§C§3§9§ll§x§B§9§6§6§3§9§lo§x§C§E§5§0§3§A§lb§x§E§4§3§A§3§A§le form storage
[21:50:19] > nebula12321 added x1 §x§E§4§3§A§3§A§lC§x§C§E§5§0§3§A§lh§x§B§9§6§6§3§9§lr§x§A§3§7§C§3§9§li§x§8§E§9§2§3§9§ls§x§7§8§A§8§3§9§lt§x§6§3§B§E§3§8§lm§x§4§D§D§4§3§8§la§x§6§3§B§E§3§8§ls §x§8§E§9§2§3§9§lG§x§A§3§7§C§3§9§ll§x§B§9§6§6§3§9§lo§x§C§E§5§0§3§A§lb§x§E§4§3§A§3§A§le in auction for 4500000.
[21:50:25] > nebula12321 remove x1 §x§E§4§3§A§3§A§lC§x§C§E§5§0§3§A§lh§x§B§9§6§6§3§9§lr§x§A§3§7§C§3§9§li§x§8§E§9§2§3§9§ls§x§7§8§A§8§3§9§lt§x§6§3§B§E§3§8§lm§x§4§D§D§4§3§8§la§x§6§3§B§E§3§8§ls §x§8§E§9§2§3§9§lG§x§A§3§7§C§3§9§ll§x§B§9§6§6§3§9§lo§x§C§E§5§0§3§A§lb§x§E§4§3§A§3§A§le from storage
[21:50:31] > nebula12321 remove x1 §x§E§4§3§A§3§A§lC§x§C§E§5§0§3§A§lh§x§B§9§6§6§3§9§lr§x§A§3§7§C§3§9§li§x§8§E§9§2§3§9§ls§x§7§8§A§8§3§9§lt§x§6§3§B§E§3§8§lm§x§4§D§D§4§3§8§la§x§6§3§B§E§3§8§ls §x§8§E§9§2§3§9§lG§x§A§3§7§C§3§9§ll§x§B§9§6§6§3§9§lo§x§C§E§5§0§3§A§lb§x§E§4§3§A§3§A§le from expire
[21:50:45] > nebula12321 added x3 §x§E§4§3§A§3§A§lC§x§C§E§5§0§3§A§lh§x§B§9§6§6§3§9§lr§x§A§3§7§C§3§9§li§x§8§E§9§2§3§9§ls§x§7§8§A§8§3§9§lt§x§6§3§B§E§3§8§lm§x§4§D§D§4§3§8§la§x§6§3§B§E§3§8§ls §x§8§E§9§2§3§9§lG§x§A§3§7§C§3§9§ll§x§B§9§6§6§3§9§lo§x§C§E§5§0§3§A§lb§x§E§4§3§A§3§A§le in auction for 4500000.
[22:20:36] > PlayTexts added x1 §x§F§F§5§5§0§0§lsᴇʟʟᴡᴀɴᴅ §6- 5.0x in auction for 350000.
[22:21:17] > kentchalin added x1 §fPanda Hat in auction for 100000.
[22:21:24] > sigman added x1 §fWitch Hat in auction for 500000.
[22:23:33] > VashleyProGamer added x1 §x§F§F§5§5§0§0§lsᴇʟʟᴡᴀɴᴅ §6- 5.0x in auction for 500000.
[22:24:04] > StatikLight added x1 §x§F§F§5§5§0§0§lsᴇʟʟᴡᴀɴᴅ §6- 20.0x in auction for 1500000.
[22:24:25] > mae buy x1 §x§F§F§5§5§0§0§lsᴇʟʟᴡᴀɴᴅ §6- 20.0x to StatikLight for $1,500,000.
[22:25:16] > PlayTexts added x1 §f§l§8B§x§6§0§6§0§6§0a§x§6§C§6§C§6§Ch§x§7§7§7§7§7§7a§x§8§2§8§2§8§2m§x§8§E§8§E§8§Eu§x§9§9§9§9§9§9t§x§A§4§A§4§A§4 G§x§9§9§9§9§9§9a§x§8§E§8§E§8§Eu§x§8§2§8§2§8§2n§x§7§7§7§7§7§7t§x§6§C§6§C§6§Cl§x§6§0§6§0§6§0e§8t in auction for 750000.
[22:25:31] > PlayTexts remove x1 §x§F§F§5§5§0§0§lsᴇʟʟᴡᴀɴᴅ §6- 5.0x from storage
[22:28:24] > mae added x1 §fPanda Hat in auction for 10.
[22:29:12] > sigman buy x1 §fPanda Hat to mae for $10.
[22:29:38] > sigman remove x1 §fPanda Hat from buy
[22:29:54] > sigman added x1 §fPanda Hat in auction for 250000.
[22:48:49] > Runz added x1 §f§l§x§8§A§0§0§F§FS§x§9§C§0§0§D§5h§x§A§D§0§0§A§Ai§x§B§F§0§0§8§0n§x§D§0§0§0§5§5e§x§E§2§0§0§2§B §x§F§3§0§0§0§0O§x§E§2§0§0§2§An§x§D§0§0§0§5§5i§x§B§F§0§0§8§0 §x§A§D§0§0§A§AH§x§9§C§0§0§D§5o§x§8§A§0§0§F§Fe in auction for 2000000.
[22:50:13] > sigman added x1 §f§l§x§8§A§0§0§F§FS§x§9§8§0§0§D§Dh§x§A§6§0§0§B§Bi§x§B§4§0§0§9§9n§x§C§2§0§0§7§7e§x§D§0§0§0§5§5 §x§D§E§0§0§3§3O§x§E§C§0§0§1§1ni§x§D§E§0§0§3§3 §x§D§0§0§0§5§5S§x§C§2§0§0§7§7h§x§B§4§0§0§9§9i§x§A§6§0§0§B§Be§x§9§8§0§0§D§Dl§x§8§A§0§0§F§Fd in auction for 2500000.
[22:52:05] > sigman added x1 §f§l§8B§x§6§3§6§3§6§3a§x§7§1§7§1§7§1h§x§8§0§8§0§8§0a§x§8§E§8§E§8§Em§x§9§C§9§C§9§Cu§7t§x§9§C§9§C§9§C §x§8§E§8§E§8§ES§x§8§0§8§0§8§0t§x§7§1§7§1§7§1a§x§6§3§6§3§6§3f§8f in auction for 4000000.
[22:57:49] > sigman added x1 §x§F§F§3§E§0§0§lDemon Lord Wings in auction for 4000000.
[22:58:29] > PlayTexts added x1 §f§l§8B§x§6§3§6§3§6§3a§x§7§1§7§1§7§1h§x§8§0§8§0§8§0a§x§8§E§8§E§8§Em§x§9§C§9§C§9§Cu§7t§x§9§C§9§C§9§C §x§8§E§8§E§8§EW§x§8§0§8§0§8§0i§x§7§1§7§1§7§1n§x§6§3§6§3§6§3g§8s in auction for 2500000.
[22:58:50] > sigman remove x1 §x§F§F§3§E§0§0§lDemon Lord Wings from storage
[22:59:17] > sigman added x1 §x§F§F§3§E§0§0§lDemon Lord Wings in auction for 3000000.
[23:00:46] > fuzzy_fae added x1 §f§l§8B§x§6§6§6§6§6§6a§x§7§7§7§7§7§7h§x§8§8§8§8§8§8a§x§9§9§9§9§9§9m§7u§x§9§9§9§9§9§9t§x§8§8§8§8§8§8 §x§7§7§7§7§7§7H§x§6§6§6§6§6§6o§8e in auction for 50000.
[23:00:52] > Horheee buy x1 §f§l§8B§x§6§6§6§6§6§6a§x§7§7§7§7§7§7h§x§8§8§8§8§8§8a§x§9§9§9§9§9§9m§7u§x§9§9§9§9§9§9t§x§8§8§8§8§8§8 §x§7§7§7§7§7§7H§x§6§6§6§6§6§6o§8e to fuzzy_fae for $50,000.
[23:00:57] > Horheee remove x1 §f§l§8B§x§6§6§6§6§6§6a§x§7§7§7§7§7§7h§x§8§8§8§8§8§8a§x§9§9§9§9§9§9m§7u§x§9§9§9§9§9§9t§x§8§8§8§8§8§8 §x§7§7§7§7§7§7H§x§6§6§6§6§6§6o§8e from buy
[23:01:28] > fuzzy_fae added x1 §f§l§8B§x§6§6§6§6§6§6a§x§7§7§7§7§7§7h§x§8§8§8§8§8§8a§x§9§9§9§9§9§9m§7u§x§9§9§9§9§9§9t§x§8§8§8§8§8§8 §x§7§7§7§7§7§7H§x§6§6§6§6§6§6o§8e in auction for 100067.
[23:02:09] > Horheee buy x1 §f§l§8B§x§6§6§6§6§6§6a§x§7§7§7§7§7§7h§x§8§8§8§8§8§8a§x§9§9§9§9§9§9m§7u§x§9§9§9§9§9§9t§x§8§8§8§8§8§8 §x§7§7§7§7§7§7H§x§6§6§6§6§6§6o§8e to fuzzy_fae for $100,067.
[23:02:14] > Horheee remove x1 §f§l§8B§x§6§6§6§6§6§6a§x§7§7§7§7§7§7h§x§8§8§8§8§8§8a§x§9§9§9§9§9§9m§7u§x§9§9§9§9§9§9t§x§8§8§8§8§8§8 §x§7§7§7§7§7§7H§x§6§6§6§6§6§6o§8e from buy
[23:03:03] > fuzzy_fae added x1 §f§l§x§8§A§0§0§F§FS§x§9§9§0§0§D§Bh§x§A§8§0§0§B§6i§x§B§7§0§0§9§2n§x§C§6§0§0§6§De§x§D§5§0§0§4§9 §x§E§4§0§0§2§4O§x§F§3§0§0§0§0n§x§E§4§0§0§2§4i§x§D§5§0§0§4§9 §x§C§6§0§0§6§DS§x§B§7§0§0§9§2t§x§A§8§0§0§B§6a§x§9§9§0§0§D§Bf§x§8§A§0§0§F§Ff in auction for 3000000.
[23:03:26] > Horheee added x1 §fAxolotl Plushie (Brown) §6(5/101) in auction for 50000.
[23:03:40] > Horheee remove x1 §fAxolotl Plushie (Brown) §6(5/101) from storage
[23:03:50] > fuzzy_fae added x1 §f§l§8B§x§6§6§6§6§6§6a§x§7§7§7§7§7§7h§x§8§8§8§8§8§8a§x§9§9§9§9§9§9m§7u§x§9§9§9§9§9§9t§x§8§8§8§8§8§8 §x§7§7§7§7§7§7H§x§6§6§6§6§6§6o§8e in auction for 75021.
[23:04:40] > fuzzy_fae buy x1 §x§F§F§5§5§0§0§lsᴇʟʟᴡᴀɴᴅ §6- 5.0x to VashleyProGamer for $500,000.
[23:04:51] > Horheee buy x1 §f§l§8B§x§6§3§6§3§6§3a§x§7§1§7§1§7§1h§x§8§0§8§0§8§0a§x§8§E§8§E§8§Em§x§9§C§9§C§9§Cu§7t§x§9§C§9§C§9§C §x§8§E§8§E§8§EW§x§8§0§8§0§8§0i§x§7§1§7§1§7§1n§x§6§3§6§3§6§3g§8s to PlayTexts for $2,500,000.
[23:05:06] > Horheee remove x1 §f§l§8B§x§6§3§6§3§6§3a§x§7§1§7§1§7§1h§x§8§0§8§0§8§0a§x§8§E§8§E§8§Em§x§9§C§9§C§9§Cu§7t§x§9§C§9§C§9§C §x§8§E§8§E§8§EW§x§8§0§8§0§8§0i§x§7§1§7§1§7§1n§x§6§3§6§3§6§3g§8s from buy
[23:05:47] > fuzzy_fae remove x1 §x§F§F§5§5§0§0§lsᴇʟʟᴡᴀɴᴅ §6- 5.0x from buy
[23:09:56] > mae added x1 §fCat Plushie (Ragdoll) §6(#19/101) in auction for 10000.
[23:15:06] > mae added x1 §f§l§8B§x§6§6§6§6§6§6a§x§7§7§7§7§7§7h§x§8§8§8§8§8§8a§x§9§9§9§9§9§9m§7u§x§9§9§9§9§9§9t§x§8§8§8§8§8§8 §x§7§7§7§7§7§7H§x§6§6§6§6§6§6a§8t in auction for 1000000.
[23:44:55] > Shirosoo0 added x1 §x§E§4§3§A§3§A§lC§x§C§E§5§0§3§A§lh§x§B§9§6§6§3§9§lr§x§A§3§7§C§3§9§li§x§8§E§9§2§3§9§ls§x§7§8§A§8§3§9§lt§x§6§3§B§E§3§8§lm§x§4§D§D§4§3§8§la§x§6§3§B§E§3§8§ls §x§8§E§9§2§3§9§lG§x§A§3§7§C§3§9§ll§x§B§9§6§6§3§9§lo§x§C§E§5§0§3§A§lb§x§E§4§3§A§3§A§le in auction for 10.
[23:44:58] > Cynishere buy x1 §x§E§4§3§A§3§A§lC§x§C§E§5§0§3§A§lh§x§B§9§6§6§3§9§lr§x§A§3§7§C§3§9§li§x§8§E§9§2§3§9§ls§x§7§8§A§8§3§9§lt§x§6§3§B§E§3§8§lm§x§4§D§D§4§3§8§la§x§6§3§B§E§3§8§ls §x§8§E§9§2§3§9§lG§x§A§3§7§C§3§9§ll§x§B§9§6§6§3§9§lo§x§C§E§5§0§3§A§lb§x§E§4§3§A§3§A§le to Shirosoo0 for $10.
[23:46:41] > Cynishere remove x1 §x§E§4§3§A§3§A§lC§x§C§E§5§0§3§A§lh§x§B§9§6§6§3§9§lr§x§A§3§7§C§3§9§li§x§8§E§9§2§3§9§ls§x§7§8§A§8§3§9§lt§x§6§3§B§E§3§8§lm§x§4§D§D§4§3§8§la§x§6§3§B§E§3§8§ls §x§8§E§9§2§3§9§lG§x§A§3§7§C§3§9§ll§x§B§9§6§6§3§9§lo§x§C§E§5§0§3§A§lb§x§E§4§3§A§3§A§le from buy
[23:59:16] > Typeshe added x1 §f§l§x§E§4§3§A§3§AM§x§D§3§4§B§3§Ae§x§C§2§5§C§3§Ar§x§B§2§6§D§3§9r§x§A§1§7§E§3§9y§x§9§0§9§0§3§9 §x§7§F§A§1§3§9C§x§6§F§B§2§3§8h§x§5§E§C§3§3§8r§x§4§D§D§4§3§8i§x§5§E§C§3§3§8s§x§6§F§B§2§3§8t§x§7§F§A§1§3§9m§x§9§0§9§0§3§9a§x§A§1§7§E§3§9s§x§B§2§6§D§3§9 §x§C§2§5§C§3§AH§x§D§3§4§B§3§Aa§x§E§4§3§A§3§At in auction for 150000.
[00:15:39] > Horheee added x1 §x§F§F§7§C§0§0§lSteamsparks Axe in auction for 100000.
[00:15:48] > StatikLight buy x1 §x§F§F§7§C§0§0§lSteamsparks Axe to Horheee for $100,000.
[00:16:28] > StatikLight remove x1 §x§F§F§7§C§0§0§lSteamsparks Axe from buy
[00:40:27] > Horheee added x1 §x§5§9§A§1§D§9§lA§x§7§1§A§E§D§Er§x§8§8§B§C§E§4c§x§A§0§C§9§E§9h§x§B§8§D§7§E§Fa§x§D§0§E§4§F§4n§x§E§7§F§2§F§Ag§fe§x§E§7§F§2§F§Al §x§B§8§D§7§E§FS§x§A§0§C§9§E§9p§x§8§8§B§C§E§4e§x§7§1§A§E§D§Ea§x§5§9§A§1§D§9r in auction for 500000.
[00:42:15] > Horheee added x1 Shulker box in auction for 30000.
[00:42:26] > Horheee added x1 Shulker box in auction for 30000.
[00:42:40] > fuzzy_fae added x1 §f§l§x§E§4§3§A§3§AM§x§D§8§4§6§3§Ae§x§C§D§5§2§3§Ar§x§C§1§5§E§3§Ar§x§B§6§6§9§3§9y§x§A§A§7§5§3§9 §x§9§E§8§1§3§9C§x§9§3§8§D§3§9h§x§8§7§9§9§3§9r§x§7§B§A§5§3§9i§x§7§0§B§0§3§8s§x§6§4§B§C§3§8t§x§5§9§C§8§3§8m§x§4§D§D§4§3§8a§x§5§9§C§8§3§8s§x§6§4§B§C§3§8 §x§7§0§B§0§3§8F§x§7§B§A§5§3§9i§x§8§7§9§9§3§9s§x§9§3§8§D§3§9h§x§9§E§8§1§3§9i§x§A§A§7§5§3§9n§x§B§6§6§9§3§9g§x§C§1§5§E§3§A §x§C§D§5§2§3§Ar§x§D§8§4§6§3§Ao§x§E§4§3§A§3§Ad in auction for 50000.
[00:42:53] > StatikLight buy x1 §f§l§x§E§4§3§A§3§AM§x§D§8§4§6§3§Ae§x§C§D§5§2§3§Ar§x§C§1§5§E§3§Ar§x§B§6§6§9§3§9y§x§A§A§7§5§3§9 §x§9§E§8§1§3§9C§x§9§3§8§D§3§9h§x§8§7§9§9§3§9r§x§7§B§A§5§3§9i§x§7§0§B§0§3§8s§x§6§4§B§C§3§8t§x§5§9§C§8§3§8m§x§4§D§D§4§3§8a§x§5§9§C§8§3§8s§x§6§4§B§C§3§8 §x§7§0§B§0§3§8F§x§7§B§A§5§3§9i§x§8§7§9§9§3§9s§x§9§3§8§D§3§9h§x§9§E§8§1§3§9i§x§A§A§7§5§3§9n§x§B§6§6§9§3§9g§x§C§1§5§E§3§A §x§C§D§5§2§3§Ar§x§D§8§4§6§3§Ao§x§E§4§3§A§3§Ad to fuzzy_fae for $50,000.
[00:44:48] > StatikLight remove x1 §f§l§x§E§4§3§A§3§AM§x§D§8§4§6§3§Ae§x§C§D§5§2§3§Ar§x§C§1§5§E§3§Ar§x§B§6§6§9§3§9y§x§A§A§7§5§3§9 §x§9§E§8§1§3§9C§x§9§3§8§D§3§9h§x§8§7§9§9§3§9r§x§7§B§A§5§3§9i§x§7§0§B§0§3§8s§x§6§4§B§C§3§8t§x§5§9§C§8§3§8m§x§4§D§D§4§3§8a§x§5§9§C§8§3§8s§x§6§4§B§C§3§8 §x§7§0§B§0§3§8F§x§7§B§A§5§3§9i§x§8§7§9§9§3§9s§x§9§3§8§D§3§9h§x§9§E§8§1§3§9i§x§A§A§7§5§3§9n§x§B§6§6§9§3§9g§x§C§1§5§E§3§A §x§C§D§5§2§3§Ar§x§D§8§4§6§3§Ao§x§E§4§3§A§3§Ad from buy
[00:57:57] > Horheee remove x1 §x§E§5§1§B§1§B§lDracula Boots from storage
[00:57:57] > Horheee remove x1 §x§E§5§1§B§1§B§lDracula Boots from storage
[00:57:58] > Horheee remove x1 Shulker box from storage
[00:57:58] > Horheee remove x1 Shulker box from storage
[00:58:09] > Horheee added x1 §x§E§5§1§B§1§B§lDracula Boots in auction for 50000.
[00:58:26] > Horheee added x1 §x§E§5§1§B§1§B§lDracula Boots in auction for 50000.
[01:28:58] > Icon_Skully buy x1 §x§F§F§3§E§0§0§lDemon Lord Wings to sigman for $3,000,000.
[01:29:54] > Icon_Skully remove x1 §x§F§F§3§E§0§0§lDemon Lord Wings from buy
[01:29:55] > Icon_Skully remove x1 §f§bWarden Plushie §6(#93/101) from buy
[01:31:38] > x1 §f§l§x§E§4§3§A§3§AM§x§D§7§4§7§3§Ae§x§C§A§5§5§3§Ar§x§B§D§6§2§3§9r§x§A§F§7§0§3§9y§x§A§2§7§D§3§9 §x§9§5§8§A§3§9C§x§8§8§9§8§3§9h§x§7§B§A§5§3§9r§x§6§E§B§3§3§8i§x§6§1§C§0§3§8s§x§5§4§C§D§3§8tm§x§6§1§C§0§3§8a§x§6§E§B§3§3§8s§x§7§B§A§5§3§9 §x§8§8§9§8§3§9C§x§9§5§8§A§3§9r§x§A§2§7§D§3§9o§x§A§F§7§0§3§9s§x§B§D§6§2§3§9s§x§C§A§5§5§3§Ab§x§D§7§4§7§3§Ao§x§E§4§3§A§3§Aw, item of sigman, has just expired, the item is definitively deleted.
[01:31:38] > x64 Firework rocket, item of SenjuKawaragi, has just expired, the item is definitively deleted.
[01:31:38] > x1 §x§F§F§7§C§0§0§lSteamsparks Hammer, item of Edabis, has just expired, the item is definitively deleted.
[01:31:38] > x1 §x§F§0§7§A§5§4§lZombie Apocalyptic Helmet, item of .Allxnzv, has just expired, the item is definitively deleted.
[01:31:38] > x1 §x§F§F§3§E§0§0§lDemon Lord Wings, item of shelby, has just expired, the item is definitively deleted.
[01:34:21] > Icon_Skully added x1 §f§l§x§E§4§3§A§3§AM§x§D§8§4§6§3§Ae§x§C§C§5§3§3§Ar§x§C§0§5§F§3§Ar§x§B§4§6§B§3§9y§x§A§8§7§8§3§9 §x§9§C§8§4§3§9C§x§8§F§9§0§3§9h§x§8§3§9§D§3§9r§x§7§7§A§9§3§9i§x§6§B§B§5§3§8s§x§5§F§C§2§3§8t§x§5§3§C§E§3§8ma§x§5§F§C§2§3§8s§x§6§B§B§5§3§8 §x§7§7§A§9§3§9C§x§8§3§9§D§3§9h§x§8§F§9§0§3§9e§x§9§C§8§4§3§9s§x§A§8§7§8§3§9t§x§B§4§6§B§3§9p§x§C§0§5§F§3§Al§x§C§C§5§3§3§Aa§x§D§8§4§6§3§At§x§E§4§3§A§3§Ae in auction for 100000.
[01:50:51] > VashleyProGamer added x1 Ominous bottle in auction for 25000.
[01:50:56] > StatikLight buy x1 Ominous bottle to VashleyProGamer for $25,000.
[01:51:31] > Icon_Skully added x1 §fGlow Squid Plushie §6(#41/101) in auction for 2000.
[01:51:46] > Icon_Skully added x1 §fAxolotl Plushie (Blue) §6(4/101) in auction for 2000.
[01:51:55] > Typeshe buy x1 §fAxolotl Plushie (Blue) §6(4/101) to Icon_Skully for $2,000.
[01:51:57] > Icon_Skully added x1 §fStray Plushie §6(#85/101) in auction for 10.
[01:51:58] > Typeshe buy x1 §fGlow Squid Plushie §6(#41/101) to Icon_Skully for $2,000.
[01:52:01] > Typeshe buy x1 §fStray Plushie §6(#85/101) to Icon_Skully for $10.
[01:52:08] > Icon_Skully added x1 §fEvoker Plushie §6(#34/101) in auction for 2000.
[01:52:14] > Typeshe buy x1 §fEvoker Plushie §6(#34/101) to Icon_Skully for $2,000.
[01:52:23] > Icon_Skully added x1 §fPolar Bear Plushie §6(#67/101) in auction for 2000.
[01:52:28] > Typeshe buy x1 §fPolar Bear Plushie §6(#67/101) to Icon_Skully for $2,000.
[01:52:34] > Icon_Skully added x1 §fPanda Plushie §6(#56/101) in auction for 2000.
[01:52:47] > Typeshe buy x1 §fPanda Plushie §6(#56/101) to Icon_Skully for $2,000.
[01:52:49] > Icon_Skully added x1 §fRabbit Plushie (Black & White) §6(#71/101) in auction for 2000.
[01:53:03] > Icon_Skully added x1 §fZoglin Plushie §6(#98/101) in auction for 2000.
[01:53:09] > Typeshe buy x1 §fZoglin Plushie §6(#98/101) to Icon_Skully for $2,000.
[01:53:11] > Typeshe buy x1 §fRabbit Plushie (Black & White) §6(#71/101) to Icon_Skully for $2,000.
[01:53:17] > Icon_Skully added x1 §fRabbit Plushie §6(#69/101) in auction for 2000.
[01:53:33] > Icon_Skully added x1 §fGoat Plushie §6(#42/101) in auction for 2000.
[01:53:54] > Icon_Skully added x1 §fCat Plushie (Ragdoll) §6(#19/101) in auction for 2000.
[01:53:57] > Typeshe buy x1 §fRabbit Plushie §6(#69/101) to Icon_Skully for $2,000.
[01:54:00] > StatikLight buy x1 §fCat Plushie (Ragdoll) §6(#19/101) to Icon_Skully for $2,000.
[01:54:01] > Typeshe buy x1 §fGoat Plushie §6(#42/101) to Icon_Skully for $2,000.
[01:54:04] > Icon_Skully added x1 §fCat Plushie (Jellie) §6(#17/101) in auction for 2000.
[01:54:11] > Typeshe remove x1 §fAxolotl Plushie (Blue) §6(4/101) form buy
[01:54:11] > Typeshe remove x1 §fStray Plushie §6(#85/101) form buy
[01:54:11] > Typeshe remove x1 §fGlow Squid Plushie §6(#41/101) form buy
[01:54:11] > Typeshe remove x1 §fPanda Plushie §6(#56/101) form buy
[01:54:11] > Typeshe remove x1 §fPolar Bear Plushie §6(#67/101) form buy
[01:54:11] > Typeshe remove x1 §fEvoker Plushie §6(#34/101) form buy
[01:54:11] > Typeshe remove x1 §fGoat Plushie §6(#42/101) form buy
[01:54:11] > Typeshe remove x1 §fZoglin Plushie §6(#98/101) form buy
[01:54:11] > Typeshe remove x1 §fRabbit Plushie (Black & White) §6(#71/101) form buy
[01:54:11] > Typeshe remove x1 §fRabbit Plushie §6(#69/101) form buy
[01:54:16] > StatikLight buy x1 §fCat Plushie (Jellie) §6(#17/101) to Icon_Skully for $2,000.
[02:06:37] > StatikLight remove x1 Ominous bottle form buy
[02:06:37] > StatikLight remove x1 §fCat Plushie (Ragdoll) §6(#19/101) form buy
[02:06:37] > StatikLight remove x1 §fCat Plushie (Jellie) §6(#17/101) form buy
[02:10:31] > Julene added x1 §x§F§F§3§E§0§0§lDemon Lord Wings in auction for 5000000.
[02:10:51] > NoClarity buy x1 §x§F§F§3§E§0§0§lDemon Lord Wings to Julene for $5,000,000.
[02:11:00] > NoClarity remove x1 §x§F§F§3§E§0§0§lDemon Lord Wings from buy
[02:11:15] > Julene added x4 Beacon in auction for 500000.
[02:49:04] > fuzzy_fae remove x1 §f§l§8B§x§6§6§6§6§6§6a§x§7§7§7§7§7§7h§x§8§8§8§8§8§8a§x§9§9§9§9§9§9m§7u§x§9§9§9§9§9§9t§x§8§8§8§8§8§8 §x§7§7§7§7§7§7H§x§6§6§6§6§6§6o§8e from storage
[02:49:06] > fuzzy_fae remove x1 §f§l§x§8§A§0§0§F§FS§x§9§9§0§0§D§Bh§x§A§8§0§0§B§6i§x§B§7§0§0§9§2n§x§C§6§0§0§6§De§x§D§5§0§0§4§9 §x§E§4§0§0§2§4O§x§F§3§0§0§0§0n§x§E§4§0§0§2§4i§x§D§5§0§0§4§9 §x§C§6§0§0§6§DS§x§B§7§0§0§9§2t§x§A§8§0§0§B§6a§x§9§9§0§0§D§Bf§x§8§A§0§0§F§Ff form storage
[02:49:06] > fuzzy_fae remove x1 §f§l§x§E§4§3§A§3§AM§x§D§6§4§9§3§Ae§x§C§7§5§7§3§Ar§x§B§9§6§6§3§9r§x§A§A§7§5§3§9y§x§9§C§8§3§3§9 §x§8§E§9§2§3§9C§x§7§F§A§1§3§9h§x§7§1§A§F§3§8r§x§6§3§B§E§3§8i§x§5§4§C§D§3§8st§x§6§3§B§E§3§8m§x§7§1§A§F§3§8a§x§7§F§A§1§3§9s§x§8§E§9§2§3§9 §x§9§C§8§3§3§9S§x§A§A§7§5§3§9c§x§B§9§6§6§3§9y§x§C§7§5§7§3§At§x§D§6§4§9§3§Ah§x§E§4§3§A§3§Ae form storage
[02:49:06] > fuzzy_fae remove x1 §f§l§x§E§4§3§A§3§AM§x§D§5§4§9§3§Ae§x§C§6§5§9§3§Ar§x§B§7§6§8§3§9r§x§A§8§7§8§3§9y§x§9§9§8§7§3§9 §x§8§9§9§6§3§9C§x§7§A§A§6§3§9h§x§6§B§B§5§3§8r§x§5§C§C§5§3§8i§x§4§D§D§4§3§8s§x§5§C§C§5§3§8t§x§6§B§B§5§3§8m§x§7§A§A§6§3§9a§x§8§9§9§6§3§9s§x§9§9§8§7§3§9 §x§A§8§7§8§3§9S§x§B§7§6§8§3§9w§x§C§6§5§9§3§Ao§x§D§5§4§9§3§Ar§x§E§4§3§A§3§Ad form storage
[02:49:24] > fuzzy_fae added x1 §f§l§8B§x§6§6§6§6§6§6a§x§7§7§7§7§7§7h§x§8§8§8§8§8§8a§x§9§9§9§9§9§9m§7u§x§9§9§9§9§9§9t§x§8§8§8§8§8§8 §x§7§7§7§7§7§7H§x§6§6§6§6§6§6o§8e in auction for 25067.
[02:49:37] > fuzzy_fae added x1 §f§l§x§8§A§0§0§F§FS§x§9§9§0§0§D§Bh§x§A§8§0§0§B§6i§x§B§7§0§0§9§2n§x§C§6§0§0§6§De§x§D§5§0§0§4§9 §x§E§4§0§0§2§4O§x§F§3§0§0§0§0n§x§E§4§0§0§2§4i§x§D§5§0§0§4§9 §x§C§6§0§0§6§DS§x§B§7§0§0§9§2t§x§A§8§0§0§B§6a§x§9§9§0§0§D§Bf§x§8§A§0§0§F§Ff in auction for 2500000.
[02:50:04] > fuzzy_fae added x1 §f§l§x§E§4§3§A§3§AM§x§D§5§4§9§3§Ae§x§C§6§5§9§3§Ar§x§B§7§6§8§3§9r§x§A§8§7§8§3§9y§x§9§9§8§7§3§9 §x§8§9§9§6§3§9C§x§7§A§A§6§3§9h§x§6§B§B§5§3§8r§x§5§C§C§5§3§8i§x§4§D§D§4§3§8s§x§5§C§C§5§3§8t§x§6§B§B§5§3§8m§x§7§A§A§6§3§9a§x§8§9§9§6§3§9s§x§9§9§8§7§3§9 §x§A§8§7§8§3§9S§x§B§7§6§8§3§9w§x§C§6§5§9§3§Ao§x§D§5§4§9§3§Ar§x§E§4§3§A§3§Ad in auction for 75000.
[02:50:17] > fuzzy_fae added x1 §f§l§x§E§4§3§A§3§AM§x§D§6§4§9§3§Ae§x§C§7§5§7§3§Ar§x§B§9§6§6§3§9r§x§A§A§7§5§3§9y§x§9§C§8§3§3§9 §x§8§E§9§2§3§9C§x§7§F§A§1§3§9h§x§7§1§A§F§3§8r§x§6§3§B§E§3§8i§x§5§4§C§D§3§8st§x§6§3§B§E§3§8m§x§7§1§A§F§3§8a§x§7§F§A§1§3§9s§x§8§E§9§2§3§9 §x§9§C§8§3§3§9S§x§A§A§7§5§3§9c§x§B§9§6§6§3§9y§x§C§7§5§7§3§At§x§D§6§4§9§3§Ah§x§E§4§3§A§3§Ae in auction for 70000.
[03:10:43] > StatikLight buy x1 §f§l§x§E§4§3§A§3§AM§x§D§6§4§9§3§Ae§x§C§7§5§7§3§Ar§x§B§9§6§6§3§9r§x§A§A§7§5§3§9y§x§9§C§8§3§3§9 §x§8§E§9§2§3§9C§x§7§F§A§1§3§9h§x§7§1§A§F§3§8r§x§6§3§B§E§3§8i§x§5§4§C§D§3§8st§x§6§3§B§E§3§8m§x§7§1§A§F§3§8a§x§7§F§A§1§3§9s§x§8§E§9§2§3§9 §x§9§C§8§3§3§9S§x§A§A§7§5§3§9c§x§B§9§6§6§3§9y§x§C§7§5§7§3§At§x§D§6§4§9§3§Ah§x§E§4§3§A§3§Ae to fuzzy_fae for $70,000.
[03:10:44] > StatikLight buy x1 §f§l§x§E§4§3§A§3§AM§x§D§5§4§9§3§Ae§x§C§6§5§9§3§Ar§x§B§7§6§8§3§9r§x§A§8§7§8§3§9y§x§9§9§8§7§3§9 §x§8§9§9§6§3§9C§x§7§A§A§6§3§9h§x§6§B§B§5§3§8r§x§5§C§C§5§3§8i§x§4§D§D§4§3§8s§x§5§C§C§5§3§8t§x§6§B§B§5§3§8m§x§7§A§A§6§3§9a§x§8§9§9§6§3§9s§x§9§9§8§7§3§9 §x§A§8§7§8§3§9S§x§B§7§6§8§3§9w§x§C§6§5§9§3§Ao§x§D§5§4§9§3§Ar§x§E§4§3§A§3§Ad to fuzzy_fae for $75,000.
[03:11:00] > x1 §x§F§C§D§0§5§C§lB§x§E§6§D§3§6§B§la§x§C§F§D§5§7§A§ls§x§B§9§D§8§8§9§li§x§A§2§D§A§9§8§lc §x§7§5§D§F§B§6§lC§x§5§F§E§2§C§5§lr§x§7§5§D§F§B§6§la§x§8§C§D§D§A§7§lt§x§A§2§D§A§9§8§le §x§C§F§D§5§7§A§lK§x§E§6§D§3§6§B§le§x§F§C§D§0§5§C§ly, bought by CuddlyCow, has just expired, the item is definitively deleted.
[03:11:00] > x1 §x§E§5§1§B§1§B§lDracula Staff, bought by mumbowe777, has just expired, the item is definitively deleted.
[03:11:06] > StatikLight remove x1 §f§l§x§E§4§3§A§3§AM§x§D§6§4§9§3§Ae§x§C§7§5§7§3§Ar§x§B§9§6§6§3§9r§x§A§A§7§5§3§9y§x§9§C§8§3§3§9 §x§8§E§9§2§3§9C§x§7§F§A§1§3§9h§x§7§1§A§F§3§8r§x§6§3§B§E§3§8i§x§5§4§C§D§3§8st§x§6§3§B§E§3§8m§x§7§1§A§F§3§8a§x§7§F§A§1§3§9s§x§8§E§9§2§3§9 §x§9§C§8§3§3§9S§x§A§A§7§5§3§9c§x§B§9§6§6§3§9y§x§C§7§5§7§3§At§x§D§6§4§9§3§Ah§x§E§4§3§A§3§Ae form buy
[03:11:06] > StatikLight remove x1 §f§l§x§E§4§3§A§3§AM§x§D§5§4§9§3§Ae§x§C§6§5§9§3§Ar§x§B§7§6§8§3§9r§x§A§8§7§8§3§9y§x§9§9§8§7§3§9 §x§8§9§9§6§3§9C§x§7§A§A§6§3§9h§x§6§B§B§5§3§8r§x§5§C§C§5§3§8i§x§4§D§D§4§3§8s§x§5§C§C§5§3§8t§x§6§B§B§5§3§8m§x§7§A§A§6§3§9a§x§8§9§9§6§3§9s§x§9§9§8§7§3§9 §x§A§8§7§8§3§9S§x§B§7§6§8§3§9w§x§C§6§5§9§3§Ao§x§D§5§4§9§3§Ar§x§E§4§3§A§3§Ad form buy
[03:38:23] > Julene remove x4 Beacon from storage
[04:00:21] > sigman added x1 §x§E§4§3§A§3§A§lC§x§C§E§5§0§3§A§lh§x§B§9§6§6§3§9§lr§x§A§3§7§C§3§9§li§x§8§E§9§2§3§9§ls§x§7§8§A§8§3§9§lt§x§6§3§B§E§3§8§lm§x§4§D§D§4§3§8§la§x§6§3§B§E§3§8§ls §x§8§E§9§2§3§9§lG§x§A§3§7§C§3§9§ll§x§B§9§6§6§3§9§lo§x§C§E§5§0§3§A§lb§x§E§4§3§A§3§A§le in auction for 1500000.
[08:33:17] > ArchKolnerDom added x1 §x§F§F§7§C§0§0§lSteamsparks Battle Axe in auction for 100000.
[08:33:28] > x1 WINGS OF ETERNITY, item of Apprintance, has just expired, the item is definitively deleted.
[08:42:47] > ArchKolnerDom added x1 §x§F§F§7§C§0§0§lSteamsparks Hammer in auction for 100000.
[08:43:05] > ArchKolnerDom remove x1 §x§F§F§7§C§0§0§lSteamsparks Hammer from storage
[08:43:07] > ArchKolnerDom remove x1 §x§F§F§7§C§0§0§lSteamsparks Battle Axe from storage
[08:43:36] > ArchKolnerDom added x1 §x§F§F§7§C§0§0§lSteamsparks Hammer in auction for 200000.
[08:43:49] > ArchKolnerDom added x1 §x§F§F§7§C§0§0§lSteamsparks Battle Axe in auction for 100000.
[11:07:50] > Icon_Skully added x1 §fFrog Plushie §6(#37/101) in auction for 2000.
[11:08:07] > Icon_Skully added x1 §fGhast Plushie §6(#40/101) in auction for 2000.
[11:08:25] > Yrishh buy x1 §fGhast Plushie §6(#40/101) to Icon_Skully for $2,000.
[11:08:27] > Yrishh buy x1 §fFrog Plushie §6(#37/101) to Icon_Skully for $2,000.
[11:09:27] > x5 §x§F§C§9§0§5§C§lE§x§E§6§9§C§6§B§lp§x§C§F§A§7§7§A§li§x§B§9§B§3§8§9§lc §x§8§C§C§B§A§7§lC§x§7§5§D§6§B§6§lr§x§5§F§E§2§C§5§la§x§7§9§D§4§B§4§lt§x§9§3§C§7§A§2§le §x§C§8§A§B§7§F§lK§x§E§2§9§E§6§E§le§x§F§C§9§0§5§C§ly, bought by R4YVEN, has just expired, the item is definitively deleted.
[11:09:31] > Yrishh remove x1 §fGhast Plushie §6(#40/101) form buy
[11:09:31] > Yrishh remove x64 Cobblestone form buy
[11:09:31] > Yrishh remove x1 §fFrog Plushie §6(#37/101) form buy