
[12:08:19] > HPMR_GaMerz added x6 §x§F§F§3§E§0§0§lD§x§F§F§3§7§0§0§le§x§F§F§3§0§0§0§lm§x§F§F§2§9§0§0§lo§x§F§F§2§2§0§0§ln §x§F§F§1§5§0§0§lL§x§F§F§0§E§0§0§lo§x§F§F§0§7§0§0§lr§x§F§F§0§0§0§0§ld §x§F§F§0§E§0§0§lF§x§F§F§1§5§0§0§lr§x§F§F§1§C§0§0§la§x§F§F§2§2§0§0§lg§x§F§F§2§9§0§0§lm§x§F§F§3§0§0§0§le§x§F§F§3§7§0§0§ln§x§F§F§3§E§0§0§lt in auction for 1100000.
[12:08:19] > x1 §x§E§5§1§B§1§B§lDracula Leggings on sale by EnderDragon0120 has just expired, it goes in the inventory of expired items.
[12:25:15] > anneyong remove x1 Shulker box from storage
[12:27:47] > kabayooo added x1 wind charge diamond and gold for 850 at diamond in auction for 99999999.
[12:31:29] > x1 §x§E§5§1§B§1§B§lDracula Bow on sale by Axshiryu has just expired, it goes in the inventory of expired items.
[12:32:19] > .AyakoKoru buy x1 §eᴄᴏᴡ sᴘᴀᴡɴᴇʀ to cart224 for $200,000.
[12:32:34] > .AyakoKoru remove x1 §eᴄᴏᴡ sᴘᴀᴡɴᴇʀ from buy
[12:40:17] > Keeos remove x48 Golden apple from storage
[12:40:17] > Keeos remove x48 Golden apple from storage
[12:40:18] > Keeos remove x48 Golden apple from storage
[12:40:18] > Keeos remove x48 Golden apple from storage
[12:40:25] > Keeos added x64 Golden apple in auction for 250000.
[12:40:36] > Keeos added x64 Golden apple in auction for 250000.
[12:41:04] > Keeos added x64 Golden apple in auction for 250000.
[12:41:17] > Keeos added x64 Golden apple in auction for 250000.
[12:50:40] > giyahnpogi added x1 §f§l§8B§x§5§E§5§E§5§Ea§x§6§8§6§8§6§8h§x§7§1§7§1§7§1a§x§7§B§7§B§7§Bm§x§8§4§8§4§8§4u§x§8§E§8§E§8§Et§x§9§7§9§7§9§7 §x§A§1§A§1§A§1F§7i§x§A§1§A§1§A§1s§x§9§7§9§7§9§7h§x§8§E§8§E§8§Ei§x§8§4§8§4§8§4n§x§7§B§7§B§7§Bg§x§7§1§7§1§7§1 §x§6§8§6§8§6§8R§x§5§E§5§E§5§Eo§8d in auction for 500000.
[12:53:30] > .Kabayooo added x5 §x§9§8§6§3§E§7§lG§x§9§0§7§5§E§2§lo§x§8§8§8§7§D§D§ld§x§8§0§9§9§D§8§ll§x§7§7§A§C§D§4§ly §x§6§7§D§0§C§A§lC§x§5§F§E§2§C§5§lr§x§6§7§D§0§C§A§la§x§6§F§B§E§C§F§lt§x§7§7§A§C§D§4§le §x§8§8§8§7§D§D§lK§x§9§0§7§5§E§2§le§x§9§8§6§3§E§7§ly in auction for 300000.
[13:12:36] > giyahnpogi added x1 §x§F§F§3§E§0§0§lD§x§F§F§3§7§0§0§le§x§F§F§3§0§0§0§lm§x§F§F§2§9§0§0§lo§x§F§F§2§2§0§0§ln §x§F§F§1§5§0§0§lL§x§F§F§0§E§0§0§lo§x§F§F§0§7§0§0§lr§x§F§F§0§0§0§0§ld §x§F§F§0§E§0§0§lF§x§F§F§1§5§0§0§lr§x§F§F§1§C§0§0§la§x§F§F§2§2§0§0§lg§x§F§F§2§9§0§0§lm§x§F§F§3§0§0§0§le§x§F§F§3§7§0§0§ln§x§F§F§3§E§0§0§lt in auction for 100000.
[13:13:06] > giyahnpogi remove x1 §f§l§8B§x§6§6§6§6§6§6a§x§7§7§7§7§7§7h§x§8§8§8§8§8§8a§x§9§9§9§9§9§9m§7u§x§9§9§9§9§9§9t§x§8§8§8§8§8§8 §x§7§7§7§7§7§7K§x§6§6§6§6§6§6e§8y from storage
[13:13:18] > giyahnpogi added x1 §x§F§F§3§E§0§0§lD§x§F§F§3§7§0§0§le§x§F§F§3§0§0§0§lm§x§F§F§2§9§0§0§lo§x§F§F§2§2§0§0§ln §x§F§F§1§5§0§0§lL§x§F§F§0§E§0§0§lo§x§F§F§0§7§0§0§lr§x§F§F§0§0§0§0§ld §x§F§F§0§E§0§0§lF§x§F§F§1§5§0§0§lr§x§F§F§1§C§0§0§la§x§F§F§2§2§0§0§lg§x§F§F§2§9§0§0§lm§x§F§F§3§0§0§0§le§x§F§F§3§7§0§0§ln§x§F§F§3§E§0§0§lt in auction for 100000.
[13:38:51] > HPMR_GaMerz buy x64 Emerald block to HwanYo for $550,000.
[13:38:53] > HPMR_GaMerz buy x64 Emerald block to HwanYo for $600,000.
[13:41:07] > HPMR_GaMerz remove x47 Emerald block from buy
[13:41:08] > HPMR_GaMerz remove x47 Emerald block from buy
[14:13:34] > Anc_Kyoto buy x64 Experience bottle to SydneySweetie for $50,000.
[14:13:37] > Anc_Kyoto buy x64 Experience bottle to SydneySweetie for $50,000.
[14:13:39] > Anc_Kyoto buy x64 Experience bottle to SydneySweetie for $50,000.
[14:13:41] > Anc_Kyoto buy x64 Experience bottle to SydneySweetie for $50,000.
[14:13:43] > Anc_Kyoto buy x64 Experience bottle to SydneySweetie for $50,000.
[14:13:45] > Anc_Kyoto buy x64 Experience bottle to SydneySweetie for $50,000.
[14:13:56] > Anc_Kyoto buy x1 Enchanted book to DanRaiv for $250,000.
[14:14:12] > x1 §f§x§D§0§D§0§D§0J§x§C§9§C§9§C§9e§x§C§2§C§2§C§2t§x§B§B§B§B§B§B §x§B§3§B§3§B§3P§x§A§C§A§C§A§Ci§x§A§5§A§5§A§5l§x§9§E§9§E§9§Eo§x§9§7§9§7§9§7t§x§9§0§9§0§9§0 §x§8§9§8§9§8§9H§x§8§2§8§2§8§2e§x§7§A§7§A§7§Al§x§7§3§7§3§7§3m§x§6§C§6§C§6§Ce§x§6§5§6§5§6§5t, bought by BlackKnight, has just expired, the item is definitively deleted.
[14:14:13] > Anc_Kyoto remove x1 Enchanted book from buy
[14:14:14] > Anc_Kyoto remove x64 Experience bottle from buy
[14:14:14] > Anc_Kyoto remove x64 Experience bottle from buy
[14:14:15] > Anc_Kyoto remove x64 Experience bottle from buy
[14:14:15] > Anc_Kyoto remove x64 Experience bottle from buy
[14:14:16] > Anc_Kyoto remove x64 Experience bottle from buy
[14:14:17] > Anc_Kyoto remove x64 Experience bottle from buy
[14:21:34] > cart224 remove x1 §f§l§8B§x§6§2§6§2§6§2a§x§6§F§6§F§6§Fh§x§7§C§7§C§7§Ca§x§8§9§8§9§8§9m§x§9§6§9§6§9§6u§x§A§3§A§3§A§3t §x§9§6§9§6§9§6H§x§8§9§8§9§8§9a§x§7§C§7§C§7§Ct§x§6§F§6§F§6§F §x§6§2§6§2§6§2V§82 from storage
[14:23:53] > cart224 remove x1 §f§l§8B§x§6§2§6§2§6§2a§x§6§F§6§F§6§Fh§x§7§C§7§C§7§Ca§x§8§9§8§9§8§9m§x§9§6§9§6§9§6u§x§A§3§A§3§A§3t §x§9§6§9§6§9§6H§x§8§9§8§9§8§9a§x§7§C§7§C§7§Ct§x§6§F§6§F§6§F §x§6§2§6§2§6§2V§82 from expire
[14:41:13] > x1 §x§E§5§1§B§1§B§lDracula Halberd on sale by Jaiki has just expired, it goes in the inventory of expired items.
[14:41:13] > x1 §x§F§F§3§E§0§0§lD§x§F§F§3§7§0§0§le§x§F§F§3§0§0§0§lm§x§F§F§2§9§0§0§lo§x§F§F§2§2§0§0§ln §x§F§F§1§5§0§0§lL§x§F§F§0§E§0§0§lo§x§F§F§0§7§0§0§lr§x§F§F§0§0§0§0§ld §x§F§F§0§E§0§0§lC§x§F§F§1§5§0§0§lr§x§F§F§1§C§0§0§lo§x§F§F§2§2§0§0§ls§x§F§F§2§9§0§0§ls§x§F§F§3§0§0§0§lb§x§F§F§3§7§0§0§lo§x§F§F§3§E§0§0§lw on sale by Jaiki has just expired, it goes in the inventory of expired items.
[14:58:11] > x2 §x§5§C§C§F§F§C§lC§x§5§C§D§1§F§5§lo§x§5§D§D§4§E§E§ls§x§5§D§D§6§E§7§lm§x§5§E§D§9§E§1§le§x§5§E§D§B§D§A§lt§x§5§E§D§D§D§3§li§x§5§F§E§0§C§C§lc §x§5§F§E§0§C§C§lH§x§5§E§D§D§D§3§la§x§5§E§D§B§D§A§lt§x§5§E§D§9§E§1§ls §x§5§D§D§4§E§E§lK§x§5§C§D§1§F§5§le§x§5§C§C§F§F§C§ly on sale by Zee_ has just expired, it goes in the inventory of expired items.
[15:05:54] > UnavailableTest buy x1 Wither rose to HPMR_GaMerz for $100,000.
[15:06:03] > UnavailableTest remove x1 Enchanted book form buy
[15:06:03] > UnavailableTest remove x1 Enchanted book form buy
[15:06:03] > UnavailableTest remove x1 Enchanted book form buy
[15:06:03] > UnavailableTest remove x1 Enchanted book form buy
[15:06:03] > UnavailableTest remove x1 Enchanted book form buy
[15:06:03] > UnavailableTest remove x1 Wither rose form buy
[15:37:29] > MrZyrus7228 added x1 Diamond chestplate in auction for 10.
[15:42:28] > Unforce01 buy x5 §x§9§8§6§3§E§7§lG§x§9§0§7§5§E§2§lo§x§8§8§8§7§D§D§ld§x§8§0§9§9§D§8§ll§x§7§7§A§C§D§4§ly §x§6§7§D§0§C§A§lC§x§5§F§E§2§C§5§lr§x§6§7§D§0§C§A§la§x§6§F§B§E§C§F§lt§x§7§7§A§C§D§4§le §x§8§8§8§7§D§D§lK§x§9§0§7§5§E§2§le§x§9§8§6§3§E§7§ly to .Kabayooo for $300,000.
[15:42:48] > Unforce01 remove x5 §x§9§8§6§3§E§7§lG§x§9§0§7§5§E§2§lo§x§8§8§8§7§D§D§ld§x§8§0§9§9§D§8§ll§x§7§7§A§C§D§4§ly §x§6§7§D§0§C§A§lC§x§5§F§E§2§C§5§lr§x§6§7§D§0§C§A§la§x§6§F§B§E§C§F§lt§x§7§7§A§C§D§4§le §x§8§8§8§7§D§D§lK§x§9§0§7§5§E§2§le§x§9§8§6§3§E§7§ly form buy
[15:49:27] > Unforce01 added x1 §f§l§x§8§A§0§0§F§FS§x§9§C§0§0§D§5h§x§A§D§0§0§A§Ai§x§B§F§0§0§8§0n§x§D§0§0§0§5§5e§x§E§2§0§0§2§B §x§F§3§0§0§0§0O§x§E§2§0§0§2§An§x§D§0§0§0§5§5i§x§B§F§0§0§8§0 §x§A§D§0§0§A§AA§x§9§C§0§0§D§5x§x§8§A§0§0§F§Fe in auction for 2250000.
[16:21:10] > x1 Elytra on sale by Abbadex has just expired, it goes in the inventory of expired items.
[16:21:21] > SussySuzy buy x1 Diamond chestplate to MrZyrus7228 for $10.
[16:21:44] > SussySuzy remove x1 Diamond chestplate from buy
[16:26:38] > SussySuzy buy x64 Experience bottle to HwanYo for $120,000.
[16:26:44] > SussySuzy remove x64 Experience bottle form buy
[16:28:09] > SussySuzy buy x64 Experience bottle to HwanYo for $130,000.
[16:28:14] > SussySuzy remove x64 Experience bottle form buy
[16:29:37] > HwanYo added x64 Emerald block in auction for 650000.
[16:48:25] > ELITEAtlas added x1 §x§F§F§7§C§0§0§lSteamsparks Staff in auction for 100000.
[16:57:52] > x1 §fAxolotl Plushie §6(#3/101) on sale by PrinceBGC has just expired, it goes in the inventory of expired items.
[17:00:12] > cart224 added x1 §f§l§8B§x§6§2§6§2§6§2a§x§6§F§6§F§6§Fh§x§7§C§7§C§7§Ca§x§8§9§8§9§8§9m§x§9§6§9§6§9§6u§x§A§3§A§3§A§3t §x§9§6§9§6§9§6H§x§8§9§8§9§8§9a§x§7§C§7§C§7§Ct§x§6§F§6§F§6§F §x§6§2§6§2§6§2V§82 in auction for 900000.
[17:11:39] > x1 §eMummy Hat, bought by FRANZ_JOSEF0, has just expired, the item is definitively deleted.
[17:11:43] > .eyushi4370 remove x64 Experience bottle from buy
[17:43:38] > x1 §f§x§4§1§B§C§4§2D§x§4§5§C§3§5§3r§x§4§9§C§9§6§3o§x§4§D§D§0§7§4w§x§5§1§D§7§8§5n§x§5§6§D§E§9§6e§x§5§A§E§4§A§6d§x§5§E§E§B§B§7 §x§6§2§F§2§C§8H§x§6§6§F§8§D§8a§x§6§A§F§F§E§9t on sale by FRANZ_JOSEF0 has just expired, it goes in the inventory of expired items.
[17:58:43] > .AyakoKoru added x1 Beacon in auction for 110000.
[17:59:19] > .AyakoKoru added x1 Beacon in auction for 110000.
[17:59:31] > .AyakoKoru added x1 Beacon in auction for 110000.
[18:04:56] > giyahnpogi remove x1 §f§l§x§F§A§0§0§0§AD§x§F§A§2§3§1§8a§x§F§B§4§5§2§5r§x§F§B§6§8§3§3k§x§F§B§8§B§4§1f§x§F§C§A§D§4§El§x§F§C§D§0§5§Ca§x§F§C§A§D§4§Em§x§F§B§8§B§4§1e§x§F§B§6§8§3§3 §x§F§B§4§5§2§5H§x§F§A§2§3§1§8a§x§F§A§0§0§0§At from storage
[18:05:01] > giyahnpogi added x1 Shulker box in auction for 240000.
[18:06:19] > cart224 added x1 Nether star in auction for 950000.
[18:06:36] > cart224 added x1 Nether star in auction for 950000.
[18:06:51] > cart224 added x1 Nether star in auction for 950000.
[18:14:30] > kabayooo added x1 Ominous bottle in auction for 50000.
[18:28:16] > x1 Enchanted book, bought by Sezemi, has just expired, the item is definitively deleted.
[18:28:16] > x1 §eᴢᴏᴍʙɪᴇ sᴘᴀᴡɴᴇʀ, bought by Ax_, has just expired, the item is definitively deleted.
[18:28:16] > x24 Wind charge, bought by giyahnpogi, has just expired, the item is definitively deleted.
[18:28:30] > x1 §x§F§F§3§E§0§0§lD§x§F§F§3§6§0§0§le§x§F§F§2§F§0§0§lm§x§F§F§2§7§0§0§lo§x§F§F§1§F§0§0§ln §x§F§F§1§0§0§0§lL§x§F§F§0§8§0§0§lo§x§F§F§0§0§0§0§lr§x§F§F§0§9§0§0§ld §x§F§F§1§B§0§0§lS§x§F§F§2§3§0§0§lt§x§F§F§2§C§0§0§la§x§F§F§3§5§0§0§lf§x§F§F§3§E§0§0§lf, item of imnectarfr, has just expired, the item is definitively deleted.
[18:28:30] > x1 §f§l§x§F§C§D§0§5§CW§x§F§B§A§D§4§Du§x§F§9§8§B§3§Dk§x§F§8§6§8§2§Eo§x§F§6§4§5§1§Fn§x§F§5§2§3§0§Fg§x§F§3§0§0§0§0 §x§F§5§2§3§0§FD§x§F§6§4§5§1§Fa§x§F§8§6§8§2§Eg§x§F§9§8§B§3§Dg§x§F§B§A§D§4§De§x§F§C§D§0§5§Cr, item of nnorv1, has just expired, the item is definitively deleted.
[18:28:30] > x1 §esᴘɪᴅᴇʀ sᴘᴀᴡɴᴇʀ, item of Pewpew, has just expired, the item is definitively deleted.
[18:28:30] > x1 §x§F§F§3§E§0§0§lD§x§F§F§3§6§0§0§le§x§F§F§2§F§0§0§lm§x§F§F§2§7§0§0§lo§x§F§F§1§F§0§0§ln §x§F§F§1§0§0§0§lL§x§F§F§0§8§0§0§lo§x§F§F§0§0§0§0§lr§x§F§F§0§9§0§0§ld §x§F§F§1§B§0§0§lS§x§F§F§2§3§0§0§lt§x§F§F§2§C§0§0§la§x§F§F§3§5§0§0§lf§x§F§F§3§E§0§0§lf, item of llhxnce, has just expired, the item is definitively deleted.
[18:28:33] > lorxie remove x1 §f§l§x§8§A§0§0§F§FS§x§9§7§0§0§D§Fh§x§A§4§0§0§B§Fi§x§B§1§0§0§9§Fn§x§B§F§0§0§8§0e§x§C§C§0§0§6§0 §x§D§9§0§0§4§0O§x§E§6§0§0§2§0n§x§F§3§0§0§0§0i§x§E§6§0§0§2§0 §x§D§9§0§0§4§0P§x§C§C§0§0§6§0i§x§B§F§0§0§8§0c§x§B§1§0§0§9§Fk§x§A§4§0§0§B§Fa§x§9§7§0§0§D§Fx§x§8§A§0§0§F§Fe form expire
[18:28:33] > lorxie remove x1 §f§l§x§8§A§0§0§F§FS§x§9§7§0§0§D§Fh§x§A§4§0§0§B§Fi§x§B§1§0§0§9§Fn§x§B§F§0§0§8§0e§x§C§C§0§0§6§0 §x§D§9§0§0§4§0O§x§E§6§0§0§2§0n§x§F§3§0§0§0§0i§x§E§6§0§0§2§0 §x§D§9§0§0§4§0P§x§C§C§0§0§6§0i§x§B§F§0§0§8§0c§x§B§1§0§0§9§Fk§x§A§4§0§0§B§Fa§x§9§7§0§0§D§Fx§x§8§A§0§0§F§Fe form expire
[18:28:33] > lorxie remove x1 §f§l§8B§x§6§6§6§6§6§6a§x§7§7§7§7§7§7h§x§8§8§8§8§8§8a§x§9§9§9§9§9§9m§7u§x§9§9§9§9§9§9t§x§8§8§8§8§8§8 §x§7§7§7§7§7§7B§x§6§6§6§6§6§6o§8w form expire
[18:28:33] > lorxie remove x1 §f§l§x§8§A§0§0§F§FS§x§9§9§0§0§D§Bh§x§A§8§0§0§B§6i§x§B§7§0§0§9§2n§x§C§6§0§0§6§De§x§D§5§0§0§4§9 §x§E§4§0§0§2§4O§x§F§3§0§0§0§0n§x§E§4§0§0§2§4i§x§D§5§0§0§4§9 §x§C§6§0§0§6§DS§x§B§7§0§0§9§2t§x§A§8§0§0§B§6a§x§9§9§0§0§D§Bf§x§8§A§0§0§F§Ff form expire
[18:32:21] > PrinceBGC added x1 §esʜᴇᴇᴘ sᴘᴀᴡɴᴇʀ in auction for 250000.
[18:33:51] > PrinceBGC remove x1 §x§F§F§7§C§0§0§lSteamsparks Hammer form storage
[18:33:51] > PrinceBGC remove x1 §x§F§F§7§C§0§0§lSteamsparks Hammer form storage
[18:33:51] > PrinceBGC remove x1 §esʜᴇᴇᴘ sᴘᴀᴡɴᴇʀ form storage
[18:33:51] > PrinceBGC remove x1 §esʜᴇᴇᴘ sᴘᴀᴡɴᴇʀ form storage
[18:34:08] > PrinceBGC added x1 §x§F§F§7§C§0§0§lSteamsparks Hammer in auction for 150000.
[18:34:20] > PrinceBGC added x1 §x§F§F§7§C§0§0§lSteamsparks Hammer in auction for 150000.
[18:34:28] > monggol added x1 §x§F§F§7§C§0§0§lSteamsparks Shovel in auction for 100000.
[18:34:40] > monggol added x1 §x§E§5§1§B§1§B§lDracula Blade in auction for 100000.
[18:34:52] > monggol added x1 §x§E§5§1§B§1§B§lDracula Shovel in auction for 100000.
[18:44:26] > giyahnpogi buy x1 §eᴄʜɪᴄᴋᴇɴ sᴘᴀᴡɴᴇʀ to Cynishere for $100,000.
[18:44:30] > giyahnpogi remove x1 §eᴄʜɪᴄᴋᴇɴ sᴘᴀᴡɴᴇʀ from buy
[18:49:34] > ELITEWARRIOR added x1 Enchanted golden apple in auction for 100000.
[18:52:42] > ELITEWARRIOR added x1 Enchanted golden apple in auction for 100000.
[18:58:32] > ELITEWARRIOR buy x1 §x§F§F§7§C§0§0§lSteamsparks Hammer to PrinceBGC for $150,000.
[18:58:46] > ELITEWARRIOR remove x1 Enchanted golden apple form storage
[18:58:46] > ELITEWARRIOR remove x1 Enchanted golden apple form storage
[19:00:32] > ELITEWARRIOR remove x1 §x§F§F§7§C§0§0§lSteamsparks Hammer from buy
[19:00:32] > ELITEWARRIOR remove x1 Enchanted book from buy
[19:01:39] > .MildFeline08793 added x1 Netherite upgrade smithing template in auction for 10000.
[19:01:39] > x2 §esʜᴇᴇᴘ sᴘᴀᴡɴᴇʀ on sale by baba has just expired, it goes in the inventory of expired items.
[19:01:58] > x1 §eᴄʀᴇᴇᴘᴇʀ sᴘᴀᴡɴᴇʀ on sale by Pewpew has just expired, it goes in the inventory of expired items.
[19:02:30] > nnorv1 buy x64 Golden apple to Keeos for $250,000.
[19:02:30] > x1 §eᴢᴏᴍʙɪᴇ sᴘᴀᴡɴᴇʀ on sale by Pewpew has just expired, it goes in the inventory of expired items.
[19:04:46] > ELITEWARRIOR added x1 Music disc lava chicken in auction for 50000.
[19:05:27] > ELITEWARRIOR remove x1 Music disc lava chicken from storage
[19:05:36] > ELITEWARRIOR added x1 Music disc lava chicken in auction for 2000000.
[19:25:24] > .SharkyisHungry buy x1 §f§l§8B§x§6§0§6§0§6§0a§x§6§C§6§C§6§Ch§x§7§7§7§7§7§7a§x§8§2§8§2§8§2m§x§8§E§8§E§8§Eu§x§9§9§9§9§9§9t§x§A§4§A§4§A§4 L§x§9§9§9§9§9§9e§x§8§E§8§E§8§Eg§x§8§2§8§2§8§2g§x§7§7§7§7§7§7i§x§6§C§6§C§6§Cn§x§6§0§6§0§6§0g§8s to BlackKnight for $1,500,000.
[19:25:34] > .SharkyisHungry remove x1 §f§l§8B§x§6§0§6§0§6§0a§x§6§C§6§C§6§Ch§x§7§7§7§7§7§7a§x§8§2§8§2§8§2m§x§8§E§8§E§8§Eu§x§9§9§9§9§9§9t§x§A§4§A§4§A§4 L§x§9§9§9§9§9§9e§x§8§E§8§E§8§Eg§x§8§2§8§2§8§2g§x§7§7§7§7§7§7i§x§6§C§6§C§6§Cn§x§6§0§6§0§6§0g§8s from buy
[19:39:44] > lorxie added x1 §f§l§x§8§A§0§0§F§FS§x§9§7§0§0§D§Fh§x§A§4§0§0§B§Fi§x§B§1§0§0§9§Fn§x§B§F§0§0§8§0e§x§C§C§0§0§6§0 §x§D§9§0§0§4§0O§x§E§6§0§0§2§0n§x§F§3§0§0§0§0i§x§E§6§0§0§2§0 §x§D§9§0§0§4§0P§x§C§C§0§0§6§0i§x§B§F§0§0§8§0c§x§B§1§0§0§9§Fk§x§A§4§0§0§B§Fa§x§9§7§0§0§D§Fx§x§8§A§0§0§F§Fe in auction for 3000000.
[19:56:19] > llhxnce added x1 Shulker box in auction for 100000.
[20:05:59] > SydneySweetie added x64 Experience bottle in auction for 50000.
[20:06:03] > kabayooo buy x1 Netherite upgrade smithing template to .MildFeline08793 for $10,000.
[20:07:57] > x1 Enchanted book, bought by SydneySweetie, has just expired, the item is definitively deleted.
[20:08:41] > nnorv1 buy x64 Experience bottle to SydneySweetie for $50,000.
[20:08:48] > nnorv1 remove x64 Experience bottle from buy
[20:10:19] > SydneySweetie added x64 Experience bottle in auction for 50000.
[20:10:38] > SydneySweetie added x64 Experience bottle in auction for 50000.
[20:13:10] > nnorv1 buy x64 Experience bottle to SydneySweetie for $50,000.
[20:13:15] > nnorv1 buy x64 Experience bottle to SydneySweetie for $50,000.
[20:24:15] > sigman added x1 §x§F§F§3§E§0§0§lDemon Lord Wings in auction for 4000000.
[20:25:16] > nebula12321 remove x1 §x§E§5§1§B§1§B§lDracula Dagger from storage
[20:26:00] > nnorv1 remove x64 Experience bottle from buy
[20:27:32] > MochaFangs buy x64 Golden apple to Keeos for $250,000.
[20:27:43] > MochaFangs remove x6 Golden apple from buy
[20:39:01] > nnorv1 buy x64 Golden apple to Keeos for $250,000.
[20:39:05] > nnorv1 buy x64 Golden apple to Keeos for $250,000.
[20:39:10] > nnorv1 remove x3 Golden apple from buy
[20:41:01] > Zexfex1 added x1 Enchanted book in auction for 150000.
[20:41:14] > Zexfex1 added x1 Enchanted book in auction for 150000.
[20:44:01] > BushSeat buy x1 Enchanted book to Zexfex1 for $150,000.
[20:44:03] > BushSeat buy x1 Enchanted book to Zexfex1 for $150,000.
[20:44:11] > BushSeat remove x1 Enchanted book from buy
[20:44:11] > BushSeat remove x1 Enchanted book from buy
[20:48:50] > elowyn buy x1 §x§E§5§1§B§1§B§lDracula Boots to Takeremu for $20,000.
[20:49:53] > Takeremu buy x1 §3§lDolphin Tail to giyahnpogi for $150,000.
[20:50:17] > Takeremu remove x1 §3§lDolphin Tail from buy
[20:58:42] > x1 Nether star, item of Akiesha, has just expired, the item is definitively deleted.
[20:58:42] > x1 §x§E§5§1§B§1§B§lDracula Spear, item of Pewpew, has just expired, the item is definitively deleted.
[20:58:42] > x1 Nether star, item of Akiesha, has just expired, the item is definitively deleted.
[20:58:42] > x1 §eᴄᴏᴡ sᴘᴀᴡɴᴇʀ, item of Pewpew, has just expired, the item is definitively deleted.
[20:58:44] > koshie remove x2 Villager spawn egg from expire
[20:58:54] > koshie added x2 Villager spawn egg in auction for 5500000.
[20:59:54] > elowyn remove x1 §x§E§5§1§B§1§B§lDracula Boots from buy
[21:05:43] > Noirceur added x1 Nether star in auction for 5000000.
[21:05:43] > x1 §x§F§F§3§E§0§0§lD§x§F§F§3§6§0§0§le§x§F§F§2§F§0§0§lm§x§F§F§2§7§0§0§lo§x§F§F§1§F§0§0§ln §x§F§F§1§0§0§0§lL§x§F§F§0§8§0§0§lo§x§F§F§0§0§0§0§lr§x§F§F§0§8§0§0§ld §x§F§F§1§7§0§0§lS§x§F§F§1§F§0§0§li§x§F§F§2§7§0§0§lc§x§F§F§2§F§0§0§lk§x§F§F§3§6§0§0§ll§x§F§F§3§E§0§0§le on sale by Seris00 has just expired, it goes in the inventory of expired items.
[21:05:50] > Noirceur remove x1 Nether star from storage
[21:06:03] > Noirceur added x1 Nether star in auction for 500000.
[21:06:10] > Noirceur remove x1 Nether star from storage
[21:06:31] > Noirceur remove x1 Nether star from expire
[21:06:38] > Noirceur added x1 Nether star in auction for 500000000.
[21:06:43] > Noirceur remove x1 Nether star from storage
[21:06:57] > Noirceur remove x1 Nether star from expire
[21:07:06] > YchannR buy x1 Ominous bottle to kabayooo for $50,000.
[21:07:16] > YchannR remove x1 Ominous bottle from buy
[21:09:25] > Noirceur added x1 Nether star in auction for 10000000.
[21:09:33] > Noirceur remove x1 Nether star from storage
[21:11:27] > Noirceur remove x1 Nether star from expire
[21:12:08] > Noirceur added x1 Nether star in auction for 500000000000.
[21:12:13] > Noirceur remove x1 Nether star from storage
[21:12:39] > Noirceur remove x1 Nether star from expire
[21:16:19] > nnorv1 remove x64 Experience bottle from buy
[21:19:48] > mauserdart added x5 §bEntropy Crystal §8(§310,000§8) in auction for 500000.
[21:20:01] > mauserdart added x1 §x§9§8§6§3§E§7§lG§x§9§0§7§5§E§2§lo§x§8§8§8§7§D§D§ld§x§8§0§9§9§D§8§ll§x§7§7§A§C§D§4§ly §x§6§7§D§0§C§A§lC§x§5§F§E§2§C§5§lr§x§6§7§D§0§C§A§la§x§6§F§B§E§C§F§lt§x§7§7§A§C§D§4§le §x§8§8§8§7§D§D§lK§x§9§0§7§5§E§2§le§x§9§8§6§3§E§7§ly in auction for 550000.
[21:20:06] > mauserdart remove x1 §f§l§8B§x§5§F§5§F§5§Fa§x§6§9§6§9§6§9h§x§7§3§7§3§7§3a§x§7§D§7§D§7§Dm§x§8§7§8§7§8§7u§x§9§1§9§1§9§1t§x§9§B§9§B§9§B §x§A§5§A§5§A§5Gr§x§9§B§9§B§9§Be§x§9§1§9§1§9§1a§x§8§7§8§7§8§7t§x§7§D§7§D§7§Ds§x§7§3§7§3§7§3w§x§6§9§6§9§6§9o§x§5§F§5§F§5§Fr§8d from storage
[21:36:55] > HwanYo remove x1 Lime shulker box from storage
[21:37:03] > HwanYo added x1 Lime shulker box in auction for 1300000.
[21:46:10] > YchannR buy x1 §f§l§x§8§A§0§0§F§FS§x§9§8§0§0§D§Dh§x§A§6§0§0§B§Bi§x§B§4§0§0§9§9n§x§C§2§0§0§7§7e§x§D§0§0§0§5§5 §x§D§E§0§0§3§3O§x§E§C§0§0§1§1ni§x§D§E§0§0§3§3 §x§D§0§0§0§5§5S§x§C§2§0§0§7§7i§x§B§4§0§0§9§9c§x§A§6§0§0§B§Bk§x§9§8§0§0§D§Dl§x§8§A§0§0§F§Fe to VortexZayne for $1,200,000.
[21:46:17] > YchannR remove x1 §f§l§x§8§A§0§0§F§FS§x§9§8§0§0§D§Dh§x§A§6§0§0§B§Bi§x§B§4§0§0§9§9n§x§C§2§0§0§7§7e§x§D§0§0§0§5§5 §x§D§E§0§0§3§3O§x§E§C§0§0§1§1ni§x§D§E§0§0§3§3 §x§D§0§0§0§5§5S§x§C§2§0§0§7§7i§x§B§4§0§0§9§9c§x§A§6§0§0§B§Bk§x§9§8§0§0§D§Dl§x§8§A§0§0§F§Fe from buy
[21:59:07] > giyahnpogi remove x1 Shulker box from storage
[22:02:29] > Zaanii_ buy x64 Experience bottle to HwanYo for $130,000.
[22:02:45] > Zaanii_ buy x64 Experience bottle to HwanYo for $130,000.
[22:03:01] > RebornKimmy buy x1 Beacon to .AyakoKoru for $110,000.
[22:03:01] > Zaanii_ remove x64 Experience bottle from buy
[22:03:01] > Zaanii_ remove x64 Experience bottle from buy
[22:03:02] > RebornKimmy buy x1 Beacon to .AyakoKoru for $110,000.
[22:03:04] > RebornKimmy buy x1 Beacon to .AyakoKoru for $110,000.
[22:03:39] > RebornKimmy buy x1 Nether star to BG1017 for $100,000.
[22:03:42] > RebornKimmy buy x1 Nether star to BG1017 for $100,000.
[22:03:45] > RebornKimmy buy x1 Nether star to BG1017 for $100,000.
[22:07:29] > x1 Music disc lava chicken on sale by QG_Akiuwu has just expired, it goes in the inventory of expired items.
[22:09:42] > RebornKimmy remove x1 Beacon form buy
[22:09:42] > RebornKimmy remove x1 Diamond helmet form buy
[22:09:42] > RebornKimmy remove x1 Beacon form buy
[22:09:42] > RebornKimmy remove x1 Beacon form buy
[22:09:42] > RebornKimmy remove x1 Nether star form buy
[22:09:42] > RebornKimmy remove x1 Nether star form buy
[22:09:42] > RebornKimmy remove x1 Nether star form buy
[22:12:19] > x1 §f§l§x§F§A§0§0§0§AD§x§F§A§1§A§1§4a§x§F§B§3§4§1§Fr§x§F§B§4§E§2§9k§x§F§B§6§8§3§3f§x§F§B§8§2§3§Dl§x§F§C§9§C§4§8a§x§F§C§B§6§5§2m§x§F§C§D§0§5§Ce§x§F§C§D§0§5§C §x§F§C§B§6§5§2L§x§F§C§9§C§4§8e§x§F§B§8§2§3§Dg§x§F§B§6§8§3§3g§x§F§B§4§E§2§9i§x§F§B§3§4§1§Fn§x§F§A§1§A§1§4g§x§F§A§0§0§0§As on sale by Seris00 has just expired, it goes in the inventory of expired items.
[22:12:19] > Julene added x1 Ender chest in auction for 100000.
[22:14:33] > scarlettti remove x1 §f§l§8B§x§6§1§6§1§6§1a§x§6§D§6§D§6§Dh§x§7§9§7§9§7§9a§x§8§6§8§6§8§6m§x§9§2§9§2§9§2u§x§9§E§9§E§9§Et§7 §x§9§E§9§E§9§EH§x§9§2§9§2§9§2a§x§8§6§8§6§8§6l§x§7§9§7§9§7§9b§x§6§D§6§D§6§De§x§6§1§6§1§6§1r§8d form storage
[22:14:33] > scarlettti remove x1 §esᴋᴇʟᴇᴛᴏɴ sᴘᴀᴡɴᴇʀ form storage
[22:14:33] > scarlettti remove x1 §esᴘɪᴅᴇʀ sᴘᴀᴡɴᴇʀ form storage
[22:16:03] > x1 §x§5§9§A§1§D§9§lA§x§7§1§A§E§D§Er§x§8§8§B§C§E§4c§x§A§0§C§9§E§9h§x§B§8§D§7§E§Fa§x§D§0§E§4§F§4n§x§E§7§F§2§F§Ag§fe§x§E§7§F§2§F§Al §x§B§8§D§7§E§FS§x§A§0§C§9§E§9p§x§8§8§B§C§E§4e§x§7§1§A§E§D§Ea§x§5§9§A§1§D§9r on sale by koshie has just expired, it goes in the inventory of expired items.
[22:18:31] > SydneySweetie added x64 Experience bottle in auction for 50000.
[22:19:11] > SydneySweetie added x64 Experience bottle in auction for 50000.
[22:20:12] > x1 §f§l§x§F§C§D§0§5§CW§x§F§A§A§2§4§8u§x§F§8§7§4§3§3k§x§F§6§4§5§1§Fo§x§F§4§1§7§0§Ang§x§F§6§4§5§1§F §x§F§8§7§4§3§3A§x§F§A§A§2§4§8x§x§F§C§D§0§5§Ce on sale by koshie has just expired, it goes in the inventory of expired items.
[22:21:34] > YchannR buy x64 Experience bottle to SydneySweetie for $50,000.
[22:21:35] > YchannR buy x64 Experience bottle to SydneySweetie for $50,000.
[22:21:40] > YchannR remove x64 Experience bottle from buy
[22:21:40] > YchannR remove x64 Experience bottle from buy
[22:22:46] > Zaanii_ buy x1 Lime shulker box to HwanYo for $1,300,000.
[22:22:50] > Unforce01 added x1 Shulker box in auction for 150000.
[22:23:03] > Unforce01 added x1 Shulker box in auction for 150000.
[22:23:04] > Zaanii_ remove x1 Lime shulker box form buy
[22:23:18] > Unforce01 added x1 Shulker box in auction for 150000.
[22:26:23] > HwanYo remove x64 Emerald block from storage
[22:26:27] > Xavier881 buy x1 Shulker box to Unforce01 for $150,000.
[22:26:31] > HwanYo added x64 Emerald block in auction for 600000.
[22:26:34] > Xavier881 remove x1 Shulker box from buy
[22:26:55] > x2 §x§F§F§3§E§0§0§lD§x§F§F§3§7§0§0§le§x§F§F§3§0§0§0§lm§x§F§F§2§9§0§0§lo§x§F§F§2§2§0§0§ln §x§F§F§1§5§0§0§lL§x§F§F§0§E§0§0§lo§x§F§F§0§7§0§0§lr§x§F§F§0§0§0§0§ld §x§F§F§0§E§0§0§lF§x§F§F§1§5§0§0§lr§x§F§F§1§C§0§0§la§x§F§F§2§2§0§0§lg§x§F§F§2§9§0§0§lm§x§F§F§3§0§0§0§le§x§F§F§3§7§0§0§ln§x§F§F§3§E§0§0§lt on sale by HPMR_GaMerz has just expired, it goes in the inventory of expired items.
[22:26:55] > x1 §x§F§F§3§E§0§0§lD§x§F§F§3§7§0§0§le§x§F§F§3§0§0§0§lm§x§F§F§2§9§0§0§lo§x§F§F§2§2§0§0§ln §x§F§F§1§5§0§0§lL§x§F§F§0§E§0§0§lo§x§F§F§0§7§0§0§lr§x§F§F§0§0§0§0§ld §x§F§F§0§E§0§0§lF§x§F§F§1§5§0§0§lr§x§F§F§1§C§0§0§la§x§F§F§2§2§0§0§lg§x§F§F§2§9§0§0§lm§x§F§F§3§0§0§0§le§x§F§F§3§7§0§0§ln§x§F§F§3§E§0§0§lt on sale by HPMR_GaMerz has just expired, it goes in the inventory of expired items.
[22:29:57] > x1 §x§F§F§3§E§0§0§lD§x§F§F§3§7§0§0§le§x§F§F§3§0§0§0§lm§x§F§F§2§9§0§0§lo§x§F§F§2§2§0§0§ln §x§F§F§1§5§0§0§lL§x§F§F§0§E§0§0§lo§x§F§F§0§7§0§0§lr§x§F§F§0§0§0§0§ld §x§F§F§0§E§0§0§lF§x§F§F§1§5§0§0§lr§x§F§F§1§C§0§0§la§x§F§F§2§2§0§0§lg§x§F§F§2§9§0§0§lm§x§F§F§3§0§0§0§le§x§F§F§3§7§0§0§ln§x§F§F§3§E§0§0§lt on sale by HPMR_GaMerz has just expired, it goes in the inventory of expired items.
[22:29:57] > x4 §x§F§F§3§E§0§0§lD§x§F§F§3§7§0§0§le§x§F§F§3§0§0§0§lm§x§F§F§2§9§0§0§lo§x§F§F§2§2§0§0§ln §x§F§F§1§5§0§0§lL§x§F§F§0§E§0§0§lo§x§F§F§0§7§0§0§lr§x§F§F§0§0§0§0§ld §x§F§F§0§E§0§0§lF§x§F§F§1§5§0§0§lr§x§F§F§1§C§0§0§la§x§F§F§2§2§0§0§lg§x§F§F§2§9§0§0§lm§x§F§F§3§0§0§0§le§x§F§F§3§7§0§0§ln§x§F§F§3§E§0§0§lt on sale by HPMR_GaMerz has just expired, it goes in the inventory of expired items.
[22:29:57] > x1 §x§F§F§3§E§0§0§lD§x§F§F§3§7§0§0§le§x§F§F§3§0§0§0§lm§x§F§F§2§9§0§0§lo§x§F§F§2§2§0§0§ln §x§F§F§1§5§0§0§lL§x§F§F§0§E§0§0§lo§x§F§F§0§7§0§0§lr§x§F§F§0§0§0§0§ld §x§F§F§0§E§0§0§lF§x§F§F§1§5§0§0§lr§x§F§F§1§C§0§0§la§x§F§F§2§2§0§0§lg§x§F§F§2§9§0§0§lm§x§F§F§3§0§0§0§le§x§F§F§3§7§0§0§ln§x§F§F§3§E§0§0§lt on sale by HPMR_GaMerz has just expired, it goes in the inventory of expired items.
[22:29:57] > x2 §x§F§F§3§E§0§0§lD§x§F§F§3§7§0§0§le§x§F§F§3§0§0§0§lm§x§F§F§2§9§0§0§lo§x§F§F§2§2§0§0§ln §x§F§F§1§5§0§0§lL§x§F§F§0§E§0§0§lo§x§F§F§0§7§0§0§lr§x§F§F§0§0§0§0§ld §x§F§F§0§E§0§0§lF§x§F§F§1§5§0§0§lr§x§F§F§1§C§0§0§la§x§F§F§2§2§0§0§lg§x§F§F§2§9§0§0§lm§x§F§F§3§0§0§0§le§x§F§F§3§7§0§0§ln§x§F§F§3§E§0§0§lt on sale by HPMR_GaMerz has just expired, it goes in the inventory of expired items.
[22:29:57] > x2 §x§F§F§3§E§0§0§lD§x§F§F§3§7§0§0§le§x§F§F§3§0§0§0§lm§x§F§F§2§9§0§0§lo§x§F§F§2§2§0§0§ln §x§F§F§1§5§0§0§lL§x§F§F§0§E§0§0§lo§x§F§F§0§7§0§0§lr§x§F§F§0§0§0§0§ld §x§F§F§0§E§0§0§lF§x§F§F§1§5§0§0§lr§x§F§F§1§C§0§0§la§x§F§F§2§2§0§0§lg§x§F§F§2§9§0§0§lm§x§F§F§3§0§0§0§le§x§F§F§3§7§0§0§ln§x§F§F§3§E§0§0§lt on sale by HPMR_GaMerz has just expired, it goes in the inventory of expired items.
[22:29:57] > SydneySweetie added x64 Experience bottle in auction for 50000.
[22:29:57] > x4 §x§F§F§3§E§0§0§lD§x§F§F§3§7§0§0§le§x§F§F§3§0§0§0§lm§x§F§F§2§9§0§0§lo§x§F§F§2§2§0§0§ln §x§F§F§1§5§0§0§lL§x§F§F§0§E§0§0§lo§x§F§F§0§7§0§0§lr§x§F§F§0§0§0§0§ld §x§F§F§0§E§0§0§lF§x§F§F§1§5§0§0§lr§x§F§F§1§C§0§0§la§x§F§F§2§2§0§0§lg§x§F§F§2§9§0§0§lm§x§F§F§3§0§0§0§le§x§F§F§3§7§0§0§ln§x§F§F§3§E§0§0§lt on sale by HPMR_GaMerz has just expired, it goes in the inventory of expired items.
[22:30:13] > SydneySweetie added x64 Experience bottle in auction for 50000.
[22:31:21] > SydneySweetie added x64 Experience bottle in auction for 50000.
[22:31:40] > SydneySweetie added x64 Experience bottle in auction for 50000.
[22:42:02] > x1 §f§l§8B§x§6§2§6§2§6§2a§x§6§F§6§F§6§Fh§x§7§C§7§C§7§Ca§x§8§9§8§9§8§9m§x§9§6§9§6§9§6u§x§A§3§A§3§A§3t §x§9§6§9§6§9§6S§x§8§9§8§9§8§9h§x§7§C§7§C§7§Co§x§6§F§6§F§6§Fv§x§6§2§6§2§6§2e§8l on sale by RizzaIck has just expired, it goes in the inventory of expired items.
[22:42:08] > YchannR added x1 §f§l§8B§x§6§6§6§6§6§6a§x§7§7§7§7§7§7h§x§8§8§8§8§8§8a§x§9§9§9§9§9§9m§7u§x§9§9§9§9§9§9t§x§8§8§8§8§8§8 §x§7§7§7§7§7§7K§x§6§6§6§6§6§6e§8y in auction for 800000.
[22:49:28] > Xavier881 added x1 Enchanted book in auction for 500000.
[22:56:21] > YchannR remove x1 §f§l§8B§x§6§6§6§6§6§6a§x§7§7§7§7§7§7h§x§8§8§8§8§8§8a§x§9§9§9§9§9§9m§7u§x§9§9§9§9§9§9t§x§8§8§8§8§8§8 §x§7§7§7§7§7§7K§x§6§6§6§6§6§6e§8y form storage
[23:09:01] > cart224 added x1 §f§l§8B§x§6§3§6§3§6§3a§x§7§1§7§1§7§1h§x§8§0§8§0§8§0a§x§8§E§8§E§8§Em§x§9§C§9§C§9§Cu§7t§x§9§C§9§C§9§C §x§8§E§8§E§8§ES§x§8§0§8§0§8§0t§x§7§1§7§1§7§1a§x§6§3§6§3§6§3f§8f in auction for 950000.
[23:14:08] > x1 §x§F§F§3§E§0§0§lD§x§F§F§3§7§0§0§le§x§F§F§3§0§0§0§lm§x§F§F§2§9§0§0§lo§x§F§F§2§2§0§0§ln §x§F§F§1§5§0§0§lL§x§F§F§0§E§0§0§lo§x§F§F§0§7§0§0§lr§x§F§F§0§0§0§0§ld §x§F§F§0§E§0§0§lC§x§F§F§1§5§0§0§lr§x§F§F§1§C§0§0§lo§x§F§F§2§2§0§0§ls§x§F§F§2§9§0§0§ls§x§F§F§3§0§0§0§lb§x§F§F§3§7§0§0§lo§x§F§F§3§E§0§0§lw on sale by JullianHuH has just expired, it goes in the inventory of expired items.
[23:38:27] > x1 §esᴘɪᴅᴇʀ sᴘᴀᴡɴᴇʀ on sale by BlueTea_Official has just expired, it goes in the inventory of expired items.
[23:42:01] > koshie added x1 §f§l§x§8§A§0§0§F§FS§x§9§6§0§0§E§3h§x§A§1§0§0§C§6i§x§A§D§0§0§A§An§x§B§9§0§0§8§Ee§x§C§4§0§0§7§1 §x§D§0§0§0§5§5O§x§D§C§0§0§3§9n§x§E§7§0§0§1§Ci§x§F§3§0§0§0§0 §x§E§7§0§0§1§CB§x§D§C§0§0§3§9i§x§D§0§0§0§5§5g§x§C§4§0§0§7§1 §x§B§9§0§0§8§ES§x§A§D§0§0§A§Aw§x§A§1§0§0§C§6o§x§9§6§0§0§E§3r§x§8§A§0§0§F§Fd in auction for 3000000.
[23:42:10] > dennnnn remove x1 Saddle form storage
[23:42:10] > dennnnn remove x1 §x§F§F§7§C§0§0§lSteamsparks Staff form storage
[23:55:08] > koshie remove x1 §f§l§x§8§A§0§0§F§FS§x§9§6§0§0§E§3h§x§A§1§0§0§C§6i§x§A§D§0§0§A§An§x§B§9§0§0§8§Ee§x§C§4§0§0§7§1 §x§D§0§0§0§5§5O§x§D§C§0§0§3§9n§x§E§7§0§0§1§Ci§x§F§3§0§0§0§0 §x§E§7§0§0§1§CB§x§D§C§0§0§3§9i§x§D§0§0§0§5§5g§x§C§4§0§0§7§1 §x§B§9§0§0§8§ES§x§A§D§0§0§A§Aw§x§A§1§0§0§C§6o§x§9§6§0§0§E§3r§x§8§A§0§0§F§Fd from storage
[23:55:16] > koshie added x1 §f§l§x§8§A§0§0§F§FS§x§9§6§0§0§E§3h§x§A§1§0§0§C§6i§x§A§D§0§0§A§An§x§B§9§0§0§8§Ee§x§C§4§0§0§7§1 §x§D§0§0§0§5§5O§x§D§C§0§0§3§9n§x§E§7§0§0§1§Ci§x§F§3§0§0§0§0 §x§E§7§0§0§1§CB§x§D§C§0§0§3§9i§x§D§0§0§0§5§5g§x§C§4§0§0§7§1 §x§B§9§0§0§8§ES§x§A§D§0§0§A§Aw§x§A§1§0§0§C§6o§x§9§6§0§0§E§3r§x§8§A§0§0§F§Fd in auction for 2000000.
[23:58:15] > dennnnn buy x1 §f§l§x§8§A§0§0§F§FS§x§9§6§0§0§E§3h§x§A§1§0§0§C§6i§x§A§D§0§0§A§An§x§B§9§0§0§8§Ee§x§C§4§0§0§7§1 §x§D§0§0§0§5§5O§x§D§C§0§0§3§9n§x§E§7§0§0§1§Ci§x§F§3§0§0§0§0 §x§E§7§0§0§1§CB§x§D§C§0§0§3§9i§x§D§0§0§0§5§5g§x§C§4§0§0§7§1 §x§B§9§0§0§8§ES§x§A§D§0§0§A§Aw§x§A§1§0§0§C§6o§x§9§6§0§0§E§3r§x§8§A§0§0§F§Fd to koshie for $2,000,000.
[23:58:26] > dennnnn remove x1 §f§l§x§8§A§0§0§F§FS§x§9§6§0§0§E§3h§x§A§1§0§0§C§6i§x§A§D§0§0§A§An§x§B§9§0§0§8§Ee§x§C§4§0§0§7§1 §x§D§0§0§0§5§5O§x§D§C§0§0§3§9n§x§E§7§0§0§1§Ci§x§F§3§0§0§0§0 §x§E§7§0§0§1§CB§x§D§C§0§0§3§9i§x§D§0§0§0§5§5g§x§C§4§0§0§7§1 §x§B§9§0§0§8§ES§x§A§D§0§0§A§Aw§x§A§1§0§0§C§6o§x§9§6§0§0§E§3r§x§8§A§0§0§F§Fd from buy
[23:59:49] > dennnnn added x1 §f§l§x§F§C§D§0§5§CW§x§F§B§B§0§4§Eu§x§F§9§9§0§4§0k§x§F§8§7§0§3§2o§x§F§6§5§0§2§3n§x§F§5§3§0§1§5g§x§F§4§1§0§0§7 H§x§F§5§3§0§1§5a§x§F§6§5§0§2§3l§x§F§8§7§0§3§2b§x§F§9§9§0§4§0e§x§F§B§B§0§4§Er§x§F§C§D§0§5§Cd in auction for 400000.
[00:00:09] > SydneySweetie added x64 Experience bottle in auction for 50000.
[00:07:29] > aznaaa buy x1 Enchanted book to Xavier881 for $500,000.
[00:07:55] > aznaaa remove x15 Wither skeleton skull from storage
[00:08:00] > aznaaa added x15 Wither skeleton skull in auction for 10000.
[00:08:15] > x64 Firework rocket, bought by MrZyrus7228, has just expired, the item is definitively deleted.
[00:08:17] > aznaaa remove x1 Enchanted book from buy
[00:09:23] > cart224 remove x1 §f§l§8B§x§6§2§6§2§6§2a§x§6§F§6§F§6§Fh§x§7§C§7§C§7§Ca§x§8§9§8§9§8§9m§x§9§6§9§6§9§6u§x§A§3§A§3§A§3t §x§9§6§9§6§9§6H§x§8§9§8§9§8§9a§x§7§C§7§C§7§Ct§x§6§F§6§F§6§F §x§6§2§6§2§6§2V§82 from storage
[00:09:29] > x1 §x§F§F§3§E§0§0§lD§x§F§F§3§6§0§0§le§x§F§F§2§F§0§0§lm§x§F§F§2§7§0§0§lo§x§F§F§1§F§0§0§ln §x§F§F§1§0§0§0§lL§x§F§F§0§8§0§0§lo§x§F§F§0§0§0§0§lr§x§F§F§0§9§0§0§ld §x§F§F§1§B§0§0§lS§x§F§F§2§3§0§0§lt§x§F§F§2§C§0§0§la§x§F§F§3§5§0§0§lf§x§F§F§3§E§0§0§lf, item of nnorv1, has just expired, the item is definitively deleted.
[00:09:29] > x1 §x§F§F§3§E§0§0§lD§x§F§F§3§6§0§0§le§x§F§F§2§F§0§0§lm§x§F§F§2§7§0§0§lo§x§F§F§1§F§0§0§ln §x§F§F§1§0§0§0§lL§x§F§F§0§8§0§0§lo§x§F§F§0§0§0§0§lr§x§F§F§0§9§0§0§ld §x§F§F§1§B§0§0§lS§x§F§F§2§3§0§0§lp§x§F§F§2§C§0§0§le§x§F§F§3§5§0§0§la§x§F§F§3§E§0§0§lr, item of Shanksssuuuu, has just expired, the item is definitively deleted.
[00:09:30] > cart224 remove x1 §f§l§8B§x§6§2§6§2§6§2a§x§6§F§6§F§6§Fh§x§7§C§7§C§7§Ca§x§8§9§8§9§8§9m§x§9§6§9§6§9§6u§x§A§3§A§3§A§3t §x§9§6§9§6§9§6H§x§8§9§8§9§8§9a§x§7§C§7§C§7§Ct§x§6§F§6§F§6§F §x§6§2§6§2§6§2V§82 from expire
[00:14:28] > dennnnn added x1 §eɪʀᴏɴ ɢᴏʟᴇᴍ sᴘᴀᴡɴᴇʀ in auction for 2000000.
[00:21:28] > cart224 added x1 §f§l§8B§x§6§1§6§1§6§1a§x§6§D§6§D§6§Dh§x§7§9§7§9§7§9a§x§8§6§8§6§8§6m§x§9§2§9§2§9§2u§x§9§E§9§E§9§Et§7 §x§9§E§9§E§9§EH§x§9§2§9§2§9§2a§x§8§6§8§6§8§6l§x§7§9§7§9§7§9b§x§6§D§6§D§6§De§x§6§1§6§1§6§1r§8d in auction for 1000000.
[00:22:00] > giyahnpogi buy x15 Wither skeleton skull to aznaaa for $10,000.
[00:26:11] > Unforce01 remove x1 §f§l§x§8§A§0§0§F§FS§x§9§C§0§0§D§5h§x§A§D§0§0§A§Ai§x§B§F§0§0§8§0n§x§D§0§0§0§5§5e§x§E§2§0§0§2§B §x§F§3§0§0§0§0O§x§E§2§0§0§2§An§x§D§0§0§0§5§5i§x§B§F§0§0§8§0 §x§A§D§0§0§A§AA§x§9§C§0§0§D§5x§x§8§A§0§0§F§Fe from storage
[00:27:15] > Unforce01 added x1 §f§l§x§8§A§0§0§F§FS§x§9§C§0§0§D§5h§x§A§D§0§0§A§Ai§x§B§F§0§0§8§0n§x§D§0§0§0§5§5e§x§E§2§0§0§2§B §x§F§3§0§0§0§0O§x§E§2§0§0§2§An§x§D§0§0§0§5§5i§x§B§F§0§0§8§0 §x§A§D§0§0§A§AA§x§9§C§0§0§D§5x§x§8§A§0§0§F§Fe in auction for 2000000.
[00:38:11] > Ch4r_380 remove x1 Mace from storage
[00:38:16] > Ch4r_380 remove x1 Mace from storage
[00:38:18] > Ch4r_380 remove x1 Mace from storage
[00:38:37] > Ch4r_380 remove x1 Mace form expire
[00:38:37] > Ch4r_380 remove x1 Mace form expire
[00:38:37] > Ch4r_380 remove x1 Mace form expire
[00:38:46] > Ch4r_380 added x1 Mace in auction for 400000.
[00:39:04] > Ch4r_380 added x1 Mace in auction for 400000.
[00:39:21] > Ch4r_380 added x1 Mace in auction for 400000.
[00:44:46] > SydneySweetie added x64 Experience bottle in auction for 50000.
[00:44:57] > SydneySweetie added x64 Experience bottle in auction for 50000.
[00:45:16] > SydneySweetie added x64 Experience bottle in auction for 50000.
[01:12:04] > SydneySweetie remove x1 Emeralds Available HERE @ 1StopShop <3 from storage
[01:12:15] > SydneySweetie added x64 Experience bottle in auction for 50000.
[01:55:19] > YchannR added x1 §f§l§8B§x§6§6§6§6§6§6a§x§7§7§7§7§7§7h§x§8§8§8§8§8§8a§x§9§9§9§9§9§9m§7u§x§9§9§9§9§9§9t§x§8§8§8§8§8§8 §x§7§7§7§7§7§7K§x§6§6§6§6§6§6e§8y in auction for 500000.
[02:10:32] > dennnnn remove x1 §eɪʀᴏɴ ɢᴏʟᴇᴍ sᴘᴀᴡɴᴇʀ from storage
[02:11:14] > dennnnn remove x1 §f§l§x§F§C§D§0§5§CW§x§F§B§B§0§4§Eu§x§F§9§9§0§4§0k§x§F§8§7§0§3§2o§x§F§6§5§0§2§3n§x§F§5§3§0§1§5g§x§F§4§1§0§0§7 H§x§F§5§3§0§1§5a§x§F§6§5§0§2§3l§x§F§8§7§0§3§2b§x§F§9§9§0§4§0e§x§F§B§B§0§4§Er§x§F§C§D§0§5§Cd form storage
[02:12:13] > Xavier881 added x1 Enchanted book in auction for 500000.
[02:17:35] > SussySuzy buy x64 Experience bottle to SydneySweetie for $50,000.
[02:17:39] > SussySuzy buy x64 Experience bottle to SydneySweetie for $50,000.
[02:17:42] > SussySuzy buy x64 Experience bottle to SydneySweetie for $50,000.
[02:17:50] > SussySuzy buy x64 Experience bottle to SydneySweetie for $50,000.
[02:24:20] > .AyakoKoru buy x1 Enchanted book to giyahnpogi for $250,000.
[02:24:31] > .AyakoKoru remove x1 Enchanted book from buy
[02:31:31] > Callistrix buy x1 §x§F§F§7§C§0§0§lSteamsparks Hammer to PrinceBGC for $150,000.
[02:31:52] > Callistrix remove x1 §x§F§F§7§C§0§0§lSteamsparks Hammer from buy
[02:31:57] > ParkourDisaster buy x1 Shulker box to Unforce01 for $150,000.
[02:39:42] > SydneySweetie added x64 Experience bottle in auction for 50000.
[02:40:00] > SydneySweetie added x64 Experience bottle in auction for 50000.
[02:46:46] > x1 §x§F§F§3§E§0§0§lD§x§F§F§3§6§0§0§le§x§F§F§2§F§0§0§lm§x§F§F§2§7§0§0§lo§x§F§F§1§F§0§0§ln §x§F§F§1§0§0§0§lL§x§F§F§0§8§0§0§lo§x§F§F§0§0§0§0§lr§x§F§F§0§8§0§0§ld §x§F§F§1§7§0§0§lD§x§F§F§1§F§0§0§la§x§F§F§2§7§0§0§lg§x§F§F§2§F§0§0§lg§x§F§F§3§6§0§0§le§x§F§F§3§E§0§0§lr, bought by mae, has just expired, the item is definitively deleted.
[02:46:46] > x1 §x§F§F§3§E§0§0§lD§x§F§F§3§5§0§0§le§x§F§F§2§C§0§0§lm§x§F§F§2§3§0§0§lo§x§F§F§1§B§0§0§ln §x§F§F§0§9§0§0§lL§x§F§F§0§0§0§0§lo§x§F§F§0§A§0§0§lr§x§F§F§1§5§0§0§ld §x§F§F§2§9§0§0§lA§x§F§F§3§4§0§0§lx§x§F§F§3§E§0§0§le, bought by mae, has just expired, the item is definitively deleted.
[02:46:46] > x1 §x§E§5§1§B§1§B§lDracula Shield, bought by mae, has just expired, the item is definitively deleted.
[02:52:00] > SydneySweetie added x64 Experience bottle in auction for 50000.
[02:52:18] > SydneySweetie added x64 Experience bottle in auction for 50000.
[02:52:48] > BlackKnight added x1 §f§l§8B§x§6§2§6§2§6§2a§x§6§F§6§F§6§Fh§x§7§C§7§C§7§Ca§x§8§9§8§9§8§9m§x§9§6§9§6§9§6u§x§A§3§A§3§A§3t §x§9§6§9§6§9§6H§x§8§9§8§9§8§9e§x§7§C§7§C§7§Cl§x§6§F§6§F§6§Fm§x§6§2§6§2§6§2e§8t in auction for 2000000.
[02:52:59] > dennnnn remove x1 §eɪʀᴏɴ ɢᴏʟᴇᴍ sᴘᴀᴡɴᴇʀ from expire
[02:55:48] > dennnnn added x1 §eɪʀᴏɴ ɢᴏʟᴇᴍ sᴘᴀᴡɴᴇʀ in auction for 950000.
[03:03:18] > Abbadex added x1 §x§E§4§3§A§9§6§lW§x§E§7§5§3§A§3§lI§x§E§B§6§B§B§0§lN§x§E§E§8§4§B§D§lG§x§F§2§9§D§C§B§lS §x§F§8§C§E§E§5§lO§x§F§C§E§6§F§2§lF §x§F§C§E§6§F§2§lE§x§F§8§C§E§E§5§lT§x§F§5§B§5§D§8§lE§x§F§2§9§D§C§B§lR§x§E§E§8§4§B§D§lN§x§E§B§6§B§B§0§lI§x§E§7§5§3§A§3§lT§x§E§4§3§A§9§6§lY in auction for 12000000.
[03:14:03] > .AyakoKoru added x2 §9§lCrab Claw in auction for 100000.
[03:14:14] > .AyakoKoru added x2 §e§lCrab Scale in auction for 100000.
[03:18:12] > giyahnpogi remove x15 Wither skeleton skull from buy
[03:30:11] > Doomday152 added x1 Netherite upgrade smithing template in auction for 250000.
[03:30:21] > Doomday152 added x1 Netherite upgrade smithing template in auction for 250000.
[03:30:32] > Doomday152 added x1 Netherite upgrade smithing template in auction for 250000.
[03:51:59] > SussySuzy remove x64 Experience bottle from buy
[03:52:00] > SussySuzy remove x64 Experience bottle from buy
[03:52:00] > SussySuzy remove x64 Experience bottle from buy
[03:52:01] > SussySuzy remove x64 Experience bottle from buy
[05:32:01] > Xavier881 remove x1 Netherite upgrade smithing template from storage
[05:32:08] > Xavier881 added x1 Netherite upgrade smithing template in auction for 200000.
[07:53:52] > PrinceBGC added x64 Cooked porkchop in auction for 100.
[07:59:31] > DanRaiv remove x16 Ender pearl from buy
[08:23:26] > nebula12321 remove x64 Chorus fruit form storage
[08:23:26] > nebula12321 remove x1 Music disc lava chicken form storage
[08:23:46] > nebula12321 added x1 Music disc lava chicken in auction for 2500000.
[08:33:06] > nebula12321 added x1 Shulker box in auction for 500000.
[08:58:20] > Dentatsu buy x64 Experience bottle to SydneySweetie for $50,000.
[08:58:25] > Dentatsu remove x64 Experience bottle from buy
[09:09:07] > nebula12321 added x1 Music disc precipice in auction for 500000.
[09:09:21] > nebula12321 added x1 Music disc precipice in auction for 500000.
[09:30:12] > nebula12321 added x1 §esᴋᴇʟᴇᴛᴏɴ sᴘᴀᴡɴᴇʀ in auction for 950000.
[09:40:19] > nebula12321 remove x1 Music disc precipice from storage
[09:40:28] > nebula12321 added x1 Shulker box in auction for 1000000.
[11:13:14] > DanRaiv added x1 Enchanted book in auction for 3000.
[11:13:14] > x1 Heavy core on sale by MochaFangs has just expired, it goes in the inventory of expired items.
[11:15:05] > DanRaiv remove x1 Enchanted book from storage
[11:29:39] > Cooldoggiexd added x1 §x§E§5§1§B§1§B§lDracula Bow in auction for 50000.
[11:38:45] > El3ctric_Ey3 remove x1 §eʙʟᴀᴢᴇ sᴘᴀᴡɴᴇʀ form storage
[11:38:45] > El3ctric_Ey3 remove x1 §f§l§8B§x§6§3§6§3§6§3a§x§7§1§7§1§7§1h§x§8§0§8§0§8§0a§x§8§E§8§E§8§Em§x§9§C§9§C§9§Cu§7t§x§9§C§9§C§9§C §x§8§E§8§E§8§ES§x§8§0§8§0§8§0w§x§7§1§7§1§7§1o§x§6§3§6§3§6§3r§8d form storage
[11:38:45] > El3ctric_Ey3 remove x2 §x§F§F§3§E§0§0§lD§x§F§F§3§7§0§0§le§x§F§F§3§0§0§0§lm§x§F§F§2§9§0§0§lo§x§F§F§2§2§0§0§ln §x§F§F§1§5§0§0§lL§x§F§F§0§E§0§0§lo§x§F§F§0§7§0§0§lr§x§F§F§0§0§0§0§ld §x§F§F§0§E§0§0§lF§x§F§F§1§5§0§0§lr§x§F§F§1§C§0§0§la§x§F§F§2§2§0§0§lg§x§F§F§2§9§0§0§lm§x§F§F§3§0§0§0§le§x§F§F§3§7§0§0§ln§x§F§F§3§E§0§0§lt form storage
[11:38:45] > El3ctric_Ey3 remove x1 §x§5§9§A§1§D§9§lA§x§7§5§B§1§D§Fr§x§9§0§C§0§E§6c§x§A§C§D§0§E§Ch§x§C§8§E§0§F§2a§x§E§3§E§F§F§9n§fg§x§E§3§E§F§F§9e§x§C§8§E§0§F§2l §x§9§0§C§0§E§6K§x§7§5§B§1§D§Fe§x§5§9§A§1§D§9y form storage
[11:41:08] > El3ctric_Ey3 added x1 §f§l§8B§x§6§3§6§3§6§3a§x§7§1§7§1§7§1h§x§8§0§8§0§8§0a§x§8§E§8§E§8§Em§x§9§C§9§C§9§Cu§7t§x§9§C§9§C§9§C §x§8§E§8§E§8§ES§x§8§0§8§0§8§0w§x§7§1§7§1§7§1o§x§6§3§6§3§6§3r§8d in auction for 1000000.
[11:41:21] > El3ctric_Ey3 added x2 §x§F§F§3§E§0§0§lD§x§F§F§3§7§0§0§le§x§F§F§3§0§0§0§lm§x§F§F§2§9§0§0§lo§x§F§F§2§2§0§0§ln §x§F§F§1§5§0§0§lL§x§F§F§0§E§0§0§lo§x§F§F§0§7§0§0§lr§x§F§F§0§0§0§0§ld §x§F§F§0§E§0§0§lF§x§F§F§1§5§0§0§lr§x§F§F§1§C§0§0§la§x§F§F§2§2§0§0§lg§x§F§F§2§9§0§0§lm§x§F§F§3§0§0§0§le§x§F§F§3§7§0§0§ln§x§F§F§3§E§0§0§lt in auction for 250000.
[11:41:35] > El3ctric_Ey3 added x1 §eʙʟᴀᴢᴇ sᴘᴀᴡɴᴇʀ in auction for 1200000.
[11:42:04] > El3ctric_Ey3 added x1 §x§5§9§A§1§D§9§lA§x§7§5§B§1§D§Fr§x§9§0§C§0§E§6c§x§A§C§D§0§E§Ch§x§C§8§E§0§F§2a§x§E§3§E§F§F§9n§fg§x§E§3§E§F§F§9e§x§C§8§E§0§F§2l §x§9§0§C§0§E§6K§x§7§5§B§1§D§Fe§x§5§9§A§1§D§9y in auction for 900000.
[11:42:25] > Takeremu buy x1 Enchanted book to Xavier881 for $500,000.
[11:43:20] > Takeremu remove x1 Enchanted book from buy
[11:43:45] > El3ctric_Ey3 added x2 §x§F§F§3§E§0§0§lD§x§F§F§3§7§0§0§le§x§F§F§3§0§0§0§lm§x§F§F§2§9§0§0§lo§x§F§F§2§2§0§0§ln §x§F§F§1§5§0§0§lL§x§F§F§0§E§0§0§lo§x§F§F§0§7§0§0§lr§x§F§F§0§0§0§0§ld §x§F§F§0§E§0§0§lF§x§F§F§1§5§0§0§lr§x§F§F§1§C§0§0§la§x§F§F§2§2§0§0§lg§x§F§F§2§9§0§0§lm§x§F§F§3§0§0§0§le§x§F§F§3§7§0§0§ln§x§F§F§3§E§0§0§lt in auction for 250000.
[11:49:46] > x1 §x§F§F§7§C§0§0§lSteamsparks Blade on sale by llhxnce has just expired, it goes in the inventory of expired items.
[11:49:56] > monggol buy x5 §bEntropy Crystal §8(§310,000§8) to mauserdart for $500,000.
[11:50:15] > monggol remove x5 §bEntropy Crystal §8(§310,000§8) from buy