
[17:15:09] > Bestofphilipine added x1 §x§F§F§3§E§0§0§lD§x§F§F§3§6§0§0§le§x§F§F§2§F§0§0§lm§x§F§F§2§7§0§0§lo§x§F§F§1§F§0§0§ln §x§F§F§1§0§0§0§lL§x§F§F§0§8§0§0§lo§x§F§F§0§0§0§0§lr§x§F§F§0§9§0§0§ld §x§F§F§1§B§0§0§lB§x§F§F§2§3§0§0§lo§x§F§F§2§C§0§0§lo§x§F§F§3§5§0§0§lt§x§F§F§3§E§0§0§ls in auction for 400000.
[17:20:37] > Bestofphilipine buy x1 §x§F§F§3§E§0§0§lD§x§F§F§3§6§0§0§le§x§F§F§2§F§0§0§lm§x§F§F§2§7§0§0§lo§x§F§F§1§F§0§0§ln §x§F§F§1§0§0§0§lL§x§F§F§0§8§0§0§lo§x§F§F§0§0§0§0§lr§x§F§F§0§9§0§0§ld §x§F§F§1§B§0§0§lS§x§F§F§2§3§0§0§lw§x§F§F§2§C§0§0§lo§x§F§F§3§5§0§0§lr§x§F§F§3§E§0§0§ld to Cynishere for $100 000.
[17:21:15] > Bestofphilipine remove x1 §x§F§F§3§E§0§0§lD§x§F§F§3§6§0§0§le§x§F§F§2§F§0§0§lm§x§F§F§2§7§0§0§lo§x§F§F§1§F§0§0§ln §x§F§F§1§0§0§0§lL§x§F§F§0§8§0§0§lo§x§F§F§0§0§0§0§lr§x§F§F§0§9§0§0§ld §x§F§F§1§B§0§0§lB§x§F§F§2§3§0§0§lo§x§F§F§2§C§0§0§lo§x§F§F§3§5§0§0§lt§x§F§F§3§E§0§0§ls from storage
[17:21:25] > Bestofphilipine remove x1 §x§F§F§3§E§0§0§lD§x§F§F§3§6§0§0§le§x§F§F§2§F§0§0§lm§x§F§F§2§7§0§0§lo§x§F§F§1§F§0§0§ln §x§F§F§1§0§0§0§lL§x§F§F§0§8§0§0§lo§x§F§F§0§0§0§0§lr§x§F§F§0§9§0§0§ld §x§F§F§1§B§0§0§lB§x§F§F§2§3§0§0§lo§x§F§F§2§C§0§0§lo§x§F§F§3§5§0§0§lt§x§F§F§3§E§0§0§ls from expire
[17:21:32] > Bestofphilipine added x1 §x§F§F§3§E§0§0§lD§x§F§F§3§6§0§0§le§x§F§F§2§F§0§0§lm§x§F§F§2§7§0§0§lo§x§F§F§1§F§0§0§ln §x§F§F§1§0§0§0§lL§x§F§F§0§8§0§0§lo§x§F§F§0§0§0§0§lr§x§F§F§0§9§0§0§ld §x§F§F§1§B§0§0§lB§x§F§F§2§3§0§0§lo§x§F§F§2§C§0§0§lo§x§F§F§3§5§0§0§lt§x§F§F§3§E§0§0§ls in auction for 200000.
[17:30:43] > Bestofphilipine added x1 §x§F§F§5§5§0§0§lsᴇʟʟᴡᴀɴᴅ §6- 10.0x in auction for 800000.
[17:30:48] > HPMR_GaMerz buy x1 §x§F§F§5§5§0§0§lsᴇʟʟᴡᴀɴᴅ §6- 10.0x to Bestofphilipine for $800 000.
[17:35:32] > Bestofphilipine added x1 §x§5§C§C§F§F§C§lC§x§5§C§D§1§F§5§lo§x§5§D§D§4§E§E§ls§x§5§D§D§6§E§7§lm§x§5§E§D§9§E§1§le§x§5§E§D§B§D§A§lt§x§5§E§D§D§D§3§li§x§5§F§E§0§C§C§lc §x§5§F§E§0§C§C§lH§x§5§E§D§D§D§3§la§x§5§E§D§B§D§A§lt§x§5§E§D§9§E§1§ls §x§5§D§D§4§E§E§lK§x§5§C§D§1§F§5§le§x§5§C§C§F§F§C§ly in auction for 100000.
[17:36:51] > Bestofphilipine added x3 Nether star in auction for 100000.
[17:42:33] > Zypher_0w0 added x64 Obsidian in auction for 10000.
[17:42:40] > HPMR_GaMerz buy x64 Obsidian to Zypher_0w0 for $10 000.
[18:22:52] > LootCookie buy x1 §esᴘɪᴅᴇʀ sᴘᴀᴡɴᴇʀ to Unforce01 for $250 000.
[18:33:26] > Unforce01 added x2 §eᴄʜɪᴄᴋᴇɴ sᴘᴀᴡɴᴇʀ in auction for 275000.
[18:33:32] > Unforce01 added x2 §eᴘɪɢ sᴘᴀᴡɴᴇʀ in auction for 275000.
[18:35:16] > koshie added x1 §esᴘɪᴅᴇʀ sᴘᴀᴡɴᴇʀ in auction for 300000.
[18:59:09] > celinesanrio added x1 §x§F§F§3§E§0§0§lD§x§F§F§3§7§0§0§le§x§F§F§3§0§0§0§lm§x§F§F§2§9§0§0§lo§x§F§F§2§2§0§0§ln §x§F§F§1§5§0§0§lL§x§F§F§0§E§0§0§lo§x§F§F§0§7§0§0§lr§x§F§F§0§0§0§0§ld §x§F§F§0§E§0§0§lF§x§F§F§1§5§0§0§lr§x§F§F§1§C§0§0§la§x§F§F§2§2§0§0§lg§x§F§F§2§9§0§0§lm§x§F§F§3§0§0§0§le§x§F§F§3§7§0§0§ln§x§F§F§3§E§0§0§lt in auction for 250000.
[18:59:15] > celinesanrio added x1 §x§F§F§3§E§0§0§lD§x§F§F§3§7§0§0§le§x§F§F§3§0§0§0§lm§x§F§F§2§9§0§0§lo§x§F§F§2§2§0§0§ln §x§F§F§1§5§0§0§lL§x§F§F§0§E§0§0§lo§x§F§F§0§7§0§0§lr§x§F§F§0§0§0§0§ld §x§F§F§0§E§0§0§lF§x§F§F§1§5§0§0§lr§x§F§F§1§C§0§0§la§x§F§F§2§2§0§0§lg§x§F§F§2§9§0§0§lm§x§F§F§3§0§0§0§le§x§F§F§3§7§0§0§ln§x§F§F§3§E§0§0§lt in auction for 250000.
[19:01:57] > Zypher_0w0 added x64 Gold ingot in auction for 64000.
[19:02:02] > Abbadex buy x64 Gold ingot to Zypher_0w0 for $64 000.
[19:09:22] > x1 §x§F§F§3§E§0§0§lD§x§F§F§3§8§0§0§le§x§F§F§3§2§0§0§lm§x§F§F§2§B§0§0§lo§x§F§F§2§5§0§0§ln §x§F§F§1§9§0§0§lL§x§F§F§1§3§0§0§lo§x§F§F§0§C§0§0§lr§x§F§F§0§6§0§0§ld §x§F§F§0§6§0§0§lB§x§F§F§0§C§0§0§la§x§F§F§1§3§0§0§lt§x§F§F§1§9§0§0§lt§x§F§F§1§F§0§0§ll§x§F§F§2§5§0§0§le §x§F§F§3§2§0§0§lA§x§F§F§3§8§0§0§lx§x§F§F§3§E§0§0§le, item of Raylii, has just expired, the item is definitively deleted.
[19:10:09] > celinesanrio added x1 §3§lDolphin Tail in auction for 200000.
[19:11:30] > celinesanrio added x1 Ominous trial key in auction for 100000.
[19:11:51] > MrGh0st1y buy x1 Ominous trial key to celinesanrio for $100 000.
[19:15:03] > celinesanrio added x1 Enchanted book in auction for 2000000.
[19:17:31] > Ilovewaifus added x1 §x§F§F§5§5§0§0§lsᴇʟʟᴡᴀɴᴅ §6- 5.0x in auction for 400000.
[19:17:36] > celinesanrio buy x1 §x§F§F§5§5§0§0§lsᴇʟʟᴡᴀɴᴅ §6- 5.0x to Ilovewaifus for $400 000.
[19:17:45] > Ilovewaifus added x1 §x§F§F§5§5§0§0§lsᴇʟʟᴡᴀɴᴅ §6- 5.0x in auction for 400000.
[19:17:50] > ZAFF buy x1 §x§F§F§5§5§0§0§lsᴇʟʟᴡᴀɴᴅ §6- 5.0x to Ilovewaifus for $400 000.
[19:18:52] > ELITEAtlas added x1 §x§F§F§5§5§0§0§lsᴇʟʟᴡᴀɴᴅ §6- 10.0x in auction for 1000000.
[19:18:58] > Raylii buy x1 §x§F§F§5§5§0§0§lsᴇʟʟᴡᴀɴᴅ §6- 10.0x to ELITEAtlas for $1 000 000.
[19:19:03] > ELITEAtlas added x1 §x§F§F§5§5§0§0§lsᴇʟʟᴡᴀɴᴅ §6- 10.0x in auction for 1000000.
[19:19:25] > Ilovewaifus added x1 §x§F§0§7§A§5§4§lZombie Apocalyptic Sword in auction for 200000.
[19:19:48] > ELITEAtlas remove x1 §x§F§F§5§5§0§0§lsᴇʟʟᴡᴀɴᴅ §6- 10.0x from storage
[19:19:54] > ELITEAtlas remove x1 §x§F§F§5§5§0§0§lsᴇʟʟᴡᴀɴᴅ §6- 10.0x from expire
[19:20:01] > ELITEAtlas added x1 §x§F§F§5§5§0§0§lsᴇʟʟᴡᴀɴᴅ §6- 10.0x in auction for 1000000.
[19:20:28] > Yamihatdog buy x1 §x§F§0§7§A§5§4§lZombie Apocalyptic Sword to Ilovewaifus for $200 000.
[19:20:43] > Ilovewaifus added x2 Nether star in auction for 10000.
[19:20:50] > LootCookie buy x2 Nether star to Ilovewaifus for $10 000.
[19:20:55] > celinesanrio added x1 Ominous trial key in auction for 100000.
[19:20:57] > ELITEAtlas remove x1 §x§F§F§5§5§0§0§lsᴇʟʟᴡᴀɴᴅ §6- 10.0x from storage
[19:21:00] > ELITEAtlas buy x1 Ominous trial key to celinesanrio for $100 000.
[19:21:09] > ELITEAtlas remove x1 §x§F§F§5§5§0§0§lsᴇʟʟᴡᴀɴᴅ §6- 10.0x from expire
[19:21:23] > ELITEAtlas added x1 §x§F§F§5§5§0§0§lsᴇʟʟᴡᴀɴᴅ §6- 10.0x in auction for 900000.
[19:21:31] > Lanchan68 buy x2 §9§lSquid Tentacle to Seris00 for $300 000.
[19:23:29] > kopo555 added x1 §x§F§F§5§5§0§0§lsᴇʟʟᴡᴀɴᴅ §6- 10.0x in auction for 900000.
[19:24:03] > Lanchan68 buy x1 §3§lDolphin Tail to celinesanrio for $200 000.
[19:24:08] > celinesanrio added x1 Ominous trial key in auction for 100000.
[19:24:29] > celinesanrio added x2 Ominous trial key in auction for 200000.
[19:24:33] > ELITEAtlas buy x2 Ominous trial key to celinesanrio for $200 000.
[19:24:35] > Lanchan68 buy x1 Ominous trial key to celinesanrio for $100 000.
[19:24:40] > ELITEAtlas remove x1 §x§F§F§5§5§0§0§lsᴇʟʟᴡᴀɴᴅ §6- 10.0x from storage
[19:24:57] > Teshii added x2 §eᴄʜɪᴄᴋᴇɴ sᴘᴀᴡɴᴇʀ in auction for 200000.
[19:25:06] > Teshii added x1 §esʜᴇᴇᴘ sᴘᴀᴡɴᴇʀ in auction for 100000.
[19:25:15] > Teshii added x1 §esᴘɪᴅᴇʀ sᴘᴀᴡɴᴇʀ in auction for 250000.
[19:25:22] > Teshii added x1 §eʙʟᴀᴢᴇ sᴘᴀᴡɴᴇʀ in auction for 300000.
[19:25:23] > LootCookie buy x1 §esᴘɪᴅᴇʀ sᴘᴀᴡɴᴇʀ to Teshii for $250 000.
[19:25:33] > Teshii added x1 §eᴢᴏᴍʙɪᴇ sᴘᴀᴡɴᴇʀ in auction for 200000.
[19:26:39] > ELITEAtlas remove x1 §x§F§F§5§5§0§0§lsᴇʟʟᴡᴀɴᴅ §6- 10.0x from expire
[19:27:02] > ELITEAtlas added x1 §x§F§F§5§5§0§0§lsᴇʟʟᴡᴀɴᴅ §6- 10.0x in auction for 850000.
[19:27:45] > koshie added x1 §x§F§F§5§5§0§0§lsᴇʟʟᴡᴀɴᴅ §6- 5.0x in auction for 400000.
[19:27:48] > celinesanrio buy x1 §x§F§F§5§5§0§0§lsᴇʟʟᴡᴀɴᴅ §6- 5.0x to koshie for $400 000.
[19:29:19] > ZAFF buy x1 §x§F§F§5§5§0§0§lsᴇʟʟᴡᴀɴᴅ §6- 10.0x to ELITEAtlas for $850 000.
[19:29:42] > ELITEAtlas added x1 §x§E§4§3§A§9§6§lW§x§E§7§5§3§A§3§lI§x§E§B§6§B§B§0§lN§x§E§E§8§4§B§D§lG§x§F§2§9§D§C§B§lS §x§F§8§C§E§E§5§lO§x§F§C§E§6§F§2§lF §x§F§C§E§6§F§2§lE§x§F§8§C§E§E§5§lT§x§F§5§B§5§D§8§lE§x§F§2§9§D§C§B§lR§x§E§E§8§4§B§D§lN§x§E§B§6§B§B§0§lI§x§E§7§5§3§A§3§lT§x§E§4§3§A§9§6§lY in auction for 1000000.
[19:29:48] > ZAFF buy x1 §x§E§4§3§A§9§6§lW§x§E§7§5§3§A§3§lI§x§E§B§6§B§B§0§lN§x§E§E§8§4§B§D§lG§x§F§2§9§D§C§B§lS §x§F§8§C§E§E§5§lO§x§F§C§E§6§F§2§lF §x§F§C§E§6§F§2§lE§x§F§8§C§E§E§5§lT§x§F§5§B§5§D§8§lE§x§F§2§9§D§C§B§lR§x§E§E§8§4§B§D§lN§x§E§B§6§B§B§0§lI§x§E§7§5§3§A§3§lT§x§E§4§3§A§9§6§lY to ELITEAtlas for $1 000 000.
[19:32:45] > celinesanrio added x1 Ominous bottle in auction for 20000.
[19:32:49] > Teshii buy x1 Ominous bottle to celinesanrio for $20 000.
[19:33:05] > celinesanrio added x1 Ominous bottle in auction for 50000.
[19:33:09] > Teshii added x1 Ominous bottle in auction for 20000.
[19:33:13] > celinesanrio added x1 Ominous bottle in auction for 50000.
[19:33:15] > Raylii buy x1 Ominous bottle to celinesanrio for $50 000.
[19:33:23] > celinesanrio added x1 Ominous bottle in auction for 40000.
[19:33:27] > Raylii buy x1 Ominous bottle to Teshii for $20 000.
[19:33:29] > celinesanrio added x1 Ominous bottle in auction for 40000.
[19:33:35] > celinesanrio added x1 Ominous bottle in auction for 40000.
[19:33:44] > celinesanrio added x1 Ominous bottle in auction for 30000.
[19:34:11] > celinesanrio remove x17 Tipped arrow from storage
[19:34:11] > celinesanrio remove x18 Pointed dripstone from storage
[19:34:18] > celinesanrio added x1 Ominous bottle in auction for 30000.
[19:34:24] > celinesanrio added x1 Ominous bottle in auction for 30000.
[19:39:52] > Ilovewaifus added x2 Netherite ingot in auction for 40000.
[19:40:15] > celinesanrio remove x1 Ominous bottle from storage
[19:40:16] > celinesanrio remove x1 Ominous bottle from storage
[19:40:16] > celinesanrio remove x1 Ominous bottle from storage
[19:40:17] > celinesanrio remove x1 Ominous bottle from storage
[19:40:17] > celinesanrio remove x1 Ominous bottle from storage
[19:40:17] > celinesanrio remove x1 Ominous bottle from storage
[19:40:18] > celinesanrio remove x1 Ominous bottle from storage
[19:40:20] > celinesanrio added x1 §3§lDolphin Tail in auction for 250000.
[19:40:27] > Raylii buy x1 Enchanted book to celinesanrio for $2 000 000.
[19:46:30] > ELITEAtlas buy x2 §x§F§F§3§E§0§0§lD§x§F§F§3§7§0§0§le§x§F§F§3§0§0§0§lm§x§F§F§2§9§0§0§lo§x§F§F§2§2§0§0§ln §x§F§F§1§5§0§0§lL§x§F§F§0§E§0§0§lo§x§F§F§0§7§0§0§lr§x§F§F§0§0§0§0§ld §x§F§F§0§E§0§0§lF§x§F§F§1§5§0§0§lr§x§F§F§1§C§0§0§la§x§F§F§2§2§0§0§lg§x§F§F§2§9§0§0§lm§x§F§F§3§0§0§0§le§x§F§F§3§7§0§0§ln§x§F§F§3§E§0§0§lt to Cynishere for $600 000.
[19:46:34] > ELITEAtlas buy x1 §x§F§F§3§E§0§0§lD§x§F§F§3§7§0§0§le§x§F§F§3§0§0§0§lm§x§F§F§2§9§0§0§lo§x§F§F§2§2§0§0§ln §x§F§F§1§5§0§0§lL§x§F§F§0§E§0§0§lo§x§F§F§0§7§0§0§lr§x§F§F§0§0§0§0§ld §x§F§F§0§E§0§0§lF§x§F§F§1§5§0§0§lr§x§F§F§1§C§0§0§la§x§F§F§2§2§0§0§lg§x§F§F§2§9§0§0§lm§x§F§F§3§0§0§0§le§x§F§F§3§7§0§0§ln§x§F§F§3§E§0§0§lt to Akirupie for $300 000.
[19:46:39] > ELITEAtlas buy x1 §x§F§F§3§E§0§0§lD§x§F§F§3§7§0§0§le§x§F§F§3§0§0§0§lm§x§F§F§2§9§0§0§lo§x§F§F§2§2§0§0§ln §x§F§F§1§5§0§0§lL§x§F§F§0§E§0§0§lo§x§F§F§0§7§0§0§lr§x§F§F§0§0§0§0§ld §x§F§F§0§E§0§0§lF§x§F§F§1§5§0§0§lr§x§F§F§1§C§0§0§la§x§F§F§2§2§0§0§lg§x§F§F§2§9§0§0§lm§x§F§F§3§0§0§0§le§x§F§F§3§7§0§0§ln§x§F§F§3§E§0§0§lt to Akirupie for $300 000.
[19:47:22] > ELITEAtlas buy x1 §x§F§F§3§E§0§0§lD§x§F§F§3§7§0§0§le§x§F§F§3§0§0§0§lm§x§F§F§2§9§0§0§lo§x§F§F§2§2§0§0§ln §x§F§F§1§5§0§0§lL§x§F§F§0§E§0§0§lo§x§F§F§0§7§0§0§lr§x§F§F§0§0§0§0§ld §x§F§F§0§E§0§0§lF§x§F§F§1§5§0§0§lr§x§F§F§1§C§0§0§la§x§F§F§2§2§0§0§lg§x§F§F§2§9§0§0§lm§x§F§F§3§0§0§0§le§x§F§F§3§7§0§0§ln§x§F§F§3§E§0§0§lt to celinesanrio for $250 000.
[19:48:18] > Ilovewaifus added x1 Enchanted book in auction for 10000.
[19:48:26] > Ilovewaifus added x1 Golden horse armor in auction for 10000.
[19:48:54] > Ilovewaifus added x1 Enchanted golden apple in auction for 100000.
[19:57:50] > Ilovewaifus added x54 Amethyst shard in auction for 10000.
[20:02:57] > Ilovewaifus remove x54 Amethyst shard from storage
[20:03:06] > Ilovewaifus remove x54 Amethyst shard from expire
[20:03:41] > koshie remove x1 §esᴘɪᴅᴇʀ sᴘᴀᴡɴᴇʀ form storage
[20:04:17] > koshie added x1 §esᴘɪᴅᴇʀ sᴘᴀᴡɴᴇʀ in auction for 270000.
[20:04:28] > LootCookie buy x1 §esᴘɪᴅᴇʀ sᴘᴀᴡɴᴇʀ to koshie for $270 000.
[20:08:06] > Akirupie remove x1 §x§F§F§3§E§0§0§lD§x§F§F§3§5§0§0§le§x§F§F§2§C§0§0§lm§x§F§F§2§3§0§0§lo§x§F§F§1§B§0§0§ln §x§F§F§0§9§0§0§lL§x§F§F§0§0§0§0§lo§x§F§F§0§A§0§0§lr§x§F§F§1§5§0§0§ld §x§F§F§2§9§0§0§lB§x§F§F§3§4§0§0§lo§x§F§F§3§E§0§0§lw form storage
[20:08:51] > Akirupie added x1 §x§F§F§3§E§0§0§lD§x§F§F§3§5§0§0§le§x§F§F§2§C§0§0§lm§x§F§F§2§3§0§0§lo§x§F§F§1§B§0§0§ln §x§F§F§0§9§0§0§lL§x§F§F§0§0§0§0§lo§x§F§F§0§A§0§0§lr§x§F§F§1§5§0§0§ld §x§F§F§2§9§0§0§lB§x§F§F§3§4§0§0§lo§x§F§F§3§E§0§0§lw in auction for 250000.
[20:08:53] > LootCookie buy x1 §x§F§F§3§E§0§0§lD§x§F§F§3§5§0§0§le§x§F§F§2§C§0§0§lm§x§F§F§2§3§0§0§lo§x§F§F§1§B§0§0§ln §x§F§F§0§9§0§0§lL§x§F§F§0§0§0§0§lo§x§F§F§0§A§0§0§lr§x§F§F§1§5§0§0§ld §x§F§F§2§9§0§0§lB§x§F§F§3§4§0§0§lo§x§F§F§3§E§0§0§lw to Akirupie for $250 000.
[20:10:47] > Seris00 added x1 §eᴡɪᴛʜᴇʀ ꜱᴋᴇʟᴇᴛᴏɴ ꜱᴘᴀᴡɴᴇʀ in auction for 300000.
[20:12:29] > Seris00 added x1 §x§F§F§3§E§0§0§lD§x§F§F§3§6§0§0§le§x§F§F§2§F§0§0§lm§x§F§F§2§7§0§0§lo§x§F§F§1§F§0§0§ln §x§F§F§1§0§0§0§lL§x§F§F§0§8§0§0§lo§x§F§F§0§0§0§0§lr§x§F§F§0§8§0§0§ld §x§F§F§1§7§0§0§lD§x§F§F§1§F§0§0§la§x§F§F§2§7§0§0§lg§x§F§F§2§F§0§0§lg§x§F§F§3§6§0§0§le§x§F§F§3§E§0§0§lr in auction for 350000.
[20:13:04] > LootCookie added x1 §x§6§0§0§0§F§F§lɢᴏᴅʟʏ ɪᴛᴇᴍ in auction for 100000.
[20:13:33] > Ilovewaifus buy x1 §x§6§0§0§0§F§F§lɢᴏᴅʟʏ ɪᴛᴇᴍ to LootCookie for $100 000.
[20:31:29] > leafsmh added x64 Tnt in auction for 5600.
[20:31:54] > ELITEAtlas buy x1 §x§F§F§3§E§0§0§lD§x§F§F§3§6§0§0§le§x§F§F§2§F§0§0§lm§x§F§F§2§7§0§0§lo§x§F§F§1§F§0§0§ln §x§F§F§1§0§0§0§lL§x§F§F§0§8§0§0§lo§x§F§F§0§0§0§0§lr§x§F§F§0§9§0§0§ld §x§F§F§1§B§0§0§lB§x§F§F§2§3§0§0§lo§x§F§F§2§C§0§0§lo§x§F§F§3§5§0§0§lt§x§F§F§3§E§0§0§ls to Bestofphilipine for $200 000.
[20:46:14] > Zenolite_ added x1 §x§5§9§A§1§D§9§lA§x§6§B§A§B§D§Dr§x§7§E§B§6§E§1c§x§9§0§C§0§E§6h§x§A§3§C§B§E§Aa§x§B§5§D§5§E§En§x§C§8§E§0§F§2g§x§D§A§E§A§F§7e§x§E§D§F§5§F§Bl §x§E§A§F§3§F§AB§x§D§6§E§8§F§6a§x§C§1§D§C§F§1c§x§A§C§D§0§E§Ck§x§9§7§C§4§E§7p§x§8§3§B§9§E§3a§x§6§E§A§D§D§Ec§x§5§9§A§1§D§9k in auction for 150000.
[20:46:21] > LootCookie buy x1 §x§5§9§A§1§D§9§lA§x§6§B§A§B§D§Dr§x§7§E§B§6§E§1c§x§9§0§C§0§E§6h§x§A§3§C§B§E§Aa§x§B§5§D§5§E§En§x§C§8§E§0§F§2g§x§D§A§E§A§F§7e§x§E§D§F§5§F§Bl §x§E§A§F§3§F§AB§x§D§6§E§8§F§6a§x§C§1§D§C§F§1c§x§A§C§D§0§E§Ck§x§9§7§C§4§E§7p§x§8§3§B§9§E§3a§x§6§E§A§D§D§Ec§x§5§9§A§1§D§9k to Zenolite_ for $150 000.
[20:50:10] > LootCookie added x1 §x§5§9§A§1§D§9§lA§x§6§B§A§B§D§Dr§x§7§E§B§6§E§1c§x§9§0§C§0§E§6h§x§A§3§C§B§E§Aa§x§B§5§D§5§E§En§x§C§8§E§0§F§2g§x§D§A§E§A§F§7e§x§E§D§F§5§F§Bl §x§E§A§F§3§F§AB§x§D§6§E§8§F§6a§x§C§1§D§C§F§1c§x§A§C§D§0§E§Ck§x§9§7§C§4§E§7p§x§8§3§B§9§E§3a§x§6§E§A§D§D§Ec§x§5§9§A§1§D§9k in auction for 1500000.
[21:01:31] > Unforce01 buy x1 §x§F§F§3§E§0§0§lD§x§F§F§3§7§0§0§le§x§F§F§3§0§0§0§lm§x§F§F§2§9§0§0§lo§x§F§F§2§2§0§0§ln §x§F§F§1§5§0§0§lL§x§F§F§0§E§0§0§lo§x§F§F§0§7§0§0§lr§x§F§F§0§0§0§0§ld §x§F§F§0§E§0§0§lF§x§F§F§1§5§0§0§lr§x§F§F§1§C§0§0§la§x§F§F§2§2§0§0§lg§x§F§F§2§9§0§0§lm§x§F§F§3§0§0§0§le§x§F§F§3§7§0§0§ln§x§F§F§3§E§0§0§lt to celinesanrio for $250 000.
[21:09:34] > Akirupie added x1 §x§F§0§7§A§5§4§lZombie Apocalyptic Pickaxe in auction for 300000.
[21:20:20] > Unforce01 added x1 §eᴡɪᴛᴄʜ ꜱᴘᴀᴡɴᴇʀ in auction for 325000.
[21:20:24] > Kyslee buy x1 §eᴡɪᴛᴄʜ ꜱᴘᴀᴡɴᴇʀ to Unforce01 for $325 000.
[21:24:36] > Unforce01 added x1 §x§F§F§0§0§0§0§lS§x§F§F§1§3§0§0§lh§x§F§F§2§6§0§0§lo§x§F§F§3§9§0§0§lg§x§F§F§4§D§0§0§lu§x§F§F§6§0§0§0§ln §x§F§F§8§6§0§0§lF§x§F§F§7§3§0§0§lr§x§F§F§6§0§0§0§la§x§F§F§4§D§0§0§lg§x§F§F§3§9§0§0§lm§x§F§F§2§6§0§0§le§x§F§F§1§3§0§0§ln§x§F§F§0§0§0§0§lt in auction for 200000.
[21:24:38] > .Kenku1001 added x1 §x§F§F§3§E§0§0§lD§x§F§F§3§6§0§0§le§x§F§F§2§F§0§0§lm§x§F§F§2§7§0§0§lo§x§F§F§1§F§0§0§ln §x§F§F§1§0§0§0§lL§x§F§F§0§8§0§0§lo§x§F§F§0§0§0§0§lr§x§F§F§0§8§0§0§ld §x§F§F§1§7§0§0§lS§x§F§F§1§F§0§0§lh§x§F§F§2§7§0§0§li§x§F§F§2§F§0§0§le§x§F§F§3§6§0§0§ll§x§F§F§3§E§0§0§ld in auction for 100000.
[21:25:26] > Hitaansh_12 buy x1 §x§F§F§3§E§0§0§lD§x§F§F§3§6§0§0§le§x§F§F§2§F§0§0§lm§x§F§F§2§7§0§0§lo§x§F§F§1§F§0§0§ln §x§F§F§1§0§0§0§lL§x§F§F§0§8§0§0§lo§x§F§F§0§0§0§0§lr§x§F§F§0§8§0§0§ld §x§F§F§1§7§0§0§lS§x§F§F§1§F§0§0§lh§x§F§F§2§7§0§0§li§x§F§F§2§F§0§0§le§x§F§F§3§6§0§0§ll§x§F§F§3§E§0§0§ld to .Kenku1001 for $100 000.
[21:25:53] > Hitaansh_12 buy x1 §x§F§0§7§A§5§4§lZombie Apocalyptic Pickaxe to Akirupie for $300 000.
[21:26:23] > Hitaansh_12 buy x1 §x§F§F§3§E§0§0§lD§x§F§F§3§6§0§0§le§x§F§F§2§F§0§0§lm§x§F§F§2§7§0§0§lo§x§F§F§1§F§0§0§ln §x§F§F§1§0§0§0§lL§x§F§F§0§8§0§0§lo§x§F§F§0§0§0§0§lr§x§F§F§0§8§0§0§ld §x§F§F§1§7§0§0§lD§x§F§F§1§F§0§0§la§x§F§F§2§7§0§0§lg§x§F§F§2§F§0§0§lg§x§F§F§3§6§0§0§le§x§F§F§3§E§0§0§lr to Seris00 for $350 000.
[21:36:35] > Unforce01 added x1 §x§F§0§7§A§5§4§lZombie Apocalyptic SMG in auction for 250000.
[21:36:44] > ELITEAtlas added x1 §x§F§F§5§5§0§0§lsᴇʟʟᴡᴀɴᴅ §6- 10.0x in auction for 1000000.
[21:37:21] > HPMR_GaMerz buy x64 Tnt to leafsmh for $5 600.
[22:13:21] > LootCookie added x1 Shulker shell in auction for 1000000.
[22:13:55] > Akirupie buy x1 Shulker shell to LootCookie for $1 000 000.
[22:30:29] > .Kenku1001 buy x2 Netherite ingot to Ilovewaifus for $40 000.
[22:39:56] > Teshii added x1 Fishing rod in auction for 50000.
[22:40:04] > LootCookie buy x1 Fishing rod to Teshii for $50 000.
[22:45:17] > koshie added x1 §x§5§C§C§F§F§C§lC§x§5§C§D§1§F§5§lo§x§5§D§D§4§E§E§ls§x§5§D§D§6§E§7§lm§x§5§E§D§9§E§1§le§x§5§E§D§B§D§A§lt§x§5§E§D§D§D§3§li§x§5§F§E§0§C§C§lc §x§5§F§E§0§C§C§lH§x§5§E§D§D§D§3§la§x§5§E§D§B§D§A§lt§x§5§E§D§9§E§1§ls §x§5§D§D§4§E§E§lK§x§5§C§D§1§F§5§le§x§5§C§C§F§F§C§ly in auction for 70000.
[22:45:40] > koshie added x1 §x§F§C§9§0§5§C§lE§x§E§6§9§C§6§B§lp§x§C§F§A§7§7§A§li§x§B§9§B§3§8§9§lc §x§8§C§C§B§A§7§lC§x§7§5§D§6§B§6§lr§x§5§F§E§2§C§5§la§x§7§9§D§4§B§4§lt§x§9§3§C§7§A§2§le §x§C§8§A§B§7§F§lK§x§E§2§9§E§6§E§le§x§F§C§9§0§5§C§ly in auction for 150000.
[22:48:51] > Deanrex added x8 §x§8§8§E§C§3§3§lV§x§8§2§E§B§4§8§lo§x§7§C§E§9§5§D§lt§x§7§6§E§8§7§2§le §x§6§B§E§5§9§B§lC§x§6§5§E§3§B§0§lr§x§5§F§E§2§C§5§la§x§6§6§E§4§A§D§lt§x§6§D§E§5§9§4§le §x§7§A§E§9§6§4§lK§x§8§1§E§A§4§B§le§x§8§8§E§C§3§3§ly in auction for 10000000.
[22:48:58] > HPMR_GaMerz buy x8 §x§8§8§E§C§3§3§lV§x§8§2§E§B§4§8§lo§x§7§C§E§9§5§D§lt§x§7§6§E§8§7§2§le §x§6§B§E§5§9§B§lC§x§6§5§E§3§B§0§lr§x§5§F§E§2§C§5§la§x§6§6§E§4§A§D§lt§x§6§D§E§5§9§4§le §x§7§A§E§9§6§4§lK§x§8§1§E§A§4§B§le§x§8§8§E§C§3§3§ly to Deanrex for $10 000 000.
[22:49:05] > MrGh0st1y buy x1 §x§5§C§C§F§F§C§lC§x§5§C§D§1§F§5§lo§x§5§D§D§4§E§E§ls§x§5§D§D§6§E§7§lm§x§5§E§D§9§E§1§le§x§5§E§D§B§D§A§lt§x§5§E§D§D§D§3§li§x§5§F§E§0§C§C§lc §x§5§F§E§0§C§C§lH§x§5§E§D§D§D§3§la§x§5§E§D§B§D§A§lt§x§5§E§D§9§E§1§ls §x§5§D§D§4§E§E§lK§x§5§C§D§1§F§5§le§x§5§C§C§F§F§C§ly to koshie for $70 000.
[22:59:35] > x1 §x§F§0§7§A§5§4§lZombie Apocalyptic Key on sale by HPMR_GaMerz has just expired, it goes in the inventory of expired items.
[22:59:35] > x1 Swift Sneak III on sale by HPMR_GaMerz has just expired, it goes in the inventory of expired items.
[23:02:40] > nicoso12 added x1 §x§F§F§5§5§0§0§lsᴇʟʟᴡᴀɴᴅ §6- 5.0x in auction for 390000.
[23:02:45] > HPMR_GaMerz buy x1 §x§F§F§5§5§0§0§lsᴇʟʟᴡᴀɴᴅ §6- 5.0x to nicoso12 for $390 000.
[23:03:42] > nicoso12 added x1 §eᴄᴏᴡ sᴘᴀᴡɴᴇʀ in auction for 200000.
[23:05:02] > kopo555 added x1 §x§F§F§5§5§0§0§lsᴇʟʟᴡᴀɴᴅ §6- 5.0x in auction for 400000.
[23:05:06] > HPMR_GaMerz buy x1 §x§F§F§5§5§0§0§lsᴇʟʟᴡᴀɴᴅ §6- 5.0x to kopo555 for $400 000.
[23:05:09] > azi buy x1 §x§F§F§5§5§0§0§lsᴇʟʟᴡᴀɴᴅ §6- 10.0x to ELITEAtlas for $1 000 000.
[23:05:16] > kopo555 added x1 §x§F§F§5§5§0§0§lsᴇʟʟᴡᴀɴᴅ §6- 5.0x in auction for 400000.
[23:05:20] > HPMR_GaMerz buy x1 §x§F§F§5§5§0§0§lsᴇʟʟᴡᴀɴᴅ §6- 5.0x to kopo555 for $400 000.
[23:06:18] > nicoso12 buy x1 §x§F§F§3§E§0§0§lD§x§F§F§3§6§0§0§le§x§F§F§2§F§0§0§lm§x§F§F§2§7§0§0§lo§x§F§F§1§F§0§0§ln §x§F§F§1§0§0§0§lL§x§F§F§0§8§0§0§lo§x§F§F§0§0§0§0§lr§x§F§F§0§8§0§0§ld §x§F§F§1§7§0§0§lS§x§F§F§1§F§0§0§lh§x§F§F§2§7§0§0§li§x§F§F§2§F§0§0§le§x§F§F§3§6§0§0§ll§x§F§F§3§E§0§0§ld to Zenolite_ for $150 000.
[23:08:18] > x1 §x§F§0§7§A§5§4§lZombie Apocalyptic Boots on sale by HPMR_GaMerz has just expired, it goes in the inventory of expired items.
[23:11:51] > nicoso12 added x2 §x§F§C§9§0§5§C§lE§x§E§6§9§C§6§B§lp§x§C§F§A§7§7§A§li§x§B§9§B§3§8§9§lc §x§8§C§C§B§A§7§lC§x§7§5§D§6§B§6§lr§x§5§F§E§2§C§5§la§x§7§9§D§4§B§4§lt§x§9§3§C§7§A§2§le §x§C§8§A§B§7§F§lK§x§E§2§9§E§6§E§le§x§F§C§9§0§5§C§ly in auction for 300000.
[23:30:00] > kopo555 added x1 §x§F§F§5§5§0§0§lsᴇʟʟᴡᴀɴᴅ §6- 5.0x in auction for 400000.
[23:30:03] > LootCookie buy x1 §x§F§F§5§5§0§0§lsᴇʟʟᴡᴀɴᴅ §6- 5.0x to kopo555 for $400 000.
[23:30:08] > kopo555 added x1 §x§F§F§5§5§0§0§lsᴇʟʟᴡᴀɴᴅ §6- 5.0x in auction for 400000.
[23:30:12] > celinesanrio buy x1 §x§F§F§5§5§0§0§lsᴇʟʟᴡᴀɴᴅ §6- 5.0x to kopo555 for $400 000.
[23:33:14] > kopo555 remove x1 §x§F§F§5§5§0§0§lsᴇʟʟᴡᴀɴᴅ §6- 10.0x from storage
[23:33:38] > kopo555 added x1 §x§F§F§5§5§0§0§lsᴇʟʟᴡᴀɴᴅ §6- 10.0x in auction for 1000000.
[23:33:48] > celinesanrio remove x1 §3§lDolphin Tail from storage
[23:33:53] > celinesanrio added x1 §3§lDolphin Tail in auction for 250000.
[23:36:06] > LootCookie added x1 §9§lSquid Tentacle in auction for 100000.
[23:41:18] > HEYkay27 added x1 §x§F§F§3§E§0§0§lD§x§F§F§3§7§0§0§le§x§F§F§3§0§0§0§lm§x§F§F§2§9§0§0§lo§x§F§F§2§2§0§0§ln §x§F§F§1§5§0§0§lL§x§F§F§0§E§0§0§lo§x§F§F§0§7§0§0§lr§x§F§F§0§0§0§0§ld §x§F§F§1§0§0§0§lP§x§F§F§1§7§0§0§li§x§F§F§1§F§0§0§lc§x§F§F§2§7§0§0§lk§x§F§F§2§F§0§0§la§x§F§F§3§6§0§0§lx§x§F§F§3§E§0§0§le in auction for 3000000.
[23:51:35] > Unforce01 remove x2 §eᴄʜɪᴄᴋᴇɴ sᴘᴀᴡɴᴇʀ from storage
[23:51:39] > Unforce01 remove x2 §eᴘɪɢ sᴘᴀᴡɴᴇʀ from storage
[23:53:41] > Unforce01 remove x1 §x§F§0§7§A§5§4§lZombie Apocalyptic SMG from storage
[23:54:07] > Unforce01 remove x1 §x§5§C§C§F§F§C§lC§x§5§C§D§1§F§5§lo§x§5§D§D§4§E§E§ls§x§5§D§D§6§E§7§lm§x§5§E§D§9§E§1§le§x§5§E§D§B§D§A§lt§x§5§E§D§D§D§3§li§x§5§F§E§0§C§C§lc §x§5§F§E§0§C§C§lH§x§5§E§D§D§D§3§la§x§5§E§D§B§D§A§lt§x§5§E§D§9§E§1§ls §x§5§D§D§4§E§E§lK§x§5§C§D§1§F§5§le§x§5§C§C§F§F§C§ly from storage
[23:56:30] > Unforce01 added x1 §x§F§0§7§A§5§4§lZombie Apocalyptic SMG in auction for 150000.
[23:56:38] > koshie buy x1 §x§F§0§7§A§5§4§lZombie Apocalyptic SMG to Unforce01 for $150 000.
[23:58:39] > Unforce01 remove x2 §eᴄʜɪᴄᴋᴇɴ sᴘᴀᴡɴᴇʀ form expire
[23:58:39] > Unforce01 remove x2 §eᴘɪɢ sᴘᴀᴡɴᴇʀ form expire
[23:58:39] > Unforce01 remove x1 §x§5§C§C§F§F§C§lC§x§5§C§D§1§F§5§lo§x§5§D§D§4§E§E§ls§x§5§D§D§6§E§7§lm§x§5§E§D§9§E§1§le§x§5§E§D§B§D§A§lt§x§5§E§D§D§D§3§li§x§5§F§E§0§C§C§lc §x§5§F§E§0§C§C§lH§x§5§E§D§D§D§3§la§x§5§E§D§B§D§A§lt§x§5§E§D§9§E§1§ls §x§5§D§D§4§E§E§lK§x§5§C§D§1§F§5§le§x§5§C§C§F§F§C§ly form expire
[00:02:46] > Unforce01 added x1 §x§5§C§C§F§F§C§lC§x§5§C§D§1§F§5§lo§x§5§D§D§4§E§E§ls§x§5§D§D§6§E§7§lm§x§5§E§D§9§E§1§le§x§5§E§D§B§D§A§lt§x§5§E§D§D§D§3§li§x§5§F§E§0§C§C§lc §x§5§F§E§0§C§C§lH§x§5§E§D§D§D§3§la§x§5§E§D§B§D§A§lt§x§5§E§D§9§E§1§ls §x§5§D§D§4§E§E§lK§x§5§C§D§1§F§5§le§x§5§C§C§F§F§C§ly in auction for 100000.
[00:02:50] > koshie added x1 §x§F§0§7§A§5§4§lZombie Apocalyptic SMG in auction for 180000.
[00:02:56] > HPMR_GaMerz buy x1 §x§F§0§7§A§5§4§lZombie Apocalyptic SMG to koshie for $180 000.
[00:11:23] > HPMR_GaMerz added x8 Diamond block in auction for 7000.
[00:11:41] > azi buy x8 Diamond block to HPMR_GaMerz for $7 000.
[00:12:18] > azi added x8 Diamond block in auction for 7000.
[00:12:36] > MrHappy buy x8 Diamond block to azi for $7 000.
[00:20:07] > kopo555 remove x1 §x§F§F§5§5§0§0§lsᴇʟʟᴡᴀɴᴅ §6- 10.0x from storage
[00:27:18] > Unforce01 added x1 §fShogun Trident in auction for 150000.
[00:27:25] > Abbadex buy x1 §fShogun Trident to Unforce01 for $150 000.
[00:27:43] > Lanchan68 buy x1 §3§lDolphin Tail to celinesanrio for $250 000.
[00:30:31] > Abbadex buy x1 §x§5§C§C§F§F§C§lC§x§5§C§D§1§F§5§lo§x§5§D§D§4§E§E§ls§x§5§D§D§6§E§7§lm§x§5§E§D§9§E§1§le§x§5§E§D§B§D§A§lt§x§5§E§D§D§D§3§li§x§5§F§E§0§C§C§lc §x§5§F§E§0§C§C§lH§x§5§E§D§D§D§3§la§x§5§E§D§B§D§A§lt§x§5§E§D§9§E§1§ls §x§5§D§D§4§E§E§lK§x§5§C§D§1§F§5§le§x§5§C§C§F§F§C§ly to Unforce01 for $100 000.
[00:33:53] > Unforce01 added x1 §x§F§0§7§A§5§4§lZombie Apocalyptic SMG in auction for 250000.
[00:35:08] > Unforce01 remove x1 §x§F§0§7§A§5§4§lZombie Apocalyptic SMG from storage
[00:35:22] > Unforce01 added x1 §x§F§0§7§A§5§4§lZombie Apocalyptic SMG in auction for 150000.
[00:35:43] > Akirupie buy x1 §x§F§0§7§A§5§4§lZombie Apocalyptic SMG to Unforce01 for $150 000.
[00:36:27] > Akirupie added x1 §x§F§0§7§A§5§4§lZombie Apocalyptic SMG in auction for 150000.
[00:36:29] > LootCookie buy x1 §x§F§0§7§A§5§4§lZombie Apocalyptic SMG to Akirupie for $150 000.
[00:44:00] > MrGh0st1y added x1 Enchanted book in auction for 200000.
[00:47:03] > HPMR_GaMerz remove x2 Villager spawn egg from storage
[00:47:31] > HPMR_GaMerz added x2 Villager spawn egg in auction for 2000000.