
[00:10:27] > melgrsy added x1 §x§E§4§3§A§9§6§lW§x§E§7§5§3§A§3§lI§x§E§B§6§B§B§0§lN§x§E§E§8§4§B§D§lG§x§F§2§9§D§C§B§lS §x§F§8§C§E§E§5§lO§x§F§C§E§6§F§2§lF §x§F§C§E§6§F§2§lE§x§F§8§C§E§E§5§lT§x§F§5§B§5§D§8§lE§x§F§2§9§D§C§B§lR§x§E§E§8§4§B§D§lN§x§E§B§6§B§B§0§lI§x§E§7§5§3§A§3§lT§x§E§4§3§A§9§6§lY in auction for 650000.
[00:10:31] > Shyloooh buy x1 §x§E§4§3§A§9§6§lW§x§E§7§5§3§A§3§lI§x§E§B§6§B§B§0§lN§x§E§E§8§4§B§D§lG§x§F§2§9§D§C§B§lS §x§F§8§C§E§E§5§lO§x§F§C§E§6§F§2§lF §x§F§C§E§6§F§2§lE§x§F§8§C§E§E§5§lT§x§F§5§B§5§D§8§lE§x§F§2§9§D§C§B§lR§x§E§E§8§4§B§D§lN§x§E§B§6§B§B§0§lI§x§E§7§5§3§A§3§lT§x§E§4§3§A§9§6§lY to melgrsy for $650 000.
[00:22:44] > melgrsy added x64 Iron block in auction for 115000.
[00:22:51] > Shyloooh buy x64 Iron block to melgrsy for $115 000.
[00:24:25] > Pedroo80 added x64 §x§F§C§D§0§5§C§lB§x§E§6§D§3§6§B§la§x§C§F§D§5§7§A§ls§x§B§9§D§8§8§9§li§x§A§2§D§A§9§8§lc §x§7§5§D§F§B§6§lC§x§5§F§E§2§C§5§lr§x§7§5§D§F§B§6§la§x§8§C§D§D§A§7§lt§x§A§2§D§A§9§8§le §x§C§F§D§5§7§A§lK§x§E§6§D§3§6§B§le§x§F§C§D§0§5§C§ly in auction for 1000000.
[00:25:10] > Pedroo80 remove x64 §x§F§C§D§0§5§C§lB§x§E§6§D§3§6§B§la§x§C§F§D§5§7§A§ls§x§B§9§D§8§8§9§li§x§A§2§D§A§9§8§lc §x§7§5§D§F§B§6§lC§x§5§F§E§2§C§5§lr§x§7§5§D§F§B§6§la§x§8§C§D§D§A§7§lt§x§A§2§D§A§9§8§le §x§C§F§D§5§7§A§lK§x§E§6§D§3§6§B§le§x§F§C§D§0§5§C§ly from storage
[00:45:58] > Zypher_0w0 remove x1 Enchanted book from storage
[00:46:18] > Zypher_0w0 added x1 §x§5§9§A§1§D§9§lA§x§6§B§A§B§D§Dr§x§7§E§B§6§E§1c§x§9§0§C§0§E§6h§x§A§3§C§B§E§Aa§x§B§5§D§5§E§En§x§C§8§E§0§F§2g§x§D§A§E§A§F§7e§x§E§D§F§5§F§Bl §x§E§A§F§3§F§AB§x§D§6§E§8§F§6a§x§C§1§D§C§F§1c§x§A§C§D§0§E§Ck§x§9§7§C§4§E§7p§x§8§3§B§9§E§3a§x§6§E§A§D§D§Ec§x§5§9§A§1§D§9k in auction for 3000000.
[01:44:22] > Kyslee added x8 End rod in auction for 10.
[01:44:31] > 701 buy x8 End rod to Kyslee for $10.
[10:50:29] > CarlSui added x1 §x§5§9§A§1§D§9§lA§x§7§1§A§E§D§Er§x§8§8§B§C§E§4c§x§A§0§C§9§E§9h§x§B§8§D§7§E§Fa§x§D§0§E§4§F§4n§x§E§7§F§2§F§Ag§fe§x§E§3§E§F§F§9l §x§A§C§D§0§E§CM§x§9§0§C§0§E§6a§x§7§5§B§1§D§Fc§x§5§9§A§1§D§9e in auction for 3000000.
[11:36:59] > .Acon1te4773 added x1 §x§6§0§0§0§F§F§lɢᴏᴅʟʏ ɪᴛᴇᴍ in auction for 100000.
[11:43:49] > CarlSui added x1 §x§6§0§0§0§F§F§lɢᴏᴅʟʏ ɪᴛᴇᴍ in auction for 100000.
[11:43:54] > CarlSui added x1 §x§E§3§A§F§4§F§lʟᴇɢᴇɴᴅᴀʀʏ ɪᴛᴇᴍ in auction for 50000.
[11:44:26] > CarlSui added x1 §x§E§3§A§F§4§F§lʟᴇɢᴇɴᴅᴀʀʏ ɪᴛᴇᴍ in auction for 70000.
[11:44:33] > CarlSui added x1 §fShogun Spear in auction for 100000.
[11:48:16] > CarlSui buy x1 Totem of undying to Zypher_0w0 for $5 000.
[11:48:21] > CarlSui buy x1 Totem of undying to Zypher_0w0 for $5 000.
[12:53:43] > Kyslee added x1 Ominous bottle in auction for 10.
[12:54:08] > CarlSui buy x1 Ominous bottle to Kyslee for $10.
[12:54:16] > Kyslee added x1 Totem of undying in auction for 10.
[12:54:21] > CarlSui buy x1 Totem of undying to Kyslee for $10.
[12:54:55] > Kyslee added x1 Totem of undying in auction for 10.
[12:55:00] > Kyslee added x1 Totem of undying in auction for 10.
[12:55:02] > CarlSui buy x1 Totem of undying to Kyslee for $10.
[12:55:08] > CarlSui buy x1 Totem of undying to Kyslee for $10.
[12:55:08] > Kyslee added x1 Totem of undying in auction for 10.
[12:55:12] > CarlSui buy x1 Totem of undying to Kyslee for $10.
[12:55:14] > Kyslee added x1 Totem of undying in auction for 10.
[12:55:17] > Shyloooh buy x1 Totem of undying to Kyslee for $10.
[12:55:27] > Kyslee added x1 Totem of undying in auction for 10.
[12:55:30] > Shyloooh buy x1 Totem of undying to Kyslee for $10.
[12:55:33] > Kyslee added x1 Totem of undying in auction for 10.
[12:55:37] > CarlSui buy x1 Totem of undying to Kyslee for $10.
[12:55:39] > Kyslee added x1 Totem of undying in auction for 10.
[12:55:41] > CarlSui buy x1 Totem of undying to Kyslee for $10.
[12:55:46] > Kyslee added x1 Totem of undying in auction for 10.
[12:55:48] > CarlSui buy x1 Totem of undying to Kyslee for $10.
[12:55:53] > Kyslee added x1 Totem of undying in auction for 10.
[12:55:57] > CarlSui buy x1 Totem of undying to Kyslee for $10.
[12:55:59] > Kyslee added x1 Totem of undying in auction for 10.
[12:56:01] > Shyloooh buy x1 Totem of undying to Kyslee for $10.
[12:56:05] > Kyslee added x1 Totem of undying in auction for 10.
[12:56:07] > CarlSui buy x1 Totem of undying to Kyslee for $10.
[12:56:12] > Kyslee added x1 Totem of undying in auction for 10.
[12:56:16] > CarlSui buy x1 Totem of undying to Kyslee for $10.
[13:09:04] > Zypher_0w0 remove x1 §x§5§9§A§1§D§9§lA§x§6§B§A§B§D§Dr§x§7§E§B§6§E§1c§x§9§0§C§0§E§6h§x§A§3§C§B§E§Aa§x§B§5§D§5§E§En§x§C§8§E§0§F§2g§x§D§A§E§A§F§7e§x§E§D§F§5§F§Bl §x§E§A§F§3§F§AB§x§D§6§E§8§F§6a§x§C§1§D§C§F§1c§x§A§C§D§0§E§Ck§x§9§7§C§4§E§7p§x§8§3§B§9§E§3a§x§6§E§A§D§D§Ec§x§5§9§A§1§D§9k from storage
[13:09:41] > Zypher_0w0 added x1 §x§5§9§A§1§D§9§lA§x§6§B§A§B§D§Dr§x§7§E§B§6§E§1c§x§9§0§C§0§E§6h§x§A§3§C§B§E§Aa§x§B§5§D§5§E§En§x§C§8§E§0§F§2g§x§D§A§E§A§F§7e§x§E§D§F§5§F§Bl §x§E§A§F§3§F§AB§x§D§6§E§8§F§6a§x§C§1§D§C§F§1c§x§A§C§D§0§E§Ck§x§9§7§C§4§E§7p§x§8§3§B§9§E§3a§x§6§E§A§D§D§Ec§x§5§9§A§1§D§9k in auction for 800000.
[13:16:27] > Kyslee added x1 Totem of undying in auction for 10.
[13:16:31] > CarlSui buy x1 Totem of undying to Kyslee for $10.
[13:16:34] > Kyslee added x1 Totem of undying in auction for 10.
[13:16:38] > CarlSui buy x1 Totem of undying to Kyslee for $10.
[13:16:50] > Kyslee added x1 Totem of undying in auction for 10.
[13:16:53] > CarlSui buy x1 Totem of undying to Kyslee for $10.
[13:34:00] > Kyslee added x1 Totem of undying in auction for 10.
[13:34:04] > CarlSui buy x1 Totem of undying to Kyslee for $10.
[13:34:05] > Kyslee added x1 Totem of undying in auction for 10.
[13:34:09] > CarlSui buy x1 Totem of undying to Kyslee for $10.
[16:22:17] > Zypher_0w0 added x1 §fShogun Staff in auction for 150000.
[16:22:22] > mauserdart buy x1 §fShogun Staff to Zypher_0w0 for $150 000.
[16:23:47] > Zypher_0w0 added x1 §fShogun Boots in auction for 200000.
[16:23:57] > Zypher_0w0 added x1 §fShogun Crossbow in auction for 150000.
[16:24:43] > .Acon1te4773 buy x1 Enchanted book to Zypher_0w0 for $5 000.
[16:28:21] > CarlSui buy x1 Filled map to Kyslee for $100.
[16:44:47] > Zypher_0w0 remove x1 §fShogun Boots from storage
[16:45:06] > Zypher_0w0 added x1 §x§F§F§3§E§0§0§lD§x§F§F§3§6§0§0§le§x§F§F§2§F§0§0§lm§x§F§F§2§7§0§0§lo§x§F§F§1§F§0§0§ln §x§F§F§1§0§0§0§lL§x§F§F§0§8§0§0§lo§x§F§F§0§0§0§0§lr§x§F§F§0§9§0§0§ld §x§F§F§1§B§0§0§lS§x§F§F§2§3§0§0§lt§x§F§F§2§C§0§0§la§x§F§F§3§5§0§0§lf§x§F§F§3§E§0§0§lf in auction for 500000.
[16:45:37] > Cynishere buy x1 §x§F§F§3§E§0§0§lD§x§F§F§3§6§0§0§le§x§F§F§2§F§0§0§lm§x§F§F§2§7§0§0§lo§x§F§F§1§F§0§0§ln §x§F§F§1§0§0§0§lL§x§F§F§0§8§0§0§lo§x§F§F§0§0§0§0§lr§x§F§F§0§9§0§0§ld §x§F§F§1§B§0§0§lS§x§F§F§2§3§0§0§lt§x§F§F§2§C§0§0§la§x§F§F§3§5§0§0§lf§x§F§F§3§E§0§0§lf to Zypher_0w0 for $500 000.
[16:59:29] > HPMR_GaMerz added x1 §fShogun Spear in auction for 100000.
[17:11:59] > HPMR_GaMerz added x1 §x§E§3§A§F§4§F§lʟᴇɢᴇɴᴅᴀʀʏ ɪᴛᴇᴍ in auction for 100000.
[17:20:45] > CarlSui remove x1 §x§5§9§A§1§D§9§lA§x§7§1§A§E§D§Er§x§8§8§B§C§E§4c§x§A§0§C§9§E§9h§x§B§8§D§7§E§Fa§x§D§0§E§4§F§4n§x§E§7§F§2§F§Ag§fe§x§E§3§E§F§F§9l §x§A§C§D§0§E§CM§x§9§0§C§0§E§6a§x§7§5§B§1§D§Fc§x§5§9§A§1§D§9e from storage
[17:20:56] > CarlSui added x1 §x§5§9§A§1§D§9§lA§x§7§1§A§E§D§Er§x§8§8§B§C§E§4c§x§A§0§C§9§E§9h§x§B§8§D§7§E§Fa§x§D§0§E§4§F§4n§x§E§7§F§2§F§Ag§fe§x§E§3§E§F§F§9l §x§A§C§D§0§E§CM§x§9§0§C§0§E§6a§x§7§5§B§1§D§Fc§x§5§9§A§1§D§9e in auction for 2000000.
[17:24:01] > Shyloooh added x1 §x§E§3§A§F§4§F§lʟᴇɢᴇɴᴅᴀʀʏ ɪᴛᴇᴍ in auction for 5000.
[17:24:08] > Shyloooh added x1 §x§E§3§A§F§4§F§lʟᴇɢᴇɴᴅᴀʀʏ ɪᴛᴇᴍ in auction for 5000.
[17:24:55] > leilei buy x1 §x§E§3§A§F§4§F§lʟᴇɢᴇɴᴅᴀʀʏ ɪᴛᴇᴍ to Shyloooh for $3 000.
[17:26:30] > Zypher_0w0 added x1 27Totems in auction for 300000.
[17:27:39] > x1 §f§x§F§B§B§6§1§DC§x§F§0§A§F§1§Ca§x§E§5§A§8§1§Bp§x§D§B§A§0§1§9y§x§D§0§9§9§1§8b§x§C§5§9§2§1§7a§x§B§A§8§B§1§6r§x§A§F§8§4§1§5a§x§A§4§7§D§1§4 §x§9§A§7§5§1§2H§x§8§F§6§E§1§1a§x§8§4§6§7§1§0t, item of 7seals, has just expired, the item is definitively deleted.
[17:27:39] > x1 §x§F§F§3§E§0§0§lD§x§F§F§3§7§0§0§le§x§F§F§3§0§0§0§lm§x§F§F§2§9§0§0§lo§x§F§F§2§2§0§0§ln §x§F§F§1§5§0§0§lL§x§F§F§0§E§0§0§lo§x§F§F§0§7§0§0§lr§x§F§F§0§0§0§0§ld §x§F§F§0§E§0§0§lF§x§F§F§1§5§0§0§lr§x§F§F§1§C§0§0§la§x§F§F§2§2§0§0§lg§x§F§F§2§9§0§0§lm§x§F§F§3§0§0§0§le§x§F§F§3§7§0§0§ln§x§F§F§3§E§0§0§lt, item of low_taperfade, has just expired, the item is definitively deleted.
[17:27:46] > celinesanrio buy x1 §x§E§3§A§F§4§F§lʟᴇɢᴇɴᴅᴀʀʏ ɪᴛᴇᴍ to Shyloooh for $5 000.
[17:27:48] > celinesanrio buy x1 §x§E§3§A§F§4§F§lʟᴇɢᴇɴᴅᴀʀʏ ɪᴛᴇᴍ to Shyloooh for $5 000.
[17:28:16] > celinesanrio added x1 §x§E§3§A§F§4§F§lʟᴇɢᴇɴᴅᴀʀʏ ɪᴛᴇᴍ in auction for 10000.
[17:28:28] > celinesanrio added x1 §x§E§3§A§F§4§F§lʟᴇɢᴇɴᴅᴀʀʏ ɪᴛᴇᴍ in auction for 25000.
[17:29:05] > Zypher_0w0 remove x1 27Totems from storage
[17:30:53] > Zypher_0w0 added x1 27Totems in auction for 250999.
[17:31:05] > Shyloooh buy x1 27Totems to Zypher_0w0 for $250 999.
[17:39:45] > celinesanrio added x10 §x§8§8§E§C§3§3§lV§x§8§2§E§B§4§8§lo§x§7§C§E§9§5§D§lt§x§7§6§E§8§7§2§le §x§6§B§E§5§9§B§lC§x§6§5§E§3§B§0§lr§x§5§F§E§2§C§5§la§x§6§6§E§4§A§D§lt§x§6§D§E§5§9§4§le §x§7§A§E§9§6§4§lK§x§8§1§E§A§4§B§le§x§8§8§E§C§3§3§ly in auction for 1000000.
[17:40:18] > celinesanrio added x1 §x§E§3§A§F§4§F§lʟᴇɢᴇɴᴅᴀʀʏ ɪᴛᴇᴍ in auction for 10000.
[17:42:08] > celinesanrio added x1 §x§F§F§3§E§0§0§lD§x§F§F§3§6§0§0§le§x§F§F§2§F§0§0§lm§x§F§F§2§7§0§0§lo§x§F§F§1§F§0§0§ln §x§F§F§1§0§0§0§lL§x§F§F§0§8§0§0§lo§x§F§F§0§0§0§0§lr§x§F§F§0§9§0§0§ld §x§F§F§1§B§0§0§lS§x§F§F§2§3§0§0§lw§x§F§F§2§C§0§0§lo§x§F§F§3§5§0§0§lr§x§F§F§3§E§0§0§ld in auction for 1000000.
[17:42:20] > celinesanrio remove x1 §x§E§3§A§F§4§F§lʟᴇɢᴇɴᴅᴀʀʏ ɪᴛᴇᴍ from storage
[17:42:21] > celinesanrio remove x1 §x§E§3§A§F§4§F§lʟᴇɢᴇɴᴅᴀʀʏ ɪᴛᴇᴍ from storage
[17:42:25] > celinesanrio added x1 §x§F§F§3§E§0§0§lD§x§F§F§3§6§0§0§le§x§F§F§2§F§0§0§lm§x§F§F§2§7§0§0§lo§x§F§F§1§F§0§0§ln §x§F§F§1§0§0§0§lL§x§F§F§0§8§0§0§lo§x§F§F§0§0§0§0§lr§x§F§F§0§9§0§0§ld §x§F§F§1§B§0§0§lS§x§F§F§2§3§0§0§lw§x§F§F§2§C§0§0§lo§x§F§F§3§5§0§0§lr§x§F§F§3§E§0§0§ld in auction for 1000000.
[17:42:38] > celinesanrio added x1 §x§E§3§A§F§4§F§lʟᴇɢᴇɴᴅᴀʀʏ ɪᴛᴇᴍ in auction for 7500.
[18:10:30] > x1 Potion on sale by ELITEAtlas has just expired, it goes in the inventory of expired items.
[18:10:30] > x1 Potion on sale by ELITEAtlas has just expired, it goes in the inventory of expired items.
[19:02:35] > Shyloooh added x1 §x§E§3§A§F§4§F§lʟᴇɢᴇɴᴅᴀʀʏ ɪᴛᴇᴍ in auction for 5000.
[19:02:50] > ItsPolaris buy x1 §x§E§3§A§F§4§F§lʟᴇɢᴇɴᴅᴀʀʏ ɪᴛᴇᴍ to Shyloooh for $5 000.
[19:38:12] > Cynishere buy x10 §x§8§8§E§C§3§3§lV§x§8§2§E§B§4§8§lo§x§7§C§E§9§5§D§lt§x§7§6§E§8§7§2§le §x§6§B§E§5§9§B§lC§x§6§5§E§3§B§0§lr§x§5§F§E§2§C§5§la§x§6§6§E§4§A§D§lt§x§6§D§E§5§9§4§le §x§7§A§E§9§6§4§lK§x§8§1§E§A§4§B§le§x§8§8§E§C§3§3§ly to celinesanrio for $1 000 000.
[21:43:12] > x1 §x§E§4§3§A§9§6§lW§x§E§7§5§3§A§3§lI§x§E§B§6§B§B§0§lN§x§E§E§8§4§B§D§lG§x§F§2§9§D§C§B§lS §x§F§8§C§E§E§5§lO§x§F§C§E§6§F§2§lF §x§F§C§E§6§F§2§lE§x§F§8§C§E§E§5§lT§x§F§5§B§5§D§8§lE§x§F§2§9§D§C§B§lR§x§E§E§8§4§B§D§lN§x§E§B§6§B§B§0§lI§x§E§7§5§3§A§3§lT§x§E§4§3§A§9§6§lY, item of Piploploop, has just expired, the item is definitively deleted.
[22:34:10] > Zen0969 added x1 §x§E§3§A§F§4§F§lʟᴇɢᴇɴᴅᴀʀʏ ɪᴛᴇᴍ in auction for 10.
[22:34:24] > Zen0969 added x64 Iron ingot in auction for 10.
[22:34:40] > ItsPolaris buy x64 Iron ingot to Zen0969 for $10.
[23:08:21] > celinesanrio buy x1 §x§E§3§A§F§4§F§lʟᴇɢᴇɴᴅᴀʀʏ ɪᴛᴇᴍ to Zen0969 for $10.
[23:08:38] > celinesanrio added x1 §x§E§3§A§F§4§F§lʟᴇɢᴇɴᴅᴀʀʏ ɪᴛᴇᴍ in auction for 5000.