
[13:19:52] > ArchKolnerDom buy x5 §x§F§C§D§0§5§C§lB§x§E§6§D§3§6§B§la§x§C§F§D§5§7§A§ls§x§B§9§D§8§8§9§li§x§A§2§D§A§9§8§lc §x§7§5§D§F§B§6§lC§x§5§F§E§2§C§5§lr§x§7§5§D§F§B§6§la§x§8§C§D§D§A§7§lt§x§A§2§D§A§9§8§le §x§C§F§D§5§7§A§lK§x§E§6§D§3§6§B§le§x§F§C§D§0§5§C§ly to Icon_Skully for $10.
[13:21:19] > x64 Oak fence, bought by NoClarity, has just expired, the item is definitively deleted.
[13:21:19] > x1 §f§bElder Guardian Plushie §6(#31/101), bought by Julene, has just expired, the item is definitively deleted.
[13:21:21] > ArchKolnerDom remove x5 §x§F§C§D§0§5§C§lB§x§E§6§D§3§6§B§la§x§C§F§D§5§7§A§ls§x§B§9§D§8§8§9§li§x§A§2§D§A§9§8§lc §x§7§5§D§F§B§6§lC§x§5§F§E§2§C§5§lr§x§7§5§D§F§B§6§la§x§8§C§D§D§A§7§lt§x§A§2§D§A§9§8§le §x§C§F§D§5§7§A§lK§x§E§6§D§3§6§B§le§x§F§C§D§0§5§C§ly from buy
[14:15:13] > fuzzy_fae added x1 §f§l§x§E§4§3§A§3§AM§x§D§8§4§6§3§Ae§x§C§C§5§3§3§Ar§x§C§0§5§F§3§Ar§x§B§4§6§B§3§9y§x§A§8§7§8§3§9 §x§9§C§8§4§3§9C§x§8§F§9§0§3§9h§x§8§3§9§D§3§9r§x§7§7§A§9§3§9i§x§6§B§B§5§3§8s§x§5§F§C§2§3§8t§x§5§3§C§E§3§8ma§x§5§F§C§2§3§8s§x§6§B§B§5§3§8 §x§7§7§A§9§3§9C§x§8§3§9§D§3§9h§x§8§F§9§0§3§9e§x§9§C§8§4§3§9s§x§A§8§7§8§3§9t§x§B§4§6§B§3§9p§x§C§0§5§F§3§Al§x§C§C§5§3§3§Aa§x§D§8§4§6§3§At§x§E§4§3§A§3§Ae in auction for 70067.
[14:21:56] > Kodakoda buy x1 §fDragonite Tail to Icon_Skully for $55,000.
[14:22:02] > Kodakoda buy x1 §fEnder Eye Knife to Icon_Skully for $125,000.
[14:22:16] > Kodakoda remove x1 §fDragonite Tail form buy
[14:22:16] > Kodakoda remove x1 §fEnder Eye Knife form buy
[14:26:00] > Kodakoda added x1 §f§l§x§E§4§3§A§3§AM§x§D§5§4§9§3§Ae§x§C§6§5§9§3§Ar§x§B§7§6§8§3§9r§x§A§8§7§8§3§9y§x§9§9§8§7§3§9 §x§8§9§9§6§3§9C§x§7§A§A§6§3§9h§x§6§B§B§5§3§8r§x§5§C§C§5§3§8i§x§4§D§D§4§3§8s§x§5§C§C§5§3§8t§x§6§B§B§5§3§8m§x§7§A§A§6§3§9a§x§8§9§9§6§3§9s§x§9§9§8§7§3§9 §x§A§8§7§8§3§9S§x§B§7§6§8§3§9t§x§C§6§5§9§3§Aa§x§D§5§4§9§3§Af§x§E§4§3§A§3§Af in auction for 250000.
[14:39:21] > VashleyProGamer added x1 Ominous bottle in auction for 30000.
[14:39:29] > PlayTexts buy x1 Ominous bottle to VashleyProGamer for $30,000.
[15:05:31] > micailatot added x1 §f§l§x§E§4§3§A§3§AM§x§D§5§4§9§3§Ae§x§C§6§5§9§3§Ar§x§B§7§6§8§3§9r§x§A§8§7§8§3§9y§x§9§9§8§7§3§9 §x§8§9§9§6§3§9C§x§7§A§A§6§3§9h§x§6§B§B§5§3§8r§x§5§C§C§5§3§8i§x§4§D§D§4§3§8s§x§5§C§C§5§3§8t§x§6§B§B§5§3§8m§x§7§A§A§6§3§9a§x§8§9§9§6§3§9s§x§9§9§8§7§3§9 §x§A§8§7§8§3§9S§x§B§7§6§8§3§9w§x§C§6§5§9§3§Ao§x§D§5§4§9§3§Ar§x§E§4§3§A§3§Ad in auction for 500000.
[17:27:28] > x1 §f§l§x§E§4§3§A§3§AM§x§D§3§4§B§3§Ae§x§C§2§5§C§3§Ar§x§B§2§6§D§3§9r§x§A§1§7§E§3§9y§x§9§0§9§0§3§9 §x§7§F§A§1§3§9C§x§6§F§B§2§3§8h§x§5§E§C§3§3§8r§x§4§D§D§4§3§8i§x§5§E§C§3§3§8s§x§6§F§B§2§3§8t§x§7§F§A§1§3§9m§x§9§0§9§0§3§9a§x§A§1§7§E§3§9s§x§B§2§6§D§3§9 §x§C§2§5§C§3§AB§x§D§3§4§B§3§Ao§x§E§4§3§A§3§Aw on sale by Anc_Kyoto has just expired, it goes in the inventory of expired items.
[17:30:37] > PlayTexts added x1 §f§l§x§E§4§3§A§3§AM§x§D§6§4§8§3§Ae§x§C§9§5§6§3§Ar§x§B§B§6§4§3§9r§x§A§D§7§2§3§9y§x§9§F§8§0§3§9 §x§9§2§8§E§3§9C§x§8§4§9§C§3§9h§x§7§6§A§A§3§9r§x§6§8§B§8§3§8i§x§5§B§C§6§3§8s§x§4§D§D§4§3§8t§x§5§B§C§6§3§8m§x§6§8§B§8§3§8a§x§7§6§A§A§3§9s§x§8§4§9§C§3§9 §x§9§2§8§E§3§9T§x§9§F§8§0§3§9r§x§A§D§7§2§3§9i§x§B§B§6§4§3§9d§x§C§9§5§6§3§Ae§x§D§6§4§8§3§An§x§E§4§3§A§3§At in auction for 300000.
[17:31:13] > x16 Diamond block, bought by tic_sz, has just expired, the item is definitively deleted.
[17:31:13] > x1 §x§F§F§7§C§0§0§lSteamsparks Wings, bought by tic_sz, has just expired, the item is definitively deleted.
[17:31:13] > x1 Netherite ingot, bought by tic_sz, has just expired, the item is definitively deleted.
[17:31:13] > x1 §x§F§F§7§C§0§0§lSteamsparks Boots, bought by ravencabansay, has just expired, the item is definitively deleted.
[17:31:13] > x1 §x§F§F§7§C§0§0§lSteamsparks Boots, bought by Trapers1, has just expired, the item is definitively deleted.
[17:31:13] > x1 Netherite ingot, bought by Fogstrap, has just expired, the item is definitively deleted.
[17:31:13] > x1 §x§F§F§7§C§0§0§lSteamsparks Chestplate, bought by Trapers1, has just expired, the item is definitively deleted.
[17:31:13] > x1 §x§E§5§1§B§1§B§lDracula Battleaxe, bought by ravencabansay, has just expired, the item is definitively deleted.
[17:31:13] > x1 Shulker box, bought by tic_sz, has just expired, the item is definitively deleted.
[17:31:13] > x56 Breeze rod, bought by tic_sz, has just expired, the item is definitively deleted.
[17:31:13] > x2 Ancient debris, bought by JinSoul15, has just expired, the item is definitively deleted.
[17:31:13] > x2 Netherite ingot, bought by Trapers1, has just expired, the item is definitively deleted.
[17:31:13] > x1 §x§E§5§1§B§1§B§lDracula Staff, bought by ravencabansay, has just expired, the item is definitively deleted.
[17:31:13] > x1 §bEntropy Crystal §8(§310,000§8), bought by tic_sz, has just expired, the item is definitively deleted.
[17:31:13] > x1 Diamond chestplate, bought by tic_sz, has just expired, the item is definitively deleted.
[17:31:13] > x1 Diamond boots, bought by tic_sz, has just expired, the item is definitively deleted.
[17:31:13] > x1 Iron pickaxe, bought by tic_sz, has just expired, the item is definitively deleted.
[17:31:13] > x1 §x§E§5§1§B§1§B§lDracula Chestplate, bought by tic_sz, has just expired, the item is definitively deleted.
[17:31:14] > PlayTexts remove x1 Ominous bottle from buy
[17:31:15] > PlayTexts remove x1 Enchanted book from buy
[17:31:20] > PlayTexts remove x1 §f§l§x§E§4§3§A§3§AM§x§D§6§4§8§3§Ae§x§C§9§5§6§3§Ar§x§B§B§6§4§3§9r§x§A§D§7§2§3§9y§x§9§F§8§0§3§9 §x§9§2§8§E§3§9C§x§8§4§9§C§3§9h§x§7§6§A§A§3§9r§x§6§8§B§8§3§8i§x§5§B§C§6§3§8s§x§4§D§D§4§3§8t§x§5§B§C§6§3§8m§x§6§8§B§8§3§8a§x§7§6§A§A§3§9s§x§8§4§9§C§3§9 §x§9§2§8§E§3§9T§x§9§F§8§0§3§9r§x§A§D§7§2§3§9i§x§B§B§6§4§3§9d§x§C§9§5§6§3§Ae§x§D§6§4§8§3§An§x§E§4§3§A§3§At from storage
[17:32:23] > x1 §f§l§x§E§4§3§A§3§AM§x§D§6§4§9§3§Ae§x§C§7§5§7§3§Ar§x§B§9§6§6§3§9r§x§A§A§7§5§3§9y§x§9§C§8§3§3§9 §x§8§E§9§2§3§9C§x§7§F§A§1§3§9h§x§7§1§A§F§3§8r§x§6§3§B§E§3§8i§x§5§4§C§D§3§8st§x§6§3§B§E§3§8m§x§7§1§A§F§3§8a§x§7§F§A§1§3§9s§x§8§E§9§2§3§9 §x§9§C§8§3§3§9H§x§A§A§7§5§3§9a§x§B§9§6§6§3§9m§x§C§7§5§7§3§Am§x§D§6§4§9§3§Ae§x§E§4§3§A§3§Ar, item of .FumingOne105221, has just expired, the item is definitively deleted.
[17:32:23] > x1 §f§l§x§8§A§0§0§F§FS§x§9§5§0§0§E§4h§x§A§0§0§0§C§9i§x§A§B§0§0§A§En§x§B§6§0§0§9§4e§x§C§1§0§0§7§9 §x§C§C§0§0§5§EO§x§D§7§0§0§4§3n§x§E§2§0§0§2§8i§x§E§D§0§0§0§D B§x§E§2§0§0§2§8a§x§D§7§0§0§4§3t§x§C§C§0§0§5§Et§x§C§1§0§0§7§9l§x§B§6§0§0§9§4e§x§A§B§0§0§A§E §x§A§0§0§0§C§9A§x§9§5§0§0§E§4x§x§8§A§0§0§F§Fe, item of blueheadedzwager, has just expired, the item is definitively deleted.
[17:32:23] > x1 §f§l§x§8§A§0§0§F§FS§x§9§8§0§0§D§Dh§x§A§6§0§0§B§Bi§x§B§4§0§0§9§9n§x§C§2§0§0§7§7e§x§D§0§0§0§5§5 §x§D§E§0§0§3§3O§x§E§C§0§0§1§1ni§x§D§E§0§0§3§3 §x§D§0§0§0§5§5S§x§C§2§0§0§7§7h§x§B§4§0§0§9§9o§x§A§6§0§0§B§Bv§x§9§8§0§0§D§De§x§8§A§0§0§F§Fl, item of blueheadedzwager, has just expired, the item is definitively deleted.
[17:32:23] > x1 §x§E§5§1§B§1§B§lDracula Sword, item of johnowenz1, has just expired, the item is definitively deleted.
[17:32:23] > x1 §x§F§F§3§E§0§0§lSellwand Voucher, item of Biloo, has just expired, the item is definitively deleted.
[17:32:23] > x1 §f§l§x§E§4§3§A§3§AM§x§D§3§4§B§3§Ae§x§C§2§5§C§3§Ar§x§B§2§6§D§3§9r§x§A§1§7§E§3§9y§x§9§0§9§0§3§9 §x§7§F§A§1§3§9C§x§6§F§B§2§3§8h§x§5§E§C§3§3§8r§x§4§D§D§4§3§8i§x§5§E§C§3§3§8s§x§6§F§B§2§3§8t§x§7§F§A§1§3§9m§x§9§0§9§0§3§9a§x§A§1§7§E§3§9s§x§B§2§6§D§3§9 §x§C§2§5§C§3§AB§x§D§3§4§B§3§Ao§x§E§4§3§A§3§Aw, item of giyahnpogi, has just expired, the item is definitively deleted.
[17:32:23] > x1 §x§F§F§7§C§0§0§lSteamsparks Leggings, item of yxsin112, has just expired, the item is definitively deleted.
[17:32:23] > x1 Redstone Tools at AceHardwhere, item of giyahnpogi, has just expired, the item is definitively deleted.
[17:32:23] > x1 Redstone Tools at AceHardwhere, item of giyahnpogi, has just expired, the item is definitively deleted.
[17:32:23] > x1 Redstone Tools at AceHardwhere, item of giyahnpogi, has just expired, the item is definitively deleted.
[17:32:23] > x1 §x§3§4§9§8§D§Bᴡɪᴛᴄʜ ꜱᴘᴀᴡɴᴇʀ, item of giyahnpogi, has just expired, the item is definitively deleted.
[17:32:23] > x1 §f§l§x§E§4§3§A§3§AM§x§D§3§4§B§3§Ae§x§C§2§5§C§3§Ar§x§B§2§6§D§3§9r§x§A§1§7§E§3§9y§x§9§0§9§0§3§9 §x§7§F§A§1§3§9C§x§6§F§B§2§3§8h§x§5§E§C§3§3§8r§x§4§D§D§4§3§8i§x§5§E§C§3§3§8s§x§6§F§B§2§3§8t§x§7§F§A§1§3§9m§x§9§0§9§0§3§9a§x§A§1§7§E§3§9s§x§B§2§6§D§3§9 §x§C§2§5§C§3§AB§x§D§3§4§B§3§Ao§x§E§4§3§A§3§Aw, item of alecczzz, has just expired, the item is definitively deleted.
[17:32:25] > PlayTexts remove x1 §x§F§F§5§5§0§0§lsᴇʟʟᴡᴀɴᴅ §6- 5.0x from expire
[17:32:25] > PlayTexts remove x1 §f§l§x§E§4§3§A§3§AM§x§D§6§4§8§3§Ae§x§C§9§5§6§3§Ar§x§B§B§6§4§3§9r§x§A§D§7§2§3§9y§x§9§F§8§0§3§9 §x§9§2§8§E§3§9C§x§8§4§9§C§3§9h§x§7§6§A§A§3§9r§x§6§8§B§8§3§8i§x§5§B§C§6§3§8s§x§4§D§D§4§3§8t§x§5§B§C§6§3§8m§x§6§8§B§8§3§8a§x§7§6§A§A§3§9s§x§8§4§9§C§3§9 §x§9§2§8§E§3§9T§x§9§F§8§0§3§9r§x§A§D§7§2§3§9i§x§B§B§6§4§3§9d§x§C§9§5§6§3§Ae§x§D§6§4§8§3§An§x§E§4§3§A§3§At from expire
[17:32:41] > PlayTexts added x1 §f§l§x§E§4§3§A§3§AM§x§D§6§4§8§3§Ae§x§C§9§5§6§3§Ar§x§B§B§6§4§3§9r§x§A§D§7§2§3§9y§x§9§F§8§0§3§9 §x§9§2§8§E§3§9C§x§8§4§9§C§3§9h§x§7§6§A§A§3§9r§x§6§8§B§8§3§8i§x§5§B§C§6§3§8s§x§4§D§D§4§3§8t§x§5§B§C§6§3§8m§x§6§8§B§8§3§8a§x§7§6§A§A§3§9s§x§8§4§9§C§3§9 §x§9§2§8§E§3§9T§x§9§F§8§0§3§9r§x§A§D§7§2§3§9i§x§B§B§6§4§3§9d§x§C§9§5§6§3§Ae§x§D§6§4§8§3§An§x§E§4§3§A§3§At in auction for 270000.
[17:32:48] > dejuugarr buy x1 §f§l§x§E§4§3§A§3§AM§x§D§6§4§8§3§Ae§x§C§9§5§6§3§Ar§x§B§B§6§4§3§9r§x§A§D§7§2§3§9y§x§9§F§8§0§3§9 §x§9§2§8§E§3§9C§x§8§4§9§C§3§9h§x§7§6§A§A§3§9r§x§6§8§B§8§3§8i§x§5§B§C§6§3§8s§x§4§D§D§4§3§8t§x§5§B§C§6§3§8m§x§6§8§B§8§3§8a§x§7§6§A§A§3§9s§x§8§4§9§C§3§9 §x§9§2§8§E§3§9T§x§9§F§8§0§3§9r§x§A§D§7§2§3§9i§x§B§B§6§4§3§9d§x§C§9§5§6§3§Ae§x§D§6§4§8§3§An§x§E§4§3§A§3§At to PlayTexts for $270,000.
[17:32:58] > dejuugarr remove x1 §f§l§x§E§4§3§A§3§AM§x§D§6§4§8§3§Ae§x§C§9§5§6§3§Ar§x§B§B§6§4§3§9r§x§A§D§7§2§3§9y§x§9§F§8§0§3§9 §x§9§2§8§E§3§9C§x§8§4§9§C§3§9h§x§7§6§A§A§3§9r§x§6§8§B§8§3§8i§x§5§B§C§6§3§8s§x§4§D§D§4§3§8t§x§5§B§C§6§3§8m§x§6§8§B§8§3§8a§x§7§6§A§A§3§9s§x§8§4§9§C§3§9 §x§9§2§8§E§3§9T§x§9§F§8§0§3§9r§x§A§D§7§2§3§9i§x§B§B§6§4§3§9d§x§C§9§5§6§3§Ae§x§D§6§4§8§3§An§x§E§4§3§A§3§At from buy
[17:35:02] > PlayTexts added x1 Enchanted book in auction for 10.
[17:35:07] > NoClarity buy x1 Enchanted book to PlayTexts for $10.
[17:35:17] > NoClarity remove x1 Enchanted book from buy
[17:35:29] > NoClarity added x1 Enchanted book in auction for 10.
[17:35:33] > dejuugarr buy x1 Enchanted book to NoClarity for $10.
[17:35:38] > dejuugarr remove x1 Enchanted book from buy
[17:45:28] > x1 §x§F§F§3§E§0§0§lD§x§F§F§3§6§0§0§le§x§F§F§2§F§0§0§lm§x§F§F§2§7§0§0§lo§x§F§F§1§F§0§0§ln §x§F§F§1§0§0§0§lL§x§F§F§0§8§0§0§lo§x§F§F§0§0§0§0§lr§x§F§F§0§8§0§0§ld §x§F§F§1§7§0§0§lS§x§F§F§1§F§0§0§lh§x§F§F§2§7§0§0§li§x§F§F§2§F§0§0§le§x§F§F§3§6§0§0§ll§x§F§F§3§E§0§0§ld, bought by imnectarfr, has just expired, the item is definitively deleted.
[17:45:28] > x1 §fStrider Plushie §6(#86/101), bought by imnectarfr, has just expired, the item is definitively deleted.
[17:45:29] > makaylee remove x3 §aCthulhu from buy
[18:06:39] > dejuugarr added x45 Coal ore in auction for 50000.
[18:31:17] > dejuugarr added x1 Exclusive Item in auction for 1000000000.
[18:31:24] > dejuugarr remove x1 Exclusive Item from storage
[18:31:38] > dejuugarr added x1 Exclusive Item in auction for 1000000.
[18:31:43] > dejuugarr remove x1 Exclusive Item from storage
[18:33:28] > Horheee added x2 §x§F§C§D§0§5§C§lB§x§E§6§D§3§6§B§la§x§C§F§D§5§7§A§ls§x§B§9§D§8§8§9§li§x§A§2§D§A§9§8§lc §x§7§5§D§F§B§6§lC§x§5§F§E§2§C§5§lr§x§7§5§D§F§B§6§la§x§8§C§D§D§A§7§lt§x§A§2§D§A§9§8§le §x§C§F§D§5§7§A§lK§x§E§6§D§3§6§B§le§x§F§C§D§0§5§C§ly in auction for 10000.
[18:34:24] > Horheee added x1 §x§E§5§1§B§1§B§lDracula Key in auction for 75000.
[18:35:21] > Horheee remove x1 §x§E§5§1§B§1§B§lDracula Key from storage
[18:35:22] > Horheee remove x1 §x§F§F§7§C§0§0§lSteamsparks Key from storage
[18:35:23] > Horheee remove x1 §x§E§5§1§B§1§B§lDracula Key from storage
[18:36:21] > Horheee added x1 §x§F§F§7§C§0§0§lSteamsparks Key in auction for 100000.
[18:36:33] > Horheee added x1 §x§E§5§1§B§1§B§lDracula Key in auction for 50000.
[18:38:17] > Horheee remove x1 §x§E§5§1§B§1§B§lDracula Boots from storage
[18:38:17] > Horheee remove x1 §x§E§5§1§B§1§B§lDracula Boots from storage
[18:40:04] > Horheee added x1 §x§E§5§1§B§1§B§lDracula Boots in auction for 50000.
[18:40:19] > Horheee added x1 §x§E§5§1§B§1§B§lDracula Boots in auction for 50000.
[18:45:46] > Horheee remove x1 §x§E§5§1§B§1§B§lDracula Key from storage
[18:45:46] > Horheee remove x1 §x§F§F§7§C§0§0§lSteamsparks Key from storage
[18:46:44] > Horheee added x1 §x§E§5§1§B§1§B§lDracula Fishing in auction for 70000.
[18:46:55] > Horheee added x1 §x§F§F§7§C§0§0§lSteamsparks Sword in auction for 100000.
[20:21:52] > St4r_ added x64 Bookshelf in auction for 1000.
[20:40:32] > St4r_ buy x6 Netherite ingot to Antonie657 for $450,000.
[20:41:00] > St4r_ remove x64 Bookshelf form storage
[20:41:15] > St4r_ buy x2 Netherite upgrade smithing template to NoClarity for $50,000.
[20:42:33] > x2 Netherite ingot, bought by sinigang_nababoy, has just expired, the item is definitively deleted.
[20:42:33] > x1 Diamond boots, bought by Anc_Kyoto, has just expired, the item is definitively deleted.
[20:42:33] > x2 Netherite ingot, bought by sinigang_nababoy, has just expired, the item is definitively deleted.
[20:42:33] > x1 Netherite ingot, bought by Trapers1, has just expired, the item is definitively deleted.
[20:42:33] > x2 Netherite ingot, bought by sinigang_nababoy, has just expired, the item is definitively deleted.
[20:42:35] > St4r_ remove x2 Netherite upgrade smithing template form buy
[20:42:35] > St4r_ remove x6 Netherite ingot form buy
[22:39:43] > Icon_Skully added x1 §2Cauldron Hat in auction for 10000.
[22:48:08] > VashleyProGamer added x1 Ominous bottle in auction for 50000.
[22:50:32] > VashleyProGamer added x1 Ominous bottle in auction for 45000.
[23:22:31] > Icon_Skully added x1 §x§6§0§0§0§F§F§lɢᴏᴅʟʏ ɪᴛᴇᴍ in auction for 4000000.
[23:23:06] > Icon_Skully added x1 §x§6§0§0§0§F§F§lɢᴏᴅʟʏ ɪᴛᴇᴍ in auction for 1500000.
[23:23:48] > Icon_Skully added x1 §x§A§5§8§0§D§D§lᴇᴘɪᴄ ɪᴛᴇᴍ in auction for 350000.
[23:37:13] > alecczzz added x1 §f§l§x§E§4§3§A§3§AM§x§D§7§4§7§3§Ae§x§C§A§5§5§3§Ar§x§B§D§6§2§3§9r§x§A§F§7§0§3§9y§x§A§2§7§D§3§9 §x§9§5§8§A§3§9C§x§8§8§9§8§3§9h§x§7§B§A§5§3§9r§x§6§E§B§3§3§8i§x§6§1§C§0§3§8s§x§5§4§C§D§3§8tm§x§6§1§C§0§3§8a§x§6§E§B§3§3§8s§x§7§B§A§5§3§9 §x§8§8§9§8§3§9C§x§9§5§8§A§3§9r§x§A§2§7§D§3§9o§x§A§F§7§0§3§9s§x§B§D§6§2§3§9s§x§C§A§5§5§3§Ab§x§D§7§4§7§3§Ao§x§E§4§3§A§3§Aw in auction for 10.
[23:37:22] > ri3lll buy x1 §f§l§x§E§4§3§A§3§AM§x§D§7§4§7§3§Ae§x§C§A§5§5§3§Ar§x§B§D§6§2§3§9r§x§A§F§7§0§3§9y§x§A§2§7§D§3§9 §x§9§5§8§A§3§9C§x§8§8§9§8§3§9h§x§7§B§A§5§3§9r§x§6§E§B§3§3§8i§x§6§1§C§0§3§8s§x§5§4§C§D§3§8tm§x§6§1§C§0§3§8a§x§6§E§B§3§3§8s§x§7§B§A§5§3§9 §x§8§8§9§8§3§9C§x§9§5§8§A§3§9r§x§A§2§7§D§3§9o§x§A§F§7§0§3§9s§x§B§D§6§2§3§9s§x§C§A§5§5§3§Ab§x§D§7§4§7§3§Ao§x§E§4§3§A§3§Aw to alecczzz for $10.
[00:40:58] > St4r_ added x1 Diamond helmet in auction for 1000000.
[02:49:10] > TiagoX buy x1 §x§6§0§0§0§F§F§lɢᴏᴅʟʏ ɪᴛᴇᴍ to Icon_Skully for $4,000,000.
[02:49:20] > x1 Firework rocket, bought by Ryzxc, has just expired, the item is definitively deleted.
[02:49:21] > TiagoX remove x1 §x§6§0§0§0§F§F§lɢᴏᴅʟʏ ɪᴛᴇᴍ from buy
[02:56:57] > TiagoX buy x1 §x§6§0§0§0§F§F§lɢᴏᴅʟʏ ɪᴛᴇᴍ to Icon_Skully for $1,500,000.
[02:57:06] > TiagoX remove x1 §x§6§0§0§0§F§F§lɢᴏᴅʟʏ ɪᴛᴇᴍ from buy
[04:05:44] > x1 Gun Pawdahhh!!! on sale by mae has just expired, it goes in the inventory of expired items.
[04:05:44] > x1 GUN POWDER on sale by mae has just expired, it goes in the inventory of expired items.
[04:05:57] > Icon_Skully remove x1 §x§A§5§8§0§D§D§lᴇᴘɪᴄ ɪᴛᴇᴍ from storage
[04:05:58] > Icon_Skully remove x1 §2Cauldron Hat from storage
[04:06:16] > Icon_Skully added x1 §2Cauldron Hat in auction for 400.
[04:06:35] > Icon_Skully added x1 §x§A§5§8§0§D§D§lᴇᴘɪᴄ ɪᴛᴇᴍ in auction for 125000.
[04:07:19] > Icon_Skully added x1 §f§l§x§8§A§0§0§F§FS§x§9§C§0§0§D§5h§x§A§D§0§0§A§Ai§x§B§F§0§0§8§0n§x§D§0§0§0§5§5e§x§E§2§0§0§2§B §x§F§3§0§0§0§0O§x§E§2§0§0§2§An§x§D§0§0§0§5§5i§x§B§F§0§0§8§0 §x§A§D§0§0§A§AH§x§9§C§0§0§D§5o§x§8§A§0§0§F§Fe in auction for 350000.
[04:57:49] > sigman added x1 §x§E§4§3§A§3§A§lC§x§C§E§5§0§3§A§lh§x§B§9§6§6§3§9§lr§x§A§3§7§C§3§9§li§x§8§E§9§2§3§9§ls§x§7§8§A§8§3§9§lt§x§6§3§B§E§3§8§lm§x§4§D§D§4§3§8§la§x§6§3§B§E§3§8§ls §x§8§E§9§2§3§9§lG§x§A§3§7§C§3§9§ll§x§B§9§6§6§3§9§lo§x§C§E§5§0§3§A§lb§x§E§4§3§A§3§A§le in auction for 1500000.
[04:59:36] > Raineee buy x1 §x§A§5§8§0§D§D§lᴇᴘɪᴄ ɪᴛᴇᴍ to Icon_Skully for $125,000.
[04:59:58] > Raineee remove x1 §x§A§5§8§0§D§D§lᴇᴘɪᴄ ɪᴛᴇᴍ from buy
[06:58:02] > NoClarity added x27 Iron block in auction for 10000.
[07:47:07] > ELITEAtlas buy x1 §f§l§x§E§4§3§A§3§AM§x§D§8§4§6§3§Ae§x§C§C§5§3§3§Ar§x§C§0§5§F§3§Ar§x§B§4§6§B§3§9y§x§A§8§7§8§3§9 §x§9§C§8§4§3§9C§x§8§F§9§0§3§9h§x§8§3§9§D§3§9r§x§7§7§A§9§3§9i§x§6§B§B§5§3§8s§x§5§F§C§2§3§8t§x§5§3§C§E§3§8ma§x§5§F§C§2§3§8s§x§6§B§B§5§3§8 §x§7§7§A§9§3§9C§x§8§3§9§D§3§9h§x§8§F§9§0§3§9e§x§9§C§8§4§3§9s§x§A§8§7§8§3§9t§x§B§4§6§B§3§9p§x§C§0§5§F§3§Al§x§C§C§5§3§3§Aa§x§D§8§4§6§3§At§x§E§4§3§A§3§Ae to fuzzy_fae for $70,067.
[07:47:13] > ELITEAtlas buy x1 §f§l§x§E§4§3§A§3§AM§x§D§5§4§9§3§Ae§x§C§6§5§9§3§Ar§x§B§7§6§8§3§9r§x§A§8§7§8§3§9y§x§9§9§8§7§3§9 §x§8§9§9§6§3§9C§x§7§A§A§6§3§9h§x§6§B§B§5§3§8r§x§5§C§C§5§3§8i§x§4§D§D§4§3§8s§x§5§C§C§5§3§8t§x§6§B§B§5§3§8m§x§7§A§A§6§3§9a§x§8§9§9§6§3§9s§x§9§9§8§7§3§9 §x§A§8§7§8§3§9B§x§B§7§6§8§3§9o§x§C§6§5§9§3§Ao§x§D§5§4§9§3§At§x§E§4§3§A§3§As to micailatot for $400,000.
[07:47:20] > ELITEAtlas buy x1 §f§l§x§E§4§3§A§3§AM§x§D§3§4§B§3§Ae§x§C§2§5§C§3§Ar§x§B§2§6§D§3§9r§x§A§1§7§E§3§9y§x§9§0§9§0§3§9 §x§7§F§A§1§3§9C§x§6§F§B§2§3§8h§x§5§E§C§3§3§8r§x§4§D§D§4§3§8i§x§5§E§C§3§3§8s§x§6§F§B§2§3§8t§x§7§F§A§1§3§9m§x§9§0§9§0§3§9a§x§A§1§7§E§3§9s§x§B§2§6§D§3§9 §x§C§2§5§C§3§AH§x§D§3§4§B§3§Aa§x§E§4§3§A§3§At to Typeshe for $150,000.
[07:47:46] > x1 Enchanted book, bought by NoClarity, has just expired, the item is definitively deleted.
[07:47:48] > ELITEAtlas remove x1 §f§l§x§E§4§3§A§3§AM§x§D§8§4§6§3§Ae§x§C§C§5§3§3§Ar§x§C§0§5§F§3§Ar§x§B§4§6§B§3§9y§x§A§8§7§8§3§9 §x§9§C§8§4§3§9C§x§8§F§9§0§3§9h§x§8§3§9§D§3§9r§x§7§7§A§9§3§9i§x§6§B§B§5§3§8s§x§5§F§C§2§3§8t§x§5§3§C§E§3§8ma§x§5§F§C§2§3§8s§x§6§B§B§5§3§8 §x§7§7§A§9§3§9C§x§8§3§9§D§3§9h§x§8§F§9§0§3§9e§x§9§C§8§4§3§9s§x§A§8§7§8§3§9t§x§B§4§6§B§3§9p§x§C§0§5§F§3§Al§x§C§C§5§3§3§Aa§x§D§8§4§6§3§At§x§E§4§3§A§3§Ae from buy
[07:47:49] > ELITEAtlas remove x1 §f§l§x§E§4§3§A§3§AM§x§D§3§4§B§3§Ae§x§C§2§5§C§3§Ar§x§B§2§6§D§3§9r§x§A§1§7§E§3§9y§x§9§0§9§0§3§9 §x§7§F§A§1§3§9C§x§6§F§B§2§3§8h§x§5§E§C§3§3§8r§x§4§D§D§4§3§8i§x§5§E§C§3§3§8s§x§6§F§B§2§3§8t§x§7§F§A§1§3§9m§x§9§0§9§0§3§9a§x§A§1§7§E§3§9s§x§B§2§6§D§3§9 §x§C§2§5§C§3§AH§x§D§3§4§B§3§Aa§x§E§4§3§A§3§At from buy
[07:47:50] > ELITEAtlas remove x1 §f§l§x§E§4§3§A§3§AM§x§D§5§4§9§3§Ae§x§C§6§5§9§3§Ar§x§B§7§6§8§3§9r§x§A§8§7§8§3§9y§x§9§9§8§7§3§9 §x§8§9§9§6§3§9C§x§7§A§A§6§3§9h§x§6§B§B§5§3§8r§x§5§C§C§5§3§8i§x§4§D§D§4§3§8s§x§5§C§C§5§3§8t§x§6§B§B§5§3§8m§x§7§A§A§6§3§9a§x§8§9§9§6§3§9s§x§9§9§8§7§3§9 §x§A§8§7§8§3§9B§x§B§7§6§8§3§9o§x§C§6§5§9§3§Ao§x§D§5§4§9§3§At§x§E§4§3§A§3§As from buy
[08:34:00] > ELITEAtlas buy x1 Diamond leggings to NoClarity for $20,000.
[08:34:05] > ELITEAtlas remove x1 Diamond leggings from buy
[09:05:14] > ELITEAtlas buy x1 §f§l§x§8§A§0§0§F§FS§x§9§C§0§0§D§5h§x§A§D§0§0§A§Ai§x§B§F§0§0§8§0n§x§D§0§0§0§5§5e§x§E§2§0§0§2§B §x§F§3§0§0§0§0O§x§E§2§0§0§2§An§x§D§0§0§0§5§5i§x§B§F§0§0§8§0 §x§A§D§0§0§A§AH§x§9§C§0§0§D§5o§x§8§A§0§0§F§Fe to Icon_Skully for $350,000.
[09:05:23] > ELITEAtlas remove x1 §f§l§x§8§A§0§0§F§FS§x§9§C§0§0§D§5h§x§A§D§0§0§A§Ai§x§B§F§0§0§8§0n§x§D§0§0§0§5§5e§x§E§2§0§0§2§B §x§F§3§0§0§0§0O§x§E§2§0§0§2§An§x§D§0§0§0§5§5i§x§B§F§0§0§8§0 §x§A§D§0§0§A§AH§x§9§C§0§0§D§5o§x§8§A§0§0§F§Fe from buy
[09:39:10] > nebula12321 remove x3 §x§E§4§3§A§3§A§lC§x§C§E§5§0§3§A§lh§x§B§9§6§6§3§9§lr§x§A§3§7§C§3§9§li§x§8§E§9§2§3§9§ls§x§7§8§A§8§3§9§lt§x§6§3§B§E§3§8§lm§x§4§D§D§4§3§8§la§x§6§3§B§E§3§8§ls §x§8§E§9§2§3§9§lG§x§A§3§7§C§3§9§ll§x§B§9§6§6§3§9§lo§x§C§E§5§0§3§A§lb§x§E§4§3§A§3§A§le form storage
[09:39:43] > nebula12321 added x3 §x§E§4§3§A§3§A§lC§x§C§E§5§0§3§A§lh§x§B§9§6§6§3§9§lr§x§A§3§7§C§3§9§li§x§8§E§9§2§3§9§ls§x§7§8§A§8§3§9§lt§x§6§3§B§E§3§8§lm§x§4§D§D§4§3§8§la§x§6§3§B§E§3§8§ls §x§8§E§9§2§3§9§lG§x§A§3§7§C§3§9§ll§x§B§9§6§6§3§9§lo§x§C§E§5§0§3§A§lb§x§E§4§3§A§3§A§le in auction for 4500000.
[11:07:39] > quillking67 buy x1 §2Cauldron Hat to Icon_Skully for $400.