
[00:31:26] > 7seals added x1 Dried ghast in auction for 150000.
[04:40:26] > low_taperfade buy x1 §x§F§F§0§0§0§0§lS§x§F§F§1§3§0§0§lh§x§F§F§2§6§0§0§lo§x§F§F§3§9§0§0§lg§x§F§F§4§D§0§0§lu§x§F§F§6§0§0§0§ln §x§F§F§8§6§0§0§lF§x§F§F§7§3§0§0§lr§x§F§F§6§0§0§0§la§x§F§F§4§D§0§0§lg§x§F§F§3§9§0§0§lm§x§F§F§2§6§0§0§le§x§F§F§1§3§0§0§ln§x§F§F§0§0§0§0§lt to deadinside for $100 000.
[04:40:51] > low_taperfade added x2 §x§F§F§0§0§0§0§lS§x§F§F§1§3§0§0§lh§x§F§F§2§6§0§0§lo§x§F§F§3§9§0§0§lg§x§F§F§4§D§0§0§lu§x§F§F§6§0§0§0§ln §x§F§F§8§6§0§0§lF§x§F§F§7§3§0§0§lr§x§F§F§6§0§0§0§la§x§F§F§4§D§0§0§lg§x§F§F§3§9§0§0§lm§x§F§F§2§6§0§0§le§x§F§F§1§3§0§0§ln§x§F§F§0§0§0§0§lt in auction for 100000.
[04:43:03] > fun_pun buy x1 §x§E§4§3§A§9§6§lW§x§E§7§5§3§A§3§lI§x§E§B§6§B§B§0§lN§x§E§E§8§4§B§D§lG§x§F§2§9§D§C§B§lS §x§F§8§C§E§E§5§lO§x§F§C§E§6§F§2§lF §x§F§C§E§6§F§2§lE§x§F§8§C§E§E§5§lT§x§F§5§B§5§D§8§lE§x§F§2§9§D§C§B§lR§x§E§E§8§4§B§D§lN§x§E§B§6§B§B§0§lI§x§E§7§5§3§A§3§lT§x§E§4§3§A§9§6§lY to CarlSui for $1 000 000.
[06:20:11] > SkyblockProX99 buy x1 §f§x§F§B§B§6§1§DC§x§F§0§A§F§1§Ca§x§E§5§A§8§1§Bp§x§D§B§A§0§1§9y§x§D§0§9§9§1§8b§x§C§5§9§2§1§7a§x§B§A§8§B§1§6r§x§A§F§8§4§1§5a§x§A§4§7§D§1§4 §x§9§A§7§5§1§2H§x§8§F§6§E§1§1a§x§8§4§6§7§1§0t to fun_pun for $100 000.
[12:01:31] > WADDLE_DB buy x1 Dried ghast to 7seals for $150 000.
[13:06:14] > Pichueliesh buy x2 §x§F§F§0§0§0§0§lS§x§F§F§1§3§0§0§lh§x§F§F§2§6§0§0§lo§x§F§F§3§9§0§0§lg§x§F§F§4§D§0§0§lu§x§F§F§6§0§0§0§ln §x§F§F§8§6§0§0§lF§x§F§F§7§3§0§0§lr§x§F§F§6§0§0§0§la§x§F§F§4§D§0§0§lg§x§F§F§3§9§0§0§lm§x§F§F§2§6§0§0§le§x§F§F§1§3§0§0§ln§x§F§F§0§0§0§0§lt to low_taperfade for $100 000.
[13:07:20] > Pichueliesh buy x1 §fShogun Chestplate to low_taperfade for $100 000.
[13:16:07] > ImSneqkyy added x1 Mace in auction for 100000.
[13:16:18] > CarlSui buy x1 Mace to ImSneqkyy for $100 000.
[13:16:18] > ImSneqkyy added x1 Mace in auction for 100000.
[13:16:24] > CarlSui added x1 Mace in auction for 300000.
[13:16:30] > ImSneqkyy added x1 Mace in auction for 100000.
[13:17:04] > ImSneqkyy added x1 Mace in auction for 100000.
[13:17:49] > ImSneqkyy added x1 Silence armor trim smithing template in auction for 25000.
[13:18:00] > rjsshark buy x1 Silence armor trim smithing template to ImSneqkyy for $25 000.
[13:18:48] > ImSneqkyy added x1 Trident in auction for 25000.
[13:19:09] > Pichueliesh buy x1 §fShogun Helmet to low_taperfade for $100 000.
[13:20:18] > ImSneqkyy added x1 Enchanted book in auction for 2500.
[13:21:17] > ImSneqkyy remove x1 Enchanted book from storage
[13:21:26] > ImSneqkyy remove x1 Mace form storage
[13:21:26] > ImSneqkyy remove x1 Mace form storage
[13:21:26] > ImSneqkyy remove x1 Mace form storage
[13:21:26] > ImSneqkyy remove x1 Trident form storage
[13:21:36] > ImSneqkyy added x1 Mace in auction for 100000.
[13:21:47] > ImSneqkyy added x1 Mace in auction for 100000.
[13:21:56] > ImSneqkyy added x1 Mace in auction for 100000.
[13:22:05] > ImSneqkyy added x1 Trident in auction for 25000.
[13:34:11] > ImSneqkyy added x1 Mystery box!! in auction for 1000000.
[13:35:22] > ImSneqkyy remove x1 Mystery box!! from storage
[13:35:34] > ImSneqkyy added x1 Mystery box!! in auction for 2000000.
[13:36:02] > ImSneqkyy remove x1 Mystery box!! from storage
[13:36:39] > ImSneqkyy added x1 Mystery box!! in auction for 1500000.
[13:50:14] > Piploploop added x1 Shulker shell in auction for 10.
[13:50:22] > Piploploop added x1 Diamond in auction for 10.
[13:50:23] > Decieve buy x1 Shulker shell to Piploploop for $10.
[14:20:22] > Piploploop added x1 §x§F§F§0§0§0§0§lS§x§F§F§1§3§0§0§lh§x§F§F§2§6§0§0§lo§x§F§F§3§9§0§0§lg§x§F§F§4§D§0§0§lu§x§F§F§6§0§0§0§ln §x§F§F§8§6§0§0§lF§x§F§F§7§3§0§0§lr§x§F§F§6§0§0§0§la§x§F§F§4§D§0§0§lg§x§F§F§3§9§0§0§lm§x§F§F§2§6§0§0§le§x§F§F§1§3§0§0§ln§x§F§F§0§0§0§0§lt in auction for 100.
[14:20:32] > Decieve buy x1 §x§F§F§0§0§0§0§lS§x§F§F§1§3§0§0§lh§x§F§F§2§6§0§0§lo§x§F§F§3§9§0§0§lg§x§F§F§4§D§0§0§lu§x§F§F§6§0§0§0§ln §x§F§F§8§6§0§0§lF§x§F§F§7§3§0§0§lr§x§F§F§6§0§0§0§la§x§F§F§4§D§0§0§lg§x§F§F§3§9§0§0§lm§x§F§F§2§6§0§0§le§x§F§F§1§3§0§0§ln§x§F§F§0§0§0§0§lt to Piploploop for $100.
[14:20:32] > deadinside buy x1 §x§F§F§0§0§0§0§lS§x§F§F§1§3§0§0§lh§x§F§F§2§6§0§0§lo§x§F§F§3§9§0§0§lg§x§F§F§4§D§0§0§lu§x§F§F§6§0§0§0§ln §x§F§F§8§6§0§0§lF§x§F§F§7§3§0§0§lr§x§F§F§6§0§0§0§la§x§F§F§4§D§0§0§lg§x§F§F§3§9§0§0§lm§x§F§F§2§6§0§0§le§x§F§F§1§3§0§0§ln§x§F§F§0§0§0§0§lt to Zequillaa for $200 000.
[14:46:43] > deadinside added x1 Netherite upgrade smithing template in auction for 100000.
[15:12:37] > Gin buy x1 Diamond to Piploploop for $10.
[15:47:45] > C_Bucket buy x1 Mystery box!! to ImSneqkyy for $1 500 000.
[16:10:26] > Peanutroaster added x1 Shulker box in auction for 1000000.
[16:11:40] > Peanutroaster remove x1 Shulker box from storage
[16:13:04] > Peanutroaster added x1 Torch in auction for 1000000.
[16:13:10] > Peanutroaster remove x1 Torch from storage
[16:13:20] > Peanutroaster added x10 Torch in auction for 1000000.
[16:13:27] > Peanutroaster remove x10 Torch from storage
[16:14:35] > Peanutroaster remove x1 Shulker box from expire
[16:14:35] > Peanutroaster remove x10 Torch from expire
[16:14:36] > Peanutroaster remove x1 Torch from expire
[16:15:37] > Peanutroaster added x1 Shulker box in auction for 10000000000.
[16:54:05] > low_taperfade added x1 §fOrange Hat in auction for 100000.
[16:56:48] > low_taperfade added x1 §x§F§F§3§E§0§0§lD§x§F§F§3§7§0§0§le§x§F§F§3§0§0§0§lm§x§F§F§2§9§0§0§lo§x§F§F§2§2§0§0§ln §x§F§F§1§5§0§0§lL§x§F§F§0§E§0§0§lo§x§F§F§0§7§0§0§lr§x§F§F§0§0§0§0§ld §x§F§F§0§E§0§0§lF§x§F§F§1§5§0§0§lr§x§F§F§1§C§0§0§la§x§F§F§2§2§0§0§lg§x§F§F§2§9§0§0§lm§x§F§F§3§0§0§0§le§x§F§F§3§7§0§0§ln§x§F§F§3§E§0§0§lt in auction for 1000000.
[17:50:05] > Skwylie added x1 §x§F§F§5§5§0§0§lsᴇʟʟᴡᴀɴᴅ §7(100) in auction for 2000000.
[17:54:37] > Skwylie remove x1 §x§F§F§5§5§0§0§lsᴇʟʟᴡᴀɴᴅ §7(100) from storage
[18:54:45] > Skwylie remove x1 §x§F§F§5§5§0§0§lsᴇʟʟᴡᴀɴᴅ §7(100) from expire
[20:41:47] > Hydrix_Mechanic buy x1 Mace to ImSneqkyy for $100 000.
[23:57:31] > Pedroo80 buy x1 Mace to ImSneqkyy for $100 000.
[01:46:36] > fun_pun added x1 §x§E§4§3§A§9§6§lW§x§E§7§5§3§A§3§lI§x§E§B§6§B§B§0§lN§x§E§E§8§4§B§D§lG§x§F§2§9§D§C§B§lS §x§F§8§C§E§E§5§lO§x§F§C§E§6§F§2§lF §x§F§C§E§6§F§2§lE§x§F§8§C§E§E§5§lT§x§F§5§B§5§D§8§lE§x§F§2§9§D§C§B§lR§x§E§E§8§4§B§D§lN§x§E§B§6§B§B§0§lI§x§E§7§5§3§A§3§lT§x§E§4§3§A§9§6§lY in auction for 1000000.
[03:27:10] > tripledoublerug buy x1 Mace to ImSneqkyy for $100 000.
[10:52:09] > Piploploop added x1 §x§E§4§3§A§9§6§lW§x§E§7§5§3§A§3§lI§x§E§B§6§B§B§0§lN§x§E§E§8§4§B§D§lG§x§F§2§9§D§C§B§lS §x§F§8§C§E§E§5§lO§x§F§C§E§6§F§2§lF §x§F§C§E§6§F§2§lE§x§F§8§C§E§E§5§lT§x§F§5§B§5§D§8§lE§x§F§2§9§D§C§B§lR§x§E§E§8§4§B§D§lN§x§E§B§6§B§B§0§lI§x§E§7§5§3§A§3§lT§x§E§4§3§A§9§6§lY in auction for 10.
[10:52:14] > CarlSui buy x1 §x§E§4§3§A§9§6§lW§x§E§7§5§3§A§3§lI§x§E§B§6§B§B§0§lN§x§E§E§8§4§B§D§lG§x§F§2§9§D§C§B§lS §x§F§8§C§E§E§5§lO§x§F§C§E§6§F§2§lF §x§F§C§E§6§F§2§lE§x§F§8§C§E§E§5§lT§x§F§5§B§5§D§8§lE§x§F§2§9§D§C§B§lR§x§E§E§8§4§B§D§lN§x§E§B§6§B§B§0§lI§x§E§7§5§3§A§3§lT§x§E§4§3§A§9§6§lY to Piploploop for $10.
[10:52:16] > Gin buy x1 §x§E§4§3§A§9§6§lW§x§E§7§5§3§A§3§lI§x§E§B§6§B§B§0§lN§x§E§E§8§4§B§D§lG§x§F§2§9§D§C§B§lS §x§F§8§C§E§E§5§lO§x§F§C§E§6§F§2§lF §x§F§C§E§6§F§2§lE§x§F§8§C§E§E§5§lT§x§F§5§B§5§D§8§lE§x§F§2§9§D§C§B§lR§x§E§E§8§4§B§D§lN§x§E§B§6§B§B§0§lI§x§E§7§5§3§A§3§lT§x§E§4§3§A§9§6§lY to fun_pun for $1 000 000.
[11:11:57] > Pichueliesh added x1 Nether star in auction for 100000.
[11:12:13] > Piploploop buy x1 Nether star to Pichueliesh for $100 000.
[11:12:20] > Pichueliesh added x1 Nether star in auction for 350000.
[11:12:41] > Pichueliesh added x1 Nether star in auction for 100000.
[11:12:48] > Piploploop buy x1 Nether star to Pichueliesh for $100 000.
[11:12:56] > Piploploop added x2 Nether star in auction for 10.
[11:13:06] > CarlSui buy x2 Nether star to Piploploop for $10.
[11:15:50] > Drpeckles added x1 §x§6§0§0§0§F§F§lɢᴏᴅʟʏ ɪᴛᴇᴍ in auction for 10000.
[11:16:27] > CarlSui buy x1 §x§6§0§0§0§F§F§lɢᴏᴅʟʏ ɪᴛᴇᴍ to Drpeckles for $10 000.
[11:17:00] > CarlSui added x1 §x§6§0§0§0§F§F§lɢᴏᴅʟʏ ɪᴛᴇᴍ in auction for 100000.
[11:17:09] > Pichueliesh added x2 Beacon in auction for 450000.
[11:19:47] > Pichueliesh added x2 Nether star in auction for 200000.
[11:20:12] > CarlSui added x1 Beacon in auction for 200000.
[11:20:34] > Pichueliesh added x1 §eɪʀᴏɴ ɢᴏʟᴇᴍ sᴘᴀᴡɴᴇʀ in auction for 1000000.
[11:20:41] > CarlSui buy x1 §eɪʀᴏɴ ɢᴏʟᴇᴍ sᴘᴀᴡɴᴇʀ to Pichueliesh for $1 000 000.
[11:22:29] > Pichueliesh added x1 §x§E§4§3§A§9§6§lW§x§E§7§5§3§A§3§lI§x§E§B§6§B§B§0§lN§x§E§E§8§4§B§D§lG§x§F§2§9§D§C§B§lS §x§F§8§C§E§E§5§lO§x§F§C§E§6§F§2§lF §x§F§C§E§6§F§2§lE§x§F§8§C§E§E§5§lT§x§F§5§B§5§D§8§lE§x§F§2§9§D§C§B§lR§x§E§E§8§4§B§D§lN§x§E§B§6§B§B§0§lI§x§E§7§5§3§A§3§lT§x§E§4§3§A§9§6§lY in auction for 1000000.
[11:24:18] > Rexyyyyyyyyyyy added x1 Light blue shulker box in auction for 100000.
[11:24:30] > Rexyyyyyyyyyyy remove x1 Light blue shulker box from storage
[11:25:06] > Rexyyyyyyyyyyy added x1 Light blue shulker box in auction for 175000.
[11:25:16] > Rexyyyyyyyyyyy added x1 Light blue shulker box in auction for 175000.
[14:11:10] > Cynishere remove x1 Jobaxe:broken_heart: from expire
[15:56:38] > WADDLE_DB buy x1 Mace to CarlSui for $300 000.
[15:56:46] > WADDLE_DB buy x2 Beacon to Pichueliesh for $450 000.
[15:57:13] > WADDLE_DB buy x1 §x§6§0§0§0§F§F§lɢᴏᴅʟʏ ɪᴛᴇᴍ to CarlSui for $100 000.
[18:55:46] > Zen0969 buy x1 §x§E§4§3§A§9§6§lW§x§E§7§5§3§A§3§lI§x§E§B§6§B§B§0§lN§x§E§E§8§4§B§D§lG§x§F§2§9§D§C§B§lS §x§F§8§C§E§E§5§lO§x§F§C§E§6§F§2§lF §x§F§C§E§6§F§2§lE§x§F§8§C§E§E§5§lT§x§F§5§B§5§D§8§lE§x§F§2§9§D§C§B§lR§x§E§E§8§4§B§D§lN§x§E§B§6§B§B§0§lI§x§E§7§5§3§A§3§lT§x§E§4§3§A§9§6§lY to Pichueliesh for $1 000 000.
[19:27:23] > low_taperfade remove x1 §x§F§F§3§E§0§0§lD§x§F§F§3§7§0§0§le§x§F§F§3§0§0§0§lm§x§F§F§2§9§0§0§lo§x§F§F§2§2§0§0§ln §x§F§F§1§5§0§0§lL§x§F§F§0§E§0§0§lo§x§F§F§0§7§0§0§lr§x§F§F§0§0§0§0§ld §x§F§F§0§E§0§0§lF§x§F§F§1§5§0§0§lr§x§F§F§1§C§0§0§la§x§F§F§2§2§0§0§lg§x§F§F§2§9§0§0§lm§x§F§F§3§0§0§0§le§x§F§F§3§7§0§0§ln§x§F§F§3§E§0§0§lt from storage
[19:41:15] > Icon_Skully buy x1 Light blue shulker box to Rexyyyyyyyyyyy for $175 000.
[21:10:24] > Pichueliesh remove x2 Nether star from storage
[21:10:26] > Pichueliesh remove x1 Nether star from storage
[21:26:24] > Pichueliesh added x3 Nether star in auction for 300000.