
[12:57:44] > Muirfaha15 buy x1 §f§l§8B§x§6§4§6§4§6§4a§x§7§4§7§4§7§4h§x§8§3§8§3§8§3a§x§9§3§9§3§9§3m§x§A§2§A§2§A§2ut§x§9§3§9§3§9§3 §x§8§3§8§3§8§3M§x§7§4§7§4§7§4a§x§6§4§6§4§6§4c§8e to hilmanpro88 for $1,000,000.
[12:57:50] > Muirfaha15 remove x1 §f§l§8B§x§6§4§6§4§6§4a§x§7§4§7§4§7§4h§x§8§3§8§3§8§3a§x§9§3§9§3§9§3m§x§A§2§A§2§A§2ut§x§9§3§9§3§9§3 §x§8§3§8§3§8§3M§x§7§4§7§4§7§4a§x§6§4§6§4§6§4c§8e from buy
[12:57:50] > Muirfaha15 remove x64 Raw iron from buy
[16:15:25] > x1 Selling thousands of food at [/pwarp go MShop] on sale by micailatot has just expired, it goes in the inventory of expired items.
[16:15:25] > x1 §f§l§x§E§4§3§A§3§AM§x§D§8§4§6§3§Ae§x§C§D§5§2§3§Ar§x§C§1§5§E§3§Ar§x§B§6§6§9§3§9y§x§A§A§7§5§3§9 §x§9§E§8§1§3§9C§x§9§3§8§D§3§9h§x§8§7§9§9§3§9r§x§7§B§A§5§3§9i§x§7§0§B§0§3§8s§x§6§4§B§C§3§8t§x§5§9§C§8§3§8m§x§4§D§D§4§3§8a§x§5§9§C§8§3§8s§x§6§4§B§C§3§8 §x§7§0§B§0§3§8F§x§7§B§A§5§3§9i§x§8§7§9§9§3§9s§x§9§3§8§D§3§9h§x§9§E§8§1§3§9i§x§A§A§7§5§3§9n§x§B§6§6§9§3§9g§x§C§1§5§E§3§A §x§C§D§5§2§3§Ar§x§D§8§4§6§3§Ao§x§E§4§3§A§3§Ad on sale by micailatot has just expired, it goes in the inventory of expired items.
[18:06:59] > fuzzy_fae added x1 Enchanted book in auction for 2000.
[18:07:08] > iuyfbt buy x1 Enchanted book to fuzzy_fae for $2,000.
[18:07:15] > fuzzy_fae added x1 Enchanted book in auction for 2000.
[18:07:22] > iuyfbt buy x1 Enchanted book to fuzzy_fae for $2,000.
[23:57:12] > x64 Redstone block, item of Arthur, has just expired, the item is definitively deleted.
[23:57:12] > x1 Spectral arrow, item of ochirsopvp, has just expired, the item is definitively deleted.
[23:57:12] > x1 §x§E§5§1§B§1§B§lDracula Shovel, item of PlayTexts, has just expired, the item is definitively deleted.
[23:57:12] > x1 §x§F§F§7§C§0§0§lSteamsparks Hoe, item of sky_edits, has just expired, the item is definitively deleted.
[23:57:12] > x1 §f§l§x§E§4§3§A§3§AM§x§D§8§4§6§3§Ae§x§C§C§5§3§3§Ar§x§C§0§5§F§3§Ar§x§B§4§6§B§3§9y§x§A§8§7§8§3§9 §x§9§C§8§4§3§9C§x§8§F§9§0§3§9h§x§8§3§9§D§3§9r§x§7§7§A§9§3§9i§x§6§B§B§5§3§8s§x§5§F§C§2§3§8t§x§5§3§C§E§3§8ma§x§5§F§C§2§3§8s§x§6§B§B§5§3§8 §x§7§7§A§9§3§9G§x§8§3§9§D§3§9r§x§8§F§9§0§3§9e§x§9§C§8§4§3§9a§x§A§8§7§8§3§9t§x§B§4§6§B§3§9S§x§C§0§5§F§3§Aw§x§C§C§5§3§3§Ao§x§D§8§4§6§3§Ar§x§E§4§3§A§3§Ad, item of Gin, has just expired, the item is definitively deleted.
[23:57:12] > x1 §f§l§x§E§4§3§A§3§AM§x§D§6§4§9§3§Ae§x§C§7§5§7§3§Ar§x§B§9§6§6§3§9r§x§A§A§7§5§3§9y§x§9§C§8§3§3§9 §x§8§E§9§2§3§9C§x§7§F§A§1§3§9h§x§7§1§A§F§3§8r§x§6§3§B§E§3§8i§x§5§4§C§D§3§8st§x§6§3§B§E§3§8m§x§7§1§A§F§3§8a§x§7§F§A§1§3§9s§x§8§E§9§2§3§9 §x§9§C§8§3§3§9H§x§A§A§7§5§3§9a§x§B§9§6§6§3§9m§x§C§7§5§7§3§Am§x§D§6§4§9§3§Ae§x§E§4§3§A§3§Ar, item of imnectarfr, has just expired, the item is definitively deleted.
[23:57:12] > x1 §f§l§x§E§4§3§A§3§AM§x§D§5§4§9§3§Ae§x§C§6§5§9§3§Ar§x§B§7§6§8§3§9r§x§A§8§7§8§3§9y§x§9§9§8§7§3§9 §x§8§9§9§6§3§9C§x§7§A§A§6§3§9h§x§6§B§B§5§3§8r§x§5§C§C§5§3§8i§x§4§D§D§4§3§8s§x§5§C§C§5§3§8t§x§6§B§B§5§3§8m§x§7§A§A§6§3§9a§x§8§9§9§6§3§9s§x§9§9§8§7§3§9 §x§A§8§7§8§3§9S§x§B§7§6§8§3§9p§x§C§6§5§9§3§Ae§x§D§5§4§9§3§Aa§x§E§4§3§A§3§Ar, item of Anc_Kyoto, has just expired, the item is definitively deleted.
[23:57:12] > x1 §f§l§8B§x§6§3§6§3§6§3a§x§7§1§7§1§7§1h§x§8§0§8§0§8§0a§x§8§E§8§E§8§Em§x§9§C§9§C§9§Cu§7t§x§9§C§9§C§9§C §x§8§E§8§E§8§ES§x§8§0§8§0§8§0p§x§7§1§7§1§7§1e§x§6§3§6§3§6§3a§8r, item of Anc_Kyoto, has just expired, the item is definitively deleted.
[23:57:12] > x39 §bEntropy Crystal §8(§310,000§8), item of tic_sz, has just expired, the item is definitively deleted.
[23:57:14] > Zypher_0w0 remove x1 /pwarp go TotemTrade WitherSkelHead Xmas Discount from expire
[23:57:44] > Zypher_0w0 added x1 /pwarp go TotemTrade Wither Skel Head @400 in auction for 100000000000000000.
[23:58:44] > Peter_Pscyho60 buy x1 Bolt armor trim smithing template to Its_MergenMC for $20,000.
[00:08:17] > Zypher_0w0 added x1 Netherite upgrade smithing template in auction for 1000.
[00:08:29] > Zypher_0w0 added x1 Netherite upgrade smithing template in auction for 1000.
[00:08:42] > Zypher_0w0 added x1 Netherite upgrade smithing template in auction for 1000.
[00:08:56] > fuzzy_fae buy x1 Netherite upgrade smithing template to Zypher_0w0 for $1,000.
[00:08:58] > fuzzy_fae buy x1 Netherite upgrade smithing template to Zypher_0w0 for $1,000.
[00:08:59] > fuzzy_fae buy x1 Netherite upgrade smithing template to Zypher_0w0 for $1,000.
[00:10:33] > Zypher_0w0 added x1 Netherite upgrade smithing template in auction for 1000.
[00:10:51] > Zypher_0w0 added x1 §x§6§0§0§0§F§F§lɢᴏᴅʟʏ ɪᴛᴇᴍ in auction for 45000.
[00:12:41] > Zypher_0w0 added x64 Experience bottle in auction for 20000.
[00:12:50] > fuzzy_fae buy x64 Experience bottle to Zypher_0w0 for $20,000.
[00:12:59] > Zypher_0w0 added x64 Experience bottle in auction for 20000.
[00:13:10] > Zypher_0w0 added x64 Experience bottle in auction for 20000.
[00:13:24] > Zypher_0w0 added x64 Experience bottle in auction for 20000.
[00:13:29] > fuzzy_fae buy x64 Experience bottle to Zypher_0w0 for $20,000.
[00:13:30] > fuzzy_fae buy x64 Experience bottle to Zypher_0w0 for $20,000.
[00:13:32] > fuzzy_fae buy x64 Experience bottle to Zypher_0w0 for $20,000.
[00:13:40] > x1 1m, bought by Cooldoggiexd, has just expired, the item is definitively deleted.
[00:13:40] > x1 200k, bought by Cooldoggiexd, has just expired, the item is definitively deleted.
[00:13:40] > x1 Coal, bought by Cooldoggiexd, has just expired, the item is definitively deleted.
[00:13:43] > fuzzy_fae remove x64 Experience bottle from buy
[00:13:47] > Zypher_0w0 added x64 Experience bottle in auction for 20000.
[00:13:50] > iuyfbt buy x64 Experience bottle to Zypher_0w0 for $20,000.
[00:14:24] > iuyfbt remove x64 Experience bottle from buy
[00:14:24] > fuzzy_fae remove x64 Experience bottle from buy
[00:14:24] > iuyfbt remove x1 Enchanted book from buy
[00:14:25] > iuyfbt remove x1 Enchanted book from buy
[00:14:30] > Zypher_0w0 added x1 §x§D§7§7§A§F§6§lB§x§D§8§8§F§F§5§lL§x§D§9§A§4§F§3§lO§x§D§A§B§8§F§2§lS§x§D§B§C§D§F§0§lS§x§E§0§C§C§E§C§lO§x§E§4§C§A§E§9§lM §x§E§D§C§7§E§2§lE§x§F§2§C§6§D§E§lL§x§E§B§B§3§E§4§lY§x§E§5§A§0§E§A§lT§x§D§E§8§D§F§0§lR§x§D§7§7§A§F§6§lA in auction for 10000000.
[00:14:41] > Allysa_19 remove x1 §f§l§x§E§4§3§A§3§AM§x§D§5§4§9§3§Ae§x§C§6§5§9§3§Ar§x§B§7§6§8§3§9r§x§A§8§7§8§3§9y§x§9§9§8§7§3§9 §x§8§9§9§6§3§9C§x§7§A§A§6§3§9h§x§6§B§B§5§3§8r§x§5§C§C§5§3§8i§x§4§D§D§4§3§8s§x§5§C§C§5§3§8t§x§6§B§B§5§3§8m§x§7§A§A§6§3§9a§x§8§9§9§6§3§9s§x§9§9§8§7§3§9 §x§A§8§7§8§3§9S§x§B§7§6§8§3§9t§x§C§6§5§9§3§Aa§x§D§5§4§9§3§Af§x§E§4§3§A§3§Af from buy
[00:14:45] > Zypher_0w0 added x1 §x§F§C§D§0§5§C§lD§x§E§6§D§5§5§D§lR§x§C§F§D§9§5§E§lU§x§B§8§D§E§5§F§lI§x§A§1§E§2§5§F§lD §x§F§A§E§D§C§B§lE§x§C§E§E§8§9§5§lL§x§C§F§E§1§7§A§lY§x§C§F§D§9§5§E§lT§x§E§6§D§5§5§D§lR§x§F§C§D§0§5§C§lA in auction for 10000000.
[00:14:47] > fuzzy_fae remove x64 Experience bottle from buy
[00:15:18] > fuzzy_fae remove x64 Experience bottle from buy
[00:21:59] > Zypher_0w0 added x1 Small xp source in auction for 5000.
[00:22:10] > Zypher_0w0 added x64 Sculk catalyst in auction for 10.
[00:22:23] > Zypher_0w0 added x64 Sculk catalyst in auction for 10.
[00:22:44] > Allysa_19 buy x1 §x§D§7§7§A§F§6§lB§x§D§8§8§F§F§5§lL§x§D§9§A§4§F§3§lO§x§D§A§B§8§F§2§lS§x§D§B§C§D§F§0§lS§x§E§0§C§C§E§C§lO§x§E§4§C§A§E§9§lM §x§E§D§C§7§E§2§lE§x§F§2§C§6§D§E§lL§x§E§B§B§3§E§4§lY§x§E§5§A§0§E§A§lT§x§D§E§8§D§F§0§lR§x§D§7§7§A§F§6§lA to Zypher_0w0 for $10,000,000.
[00:23:22] > Allysa_19 remove x1 §x§D§7§7§A§F§6§lB§x§D§8§8§F§F§5§lL§x§D§9§A§4§F§3§lO§x§D§A§B§8§F§2§lS§x§D§B§C§D§F§0§lS§x§E§0§C§C§E§C§lO§x§E§4§C§A§E§9§lM §x§E§D§C§7§E§2§lE§x§F§2§C§6§D§E§lL§x§E§B§B§3§E§4§lY§x§E§5§A§0§E§A§lT§x§D§E§8§D§F§0§lR§x§D§7§7§A§F§6§lA from buy
[00:24:13] > Allysa_19 buy x1 Beacon to Haru178 for $500,000.
[00:25:23] > fuzzy_fae buy x64 Sculk catalyst to Zypher_0w0 for $10.
[00:25:25] > fuzzy_fae buy x64 Sculk catalyst to Zypher_0w0 for $10.
[00:25:34] > fuzzy_fae buy x1 Small xp source to Zypher_0w0 for $5,000.
[00:25:44] > fuzzy_fae remove x1 Small xp source from buy