
[00:27:31] > Zypher_0w0 added x1 Totem of undying in auction for 10000.
[00:27:44] > Zypher_0w0 added x1 Totem of undying in auction for 10000.
[00:28:23] > Zypher_0w0 buy x64 Iron block to CarlSui for $100 000.
[00:57:38] > Kyslee added x14 Bamboo in auction for 10.
[00:58:26] > Adi_3509 buy x14 Bamboo to Kyslee for $10.
[01:41:29] > Shyloooh buy x1 Enchanted book to Zypher_0w0 for $6 700.
[01:41:48] > Shyloooh buy x1 Enchanted book to Zypher_0w0 for $6 700.
[02:03:53] > Kyslee added x1 Enchanted book in auction for 3200.
[05:38:23] > MoltenLavair buy x1 Totem of undying to Kyslee for $500.
[05:38:32] > MoltenLavair buy x1 Enchanted book to Kyslee for $3 200.
[05:38:52] > MoltenLavair buy x1 Enchanted book to Zypher_0w0 for $6 700.
[11:51:10] > Cynishere buy x1 Totem of undying to Zypher_0w0 for $10 000.
[11:51:14] > Cynishere buy x1 Totem of undying to Zypher_0w0 for $10 000.
[13:26:52] > Kyslee added x1 Totem of undying in auction for 10.
[13:27:03] > Kyslee added x1 Totem of undying in auction for 10.
[13:27:09] > Kyslee added x1 Totem of undying in auction for 10.
[13:27:14] > Shyloooh buy x1 Totem of undying to Kyslee for $10.
[13:27:19] > Shyloooh buy x1 Totem of undying to Kyslee for $10.
[13:27:20] > Drpeckles buy x1 Totem of undying to Kyslee for $10.
[13:27:34] > Kyslee added x1 Totem of undying in auction for 10.
[13:27:41] > Kyslee added x1 Totem of undying in auction for 10.
[13:27:53] > Kyslee added x1 Totem of undying in auction for 10.
[14:47:35] > Shyloooh buy x1 Totem of undying to Kyslee for $10.
[14:47:41] > Shyloooh buy x1 Totem of undying to Kyslee for $10.
[14:47:46] > Shyloooh buy x1 Totem of undying to Kyslee for $10.
[14:48:09] > Kyslee added x1 Totem of undying in auction for 10.
[14:48:15] > Kyslee added x1 Totem of undying in auction for 10.
[14:48:25] > Kyslee added x1 Totem of undying in auction for 10.
[14:48:33] > Kyslee added x1 Totem of undying in auction for 10.
[14:48:40] > Kyslee added x1 Totem of undying in auction for 10.
[14:49:12] > jiger_2010 buy x1 Totem of undying to Kyslee for $10.
[14:49:38] > jiger_2010 buy x1 Totem of undying to Kyslee for $10.
[15:17:37] > Peanutroaster buy x1 Totem of undying to Kyslee for $10.
[15:17:43] > Peanutroaster buy x1 Totem of undying to Kyslee for $10.
[15:17:48] > Peanutroaster buy x1 Totem of undying to Kyslee for $10.
[16:35:48] > Cynishere added x1 Nezuko Chan~ Sword kit in auction for 5000000.
[16:37:31] > Cynishere remove x1 Nezuko Chan~ Sword kit from storage
[16:37:38] > Cynishere remove x1 Nezuko Chan~ Sword kit from expire
[16:37:49] > Cynishere added x1 Nezuko Chan~ Sword kit in auction for 2000000.
[16:40:58] > Cynishere remove x1 Nezuko Chan~ Sword kit from storage
[16:41:03] > Cynishere remove x1 Nezuko Chan~ Sword kit from expire
[16:41:11] > Cynishere added x1 Nezuko Chan~ Sword kit in auction for 676767.
[16:51:23] > Cynishere remove x1 Nezuko Chan~ Sword kit from storage
[16:51:44] > Cynishere remove x1 Nezuko Chan~ Sword kit from expire
[16:51:54] > Cynishere added x1 Nezuko Chan~ Sword kit in auction for 100000.
[16:52:02] > Peanutroaster buy x1 Nezuko Chan~ Sword kit to Cynishere for $100 000.
[16:52:28] > Jackzly buy x1 §x§E§4§3§A§9§6§lW§x§E§7§5§3§A§3§lI§x§E§B§6§B§B§0§lN§x§E§E§8§4§B§D§lG§x§F§2§9§D§C§B§lS §x§F§8§C§E§E§5§lO§x§F§C§E§6§F§2§lF §x§F§C§E§6§F§2§lE§x§F§8§C§E§E§5§lT§x§F§5§B§5§D§8§lE§x§F§2§9§D§C§B§lR§x§E§E§8§4§B§D§lN§x§E§B§6§B§B§0§lI§x§E§7§5§3§A§3§lT§x§E§4§3§A§9§6§lY to CarlSui for $600 000.
[16:55:46] > Cynishere added x1 §x§F§F§3§E§0§0§lD§x§F§F§3§7§0§0§le§x§F§F§3§0§0§0§lm§x§F§F§2§9§0§0§lo§x§F§F§2§2§0§0§ln §x§F§F§1§5§0§0§lL§x§F§F§0§E§0§0§lo§x§F§F§0§7§0§0§lr§x§F§F§0§0§0§0§ld §x§F§F§1§0§0§0§lP§x§F§F§1§7§0§0§li§x§F§F§1§F§0§0§lc§x§F§F§2§7§0§0§lk§x§F§F§2§F§0§0§la§x§F§F§3§6§0§0§lx§x§F§F§3§E§0§0§le in auction for 10.
[16:55:51] > Peanutroaster buy x1 §x§F§F§3§E§0§0§lD§x§F§F§3§7§0§0§le§x§F§F§3§0§0§0§lm§x§F§F§2§9§0§0§lo§x§F§F§2§2§0§0§ln §x§F§F§1§5§0§0§lL§x§F§F§0§E§0§0§lo§x§F§F§0§7§0§0§lr§x§F§F§0§0§0§0§ld §x§F§F§1§0§0§0§lP§x§F§F§1§7§0§0§li§x§F§F§1§F§0§0§lc§x§F§F§2§7§0§0§lk§x§F§F§2§F§0§0§la§x§F§F§3§6§0§0§lx§x§F§F§3§E§0§0§le to Cynishere for $10.
[16:55:56] > x1 §fDemon Lord Wings, bought by Piploploop, has just expired, the item is definitively deleted.
[16:55:56] > x1 Jungle log, bought by Piploploop, has just expired, the item is definitively deleted.
[16:55:56] > x64 Stone, bought by Puffingsponge, has just expired, the item is definitively deleted.
[18:09:12] > .Acon1te4773 added x1 §x§E§3§A§F§4§F§lʟᴇɢᴇɴᴅᴀʀʏ ɪᴛᴇᴍ in auction for 200000.
[18:22:30] > Piploploop added x1 §eᴡɪᴛᴄʜ ꜱᴘᴀᴡɴᴇʀ in auction for 10.
[18:22:44] > BunnyOmatic buy x1 §eᴡɪᴛᴄʜ ꜱᴘᴀᴡɴᴇʀ to Piploploop for $10.
[18:28:38] > Kyslee added x1 Totem of undying in auction for 10.
[18:28:42] > Cynishere buy x1 Totem of undying to Kyslee for $10.
[18:28:44] > Kyslee added x1 Totem of undying in auction for 10.
[18:28:47] > Shyloooh buy x1 Totem of undying to Kyslee for $10.
[18:28:50] > Kyslee added x1 Totem of undying in auction for 10.
[18:28:52] > Cynishere buy x1 Totem of undying to Kyslee for $10.
[18:28:56] > Kyslee added x1 Totem of undying in auction for 10.
[18:29:01] > Cynishere buy x1 Totem of undying to Kyslee for $10.
[18:29:03] > Kyslee added x1 Totem of undying in auction for 10.
[18:29:07] > Cynishere buy x1 Totem of undying to Kyslee for $10.
[18:29:10] > Kyslee added x1 Totem of undying in auction for 10.
[18:29:13] > Cynishere buy x1 Totem of undying to Kyslee for $10.
[18:29:22] > Kyslee added x1 Totem of undying in auction for 10.
[18:29:25] > Cynishere buy x1 Totem of undying to Kyslee for $10.
[18:29:27] > Kyslee added x1 Totem of undying in auction for 10.
[18:29:32] > CarlSui buy x1 Totem of undying to Kyslee for $10.
[18:29:34] > Kyslee added x1 Totem of undying in auction for 10.
[18:29:35] > Cynishere buy x1 Totem of undying to Kyslee for $10.
[18:29:41] > Kyslee added x1 Totem of undying in auction for 10.
[18:29:43] > Cynishere buy x1 Totem of undying to Kyslee for $10.
[18:30:42] > Lanchan68 added x1 §x§6§0§0§0§F§F§lɢᴏᴅʟʏ ɪᴛᴇᴍ in auction for 40000.
[18:30:50] > Cynishere buy x1 §x§6§0§0§0§F§F§lɢᴏᴅʟʏ ɪᴛᴇᴍ to Lanchan68 for $40 000.
[18:31:06] > Cynishere added x38 §x§F§C§D§0§5§C§lB§x§E§6§D§3§6§B§la§x§C§F§D§5§7§A§ls§x§B§9§D§8§8§9§li§x§A§2§D§A§9§8§lc §x§7§5§D§F§B§6§lC§x§5§F§E§2§C§5§lr§x§7§5§D§F§B§6§la§x§8§C§D§D§A§7§lt§x§A§2§D§A§9§8§le §x§C§F§D§5§7§A§lK§x§E§6§D§3§6§B§le§x§F§C§D§0§5§C§ly in auction for 10.
[18:31:13] > Shyloooh buy x38 §x§F§C§D§0§5§C§lB§x§E§6§D§3§6§B§la§x§C§F§D§5§7§A§ls§x§B§9§D§8§8§9§li§x§A§2§D§A§9§8§lc §x§7§5§D§F§B§6§lC§x§5§F§E§2§C§5§lr§x§7§5§D§F§B§6§la§x§8§C§D§D§A§7§lt§x§A§2§D§A§9§8§le §x§C§F§D§5§7§A§lK§x§E§6§D§3§6§B§le§x§F§C§D§0§5§C§ly to Cynishere for $10.
[18:31:16] > Cynishere added x26 §x§F§C§9§0§5§C§lE§x§E§6§9§C§6§B§lp§x§C§F§A§7§7§A§li§x§B§9§B§3§8§9§lc §x§8§C§C§B§A§7§lC§x§7§5§D§6§B§6§lr§x§5§F§E§2§C§5§la§x§7§9§D§4§B§4§lt§x§9§3§C§7§A§2§le §x§C§8§A§B§7§F§lK§x§E§2§9§E§6§E§le§x§F§C§9§0§5§C§ly in auction for 10.
[18:31:19] > Kyslee buy x26 §x§F§C§9§0§5§C§lE§x§E§6§9§C§6§B§lp§x§C§F§A§7§7§A§li§x§B§9§B§3§8§9§lc §x§8§C§C§B§A§7§lC§x§7§5§D§6§B§6§lr§x§5§F§E§2§C§5§la§x§7§9§D§4§B§4§lt§x§9§3§C§7§A§2§le §x§C§8§A§B§7§F§lK§x§E§2§9§E§6§E§le§x§F§C§9§0§5§C§ly to Cynishere for $10.
[18:35:58] > Kyslee added x64 Redstone in auction for 10.
[18:36:15] > Shyloooh buy x64 Redstone to Kyslee for $10.
[18:36:21] > Lanchan68 buy x1 §x§E§3§A§F§4§F§lʟᴇɢᴇɴᴅᴀʀʏ ɪᴛᴇᴍ to .Acon1te4773 for $200 000.
[18:37:57] > Kyslee added x32 Emerald in auction for 10.
[18:38:25] > Lanchan68 buy x32 Emerald to Kyslee for $10.
[18:42:06] > Zequillaa added x10 §x§9§8§6§3§E§7§lG§x§9§0§7§5§E§2§lo§x§8§8§8§7§D§D§ld§x§8§0§9§9§D§8§ll§x§7§7§A§C§D§4§ly §x§6§7§D§0§C§A§lC§x§5§F§E§2§C§5§lr§x§6§7§D§0§C§A§la§x§6§F§B§E§C§F§lt§x§7§7§A§C§D§4§le §x§8§8§8§7§D§D§lK§x§9§0§7§5§E§2§le§x§9§8§6§3§E§7§ly in auction for 1000000.
[18:42:12] > Zen0969 buy x10 §x§9§8§6§3§E§7§lG§x§9§0§7§5§E§2§lo§x§8§8§8§7§D§D§ld§x§8§0§9§9§D§8§ll§x§7§7§A§C§D§4§ly §x§6§7§D§0§C§A§lC§x§5§F§E§2§C§5§lr§x§6§7§D§0§C§A§la§x§6§F§B§E§C§F§lt§x§7§7§A§C§D§4§le §x§8§8§8§7§D§D§lK§x§9§0§7§5§E§2§le§x§9§8§6§3§E§7§ly to Zequillaa for $1 000 000.
[18:46:17] > Zen0969 added x1 §x§6§0§0§0§F§F§lɢᴏᴅʟʏ ɪᴛᴇᴍ in auction for 6767.
[18:51:15] > Piploploop added x1 §x§5§9§A§1§D§9§lA§x§7§5§B§1§D§F§lr§x§9§0§C§0§E§6§lc§x§A§C§D§0§E§C§lh§x§C§8§E§0§F§2§la§x§E§3§E§F§F§9§ln§f§lg§x§E§3§E§F§F§9§le§x§C§8§E§0§F§2§ll §x§9§0§C§0§E§6§lK§x§7§5§B§1§D§F§le§x§5§9§A§1§D§9§ly in auction for 10.
[18:51:19] > Zen0969 buy x1 §x§5§9§A§1§D§9§lA§x§7§5§B§1§D§F§lr§x§9§0§C§0§E§6§lc§x§A§C§D§0§E§C§lh§x§C§8§E§0§F§2§la§x§E§3§E§F§F§9§ln§f§lg§x§E§3§E§F§F§9§le§x§C§8§E§0§F§2§ll §x§9§0§C§0§E§6§lK§x§7§5§B§1§D§F§le§x§5§9§A§1§D§9§ly to Piploploop for $10.
[19:00:47] > Peanutroaster added x1 Shulker box in auction for 1000000.
[19:01:07] > Peanutroaster remove x1 Shulker box from storage
[19:05:25] > Peanutroaster added x1 Shulker box in auction for 10000000.
[19:19:52] > Zypher_0w0 added x1 §x§E§3§A§F§4§F§lʟᴇɢᴇɴᴅᴀʀʏ ɪᴛᴇᴍ in auction for 700000.
[19:26:10] > .Acon1te4773 added x1 §x§E§3§A§F§4§F§lʟᴇɢᴇɴᴅᴀʀʏ ɪᴛᴇᴍ in auction for 200000.
[19:26:24] > Zypher_0w0 buy x1 §x§E§3§A§F§4§F§lʟᴇɢᴇɴᴅᴀʀʏ ɪᴛᴇᴍ to .Acon1te4773 for $200 000.
[19:26:26] > .Acon1te4773 added x1 §x§E§3§A§F§4§F§lʟᴇɢᴇɴᴅᴀʀʏ ɪᴛᴇᴍ in auction for 200000.
[19:26:42] > .Acon1te4773 added x1 §x§E§3§A§F§4§F§lʟᴇɢᴇɴᴅᴀʀʏ ɪᴛᴇᴍ in auction for 200000.
[19:37:46] > .Acon1te4773 added x1 §x§6§0§0§0§F§F§lɢᴏᴅʟʏ ɪᴛᴇᴍ in auction for 200000.
[19:38:14] > Zypher_0w0 remove x1 §x§E§3§A§F§4§F§lʟᴇɢᴇɴᴅᴀʀʏ ɪᴛᴇᴍ form storage
[19:38:18] > .Acon1te4773 added x1 §x§E§3§A§F§4§F§lʟᴇɢᴇɴᴅᴀʀʏ ɪᴛᴇᴍ in auction for 200000.
[19:38:23] > Zypher_0w0 added x1 §x§E§3§A§F§4§F§lʟᴇɢᴇɴᴅᴀʀʏ ɪᴛᴇᴍ in auction for 500000.
[19:41:26] > .Acon1te4773 remove x1 §fShogun Pickaxe from storage
[19:46:42] > Zypher_0w0 added x1 Totem of undying in auction for 5000.
[19:46:46] > Cynishere buy x1 Totem of undying to Zypher_0w0 for $5 000.
[19:46:48] > Zypher_0w0 added x1 Totem of undying in auction for 5000.
[19:46:54] > Cynishere buy x1 Totem of undying to Zypher_0w0 for $5 000.
[19:46:56] > Zypher_0w0 added x1 Totem of undying in auction for 5000.
[19:47:48] > Zypher_0w0 added x1 Totem of undying in auction for 5000.
[20:43:55] > Kyslee added x1 Filled map in auction for 100.
[20:44:01] > Kyslee added x1 Filled map in auction for 100.
[20:44:09] > Kyslee added x1 Filled map in auction for 100.
[21:06:20] > Zypher_0w0 added x1 Enchanted book in auction for 5000.
[21:06:26] > Zypher_0w0 added x1 Enchanted book in auction for 5000.
[22:08:20] > Piploploop added x64 Spruce door in auction for 10.
[22:08:57] > .Acon1te4773 buy x64 Spruce door to Piploploop for $10.
[22:14:48] > Piploploop added x1 §x§F§C§9§0§5§C§lE§x§E§6§9§C§6§B§lp§x§C§F§A§7§7§A§li§x§B§9§B§3§8§9§lc §x§8§C§C§B§A§7§lC§x§7§5§D§6§B§6§lr§x§5§F§E§2§C§5§la§x§7§9§D§4§B§4§lt§x§9§3§C§7§A§2§le §x§C§8§A§B§7§F§lK§x§E§2§9§E§6§E§le§x§F§C§9§0§5§C§ly in auction for 10.
[22:15:07] > Zypher_0w0 buy x1 §x§F§C§9§0§5§C§lE§x§E§6§9§C§6§B§lp§x§C§F§A§7§7§A§li§x§B§9§B§3§8§9§lc §x§8§C§C§B§A§7§lC§x§7§5§D§6§B§6§lr§x§5§F§E§2§C§5§la§x§7§9§D§4§B§4§lt§x§9§3§C§7§A§2§le §x§C§8§A§B§7§F§lK§x§E§2§9§E§6§E§le§x§F§C§9§0§5§C§ly to Piploploop for $10.
[22:19:59] > Piploploop added x1 §x§C§9§A§7§F§C§lL§x§B§D§A§E§F§6§le§x§B§1§B§4§F§0§lg§x§A§6§B§B§E§A§le§x§9§A§C§1§E§4§ln§x§8§E§C§8§D§D§ld§x§8§2§C§E§D§7§la§x§7§7§D§5§D§1§lr§x§6§B§D§B§C§B§ly §x§6§B§D§B§C§B§lC§x§7§7§D§5§D§1§lr§x§8§2§C§E§D§7§la§x§8§E§C§8§D§D§lt§x§9§A§C§1§E§4§le §x§B§1§B§4§F§0§lK§x§B§D§A§E§F§6§le§x§C§9§A§7§F§C§ly in auction for 10.
[22:20:03] > Cynishere buy x1 §x§C§9§A§7§F§C§lL§x§B§D§A§E§F§6§le§x§B§1§B§4§F§0§lg§x§A§6§B§B§E§A§le§x§9§A§C§1§E§4§ln§x§8§E§C§8§D§D§ld§x§8§2§C§E§D§7§la§x§7§7§D§5§D§1§lr§x§6§B§D§B§C§B§ly §x§6§B§D§B§C§B§lC§x§7§7§D§5§D§1§lr§x§8§2§C§E§D§7§la§x§8§E§C§8§D§D§lt§x§9§A§C§1§E§4§le §x§B§1§B§4§F§0§lK§x§B§D§A§E§F§6§le§x§C§9§A§7§F§C§ly to Piploploop for $10.
[22:34:44] > Piploploop added x1 §x§F§C§D§0§5§C§lB§x§E§6§D§3§6§B§la§x§C§F§D§5§7§A§ls§x§B§9§D§8§8§9§li§x§A§2§D§A§9§8§lc §x§7§5§D§F§B§6§lC§x§5§F§E§2§C§5§lr§x§7§5§D§F§B§6§la§x§8§C§D§D§A§7§lt§x§A§2§D§A§9§8§le §x§C§F§D§5§7§A§lK§x§E§6§D§3§6§B§le§x§F§C§D§0§5§C§ly in auction for 19.
[22:38:05] > leilei buy x1 §x§F§C§D§0§5§C§lB§x§E§6§D§3§6§B§la§x§C§F§D§5§7§A§ls§x§B§9§D§8§8§9§li§x§A§2§D§A§9§8§lc §x§7§5§D§F§B§6§lC§x§5§F§E§2§C§5§lr§x§7§5§D§F§B§6§la§x§8§C§D§D§A§7§lt§x§A§2§D§A§9§8§le §x§C§F§D§5§7§A§lK§x§E§6§D§3§6§B§le§x§F§C§D§0§5§C§ly to Piploploop for $19.
[23:21:33] > leilei buy x1 §fEnder Eye Shovel to celinesanrio for $250 000.
[23:32:23] > Shyloooh added x1 §x§E§3§A§F§4§F§lʟᴇɢᴇɴᴅᴀʀʏ ɪᴛᴇᴍ in auction for 3000.