
[12:02:17] > quillking67 remove x1 Diamond boots from buy
[12:19:00] > micailatot added x1 Selling scraps at [/pwarp go MShop] in auction for 100000000.
[12:25:37] > micailatot remove x1 Selling scraps at [/pwarp go MShop] from storage
[12:27:18] > micailatot added x1 Selling neth scraps at [/pwarp go MShop] in auction for 100000000000.
[12:38:28] > zopell10 added x1 §x§F§F§7§C§0§0§lSteamsparks Helmet in auction for 50000.
[12:52:41] > micailatot added x1 Heavy core in auction for 800000.
[13:04:05] > micailatot remove x1 Selling neth scraps at [/pwarp go MShop] from storage
[13:04:20] > micailatot added x1 Selling neth scraps at [/pwarp go MShop] in auction for 420000000000000000.
[13:16:59] > cart224 buy x1 §x§5§9§A§1§D§9§lA§x§7§5§B§1§D§Fr§x§9§0§C§0§E§6c§x§A§C§D§0§E§Ch§x§C§8§E§0§F§2a§x§E§3§E§F§F§9n§fg§x§E§3§E§F§F§9e§x§C§8§E§0§F§2l §x§9§0§C§0§E§6K§x§7§5§B§1§D§Fe§x§5§9§A§1§D§9y to Zypher_0w0 for $1,500,000.
[13:17:04] > x1 Ominous trial key, bought by johnowenz1, has just expired, the item is definitively deleted.
[13:17:05] > cart224 remove x1 §x§5§9§A§1§D§9§lA§x§7§5§B§1§D§Fr§x§9§0§C§0§E§6c§x§A§C§D§0§E§Ch§x§C§8§E§0§F§2a§x§E§3§E§F§F§9n§fg§x§E§3§E§F§F§9e§x§C§8§E§0§F§2l §x§9§0§C§0§E§6K§x§7§5§B§1§D§Fe§x§5§9§A§1§D§9y from buy
[13:36:51] > NoClarity added x1 Dispenser in auction for 100.
[13:38:08] > .Jayveee1943 added x5 Name tag in auction for 50000.
[13:38:40] > .Jayveee1943 added x5 Name tag in auction for 50000.
[13:42:23] > imnectarfr buy x1 Firework to Anc_Kyoto for $100,000.
[13:42:32] > imnectarfr buy x1 Shulker box to Fogstrap for $400,000.
[13:42:40] > imnectarfr buy x1 Shulker box to Fogstrap for $400,000.
[13:42:48] > imnectarfr remove x1 Shulker box from buy
[13:42:48] > imnectarfr remove x1 Shulker box from buy
[13:42:49] > imnectarfr remove x1 Firework from buy
[13:44:01] > ravencabansay added x1 §x§F§F§7§C§0§0§lSteamsparks Key in auction for 500000.
[13:45:24] > Anc_Kyoto added x1 §f§l§8B§x§6§3§6§3§6§3a§x§7§1§7§1§7§1h§x§8§0§8§0§8§0a§x§8§E§8§E§8§Em§x§9§C§9§C§9§Cu§7t§x§9§C§9§C§9§C §x§8§E§8§E§8§ES§x§8§0§8§0§8§0p§x§7§1§7§1§7§1e§x§6§3§6§3§6§3a§8r in auction for 2000000.
[14:10:07] > ravencabansay remove x1 §x§F§F§7§C§0§0§lSteamsparks Key from storage
[14:33:29] > Anc_Kyoto added x1 crucible in auction for 1200000.
[15:07:18] > ryise remove x1 Bow form storage
[15:07:28] > ryise added x1 Bow in auction for 100000.
[15:23:43] > x1 Redstone Tools at AceHardwhere on sale by giyahnpogi has just expired, it goes in the inventory of expired items.
[15:23:43] > x1 Redstone Tools at AceHardwhere on sale by giyahnpogi has just expired, it goes in the inventory of expired items.
[15:23:43] > x1 Redstone Tools at AceHardwhere on sale by giyahnpogi has just expired, it goes in the inventory of expired items.
[15:23:58] > dejuugarr added x1 Diamond axe in auction for 10.
[15:31:57] > NoClarity added x1 §3§lDolphin Tail in auction for 25000.
[15:35:53] > Trapers1 added x40 Netherite ingot in auction for 2700000.
[15:35:53] > x1 §x§3§4§9§8§D§Bᴡɪᴛᴄʜ ꜱᴘᴀᴡɴᴇʀ on sale by giyahnpogi has just expired, it goes in the inventory of expired items.
[15:37:40] > Trapers1 remove x40 Netherite ingot form storage
[15:40:33] > Trapers1 added x10 §x§3§4§9§8§D§Bᴄᴏᴡ ꜱᴘᴀᴡɴᴇʀ in auction for 2700000.
[15:51:03] > Trapers1 remove x10 §x§3§4§9§8§D§Bᴄᴏᴡ ꜱᴘᴀᴡɴᴇʀ form storage
[15:52:33] > Icon_Skully added x5 §x§F§C§D§0§5§C§lB§x§E§6§D§3§6§B§la§x§C§F§D§5§7§A§ls§x§B§9§D§8§8§9§li§x§A§2§D§A§9§8§lc §x§7§5§D§F§B§6§lC§x§5§F§E§2§C§5§lr§x§7§5§D§F§B§6§la§x§8§C§D§D§A§7§lt§x§A§2§D§A§9§8§le §x§C§F§D§5§7§A§lK§x§E§6§D§3§6§B§le§x§F§C§D§0§5§C§ly in auction for 30.
[15:52:40] > dejuugarr buy x5 §x§F§C§D§0§5§C§lB§x§E§6§D§3§6§B§la§x§C§F§D§5§7§A§ls§x§B§9§D§8§8§9§li§x§A§2§D§A§9§8§lc §x§7§5§D§F§B§6§lC§x§5§F§E§2§C§5§lr§x§7§5§D§F§B§6§la§x§8§C§D§D§A§7§lt§x§A§2§D§A§9§8§le §x§C§F§D§5§7§A§lK§x§E§6§D§3§6§B§le§x§F§C§D§0§5§C§ly to Icon_Skully for $30.
[15:53:11] > Fogstrap added x5 §x§3§4§9§8§D§Bᴄᴏᴡ ꜱᴘᴀᴡɴᴇʀ in auction for 1200000.
[16:19:21] > tic_sz added x1 §f§l§x§8§A§0§0§F§FS§x§9§7§0§0§D§Fh§x§A§4§0§0§B§Fi§x§B§1§0§0§9§Fn§x§B§F§0§0§8§0e§x§C§C§0§0§6§0 §x§D§9§0§0§4§0O§x§E§6§0§0§2§0n§x§F§3§0§0§0§0i§x§E§6§0§0§2§0 §x§D§9§0§0§4§0P§x§C§C§0§0§6§0i§x§B§F§0§0§8§0c§x§B§1§0§0§9§Fk§x§A§4§0§0§B§Fa§x§9§7§0§0§D§Fx§x§8§A§0§0§F§Fe in auction for 10.
[16:19:23] > Shirosoo0 buy x1 §f§l§x§8§A§0§0§F§FS§x§9§7§0§0§D§Fh§x§A§4§0§0§B§Fi§x§B§1§0§0§9§Fn§x§B§F§0§0§8§0e§x§C§C§0§0§6§0 §x§D§9§0§0§4§0O§x§E§6§0§0§2§0n§x§F§3§0§0§0§0i§x§E§6§0§0§2§0 §x§D§9§0§0§4§0P§x§C§C§0§0§6§0i§x§B§F§0§0§8§0c§x§B§1§0§0§9§Fk§x§A§4§0§0§B§Fa§x§9§7§0§0§D§Fx§x§8§A§0§0§F§Fe to tic_sz for $10.
[16:20:15] > tic_sz added x1 Netherite block in auction for 10.
[16:20:17] > Trapers1 buy x1 Netherite block to tic_sz for $10.
[16:20:27] > tic_sz added x1 Netherite block in auction for 10.
[16:20:29] > 8it5inn buy x1 Netherite block to tic_sz for $10.
[16:20:39] > tic_sz added x16 Diamond block in auction for 10.
[16:20:41] > 8it5inn buy x16 Diamond block to tic_sz for $10.
[16:20:54] > tic_sz added x3 Netherite ingot in auction for 10.
[16:20:55] > 8it5inn buy x3 Netherite ingot to tic_sz for $10.
[16:20:58] > x1 Dune armor trim smithing template, bought by .JakeTheMiner457, has just expired, the item is definitively deleted.
[16:20:58] > x1 §f§l§8B§x§6§6§6§6§6§6a§x§7§7§7§7§7§7h§x§8§8§8§8§8§8a§x§9§9§9§9§9§9m§7u§x§9§9§9§9§9§9t§x§8§8§8§8§8§8 §x§7§7§7§7§7§7H§x§6§6§6§6§6§6a§8t, bought by alecczzz, has just expired, the item is definitively deleted.
[16:20:59] > Fogstrap added x55 Packed ice in auction for 100000.
[16:21:09] > tic_sz added x5 Netherite ingot in auction for 1000000.
[16:21:10] > Fogstrap remove x55 Packed ice from storage
[16:21:11] > kis0o_o buy x5 Netherite ingot to tic_sz for $1,000,000.
[16:21:29] > Fogstrap added x1 Netherite ingot in auction for 10.
[16:21:31] > 8it5inn buy x1 Netherite ingot to Fogstrap for $10.
[16:21:39] > tic_sz added x1 Netherite ingot in auction for 10.
[16:21:39] > Fogstrap added x1 Netherite ingot in auction for 10.
[16:21:41] > 8it5inn buy x1 Netherite ingot to Fogstrap for $10.
[16:21:42] > Broodie buy x1 Netherite ingot to tic_sz for $10.
[16:21:49] > Fogstrap added x1 Netherite ingot in auction for 100000.
[16:22:06] > x1 §f§l§x§F§C§D§0§5§CW§x§F§B§B§0§4§Eu§x§F§9§9§0§4§0k§x§F§8§7§0§3§2o§x§F§6§5§0§2§3n§x§F§5§3§0§1§5g§x§F§4§1§0§0§7 H§x§F§5§3§0§1§5a§x§F§6§5§0§2§3l§x§F§8§7§0§3§2b§x§F§9§9§0§4§0e§x§F§B§B§0§4§Er§x§F§C§D§0§5§Cd, item of Uratakiz, has just expired, the item is definitively deleted.
[16:22:06] > x1 §f§l§x§F§C§D§0§5§CW§x§F§B§A§D§4§Du§x§F§9§8§B§3§Dk§x§F§8§6§8§2§Eo§x§F§6§4§5§1§Fn§x§F§5§2§3§0§Fg§x§F§3§0§0§0§0 §x§F§5§2§3§0§FD§x§F§6§4§5§1§Fa§x§F§8§6§8§2§Eg§x§F§9§8§B§3§Dg§x§F§B§A§D§4§De§x§F§C§D§0§5§Cr, item of Uratakiz, has just expired, the item is definitively deleted.
[16:22:06] > x1 /pwarp go TotemTrade buying Mushroom Cow Plushies, item of Zypher_0w0, has just expired, the item is definitively deleted.
[16:22:06] > x1 §f§l§8B§x§6§3§6§3§6§3a§x§7§1§7§1§7§1h§x§8§0§8§0§8§0a§x§8§E§8§E§8§Em§x§9§C§9§C§9§Cu§7t§x§9§C§9§C§9§C §x§8§E§8§E§8§ES§x§8§0§8§0§8§0p§x§7§1§7§1§7§1e§x§6§3§6§3§6§3a§8r, item of LazyDreii, has just expired, the item is definitively deleted.
[16:22:10] > kis0o_o remove x5 Netherite ingot from buy
[16:23:13] > tic_sz added x1 §x§F§F§7§C§0§0§lSteamsparks Wings in auction for 100.
[16:23:15] > 8it5inn buy x1 §x§F§F§7§C§0§0§lSteamsparks Wings to tic_sz for $100.
[16:25:32] > tic_sz added x1 §x§E§5§1§B§1§B§lDracula Wings in auction for 10.
[16:25:35] > Broodie buy x1 §x§E§5§1§B§1§B§lDracula Wings to tic_sz for $10.
[16:25:46] > tic_sz added x1 §f§l§x§8§A§0§0§F§FS§x§9§9§0§0§D§Bh§x§A§8§0§0§B§6i§x§B§7§0§0§9§2n§x§C§6§0§0§6§De§x§D§5§0§0§4§9 §x§E§4§0§0§2§4O§x§F§3§0§0§0§0n§x§E§4§0§0§2§4i§x§D§5§0§0§4§9 §x§C§6§0§0§6§DW§x§B§7§0§0§9§2i§x§A§8§0§0§B§6n§x§9§9§0§0§D§Bg§x§8§A§0§0§F§Fs in auction for 20000000.
[16:25:58] > tic_sz remove x1 §f§l§x§8§A§0§0§F§FS§x§9§9§0§0§D§Bh§x§A§8§0§0§B§6i§x§B§7§0§0§9§2n§x§C§6§0§0§6§De§x§D§5§0§0§4§9 §x§E§4§0§0§2§4O§x§F§3§0§0§0§0n§x§E§4§0§0§2§4i§x§D§5§0§0§4§9 §x§C§6§0§0§6§DW§x§B§7§0§0§9§2i§x§A§8§0§0§B§6n§x§9§9§0§0§D§Bg§x§8§A§0§0§F§Fs from storage
[16:26:09] > tic_sz remove x1 §f§l§x§8§A§0§0§F§FS§x§9§9§0§0§D§Bh§x§A§8§0§0§B§6i§x§B§7§0§0§9§2n§x§C§6§0§0§6§De§x§D§5§0§0§4§9 §x§E§4§0§0§2§4O§x§F§3§0§0§0§0n§x§E§4§0§0§2§4i§x§D§5§0§0§4§9 §x§C§6§0§0§6§DW§x§B§7§0§0§9§2i§x§A§8§0§0§B§6n§x§9§9§0§0§D§Bg§x§8§A§0§0§F§Fs from expire
[16:26:10] > tic_sz remove x1 Shulker box from expire
[16:26:10] > tic_sz remove x1 Netherite Ingot 4sale - msg @tic_sz/Sunraku from expire
[16:26:11] > tic_sz remove x1 §f§bEnder Dragon Plushie §6(#32/101) from expire
[16:26:12] > tic_sz remove x1 §fNaganadel Tail from expire
[16:27:25] > Broodie remove x1 §x§E§5§1§B§1§B§lDracula Wings from buy
[16:27:28] > Shirosoo0 remove x1 §f§l§x§8§A§0§0§F§FS§x§9§7§0§0§D§Fh§x§A§4§0§0§B§Fi§x§B§1§0§0§9§Fn§x§B§F§0§0§8§0e§x§C§C§0§0§6§0 §x§D§9§0§0§4§0O§x§E§6§0§0§2§0n§x§F§3§0§0§0§0i§x§E§6§0§0§2§0 §x§D§9§0§0§4§0P§x§C§C§0§0§6§0i§x§B§F§0§0§8§0c§x§B§1§0§0§9§Fk§x§A§4§0§0§B§Fa§x§9§7§0§0§D§Fx§x§8§A§0§0§F§Fe from buy
[16:28:03] > ravencabansay added x1 §fPhantom Plushie §6(#62/101) in auction for 10.
[16:28:06] > Trapers1 buy x1 §fPhantom Plushie §6(#62/101) to ravencabansay for $10.
[16:28:30] > ravencabansay added x1 §x§F§F§7§C§0§0§lSteamsparks Boots in auction for 10.
[16:28:33] > king_ARK buy x1 §x§F§F§7§C§0§0§lSteamsparks Boots to ravencabansay for $10.
[16:28:51] > EXEZUNO remove x11 §x§F§C§D§0§5§C§lB§x§E§6§D§3§6§B§la§x§C§F§D§5§7§A§ls§x§B§9§D§8§8§9§li§x§A§2§D§A§9§8§lc §x§7§5§D§F§B§6§lC§x§5§F§E§2§C§5§lr§x§7§5§D§F§B§6§la§x§8§C§D§D§A§7§lt§x§A§2§D§A§9§8§le §x§C§F§D§5§7§A§lK§x§E§6§D§3§6§B§le§x§F§C§D§0§5§C§ly from storage
[16:28:53] > Trapers1 added x1 §x§F§F§7§C§0§0§lSteamsparks Boots in auction for 10000.
[16:29:00] > Trapers1 remove x1 §x§F§F§7§C§0§0§lSteamsparks Boots form storage
[16:29:05] > Trapers1 added x1 §x§F§F§7§C§0§0§lSteamsparks Boots in auction for 10.
[16:29:07] > 8it5inn buy x1 §x§F§F§7§C§0§0§lSteamsparks Boots to Trapers1 for $10.
[16:29:10] > EXEZUNO added x11 §x§F§C§D§0§5§C§lB§x§E§6§D§3§6§B§la§x§C§F§D§5§7§A§ls§x§B§9§D§8§8§9§li§x§A§2§D§A§9§8§lc §x§7§5§D§F§B§6§lC§x§5§F§E§2§C§5§lr§x§7§5§D§F§B§6§la§x§8§C§D§D§A§7§lt§x§A§2§D§A§9§8§le §x§C§F§D§5§7§A§lK§x§E§6§D§3§6§B§le§x§F§C§D§0§5§C§ly in auction for 40000.
[16:29:16] > Trapers1 added x1 §x§F§F§7§C§0§0§lSteamsparks Chestplate in auction for 10.
[16:29:18] > tic_sz added x1 Shulker box in auction for 10.
[16:29:18] > 8it5inn buy x1 §x§F§F§7§C§0§0§lSteamsparks Chestplate to Trapers1 for $10.
[16:29:32] > tic_sz added x1 Netherite Ingot 4sale - msg @tic_sz/Sunraku in auction for 10.
[16:29:34] > McWhopper buy x1 Shulker box to tic_sz for $10.
[16:29:36] > Broodie buy x1 Netherite Ingot 4sale - msg @tic_sz/Sunraku to tic_sz for $10.
[16:29:41] > Tiltera4549 buy x1 Netherite ingot to Fogstrap for $100,000.
[16:29:44] > Fogstrap buy x11 §x§F§C§D§0§5§C§lB§x§E§6§D§3§6§B§la§x§C§F§D§5§7§A§ls§x§B§9§D§8§8§9§li§x§A§2§D§A§9§8§lc §x§7§5§D§F§B§6§lC§x§5§F§E§2§C§5§lr§x§7§5§D§F§B§6§la§x§8§C§D§D§A§7§lt§x§A§2§D§A§9§8§le §x§C§F§D§5§7§A§lK§x§E§6§D§3§6§B§le§x§F§C§D§0§5§C§ly to EXEZUNO for $40,000.
[16:29:57] > Trapers1 remove x16 Shroomlight form buy
[16:29:57] > Trapers1 remove x1 Netherite block form buy
[16:29:57] > Trapers1 remove x1 §fPhantom Plushie §6(#62/101) form buy
[16:30:19] > EXEZUNO remove x1 §x§F§F§3§E§0§0§lD§x§F§F§3§5§0§0§le§x§F§F§2§C§0§0§lm§x§F§F§2§3§0§0§lo§x§F§F§1§B§0§0§ln §x§F§F§0§9§0§0§lL§x§F§F§0§0§0§0§lo§x§F§F§0§A§0§0§lr§x§F§F§1§5§0§0§ld §x§F§F§2§9§0§0§lB§x§F§F§3§4§0§0§lo§x§F§F§3§E§0§0§lw from storage
[16:30:23] > Trapers1 added x9 Netherite ingot in auction for 700000.
[16:30:29] > EXEZUNO added x1 §x§F§F§3§E§0§0§lD§x§F§F§3§5§0§0§le§x§F§F§2§C§0§0§lm§x§F§F§2§3§0§0§lo§x§F§F§1§B§0§0§ln §x§F§F§0§9§0§0§lL§x§F§F§0§0§0§0§lo§x§F§F§0§A§0§0§lr§x§F§F§1§5§0§0§ld §x§F§F§2§9§0§0§lB§x§F§F§3§4§0§0§lo§x§F§F§3§E§0§0§lw in auction for 550000.
[16:30:30] > sinigang_nababoy buy x5 §x§3§4§9§8§D§Bᴄᴏᴡ ꜱᴘᴀᴡɴᴇʀ to Fogstrap for $1,200,000.
[16:31:03] > EXEZUNO remove x1 §x§F§F§7§C§0§0§lSteamsparks Wings from storage
[16:31:19] > Trapers1 added x40 Netherite ingot in auction for 1200000.
[16:31:21] > sinigang_nababoy remove x5 §x§3§4§9§8§D§Bᴄᴏᴡ ꜱᴘᴀᴡɴᴇʀ from buy
[16:31:24] > Fogstrap added x2 Netherite ingot in auction for 20.
[16:31:26] > ravencabansay buy x2 Netherite ingot to Fogstrap for $20.
[16:31:33] > EXEZUNO added x1 §x§F§F§7§C§0§0§lSteamsparks Wings in auction for 850000.
[16:31:53] > ravencabansay remove x1 §x§E§5§1§B§1§B§lDracula Battleaxe from buy
[16:31:53] > EXEZUNO remove x1 §x§F§F§7§C§0§0§lSteamsparks Battle Axe from storage
[16:32:03] > ravencabansay added x1 §x§E§5§1§B§1§B§lDracula Battleaxe in auction for 100.
[16:32:06] > Broodie buy x1 §x§E§5§1§B§1§B§lDracula Battleaxe to ravencabansay for $100.
[16:32:18] > EXEZUNO added x1 §x§F§F§7§C§0§0§lSteamsparks Battle Axe in auction for 450000.
[16:32:36] > ravencabansay added x23 Emerald in auction for 100000.
[16:32:46] > ravencabansay remove x23 Emerald from storage
[16:32:50] > Trapers1 remove x9 Netherite ingot form storage
[16:32:50] > Trapers1 remove x40 Netherite ingot form storage
[16:33:26] > Trapers1 added x24 Netherite ingot in auction for 500000.
[16:33:48] > Trapers1 remove x24 Netherite ingot form storage
[16:34:12] > Trapers1 added x1 Netherite ingot in auction for 50000.
[16:34:19] > younglion1224 buy x1 Netherite ingot to Trapers1 for $50,000.
[16:34:25] > Trapers1 added x1 Netherite ingot in auction for 50000.
[16:34:33] > sinigang_nababoy buy x1 Netherite ingot to Trapers1 for $50,000.
[16:34:36] > ravencabansay remove x2 Netherite ingot from buy
[16:34:40] > Trapers1 added x2 Netherite ingot in auction for 100000.
[16:34:47] > ravencabansay added x2 Netherite ingot in auction for 100000.
[16:34:52] > Trapers1 added x2 Netherite ingot in auction for 100000.
[16:35:00] > Trapers1 remove x2 Netherite ingot form storage
[16:35:00] > Trapers1 remove x2 Netherite ingot form storage
[16:35:09] > Trapers1 added x2 Netherite ingot in auction for 50000.
[16:35:13] > sinigang_nababoy buy x2 Netherite ingot to Trapers1 for $50,000.
[16:35:21] > Trapers1 added x2 Netherite ingot in auction for 50000.
[16:35:23] > Broodie buy x2 Netherite ingot to Trapers1 for $50,000.
[16:35:34] > Trapers1 added x2 Netherite ingot in auction for 50000.
[16:35:35] > ravencabansay remove x2 Netherite ingot from storage
[16:35:37] > sinigang_nababoy buy x2 Netherite ingot to Trapers1 for $50,000.
[16:35:42] > ravencabansay added x2 Netherite ingot in auction for 50000.
[16:35:44] > sinigang_nababoy buy x2 Netherite ingot to ravencabansay for $50,000.
[16:35:46] > Trapers1 added x2 Netherite ingot in auction for 50000.
[16:35:48] > sinigang_nababoy buy x2 Netherite ingot to Trapers1 for $50,000.
[16:35:56] > Trapers1 added x2 Netherite ingot in auction for 50000.
[16:35:59] > sinigang_nababoy buy x2 Netherite ingot to Trapers1 for $50,000.
[16:36:07] > Trapers1 added x2 Netherite ingot in auction for 50000.
[16:36:57] > younglion1224 remove x1 Netherite ingot from buy
[16:36:58] > McWhopper added x1 Shulker box in auction for 200000.
[16:37:10] > Trapers1 added x2 Netherite ingot in auction for 50000.
[16:37:14] > younglion1224 added x1 Netherite ingot in auction for 100000.
[16:37:23] > Trapers1 added x2 Netherite ingot in auction for 50000.
[16:38:21] > sinigang_nababoy remove x1 Netherite ingot from buy
[16:38:22] > sinigang_nababoy remove x2 Netherite ingot from buy
[16:38:22] > sinigang_nababoy remove x2 Netherite ingot from buy
[16:38:22] > sinigang_nababoy remove x2 Netherite ingot from buy
[16:38:23] > sinigang_nababoy remove x2 Netherite ingot from buy
[16:38:23] > sinigang_nababoy remove x2 Netherite ingot from buy
[16:38:37] > sinigang_nababoy added x11 Netherite ingot in auction for 1100000.
[16:38:43] > sinigang_nababoy buy x2 Netherite ingot to Trapers1 for $50,000.
[16:38:46] > sinigang_nababoy buy x2 Netherite ingot to Trapers1 for $50,000.
[16:38:48] > sinigang_nababoy buy x2 Netherite ingot to Trapers1 for $50,000.
[16:39:10] > ravencabansay buy x1 §x§F§F§7§C§0§0§lSteamsparks Wings to EXEZUNO for $850,000.
[16:39:16] > ravencabansay remove x1 §x§F§F§7§C§0§0§lSteamsparks Wings from buy
[16:39:27] > sinigang_nababoy remove x2 Netherite ingot from buy
[16:39:28] > sinigang_nababoy remove x2 Netherite ingot from buy
[16:39:28] > sinigang_nababoy remove x2 Netherite ingot from buy
[16:39:37] > sinigang_nababoy added x6 Netherite ingot in auction for 500000.
[16:40:03] > ravencabansay added x1 §x§F§F§7§C§0§0§lSteamsparks Wings in auction for 1000000.
[16:40:47] > McWhopper remove x1 Shulker box from storage
[16:41:11] > McWhopper added x1 Shulker box in auction for 250000.
[16:41:31] > Trapers1 added x2 Netherite ingot in auction for 50000.
[16:41:34] > JinSoul15 buy x2 Netherite ingot to Trapers1 for $50,000.
[16:41:41] > Trapers1 added x2 Netherite ingot in auction for 50000.
[16:41:47] > JinSoul15 buy x2 Netherite ingot to Trapers1 for $50,000.
[16:41:53] > Trapers1 added x2 Netherite ingot in auction for 50000.
[16:41:58] > JinSoul15 buy x2 Netherite ingot to Trapers1 for $50,000.
[16:42:08] > McWhopper added x64 Firework rocket in auction for 10000.
[16:42:18] > Trapers1 added x2 Netherite ingot in auction for 50000.
[16:42:19] > McWhopper added x64 Firework rocket in auction for 10000.
[16:42:22] > JinSoul15 remove x2 Netherite ingot from buy
[16:42:22] > JinSoul15 remove x2 Netherite ingot from buy
[16:42:22] > JinSoul15 remove x2 Netherite ingot from buy
[16:42:28] > younglion1224 buy x64 Firework rocket to McWhopper for $10,000.
[16:42:30] > younglion1224 buy x64 Firework rocket to McWhopper for $10,000.
[16:42:39] > younglion1224 buy x2 Netherite ingot to Trapers1 for $50,000.
[16:42:39] > McWhopper added x64 Firework rocket in auction for 10000.
[16:42:42] > JinSoul15 added x2 Ancient debris in auction for 15000.
[16:42:44] > younglion1224 remove x64 Firework rocket form buy
[16:42:44] > younglion1224 remove x2 Netherite ingot form buy
[16:42:44] > younglion1224 remove x64 Firework rocket form buy
[16:42:44] > Broodie buy x2 Ancient debris to JinSoul15 for $15,000.
[16:42:48] > Trapers1 added x2 Netherite ingot in auction for 50000.
[16:42:50] > McWhopper added x64 Firework rocket in auction for 10000.
[16:42:50] > sinigang_nababoy buy x2 Netherite ingot to Trapers1 for $50,000.
[16:42:53] > imnectarfr buy x64 Firework rocket to McWhopper for $10,000.
[16:42:58] > Trapers1 added x2 Netherite ingot in auction for 50000.
[16:42:59] > imnectarfr remove x64 Firework rocket from buy
[16:43:00] > younglion1224 added x64 Firework rocket in auction for 50000.
[16:43:00] > JinSoul15 buy x2 Netherite ingot to Trapers1 for $50,000.
[16:43:14] > Trapers1 added x2 Netherite ingot in auction for 50000.
[16:43:17] > sinigang_nababoy buy x2 Netherite ingot to Trapers1 for $50,000.
[16:43:25] > Trapers1 added x2 Netherite ingot in auction for 50000.
[16:43:38] > Trapers1 added x2 Netherite ingot in auction for 50000.
[16:43:40] > younglion1224 added x64 Firework rocket in auction for 50000.
[16:43:52] > JinSoul15 remove x2 Netherite ingot from buy
[16:43:52] > Trapers1 added x2 Netherite ingot in auction for 50000.
[16:44:04] > Trapers1 added x2 Netherite ingot in auction for 50000.
[16:44:19] > Trapers1 added x2 Netherite ingot in auction for 50000.
[16:44:23] > sinigang_nababoy buy x2 Netherite ingot to Trapers1 for $50,000.
[16:44:25] > sinigang_nababoy buy x2 Netherite ingot to Trapers1 for $50,000.
[16:44:26] > sinigang_nababoy buy x2 Netherite ingot to Trapers1 for $50,000.
[16:44:28] > sinigang_nababoy buy x2 Netherite ingot to Trapers1 for $50,000.
[16:44:29] > sinigang_nababoy buy x2 Netherite ingot to Trapers1 for $50,000.
[16:44:33] > imnectarfr buy x64 Firework rocket to McWhopper for $10,000.
[16:44:34] > sinigang_nababoy remove x11 Netherite ingot from storage
[16:44:37] > sinigang_nababoy remove x6 Netherite ingot from storage
[16:44:37] > imnectarfr buy x64 Firework rocket to younglion1224 for $50,000.
[16:44:41] > imnectarfr buy x64 Firework rocket to younglion1224 for $50,000.
[16:44:42] > sinigang_nababoy remove x6 Netherite ingot from expire
[16:44:43] > sinigang_nababoy remove x11 Netherite ingot from expire
[16:44:45] > imnectarfr remove x57 Firework rocket from buy
[16:44:45] > imnectarfr remove x57 Firework rocket from buy
[16:44:46] > imnectarfr remove x57 Firework rocket from buy
[16:44:47] > sinigang_nababoy remove x2 Netherite ingot from buy
[16:44:47] > sinigang_nababoy remove x2 Netherite ingot from buy
[16:44:47] > sinigang_nababoy remove x2 Netherite ingot from buy
[16:44:47] > sinigang_nababoy remove x2 Netherite ingot from buy
[16:44:48] > sinigang_nababoy remove x2 Netherite ingot from buy
[16:44:48] > sinigang_nababoy remove x2 Netherite ingot from buy
[16:44:49] > sinigang_nababoy remove x2 Netherite ingot from buy
[16:45:09] > Trapers1 added x2 Netherite ingot in auction for 50000.
[16:45:35] > McWhopper added x48 Firework rocket in auction for 10.
[16:45:39] > sinigang_nababoy buy x48 Firework rocket to McWhopper for $10.
[16:45:45] > sinigang_nababoy remove x48 Firework rocket from buy
[16:45:48] > McWhopper added x64 Firework rocket in auction for 10000.
[16:45:54] > EXEZUNO added x9 Netherite ingot in auction for 550000.
[16:45:54] > imnectarfr buy x64 Firework rocket to McWhopper for $10,000.
[16:45:56] > sinigang_nababoy added x48 Firework rocket in auction for 5000.
[16:45:59] > McWhopper added x64 Firework rocket in auction for 10000.
[16:46:02] > imnectarfr buy x48 Firework rocket to sinigang_nababoy for $5,000.
[16:46:06] > imnectarfr remove x48 Firework rocket from buy
[16:46:07] > imnectarfr remove x32 Firework rocket from buy
[16:46:41] > sinigang_nababoy buy x1 Diamond axe to dejuugarr for $10.
[16:47:35] > tic_sz added x1 §f§l§x§C§6§D§E§F§1B§x§B§3§D§4§E§Eo§x§A§1§C§A§E§Bo§x§8§E§C§0§E§8s§x§7§C§B§6§E§4t§x§6§9§A§C§E§1e§x§5§7§A§2§D§Er§x§4§4§9§8§D§B §x§5§7§A§2§D§EP§x§6§9§A§C§E§1i§x§7§C§B§6§E§4c§x§8§E§C§0§E§8k§x§A§1§C§A§E§Ba§x§B§3§D§4§E§Ex§x§C§6§D§E§F§1e in auction for 10.
[16:47:38] > Broodie buy x1 §f§l§x§C§6§D§E§F§1B§x§B§3§D§4§E§Eo§x§A§1§C§A§E§Bo§x§8§E§C§0§E§8s§x§7§C§B§6§E§4t§x§6§9§A§C§E§1e§x§5§7§A§2§D§Er§x§4§4§9§8§D§B §x§5§7§A§2§D§EP§x§6§9§A§C§E§1i§x§7§C§B§6§E§4c§x§8§E§C§0§E§8k§x§A§1§C§A§E§Ba§x§B§3§D§4§E§Ex§x§C§6§D§E§F§1e to tic_sz for $10.
[16:47:45] > EXEZUNO added x1 §f§l§x§E§4§3§A§3§AM§x§D§3§4§B§3§Ae§x§C§2§5§C§3§Ar§x§B§2§6§D§3§9r§x§A§1§7§E§3§9y§x§9§0§9§0§3§9 §x§7§F§A§1§3§9C§x§6§F§B§2§3§8h§x§5§E§C§3§3§8r§x§4§D§D§4§3§8i§x§5§E§C§3§3§8s§x§6§F§B§2§3§8t§x§7§F§A§1§3§9m§x§9§0§9§0§3§9a§x§A§1§7§E§3§9s§x§B§2§6§D§3§9 §x§C§2§5§C§3§AA§x§D§3§4§B§3§Ax§x§E§4§3§A§3§Ae in auction for 360000.
[16:48:34] > ravencabansay remove x1 §x§F§F§7§C§0§0§lSteamsparks Wings from storage
[16:48:43] > mumbowe777 buy x1 Shulker box to McWhopper for $250,000.
[16:49:03] > mumbowe777 remove x1 Shulker box from buy
[16:49:10] > younglion1224 added x2 Netherite ingot in auction for 500000.
[16:50:01] > sinigang_nababoy added x31 Netherite ingot in auction for 2100000.
[16:51:27] > EXEZUNO added x1 Netherite leggings in auction for 400000.
[16:52:19] > EXEZUNO added x1 Netherite helmet in auction for 410000.
[16:52:45] > EXEZUNO added x1 Netherite boots in auction for 415000.
[16:52:46] > Trapers1 added x2 Netherite ingot in auction for 50000.
[16:52:57] > Trapers1 added x2 Netherite ingot in auction for 50000.
[16:58:21] > Broodie remove x1 §f§l§x§C§6§D§E§F§1B§x§B§3§D§4§E§Eo§x§A§1§C§A§E§Bo§x§8§E§C§0§E§8s§x§7§C§B§6§E§4t§x§6§9§A§C§E§1e§x§5§7§A§2§D§Er§x§4§4§9§8§D§B §x§5§7§A§2§D§EP§x§6§9§A§C§E§1i§x§7§C§B§6§E§4c§x§8§E§C§0§E§8k§x§A§1§C§A§E§Ba§x§B§3§D§4§E§Ex§x§C§6§D§E§F§1e from buy
[17:00:46] > Broodie remove x3 Ominous trial key from buy
[17:01:51] > tic_sz added x56 Breeze rod in auction for 10.
[17:01:57] > Broodie buy x56 Breeze rod to tic_sz for $10.
[17:03:57] > sinigang_nababoy remove x1 Shine Oni Sickle from buy
[17:04:04] > sinigang_nababoy remove x1 Diamond axe from buy
[17:04:52] > Fogstrap remove x1 §x§F§F§5§5§0§0§lsᴇʟʟᴡᴀɴᴅ §6- 5.0x from buy
[17:04:52] > Fogstrap remove x1 §x§F§F§5§5§0§0§lsᴇʟʟᴡᴀɴᴅ §6- 5.0x from buy
[17:04:53] > Fogstrap remove x1 §x§F§F§5§5§0§0§lsᴇʟʟᴡᴀɴᴅ §6- 5.0x from buy
[17:05:38] > ravencabansay remove x1 §x§E§5§1§B§1§B§lDracula Staff from buy
[17:05:45] > ravencabansay added x1 §x§E§5§1§B§1§B§lDracula Staff in auction for 10.
[17:05:51] > Broodie buy x1 §x§E§5§1§B§1§B§lDracula Staff to ravencabansay for $10.
[17:06:58] > Fogstrap remove x11 §x§F§C§D§0§5§C§lB§x§E§6§D§3§6§B§la§x§C§F§D§5§7§A§ls§x§B§9§D§8§8§9§li§x§A§2§D§A§9§8§lc §x§7§5§D§F§B§6§lC§x§5§F§E§2§C§5§lr§x§7§5§D§F§B§6§la§x§8§C§D§D§A§7§lt§x§A§2§D§A§9§8§le §x§C§F§D§5§7§A§lK§x§E§6§D§3§6§B§le§x§F§C§D§0§5§C§ly from buy
[17:09:01] > sinigang_nababoy buy x2 Netherite ingot to Trapers1 for $50,000.
[17:09:02] > sinigang_nababoy buy x2 Netherite ingot to Trapers1 for $50,000.
[17:09:04] > sinigang_nababoy buy x2 Netherite ingot to Trapers1 for $50,000.
[17:09:31] > tic_sz added x1 Shulker box in auction for 200000000.
[17:11:30] > sinigang_nababoy remove x2 Netherite ingot from buy
[17:11:30] > sinigang_nababoy remove x2 Netherite ingot from buy
[17:11:31] > sinigang_nababoy remove x2 Netherite ingot from buy
[17:11:35] > sinigang_nababoy remove x31 Netherite ingot from storage
[17:11:41] > sinigang_nababoy remove x31 Netherite ingot from expire
[17:11:55] > sinigang_nababoy added x37 Netherite ingot in auction for 2300000.
[17:13:05] > tic_sz remove x1 Shulker box from storage
[17:13:08] > tic_sz remove x1 Shulker box from expire
[17:14:15] > tic_sz added x1 §fShogun Axe in auction for 10.
[17:14:19] > Broodie buy x1 §fShogun Axe to tic_sz for $10.
[17:14:55] > tic_sz added x1 §x§5§9§A§1§D§9§lA§x§6§E§A§D§D§Er§x§8§3§B§9§E§3c§x§9§7§C§4§E§7h§x§A§C§D§0§E§Ca§x§C§1§D§C§F§1n§x§D§6§E§8§F§6g§x§E§A§F§3§F§Ae§fl §x§D§0§E§4§F§4H§x§B§8§D§7§E§Fa§x§A§0§C§9§E§9m§x§8§8§B§C§E§4m§x§7§1§A§E§D§Ee§x§5§9§A§1§D§9r in auction for 6767.
[17:14:59] > Broodie buy x1 §x§5§9§A§1§D§9§lA§x§6§E§A§D§D§Er§x§8§3§B§9§E§3c§x§9§7§C§4§E§7h§x§A§C§D§0§E§Ca§x§C§1§D§C§F§1n§x§D§6§E§8§F§6g§x§E§A§F§3§F§Ae§fl §x§D§0§E§4§F§4H§x§B§8§D§7§E§Fa§x§A§0§C§9§E§9m§x§8§8§B§C§E§4m§x§7§1§A§E§D§Ee§x§5§9§A§1§D§9r to tic_sz for $6,767.
[17:15:22] > tic_sz added x64 Wither skeleton skull in auction for 10.
[17:15:25] > Broodie buy x64 Wither skeleton skull to tic_sz for $10.
[17:15:39] > tic_sz added x7 Observer in auction for 10.
[17:15:42] > Broodie buy x7 Observer to tic_sz for $10.
[17:16:10] > Trapers1 added x1 §f§l§x§8§A§0§0§F§FS§x§9§7§0§0§D§Fh§x§A§4§0§0§B§Fi§x§B§1§0§0§9§Fn§x§B§F§0§0§8§0e§x§C§C§0§0§6§0 §x§D§9§0§0§4§0O§x§E§6§0§0§2§0n§x§F§3§0§0§0§0i§x§E§6§0§0§2§0 §x§D§9§0§0§4§0P§x§C§C§0§0§6§0i§x§B§F§0§0§8§0c§x§B§1§0§0§9§Fk§x§A§4§0§0§B§Fa§x§9§7§0§0§D§Fx§x§8§A§0§0§F§Fe in auction for 2000000.
[17:16:21] > Trapers1 remove x1 §f§l§x§8§A§0§0§F§FS§x§9§7§0§0§D§Fh§x§A§4§0§0§B§Fi§x§B§1§0§0§9§Fn§x§B§F§0§0§8§0e§x§C§C§0§0§6§0 §x§D§9§0§0§4§0O§x§E§6§0§0§2§0n§x§F§3§0§0§0§0i§x§E§6§0§0§2§0 §x§D§9§0§0§4§0P§x§C§C§0§0§6§0i§x§B§F§0§0§8§0c§x§B§1§0§0§9§Fk§x§A§4§0§0§B§Fa§x§9§7§0§0§D§Fx§x§8§A§0§0§F§Fe form storage
[17:16:36] > Trapers1 added x1 §f§l§x§8§A§0§0§F§FS§x§9§7§0§0§D§Fh§x§A§4§0§0§B§Fi§x§B§1§0§0§9§Fn§x§B§F§0§0§8§0e§x§C§C§0§0§6§0 §x§D§9§0§0§4§0O§x§E§6§0§0§2§0n§x§F§3§0§0§0§0i§x§E§6§0§0§2§0 §x§D§9§0§0§4§0P§x§C§C§0§0§6§0i§x§B§F§0§0§8§0c§x§B§1§0§0§9§Fk§x§A§4§0§0§B§Fa§x§9§7§0§0§D§Fx§x§8§A§0§0§F§Fe in auction for 3500000.
[17:17:29] > tic_sz added x1 §bEntropy Crystal §8(§310,000§8) in auction for 10.
[17:17:32] > Broodie buy x1 §bEntropy Crystal §8(§310,000§8) to tic_sz for $10.
[17:18:36] > tic_sz added x1 Diamond chestplate in auction for 10.
[17:18:48] > Broodie buy x1 Diamond chestplate to tic_sz for $10.
[17:18:50] > tic_sz added x1 Diamond boots in auction for 10.
[17:18:53] > Broodie buy x1 Diamond boots to tic_sz for $10.
[17:21:01] > imnectarfr buy x1 Netherite helmet to EXEZUNO for $410,000.
[17:21:04] > imnectarfr remove x1 Netherite helmet from buy
[17:22:25] > tic_sz added x32 Dragon breath in auction for 10.
[17:22:29] > Trapers1 buy x32 Dragon breath to tic_sz for $10.
[17:22:38] > tic_sz added x32 Dragon breath in auction for 10.
[17:22:40] > Broodie buy x32 Dragon breath to tic_sz for $10.
[17:23:00] > scarlettti buy x64 Firework rocket to McWhopper for $10,000.
[17:23:22] > imnectarfr added x1 Netherite helmet in auction for 10.
[17:23:24] > Broodie buy x1 Netherite helmet to imnectarfr for $10.
[17:23:26] > scarlettti remove x55 Firework rocket from buy
[17:23:26] > scarlettti remove x1 Enchanted book from buy
[17:23:46] > tic_sz added x1 Iron pickaxe in auction for 10.
[17:23:49] > Broodie buy x1 Iron pickaxe to tic_sz for $10.
[17:24:00] > tic_sz added x1 §x§E§5§1§B§1§B§lDracula Chestplate in auction for 1000.
[17:24:03] > Broodie buy x1 §x§E§5§1§B§1§B§lDracula Chestplate to tic_sz for $1,000.
[17:24:49] > ryise remove x1 Bow form storage
[17:25:00] > ryise added x1 Bow in auction for 200000.
[17:28:20] > Ryzxc added x1 §f§l§8B§x§6§2§6§2§6§2a§x§6§F§6§F§6§Fh§x§7§C§7§C§7§Ca§x§8§9§8§9§8§9m§x§9§6§9§6§9§6u§x§A§3§A§3§A§3t §x§9§6§9§6§9§6S§x§8§9§8§9§8§9h§x§7§C§7§C§7§Ci§x§6§F§6§F§6§Fe§x§6§2§6§2§6§2l§8d in auction for 1500000.
[17:28:28] > Ryzxc remove x1 §f§l§8B§x§6§2§6§2§6§2a§x§6§F§6§F§6§Fh§x§7§C§7§C§7§Ca§x§8§9§8§9§8§9m§x§9§6§9§6§9§6u§x§A§3§A§3§A§3t §x§9§6§9§6§9§6S§x§8§9§8§9§8§9h§x§7§C§7§C§7§Ci§x§6§F§6§F§6§Fe§x§6§2§6§2§6§2l§8d from storage
[17:28:33] > Ryzxc added x1 §f§l§8B§x§6§2§6§2§6§2a§x§6§F§6§F§6§Fh§x§7§C§7§C§7§Ca§x§8§9§8§9§8§9m§x§9§6§9§6§9§6u§x§A§3§A§3§A§3t §x§9§6§9§6§9§6S§x§8§9§8§9§8§9h§x§7§C§7§C§7§Ci§x§6§F§6§F§6§Fe§x§6§2§6§2§6§2l§8d in auction for 150000.
[17:28:36] > sinigang_nababoy buy x1 §f§l§8B§x§6§2§6§2§6§2a§x§6§F§6§F§6§Fh§x§7§C§7§C§7§Ca§x§8§9§8§9§8§9m§x§9§6§9§6§9§6u§x§A§3§A§3§A§3t §x§9§6§9§6§9§6S§x§8§9§8§9§8§9h§x§7§C§7§C§7§Ci§x§6§F§6§F§6§Fe§x§6§2§6§2§6§2l§8d to Ryzxc for $150,000.
[17:30:08] > sinigang_nababoy remove x1 §f§l§8B§x§6§2§6§2§6§2a§x§6§F§6§F§6§Fh§x§7§C§7§C§7§Ca§x§8§9§8§9§8§9m§x§9§6§9§6§9§6u§x§A§3§A§3§A§3t §x§9§6§9§6§9§6S§x§8§9§8§9§8§9h§x§7§C§7§C§7§Ci§x§6§F§6§F§6§Fe§x§6§2§6§2§6§2l§8d from buy
[17:31:19] > sinigang_nababoy added x1 §f§l§8B§x§6§2§6§2§6§2a§x§6§F§6§F§6§Fh§x§7§C§7§C§7§Ca§x§8§9§8§9§8§9m§x§9§6§9§6§9§6u§x§A§3§A§3§A§3t §x§9§6§9§6§9§6S§x§8§9§8§9§8§9h§x§7§C§7§C§7§Ci§x§6§F§6§F§6§Fe§x§6§2§6§2§6§2l§8d in auction for 242424242424.
[17:33:09] > Broodie remove x1 §x§5§9§A§1§D§9§lA§x§6§E§A§D§D§Er§x§8§3§B§9§E§3c§x§9§7§C§4§E§7h§x§A§C§D§0§E§Ca§x§C§1§D§C§F§1n§x§D§6§E§8§F§6g§x§E§A§F§3§F§Ae§fl §x§D§0§E§4§F§4H§x§B§8§D§7§E§Fa§x§A§0§C§9§E§9m§x§8§8§B§C§E§4m§x§7§1§A§E§D§Ee§x§5§9§A§1§D§9r from buy
[17:34:56] > Broodie remove x1 §fShogun Axe from buy
[17:35:43] > imnectarfr added x1 DRAGON SLAYER in auction for 10.
[17:35:47] > JinSoul15 buy x1 DRAGON SLAYER to imnectarfr for $10.
[17:35:55] > imnectarfr added x1 §x§F§F§3§E§0§0§lD§x§F§F§3§6§0§0§le§x§F§F§2§F§0§0§lm§x§F§F§2§7§0§0§lo§x§F§F§1§F§0§0§ln §x§F§F§1§0§0§0§lL§x§F§F§0§8§0§0§lo§x§F§F§0§0§0§0§lr§x§F§F§0§8§0§0§ld §x§F§F§1§7§0§0§lS§x§F§F§1§F§0§0§lh§x§F§F§2§7§0§0§li§x§F§F§2§F§0§0§le§x§F§F§3§6§0§0§ll§x§F§F§3§E§0§0§ld in auction for 10.
[17:35:59] > McWhopper buy x1 §x§F§F§3§E§0§0§lD§x§F§F§3§6§0§0§le§x§F§F§2§F§0§0§lm§x§F§F§2§7§0§0§lo§x§F§F§1§F§0§0§ln §x§F§F§1§0§0§0§lL§x§F§F§0§8§0§0§lo§x§F§F§0§0§0§0§lr§x§F§F§0§8§0§0§ld §x§F§F§1§7§0§0§lS§x§F§F§1§F§0§0§lh§x§F§F§2§7§0§0§li§x§F§F§2§F§0§0§le§x§F§F§3§6§0§0§ll§x§F§F§3§E§0§0§ld to imnectarfr for $10.
[17:36:06] > JinSoul15 remove x1 DRAGON SLAYER from buy
[17:36:15] > JinSoul15 added x1 DRAGON SLAYER in auction for 50000.
[17:36:17] > Broodie buy x1 DRAGON SLAYER to JinSoul15 for $50,000.
[17:37:17] > Broodie remove x1 DRAGON SLAYER from buy
[17:39:24] > Trapers1 added x1 §x§F§F§5§5§0§0§lsᴇʟʟᴡᴀɴᴅ §6- 5.0x in auction for 380000.
[17:39:40] > Trapers1 remove x1 §x§F§F§5§5§0§0§lsᴇʟʟᴡᴀɴᴅ §6- 5.0x form storage
[17:39:40] > Trapers1 remove x1 §f§l§x§8§A§0§0§F§FS§x§9§7§0§0§D§Fh§x§A§4§0§0§B§Fi§x§B§1§0§0§9§Fn§x§B§F§0§0§8§0e§x§C§C§0§0§6§0 §x§D§9§0§0§4§0O§x§E§6§0§0§2§0n§x§F§3§0§0§0§0i§x§E§6§0§0§2§0 §x§D§9§0§0§4§0P§x§C§C§0§0§6§0i§x§B§F§0§0§8§0c§x§B§1§0§0§9§Fk§x§A§4§0§0§B§Fa§x§9§7§0§0§D§Fx§x§8§A§0§0§F§Fe form storage
[17:39:44] > ravencabansay added x1 §x§F§F§5§5§0§0§lsᴇʟʟᴡᴀɴᴅ §6- 5.0x in auction for 200000.
[17:39:46] > Fogstrap buy x1 §x§F§F§5§5§0§0§lsᴇʟʟᴡᴀɴᴅ §6- 5.0x to ravencabansay for $200,000.
[17:39:50] > Trapers1 added x1 §x§F§F§5§5§0§0§lsᴇʟʟᴡᴀɴᴅ §6- 5.0x in auction for 300000.
[17:39:53] > Fogstrap buy x1 §x§F§F§5§5§0§0§lsᴇʟʟᴡᴀɴᴅ §6- 5.0x to Trapers1 for $300,000.
[17:40:02] > Trapers1 added x1 §f§l§x§8§A§0§0§F§FS§x§9§7§0§0§D§Fh§x§A§4§0§0§B§Fi§x§B§1§0§0§9§Fn§x§B§F§0§0§8§0e§x§C§C§0§0§6§0 §x§D§9§0§0§4§0O§x§E§6§0§0§2§0n§x§F§3§0§0§0§0i§x§E§6§0§0§2§0 §x§D§9§0§0§4§0P§x§C§C§0§0§6§0i§x§B§F§0§0§8§0c§x§B§1§0§0§9§Fk§x§A§4§0§0§B§Fa§x§9§7§0§0§D§Fx§x§8§A§0§0§F§Fe in auction for 3500000.
[17:40:05] > Kenamin remove x1 §f§l§x§8§A§0§0§F§FS§x§9§C§0§0§D§5h§x§A§D§0§0§A§Ai§x§B§F§0§0§8§0n§x§D§0§0§0§5§5e§x§E§2§0§0§2§B §x§F§3§0§0§0§0O§x§E§2§0§0§2§An§x§D§0§0§0§5§5i§x§B§F§0§0§8§0 §x§A§D§0§0§A§AH§x§9§C§0§0§D§5o§x§8§A§0§0§F§Fe from storage
[17:40:09] > bqnnyy added x1 §x§F§F§3§E§0§0§lSellwand Voucher in auction for 1000000.
[17:40:49] > Fogstrap remove x1 §x§F§F§5§5§0§0§lsᴇʟʟᴡᴀɴᴅ §6- 5.0x from buy
[17:40:50] > Fogstrap remove x1 §x§F§F§5§5§0§0§lsᴇʟʟᴡᴀɴᴅ §6- 5.0x from buy
[17:41:01] > McWhopper added x1 §x§F§F§5§5§0§0§lsᴇʟʟᴡᴀɴᴅ §6- 5.0x in auction for 300000.
[17:41:06] > Fogstrap buy x1 §x§F§F§5§5§0§0§lsᴇʟʟᴡᴀɴᴅ §6- 5.0x to McWhopper for $300,000.
[17:41:14] > Fogstrap remove x1 §x§F§F§5§5§0§0§lsᴇʟʟᴡᴀɴᴅ §6- 5.0x from buy
[17:43:01] > sinigang_nababoy remove x37 Netherite ingot from storage
[17:43:07] > sinigang_nababoy remove x37 Netherite ingot from expire
[17:43:59] > sinigang_nababoy added x2 Netherite ingot in auction for 80000.
[17:44:07] > Anc_Kyoto buy x2 Netherite ingot to sinigang_nababoy for $80,000.
[17:44:17] > sinigang_nababoy added x2 Netherite ingot in auction for 80000.
[17:44:21] > imnectarfr added x1 §fStrider Plushie §6(#86/101) in auction for 10.
[17:44:22] > Broodie added x1 §f§l§8B§x§6§1§6§1§6§1a§x§6§D§6§D§6§Dh§x§7§9§7§9§7§9a§x§8§6§8§6§8§6m§x§9§2§9§2§9§2u§x§9§E§9§E§9§Et§7 §x§9§E§9§E§9§EH§x§9§2§9§2§9§2a§x§8§6§8§6§8§6l§x§7§9§7§9§7§9b§x§6§D§6§D§6§De§x§6§1§6§1§6§1r§8d in auction for 300000.
[17:44:25] > Anc_Kyoto buy x2 Netherite ingot to sinigang_nababoy for $80,000.
[17:44:27] > Fogstrap buy x1 §fStrider Plushie §6(#86/101) to imnectarfr for $10.
[17:44:34] > Anc_Kyoto remove x2 Netherite ingot from buy
[17:44:35] > Anc_Kyoto remove x2 Netherite ingot from buy
[17:44:40] > sinigang_nababoy added x2 Netherite ingot in auction for 81000.
[17:45:22] > sinigang_nababoy added x2 Netherite ingot in auction for 80000.
[17:45:36] > JinSoul15 remove x1 Dried ghast from storage
[17:45:39] > sinigang_nababoy added x2 Netherite ingot in auction for 80000.
[17:45:53] > sinigang_nababoy added x2 Netherite ingot in auction for 80000.
[17:45:57] > JinSoul15 added x1 Dried ghast in auction for 50000.
[17:46:04] > imnectarfr buy x1 Dried ghast to JinSoul15 for $50,000.
[17:46:07] > ahzii added x1 §eʙʟᴀᴢᴇ sᴘᴀᴡɴᴇʀ in auction for 2000000.
[17:46:08] > imnectarfr remove x1 Dried ghast from buy
[17:46:21] > sinigang_nababoy remove x1 §f§l§8B§x§6§2§6§2§6§2a§x§6§F§6§F§6§Fh§x§7§C§7§C§7§Ca§x§8§9§8§9§8§9m§x§9§6§9§6§9§6u§x§A§3§A§3§A§3t §x§9§6§9§6§9§6S§x§8§9§8§9§8§9h§x§7§C§7§C§7§Ci§x§6§F§6§F§6§Fe§x§6§2§6§2§6§2l§8d from storage
[17:46:25] > sinigang_nababoy remove x1 §f§l§8B§x§6§2§6§2§6§2a§x§6§F§6§F§6§Fh§x§7§C§7§C§7§Ca§x§8§9§8§9§8§9m§x§9§6§9§6§9§6u§x§A§3§A§3§A§3t §x§9§6§9§6§9§6S§x§8§9§8§9§8§9h§x§7§C§7§C§7§Ci§x§6§F§6§F§6§Fe§x§6§2§6§2§6§2l§8d from expire
[17:47:09] > sinigang_nababoy added x1 §f§l§8B§x§6§2§6§2§6§2a§x§6§F§6§F§6§Fh§x§7§C§7§C§7§Ca§x§8§9§8§9§8§9m§x§9§6§9§6§9§6u§x§A§3§A§3§A§3t §x§9§6§9§6§9§6S§x§8§9§8§9§8§9h§x§7§C§7§C§7§Ci§x§6§F§6§F§6§Fe§x§6§2§6§2§6§2l§8d in auction for 2300000.
[17:47:10] > Anc_Kyoto added x1 gambit in auction for 1500000.
[17:49:04] > imnectarfr added x1 §f§l§x§E§4§3§A§3§AM§x§D§8§4§6§3§Ae§x§C§C§5§3§3§Ar§x§C§0§5§F§3§Ar§x§B§4§6§B§3§9y§x§A§8§7§8§3§9 §x§9§C§8§4§3§9C§x§8§F§9§0§3§9h§x§8§3§9§D§3§9r§x§7§7§A§9§3§9i§x§6§B§B§5§3§8s§x§5§F§C§2§3§8t§x§5§3§C§E§3§8ma§x§5§F§C§2§3§8s§x§6§B§B§5§3§8 §x§7§7§A§9§3§9C§x§8§3§9§D§3§9h§x§8§F§9§0§3§9e§x§9§C§8§4§3§9s§x§A§8§7§8§3§9t§x§B§4§6§B§3§9p§x§C§0§5§F§3§Al§x§C§C§5§3§3§Aa§x§D§8§4§6§3§At§x§E§4§3§A§3§Ae in auction for 300000.
[17:50:10] > Anc_Kyoto added x1 Diamond boots in auction for 1000.
[17:51:03] > EXEZUNO added x1 §x§5§9§A§1§D§9§lA§x§7§1§A§E§D§Er§x§8§8§B§C§E§4c§x§A§0§C§9§E§9h§x§B§8§D§7§E§Fa§x§D§0§E§4§F§4n§x§E§7§F§2§F§Ag§fe§x§E§7§F§2§F§Al §x§B§8§D§7§E§FS§x§A§0§C§9§E§9t§x§8§8§B§C§E§4a§x§7§1§A§E§D§Ef§x§5§9§A§1§D§9f in auction for 800000.
[17:52:06] > JinSoul15 added x1 §f§l§8B§x§6§4§6§4§6§4a§x§7§4§7§4§7§4h§x§8§3§8§3§8§3a§x§9§3§9§3§9§3m§x§A§2§A§2§A§2ut§x§9§3§9§3§9§3 §x§8§3§8§3§8§3M§x§7§4§7§4§7§4a§x§6§4§6§4§6§4c§8e in auction for 1500000.
[17:52:48] > JinSoul15 remove x1 §f§l§8B§x§6§4§6§4§6§4a§x§7§4§7§4§7§4h§x§8§3§8§3§8§3a§x§9§3§9§3§9§3m§x§A§2§A§2§A§2ut§x§9§3§9§3§9§3 §x§8§3§8§3§8§3M§x§7§4§7§4§7§4a§x§6§4§6§4§6§4c§8e from storage
[17:53:21] > EXEZUNO remove x1 Enchanted book from storage
[17:53:33] > EXEZUNO remove x1 §f§l§x§E§4§3§A§3§AM§x§D§3§4§B§3§Ae§x§C§2§5§C§3§Ar§x§B§2§6§D§3§9r§x§A§1§7§E§3§9y§x§9§0§9§0§3§9 §x§7§F§A§1§3§9C§x§6§F§B§2§3§8h§x§5§E§C§3§3§8r§x§4§D§D§4§3§8i§x§5§E§C§3§3§8s§x§6§F§B§2§3§8t§x§7§F§A§1§3§9m§x§9§0§9§0§3§9a§x§A§1§7§E§3§9s§x§B§2§6§D§3§9 §x§C§2§5§C§3§AA§x§D§3§4§B§3§Ax§x§E§4§3§A§3§Ae from storage
[17:53:55] > EXEZUNO added x1 §x§E§E§0§0§0§0§lᴜɴʟɪᴍɪᴛᴇᴅ sᴇʟʟᴡᴀɴᴅ in auction for 2000000.
[17:54:31] > Ayenndevera buy x1 Diamond boots to Anc_Kyoto for $1,000.
[17:54:40] > Crayzixks buy x1 Mace to cart224 for $1,000,000.
[17:57:09] > Trapers1 added x1 Netherite ingot in auction for 10.
[17:57:12] > Broodie buy x1 Netherite ingot to Trapers1 for $10.
[18:00:37] > Anc_Kyoto added x1 §f§l§x§E§4§3§A§3§AM§x§D§5§4§9§3§Ae§x§C§6§5§9§3§Ar§x§B§7§6§8§3§9r§x§A§8§7§8§3§9y§x§9§9§8§7§3§9 §x§8§9§9§6§3§9C§x§7§A§A§6§3§9h§x§6§B§B§5§3§8r§x§5§C§C§5§3§8i§x§4§D§D§4§3§8s§x§5§C§C§5§3§8t§x§6§B§B§5§3§8m§x§7§A§A§6§3§9a§x§8§9§9§6§3§9s§x§9§9§8§7§3§9 §x§A§8§7§8§3§9S§x§B§7§6§8§3§9p§x§C§6§5§9§3§Ae§x§D§5§4§9§3§Aa§x§E§4§3§A§3§Ar in auction for 2000000.
[18:00:47] > McWhopper added x1 §x§F§F§5§5§0§0§lsᴇʟʟᴡᴀɴᴅ §6- 5.0x in auction for 400000.
[18:01:21] > McWhopper remove x1 §x§F§F§5§5§0§0§lsᴇʟʟᴡᴀɴᴅ §6- 5.0x from storage
[18:01:32] > McWhopper added x1 §x§F§F§5§5§0§0§lsᴇʟʟᴡᴀɴᴅ §6- 5.0x in auction for 300000.
[18:01:36] > Fogstrap buy x1 §x§F§F§5§5§0§0§lsᴇʟʟᴡᴀɴᴅ §6- 5.0x to McWhopper for $300,000.
[18:02:56] > KangXing9 added x1 §fFrog Plushie §6(#37/101) in auction for 10000.
[18:03:02] > Broodie buy x1 §fFrog Plushie §6(#37/101) to KangXing9 for $10,000.
[18:03:28] > KangXing9 added x1 Enchanted golden apple in auction for 10000.
[18:03:35] > Anc_Kyoto buy x1 Enchanted golden apple to KangXing9 for $10,000.
[18:03:48] > KangXing9 added x1 Enchanted golden apple in auction for 50000.
[18:03:59] > x1 §x§E§5§1§B§1§B§lDracula Helmet on sale by MakmakJV has just expired, it goes in the inventory of expired items.
[18:04:17] > KangXing9 remove x1 Enchanted golden apple from storage
[18:04:17] > x1 §x§F§F§7§C§0§0§lSteamsparks Helmet on sale by MakmakJV has just expired, it goes in the inventory of expired items.
[18:04:24] > KangXing9 added x1 Enchanted golden apple in auction for 10000.
[18:04:32] > x1 §x§E§5§1§B§1§B§lDracula Blade on sale by MakmakJV has just expired, it goes in the inventory of expired items.
[18:04:53] > x1 §x§F§F§7§C§0§0§lSteamsparks Axe on sale by MakmakJV has just expired, it goes in the inventory of expired items.
[18:07:01] > KangXing9 added x1 §x§5§9§A§1§D§9§lA§x§7§1§A§E§D§Er§x§8§8§B§C§E§4c§x§A§0§C§9§E§9h§x§B§8§D§7§E§Fa§x§D§0§E§4§F§4n§x§E§7§F§2§F§Ag§fe§x§E§7§F§2§F§Al §x§B§8§D§7§E§FW§x§A§0§C§9§E§9i§x§8§8§B§C§E§4n§x§7§1§A§E§D§Eg§x§5§9§A§1§D§9s in auction for 2000000.
[18:07:41] > .Allxnzv added x1 §f§l§x§F§A§0§0§0§AD§x§F§A§1§C§1§5a§x§F§B§3§7§2§0r§x§F§B§5§3§2§Bk§x§F§B§6§F§3§6f§x§F§B§8§B§4§1l§x§F§C§A§6§4§Ca§x§F§C§C§2§5§7me§x§F§C§A§6§4§C §x§F§B§8§B§4§1S§x§F§B§6§F§3§6i§x§F§B§5§3§2§Bc§x§F§B§3§7§2§0k§x§F§A§1§C§1§5l§x§F§A§0§0§0§Ae in auction for 250000.
[18:08:37] > KangXing9 buy x1 Netherite upgrade smithing template to vortexcore for $100,000.
[18:09:51] > x1 §9§lCrab Claw, bought by .VisedSauce5790, has just expired, the item is definitively deleted.
[18:09:53] > KangXing9 remove x1 Netherite upgrade smithing template from buy
[18:13:00] > Broodie remove x64 Wither skeleton skull from buy
[18:13:02] > Broodie remove x7 Observer from buy
[18:29:50] > 8it5inn remove x1 Netherite ingot from buy
[18:29:50] > 8it5inn remove x3 Netherite ingot from buy
[18:29:51] > 8it5inn remove x1 Netherite ingot from buy
[18:29:54] > 8it5inn remove x1 Netherite block from buy
[18:39:16] > Crayzixks added x1 §x§E§5§1§B§1§B§lDracula Spear in auction for 500000.
[18:39:44] > Crayzixks remove x1 §x§E§5§1§B§1§B§lDracula Spear from storage
[18:44:48] > Broodie remove x1 Netherite Ingot 4sale - msg @tic_sz/Sunraku from buy
[18:47:35] > sinigang_nababoy remove x1 §f§l§8B§x§6§2§6§2§6§2a§x§6§F§6§F§6§Fh§x§7§C§7§C§7§Ca§x§8§9§8§9§8§9m§x§9§6§9§6§9§6u§x§A§3§A§3§A§3t §x§9§6§9§6§9§6S§x§8§9§8§9§8§9h§x§7§C§7§C§7§Ci§x§6§F§6§F§6§Fe§x§6§2§6§2§6§2l§8d from storage
[18:47:38] > x1 20x Sell Wand, item of obaffy, has just expired, the item is definitively deleted.
[18:47:38] > x6 §x§F§C§D§0§5§C§lB§x§E§6§D§3§6§B§la§x§C§F§D§5§7§A§ls§x§B§9§D§8§8§9§li§x§A§2§D§A§9§8§lc §x§7§5§D§F§B§6§lC§x§5§F§E§2§C§5§lr§x§7§5§D§F§B§6§la§x§8§C§D§D§A§7§lt§x§A§2§D§A§9§8§le §x§C§F§D§5§7§A§lK§x§E§6§D§3§6§B§le§x§F§C§D§0§5§C§ly, item of Callistrix, has just expired, the item is definitively deleted.
[18:47:40] > sinigang_nababoy remove x1 §f§l§8B§x§6§2§6§2§6§2a§x§6§F§6§F§6§Fh§x§7§C§7§C§7§Ca§x§8§9§8§9§8§9m§x§9§6§9§6§9§6u§x§A§3§A§3§A§3t §x§9§6§9§6§9§6S§x§8§9§8§9§8§9h§x§7§C§7§C§7§Ci§x§6§F§6§F§6§Fe§x§6§2§6§2§6§2l§8d from expire
[18:47:40] > 3xdmge buy x5 Name tag to .Jayveee1943 for $50,000.
[18:47:46] > 3xdmge buy x5 Name tag to .Jayveee1943 for $50,000.
[18:47:50] > 3xdmge remove x5 Name tag from buy
[18:47:50] > sinigang_nababoy added x1 §f§l§8B§x§6§2§6§2§6§2a§x§6§F§6§F§6§Fh§x§7§C§7§C§7§Ca§x§8§9§8§9§8§9m§x§9§6§9§6§9§6u§x§A§3§A§3§A§3t §x§9§6§9§6§9§6S§x§8§9§8§9§8§9h§x§7§C§7§C§7§Ci§x§6§F§6§F§6§Fe§x§6§2§6§2§6§2l§8d in auction for 1600000.
[18:47:50] > 3xdmge remove x5 Name tag from buy
[18:49:28] > 3xdmge added x15 §x§F§C§D§0§5§C§lB§x§E§6§D§3§6§B§la§x§C§F§D§5§7§A§ls§x§B§9§D§8§8§9§li§x§A§2§D§A§9§8§lc §x§7§5§D§F§B§6§lC§x§5§F§E§2§C§5§lr§x§7§5§D§F§B§6§la§x§8§C§D§D§A§7§lt§x§A§2§D§A§9§8§le §x§C§F§D§5§7§A§lK§x§E§6§D§3§6§B§le§x§F§C§D§0§5§C§ly in auction for 350000.
[18:50:29] > sinigang_nababoy remove x2 Netherite ingot from storage
[18:50:33] > sinigang_nababoy remove x2 Netherite ingot from expire
[18:50:41] > sinigang_nababoy added x1 §x§5§9§A§1§D§9§lA§x§7§5§B§1§D§Fr§x§9§0§C§0§E§6c§x§A§C§D§0§E§Ch§x§C§8§E§0§F§2a§x§E§3§E§F§F§9n§fg§x§E§3§E§F§F§9e§x§C§8§E§0§F§2l §x§9§0§C§0§E§6K§x§7§5§B§1§D§Fe§x§5§9§A§1§D§9y in auction for 1500000.
[18:56:09] > sinigang_nababoy remove x1 §x§5§9§A§1§D§9§lA§x§7§5§B§1§D§Fr§x§9§0§C§0§E§6c§x§A§C§D§0§E§Ch§x§C§8§E§0§F§2a§x§E§3§E§F§F§9n§fg§x§E§3§E§F§F§9e§x§C§8§E§0§F§2l §x§9§0§C§0§E§6K§x§7§5§B§1§D§Fe§x§5§9§A§1§D§9y from storage
[18:56:12] > sinigang_nababoy remove x1 §x§5§9§A§1§D§9§lA§x§7§5§B§1§D§Fr§x§9§0§C§0§E§6c§x§A§C§D§0§E§Ch§x§C§8§E§0§F§2a§x§E§3§E§F§F§9n§fg§x§E§3§E§F§F§9e§x§C§8§E§0§F§2l §x§9§0§C§0§E§6K§x§7§5§B§1§D§Fe§x§5§9§A§1§D§9y from expire
[19:00:52] > Apprintance added x1 §f§l§x§F§C§D§0§5§CW§x§F§B§A§D§4§Du§x§F§9§8§B§3§Dk§x§F§8§6§8§2§Eo§x§F§6§4§5§1§Fn§x§F§5§2§3§0§Fg§x§F§3§0§0§0§0 §x§F§5§2§3§0§FH§x§F§6§4§5§1§Fa§x§F§8§6§8§2§Em§x§F§9§8§B§3§Dm§x§F§B§A§D§4§De§x§F§C§D§0§5§Cr in auction for 69696969.
[19:01:48] > Apprintance remove x1 §f§l§x§F§C§D§0§5§CW§x§F§B§A§D§4§Du§x§F§9§8§B§3§Dk§x§F§8§6§8§2§Eo§x§F§6§4§5§1§Fn§x§F§5§2§3§0§Fg§x§F§3§0§0§0§0 §x§F§5§2§3§0§FH§x§F§6§4§5§1§Fa§x§F§8§6§8§2§Em§x§F§9§8§B§3§Dm§x§F§B§A§D§4§De§x§F§C§D§0§5§Cr from storage
[19:04:12] > younglion1224 remove x1 Netherite ingot from storage
[19:16:56] > x64 Experience bottle, bought by HwanYo, has just expired, the item is definitively deleted.
[19:17:07] > zappyduo remove x1 §fWitch Hat from buy
[19:17:09] > KangXing9 buy x2 Netherite ingot to sinigang_nababoy for $80,000.
[19:17:11] > KangXing9 buy x2 Netherite ingot to sinigang_nababoy for $80,000.
[19:17:13] > KangXing9 buy x2 Netherite ingot to sinigang_nababoy for $80,000.
[19:18:44] > Kodakoda buy x1 Netherite boots to EXEZUNO for $415,000.
[19:18:50] > Kodakoda buy x1 Netherite leggings to EXEZUNO for $400,000.
[19:19:12] > Kodakoda remove x1 Netherite boots form buy
[19:19:12] > Kodakoda remove x1 Netherite leggings form buy
[19:46:35] > x1 §x§F§F§7§C§0§0§lSteamsparks Bow on sale by Renzy01 has just expired, it goes in the inventory of expired items.
[19:46:35] > x1 §f§l§8B§x§6§6§6§6§6§6a§x§7§7§7§7§7§7h§x§8§8§8§8§8§8a§x§9§9§9§9§9§9m§7u§x§9§9§9§9§9§9t§x§8§8§8§8§8§8 §x§7§7§7§7§7§7H§x§6§6§6§6§6§6o§8e on sale by Renzy01 has just expired, it goes in the inventory of expired items.
[19:59:46] > x1 SELLWAND AND OTHERS on sale by Blinkrzz has just expired, it goes in the inventory of expired items.
[20:07:23] > bqnnyy remove x1 §x§F§F§3§E§0§0§lSellwand Voucher from storage
[20:33:36] > Panda_Nooba added x1 §f§l§x§E§4§3§A§3§AM§x§D§3§4§B§3§Ae§x§C§2§5§C§3§Ar§x§B§2§6§D§3§9r§x§A§1§7§E§3§9y§x§9§0§9§0§3§9 §x§7§F§A§1§3§9C§x§6§F§B§2§3§8h§x§5§E§C§3§3§8r§x§4§D§D§4§3§8i§x§5§E§C§3§3§8s§x§6§F§B§2§3§8t§x§7§F§A§1§3§9m§x§9§0§9§0§3§9a§x§A§1§7§E§3§9s§x§B§2§6§D§3§9 §x§C§2§5§C§3§AH§x§D§3§4§B§3§Aa§x§E§4§3§A§3§At in auction for 1500000.
[20:35:02] > Panda_Nooba remove x1 §f§l§x§E§4§3§A§3§AM§x§D§3§4§B§3§Ae§x§C§2§5§C§3§Ar§x§B§2§6§D§3§9r§x§A§1§7§E§3§9y§x§9§0§9§0§3§9 §x§7§F§A§1§3§9C§x§6§F§B§2§3§8h§x§5§E§C§3§3§8r§x§4§D§D§4§3§8i§x§5§E§C§3§3§8s§x§6§F§B§2§3§8t§x§7§F§A§1§3§9m§x§9§0§9§0§3§9a§x§A§1§7§E§3§9s§x§B§2§6§D§3§9 §x§C§2§5§C§3§AH§x§D§3§4§B§3§Aa§x§E§4§3§A§3§At from storage
[20:35:13] > Panda_Nooba added x1 §f§l§x§E§4§3§A§3§AM§x§D§3§4§B§3§Ae§x§C§2§5§C§3§Ar§x§B§2§6§D§3§9r§x§A§1§7§E§3§9y§x§9§0§9§0§3§9 §x§7§F§A§1§3§9C§x§6§F§B§2§3§8h§x§5§E§C§3§3§8r§x§4§D§D§4§3§8i§x§5§E§C§3§3§8s§x§6§F§B§2§3§8t§x§7§F§A§1§3§9m§x§9§0§9§0§3§9a§x§A§1§7§E§3§9s§x§B§2§6§D§3§9 §x§C§2§5§C§3§AH§x§D§3§4§B§3§Aa§x§E§4§3§A§3§At in auction for 650000.
[20:39:05] > Anc_Kyoto remove x1 crucible from storage
[20:39:06] > Anc_Kyoto remove x1 gambit from storage
[20:39:15] > Anc_Kyoto added x1 crucible in auction for 1200000.
[20:39:26] > Anc_Kyoto added x1 gambit in auction for 1200000.
[20:49:17] > JinSoul15 added x1 Ominous bottle in auction for 600000.
[20:49:42] > JinSoul15 remove x1 Ominous bottle from storage
[20:50:07] > JinSoul15 added x1 Ominous bottle in auction for 60000.
[20:50:11] > EnderDragon0120 buy x1 Ominous bottle to JinSoul15 for $60,000.
[20:50:21] > EnderDragon0120 remove x1 Ominous bottle from buy
[20:58:19] > Trapers1 remove x1 §f§l§x§8§A§0§0§F§FS§x§9§7§0§0§D§Fh§x§A§4§0§0§B§Fi§x§B§1§0§0§9§Fn§x§B§F§0§0§8§0e§x§C§C§0§0§6§0 §x§D§9§0§0§4§0O§x§E§6§0§0§2§0n§x§F§3§0§0§0§0i§x§E§6§0§0§2§0 §x§D§9§0§0§4§0P§x§C§C§0§0§6§0i§x§B§F§0§0§8§0c§x§B§1§0§0§9§Fk§x§A§4§0§0§B§Fa§x§9§7§0§0§D§Fx§x§8§A§0§0§F§Fe form storage
[20:58:20] > 701 buy x1 Fully Enchanted Wukong Armor Set to Hunter_Sung for $2,500,000.
[20:59:00] > Cooldoggiexd added x1 1m cauldron in auction for 10.
[20:59:04] > EnderDragon0120 buy x1 1m cauldron to Cooldoggiexd for $10.
[20:59:17] > EnderDragon0120 remove x1 1m cauldron from buy
[20:59:55] > x1 Water bucket, item of Wemmbuo, has just expired, the item is definitively deleted.
[20:59:55] > x1 §x§F§F§7§C§0§0§lSteamsparks Bow, item of nachfaust, has just expired, the item is definitively deleted.
[20:59:55] > x1 §f§l§x§F§C§D§0§5§CW§x§F§B§B§6§5§1u§x§F§A§9§C§4§5k§x§F§9§8§2§3§Ao§x§F§8§6§8§2§En§x§F§6§4§E§2§3g§x§F§5§3§4§1§7 §x§F§4§1§A§0§CG§x§F§3§0§0§0§0r§x§F§4§1§A§0§Ce§x§F§5§3§4§1§7a§x§F§6§4§E§2§3t§x§F§8§6§8§2§Es§x§F§9§8§2§3§Aw§x§F§A§9§C§4§5o§x§F§B§B§6§5§1r§x§F§C§D§0§5§Cd, item of cart224, has just expired, the item is definitively deleted.
[20:59:55] > x1 §x§F§F§5§5§0§0§lsᴇʟʟᴡᴀɴᴅ §6- 10.0x, item of ThuyaBalar, has just expired, the item is definitively deleted.
[21:00:22] > JinSoul15 added x1 §f§l§x§E§4§3§A§3§AM§x§D§5§4§9§3§Ae§x§C§6§5§9§3§Ar§x§B§7§6§8§3§9r§x§A§8§7§8§3§9y§x§9§9§8§7§3§9 §x§8§9§9§6§3§9C§x§7§A§A§6§3§9h§x§6§B§B§5§3§8r§x§5§C§C§5§3§8i§x§4§D§D§4§3§8s§x§5§C§C§5§3§8t§x§6§B§B§5§3§8m§x§7§A§A§6§3§9a§x§8§9§9§6§3§9s§x§9§9§8§7§3§9 §x§A§8§7§8§3§9W§x§B§7§6§8§3§9i§x§C§6§5§9§3§An§x§D§5§4§9§3§Ag§x§E§4§3§A§3§As in auction for 6000000.
[21:00:30] > Cooldoggiexd added x1 1m minecart in auction for 10.
[21:00:32] > Trapers1 buy x1 1m minecart to Cooldoggiexd for $10.
[21:01:23] > Broodie remove x1 Netherite helmet from buy
[21:03:04] > 701 remove x1 Fully Enchanted Wukong Armor Set from buy
[21:12:04] > 701 buy x1 gambit to Anc_Kyoto for $1,200,000.
[21:12:10] > 701 remove x1 gambit from buy
[21:23:11] > Edabis remove x1 §x§F§F§3§E§0§0§lSellwand Voucher form storage
[21:23:11] > Edabis remove x1 §x§F§F§3§E§0§0§lSellwand Voucher form storage
[21:23:11] > Edabis remove x1 §x§F§F§3§E§0§0§lSellwand Voucher form storage
[21:23:22] > Edabis added x1 §x§F§F§3§E§0§0§lSellwand Voucher in auction for 1300000.
[21:23:39] > Edabis added x1 §x§F§F§3§E§0§0§lSellwand Voucher in auction for 1300000.
[21:24:11] > Edabis added x1 §x§F§F§3§E§0§0§lSellwand Voucher in auction for 1300000.
[21:24:28] > Edabis added x1 §x§F§F§3§E§0§0§lSellwand Voucher in auction for 1300000.
[21:41:53] > Trapers1 added x1 §x§F§F§7§C§0§0§lSteamsparks Pickaxe in auction for 10.
[21:41:53] > x1 Enchanted book on sale by Zypher_0w0 has just expired, it goes in the inventory of expired items.
[21:41:57] > ReKYee buy x1 §x§F§F§7§C§0§0§lSteamsparks Pickaxe to Trapers1 for $10.
[21:42:31] > x1 Enchanted book, bought by Zaiil, has just expired, the item is definitively deleted.
[21:42:31] > x1 §f§l§8B§x§6§6§6§6§6§6a§x§7§7§7§7§7§7h§x§8§8§8§8§8§8a§x§9§9§9§9§9§9m§7u§x§9§9§9§9§9§9t§x§8§8§8§8§8§8 §x§7§7§7§7§7§7H§x§6§6§6§6§6§6a§8t, bought by Icon_Skully, has just expired, the item is definitively deleted.
[21:42:31] > x1 Enchanted book, bought by Zaiil, has just expired, the item is definitively deleted.
[21:42:32] > ReKYee remove x1 §x§F§F§7§C§0§0§lSteamsparks Pickaxe from buy
[21:42:33] > ReKYee remove x1 §x§F§C§D§0§5§C§lB§x§E§6§D§3§6§B§la§x§C§F§D§5§7§A§ls§x§B§9§D§8§8§9§li§x§A§2§D§A§9§8§lc §x§7§5§D§F§B§6§lC§x§5§F§E§2§C§5§lr§x§7§5§D§F§B§6§la§x§8§C§D§D§A§7§lt§x§A§2§D§A§9§8§le §x§C§F§D§5§7§A§lK§x§E§6§D§3§6§B§le§x§F§C§D§0§5§C§ly from buy
[21:43:36] > Trapers1 added x1 §f§l§x§8§A§0§0§F§FS§x§9§7§0§0§D§Fh§x§A§4§0§0§B§Fi§x§B§1§0§0§9§Fn§x§B§F§0§0§8§0e§x§C§C§0§0§6§0 §x§D§9§0§0§4§0O§x§E§6§0§0§2§0n§x§F§3§0§0§0§0i§x§E§6§0§0§2§0 §x§D§9§0§0§4§0P§x§C§C§0§0§6§0i§x§B§F§0§0§8§0c§x§B§1§0§0§9§Fk§x§A§4§0§0§B§Fa§x§9§7§0§0§D§Fx§x§8§A§0§0§F§Fe in auction for 3000000.
[21:43:48] > NoClarity buy x1 §f§l§x§8§A§0§0§F§FS§x§9§7§0§0§D§Fh§x§A§4§0§0§B§Fi§x§B§1§0§0§9§Fn§x§B§F§0§0§8§0e§x§C§C§0§0§6§0 §x§D§9§0§0§4§0O§x§E§6§0§0§2§0n§x§F§3§0§0§0§0i§x§E§6§0§0§2§0 §x§D§9§0§0§4§0P§x§C§C§0§0§6§0i§x§B§F§0§0§8§0c§x§B§1§0§0§9§Fk§x§A§4§0§0§B§Fa§x§9§7§0§0§D§Fx§x§8§A§0§0§F§Fe to Trapers1 for $3,000,000.
[21:43:57] > NoClarity remove x1 §f§l§x§8§A§0§0§F§FS§x§9§7§0§0§D§Fh§x§A§4§0§0§B§Fi§x§B§1§0§0§9§Fn§x§B§F§0§0§8§0e§x§C§C§0§0§6§0 §x§D§9§0§0§4§0O§x§E§6§0§0§2§0n§x§F§3§0§0§0§0i§x§E§6§0§0§2§0 §x§D§9§0§0§4§0P§x§C§C§0§0§6§0i§x§B§F§0§0§8§0c§x§B§1§0§0§9§Fk§x§A§4§0§0§B§Fa§x§9§7§0§0§D§Fx§x§8§A§0§0§F§Fe from buy
[21:44:42] > x10 §bEntropy Crystal §8(§310,000§8) on sale by king_ARK has just expired, it goes in the inventory of expired items.
[21:44:42] > x10 §bEntropy Crystal §8(§310,000§8) on sale by king_ARK has just expired, it goes in the inventory of expired items.
[21:44:42] > Trapers1 added x1 §f§l§x§F§C§D§0§5§CW§x§F§A§A§A§4§Bu§x§F§9§8§4§3§Bk§x§F§7§5§F§2§Ao§x§F§5§3§9§1§9n§x§F§4§1§3§0§8g §x§F§5§3§9§1§9W§x§F§7§5§F§2§Ai§x§F§9§8§4§3§Bn§x§F§A§A§A§4§Bg§x§F§C§D§0§5§Cs in auction for 2500000.
[21:44:42] > x10 §bEntropy Crystal §8(§310,000§8) on sale by king_ARK has just expired, it goes in the inventory of expired items.
[21:44:42] > x10 §bEntropy Crystal §8(§310,000§8) on sale by king_ARK has just expired, it goes in the inventory of expired items.
[21:44:53] > x10 §bEntropy Crystal §8(§310,000§8) on sale by king_ARK has just expired, it goes in the inventory of expired items.
[21:45:00] > x10 §bEntropy Crystal §8(§310,000§8) on sale by king_ARK has just expired, it goes in the inventory of expired items.
[21:45:13] > x10 §bEntropy Crystal §8(§310,000§8) on sale by king_ARK has just expired, it goes in the inventory of expired items.
[21:45:30] > x10 §bEntropy Crystal §8(§310,000§8) on sale by king_ARK has just expired, it goes in the inventory of expired items.
[21:45:33] > x10 §bEntropy Crystal §8(§310,000§8) on sale by king_ARK has just expired, it goes in the inventory of expired items.
[21:45:33] > Trapers1 remove x1 §f§l§x§F§C§D§0§5§CW§x§F§A§A§A§4§Bu§x§F§9§8§4§3§Bk§x§F§7§5§F§2§Ao§x§F§5§3§9§1§9n§x§F§4§1§3§0§8g §x§F§5§3§9§1§9W§x§F§7§5§F§2§Ai§x§F§9§8§4§3§Bn§x§F§A§A§A§4§Bg§x§F§C§D§0§5§Cs form storage
[21:46:23] > Horheee remove x1 §f§l§x§8§A§0§0§F§FS§x§9§9§0§0§D§Bh§x§A§8§0§0§B§6i§x§B§7§0§0§9§2n§x§C§6§0§0§6§De§x§D§5§0§0§4§9 §x§E§4§0§0§2§4O§x§F§3§0§0§0§0n§x§E§4§0§0§2§4i§x§D§5§0§0§4§9 §x§C§6§0§0§6§DB§x§B§7§0§0§9§2o§x§A§8§0§0§B§6o§x§9§9§0§0§D§Bt§x§8§A§0§0§F§Fs from storage
[21:46:31] > Horheee added x1 §f§l§x§8§A§0§0§F§FS§x§9§9§0§0§D§Bh§x§A§8§0§0§B§6i§x§B§7§0§0§9§2n§x§C§6§0§0§6§De§x§D§5§0§0§4§9 §x§E§4§0§0§2§4O§x§F§3§0§0§0§0n§x§E§4§0§0§2§4i§x§D§5§0§0§4§9 §x§C§6§0§0§6§DB§x§B§7§0§0§9§2o§x§A§8§0§0§B§6o§x§9§9§0§0§D§Bt§x§8§A§0§0§F§Fs in auction for 2000000.
[21:48:13] > Trapers1 added x1 §f§l§x§F§C§D§0§5§CW§x§F§A§A§A§4§Bu§x§F§9§8§4§3§Bk§x§F§7§5§F§2§Ao§x§F§5§3§9§1§9n§x§F§4§1§3§0§8g §x§F§5§3§9§1§9W§x§F§7§5§F§2§Ai§x§F§9§8§4§3§Bn§x§F§A§A§A§4§Bg§x§F§C§D§0§5§Cs in auction for 2000000.
[21:48:28] > Trapers1 added x1 §f§l§x§8§A§0§0§F§FS§x§9§C§0§0§D§5h§x§A§D§0§0§A§Ai§x§B§F§0§0§8§0n§x§D§0§0§0§5§5e§x§E§2§0§0§2§B §x§F§3§0§0§0§0O§x§E§2§0§0§2§An§x§D§0§0§0§5§5i§x§B§F§0§0§8§0 §x§A§D§0§0§A§AB§x§9§C§0§0§D§5o§x§8§A§0§0§F§Fw in auction for 1000000.
[21:49:54] > aroraru buy x1 §x§F§F§7§C§0§0§lSteamsparks Hammer to Horheee for $300,000.
[21:49:58] > x64 Diamond, bought by anneyong, has just expired, the item is definitively deleted.
[21:50:00] > aroraru remove x1 §x§F§F§7§C§0§0§lSteamsparks Hammer from buy
[21:50:01] > aroraru remove x63 Wind charge from buy
[21:53:41] > Trapers1 remove x1 §f§l§x§F§C§D§0§5§CW§x§F§A§A§A§4§Bu§x§F§9§8§4§3§Bk§x§F§7§5§F§2§Ao§x§F§5§3§9§1§9n§x§F§4§1§3§0§8g §x§F§5§3§9§1§9W§x§F§7§5§F§2§Ai§x§F§9§8§4§3§Bn§x§F§A§A§A§4§Bg§x§F§C§D§0§5§Cs form storage
[21:53:41] > Trapers1 remove x1 §f§l§x§8§A§0§0§F§FS§x§9§C§0§0§D§5h§x§A§D§0§0§A§Ai§x§B§F§0§0§8§0n§x§D§0§0§0§5§5e§x§E§2§0§0§2§B §x§F§3§0§0§0§0O§x§E§2§0§0§2§An§x§D§0§0§0§5§5i§x§B§F§0§0§8§0 §x§A§D§0§0§A§AB§x§9§C§0§0§D§5o§x§8§A§0§0§F§Fw form storage
[21:53:45] > aroraru added x64 Wind charge in auction for 64646.
[21:54:21] > Trapers1 buy x1 §f§l§x§E§4§3§A§3§AM§x§D§8§4§6§3§Ae§x§C§C§5§3§3§Ar§x§C§0§5§F§3§Ar§x§B§4§6§B§3§9y§x§A§8§7§8§3§9 §x§9§C§8§4§3§9C§x§8§F§9§0§3§9h§x§8§3§9§D§3§9r§x§7§7§A§9§3§9i§x§6§B§B§5§3§8s§x§5§F§C§2§3§8t§x§5§3§C§E§3§8ma§x§5§F§C§2§3§8s§x§6§B§B§5§3§8 §x§7§7§A§9§3§9C§x§8§3§9§D§3§9h§x§8§F§9§0§3§9e§x§9§C§8§4§3§9s§x§A§8§7§8§3§9t§x§B§4§6§B§3§9p§x§C§0§5§F§3§Al§x§C§C§5§3§3§Aa§x§D§8§4§6§3§At§x§E§4§3§A§3§Ae to imnectarfr for $300,000.
[21:54:29] > Trapers1 remove x1 1m minecart form buy
[21:54:29] > Trapers1 remove x1 §f§l§x§E§4§3§A§3§AM§x§D§8§4§6§3§Ae§x§C§C§5§3§3§Ar§x§C§0§5§F§3§Ar§x§B§4§6§B§3§9y§x§A§8§7§8§3§9 §x§9§C§8§4§3§9C§x§8§F§9§0§3§9h§x§8§3§9§D§3§9r§x§7§7§A§9§3§9i§x§6§B§B§5§3§8s§x§5§F§C§2§3§8t§x§5§3§C§E§3§8ma§x§5§F§C§2§3§8s§x§6§B§B§5§3§8 §x§7§7§A§9§3§9C§x§8§3§9§D§3§9h§x§8§F§9§0§3§9e§x§9§C§8§4§3§9s§x§A§8§7§8§3§9t§x§B§4§6§B§3§9p§x§C§0§5§F§3§Al§x§C§C§5§3§3§Aa§x§D§8§4§6§3§At§x§E§4§3§A§3§Ae form buy
[21:54:29] > Trapers1 remove x32 Dragon breath form buy
[22:19:29] > Horheee buy x20 §x§F§C§9§0§5§C§lE§x§E§6§9§C§6§B§lp§x§C§F§A§7§7§A§li§x§B§9§B§3§8§9§lc §x§8§C§C§B§A§7§lC§x§7§5§D§6§B§6§lr§x§5§F§E§2§C§5§la§x§7§9§D§4§B§4§lt§x§9§3§C§7§A§2§le §x§C§8§A§B§7§F§lK§x§E§2§9§E§6§E§le§x§F§C§9§0§5§C§ly to SEAN4528 for $500,000.
[22:19:44] > Horheee remove x20 §x§F§C§9§0§5§C§lE§x§E§6§9§C§6§B§lp§x§C§F§A§7§7§A§li§x§B§9§B§3§8§9§lc §x§8§C§C§B§A§7§lC§x§7§5§D§6§B§6§lr§x§5§F§E§2§C§5§la§x§7§9§D§4§B§4§lt§x§9§3§C§7§A§2§le §x§C§8§A§B§7§F§lK§x§E§2§9§E§6§E§le§x§F§C§9§0§5§C§ly from buy
[22:57:21] > blueheadedzwager buy x1 §f§bWither Plushie §6(#95/101) to Wemmbuo for $400,000.
[22:57:27] > x1 §f§x§6§B§2§C§C§6G§x§7§0§3§2§C§Ca§x§7§5§3§8§D§2l§x§7§A§3§E§D§8a§x§7§F§4§4§D§Ex§x§8§4§4§9§E§5y§x§8§9§4§F§E§B §x§8§E§5§5§F§1H§x§9§3§5§B§F§7a§x§9§8§6§1§F§Dt, bought by .Allxnzv, has just expired, the item is definitively deleted.
[22:57:29] > blueheadedzwager remove x1 §f§bWither Plushie §6(#95/101) from buy
[23:00:08] > Typeshe buy x1 §eʙʟᴀᴢᴇ sᴘᴀᴡɴᴇʀ to ahzii for $2,000,000.
[23:02:11] > Typeshe remove x1 §eʙʟᴀᴢᴇ sᴘᴀᴡɴᴇʀ from buy
[23:02:15] > Julene added x1 §x§F§F§3§E§0§0§lDemon Lord Wings in auction for 6000000.
[23:07:03] > Julene remove x1 §x§F§F§3§E§0§0§lDemon Lord Wings from storage
[23:07:15] > Julene added x1 §x§F§F§3§E§0§0§lDemon Lord Wings in auction for 4500000.
[23:07:34] > Trapers1 added x1 §f§l§x§F§C§D§0§5§CW§x§F§A§A§A§4§Bu§x§F§9§8§4§3§Bk§x§F§7§5§F§2§Ao§x§F§5§3§9§1§9n§x§F§4§1§3§0§8g §x§F§5§3§9§1§9W§x§F§7§5§F§2§Ai§x§F§9§8§4§3§Bn§x§F§A§A§A§4§Bg§x§F§C§D§0§5§Cs in auction for 2000000.
[23:12:00] > Trapers1 added x1 §f§l§x§8§A§0§0§F§FS§x§9§C§0§0§D§5h§x§A§D§0§0§A§Ai§x§B§F§0§0§8§0n§x§D§0§0§0§5§5e§x§E§2§0§0§2§B §x§F§3§0§0§0§0O§x§E§2§0§0§2§An§x§D§0§0§0§5§5i§x§B§F§0§0§8§0 §x§A§D§0§0§A§AB§x§9§C§0§0§D§5o§x§8§A§0§0§F§Fw in auction for 500000.
[23:12:14] > cart224 buy x1 §f§l§x§8§A§0§0§F§FS§x§9§C§0§0§D§5h§x§A§D§0§0§A§Ai§x§B§F§0§0§8§0n§x§D§0§0§0§5§5e§x§E§2§0§0§2§B §x§F§3§0§0§0§0O§x§E§2§0§0§2§An§x§D§0§0§0§5§5i§x§B§F§0§0§8§0 §x§A§D§0§0§A§AB§x§9§C§0§0§D§5o§x§8§A§0§0§F§Fw to Trapers1 for $500,000.
[23:12:24] > cart224 remove x1 §f§l§x§8§A§0§0§F§FS§x§9§C§0§0§D§5h§x§A§D§0§0§A§Ai§x§B§F§0§0§8§0n§x§D§0§0§0§5§5e§x§E§2§0§0§2§B §x§F§3§0§0§0§0O§x§E§2§0§0§2§An§x§D§0§0§0§5§5i§x§B§F§0§0§8§0 §x§A§D§0§0§A§AB§x§9§C§0§0§D§5o§x§8§A§0§0§F§Fw from buy
[23:12:33] > Trapers1 remove x1 §f§l§x§F§C§D§0§5§CW§x§F§A§A§A§4§Bu§x§F§9§8§4§3§Bk§x§F§7§5§F§2§Ao§x§F§5§3§9§1§9n§x§F§4§1§3§0§8g §x§F§5§3§9§1§9W§x§F§7§5§F§2§Ai§x§F§9§8§4§3§Bn§x§F§A§A§A§4§Bg§x§F§C§D§0§5§Cs form storage
[23:12:47] > Trapers1 added x1 §f§l§x§F§C§D§0§5§CW§x§F§A§A§A§4§Bu§x§F§9§8§4§3§Bk§x§F§7§5§F§2§Ao§x§F§5§3§9§1§9n§x§F§4§1§3§0§8g §x§F§5§3§9§1§9W§x§F§7§5§F§2§Ai§x§F§9§8§4§3§Bn§x§F§A§A§A§4§Bg§x§F§C§D§0§5§Cs in auction for 1500000.
[23:13:38] > Trapers1 added x32 Dragon breath in auction for 100000.
[23:15:27] > Crayzixks remove x1 Mace from buy
[23:16:54] > JinSoul15 added x1 Netherite ingot in auction for 60000.
[23:17:21] > Broodie remove x32 Dragon breath from buy
[23:17:23] > EXEZUNO remove x1 §x§F§F§3§E§0§0§lD§x§F§F§3§5§0§0§le§x§F§F§2§C§0§0§lm§x§F§F§2§3§0§0§lo§x§F§F§1§B§0§0§ln §x§F§F§0§9§0§0§lL§x§F§F§0§0§0§0§lo§x§F§F§0§A§0§0§lr§x§F§F§1§5§0§0§ld §x§F§F§2§9§0§0§lB§x§F§F§3§4§0§0§lo§x§F§F§3§E§0§0§lw from storage
[23:17:43] > EXEZUNO added x1 §x§F§F§3§E§0§0§lD§x§F§F§3§5§0§0§le§x§F§F§2§C§0§0§lm§x§F§F§2§3§0§0§lo§x§F§F§1§B§0§0§ln §x§F§F§0§9§0§0§lL§x§F§F§0§0§0§0§lo§x§F§F§0§A§0§0§lr§x§F§F§1§5§0§0§ld §x§F§F§2§9§0§0§lB§x§F§F§3§4§0§0§lo§x§F§F§3§E§0§0§lw in auction for 420000.
[23:17:53] > NoClarity buy x1 §x§F§F§3§E§0§0§lD§x§F§F§3§5§0§0§le§x§F§F§2§C§0§0§lm§x§F§F§2§3§0§0§lo§x§F§F§1§B§0§0§ln §x§F§F§0§9§0§0§lL§x§F§F§0§0§0§0§lo§x§F§F§0§A§0§0§lr§x§F§F§1§5§0§0§ld §x§F§F§2§9§0§0§lB§x§F§F§3§4§0§0§lo§x§F§F§3§E§0§0§lw to EXEZUNO for $420,000.
[23:18:12] > JinSoul15 added x1 Dried ghast in auction for 100000.
[23:18:15] > Trapers1 added x1 Get clapped by ts LOL in auction for 500000.
[23:18:23] > JinSoul15 added x1 Dried ghast in auction for 100000.
[23:18:30] > Trapers1 remove x1 §f§l§x§F§C§D§0§5§CW§x§F§A§A§A§4§Bu§x§F§9§8§4§3§Bk§x§F§7§5§F§2§Ao§x§F§5§3§9§1§9n§x§F§4§1§3§0§8g §x§F§5§3§9§1§9W§x§F§7§5§F§2§Ai§x§F§9§8§4§3§Bn§x§F§A§A§A§4§Bg§x§F§C§D§0§5§Cs form storage
[23:18:30] > Trapers1 remove x1 Get clapped by ts LOL form storage
[23:18:30] > Trapers1 remove x32 Dragon breath form storage
[23:18:37] > Trapers1 added x1 Get clapped by ts LOL in auction for 400000.
[23:19:04] > Trapers1 remove x1 Get clapped by ts LOL form storage
[23:19:10] > Trapers1 added x1 Get clapped by ts LOL in auction for 300000.
[23:20:17] > JinSoul15 added x1 Bow in auction for 200000.
[23:32:30] > EXEZUNO remove x1 §x§F§F§7§C§0§0§lSteamsparks Battle Axe from storage
[23:32:52] > EXEZUNO added x1 §x§F§F§7§C§0§0§lSteamsparks Battle Axe in auction for 330000.
[23:33:55] > EXEZUNO remove x1 §x§5§9§A§1§D§9§lA§x§7§1§A§E§D§Er§x§8§8§B§C§E§4c§x§A§0§C§9§E§9h§x§B§8§D§7§E§Fa§x§D§0§E§4§F§4n§x§E§7§F§2§F§Ag§fe§x§E§7§F§2§F§Al §x§B§8§D§7§E§FS§x§A§0§C§9§E§9t§x§8§8§B§C§E§4a§x§7§1§A§E§D§Ef§x§5§9§A§1§D§9f from storage
[23:34:17] > EXEZUNO added x1 §x§5§9§A§1§D§9§lA§x§7§1§A§E§D§Er§x§8§8§B§C§E§4c§x§A§0§C§9§E§9h§x§B§8§D§7§E§Fa§x§D§0§E§4§F§4n§x§E§7§F§2§F§Ag§fe§x§E§7§F§2§F§Al §x§B§8§D§7§E§FS§x§A§0§C§9§E§9t§x§8§8§B§C§E§4a§x§7§1§A§E§D§Ef§x§5§9§A§1§D§9f in auction for 440000.
[23:39:39] > aznaaa added x64 Wither skeleton skull in auction for 300000.
[23:41:02] > aznaaa added x64 Cooked beef in auction for 2000.
[23:41:08] > aroraru buy x64 Cooked beef to aznaaa for $2,000.
[23:41:19] > aznaaa added x64 Cooked beef in auction for 2000.
[23:41:24] > aroraru buy x64 Cooked beef to aznaaa for $2,000.
[23:41:35] > aznaaa added x64 Cooked beef in auction for 2000.
[23:42:14] > aznaaa added x64 Cooked beef in auction for 2000.
[23:42:36] > zappyduo buy x64 Cooked beef to aznaaa for $2,000.
[23:42:36] > aznaaa added x64 Cooked beef in auction for 2000.
[23:45:46] > zappyduo remove x60 Cooked beef from buy
[23:52:51] > Trapers1 added x1 §f§l§x§F§C§D§0§5§CW§x§F§A§A§A§4§Bu§x§F§9§8§4§3§Bk§x§F§7§5§F§2§Ao§x§F§5§3§9§1§9n§x§F§4§1§3§0§8g §x§F§5§3§9§1§9W§x§F§7§5§F§2§Ai§x§F§9§8§4§3§Bn§x§F§A§A§A§4§Bg§x§F§C§D§0§5§Cs in auction for 1500000.
[00:01:17] > Cynishere added x1 §f§l§x§E§4§3§A§3§AM§x§D§5§4§9§3§Ae§x§C§6§5§9§3§Ar§x§B§7§6§8§3§9r§x§A§8§7§8§3§9y§x§9§9§8§7§3§9 §x§8§9§9§6§3§9C§x§7§A§A§6§3§9h§x§6§B§B§5§3§8r§x§5§C§C§5§3§8i§x§4§D§D§4§3§8s§x§5§C§C§5§3§8t§x§6§B§B§5§3§8m§x§7§A§A§6§3§9a§x§8§9§9§6§3§9s§x§9§9§8§7§3§9 §x§A§8§7§8§3§9S§x§B§7§6§8§3§9p§x§C§6§5§9§3§Ae§x§D§5§4§9§3§Aa§x§E§4§3§A§3§Ar in auction for 1000000.
[00:01:33] > Cynishere added x1 §f§l§x§E§4§3§A§3§AM§x§D§5§4§9§3§Ae§x§C§6§5§9§3§Ar§x§B§7§6§8§3§9r§x§A§8§7§8§3§9y§x§9§9§8§7§3§9 §x§8§9§9§6§3§9C§x§7§A§A§6§3§9h§x§6§B§B§5§3§8r§x§5§C§C§5§3§8i§x§4§D§D§4§3§8s§x§5§C§C§5§3§8t§x§6§B§B§5§3§8m§x§7§A§A§6§3§9a§x§8§9§9§6§3§9s§x§9§9§8§7§3§9 §x§A§8§7§8§3§9B§x§B§7§6§8§3§9o§x§C§6§5§9§3§Ao§x§D§5§4§9§3§At§x§E§4§3§A§3§As in auction for 1000000.
[00:02:39] > nachfaust remove x1 §f§l§x§E§4§3§A§3§AM§x§D§5§4§9§3§Ae§x§C§6§5§9§3§Ar§x§B§7§6§8§3§9r§x§A§8§7§8§3§9y§x§9§9§8§7§3§9 §x§8§9§9§6§3§9C§x§7§A§A§6§3§9h§x§6§B§B§5§3§8r§x§5§C§C§5§3§8i§x§4§D§D§4§3§8s§x§5§C§C§5§3§8t§x§6§B§B§5§3§8m§x§7§A§A§6§3§9a§x§8§9§9§6§3§9s§x§9§9§8§7§3§9 §x§A§8§7§8§3§9S§x§B§7§6§8§3§9p§x§C§6§5§9§3§Ae§x§D§5§4§9§3§Aa§x§E§4§3§A§3§Ar form storage
[00:03:01] > nachfaust added x1 §f§l§x§E§4§3§A§3§AM§x§D§6§4§9§3§Ae§x§C§7§5§7§3§Ar§x§B§9§6§6§3§9r§x§A§A§7§5§3§9y§x§9§C§8§3§3§9 §x§8§E§9§2§3§9C§x§7§F§A§1§3§9h§x§7§1§A§F§3§8r§x§6§3§B§E§3§8i§x§5§4§C§D§3§8st§x§6§3§B§E§3§8m§x§7§1§A§F§3§8a§x§7§F§A§1§3§9s§x§8§E§9§2§3§9 §x§9§C§8§3§3§9H§x§A§A§7§5§3§9a§x§B§9§6§6§3§9m§x§C§7§5§7§3§Am§x§D§6§4§9§3§Ae§x§E§4§3§A§3§Ar in auction for 1000000.
[00:03:11] > nachfaust added x1 §f§l§x§E§4§3§A§3§AM§x§D§5§4§9§3§Ae§x§C§6§5§9§3§Ar§x§B§7§6§8§3§9r§x§A§8§7§8§3§9y§x§9§9§8§7§3§9 §x§8§9§9§6§3§9C§x§7§A§A§6§3§9h§x§6§B§B§5§3§8r§x§5§C§C§5§3§8i§x§4§D§D§4§3§8s§x§5§C§C§5§3§8t§x§6§B§B§5§3§8m§x§7§A§A§6§3§9a§x§8§9§9§6§3§9s§x§9§9§8§7§3§9 §x§A§8§7§8§3§9S§x§B§7§6§8§3§9p§x§C§6§5§9§3§Ae§x§D§5§4§9§3§Aa§x§E§4§3§A§3§Ar in auction for 700000.
[00:05:19] > Ryzxc added x1 Enchanted book in auction for 10.
[00:05:26] > aroraru buy x1 Enchanted book to Ryzxc for $10.
[00:06:47] > Horheee added x1 Diamond shovel in auction for 100000.
[00:07:49] > Horheee added x1 §f§l§x§E§4§3§A§3§AM§x§D§5§4§9§3§Ae§x§C§6§5§9§3§Ar§x§B§7§6§8§3§9r§x§A§8§7§8§3§9y§x§9§9§8§7§3§9 §x§8§9§9§6§3§9C§x§7§A§A§6§3§9h§x§6§B§B§5§3§8r§x§5§C§C§5§3§8i§x§4§D§D§4§3§8s§x§5§C§C§5§3§8t§x§6§B§B§5§3§8m§x§7§A§A§6§3§9a§x§8§9§9§6§3§9s§x§9§9§8§7§3§9 §x§A§8§7§8§3§9W§x§B§7§6§8§3§9i§x§C§6§5§9§3§An§x§D§5§4§9§3§Ag§x§E§4§3§A§3§As in auction for 2000000.
[00:09:24] > Cynishere added x1 Chrismas Kit in auction for 6767676767.
[00:13:22] > KangXing9 remove x1 §x§5§9§A§1§D§9§lA§x§7§1§A§E§D§Er§x§8§8§B§C§E§4c§x§A§0§C§9§E§9h§x§B§8§D§7§E§Fa§x§D§0§E§4§F§4n§x§E§7§F§2§F§Ag§fe§x§E§7§F§2§F§Al §x§B§8§D§7§E§FW§x§A§0§C§9§E§9i§x§8§8§B§C§E§4n§x§7§1§A§E§D§Eg§x§5§9§A§1§D§9s from storage
[00:13:22] > KangXing9 remove x1 Enchanted golden apple from storage
[00:17:56] > Ryzxc added x1 Firework rocket in auction for 10.
[00:18:10] > Apprintance buy x1 Firework rocket to Ryzxc for $10.
[00:25:35] > aroraru remove x1 Enchanted book from buy
[00:27:21] > Horheee remove x1 §f§l§x§8§A§0§0§F§FS§x§9§9§0§0§D§Bh§x§A§8§0§0§B§6i§x§B§7§0§0§9§2n§x§C§6§0§0§6§De§x§D§5§0§0§4§9 §x§E§4§0§0§2§4O§x§F§3§0§0§0§0n§x§E§4§0§0§2§4i§x§D§5§0§0§4§9 §x§C§6§0§0§6§DB§x§B§7§0§0§9§2o§x§A§8§0§0§B§6o§x§9§9§0§0§D§Bt§x§8§A§0§0§F§Fs from storage
[00:27:24] > Horheee remove x1 §f§l§x§E§4§3§A§3§AM§x§D§5§4§9§3§Ae§x§C§6§5§9§3§Ar§x§B§7§6§8§3§9r§x§A§8§7§8§3§9y§x§9§9§8§7§3§9 §x§8§9§9§6§3§9C§x§7§A§A§6§3§9h§x§6§B§B§5§3§8r§x§5§C§C§5§3§8i§x§4§D§D§4§3§8s§x§5§C§C§5§3§8t§x§6§B§B§5§3§8m§x§7§A§A§6§3§9a§x§8§9§9§6§3§9s§x§9§9§8§7§3§9 §x§A§8§7§8§3§9W§x§B§7§6§8§3§9i§x§C§6§5§9§3§An§x§D§5§4§9§3§Ag§x§E§4§3§A§3§As from storage
[00:27:36] > Horheee added x1 §x§F§F§3§E§0§0§lD§x§F§F§3§7§0§0§le§x§F§F§3§0§0§0§lm§x§F§F§2§9§0§0§lo§x§F§F§2§2§0§0§ln §x§F§F§1§5§0§0§lL§x§F§F§0§E§0§0§lo§x§F§F§0§7§0§0§lr§x§F§F§0§0§0§0§ld §x§F§F§0§E§0§0§lC§x§F§F§1§5§0§0§lr§x§F§F§1§C§0§0§lo§x§F§F§2§2§0§0§ls§x§F§F§2§9§0§0§ls§x§F§F§3§0§0§0§lb§x§F§F§3§7§0§0§lo§x§F§F§3§E§0§0§lw in auction for 200000.
[00:27:50] > Horheee added x1 §f§l§x§E§4§3§A§3§AM§x§D§5§4§9§3§Ae§x§C§6§5§9§3§Ar§x§B§7§6§8§3§9r§x§A§8§7§8§3§9y§x§9§9§8§7§3§9 §x§8§9§9§6§3§9C§x§7§A§A§6§3§9h§x§6§B§B§5§3§8r§x§5§C§C§5§3§8i§x§4§D§D§4§3§8s§x§5§C§C§5§3§8t§x§6§B§B§5§3§8m§x§7§A§A§6§3§9a§x§8§9§9§6§3§9s§x§9§9§8§7§3§9 §x§A§8§7§8§3§9W§x§B§7§6§8§3§9i§x§C§6§5§9§3§An§x§D§5§4§9§3§Ag§x§E§4§3§A§3§As in auction for 1500000.
[00:28:08] > Horheee remove x1 §7Cemetery Hat from storage
[00:28:09] > Horheee remove x1 §f§l§x§F§C§D§0§5§CW§x§F§A§A§2§4§8u§x§F§8§7§4§3§3k§x§F§6§4§5§1§Fo§x§F§4§1§7§0§Ang§x§F§6§4§5§1§F §x§F§8§7§4§3§3H§x§F§A§A§2§4§8o§x§F§C§D§0§5§Ce from storage
[00:28:15] > Horheee added x1 §f§l§x§8§A§0§0§F§FS§x§9§9§0§0§D§Bh§x§A§8§0§0§B§6i§x§B§7§0§0§9§2n§x§C§6§0§0§6§De§x§D§5§0§0§4§9 §x§E§4§0§0§2§4O§x§F§3§0§0§0§0n§x§E§4§0§0§2§4i§x§D§5§0§0§4§9 §x§C§6§0§0§6§DB§x§B§7§0§0§9§2o§x§A§8§0§0§B§6o§x§9§9§0§0§D§Bt§x§8§A§0§0§F§Fs in auction for 1500000.
[00:31:32] > NoClarity added x1 §f§l§x§E§4§3§A§3§AM§x§D§6§4§9§3§Ae§x§C§7§5§7§3§Ar§x§B§9§6§6§3§9r§x§A§A§7§5§3§9y§x§9§C§8§3§3§9 §x§8§E§9§2§3§9C§x§7§F§A§1§3§9h§x§7§1§A§F§3§8r§x§6§3§B§E§3§8i§x§5§4§C§D§3§8st§x§6§3§B§E§3§8m§x§7§1§A§F§3§8a§x§7§F§A§1§3§9s§x§8§E§9§2§3§9 §x§9§C§8§3§3§9S§x§A§A§7§5§3§9h§x§B§9§6§6§3§9i§x§C§7§5§7§3§Ae§x§D§6§4§9§3§Al§x§E§4§3§A§3§Ad in auction for 300000.
[00:49:33] > x1 §x§5§9§A§1§D§9§lA§x§6§E§A§D§D§Er§x§8§3§B§9§E§3c§x§9§7§C§4§E§7h§x§A§C§D§0§E§Ca§x§C§1§D§C§F§1n§x§D§6§E§8§F§6g§x§E§A§F§3§F§Ae§fl §x§D§0§E§4§F§4H§x§B§8§D§7§E§Fa§x§A§0§C§9§E§9m§x§8§8§B§C§E§4m§x§7§1§A§E§D§Ee§x§5§9§A§1§D§9r on sale by Xavier881 has just expired, it goes in the inventory of expired items.
[01:10:21] > belvi__ buy x1 Netherite ingot to JinSoul15 for $60,000.
[01:10:33] > belvi__ buy x9 Netherite ingot to EXEZUNO for $550,000.
[01:10:56] > JinSoul15 added x1 Netherite ingot in auction for 60000.
[01:11:07] > belvi__ buy x1 Netherite ingot to JinSoul15 for $60,000.
[01:11:14] > JinSoul15 added x1 Netherite ingot in auction for 60000.
[01:11:24] > JinSoul15 added x1 Netherite ingot in auction for 60000.
[01:11:43] > MasterElrel remove x1 §x§E§5§1§B§1§B§lDracula Blade form storage
[01:11:43] > MasterElrel remove x1 §f§l§8B§x§6§4§6§4§6§4a§x§7§4§7§4§7§4h§x§8§3§8§3§8§3a§x§9§3§9§3§9§3m§x§A§2§A§2§A§2ut§x§9§3§9§3§9§3 §x§8§3§8§3§8§3C§x§7§4§7§4§7§4l§x§6§4§6§4§6§4u§8b form storage
[01:12:00] > JinSoul15 remove x1 Netherite ingot from storage
[01:12:01] > JinSoul15 remove x1 Netherite ingot from storage
[01:14:58] > JinSoul15 remove x1 §f§l§x§E§4§3§A§3§AM§x§D§5§4§9§3§Ae§x§C§6§5§9§3§Ar§x§B§7§6§8§3§9r§x§A§8§7§8§3§9y§x§9§9§8§7§3§9 §x§8§9§9§6§3§9C§x§7§A§A§6§3§9h§x§6§B§B§5§3§8r§x§5§C§C§5§3§8i§x§4§D§D§4§3§8s§x§5§C§C§5§3§8t§x§6§B§B§5§3§8m§x§7§A§A§6§3§9a§x§8§9§9§6§3§9s§x§9§9§8§7§3§9 §x§A§8§7§8§3§9W§x§B§7§6§8§3§9i§x§C§6§5§9§3§An§x§D§5§4§9§3§Ag§x§E§4§3§A§3§As from storage
[01:14:59] > belvi__ remove x1 Netherite ingot from buy
[01:14:59] > belvi__ remove x9 Netherite ingot from buy
[01:15:00] > belvi__ remove x1 Netherite ingot from buy
[01:16:21] > Horheee remove x1 §x§E§5§1§B§1§B§lDracula Helmet from storage
[01:16:39] > Horheee added x1 §x§F§F§7§C§0§0§lSteamsparks Sword in auction for 350000.
[01:20:10] > Cynishere remove x1 Chrismas Kit from storage
[01:21:43] > x1 Demon Items, item of Seirione, has just expired, the item is definitively deleted.
[01:21:43] > x1 §f§l§x§8§A§0§0§F§FS§x§9§C§0§0§D§5h§x§A§D§0§0§A§Ai§x§B§F§0§0§8§0n§x§D§0§0§0§5§5e§x§E§2§0§0§2§B §x§F§3§0§0§0§0O§x§E§2§0§0§2§An§x§D§0§0§0§5§5i§x§B§F§0§0§8§0 §x§A§D§0§0§A§AA§x§9§C§0§0§D§5x§x§8§A§0§0§F§Fe, item of Uratakiz, has just expired, the item is definitively deleted.
[01:21:43] > x1 §x§F§C§D§0§5§C§lB§x§E§6§D§3§6§B§la§x§C§F§D§5§7§A§ls§x§B§9§D§8§8§9§li§x§A§2§D§A§9§8§lc §x§7§5§D§F§B§6§lC§x§5§F§E§2§C§5§lr§x§7§5§D§F§B§6§la§x§8§C§D§D§A§7§lt§x§A§2§D§A§9§8§le §x§C§F§D§5§7§A§lK§x§E§6§D§3§6§B§le§x§F§C§D§0§5§C§ly, item of JhonReaper, has just expired, the item is definitively deleted.
[01:21:44] > Cynishere remove x1 Chrismas Kit from expire
[01:43:12] > killergamerhihi added x64 Breeze rod in auction for 96000.
[01:43:22] > Crayzixks buy x64 Breeze rod to killergamerhihi for $96,000.
[01:43:39] > Crayzixks remove x64 Breeze rod from buy
[01:43:44] > Horheee added x1 §x§E§5§1§B§1§B§lDracula Helmet in auction for 100000.
[01:47:24] > nnorv1 buy x1 Diamond shovel to Horheee for $100,000.
[01:47:28] > nnorv1 remove x1 Diamond shovel from buy
[02:01:24] > Horheee remove x1 §x§E§5§1§B§1§B§lDracula Helmet from storage
[02:01:25] > Horheee remove x1 §x§F§F§3§E§0§0§lD§x§F§F§3§7§0§0§le§x§F§F§3§0§0§0§lm§x§F§F§2§9§0§0§lo§x§F§F§2§2§0§0§ln §x§F§F§1§5§0§0§lL§x§F§F§0§E§0§0§lo§x§F§F§0§7§0§0§lr§x§F§F§0§0§0§0§ld §x§F§F§0§E§0§0§lC§x§F§F§1§5§0§0§lr§x§F§F§1§C§0§0§lo§x§F§F§2§2§0§0§ls§x§F§F§2§9§0§0§ls§x§F§F§3§0§0§0§lb§x§F§F§3§7§0§0§lo§x§F§F§3§E§0§0§lw from storage
[02:02:19] > Horheee added x1 My Extra Stash in auction for 750000.
[02:04:25] > Horheee added x34 Wind charge in auction for 50000.
[02:13:11] > JinSoul15 remove x1 Bow from storage
[03:19:25] > NoClarity remove x1 §x§F§F§3§E§0§0§lD§x§F§F§3§5§0§0§le§x§F§F§2§C§0§0§lm§x§F§F§2§3§0§0§lo§x§F§F§1§B§0§0§ln §x§F§F§0§9§0§0§lL§x§F§F§0§0§0§0§lo§x§F§F§0§A§0§0§lr§x§F§F§1§5§0§0§ld §x§F§F§2§9§0§0§lB§x§F§F§3§4§0§0§lo§x§F§F§3§E§0§0§lw from buy
[03:20:42] > NoClarity added x1 §x§F§F§3§E§0§0§lD§x§F§F§3§5§0§0§le§x§F§F§2§C§0§0§lm§x§F§F§2§3§0§0§lo§x§F§F§1§B§0§0§ln §x§F§F§0§9§0§0§lL§x§F§F§0§0§0§0§lo§x§F§F§0§A§0§0§lr§x§F§F§1§5§0§0§ld §x§F§F§2§9§0§0§lB§x§F§F§3§4§0§0§lo§x§F§F§3§E§0§0§lw in auction for 600000.
[03:21:05] > NoClarity added x1 Enchanted book in auction for 10.
[03:48:15] > yxsin112 added x1 §x§F§F§7§C§0§0§lSteamsparks Fishing Rod in auction for 150000.
[07:21:29] > Broodie buy x1 Enchanted book to NoClarity for $10.
[07:41:05] > Solene added x1 §x§F§F§5§5§0§0§lsᴇʟʟᴡᴀɴᴅ §6- 5.0x in auction for 1000000.
[07:50:38] > x1 Cherry sapling, bought by Takeremu, has just expired, the item is definitively deleted.
[07:50:41] > Broodie remove x1 §fFrog Plushie §6(#37/101) from buy
[08:36:31] > x1 Enchanted golden apple on sale by Deliot has just expired, it goes in the inventory of expired items.
[08:55:27] > MasterElrel added x64 Experience bottle in auction for 100000.
[09:30:13] > x1 §x§F§F§3§E§0§0§lSellwand Voucher on sale by kiyomiuu1 has just expired, it goes in the inventory of expired items.
[09:44:09] > nebula12321 added x1 §f§l§x§F§A§0§0§0§AD§x§F§A§1§A§1§4a§x§F§B§3§4§1§Fr§x§F§B§4§E§2§9k§x§F§B§6§8§3§3f§x§F§B§8§2§3§Dl§x§F§C§9§C§4§8a§x§F§C§B§6§5§2m§x§F§C§D§0§5§Ce§x§F§C§B§6§5§2 §x§F§C§9§C§4§8P§x§F§B§8§2§3§Di§x§F§B§6§8§3§3c§x§F§B§4§E§2§9k§x§F§B§3§4§1§Fa§x§F§A§1§A§1§4x§x§F§A§0§0§0§Ae in auction for 2500000.
[09:45:02] > nebula12321 remove x1 Shulker box from storage
[09:45:16] > nebula12321 added x1 Shulker box in auction for 4000000.
[09:50:44] > NoClarity added x1 §f§l§x§8§A§0§0§F§FS§x§9§7§0§0§D§Fh§x§A§4§0§0§B§Fi§x§B§1§0§0§9§Fn§x§B§F§0§0§8§0e§x§C§C§0§0§6§0 §x§D§9§0§0§4§0O§x§E§6§0§0§2§0n§x§F§3§0§0§0§0i§x§E§6§0§0§2§0 §x§D§9§0§0§4§0P§x§C§C§0§0§6§0i§x§B§F§0§0§8§0c§x§B§1§0§0§9§Fk§x§A§4§0§0§B§Fa§x§9§7§0§0§D§Fx§x§8§A§0§0§F§Fe in auction for 3000000.
[09:50:55] > nebula12321 buy x64 Experience bottle to MasterElrel for $100,000.
[09:54:51] > nebula12321 added x1 §x§E§4§3§A§3§A§lC§x§C§E§5§0§3§A§lh§x§B§9§6§6§3§9§lr§x§A§3§7§C§3§9§li§x§8§E§9§2§3§9§ls§x§7§8§A§8§3§9§lt§x§6§3§B§E§3§8§lm§x§4§D§D§4§3§8§la§x§6§3§B§E§3§8§ls §x§8§E§9§2§3§9§lG§x§A§3§7§C§3§9§ll§x§B§9§6§6§3§9§lo§x§C§E§5§0§3§A§lb§x§E§4§3§A§3§A§le in auction for 1200000.
[09:56:25] > Malachkite buy x1 §f§l§x§E§4§3§A§3§AM§x§D§6§4§9§3§Ae§x§C§7§5§7§3§Ar§x§B§9§6§6§3§9r§x§A§A§7§5§3§9y§x§9§C§8§3§3§9 §x§8§E§9§2§3§9C§x§7§F§A§1§3§9h§x§7§1§A§F§3§8r§x§6§3§B§E§3§8i§x§5§4§C§D§3§8st§x§6§3§B§E§3§8m§x§7§1§A§F§3§8a§x§7§F§A§1§3§9s§x§8§E§9§2§3§9 §x§9§C§8§3§3§9H§x§A§A§7§5§3§9a§x§B§9§6§6§3§9m§x§C§7§5§7§3§Am§x§D§6§4§9§3§Ae§x§E§4§3§A§3§Ar to nachfaust for $1,000,000.
[10:01:17] > Edabis added x1 §x§5§9§A§1§D§9§lA§x§7§1§A§E§D§Er§x§8§8§B§C§E§4c§x§A§0§C§9§E§9h§x§B§8§D§7§E§Fa§x§D§0§E§4§F§4n§x§E§7§F§2§F§Ag§fe§x§E§7§F§2§F§Al §x§B§8§D§7§E§FB§x§A§0§C§9§E§9o§x§8§8§B§C§E§4o§x§7§1§A§E§D§Et§x§5§9§A§1§D§9s in auction for 1000000.
[10:02:56] > quillking67 buy x15 §x§F§C§D§0§5§C§lB§x§E§6§D§3§6§B§la§x§C§F§D§5§7§A§ls§x§B§9§D§8§8§9§li§x§A§2§D§A§9§8§lc §x§7§5§D§F§B§6§lC§x§5§F§E§2§C§5§lr§x§7§5§D§F§B§6§la§x§8§C§D§D§A§7§lt§x§A§2§D§A§9§8§le §x§C§F§D§5§7§A§lK§x§E§6§D§3§6§B§le§x§F§C§D§0§5§C§ly to 3xdmge for $350,000.
[10:03:02] > quillking67 remove x15 §x§F§C§D§0§5§C§lB§x§E§6§D§3§6§B§la§x§C§F§D§5§7§A§ls§x§B§9§D§8§8§9§li§x§A§2§D§A§9§8§lc §x§7§5§D§F§B§6§lC§x§5§F§E§2§C§5§lr§x§7§5§D§F§B§6§la§x§8§C§D§D§A§7§lt§x§A§2§D§A§9§8§le §x§C§F§D§5§7§A§lK§x§E§6§D§3§6§B§le§x§F§C§D§0§5§C§ly from buy
[10:10:17] > nebula12321 buy x34 Wind charge to Horheee for $50,000.
[10:15:57] > NoClarity remove x1 §x§F§F§3§E§0§0§lD§x§F§F§3§5§0§0§le§x§F§F§2§C§0§0§lm§x§F§F§2§3§0§0§lo§x§F§F§1§B§0§0§ln §x§F§F§0§9§0§0§lL§x§F§F§0§0§0§0§lo§x§F§F§0§A§0§0§lr§x§F§F§1§5§0§0§ld §x§F§F§2§9§0§0§lB§x§F§F§3§4§0§0§lo§x§F§F§3§E§0§0§lw from storage
[10:19:11] > Fogstrap remove x1 §x§F§F§5§5§0§0§lsᴇʟʟᴡᴀɴᴅ §6- 5.0x from buy
[10:23:32] > NoClarity added x2 Ward armor trim smithing template in auction for 40000.
[11:00:05] > NoClarity added x1 Enchanted book in auction for 5000.
[11:01:27] > NoClarity added x1 Mace in auction for 150000.
[11:01:35] > quillking67 buy x1 Mace to NoClarity for $150,000.
[11:01:45] > quillking67 remove x1 Mace from buy
[11:02:49] > quillking67 buy x64 Wind charge to aroraru for $64,646.
[11:02:55] > quillking67 remove x64 Wind charge from buy
[11:06:35] > MasterElrel buy x1 Enchanted book to NoClarity for $5,000.
[11:15:12] > NoClarity added x1 Diamond chestplate in auction for 10.
[11:36:16] > kis0o_o buy x1 §f§l§x§E§4§3§A§3§AM§x§D§5§4§9§3§Ae§x§C§6§5§9§3§Ar§x§B§7§6§8§3§9r§x§A§8§7§8§3§9y§x§9§9§8§7§3§9 §x§8§9§9§6§3§9C§x§7§A§A§6§3§9h§x§6§B§B§5§3§8r§x§5§C§C§5§3§8i§x§4§D§D§4§3§8s§x§5§C§C§5§3§8t§x§6§B§B§5§3§8m§x§7§A§A§6§3§9a§x§8§9§9§6§3§9s§x§9§9§8§7§3§9 §x§A§8§7§8§3§9W§x§B§7§6§8§3§9i§x§C§6§5§9§3§An§x§D§5§4§9§3§Ag§x§E§4§3§A§3§As to Horheee for $1,500,000.
[11:36:21] > kis0o_o remove x1 §f§l§x§E§4§3§A§3§AM§x§D§5§4§9§3§Ae§x§C§6§5§9§3§Ar§x§B§7§6§8§3§9r§x§A§8§7§8§3§9y§x§9§9§8§7§3§9 §x§8§9§9§6§3§9C§x§7§A§A§6§3§9h§x§6§B§B§5§3§8r§x§5§C§C§5§3§8i§x§4§D§D§4§3§8s§x§5§C§C§5§3§8t§x§6§B§B§5§3§8m§x§7§A§A§6§3§9a§x§8§9§9§6§3§9s§x§9§9§8§7§3§9 §x§A§8§7§8§3§9W§x§B§7§6§8§3§9i§x§C§6§5§9§3§An§x§D§5§4§9§3§Ag§x§E§4§3§A§3§As from buy
[11:37:58] > aroraru added x1 Enchanted book in auction for 100000.
[11:38:04] > kis0o_o buy x1 Enchanted book to aroraru for $100,000.
[11:38:09] > kis0o_o remove x1 Enchanted book from buy
[11:38:53] > NoClarity added x1 §x§F§E§B§E§C§A§lSeason 3 Celebration Cake <3 in auction for 100.
[11:38:58] > aroraru buy x1 §x§F§E§B§E§C§A§lSeason 3 Celebration Cake <3 to NoClarity for $100.
[11:39:04] > aroraru buy x1 Diamond chestplate to NoClarity for $10.
[11:39:21] > aroraru remove x1 Enchanted book from buy
[11:39:22] > aroraru remove x1 Enchanted book from buy
[11:39:35] > nachfaust buy x1 §x§E§4§3§A§3§A§lC§x§C§E§5§0§3§A§lh§x§B§9§6§6§3§9§lr§x§A§3§7§C§3§9§li§x§8§E§9§2§3§9§ls§x§7§8§A§8§3§9§lt§x§6§3§B§E§3§8§lm§x§4§D§D§4§3§8§la§x§6§3§B§E§3§8§ls §x§8§E§9§2§3§9§lG§x§A§3§7§C§3§9§ll§x§B§9§6§6§3§9§lo§x§C§E§5§0§3§A§lb§x§E§4§3§A§3§A§le to nebula12321 for $1,200,000.
[11:39:46] > nachfaust remove x1 §x§E§4§3§A§3§A§lC§x§C§E§5§0§3§A§lh§x§B§9§6§6§3§9§lr§x§A§3§7§C§3§9§li§x§8§E§9§2§3§9§ls§x§7§8§A§8§3§9§lt§x§6§3§B§E§3§8§lm§x§4§D§D§4§3§8§la§x§6§3§B§E§3§8§ls §x§8§E§9§2§3§9§lG§x§A§3§7§C§3§9§ll§x§B§9§6§6§3§9§lo§x§C§E§5§0§3§A§lb§x§E§4§3§A§3§A§le form buy
[11:40:45] > nachfaust added x1 §f§l§x§E§4§3§A§3§AM§x§D§7§4§7§3§Ae§x§C§A§5§5§3§Ar§x§B§D§6§2§3§9r§x§A§F§7§0§3§9y§x§A§2§7§D§3§9 §x§9§5§8§A§3§9C§x§8§8§9§8§3§9h§x§7§B§A§5§3§9r§x§6§E§B§3§3§8i§x§6§1§C§0§3§8s§x§5§4§C§D§3§8tm§x§6§1§C§0§3§8a§x§6§E§B§3§3§8s§x§7§B§A§5§3§9 §x§8§8§9§8§3§9L§x§9§5§8§A§3§9e§x§A§2§7§D§3§9g§x§A§F§7§0§3§9g§x§B§D§6§2§3§9i§x§C§A§5§5§3§An§x§D§7§4§7§3§Ag§x§E§4§3§A§3§As in auction for 1000000.
[11:44:04] > aroraru added x1 Enchanted book in auction for 100000.
[11:44:15] > cart224 buy x1 Enchanted book to aroraru for $100,000.
[11:45:01] > cart224 remove x1 Enchanted book from buy
[11:57:06] > azuyeca buy x1 §x§F§F§5§5§0§0§lsᴇʟʟᴡᴀɴᴅ §6- 5.0x to Enyara for $399,670.