
[12:21:31] > Crayzixks added x1 §x§F§F§3§E§0§0§lSellwand Voucher in auction for 1500000.
[12:22:22] > Ryzxc added x1 §x§F§F§5§5§0§0§lsᴇʟʟᴡᴀɴᴅ §6- 10.0x in auction for 1000000.
[12:22:29] > Typeshe added x1 §x§F§F§3§E§0§0§lSellwand Voucher in auction for 1500000.
[12:22:45] > Typeshe added x1 §x§F§F§5§5§0§0§lsᴇʟʟᴡᴀɴᴅ §6- 5.0x in auction for 150000.
[12:22:49] > JinSoul15 buy x1 §x§F§F§5§5§0§0§lsᴇʟʟᴡᴀɴᴅ §6- 5.0x to Typeshe for $150,000.
[12:22:51] > king_ARK buy x1 §x§F§F§5§5§0§0§lsᴇʟʟᴡᴀɴᴅ §6- 10.0x to Ryzxc for $1,000,000.
[12:23:04] > Crayzixks added x1 §x§F§F§5§5§0§0§lsᴇʟʟᴡᴀɴᴅ §6- 5.0x in auction for 350000.
[12:23:08] > JinSoul15 buy x1 §x§F§F§5§5§0§0§lsᴇʟʟᴡᴀɴᴅ §6- 5.0x to Crayzixks for $350,000.
[12:23:40] > EXEZUNO added x1 §x§F§F§5§5§0§0§lsᴇʟʟᴡᴀɴᴅ §6- 5.0x in auction for 350000.
[12:24:42] > JinSoul15 remove x1 §x§F§F§5§5§0§0§lsᴇʟʟᴡᴀɴᴅ §6- 5.0x from buy
[12:24:42] > JinSoul15 remove x1 §x§F§F§5§5§0§0§lsᴇʟʟᴡᴀɴᴅ §6- 5.0x from buy
[12:24:51] > JinSoul15 buy x1 §x§F§F§5§5§0§0§lsᴇʟʟᴡᴀɴᴅ §6- 5.0x to EXEZUNO for $350,000.
[12:25:01] > JinSoul15 remove x1 §x§F§F§5§5§0§0§lsᴇʟʟᴡᴀɴᴅ §6- 5.0x from buy
[12:25:37] > JinSoul15 remove x1 §x§E§5§1§B§1§B§lDracula Fishing from buy
[12:25:37] > JinSoul15 remove x2 Disc fragment 5 from buy
[12:30:12] > Apprintance remove x1 §f§l§x§E§4§3§A§3§AM§x§D§7§4§7§3§Ae§x§C§A§5§5§3§Ar§x§B§D§6§2§3§9r§x§A§F§7§0§3§9y§x§A§2§7§D§3§9 §x§9§5§8§A§3§9C§x§8§8§9§8§3§9h§x§7§B§A§5§3§9r§x§6§E§B§3§3§8i§x§6§1§C§0§3§8s§x§5§4§C§D§3§8tm§x§6§1§C§0§3§8a§x§6§E§B§3§3§8s§x§7§B§A§5§3§9 §x§8§8§9§8§3§9L§x§9§5§8§A§3§9e§x§A§2§7§D§3§9g§x§A§F§7§0§3§9g§x§B§D§6§2§3§9i§x§C§A§5§5§3§An§x§D§7§4§7§3§Ag§x§E§4§3§A§3§As from buy
[12:35:03] > Horheee remove x1 §x§E§5§1§B§1§B§lDracula Helmet from storage
[12:35:22] > Horheee added x1 Enchanted book in auction for 100000.
[12:36:49] > SP3CC_ buy x1 Enchanted book to Horheee for $100,000.
[12:36:56] > SP3CC_ remove x1 Enchanted book from buy
[12:40:00] > Horheee added x1 §x§F§F§5§5§0§0§lsᴇʟʟᴡᴀɴᴅ §6- 5.0x in auction for 300000.
[12:40:03] > JinSoul15 buy x1 §x§F§F§5§5§0§0§lsᴇʟʟᴡᴀɴᴅ §6- 5.0x to Horheee for $300,000.
[12:44:15] > x7 Dried ghast, item of Dentatsu, has just expired, the item is definitively deleted.
[12:44:18] > Arthur remove x58 Redstone block from expire
[12:44:37] > Arthur buy x1 Enchanted book to vortexcore for $7,500.
[12:46:07] > Arthur added x64 Redstone block in auction for 100000.
[12:46:18] > Arthur added x23 Redstone block in auction for 20000.
[12:52:51] > Trapers1 remove x1 §x§E§4§3§A§9§6§lW§x§E§7§5§3§A§3§lI§x§E§B§6§B§B§0§lN§x§E§E§8§4§B§D§lG§x§F§2§9§D§C§B§lS §x§F§8§C§E§E§5§lO§x§F§C§E§6§F§2§lF §x§F§C§E§6§F§2§lE§x§F§8§C§E§E§5§lT§x§F§5§B§5§D§8§lE§x§F§2§9§D§C§B§lR§x§E§E§8§4§B§D§lN§x§E§B§6§B§B§0§lI§x§E§7§5§3§A§3§lT§x§E§4§3§A§9§6§lY form storage
[12:55:24] > Trapers1 added x1 §x§E§4§3§A§9§6§lW§x§E§7§5§3§A§3§lI§x§E§B§6§B§B§0§lN§x§E§E§8§4§B§D§lG§x§F§2§9§D§C§B§lS §x§F§8§C§E§E§5§lO§x§F§C§E§6§F§2§lF §x§F§C§E§6§F§2§lE§x§F§8§C§E§E§5§lT§x§F§5§B§5§D§8§lE§x§F§2§9§D§C§B§lR§x§E§E§8§4§B§D§lN§x§E§B§6§B§B§0§lI§x§E§7§5§3§A§3§lT§x§E§4§3§A§9§6§lY in auction for 7500000.
[12:59:02] > Horheee added x1 §x§E§5§1§B§1§B§lDracula Helmet in auction for 150000.
[13:01:31] > Arthur remove x1 Enchanted book from buy
[13:10:02] > JinSoul15 remove x1 §x§F§F§5§5§0§0§lsᴇʟʟᴡᴀɴᴅ §6- 5.0x from buy
[13:20:20] > .JakeTheMiner457 remove x1 Dune armor trim smithing template from expire
[13:20:22] > .JakeTheMiner457 remove x1 Dune armor trim smithing template from expire
[13:21:38] > .JakeTheMiner457 added x2 Dune armor trim smithing template in auction for 45000.
[13:25:09] > micailatot remove x1 §f§l§x§E§4§3§A§3§AM§x§D§6§4§9§3§Ae§x§C§7§5§7§3§Ar§x§B§9§6§6§3§9r§x§A§A§7§5§3§9y§x§9§C§8§3§3§9 §x§8§E§9§2§3§9C§x§7§F§A§1§3§9h§x§7§1§A§F§3§8r§x§6§3§B§E§3§8i§x§5§4§C§D§3§8st§x§6§3§B§E§3§8m§x§7§1§A§F§3§8a§x§7§F§A§1§3§9s§x§8§E§9§2§3§9 §x§9§C§8§3§3§9S§x§A§A§7§5§3§9h§x§B§9§6§6§3§9o§x§C§7§5§7§3§Av§x§D§6§4§9§3§Ae§x§E§4§3§A§3§Al from storage
[13:25:25] > micailatot added x1 §f§l§x§E§4§3§A§3§AM§x§D§6§4§9§3§Ae§x§C§7§5§7§3§Ar§x§B§9§6§6§3§9r§x§A§A§7§5§3§9y§x§9§C§8§3§3§9 §x§8§E§9§2§3§9C§x§7§F§A§1§3§9h§x§7§1§A§F§3§8r§x§6§3§B§E§3§8i§x§5§4§C§D§3§8st§x§6§3§B§E§3§8m§x§7§1§A§F§3§8a§x§7§F§A§1§3§9s§x§8§E§9§2§3§9 §x§9§C§8§3§3§9S§x§A§A§7§5§3§9h§x§B§9§6§6§3§9o§x§C§7§5§7§3§Av§x§D§6§4§9§3§Ae§x§E§4§3§A§3§Al in auction for 550000.
[13:36:18] > NoClarity added x1 Netherite block in auction for 90000.
[13:36:27] > llhxnce buy x1 Netherite block to NoClarity for $90,000.
[13:40:45] > Trapers1 remove x1 §x§E§4§3§A§9§6§lW§x§E§7§5§3§A§3§lI§x§E§B§6§B§B§0§lN§x§E§E§8§4§B§D§lG§x§F§2§9§D§C§B§lS §x§F§8§C§E§E§5§lO§x§F§C§E§6§F§2§lF §x§F§C§E§6§F§2§lE§x§F§8§C§E§E§5§lT§x§F§5§B§5§D§8§lE§x§F§2§9§D§C§B§lR§x§E§E§8§4§B§D§lN§x§E§B§6§B§B§0§lI§x§E§7§5§3§A§3§lT§x§E§4§3§A§9§6§lY form storage
[13:46:57] > Fogstrap added x1 Shulker box in auction for 400000.
[13:47:07] > Fogstrap added x1 Shulker box in auction for 400000.
[14:00:50] > Cynishere added x1 §x§3§4§9§8§D§Bʙʟᴀᴢᴇ ꜱᴘᴀᴡɴᴇʀ in auction for 1000000.
[14:01:00] > Ryzxc buy x1 §x§3§4§9§8§D§Bʙʟᴀᴢᴇ ꜱᴘᴀᴡɴᴇʀ to Cynishere for $1,000,000.
[14:01:24] > Cynishere added x1 §x§3§4§9§8§D§Bꜱᴋᴇʟᴇᴛᴏɴ ꜱᴘᴀᴡɴᴇʀ in auction for 1000000.
[14:01:40] > NoClarity buy x1 §x§3§4§9§8§D§Bꜱᴋᴇʟᴇᴛᴏɴ ꜱᴘᴀᴡɴᴇʀ to Cynishere for $1,000,000.
[14:01:43] > .Allxnzv remove x1 §x§F§F§3§E§0§0§lSellwand Voucher from storage
[14:01:53] > .Allxnzv added x1 §x§F§F§3§E§0§0§lSellwand Voucher in auction for 1100000.
[14:02:06] > .Allxnzv remove x1 §x§F§F§7§C§0§0§lSteamsparks Hammer from storage
[14:02:10] > NoClarity remove x1 §x§3§4§9§8§D§Bꜱᴋᴇʟᴇᴛᴏɴ ꜱᴘᴀᴡɴᴇʀ from buy
[14:02:24] > .Allxnzv added x1 §x§F§F§7§C§0§0§lSteamsparks Hammer in auction for 120000.
[14:02:48] > Cynishere added x1 §x§3§4§9§8§D§Bꜱᴋᴇʟᴇᴛᴏɴ ꜱᴘᴀᴡɴᴇʀ in auction for 1000000.
[14:02:57] > Zen0969 buy x1 §x§6§0§0§0§F§F§lɢᴏᴅʟʏ ɪᴛᴇᴍ to Apprintance for $2,000,000.
[14:05:41] > mae remove x1 §x§E§4§3§A§9§6§lW§x§E§7§5§3§A§3§lI§x§E§B§6§B§B§0§lN§x§E§E§8§4§B§D§lG§x§F§2§9§D§C§B§lS §x§F§8§C§E§E§5§lO§x§F§C§E§6§F§2§lF §x§F§C§E§6§F§2§lE§x§F§8§C§E§E§5§lT§x§F§5§B§5§D§8§lE§x§F§2§9§D§C§B§lR§x§E§E§8§4§B§D§lN§x§E§B§6§B§B§0§lI§x§E§7§5§3§A§3§lT§x§E§4§3§A§9§6§lY from expire
[14:05:42] > mae remove x1 §c§lPower stick v2 from expire
[14:05:56] > mae added x1 §x§E§4§3§A§9§6§lW§x§E§7§5§3§A§3§lI§x§E§B§6§B§B§0§lN§x§E§E§8§4§B§D§lG§x§F§2§9§D§C§B§lS §x§F§8§C§E§E§5§lO§x§F§C§E§6§F§2§lF §x§F§C§E§6§F§2§lE§x§F§8§C§E§E§5§lT§x§F§5§B§5§D§8§lE§x§F§2§9§D§C§B§lR§x§E§E§8§4§B§D§lN§x§E§B§6§B§B§0§lI§x§E§7§5§3§A§3§lT§x§E§4§3§A§9§6§lY in auction for 8000000.
[14:08:54] > R4YVEN remove x1 §x§5§9§A§1§D§9§lA§x§7§5§B§1§D§Fr§x§9§0§C§0§E§6c§x§A§C§D§0§E§Ch§x§C§8§E§0§F§2a§x§E§3§E§F§F§9n§fg§x§E§3§E§F§F§9e§x§C§8§E§0§F§2l §x§9§0§C§0§E§6K§x§7§5§B§1§D§Fe§x§5§9§A§1§D§9y from storage
[14:10:12] > RebornKimmy buy x1 §x§3§4§9§8§D§Bꜱᴋᴇʟᴇᴛᴏɴ ꜱᴘᴀᴡɴᴇʀ to Cynishere for $1,000,000.
[14:10:16] > RebornKimmy remove x1 §x§3§4§9§8§D§Bꜱᴋᴇʟᴇᴛᴏɴ ꜱᴘᴀᴡɴᴇʀ from buy
[14:11:54] > Cynishere added x1 §x§3§4§9§8§D§Bꜱᴋᴇʟᴇᴛᴏɴ ꜱᴘᴀᴡɴᴇʀ in auction for 1000000.
[14:12:51] > Cynishere added x3 §x§3§4§9§8§D§Bꜱᴋᴇʟᴇᴛᴏɴ ꜱᴘᴀᴡɴᴇʀ in auction for 3000000.
[14:13:08] > imnectarfr added x5 Deepslate diamond ore in auction for 10.
[14:13:14] > seankeddie buy x5 Deepslate diamond ore to imnectarfr for $10.
[14:13:25] > Anc_Kyoto buy x30 Firework rocket to McWhopper for $5,000.
[14:13:35] > Anc_Kyoto remove x30 Firework rocket from buy
[14:14:12] > R4YVEN added x1 §x§5§9§A§1§D§9§lA§x§7§5§B§1§D§Fr§x§9§0§C§0§E§6c§x§A§C§D§0§E§Ch§x§C§8§E§0§F§2a§x§E§3§E§F§F§9n§fg§x§E§3§E§F§F§9e§x§C§8§E§0§F§2l §x§9§0§C§0§E§6K§x§7§5§B§1§D§Fe§x§5§9§A§1§D§9y in auction for 2000000.
[14:14:39] > Cynishere remove x3 §x§3§4§9§8§D§Bꜱᴋᴇʟᴇᴛᴏɴ ꜱᴘᴀᴡɴᴇʀ from storage
[14:14:46] > Cynishere remove x3 §x§3§4§9§8§D§Bꜱᴋᴇʟᴇᴛᴏɴ ꜱᴘᴀᴡɴᴇʀ from expire
[14:14:56] > RebornKimmy buy x1 §x§3§4§9§8§D§Bꜱᴋᴇʟᴇᴛᴏɴ ꜱᴘᴀᴡɴᴇʀ to Cynishere for $1,000,000.
[14:15:09] > RebornKimmy remove x1 §x§3§4§9§8§D§Bꜱᴋᴇʟᴇᴛᴏɴ ꜱᴘᴀᴡɴᴇʀ from buy
[14:15:41] > NoClarity added x1 cuddlycow's milk in auction for 999999999999999.
[14:15:44] > NoClarity remove x1 cuddlycow's milk from storage
[14:18:46] > Cynishere added x2 §x§3§4§9§8§D§Bꜱᴘɪᴅᴇʀ ꜱᴘᴀᴡɴᴇʀ in auction for 2000000.
[14:20:31] > Cynishere added x1 §f§l§x§E§4§3§A§3§AM§x§D§8§4§6§3§Ae§x§C§D§5§2§3§Ar§x§C§1§5§E§3§Ar§x§B§6§6§9§3§9y§x§A§A§7§5§3§9 §x§9§E§8§1§3§9C§x§9§3§8§D§3§9h§x§8§7§9§9§3§9r§x§7§B§A§5§3§9i§x§7§0§B§0§3§8s§x§6§4§B§C§3§8t§x§5§9§C§8§3§8m§x§4§D§D§4§3§8a§x§5§9§C§8§3§8s§x§6§4§B§C§3§8 §x§7§0§B§0§3§8F§x§7§B§A§5§3§9i§x§8§7§9§9§3§9s§x§9§3§8§D§3§9h§x§9§E§8§1§3§9i§x§A§A§7§5§3§9n§x§B§6§6§9§3§9g§x§C§1§5§E§3§A §x§C§D§5§2§3§Ar§x§D§8§4§6§3§Ao§x§E§4§3§A§3§Ad in auction for 400000.
[14:22:17] > younglion1224 added x64 Firework rocket in auction for 10000.
[14:26:19] > Enyara buy x23 Redstone block to Arthur for $20,000.
[14:36:11] > Anc_Kyoto buy x64 Firework rocket to younglion1224 for $10,000.
[15:02:58] > NoClarity added x3 Deepslate coal ore in auction for 10000.
[15:09:47] > EXEZUNO added x1 Flow armor trim smithing template in auction for 20000.
[15:09:52] > JinSoul15 buy x1 Flow armor trim smithing template to EXEZUNO for $20,000.
[15:24:05] > x1 §f§l§x§E§4§3§A§3§AM§x§D§8§4§6§3§Ae§x§C§D§5§2§3§Ar§x§C§1§5§E§3§Ar§x§B§6§6§9§3§9y§x§A§A§7§5§3§9 §x§9§E§8§1§3§9C§x§9§3§8§D§3§9h§x§8§7§9§9§3§9r§x§7§B§A§5§3§9i§x§7§0§B§0§3§8s§x§6§4§B§C§3§8t§x§5§9§C§8§3§8m§x§4§D§D§4§3§8a§x§5§9§C§8§3§8s§x§6§4§B§C§3§8 §x§7§0§B§0§3§8F§x§7§B§A§5§3§9i§x§8§7§9§9§3§9s§x§9§3§8§D§3§9h§x§9§E§8§1§3§9i§x§A§A§7§5§3§9n§x§B§6§6§9§3§9g§x§C§1§5§E§3§A §x§C§D§5§2§3§Ar§x§D§8§4§6§3§Ao§x§E§4§3§A§3§Ad on sale by nachfaust has just expired, it goes in the inventory of expired items.
[15:25:38] > Clifford added x1 Enchanted golden apple in auction for 5000.
[15:25:42] > Apprintance buy x1 Enchanted golden apple to Clifford for $5,000.
[15:28:16] > Ryzxc remove x1 §x§3§4§9§8§D§Bʙʟᴀᴢᴇ ꜱᴘᴀᴡɴᴇʀ from buy
[15:51:42] > Clifford added x64 Cobbled deepslate in auction for 500.
[16:21:21] > sinigang_nababoy remove x1 Bow form storage
[16:21:21] > sinigang_nababoy remove x1 §fVex Plushie §6(#89/101) form storage
[16:22:32] > sinigang_nababoy buy x1 §x§F§F§7§C§0§0§lSteamsparks Pickaxe to MhicksGaming for $200,000.
[16:22:40] > sinigang_nababoy remove x1 §x§F§F§7§C§0§0§lSteamsparks Pickaxe from buy
[16:29:47] > imnectarfr added x1 Shulker box in auction for 100000.
[16:34:29] > Kenamin remove x1 §x§F§F§3§E§0§0§lSellwand Voucher from storage
[16:34:29] > Kenamin remove x1 §x§F§F§3§E§0§0§lSellwand Voucher from storage
[17:07:32] > MasterElrel added x1 §x§E§5§1§B§1§B§lDracula Blade in auction for 100000.
[17:15:29] > sinigang_nababoy added x1 §x§F§F§7§C§0§0§lSteamsparks Pickaxe in auction for 300000.
[17:15:42] > Biloo buy x1 §x§F§F§7§C§0§0§lSteamsparks Pickaxe to sinigang_nababoy for $300,000.
[17:15:52] > Biloo remove x1 §x§F§F§7§C§0§0§lSteamsparks Pickaxe from buy
[17:17:00] > sinigang_nababoy buy x1 Lead to yxsin112 for $15.
[17:17:03] > sinigang_nababoy buy x1 Shine Oni Sickle to yxsin112 for $10.
[17:21:50] > sinigang_nababoy remove x1 §x§F§F§5§5§0§0§lsᴇʟʟᴡᴀɴᴅ §6- 5.0x from expire
[17:21:54] > sinigang_nababoy remove x1 Shulker box from expire
[17:22:09] > sinigang_nababoy added x1 §x§F§F§5§5§0§0§lsᴇʟʟᴡᴀɴᴅ §6- 5.0x in auction for 450000.
[17:22:26] > JinSoul15 remove x1 Flow armor trim smithing template from buy
[17:26:51] > sinigang_nababoy remove x1 §x§F§F§5§5§0§0§lsᴇʟʟᴡᴀɴᴅ §6- 5.0x from storage
[17:26:57] > sinigang_nababoy remove x1 §x§F§F§5§5§0§0§lsᴇʟʟᴡᴀɴᴅ §6- 5.0x from expire
[17:27:00] > sinigang_nababoy remove x64 Iron ingot from expire
[17:27:01] > sinigang_nababoy remove x64 Iron ingot from expire
[17:27:27] > sinigang_nababoy added x1 §x§F§F§5§5§0§0§lsᴇʟʟᴡᴀɴᴅ §6- 5.0x in auction for 400000.
[17:39:29] > mumbowe777 buy x1 §x§F§C§D§0§5§C§lB§x§E§6§D§3§6§B§la§x§C§F§D§5§7§A§ls§x§B§9§D§8§8§9§li§x§A§2§D§A§9§8§lc §x§7§5§D§F§B§6§lC§x§5§F§E§2§C§5§lr§x§7§5§D§F§B§6§la§x§8§C§D§D§A§7§lt§x§A§2§D§A§9§8§le §x§C§F§D§5§7§A§lK§x§E§6§D§3§6§B§le§x§F§C§D§0§5§C§ly to Cynishere for $60,000.
[17:40:25] > mumbowe777 remove x1 §x§F§F§7§C§0§0§lSteamsparks Bow form storage
[17:40:32] > mumbowe777 added x1 §x§F§F§7§C§0§0§lSteamsparks Bow in auction for 1000000.
[17:40:40] > mumbowe777 remove x1 §x§F§F§7§C§0§0§lSteamsparks Bow from storage
[17:40:50] > mumbowe777 added x1 §x§F§F§7§C§0§0§lSteamsparks Bow in auction for 100000.
[17:49:03] > Biloo added x1 §x§F§F§3§E§0§0§lSellwand Voucher in auction for 1200000.
[17:49:23] > Crayzixks added x1 §x§F§F§5§5§0§0§lsᴇʟʟᴡᴀɴᴅ §6- 5.0x in auction for 350000.
[17:49:30] > Fogstrap buy x1 §x§F§F§5§5§0§0§lsᴇʟʟᴡᴀɴᴅ §6- 5.0x to Crayzixks for $350,000.
[17:49:39] > Zypher_0w0 buy x1 §x§F§F§5§5§0§0§lsᴇʟʟᴡᴀɴᴅ §6- 5.0x to sinigang_nababoy for $400,000.
[17:49:46] > Crayzixks added x1 §x§F§F§5§5§0§0§lsᴇʟʟᴡᴀɴᴅ §6- 10.0x in auction for 1000000.
[17:49:59] > Zypher_0w0 buy x1 §x§F§F§5§5§0§0§lsᴇʟʟᴡᴀɴᴅ §6- 10.0x to Crayzixks for $1,000,000.
[17:50:38] > younglion1224 added x1 §x§F§F§3§E§0§0§lSellwand Voucher in auction for 1500000.
[17:50:41] > Broodie added x1 §x§F§F§5§5§0§0§lsᴇʟʟᴡᴀɴᴅ §6- 20.0x in auction for 2300000.
[17:50:43] > mumbowe777 added x1 §f§l§x§E§4§3§A§3§AM§x§D§3§4§B§3§Ae§x§C§2§5§C§3§Ar§x§B§2§6§D§3§9r§x§A§1§7§E§3§9y§x§9§0§9§0§3§9 §x§7§F§A§1§3§9C§x§6§F§B§2§3§8h§x§5§E§C§3§3§8r§x§4§D§D§4§3§8i§x§5§E§C§3§3§8s§x§6§F§B§2§3§8t§x§7§F§A§1§3§9m§x§9§0§9§0§3§9a§x§A§1§7§E§3§9s§x§B§2§6§D§3§9 §x§C§2§5§C§3§AB§x§D§3§4§B§3§Ao§x§E§4§3§A§3§Aw in auction for 300000.
[17:50:57] > EXEZUNO added x1 §fWitch Hat in auction for 30000.
[17:51:01] > mumbowe777 added x1 §x§F§F§7§C§0§0§lSteamsparks Spear in auction for 100000.
[17:51:16] > tic_sz buy x1 §x§F§F§5§5§0§0§lsᴇʟʟᴡᴀɴᴅ §6- 20.0x to Broodie for $2,300,000.
[17:51:20] > tic_sz remove x1 §x§F§F§5§5§0§0§lsᴇʟʟᴡᴀɴᴅ §6- 20.0x from buy
[17:51:21] > tic_sz remove x1 §x§E§5§1§B§1§B§lDracula Chestplate from buy
[17:51:22] > tic_sz remove x64 Experience bottle from buy
[17:51:23] > tic_sz remove x1 Merry Christmas Wings from buy
[17:51:33] > younglion1224 added x1 §fSun Visor Hat in auction for 10000.
[17:53:14] > 3xdmge added x15 §x§F§C§9§0§5§C§lE§x§E§6§9§C§6§B§lp§x§C§F§A§7§7§A§li§x§B§9§B§3§8§9§lc §x§8§C§C§B§A§7§lC§x§7§5§D§6§B§6§lr§x§5§F§E§2§C§5§la§x§7§9§D§4§B§4§lt§x§9§3§C§7§A§2§le §x§C§8§A§B§7§F§lK§x§E§2§9§E§6§E§le§x§F§C§9§0§5§C§ly in auction for 350000.
[17:56:05] > mae remove x4 §x§5§C§C§F§F§C§lC§x§5§C§D§1§F§5§lo§x§5§D§D§4§E§E§ls§x§5§D§D§6§E§7§lm§x§5§E§D§9§E§1§le§x§5§E§D§B§D§A§lt§x§5§E§D§D§D§3§li§x§5§F§E§0§C§C§lc §x§5§F§E§0§C§C§lH§x§5§E§D§D§D§3§la§x§5§E§D§B§D§A§lt§x§5§E§D§9§E§1§ls §x§5§D§D§4§E§E§lK§x§5§C§D§1§F§5§le§x§5§C§C§F§F§C§ly from expire
[17:57:53] > CuddlyCow added x1 §x§F§C§D§0§5§C§lB§x§E§6§D§3§6§B§la§x§C§F§D§5§7§A§ls§x§B§9§D§8§8§9§li§x§A§2§D§A§9§8§lc §x§7§5§D§F§B§6§lC§x§5§F§E§2§C§5§lr§x§7§5§D§F§B§6§la§x§8§C§D§D§A§7§lt§x§A§2§D§A§9§8§le §x§C§F§D§5§7§A§lK§x§E§6§D§3§6§B§le§x§F§C§D§0§5§C§ly in auction for 10.
[17:57:58] > Broodie buy x1 §x§F§C§D§0§5§C§lB§x§E§6§D§3§6§B§la§x§C§F§D§5§7§A§ls§x§B§9§D§8§8§9§li§x§A§2§D§A§9§8§lc §x§7§5§D§F§B§6§lC§x§5§F§E§2§C§5§lr§x§7§5§D§F§B§6§la§x§8§C§D§D§A§7§lt§x§A§2§D§A§9§8§le §x§C§F§D§5§7§A§lK§x§E§6§D§3§6§B§le§x§F§C§D§0§5§C§ly to CuddlyCow for $10.
[18:07:02] > Broodie buy x1 §fSun Visor Hat to younglion1224 for $10,000.
[18:07:20] > Broodie remove x1 §fSun Visor Hat from buy
[18:09:29] > Crayzixks added x1 §x§F§F§5§5§0§0§lsᴇʟʟᴡᴀɴᴅ §6- 5.0x in auction for 500000.
[18:09:50] > mae remove x1 §x§E§4§3§A§9§6§lW§x§E§7§5§3§A§3§lI§x§E§B§6§B§B§0§lN§x§E§E§8§4§B§D§lG§x§F§2§9§D§C§B§lS §x§F§8§C§E§E§5§lO§x§F§C§E§6§F§2§lF §x§F§C§E§6§F§2§lE§x§F§8§C§E§E§5§lT§x§F§5§B§5§D§8§lE§x§F§2§9§D§C§B§lR§x§E§E§8§4§B§D§lN§x§E§B§6§B§B§0§lI§x§E§7§5§3§A§3§lT§x§E§4§3§A§9§6§lY from storage
[18:11:03] > Crayzixks remove x1 §x§F§F§5§5§0§0§lsᴇʟʟᴡᴀɴᴅ §6- 5.0x from storage
[18:11:11] > Crayzixks remove x1 §f§l§x§8§A§0§0§F§FS§x§9§C§0§0§D§5h§x§A§D§0§0§A§Ai§x§B§F§0§0§8§0n§x§D§0§0§0§5§5e§x§E§2§0§0§2§B §x§F§3§0§0§0§0O§x§E§2§0§0§2§An§x§D§0§0§0§5§5i§x§B§F§0§0§8§0 §x§A§D§0§0§A§AH§x§9§C§0§0§D§5o§x§8§A§0§0§F§Fe from storage
[18:11:13] > Crayzixks remove x1 §x§F§F§3§E§0§0§lSellwand Voucher from storage
[18:11:20] > Crayzixks added x1 §x§F§F§5§5§0§0§lsᴇʟʟᴡᴀɴᴅ §6- 5.0x in auction for 350000.
[18:13:19] > Crayzixks added x1 §x§F§F§3§E§0§0§lSellwand Voucher in auction for 1250000.
[18:13:51] > Biloo remove x1 §x§F§F§3§E§0§0§lSellwand Voucher from storage
[18:14:04] > Crayzixks remove x1 §x§F§F§5§5§0§0§lsᴇʟʟᴡᴀɴᴅ §6- 5.0x from storage
[18:14:58] > Biloo added x16 Shroomlight in auction for 67.
[18:15:03] > Trapers1 buy x16 Shroomlight to Biloo for $67.
[18:15:05] > Crayzixks added x1 §x§F§F§5§5§0§0§lsᴇʟʟᴡᴀɴᴅ §6- 5.0x in auction for 300000.
[18:15:10] > Fogstrap buy x1 §x§F§F§5§5§0§0§lsᴇʟʟᴡᴀɴᴅ §6- 5.0x to Crayzixks for $300,000.
[18:16:21] > Crayzixks remove x1 §x§F§F§3§E§0§0§lSellwand Voucher from storage
[18:18:25] > Crayzixks added x1 §x§F§F§5§5§0§0§lsᴇʟʟᴡᴀɴᴅ §6- 20.0x in auction for 2000000.
[18:18:37] > Icon_Skully buy x1 §x§F§F§5§5§0§0§lsᴇʟʟᴡᴀɴᴅ §6- 20.0x to Crayzixks for $2,000,000.
[18:18:46] > zappyduo buy x1 §fWitch Hat to EXEZUNO for $30,000.
[18:19:20] > Icon_Skully remove x1 §x§F§F§5§5§0§0§lsᴇʟʟᴡᴀɴᴅ §6- 20.0x from buy
[18:20:48] > vortexcore added x4 Netherite ingot in auction for 67000.
[18:21:02] > Mugiwara22 buy x4 Netherite ingot to vortexcore for $67,000.
[18:23:31] > vortexcore added x1 §x§E§E§0§0§0§0§lᴜɴʟɪᴍɪᴛᴇᴅ sᴇʟʟᴡᴀɴᴅ in auction for 2000.
[18:23:38] > Edabis buy x1 §x§E§E§0§0§0§0§lᴜɴʟɪᴍɪᴛᴇᴅ sᴇʟʟᴡᴀɴᴅ to vortexcore for $2,000.
[18:23:54] > Edabis remove x1 §x§E§E§0§0§0§0§lᴜɴʟɪᴍɪᴛᴇᴅ sᴇʟʟᴡᴀɴᴅ from buy
[18:24:02] > mumbowe777 buy x64 Firework rocket to nachfaust for $35,000.
[18:24:06] > mumbowe777 buy x64 Firework rocket to nachfaust for $30,000.
[18:25:40] > Wemmbuo added x1 §x§F§F§3§E§0§0§lSellwand Voucher in auction for 970000.
[18:25:45] > iiYang buy x1 Netherite upgrade smithing template to R4YVEN for $150,000.
[18:25:49] > mumbowe777 remove x1 §x§F§F§5§5§0§0§lsᴇʟʟᴡᴀɴᴅ §6- 5.0x from buy
[18:25:50] > mumbowe777 remove x64 Firework rocket from buy
[18:25:50] > mumbowe777 remove x1 §x§F§C§D§0§5§C§lB§x§E§6§D§3§6§B§la§x§C§F§D§5§7§A§ls§x§B§9§D§8§8§9§li§x§A§2§D§A§9§8§lc §x§7§5§D§F§B§6§lC§x§5§F§E§2§C§5§lr§x§7§5§D§F§B§6§la§x§8§C§D§D§A§7§lt§x§A§2§D§A§9§8§le §x§C§F§D§5§7§A§lK§x§E§6§D§3§6§B§le§x§F§C§D§0§5§C§ly from buy
[18:25:51] > mumbowe777 remove x64 Firework rocket from buy
[18:25:55] > iiYang buy x2 Dune armor trim smithing template to .JakeTheMiner457 for $45,000.
[18:26:31] > Wemmbuo remove x1 §x§F§F§3§E§0§0§lSellwand Voucher from storage
[18:26:41] > Wemmbuo added x1 §x§F§F§3§E§0§0§lSellwand Voucher in auction for 965000.
[18:29:43] > Edabis added x1 §x§E§E§0§0§0§0§lᴜɴʟɪᴍɪᴛᴇᴅ sᴇʟʟᴡᴀɴᴅ in auction for 10.
[18:29:48] > 3xdmge buy x1 §x§E§E§0§0§0§0§lᴜɴʟɪᴍɪᴛᴇᴅ sᴇʟʟᴡᴀɴᴅ to Edabis for $10.
[18:30:02] > younglion1224 buy x1 Shulker box to imnectarfr for $100,000.
[18:30:05] > 3xdmge remove x1 §x§E§E§0§0§0§0§lᴜɴʟɪᴍɪᴛᴇᴅ sᴇʟʟᴡᴀɴᴅ from buy
[18:30:24] > Edabis added x1 §x§E§E§0§0§0§0§lᴜɴʟɪᴍɪᴛᴇᴅ sᴇʟʟᴡᴀɴᴅ in auction for 1000000.
[18:30:27] > younglion1224 remove x1 Shulker box from buy
[18:30:45] > ryise buy x64 Cobbled deepslate to Clifford for $500.
[18:30:52] > ryise remove x1 Bow form storage
[18:31:04] > ryise added x1 Bow in auction for 100000.
[18:31:17] > ryise remove x64 Cobbled deepslate from buy
[18:38:37] > 3xdmge added x15 §x§F§C§D§0§5§C§lB§x§E§6§D§3§6§B§la§x§C§F§D§5§7§A§ls§x§B§9§D§8§8§9§li§x§A§2§D§A§9§8§lc §x§7§5§D§F§B§6§lC§x§5§F§E§2§C§5§lr§x§7§5§D§F§B§6§la§x§8§C§D§D§A§7§lt§x§A§2§D§A§9§8§le §x§C§F§D§5§7§A§lK§x§E§6§D§3§6§B§le§x§F§C§D§0§5§C§ly in auction for 250000.
[18:38:48] > tic_sz added x1 §x§F§F§5§5§0§0§lsᴇʟʟᴡᴀɴᴅ §6- 10.0x in auction for 10.
[18:38:53] > Edabis buy x1 §x§F§F§5§5§0§0§lsᴇʟʟᴡᴀɴᴅ §6- 10.0x to tic_sz for $10.
[18:39:15] > Edabis remove x1 §x§F§F§5§5§0§0§lsᴇʟʟᴡᴀɴᴅ §6- 10.0x form buy
[18:40:41] > mae added x1 §f§l§x§8§A§0§0§F§FS§x§9§8§0§0§D§Dh§x§A§6§0§0§B§Bi§x§B§4§0§0§9§9n§x§C§2§0§0§7§7e§x§D§0§0§0§5§5 §x§D§E§0§0§3§3O§x§E§C§0§0§1§1ni§x§D§E§0§0§3§3 §x§D§0§0§0§5§5S§x§C§2§0§0§7§7h§x§B§4§0§0§9§9i§x§A§6§0§0§B§Be§x§9§8§0§0§D§Dl§x§8§A§0§0§F§Fd in auction for 1500000.
[18:47:27] > Trapers1 added x1 §x§F§F§5§5§0§0§lsᴇʟʟᴡᴀɴᴅ §6- 20.0x in auction for 2000000.
[18:47:52] > younglion1224 added x1 Totems in auction for 1000000.
[18:49:43] > king_ARK buy x1 §x§F§F§5§5§0§0§lsᴇʟʟᴡᴀɴᴅ §6- 20.0x to Trapers1 for $2,000,000.
[18:50:34] > king_ARK remove x1 §x§F§F§5§5§0§0§lsᴇʟʟᴡᴀɴᴅ §6- 10.0x from buy
[18:50:35] > king_ARK remove x1 §x§F§F§5§5§0§0§lsᴇʟʟᴡᴀɴᴅ §6- 20.0x from buy
[19:11:28] > vortexcore added x1 §x§5§9§A§1§D§9§lA§x§7§5§B§1§D§Fr§x§9§0§C§0§E§6c§x§A§C§D§0§E§Ch§x§C§8§E§0§F§2a§x§E§3§E§F§F§9n§fg§x§E§3§E§F§F§9e§x§C§8§E§0§F§2l §x§9§0§C§0§E§6K§x§7§5§B§1§D§Fe§x§5§9§A§1§D§9y in auction for 1111111.
[19:12:05] > vortexcore remove x1 Netherite upgrade smithing template from storage
[19:12:06] > vortexcore remove x1 §x§5§9§A§1§D§9§lA§x§7§5§B§1§D§Fr§x§9§0§C§0§E§6c§x§A§C§D§0§E§Ch§x§C§8§E§0§F§2a§x§E§3§E§F§F§9n§fg§x§E§3§E§F§F§9e§x§C§8§E§0§F§2l §x§9§0§C§0§E§6K§x§7§5§B§1§D§Fe§x§5§9§A§1§D§9y from storage
[19:12:24] > vortexcore added x1 Netherite upgrade smithing template in auction for 135000.
[19:12:43] > vortexcore added x1 §x§5§9§A§1§D§9§lA§x§7§5§B§1§D§Fr§x§9§0§C§0§E§6c§x§A§C§D§0§E§Ch§x§C§8§E§0§F§2a§x§E§3§E§F§F§9n§fg§x§E§3§E§F§F§9e§x§C§8§E§0§F§2l §x§9§0§C§0§E§6K§x§7§5§B§1§D§Fe§x§5§9§A§1§D§9y in auction for 1100000.
[19:12:56] > x1 §f§l§8B§x§6§2§6§2§6§2a§x§6§F§6§F§6§Fh§x§7§C§7§C§7§Ca§x§8§9§8§9§8§9m§x§9§6§9§6§9§6u§x§A§3§A§3§A§3t §x§9§6§9§6§9§6S§x§8§9§8§9§8§9h§x§7§C§7§C§7§Co§x§6§F§6§F§6§Fv§x§6§2§6§2§6§2e§8l, item of Takeremu, has just expired, the item is definitively deleted.
[19:12:56] > x1 §x§5§9§A§1§D§9§lA§x§6§A§A§A§D§Dr§x§7§A§B§4§E§1c§x§8§B§B§D§E§4h§x§9§B§C§7§E§8a§x§A§C§D§0§E§Cn§x§B§D§D§9§F§0g§x§C§D§E§3§F§4e§x§D§E§E§C§F§7l §fG§x§E§D§F§5§F§Br§x§D§A§E§A§F§7e§x§C§8§E§0§F§2a§x§B§5§D§5§E§Et§x§A§3§C§B§E§As§x§9§0§C§0§E§6w§x§7§E§B§6§E§1o§x§6§B§A§B§D§Dr§x§5§9§A§1§D§9d, item of Kwienn, has just expired, the item is definitively deleted.
[19:27:21] > PlayTexts buy x15 §x§F§C§D§0§5§C§lB§x§E§6§D§3§6§B§la§x§C§F§D§5§7§A§ls§x§B§9§D§8§8§9§li§x§A§2§D§A§9§8§lc §x§7§5§D§F§B§6§lC§x§5§F§E§2§C§5§lr§x§7§5§D§F§B§6§la§x§8§C§D§D§A§7§lt§x§A§2§D§A§9§8§le §x§C§F§D§5§7§A§lK§x§E§6§D§3§6§B§le§x§F§C§D§0§5§C§ly to 3xdmge for $250,000.
[19:27:30] > PlayTexts remove x15 §x§F§C§D§0§5§C§lB§x§E§6§D§3§6§B§la§x§C§F§D§5§7§A§ls§x§B§9§D§8§8§9§li§x§A§2§D§A§9§8§lc §x§7§5§D§F§B§6§lC§x§5§F§E§2§C§5§lr§x§7§5§D§F§B§6§la§x§8§C§D§D§A§7§lt§x§A§2§D§A§9§8§le §x§C§F§D§5§7§A§lK§x§E§6§D§3§6§B§le§x§F§C§D§0§5§C§ly from buy
[19:30:43] > PlayTexts added x1 §x§F§F§5§5§0§0§lsᴇʟʟᴡᴀɴᴅ §6- 5.0x in auction for 350000.
[19:30:48] > Fogstrap buy x1 §x§F§F§5§5§0§0§lsᴇʟʟᴡᴀɴᴅ §6- 5.0x to PlayTexts for $350,000.
[19:34:04] > Solene buy x15 §x§F§C§9§0§5§C§lE§x§E§6§9§C§6§B§lp§x§C§F§A§7§7§A§li§x§B§9§B§3§8§9§lc §x§8§C§C§B§A§7§lC§x§7§5§D§6§B§6§lr§x§5§F§E§2§C§5§la§x§7§9§D§4§B§4§lt§x§9§3§C§7§A§2§le §x§C§8§A§B§7§F§lK§x§E§2§9§E§6§E§le§x§F§C§9§0§5§C§ly to 3xdmge for $350,000.
[19:34:27] > Solene remove x15 §x§F§C§9§0§5§C§lE§x§E§6§9§C§6§B§lp§x§C§F§A§7§7§A§li§x§B§9§B§3§8§9§lc §x§8§C§C§B§A§7§lC§x§7§5§D§6§B§6§lr§x§5§F§E§2§C§5§la§x§7§9§D§4§B§4§lt§x§9§3§C§7§A§2§le §x§C§8§A§B§7§F§lK§x§E§2§9§E§6§E§le§x§F§C§9§0§5§C§ly from buy
[19:50:24] > vortexcore added x4 Netherite ingot in auction for 400000.
[19:58:19] > Zee_ buy x1 §x§F§F§3§E§0§0§lSellwand Voucher to Wemmbuo for $965,000.
[19:58:30] > Zee_ buy x1 §x§F§F§3§E§0§0§lSellwand Voucher to .Allxnzv for $1,100,000.
[19:58:35] > x1 §x§F§F§5§5§0§0§lsᴇʟʟᴡᴀɴᴅ §6- 10.0x, bought by Trapers1, has just expired, the item is definitively deleted.
[19:58:36] > Zee_ remove x1 §x§F§F§3§E§0§0§lSellwand Voucher from buy
[19:58:36] > Zee_ remove x1 §x§F§F§3§E§0§0§lSellwand Voucher from buy
[20:03:27] > x1 §f§l§x§8§A§0§0§F§FS§x§9§8§0§0§D§Dh§x§A§6§0§0§B§Bi§x§B§4§0§0§9§9n§x§C§2§0§0§7§7e§x§D§0§0§0§5§5 §x§D§E§0§0§3§3O§x§E§C§0§0§1§1ni§x§D§E§0§0§3§3 §x§D§0§0§0§5§5S§x§C§2§0§0§7§7h§x§B§4§0§0§9§9o§x§A§6§0§0§B§Bv§x§9§8§0§0§D§De§x§8§A§0§0§F§Fl on sale by blueheadedzwager has just expired, it goes in the inventory of expired items.
[20:03:27] > x1 §f§l§x§8§A§0§0§F§FS§x§9§5§0§0§E§4h§x§A§0§0§0§C§9i§x§A§B§0§0§A§En§x§B§6§0§0§9§4e§x§C§1§0§0§7§9 §x§C§C§0§0§5§EO§x§D§7§0§0§4§3n§x§E§2§0§0§2§8i§x§E§D§0§0§0§D B§x§E§2§0§0§2§8a§x§D§7§0§0§4§3t§x§C§C§0§0§5§Et§x§C§1§0§0§7§9l§x§B§6§0§0§9§4e§x§A§B§0§0§A§E §x§A§0§0§0§C§9A§x§9§5§0§0§E§4x§x§8§A§0§0§F§Fe on sale by blueheadedzwager has just expired, it goes in the inventory of expired items.
[20:13:15] > x1 §f§l§x§E§4§3§A§3§AM§x§D§6§4§9§3§Ae§x§C§7§5§7§3§Ar§x§B§9§6§6§3§9r§x§A§A§7§5§3§9y§x§9§C§8§3§3§9 §x§8§E§9§2§3§9C§x§7§F§A§1§3§9h§x§7§1§A§F§3§8r§x§6§3§B§E§3§8i§x§5§4§C§D§3§8st§x§6§3§B§E§3§8m§x§7§1§A§F§3§8a§x§7§F§A§1§3§9s§x§8§E§9§2§3§9 §x§9§C§8§3§3§9H§x§A§A§7§5§3§9a§x§B§9§6§6§3§9m§x§C§7§5§7§3§Am§x§D§6§4§9§3§Ae§x§E§4§3§A§3§Ar on sale by .FumingOne105221 has just expired, it goes in the inventory of expired items.
[20:14:37] > younglion1224 buy x64 Redstone block to Arthur for $100,000.
[20:14:42] > younglion1224 remove x64 Redstone block from buy
[20:15:40] > Horheee remove x1 §x§E§5§1§B§1§B§lDracula Helmet from storage
[20:15:40] > Horheee remove x1 §f§l§x§E§4§3§A§3§AM§x§D§5§4§9§3§Ae§x§C§6§5§9§3§Ar§x§B§7§6§8§3§9r§x§A§8§7§8§3§9y§x§9§9§8§7§3§9 §x§8§9§9§6§3§9C§x§7§A§A§6§3§9h§x§6§B§B§5§3§8r§x§5§C§C§5§3§8i§x§4§D§D§4§3§8s§x§5§C§C§5§3§8t§x§6§B§B§5§3§8m§x§7§A§A§6§3§9a§x§8§9§9§6§3§9s§x§9§9§8§7§3§9 §x§A§8§7§8§3§9S§x§B§7§6§8§3§9w§x§C§6§5§9§3§Ao§x§D§5§4§9§3§Ar§x§E§4§3§A§3§Ad from storage
[20:15:41] > Horheee remove x1 §f§l§x§E§4§3§A§3§AM§x§D§5§4§9§3§Ae§x§C§6§5§9§3§Ar§x§B§7§6§8§3§9r§x§A§8§7§8§3§9y§x§9§9§8§7§3§9 §x§8§9§9§6§3§9C§x§7§A§A§6§3§9h§x§6§B§B§5§3§8r§x§5§C§C§5§3§8i§x§4§D§D§4§3§8s§x§5§C§C§5§3§8t§x§6§B§B§5§3§8m§x§7§A§A§6§3§9a§x§8§9§9§6§3§9s§x§9§9§8§7§3§9 §x§A§8§7§8§3§9S§x§B§7§6§8§3§9t§x§C§6§5§9§3§Aa§x§D§5§4§9§3§Af§x§E§4§3§A§3§Af from storage
[20:15:41] > Horheee remove x1 §f§l§x§F§C§D§0§5§CW§x§F§A§A§2§4§8u§x§F§8§7§4§3§3k§x§F§6§4§5§1§Fo§x§F§4§1§7§0§Ang§x§F§6§4§5§1§F §x§F§8§7§4§3§3H§x§F§A§A§2§4§8o§x§F§C§D§0§5§Ce from storage
[20:15:42] > Horheee remove x1 §x§F§F§7§C§0§0§lSteamsparks Axe from storage
[20:15:53] > Horheee added x1 §f§l§x§F§C§D§0§5§CW§x§F§A§A§2§4§8u§x§F§8§7§4§3§3k§x§F§6§4§5§1§Fo§x§F§4§1§7§0§Ang§x§F§6§4§5§1§F §x§F§8§7§4§3§3H§x§F§A§A§2§4§8o§x§F§C§D§0§5§Ce in auction for 200000.
[20:17:39] > Horheee added x1 §f§l§x§E§4§3§A§3§AM§x§D§5§4§9§3§Ae§x§C§6§5§9§3§Ar§x§B§7§6§8§3§9r§x§A§8§7§8§3§9y§x§9§9§8§7§3§9 §x§8§9§9§6§3§9C§x§7§A§A§6§3§9h§x§6§B§B§5§3§8r§x§5§C§C§5§3§8i§x§4§D§D§4§3§8s§x§5§C§C§5§3§8t§x§6§B§B§5§3§8m§x§7§A§A§6§3§9a§x§8§9§9§6§3§9s§x§9§9§8§7§3§9 §x§A§8§7§8§3§9S§x§B§7§6§8§3§9t§x§C§6§5§9§3§Aa§x§D§5§4§9§3§Af§x§E§4§3§A§3§Af in auction for 400000.
[20:17:52] > Horheee added x1 §f§l§x§E§4§3§A§3§AM§x§D§5§4§9§3§Ae§x§C§6§5§9§3§Ar§x§B§7§6§8§3§9r§x§A§8§7§8§3§9y§x§9§9§8§7§3§9 §x§8§9§9§6§3§9C§x§7§A§A§6§3§9h§x§6§B§B§5§3§8r§x§5§C§C§5§3§8i§x§4§D§D§4§3§8s§x§5§C§C§5§3§8t§x§6§B§B§5§3§8m§x§7§A§A§6§3§9a§x§8§9§9§6§3§9s§x§9§9§8§7§3§9 §x§A§8§7§8§3§9S§x§B§7§6§8§3§9w§x§C§6§5§9§3§Ao§x§D§5§4§9§3§Ar§x§E§4§3§A§3§Ad in auction for 300000.
[20:18:02] > JinSoul15 buy x1 §f§l§x§E§4§3§A§3§AM§x§D§5§4§9§3§Ae§x§C§6§5§9§3§Ar§x§B§7§6§8§3§9r§x§A§8§7§8§3§9y§x§9§9§8§7§3§9 §x§8§9§9§6§3§9C§x§7§A§A§6§3§9h§x§6§B§B§5§3§8r§x§5§C§C§5§3§8i§x§4§D§D§4§3§8s§x§5§C§C§5§3§8t§x§6§B§B§5§3§8m§x§7§A§A§6§3§9a§x§8§9§9§6§3§9s§x§9§9§8§7§3§9 §x§A§8§7§8§3§9S§x§B§7§6§8§3§9w§x§C§6§5§9§3§Ao§x§D§5§4§9§3§Ar§x§E§4§3§A§3§Ad to Horheee for $300,000.
[20:18:38] > Horheee added x1 §x§E§5§1§B§1§B§lDracula Helmet in auction for 150000.
[20:18:52] > Horheee added x1 §x§F§F§7§C§0§0§lSteamsparks Axe in auction for 150000.
[20:20:10] > Horheee added x9 Enchanted golden apple in auction for 150000.
[20:20:35] > Horheee remove x1 §f§l§x§F§C§D§0§5§CW§x§F§A§A§2§4§8u§x§F§8§7§4§3§3k§x§F§6§4§5§1§Fo§x§F§4§1§7§0§Ang§x§F§6§4§5§1§F §x§F§8§7§4§3§3H§x§F§A§A§2§4§8o§x§F§C§D§0§5§Ce from storage
[20:20:41] > Horheee added x1 §f§l§x§F§C§D§0§5§CW§x§F§A§A§2§4§8u§x§F§8§7§4§3§3k§x§F§6§4§5§1§Fo§x§F§4§1§7§0§Ang§x§F§6§4§5§1§F §x§F§8§7§4§3§3H§x§F§A§A§2§4§8o§x§F§C§D§0§5§Ce in auction for 100000.
[20:22:50] > Ryzxc added x1 Diamond chestplate in auction for 100.
[20:23:15] > JinSoul15 remove x1 §f§l§x§E§4§3§A§3§AM§x§D§5§4§9§3§Ae§x§C§6§5§9§3§Ar§x§B§7§6§8§3§9r§x§A§8§7§8§3§9y§x§9§9§8§7§3§9 §x§8§9§9§6§3§9C§x§7§A§A§6§3§9h§x§6§B§B§5§3§8r§x§5§C§C§5§3§8i§x§4§D§D§4§3§8s§x§5§C§C§5§3§8t§x§6§B§B§5§3§8m§x§7§A§A§6§3§9a§x§8§9§9§6§3§9s§x§9§9§8§7§3§9 §x§A§8§7§8§3§9S§x§B§7§6§8§3§9w§x§C§6§5§9§3§Ao§x§D§5§4§9§3§Ar§x§E§4§3§A§3§Ad from buy
[20:24:57] > ItzMePrinz05 buy x1 Diamond chestplate to Ryzxc for $100.
[20:29:29] > Ryzxc added x1 Iron axe in auction for 10.
[20:29:41] > Broodie buy x1 Iron axe to Ryzxc for $10.
[20:29:53] > Ryzxc added x3 Ominous trial key in auction for 20000.
[20:30:10] > Broodie buy x3 Ominous trial key to Ryzxc for $20,000.
[20:36:52] > Zypher_0w0 remove x1 /msg Mooshroom Enchanter:10k per item +500per book from storage
[20:37:28] > Zypher_0w0 added x1 /pwarp go TotemTrade Buying Mooshroom Plushies 50k in auction for 10000000000000.
[20:38:38] > Zypher_0w0 remove x1 §x§F§F§5§5§0§0§lsᴇʟʟᴡᴀɴᴅ §6- 5.0x form buy
[20:38:38] > Zypher_0w0 remove x1 §x§F§F§5§5§0§0§lsᴇʟʟᴡᴀɴᴅ §6- 10.0x form buy
[20:46:05] > Horheee buy x1 §x§F§F§7§C§0§0§lSteamsparks Hammer to .Allxnzv for $120,000.
[20:46:35] > Horheee remove x1 §x§F§F§7§C§0§0§lSteamsparks Hammer from buy
[20:49:22] > Horheee remove x9 Enchanted golden apple from storage
[20:49:31] > Horheee added x1 §x§F§F§3§E§0§0§lD§x§F§F§3§6§0§0§le§x§F§F§2§F§0§0§lm§x§F§F§2§7§0§0§lo§x§F§F§1§F§0§0§ln §x§F§F§1§0§0§0§lL§x§F§F§0§8§0§0§lo§x§F§F§0§0§0§0§lr§x§F§F§0§8§0§0§ld §x§F§F§1§7§0§0§lS§x§F§F§1§F§0§0§li§x§F§F§2§7§0§0§lc§x§F§F§2§F§0§0§lk§x§F§F§3§6§0§0§ll§x§F§F§3§E§0§0§le in auction for 250000.
[20:49:38] > Izumi buy x1 §x§F§F§3§E§0§0§lD§x§F§F§3§6§0§0§le§x§F§F§2§F§0§0§lm§x§F§F§2§7§0§0§lo§x§F§F§1§F§0§0§ln §x§F§F§1§0§0§0§lL§x§F§F§0§8§0§0§lo§x§F§F§0§0§0§0§lr§x§F§F§0§8§0§0§ld §x§F§F§1§7§0§0§lS§x§F§F§1§F§0§0§li§x§F§F§2§7§0§0§lc§x§F§F§2§F§0§0§lk§x§F§F§3§6§0§0§ll§x§F§F§3§E§0§0§le to Horheee for $250,000.
[20:49:43] > MochaFangs buy x64 Wither skeleton skull to Zypher_0w0 for $320,000.
[20:50:18] > Horheee remove x1 §f§l§x§E§4§3§A§3§AM§x§D§5§4§9§3§Ae§x§C§6§5§9§3§Ar§x§B§7§6§8§3§9r§x§A§8§7§8§3§9y§x§9§9§8§7§3§9 §x§8§9§9§6§3§9C§x§7§A§A§6§3§9h§x§6§B§B§5§3§8r§x§5§C§C§5§3§8i§x§4§D§D§4§3§8s§x§5§C§C§5§3§8t§x§6§B§B§5§3§8m§x§7§A§A§6§3§9a§x§8§9§9§6§3§9s§x§9§9§8§7§3§9 §x§A§8§7§8§3§9S§x§B§7§6§8§3§9t§x§C§6§5§9§3§Aa§x§D§5§4§9§3§Af§x§E§4§3§A§3§Af from storage
[20:50:18] > Horheee remove x1 §x§F§F§7§C§0§0§lSteamsparks Axe from storage
[20:50:19] > Horheee remove x1 §x§E§5§1§B§1§B§lDracula Helmet from storage
[20:50:19] > Horheee remove x1 §f§l§x§F§C§D§0§5§CW§x§F§A§A§2§4§8u§x§F§8§7§4§3§3k§x§F§6§4§5§1§Fo§x§F§4§1§7§0§Ang§x§F§6§4§5§1§F §x§F§8§7§4§3§3H§x§F§A§A§2§4§8o§x§F§C§D§0§5§Ce from storage
[20:50:25] > Horheee added x1 §x§E§5§1§B§1§B§lDracula Helmet in auction for 150000.
[20:50:45] > Horheee added x1 §f§l§x§F§C§D§0§5§CW§x§F§A§A§2§4§8u§x§F§8§7§4§3§3k§x§F§6§4§5§1§Fo§x§F§4§1§7§0§Ang§x§F§6§4§5§1§F §x§F§8§7§4§3§3H§x§F§A§A§2§4§8o§x§F§C§D§0§5§Ce in auction for 150000.
[20:50:59] > Horheee added x1 §f§l§x§E§4§3§A§3§AM§x§D§5§4§9§3§Ae§x§C§6§5§9§3§Ar§x§B§7§6§8§3§9r§x§A§8§7§8§3§9y§x§9§9§8§7§3§9 §x§8§9§9§6§3§9C§x§7§A§A§6§3§9h§x§6§B§B§5§3§8r§x§5§C§C§5§3§8i§x§4§D§D§4§3§8s§x§5§C§C§5§3§8t§x§6§B§B§5§3§8m§x§7§A§A§6§3§9a§x§8§9§9§6§3§9s§x§9§9§8§7§3§9 §x§A§8§7§8§3§9S§x§B§7§6§8§3§9t§x§C§6§5§9§3§Aa§x§D§5§4§9§3§Af§x§E§4§3§A§3§Af in auction for 250000.
[20:51:14] > Horheee added x1 §x§F§F§7§C§0§0§lSteamsparks Axe in auction for 150000.
[20:51:24] > Izumi remove x1 §x§F§F§3§E§0§0§lD§x§F§F§3§6§0§0§le§x§F§F§2§F§0§0§lm§x§F§F§2§7§0§0§lo§x§F§F§1§F§0§0§ln §x§F§F§1§0§0§0§lL§x§F§F§0§8§0§0§lo§x§F§F§0§0§0§0§lr§x§F§F§0§8§0§0§ld §x§F§F§1§7§0§0§lS§x§F§F§1§F§0§0§li§x§F§F§2§7§0§0§lc§x§F§F§2§F§0§0§lk§x§F§F§3§6§0§0§ll§x§F§F§3§E§0§0§le from buy
[20:55:46] > Mugiwara22 buy x2 §x§3§4§9§8§D§Bꜱᴘɪᴅᴇʀ ꜱᴘᴀᴡɴᴇʀ to Cynishere for $2,000,000.
[20:55:54] > Mugiwara22 remove x2 §x§3§4§9§8§D§Bꜱᴘɪᴅᴇʀ ꜱᴘᴀᴡɴᴇʀ from buy
[20:55:55] > Mugiwara22 remove x4 Netherite ingot from buy
[21:12:53] > Unforce01 buy x1 §f§l§x§E§4§3§A§3§AM§x§D§8§4§6§3§Ae§x§C§C§5§3§3§Ar§x§C§0§5§F§3§Ar§x§B§4§6§B§3§9y§x§A§8§7§8§3§9 §x§9§C§8§4§3§9C§x§8§F§9§0§3§9h§x§8§3§9§D§3§9r§x§7§7§A§9§3§9i§x§6§B§B§5§3§8s§x§5§F§C§2§3§8t§x§5§3§C§E§3§8ma§x§5§F§C§2§3§8s§x§6§B§B§5§3§8 §x§7§7§A§9§3§9C§x§8§3§9§D§3§9h§x§8§F§9§0§3§9e§x§9§C§8§4§3§9s§x§A§8§7§8§3§9t§x§B§4§6§B§3§9p§x§C§0§5§F§3§Al§x§C§C§5§3§3§Aa§x§D§8§4§6§3§At§x§E§4§3§A§3§Ae to nachfaust for $700,000.
[21:12:58] > Unforce01 remove x1 §f§l§x§E§4§3§A§3§AM§x§D§8§4§6§3§Ae§x§C§C§5§3§3§Ar§x§C§0§5§F§3§Ar§x§B§4§6§B§3§9y§x§A§8§7§8§3§9 §x§9§C§8§4§3§9C§x§8§F§9§0§3§9h§x§8§3§9§D§3§9r§x§7§7§A§9§3§9i§x§6§B§B§5§3§8s§x§5§F§C§2§3§8t§x§5§3§C§E§3§8ma§x§5§F§C§2§3§8s§x§6§B§B§5§3§8 §x§7§7§A§9§3§9C§x§8§3§9§D§3§9h§x§8§F§9§0§3§9e§x§9§C§8§4§3§9s§x§A§8§7§8§3§9t§x§B§4§6§B§3§9p§x§C§0§5§F§3§Al§x§C§C§5§3§3§Aa§x§D§8§4§6§3§At§x§E§4§3§A§3§Ae form buy
[21:24:19] > Horheee added x1 §x§F§F§7§C§0§0§lSteamsparks Hammer in auction for 750000.
[21:26:25] > MochaFangs remove x64 Wither skeleton skull from buy
[21:46:18] > Horheee remove x1 §x§E§5§1§B§1§B§lDracula Helmet from storage
[21:46:18] > Horheee remove x1 §f§l§x§E§4§3§A§3§AM§x§D§5§4§9§3§Ae§x§C§6§5§9§3§Ar§x§B§7§6§8§3§9r§x§A§8§7§8§3§9y§x§9§9§8§7§3§9 §x§8§9§9§6§3§9C§x§7§A§A§6§3§9h§x§6§B§B§5§3§8r§x§5§C§C§5§3§8i§x§4§D§D§4§3§8s§x§5§C§C§5§3§8t§x§6§B§B§5§3§8m§x§7§A§A§6§3§9a§x§8§9§9§6§3§9s§x§9§9§8§7§3§9 §x§A§8§7§8§3§9S§x§B§7§6§8§3§9t§x§C§6§5§9§3§Aa§x§D§5§4§9§3§Af§x§E§4§3§A§3§Af from storage
[21:46:19] > Horheee remove x1 §x§F§F§7§C§0§0§lSteamsparks Axe from storage
[21:46:19] > Horheee remove x1 §f§l§x§F§C§D§0§5§CW§x§F§A§A§2§4§8u§x§F§8§7§4§3§3k§x§F§6§4§5§1§Fo§x§F§4§1§7§0§Ang§x§F§6§4§5§1§F §x§F§8§7§4§3§3H§x§F§A§A§2§4§8o§x§F§C§D§0§5§Ce from storage
[21:46:20] > Horheee remove x1 §x§F§F§7§C§0§0§lSteamsparks Hammer from storage
[21:46:27] > Horheee added x1 §f§l§x§F§C§D§0§5§CW§x§F§A§A§2§4§8u§x§F§8§7§4§3§3k§x§F§6§4§5§1§Fo§x§F§4§1§7§0§Ang§x§F§6§4§5§1§F §x§F§8§7§4§3§3H§x§F§A§A§2§4§8o§x§F§C§D§0§5§Ce in auction for 150000.
[21:47:12] > Horheee added x1 §x§F§F§7§C§0§0§lSteamsparks Axe in auction for 200000.
[21:51:22] > Horheee added x1 §x§E§5§1§B§1§B§lDracula Helmet in auction for 100000.
[22:00:44] > Horheee added x1 §f§l§x§E§4§3§A§3§AM§x§D§5§4§9§3§Ae§x§C§6§5§9§3§Ar§x§B§7§6§8§3§9r§x§A§8§7§8§3§9y§x§9§9§8§7§3§9 §x§8§9§9§6§3§9C§x§7§A§A§6§3§9h§x§6§B§B§5§3§8r§x§5§C§C§5§3§8i§x§4§D§D§4§3§8s§x§5§C§C§5§3§8t§x§6§B§B§5§3§8m§x§7§A§A§6§3§9a§x§8§9§9§6§3§9s§x§9§9§8§7§3§9 §x§A§8§7§8§3§9S§x§B§7§6§8§3§9t§x§C§6§5§9§3§Aa§x§D§5§4§9§3§Af§x§E§4§3§A§3§Af in auction for 250000.
[22:01:32] > Horheee added x1 §x§F§F§7§C§0§0§lSteamsparks Hammer in auction for 500000.
[22:12:57] > Broodie buy x1 §f§l§x§E§4§3§A§3§AM§x§D§5§4§9§3§Ae§x§C§6§5§9§3§Ar§x§B§7§6§8§3§9r§x§A§8§7§8§3§9y§x§9§9§8§7§3§9 §x§8§9§9§6§3§9C§x§7§A§A§6§3§9h§x§6§B§B§5§3§8r§x§5§C§C§5§3§8i§x§4§D§D§4§3§8s§x§5§C§C§5§3§8t§x§6§B§B§5§3§8m§x§7§A§A§6§3§9a§x§8§9§9§6§3§9s§x§9§9§8§7§3§9 §x§A§8§7§8§3§9S§x§B§7§6§8§3§9t§x§C§6§5§9§3§Aa§x§D§5§4§9§3§Af§x§E§4§3§A§3§Af to Horheee for $250,000.
[22:14:28] > H2SO4 buy x1 §x§E§E§0§0§0§0§lᴜɴʟɪᴍɪᴛᴇᴅ sᴇʟʟᴡᴀɴᴅ to Edabis for $1,000,000.
[22:14:36] > H2SO4 remove x1 §x§E§E§0§0§0§0§lᴜɴʟɪᴍɪᴛᴇᴅ sᴇʟʟᴡᴀɴᴅ from buy
[22:18:10] > Horheee added x1 §x§F§F§3§E§0§0§lD§x§F§F§3§7§0§0§le§x§F§F§3§0§0§0§lm§x§F§F§2§9§0§0§lo§x§F§F§2§2§0§0§ln §x§F§F§1§5§0§0§lL§x§F§F§0§E§0§0§lo§x§F§F§0§7§0§0§lr§x§F§F§0§0§0§0§ld §x§F§F§0§E§0§0§lC§x§F§F§1§5§0§0§lr§x§F§F§1§C§0§0§lo§x§F§F§2§2§0§0§ls§x§F§F§2§9§0§0§ls§x§F§F§3§0§0§0§lb§x§F§F§3§7§0§0§lo§x§F§F§3§E§0§0§lw in auction for 350000.
[22:19:16] > Horheee remove x1 §x§E§5§1§B§1§B§lDracula Helmet from storage
[22:19:22] > Horheee added x1 §x§E§5§1§B§1§B§lDracula Helmet in auction for 100000.
[22:20:38] > Horheee remove x1 §x§F§F§3§E§0§0§lD§x§F§F§3§7§0§0§le§x§F§F§3§0§0§0§lm§x§F§F§2§9§0§0§lo§x§F§F§2§2§0§0§ln §x§F§F§1§5§0§0§lL§x§F§F§0§E§0§0§lo§x§F§F§0§7§0§0§lr§x§F§F§0§0§0§0§ld §x§F§F§0§E§0§0§lC§x§F§F§1§5§0§0§lr§x§F§F§1§C§0§0§lo§x§F§F§2§2§0§0§ls§x§F§F§2§9§0§0§ls§x§F§F§3§0§0§0§lb§x§F§F§3§7§0§0§lo§x§F§F§3§E§0§0§lw from storage
[22:20:45] > Horheee added x1 §x§F§F§3§E§0§0§lD§x§F§F§3§7§0§0§le§x§F§F§3§0§0§0§lm§x§F§F§2§9§0§0§lo§x§F§F§2§2§0§0§ln §x§F§F§1§5§0§0§lL§x§F§F§0§E§0§0§lo§x§F§F§0§7§0§0§lr§x§F§F§0§0§0§0§ld §x§F§F§0§E§0§0§lC§x§F§F§1§5§0§0§lr§x§F§F§1§C§0§0§lo§x§F§F§2§2§0§0§ls§x§F§F§2§9§0§0§ls§x§F§F§3§0§0§0§lb§x§F§F§3§7§0§0§lo§x§F§F§3§E§0§0§lw in auction for 250000.
[22:20:59] > Runz added x3 §x§3§4§9§8§D§Bᴢᴏᴍʙɪᴇ ꜱᴘᴀᴡɴᴇʀ in auction for 1050000.
[22:21:05] > MasterElrel buy x3 §x§3§4§9§8§D§Bᴢᴏᴍʙɪᴇ ꜱᴘᴀᴡɴᴇʀ to Runz for $1,050,000.
[22:21:26] > MasterElrel remove x3 §x§3§4§9§8§D§Bᴢᴏᴍʙɪᴇ ꜱᴘᴀᴡɴᴇʀ from buy
[22:22:44] > Broodie added x64 Diamond in auction for 60000.
[22:27:21] > JinSoul15 added x1 Dried ghast in auction for 500000.
[22:32:11] > Broodie buy x1 §f§l§x§8§A§0§0§F§FS§x§9§6§0§0§E§3h§x§A§1§0§0§C§6i§x§A§D§0§0§A§An§x§B§9§0§0§8§Ee§x§C§4§0§0§7§1 §x§D§0§0§0§5§5O§x§D§C§0§0§3§9n§x§E§7§0§0§1§Ci§x§F§3§0§0§0§0 §x§E§7§0§0§1§CB§x§D§C§0§0§3§9i§x§D§0§0§0§5§5g§x§C§4§0§0§7§1 §x§B§9§0§0§8§ES§x§A§D§0§0§A§Aw§x§A§1§0§0§C§6o§x§9§6§0§0§E§3r§x§8§A§0§0§F§Fd to NoClarity for $2,100,000.
[22:32:35] > Broodie remove x1 §f§l§x§8§A§0§0§F§FS§x§9§6§0§0§E§3h§x§A§1§0§0§C§6i§x§A§D§0§0§A§An§x§B§9§0§0§8§Ee§x§C§4§0§0§7§1 §x§D§0§0§0§5§5O§x§D§C§0§0§3§9n§x§E§7§0§0§1§Ci§x§F§3§0§0§0§0 §x§E§7§0§0§1§CB§x§D§C§0§0§3§9i§x§D§0§0§0§5§5g§x§C§4§0§0§7§1 §x§B§9§0§0§8§ES§x§A§D§0§0§A§Aw§x§A§1§0§0§C§6o§x§9§6§0§0§E§3r§x§8§A§0§0§F§Fd from buy
[22:35:41] > Anc_Kyoto buy x1 §f§l§8B§x§6§6§6§6§6§6a§x§7§7§7§7§7§7h§x§8§8§8§8§8§8a§x§9§9§9§9§9§9m§7u§x§9§9§9§9§9§9t§x§8§8§8§8§8§8 §x§7§7§7§7§7§7K§x§6§6§6§6§6§6e§8y to Zypher_0w0 for $450,000.
[22:35:43] > Anc_Kyoto remove x1 §x§F§F§3§E§0§0§lD§x§F§F§3§8§0§0§le§x§F§F§3§2§0§0§lm§x§F§F§2§B§0§0§lo§x§F§F§2§5§0§0§ln §x§F§F§1§9§0§0§lL§x§F§F§1§3§0§0§lo§x§F§F§0§C§0§0§lr§x§F§F§0§6§0§0§ld §x§F§F§0§6§0§0§lB§x§F§F§0§C§0§0§la§x§F§F§1§3§0§0§lt§x§F§F§1§9§0§0§lt§x§F§F§1§F§0§0§ll§x§F§F§2§5§0§0§le §x§F§F§3§2§0§0§lA§x§F§F§3§8§0§0§lx§x§F§F§3§E§0§0§le from storage
[22:36:07] > Anc_Kyoto added x1 §x§F§F§3§E§0§0§lD§x§F§F§3§8§0§0§le§x§F§F§3§2§0§0§lm§x§F§F§2§B§0§0§lo§x§F§F§2§5§0§0§ln §x§F§F§1§9§0§0§lL§x§F§F§1§3§0§0§lo§x§F§F§0§C§0§0§lr§x§F§F§0§6§0§0§ld §x§F§F§0§6§0§0§lB§x§F§F§0§C§0§0§la§x§F§F§1§3§0§0§lt§x§F§F§1§9§0§0§lt§x§F§F§1§F§0§0§ll§x§F§F§2§5§0§0§le §x§F§F§3§2§0§0§lA§x§F§F§3§8§0§0§lx§x§F§F§3§E§0§0§le in auction for 650000.
[22:36:40] > Anc_Kyoto remove x1 §f§l§8B§x§6§6§6§6§6§6a§x§7§7§7§7§7§7h§x§8§8§8§8§8§8a§x§9§9§9§9§9§9m§7u§x§9§9§9§9§9§9t§x§8§8§8§8§8§8 §x§7§7§7§7§7§7K§x§6§6§6§6§6§6e§8y from buy
[22:36:41] > Anc_Kyoto remove x59 Firework rocket from buy
[22:42:22] > nnorv1 buy x64 Diamond to Broodie for $60,000.
[22:42:26] > nnorv1 remove x64 Diamond from buy
[22:43:11] > Horheee remove x1 §f§l§x§F§C§D§0§5§CW§x§F§A§A§2§4§8u§x§F§8§7§4§3§3k§x§F§6§4§5§1§Fo§x§F§4§1§7§0§Ang§x§F§6§4§5§1§F §x§F§8§7§4§3§3H§x§F§A§A§2§4§8o§x§F§C§D§0§5§Ce from storage
[22:43:16] > Horheee added x1 §f§l§x§F§C§D§0§5§CW§x§F§A§A§2§4§8u§x§F§8§7§4§3§3k§x§F§6§4§5§1§Fo§x§F§4§1§7§0§Ang§x§F§6§4§5§1§F §x§F§8§7§4§3§3H§x§F§A§A§2§4§8o§x§F§C§D§0§5§Ce in auction for 150000.
[22:48:29] > Horheee remove x1 §x§E§5§1§B§1§B§lDracula Helmet from storage
[22:48:34] > Horheee added x1 §x§E§5§1§B§1§B§lDracula Helmet in auction for 100000.
[22:58:54] > Horheee remove x1 §x§F§F§3§E§0§0§lD§x§F§F§3§7§0§0§le§x§F§F§3§0§0§0§lm§x§F§F§2§9§0§0§lo§x§F§F§2§2§0§0§ln §x§F§F§1§5§0§0§lL§x§F§F§0§E§0§0§lo§x§F§F§0§7§0§0§lr§x§F§F§0§0§0§0§ld §x§F§F§0§E§0§0§lC§x§F§F§1§5§0§0§lr§x§F§F§1§C§0§0§lo§x§F§F§2§2§0§0§ls§x§F§F§2§9§0§0§ls§x§F§F§3§0§0§0§lb§x§F§F§3§7§0§0§lo§x§F§F§3§E§0§0§lw from storage
[22:59:04] > Horheee added x1 §x§F§F§3§E§0§0§lD§x§F§F§3§7§0§0§le§x§F§F§3§0§0§0§lm§x§F§F§2§9§0§0§lo§x§F§F§2§2§0§0§ln §x§F§F§1§5§0§0§lL§x§F§F§0§E§0§0§lo§x§F§F§0§7§0§0§lr§x§F§F§0§0§0§0§ld §x§F§F§0§E§0§0§lC§x§F§F§1§5§0§0§lr§x§F§F§1§C§0§0§lo§x§F§F§2§2§0§0§ls§x§F§F§2§9§0§0§ls§x§F§F§3§0§0§0§lb§x§F§F§3§7§0§0§lo§x§F§F§3§E§0§0§lw in auction for 150000.
[22:59:34] > dronzer7 buy x1 Observer to ohiogtg for $100.
[23:01:33] > Anc_Kyoto added x1 Firework in auction for 100000.
[23:19:11] > Horheee remove x1 §x§F§F§3§E§0§0§lD§x§F§F§3§7§0§0§le§x§F§F§3§0§0§0§lm§x§F§F§2§9§0§0§lo§x§F§F§2§2§0§0§ln §x§F§F§1§5§0§0§lL§x§F§F§0§E§0§0§lo§x§F§F§0§7§0§0§lr§x§F§F§0§0§0§0§ld §x§F§F§0§E§0§0§lC§x§F§F§1§5§0§0§lr§x§F§F§1§C§0§0§lo§x§F§F§2§2§0§0§ls§x§F§F§2§9§0§0§ls§x§F§F§3§0§0§0§lb§x§F§F§3§7§0§0§lo§x§F§F§3§E§0§0§lw from storage
[23:19:18] > Horheee added x1 §f§l§8B§x§5§F§5§F§5§Fa§x§6§9§6§9§6§9h§x§7§3§7§3§7§3a§x§7§D§7§D§7§Dm§x§8§7§8§7§8§7u§x§9§1§9§1§9§1t§x§9§B§9§B§9§B §x§A§5§A§5§A§5Gr§x§9§B§9§B§9§Be§x§9§1§9§1§9§1a§x§8§7§8§7§8§7t§x§7§D§7§D§7§Ds§x§7§3§7§3§7§3w§x§6§9§6§9§6§9o§x§5§F§5§F§5§Fr§8d in auction for 400000.
[23:30:49] > Enyara added x1 §x§F§F§5§5§0§0§lsᴇʟʟᴡᴀɴᴅ §6- 5.0x in auction for 400000.
[23:30:52] > 8it5inn added x1 §x§F§F§5§5§0§0§lsᴇʟʟᴡᴀɴᴅ §6- 5.0x in auction for 367000.
[23:31:04] > Typeshe added x1 §x§F§F§5§5§0§0§lsᴇʟʟᴡᴀɴᴅ §6- 10.0x in auction for 1000000.
[23:31:10] > king_ARK buy x1 §x§F§F§5§5§0§0§lsᴇʟʟᴡᴀɴᴅ §6- 10.0x to Typeshe for $1,000,000.
[23:31:11] > Anc_Kyoto added x1 §x§F§F§5§5§0§0§lsᴇʟʟᴡᴀɴᴅ §6- 10.0x in auction for 500000.
[23:31:12] > Enyara remove x1 §x§F§C§D§0§5§C§lB§x§E§6§D§3§6§B§la§x§C§F§D§5§7§A§ls§x§B§9§D§8§8§9§li§x§A§2§D§A§9§8§lc §x§7§5§D§F§B§6§lC§x§5§F§E§2§C§5§lr§x§7§5§D§F§B§6§la§x§8§C§D§D§A§7§lt§x§A§2§D§A§9§8§le §x§C§F§D§5§7§A§lK§x§E§6§D§3§6§B§le§x§F§C§D§0§5§C§ly from storage
[23:31:15] > Enyara remove x1 §x§F§F§5§5§0§0§lsᴇʟʟᴡᴀɴᴅ §6- 5.0x from storage
[23:31:16] > king_ARK buy x1 §x§F§F§5§5§0§0§lsᴇʟʟᴡᴀɴᴅ §6- 10.0x to Anc_Kyoto for $500,000.
[23:31:19] > SEAN4528 added x1 §x§F§F§5§5§0§0§lsᴇʟʟᴡᴀɴᴅ §6- 5.0x in auction for 400000.
[23:31:32] > Enyara added x1 §x§F§F§5§5§0§0§lsᴇʟʟᴡᴀɴᴅ §6- 5.0x in auction for 399670.
[23:32:50] > EXEZUNO remove x1 §x§F§F§3§E§0§0§lD§x§F§F§3§5§0§0§le§x§F§F§2§C§0§0§lm§x§F§F§2§3§0§0§lo§x§F§F§1§B§0§0§ln §x§F§F§0§9§0§0§lL§x§F§F§0§0§0§0§lo§x§F§F§0§A§0§0§lr§x§F§F§1§5§0§0§ld §x§F§F§2§9§0§0§lB§x§F§F§3§4§0§0§lo§x§F§F§3§E§0§0§lw from storage
[23:33:07] > EXEZUNO added x1 §x§F§F§3§E§0§0§lD§x§F§F§3§5§0§0§le§x§F§F§2§C§0§0§lm§x§F§F§2§3§0§0§lo§x§F§F§1§B§0§0§ln §x§F§F§0§9§0§0§lL§x§F§F§0§0§0§0§lo§x§F§F§0§A§0§0§lr§x§F§F§1§5§0§0§ld §x§F§F§2§9§0§0§lB§x§F§F§3§4§0§0§lo§x§F§F§3§E§0§0§lw in auction for 800000.
[23:33:12] > Anc_Kyoto added x1 §x§E§5§1§B§1§B§lDracula Boots in auction for 50000.
[23:33:34] > EXEZUNO remove x1 §x§F§F§7§C§0§0§lSteamsparks Battle Axe from storage
[23:33:48] > EXEZUNO added x1 §x§F§F§7§C§0§0§lSteamsparks Battle Axe in auction for 600000.
[23:34:05] > EXEZUNO remove x1 §x§F§F§7§C§0§0§lSteamsparks Wings from storage
[23:34:16] > EXEZUNO added x1 §x§F§F§7§C§0§0§lSteamsparks Wings in auction for 1000000.
[23:34:38] > EXEZUNO added x11 §x§F§C§D§0§5§C§lB§x§E§6§D§3§6§B§la§x§C§F§D§5§7§A§ls§x§B§9§D§8§8§9§li§x§A§2§D§A§9§8§lc §x§7§5§D§F§B§6§lC§x§5§F§E§2§C§5§lr§x§7§5§D§F§B§6§la§x§8§C§D§D§A§7§lt§x§A§2§D§A§9§8§le §x§C§F§D§5§7§A§lK§x§E§6§D§3§6§B§le§x§F§C§D§0§5§C§ly in auction for 100000.
[23:36:32] > EXEZUNO added x1 Enchanted book in auction for 30000.
[23:36:48] > Malachkite added x1 §f§l§x§E§4§3§A§3§AM§x§D§5§4§9§3§Ae§x§C§6§5§9§3§Ar§x§B§7§6§8§3§9r§x§A§8§7§8§3§9y§x§9§9§8§7§3§9 §x§8§9§9§6§3§9C§x§7§A§A§6§3§9h§x§6§B§B§5§3§8r§x§5§C§C§5§3§8i§x§4§D§D§4§3§8s§x§5§C§C§5§3§8t§x§6§B§B§5§3§8m§x§7§A§A§6§3§9a§x§8§9§9§6§3§9s§x§9§9§8§7§3§9 §x§A§8§7§8§3§9W§x§B§7§6§8§3§9i§x§C§6§5§9§3§An§x§D§5§4§9§3§Ag§x§E§4§3§A§3§As in auction for 2000000.
[23:37:36] > EXEZUNO remove x1 Enchanted book from storage
[23:37:44] > EXEZUNO added x1 Enchanted book in auction for 20000.
[23:43:32] > x1 §x§E§5§1§B§1§B§lDracula Sword on sale by johnowenz1 has just expired, it goes in the inventory of expired items.
[23:43:36] > Horheee remove x1 §f§l§8B§x§5§F§5§F§5§Fa§x§6§9§6§9§6§9h§x§7§3§7§3§7§3a§x§7§D§7§D§7§Dm§x§8§7§8§7§8§7u§x§9§1§9§1§9§1t§x§9§B§9§B§9§B §x§A§5§A§5§A§5Gr§x§9§B§9§B§9§Be§x§9§1§9§1§9§1a§x§8§7§8§7§8§7t§x§7§D§7§D§7§Ds§x§7§3§7§3§7§3w§x§6§9§6§9§6§9o§x§5§F§5§F§5§Fr§8d from storage
[23:43:44] > Horheee added x1 §f§l§8B§x§5§F§5§F§5§Fa§x§6§9§6§9§6§9h§x§7§3§7§3§7§3a§x§7§D§7§D§7§Dm§x§8§7§8§7§8§7u§x§9§1§9§1§9§1t§x§9§B§9§B§9§B §x§A§5§A§5§A§5Gr§x§9§B§9§B§9§Be§x§9§1§9§1§9§1a§x§8§7§8§7§8§7t§x§7§D§7§D§7§Ds§x§7§3§7§3§7§3w§x§6§9§6§9§6§9o§x§5§F§5§F§5§Fr§8d in auction for 400000.
[23:45:27] > quillking67 buy x1 §x§F§F§7§C§0§0§lSteamsparks Axe to Horheee for $200,000.
[23:46:31] > quillking67 remove x1 §x§F§F§7§C§0§0§lSteamsparks Axe from buy
[23:48:09] > SEAN4528 added x20 §x§F§C§9§0§5§C§lE§x§E§6§9§C§6§B§lp§x§C§F§A§7§7§A§li§x§B§9§B§3§8§9§lc §x§8§C§C§B§A§7§lC§x§7§5§D§6§B§6§lr§x§5§F§E§2§C§5§la§x§7§9§D§4§B§4§lt§x§9§3§C§7§A§2§le §x§C§8§A§B§7§F§lK§x§E§2§9§E§6§E§le§x§F§C§9§0§5§C§ly in auction for 500000.
[23:49:28] > aroraru added x1 §x§F§F§5§5§0§0§lsᴇʟʟᴡᴀɴᴅ §6- 10.0x in auction for 2222222.
[23:56:36] > aroraru added x64 Wind charge in auction for 64646.
[23:56:55] > aroraru added x64 Wind charge in auction for 64646.
[23:57:13] > aroraru added x64 Wind charge in auction for 64646.
[23:58:49] > aroraru buy x11 §x§F§C§D§0§5§C§lB§x§E§6§D§3§6§B§la§x§C§F§D§5§7§A§ls§x§B§9§D§8§8§9§li§x§A§2§D§A§9§8§lc §x§7§5§D§F§B§6§lC§x§5§F§E§2§C§5§lr§x§7§5§D§F§B§6§la§x§8§C§D§D§A§7§lt§x§A§2§D§A§9§8§le §x§C§F§D§5§7§A§lK§x§E§6§D§3§6§B§le§x§F§C§D§0§5§C§ly to EXEZUNO for $100,000.
[23:58:52] > dronzer7 added x1 §x§5§9§A§1§D§9§lA§x§6§B§A§B§D§Dr§x§7§E§B§6§E§1c§x§9§0§C§0§E§6h§x§A§3§C§B§E§Aa§x§B§5§D§5§E§En§x§C§8§E§0§F§2g§x§D§A§E§A§F§7e§x§E§D§F§5§F§Bl §x§E§A§F§3§F§AB§x§D§6§E§8§F§6a§x§C§1§D§C§F§1c§x§A§C§D§0§E§Ck§x§9§7§C§4§E§7p§x§8§3§B§9§E§3a§x§6§E§A§D§D§Ec§x§5§9§A§1§D§9k in auction for 1000000.
[23:59:03] > aroraru remove x11 §x§F§C§D§0§5§C§lB§x§E§6§D§3§6§B§la§x§C§F§D§5§7§A§ls§x§B§9§D§8§8§9§li§x§A§2§D§A§9§8§lc §x§7§5§D§F§B§6§lC§x§5§F§E§2§C§5§lr§x§7§5§D§F§B§6§la§x§8§C§D§D§A§7§lt§x§A§2§D§A§9§8§le §x§C§F§D§5§7§A§lK§x§E§6§D§3§6§B§le§x§F§C§D§0§5§C§ly from buy
[00:01:30] > SEAN4528 remove x4 Netherite ingot from buy
[00:05:57] > Anc_Kyoto added x1 Shulker box in auction for 250000.
[00:06:13] > aroraru buy x1 Shulker box to Anc_Kyoto for $250,000.
[00:06:47] > aroraru remove x1 Shulker box from buy
[00:10:06] > Horheee added x1 §f§l§x§E§4§3§A§3§AM§x§D§6§4§8§3§Ae§x§C§9§5§6§3§Ar§x§B§B§6§4§3§9r§x§A§D§7§2§3§9y§x§9§F§8§0§3§9 §x§9§2§8§E§3§9C§x§8§4§9§C§3§9h§x§7§6§A§A§3§9r§x§6§8§B§8§3§8i§x§5§B§C§6§3§8s§x§4§D§D§4§3§8t§x§5§B§C§6§3§8m§x§6§8§B§8§3§8a§x§7§6§A§A§3§9s§x§8§4§9§C§3§9 §x§9§2§8§E§3§9T§x§9§F§8§0§3§9r§x§A§D§7§2§3§9i§x§B§B§6§4§3§9d§x§C§9§5§6§3§Ae§x§D§6§4§8§3§An§x§E§4§3§A§3§At in auction for 1000000.
[00:11:55] > Horheee remove x1 §x§F§F§7§C§0§0§lSteamsparks Hammer from storage
[00:11:57] > Horheee remove x1 §f§l§x§E§4§3§A§3§AM§x§D§6§4§8§3§Ae§x§C§9§5§6§3§Ar§x§B§B§6§4§3§9r§x§A§D§7§2§3§9y§x§9§F§8§0§3§9 §x§9§2§8§E§3§9C§x§8§4§9§C§3§9h§x§7§6§A§A§3§9r§x§6§8§B§8§3§8i§x§5§B§C§6§3§8s§x§4§D§D§4§3§8t§x§5§B§C§6§3§8m§x§6§8§B§8§3§8a§x§7§6§A§A§3§9s§x§8§4§9§C§3§9 §x§9§2§8§E§3§9T§x§9§F§8§0§3§9r§x§A§D§7§2§3§9i§x§B§B§6§4§3§9d§x§C§9§5§6§3§Ae§x§D§6§4§8§3§An§x§E§4§3§A§3§At from storage
[00:17:22] > Horheee added x1 Blue shulker box in auction for 2500000.
[00:19:47] > Anc_Kyoto added x1 Enchanted book in auction for 3000.
[00:20:06] > scarlettti buy x1 Enchanted book to nebula12321 for $3,000.
[00:21:59] > Horheee remove x1 Blue shulker box from storage
[00:22:34] > Horheee remove x1 §x§E§5§1§B§1§B§lDracula Helmet form storage
[00:22:34] > Horheee remove x1 §f§l§8B§x§5§F§5§F§5§Fa§x§6§9§6§9§6§9h§x§7§3§7§3§7§3a§x§7§D§7§D§7§Dm§x§8§7§8§7§8§7u§x§9§1§9§1§9§1t§x§9§B§9§B§9§B §x§A§5§A§5§A§5Gr§x§9§B§9§B§9§Be§x§9§1§9§1§9§1a§x§8§7§8§7§8§7t§x§7§D§7§D§7§Ds§x§7§3§7§3§7§3w§x§6§9§6§9§6§9o§x§5§F§5§F§5§Fr§8d form storage
[00:22:34] > Horheee remove x1 §f§l§x§F§C§D§0§5§CW§x§F§A§A§2§4§8u§x§F§8§7§4§3§3k§x§F§6§4§5§1§Fo§x§F§4§1§7§0§Ang§x§F§6§4§5§1§F §x§F§8§7§4§3§3H§x§F§A§A§2§4§8o§x§F§C§D§0§5§Ce form storage
[00:23:33] > Horheee added x1 §f§l§x§F§C§D§0§5§CW§x§F§A§A§2§4§8u§x§F§8§7§4§3§3k§x§F§6§4§5§1§Fo§x§F§4§1§7§0§Ang§x§F§6§4§5§1§F §x§F§8§7§4§3§3H§x§F§A§A§2§4§8o§x§F§C§D§0§5§Ce in auction for 100000.
[00:23:52] > Horheee remove x1 §f§l§x§F§C§D§0§5§CW§x§F§A§A§2§4§8u§x§F§8§7§4§3§3k§x§F§6§4§5§1§Fo§x§F§4§1§7§0§Ang§x§F§6§4§5§1§F §x§F§8§7§4§3§3H§x§F§A§A§2§4§8o§x§F§C§D§0§5§Ce from storage
[00:24:06] > x1 §x§E§5§1§B§1§B§lDracula Key, item of blezzinglighto, has just expired, the item is definitively deleted.
[00:24:06] > x1 §x§E§5§1§B§1§B§lDracula Dagger, item of Celeste01, has just expired, the item is definitively deleted.
[00:24:06] > x1 §f§l§8B§x§6§0§6§0§6§0a§x§6§C§6§C§6§Ch§x§7§7§7§7§7§7a§x§8§2§8§2§8§2m§x§8§E§8§E§8§Eu§x§9§9§9§9§9§9t§x§A§4§A§4§A§4 G§x§9§9§9§9§9§9a§x§8§E§8§E§8§Eu§x§8§2§8§2§8§2n§x§7§7§7§7§7§7t§x§6§C§6§C§6§Cl§x§6§0§6§0§6§0e§8t, item of azuyeca, has just expired, the item is definitively deleted.
[00:24:06] > x1 §f§l§8B§x§6§0§6§0§6§0a§x§6§C§6§C§6§Ch§x§7§7§7§7§7§7a§x§8§2§8§2§8§2m§x§8§E§8§E§8§Eu§x§9§9§9§9§9§9t§x§A§4§A§4§A§4 G§x§9§9§9§9§9§9a§x§8§E§8§E§8§Eu§x§8§2§8§2§8§2n§x§7§7§7§7§7§7t§x§6§C§6§C§6§Cl§x§6§0§6§0§6§0e§8t, item of Mugiwara22, has just expired, the item is definitively deleted.
[00:24:07] > Horheee remove x1 Blue shulker box from expire
[00:24:08] > Horheee remove x1 §f§l§x§F§C§D§0§5§CW§x§F§A§A§2§4§8u§x§F§8§7§4§3§3k§x§F§6§4§5§1§Fo§x§F§4§1§7§0§Ang§x§F§6§4§5§1§F §x§F§8§7§4§3§3H§x§F§A§A§2§4§8o§x§F§C§D§0§5§Ce from expire
[00:25:09] > Horheee added x1 §f§l§8B§x§5§F§5§F§5§Fa§x§6§9§6§9§6§9h§x§7§3§7§3§7§3a§x§7§D§7§D§7§Dm§x§8§7§8§7§8§7u§x§9§1§9§1§9§1t§x§9§B§9§B§9§B §x§A§5§A§5§A§5Gr§x§9§B§9§B§9§Be§x§9§1§9§1§9§1a§x§8§7§8§7§8§7t§x§7§D§7§D§7§Ds§x§7§3§7§3§7§3w§x§6§9§6§9§6§9o§x§5§F§5§F§5§Fr§8d in auction for 400000.
[00:25:25] > Horheee added x1 §x§E§5§1§B§1§B§lDracula Helmet in auction for 100000.
[00:25:43] > Horheee added x1 §f§l§x§E§4§3§A§3§AM§x§D§6§4§8§3§Ae§x§C§9§5§6§3§Ar§x§B§B§6§4§3§9r§x§A§D§7§2§3§9y§x§9§F§8§0§3§9 §x§9§2§8§E§3§9C§x§8§4§9§C§3§9h§x§7§6§A§A§3§9r§x§6§8§B§8§3§8i§x§5§B§C§6§3§8s§x§4§D§D§4§3§8t§x§5§B§C§6§3§8m§x§6§8§B§8§3§8a§x§7§6§A§A§3§9s§x§8§4§9§C§3§9 §x§9§2§8§E§3§9T§x§9§F§8§0§3§9r§x§A§D§7§2§3§9i§x§B§B§6§4§3§9d§x§C§9§5§6§3§Ae§x§D§6§4§8§3§An§x§E§4§3§A§3§At in auction for 750000.
[00:26:02] > Horheee added x1 §x§F§F§7§C§0§0§lSteamsparks Hammer in auction for 500000.
[00:27:02] > Horheee added x1 §f§l§x§F§C§D§0§5§CW§x§F§A§A§2§4§8u§x§F§8§7§4§3§3k§x§F§6§4§5§1§Fo§x§F§4§1§7§0§Ang§x§F§6§4§5§1§F §x§F§8§7§4§3§3H§x§F§A§A§2§4§8o§x§F§C§D§0§5§Ce in auction for 100000.
[00:31:26] > Blinkrzz remove x1 §f§l§x§E§4§3§A§3§AM§x§D§5§4§9§3§Ae§x§C§6§5§9§3§Ar§x§B§7§6§8§3§9r§x§A§8§7§8§3§9y§x§9§9§8§7§3§9 §x§8§9§9§6§3§9C§x§7§A§A§6§3§9h§x§6§B§B§5§3§8r§x§5§C§C§5§3§8i§x§4§D§D§4§3§8s§x§5§C§C§5§3§8t§x§6§B§B§5§3§8m§x§7§A§A§6§3§9a§x§8§9§9§6§3§9s§x§9§9§8§7§3§9 §x§A§8§7§8§3§9S§x§B§7§6§8§3§9t§x§C§6§5§9§3§Aa§x§D§5§4§9§3§Af§x§E§4§3§A§3§Af from storage
[00:31:26] > Blinkrzz remove x1 §x§F§F§3§E§0§0§lSellwand Voucher from storage
[00:31:36] > Blinkrzz added x1 §f§l§x§E§4§3§A§3§AM§x§D§5§4§9§3§Ae§x§C§6§5§9§3§Ar§x§B§7§6§8§3§9r§x§A§8§7§8§3§9y§x§9§9§8§7§3§9 §x§8§9§9§6§3§9C§x§7§A§A§6§3§9h§x§6§B§B§5§3§8r§x§5§C§C§5§3§8i§x§4§D§D§4§3§8s§x§5§C§C§5§3§8t§x§6§B§B§5§3§8m§x§7§A§A§6§3§9a§x§8§9§9§6§3§9s§x§9§9§8§7§3§9 §x§A§8§7§8§3§9S§x§B§7§6§8§3§9t§x§C§6§5§9§3§Aa§x§D§5§4§9§3§Af§x§E§4§3§A§3§Af in auction for 1000000.
[00:31:46] > Blinkrzz added x1 §x§F§F§3§E§0§0§lSellwand Voucher in auction for 1500000.
[00:33:05] > Blinkrzz added x64 Experience bottle in auction for 150000.
[00:35:43] > Trapers1 added x1 §x§E§5§1§B§1§B§lDracula Hoe in auction for 10.
[00:35:52] > Blinkrzz buy x1 §x§E§5§1§B§1§B§lDracula Hoe to Trapers1 for $10.
[00:36:12] > Blinkrzz remove x1 §x§E§5§1§B§1§B§lDracula Hoe from buy
[00:39:54] > Horheee added x1 §f§x§F§B§B§6§1§DC§x§F§0§A§F§1§Ca§x§E§5§A§8§1§Bp§x§D§B§A§0§1§9y§x§D§0§9§9§1§8b§x§C§5§9§2§1§7a§x§B§A§8§B§1§6r§x§A§F§8§4§1§5a§x§A§4§7§D§1§4 §x§9§A§7§5§1§2H§x§8§F§6§E§1§1a§x§8§4§6§7§1§0t in auction for 50000.
[00:40:04] > SEAN4528 buy x1 §f§x§F§B§B§6§1§DC§x§F§0§A§F§1§Ca§x§E§5§A§8§1§Bp§x§D§B§A§0§1§9y§x§D§0§9§9§1§8b§x§C§5§9§2§1§7a§x§B§A§8§B§1§6r§x§A§F§8§4§1§5a§x§A§4§7§D§1§4 §x§9§A§7§5§1§2H§x§8§F§6§E§1§1a§x§8§4§6§7§1§0t to Horheee for $50,000.
[00:40:34] > Horheee added x1 §7Cemetery Hat in auction for 50000.
[00:45:59] > Horheee remove x1 §x§E§5§1§B§1§B§lDracula Helmet from storage
[00:46:00] > Horheee remove x1 §7Cemetery Hat from storage
[00:46:11] > Horheee added x1 §7Cemetery Hat in auction for 30000.
[00:46:25] > Horheee added x1 §x§E§5§1§B§1§B§lDracula Helmet in auction for 60000.
[01:04:25] > Horheee remove x1 §f§l§x§E§4§3§A§3§AM§x§D§6§4§8§3§Ae§x§C§9§5§6§3§Ar§x§B§B§6§4§3§9r§x§A§D§7§2§3§9y§x§9§F§8§0§3§9 §x§9§2§8§E§3§9C§x§8§4§9§C§3§9h§x§7§6§A§A§3§9r§x§6§8§B§8§3§8i§x§5§B§C§6§3§8s§x§4§D§D§4§3§8t§x§5§B§C§6§3§8m§x§6§8§B§8§3§8a§x§7§6§A§A§3§9s§x§8§4§9§C§3§9 §x§9§2§8§E§3§9T§x§9§F§8§0§3§9r§x§A§D§7§2§3§9i§x§B§B§6§4§3§9d§x§C§9§5§6§3§Ae§x§D§6§4§8§3§An§x§E§4§3§A§3§At from storage
[01:04:33] > Horheee added x1 §f§l§x§E§4§3§A§3§AM§x§D§6§4§8§3§Ae§x§C§9§5§6§3§Ar§x§B§B§6§4§3§9r§x§A§D§7§2§3§9y§x§9§F§8§0§3§9 §x§9§2§8§E§3§9C§x§8§4§9§C§3§9h§x§7§6§A§A§3§9r§x§6§8§B§8§3§8i§x§5§B§C§6§3§8s§x§4§D§D§4§3§8t§x§5§B§C§6§3§8m§x§6§8§B§8§3§8a§x§7§6§A§A§3§9s§x§8§4§9§C§3§9 §x§9§2§8§E§3§9T§x§9§F§8§0§3§9r§x§A§D§7§2§3§9i§x§B§B§6§4§3§9d§x§C§9§5§6§3§Ae§x§D§6§4§8§3§An§x§E§4§3§A§3§At in auction for 800000.
[01:14:46] > SEAN4528 buy x64 Wind charge to aroraru for $64,646.
[01:17:39] > Horheee buy x64 Wind charge to aroraru for $64,646.
[01:17:45] > Horheee remove x64 Wind charge from buy
[01:19:21] > SEAN4528 remove x64 Wind charge from buy
[01:19:45] > Horheee remove x1 §x§F§F§7§C§0§0§lSteamsparks Hammer from storage
[01:19:48] > Horheee remove x1 §f§l§x§E§4§3§A§3§AM§x§D§6§4§8§3§Ae§x§C§9§5§6§3§Ar§x§B§B§6§4§3§9r§x§A§D§7§2§3§9y§x§9§F§8§0§3§9 §x§9§2§8§E§3§9C§x§8§4§9§C§3§9h§x§7§6§A§A§3§9r§x§6§8§B§8§3§8i§x§5§B§C§6§3§8s§x§4§D§D§4§3§8t§x§5§B§C§6§3§8m§x§6§8§B§8§3§8a§x§7§6§A§A§3§9s§x§8§4§9§C§3§9 §x§9§2§8§E§3§9T§x§9§F§8§0§3§9r§x§A§D§7§2§3§9i§x§B§B§6§4§3§9d§x§C§9§5§6§3§Ae§x§D§6§4§8§3§An§x§E§4§3§A§3§At from storage
[01:21:29] > SEAN4528 remove x64 Experience bottle from buy
[01:33:50] > CuddlyCow added x1 §x§F§C§D§0§5§C§lB§x§E§6§D§3§6§B§la§x§C§F§D§5§7§A§ls§x§B§9§D§8§8§9§li§x§A§2§D§A§9§8§lc §x§7§5§D§F§B§6§lC§x§5§F§E§2§C§5§lr§x§7§5§D§F§B§6§la§x§8§C§D§D§A§7§lt§x§A§2§D§A§9§8§le §x§C§F§D§5§7§A§lK§x§E§6§D§3§6§B§le§x§F§C§D§0§5§C§ly in auction for 10.
[01:34:06] > ReKYee buy x1 §x§F§C§D§0§5§C§lB§x§E§6§D§3§6§B§la§x§C§F§D§5§7§A§ls§x§B§9§D§8§8§9§li§x§A§2§D§A§9§8§lc §x§7§5§D§F§B§6§lC§x§5§F§E§2§C§5§lr§x§7§5§D§F§B§6§la§x§8§C§D§D§A§7§lt§x§A§2§D§A§9§8§le §x§C§F§D§5§7§A§lK§x§E§6§D§3§6§B§le§x§F§C§D§0§5§C§ly to CuddlyCow for $10.
[01:41:07] > Trapers1 added x1 §x§F§C§D§0§5§C§lB§x§E§6§D§3§6§B§la§x§C§F§D§5§7§A§ls§x§B§9§D§8§8§9§li§x§A§2§D§A§9§8§lc §x§7§5§D§F§B§6§lC§x§5§F§E§2§C§5§lr§x§7§5§D§F§B§6§la§x§8§C§D§D§A§7§lt§x§A§2§D§A§9§8§le §x§C§F§D§5§7§A§lK§x§E§6§D§3§6§B§le§x§F§C§D§0§5§C§ly in auction for 10.
[01:46:22] > .Jayveee1943 buy x1 §x§F§C§D§0§5§C§lB§x§E§6§D§3§6§B§la§x§C§F§D§5§7§A§ls§x§B§9§D§8§8§9§li§x§A§2§D§A§9§8§lc §x§7§5§D§F§B§6§lC§x§5§F§E§2§C§5§lr§x§7§5§D§F§B§6§la§x§8§C§D§D§A§7§lt§x§A§2§D§A§9§8§le §x§C§F§D§5§7§A§lK§x§E§6§D§3§6§B§le§x§F§C§D§0§5§C§ly to Trapers1 for $10.
[01:49:47] > .Jayveee1943 remove x1 §x§F§C§D§0§5§C§lB§x§E§6§D§3§6§B§la§x§C§F§D§5§7§A§ls§x§B§9§D§8§8§9§li§x§A§2§D§A§9§8§lc §x§7§5§D§F§B§6§lC§x§5§F§E§2§C§5§lr§x§7§5§D§F§B§6§la§x§8§C§D§D§A§7§lt§x§A§2§D§A§9§8§le §x§C§F§D§5§7§A§lK§x§E§6§D§3§6§B§le§x§F§C§D§0§5§C§ly from buy
[01:59:52] > Wemmbuo added x1 §x§E§5§1§B§1§B§lDracula Key in auction for 650000.
[01:59:52] > x1 §f§l§x§E§4§3§A§3§AM§x§D§3§4§B§3§Ae§x§C§2§5§C§3§Ar§x§B§2§6§D§3§9r§x§A§1§7§E§3§9y§x§9§0§9§0§3§9 §x§7§F§A§1§3§9C§x§6§F§B§2§3§8h§x§5§E§C§3§3§8r§x§4§D§D§4§3§8i§x§5§E§C§3§3§8s§x§6§F§B§2§3§8t§x§7§F§A§1§3§9m§x§9§0§9§0§3§9a§x§A§1§7§E§3§9s§x§B§2§6§D§3§9 §x§C§2§5§C§3§AB§x§D§3§4§B§3§Ao§x§E§4§3§A§3§Aw on sale by giyahnpogi has just expired, it goes in the inventory of expired items.
[02:02:38] > Horheee added x1 §x§F§F§7§C§0§0§lSteamsparks Hammer in auction for 360000.
[02:02:45] > Wemmbuo remove x1 §f§l§x§E§4§3§A§3§AM§x§D§5§4§9§3§Ae§x§C§6§5§9§3§Ar§x§B§7§6§8§3§9r§x§A§8§7§8§3§9y§x§9§9§8§7§3§9 §x§8§9§9§6§3§9C§x§7§A§A§6§3§9h§x§6§B§B§5§3§8r§x§5§C§C§5§3§8i§x§4§D§D§4§3§8s§x§5§C§C§5§3§8t§x§6§B§B§5§3§8m§x§7§A§A§6§3§9a§x§8§9§9§6§3§9s§x§9§9§8§7§3§9 §x§A§8§7§8§3§9S§x§B§7§6§8§3§9w§x§C§6§5§9§3§Ao§x§D§5§4§9§3§Ar§x§E§4§3§A§3§Ad from storage
[02:02:46] > Wemmbuo remove x1 §x§E§5§1§B§1§B§lDracula Key from storage
[02:02:51] > Horheee added x1 §f§l§x§E§4§3§A§3§AM§x§D§6§4§8§3§Ae§x§C§9§5§6§3§Ar§x§B§B§6§4§3§9r§x§A§D§7§2§3§9y§x§9§F§8§0§3§9 §x§9§2§8§E§3§9C§x§8§4§9§C§3§9h§x§7§6§A§A§3§9r§x§6§8§B§8§3§8i§x§5§B§C§6§3§8s§x§4§D§D§4§3§8t§x§5§B§C§6§3§8m§x§6§8§B§8§3§8a§x§7§6§A§A§3§9s§x§8§4§9§C§3§9 §x§9§2§8§E§3§9T§x§9§F§8§0§3§9r§x§A§D§7§2§3§9i§x§B§B§6§4§3§9d§x§C§9§5§6§3§Ae§x§D§6§4§8§3§An§x§E§4§3§A§3§At in auction for 500000.
[02:04:21] > .MARK48080 added x1 Diamond leggings in auction for 10000.
[02:04:24] > Wemmbuo buy x1 §f§l§x§E§4§3§A§3§AM§x§D§6§4§8§3§Ae§x§C§9§5§6§3§Ar§x§B§B§6§4§3§9r§x§A§D§7§2§3§9y§x§9§F§8§0§3§9 §x§9§2§8§E§3§9C§x§8§4§9§C§3§9h§x§7§6§A§A§3§9r§x§6§8§B§8§3§8i§x§5§B§C§6§3§8s§x§4§D§D§4§3§8t§x§5§B§C§6§3§8m§x§6§8§B§8§3§8a§x§7§6§A§A§3§9s§x§8§4§9§C§3§9 §x§9§2§8§E§3§9T§x§9§F§8§0§3§9r§x§A§D§7§2§3§9i§x§B§B§6§4§3§9d§x§C§9§5§6§3§Ae§x§D§6§4§8§3§An§x§E§4§3§A§3§At to Horheee for $500,000.
[02:04:35] > Wemmbuo remove x1 §f§l§x§E§4§3§A§3§AM§x§D§6§4§8§3§Ae§x§C§9§5§6§3§Ar§x§B§B§6§4§3§9r§x§A§D§7§2§3§9y§x§9§F§8§0§3§9 §x§9§2§8§E§3§9C§x§8§4§9§C§3§9h§x§7§6§A§A§3§9r§x§6§8§B§8§3§8i§x§5§B§C§6§3§8s§x§4§D§D§4§3§8t§x§5§B§C§6§3§8m§x§6§8§B§8§3§8a§x§7§6§A§A§3§9s§x§8§4§9§C§3§9 §x§9§2§8§E§3§9T§x§9§F§8§0§3§9r§x§A§D§7§2§3§9i§x§B§B§6§4§3§9d§x§C§9§5§6§3§Ae§x§D§6§4§8§3§An§x§E§4§3§A§3§At from buy
[02:04:37] > Wemmbuo remove x5 §x§F§C§9§0§5§C§lE§x§E§6§9§C§6§B§lp§x§C§F§A§7§7§A§li§x§B§9§B§3§8§9§lc §x§8§C§C§B§A§7§lC§x§7§5§D§6§B§6§lr§x§5§F§E§2§C§5§la§x§7§9§D§4§B§4§lt§x§9§3§C§7§A§2§le §x§C§8§A§B§7§F§lK§x§E§2§9§E§6§E§le§x§F§C§9§0§5§C§ly from buy
[02:04:44] > .MARK48080 added x1 Diamond boots in auction for 10000.
[02:05:12] > Horheee remove x1 §f§l§8B§x§5§F§5§F§5§Fa§x§6§9§6§9§6§9h§x§7§3§7§3§7§3a§x§7§D§7§D§7§Dm§x§8§7§8§7§8§7u§x§9§1§9§1§9§1t§x§9§B§9§B§9§B §x§A§5§A§5§A§5Gr§x§9§B§9§B§9§Be§x§9§1§9§1§9§1a§x§8§7§8§7§8§7t§x§7§D§7§D§7§Ds§x§7§3§7§3§7§3w§x§6§9§6§9§6§9o§x§5§F§5§F§5§Fr§8d from storage
[02:05:20] > Horheee added x1 §f§l§8B§x§5§F§5§F§5§Fa§x§6§9§6§9§6§9h§x§7§3§7§3§7§3a§x§7§D§7§D§7§Dm§x§8§7§8§7§8§7u§x§9§1§9§1§9§1t§x§9§B§9§B§9§B §x§A§5§A§5§A§5Gr§x§9§B§9§B§9§Be§x§9§1§9§1§9§1a§x§8§7§8§7§8§7t§x§7§D§7§D§7§Ds§x§7§3§7§3§7§3w§x§6§9§6§9§6§9o§x§5§F§5§F§5§Fr§8d in auction for 350000.
[02:05:36] > Wemmbuo added x1 §x§F§F§7§C§0§0§lSteamsparks Boots in auction for 100000.
[02:05:51] > Horheee remove x1 §x§F§F§7§C§0§0§lSteamsparks Hammer from storage
[02:05:51] > Horheee remove x1 §x§E§5§1§B§1§B§lDracula Helmet from storage
[02:05:52] > Horheee remove x1 §7Cemetery Hat from storage
[02:05:52] > Horheee remove x1 §f§l§x§F§C§D§0§5§CW§x§F§A§A§2§4§8u§x§F§8§7§4§3§3k§x§F§6§4§5§1§Fo§x§F§4§1§7§0§Ang§x§F§6§4§5§1§F §x§F§8§7§4§3§3H§x§F§A§A§2§4§8o§x§F§C§D§0§5§Ce from storage
[02:05:58] > Horheee added x1 §f§l§x§F§C§D§0§5§CW§x§F§A§A§2§4§8u§x§F§8§7§4§3§3k§x§F§6§4§5§1§Fo§x§F§4§1§7§0§Ang§x§F§6§4§5§1§F §x§F§8§7§4§3§3H§x§F§A§A§2§4§8o§x§F§C§D§0§5§Ce in auction for 50000.
[02:06:12] > Horheee added x1 §7Cemetery Hat in auction for 20000.
[02:06:49] > Horheee added x1 §x§E§5§1§B§1§B§lDracula Helmet in auction for 50000.
[02:07:06] > Horheee added x1 §x§F§F§7§C§0§0§lSteamsparks Hammer in auction for 300000.
[02:10:41] > Horheee remove x1 §f§l§8B§x§5§F§5§F§5§Fa§x§6§9§6§9§6§9h§x§7§3§7§3§7§3a§x§7§D§7§D§7§Dm§x§8§7§8§7§8§7u§x§9§1§9§1§9§1t§x§9§B§9§B§9§B §x§A§5§A§5§A§5Gr§x§9§B§9§B§9§Be§x§9§1§9§1§9§1a§x§8§7§8§7§8§7t§x§7§D§7§D§7§Ds§x§7§3§7§3§7§3w§x§6§9§6§9§6§9o§x§5§F§5§F§5§Fr§8d from storage
[02:10:47] > Horheee added x1 §f§l§8B§x§5§F§5§F§5§Fa§x§6§9§6§9§6§9h§x§7§3§7§3§7§3a§x§7§D§7§D§7§Dm§x§8§7§8§7§8§7u§x§9§1§9§1§9§1t§x§9§B§9§B§9§B §x§A§5§A§5§A§5Gr§x§9§B§9§B§9§Be§x§9§1§9§1§9§1a§x§8§7§8§7§8§7t§x§7§D§7§D§7§Ds§x§7§3§7§3§7§3w§x§6§9§6§9§6§9o§x§5§F§5§F§5§Fr§8d in auction for 300000.
[02:26:12] > Horheee added x42 Wind charge in auction for 100000.
[02:26:57] > Wemmbuo remove x1 §x§F§F§7§C§0§0§lSteamsparks Boots from storage
[02:28:29] > Horheee remove x42 Wind charge from storage
[02:29:07] > Horheee added x1 §f§l§x§8§A§0§0§F§FS§x§9§9§0§0§D§Bh§x§A§8§0§0§B§6i§x§B§7§0§0§9§2n§x§C§6§0§0§6§De§x§D§5§0§0§4§9 §x§E§4§0§0§2§4O§x§F§3§0§0§0§0n§x§E§4§0§0§2§4i§x§D§5§0§0§4§9 §x§C§6§0§0§6§DB§x§B§7§0§0§9§2o§x§A§8§0§0§B§6o§x§9§9§0§0§D§Bt§x§8§A§0§0§F§Fs in auction for 2500000.
[02:32:37] > Wemmbuo remove x64 Experience bottle from buy
[02:41:17] > x1 §x§F§F§7§C§0§0§lSteamsparks Leggings on sale by yxsin112 has just expired, it goes in the inventory of expired items.
[02:45:52] > Izumi buy x1 §x§5§9§A§1§D§9§lA§x§6§B§A§B§D§Dr§x§7§E§B§6§E§1c§x§9§0§C§0§E§6h§x§A§3§C§B§E§Aa§x§B§5§D§5§E§En§x§C§8§E§0§F§2g§x§D§A§E§A§F§7e§x§E§D§F§5§F§Bl §x§E§A§F§3§F§AB§x§D§6§E§8§F§6a§x§C§1§D§C§F§1c§x§A§C§D§0§E§Ck§x§9§7§C§4§E§7p§x§8§3§B§9§E§3a§x§6§E§A§D§D§Ec§x§5§9§A§1§D§9k to dronzer7 for $1,000,000.
[02:46:11] > Izumi remove x1 §x§5§9§A§1§D§9§lA§x§6§B§A§B§D§Dr§x§7§E§B§6§E§1c§x§9§0§C§0§E§6h§x§A§3§C§B§E§Aa§x§B§5§D§5§E§En§x§C§8§E§0§F§2g§x§D§A§E§A§F§7e§x§E§D§F§5§F§Bl §x§E§A§F§3§F§AB§x§D§6§E§8§F§6a§x§C§1§D§C§F§1c§x§A§C§D§0§E§Ck§x§9§7§C§4§E§7p§x§8§3§B§9§E§3a§x§6§E§A§D§D§Ec§x§5§9§A§1§D§9k from buy
[02:46:40] > Izumi added x1 §x§E§5§1§B§1§B§lDracula Wings in auction for 2000000.
[02:55:04] > Izumi remove x1 §f§l§x§F§C§D§0§5§CW§x§F§A§A§A§4§Bu§x§F§9§8§4§3§Bk§x§F§7§5§F§2§Ao§x§F§5§3§9§1§9n§x§F§4§1§3§0§8g §x§F§5§3§9§1§9W§x§F§7§5§F§2§Ai§x§F§9§8§4§3§Bn§x§F§A§A§A§4§Bg§x§F§C§D§0§5§Cs from storage
[02:55:17] > Izumi added x1 §f§l§x§F§C§D§0§5§CW§x§F§A§A§A§4§Bu§x§F§9§8§4§3§Bk§x§F§7§5§F§2§Ao§x§F§5§3§9§1§9n§x§F§4§1§3§0§8g §x§F§5§3§9§1§9W§x§F§7§5§F§2§Ai§x§F§9§8§4§3§Bn§x§F§A§A§A§4§Bg§x§F§C§D§0§5§Cs in auction for 1000000.
[08:01:37] > Izumi remove x1 §f§l§x§F§C§D§0§5§CW§x§F§A§A§A§4§Bu§x§F§9§8§4§3§Bk§x§F§7§5§F§2§Ao§x§F§5§3§9§1§9n§x§F§4§1§3§0§8g §x§F§5§3§9§1§9W§x§F§7§5§F§2§Ai§x§F§9§8§4§3§Bn§x§F§A§A§A§4§Bg§x§F§C§D§0§5§Cs from storage
[08:09:06] > vortexcore remove x4 Netherite ingot form storage
[08:09:06] > vortexcore remove x1 Netherite upgrade smithing template form storage
[08:09:06] > vortexcore remove x1 §x§5§9§A§1§D§9§lA§x§7§5§B§1§D§Fr§x§9§0§C§0§E§6c§x§A§C§D§0§E§Ch§x§C§8§E§0§F§2a§x§E§3§E§F§F§9n§fg§x§E§3§E§F§F§9e§x§C§8§E§0§F§2l §x§9§0§C§0§E§6K§x§7§5§B§1§D§Fe§x§5§9§A§1§D§9y form storage
[08:09:26] > vortexcore added x1 §x§5§9§A§1§D§9§lA§x§7§5§B§1§D§Fr§x§9§0§C§0§E§6c§x§A§C§D§0§E§Ch§x§C§8§E§0§F§2a§x§E§3§E§F§F§9n§fg§x§E§3§E§F§F§9e§x§C§8§E§0§F§2l §x§9§0§C§0§E§6K§x§7§5§B§1§D§Fe§x§5§9§A§1§D§9y in auction for 950000.
[08:09:41] > vortexcore added x1 Netherite upgrade smithing template in auction for 300000.
[08:30:16] > nachfaust added x1 §f§l§x§E§4§3§A§3§AM§x§D§3§4§B§3§Ae§x§C§2§5§C§3§Ar§x§B§2§6§D§3§9r§x§A§1§7§E§3§9y§x§9§0§9§0§3§9 §x§7§F§A§1§3§9C§x§6§F§B§2§3§8h§x§5§E§C§3§3§8r§x§4§D§D§4§3§8i§x§5§E§C§3§3§8s§x§6§F§B§2§3§8t§x§7§F§A§1§3§9m§x§9§0§9§0§3§9a§x§A§1§7§E§3§9s§x§B§2§6§D§3§9 §x§C§2§5§C§3§AB§x§D§3§4§B§3§Ao§x§E§4§3§A§3§Aw in auction for 1000000.
[08:35:17] > qu4sar buy x1 §x§F§F§5§5§0§0§lsᴇʟʟᴡᴀɴᴅ §6- 5.0x to 8it5inn for $367,000.
[08:35:20] > x1 Diamond chestplate, bought by Ryzxc, has just expired, the item is definitively deleted.
[08:35:21] > qu4sar remove x1 §x§F§F§5§5§0§0§lsᴇʟʟᴡᴀɴᴅ §6- 5.0x from buy
[08:50:09] > vortexcore remove x1 Netherite upgrade smithing template from storage
[08:50:33] > vortexcore added x1 Netherite upgrade smithing template in auction for 250000.
[09:09:49] > Kenamin buy x1 §x§F§F§3§E§0§0§lD§x§F§F§3§8§0§0§le§x§F§F§3§2§0§0§lm§x§F§F§2§B§0§0§lo§x§F§F§2§5§0§0§ln §x§F§F§1§9§0§0§lL§x§F§F§1§3§0§0§lo§x§F§F§0§C§0§0§lr§x§F§F§0§6§0§0§ld §x§F§F§0§6§0§0§lB§x§F§F§0§C§0§0§la§x§F§F§1§3§0§0§lt§x§F§F§1§9§0§0§lt§x§F§F§1§F§0§0§ll§x§F§F§2§5§0§0§le §x§F§F§3§2§0§0§lA§x§F§F§3§8§0§0§lx§x§F§F§3§E§0§0§le to Anc_Kyoto for $650,000.
[09:10:28] > Kenamin buy x1 §f§l§x§8§A§0§0§F§FS§x§9§C§0§0§D§5h§x§A§D§0§0§A§Ai§x§B§F§0§0§8§0n§x§D§0§0§0§5§5e§x§E§2§0§0§2§B §x§F§3§0§0§0§0O§x§E§2§0§0§2§An§x§D§0§0§0§5§5i§x§B§F§0§0§8§0 §x§A§D§0§0§A§AH§x§9§C§0§0§D§5o§x§8§A§0§0§F§Fe to Renzy01 for $800,000.
[09:10:34] > Kenamin remove x1 §f§l§x§8§A§0§0§F§FS§x§9§C§0§0§D§5h§x§A§D§0§0§A§Ai§x§B§F§0§0§8§0n§x§D§0§0§0§5§5e§x§E§2§0§0§2§B §x§F§3§0§0§0§0O§x§E§2§0§0§2§An§x§D§0§0§0§5§5i§x§B§F§0§0§8§0 §x§A§D§0§0§A§AH§x§9§C§0§0§D§5o§x§8§A§0§0§F§Fe from buy
[09:10:36] > Kenamin remove x1 §x§F§F§3§E§0§0§lD§x§F§F§3§8§0§0§le§x§F§F§3§2§0§0§lm§x§F§F§2§B§0§0§lo§x§F§F§2§5§0§0§ln §x§F§F§1§9§0§0§lL§x§F§F§1§3§0§0§lo§x§F§F§0§C§0§0§lr§x§F§F§0§6§0§0§ld §x§F§F§0§6§0§0§lB§x§F§F§0§C§0§0§la§x§F§F§1§3§0§0§lt§x§F§F§1§9§0§0§lt§x§F§F§1§F§0§0§ll§x§F§F§2§5§0§0§le §x§F§F§3§2§0§0§lA§x§F§F§3§8§0§0§lx§x§F§F§3§E§0§0§le from buy
[09:11:44] > Kenamin added x1 §f§l§x§8§A§0§0§F§FS§x§9§C§0§0§D§5h§x§A§D§0§0§A§Ai§x§B§F§0§0§8§0n§x§D§0§0§0§5§5e§x§E§2§0§0§2§B §x§F§3§0§0§0§0O§x§E§2§0§0§2§An§x§D§0§0§0§5§5i§x§B§F§0§0§8§0 §x§A§D§0§0§A§AH§x§9§C§0§0§D§5o§x§8§A§0§0§F§Fe in auction for 850000.
[09:13:24] > vortexcore added x1 Enchanted book in auction for 10000.
[09:29:01] > Apprintance added x1 §f§l§x§8§A§0§0§F§FS§x§9§6§0§0§E§3h§x§A§1§0§0§C§6i§x§A§D§0§0§A§An§x§B§9§0§0§8§Ee§x§C§4§0§0§7§1 §x§D§0§0§0§5§5O§x§D§C§0§0§3§9n§x§E§7§0§0§1§Ci§x§F§3§0§0§0§0 §x§E§7§0§0§1§CB§x§D§C§0§0§3§9i§x§D§0§0§0§5§5g§x§C§4§0§0§7§1 §x§B§9§0§0§8§ES§x§A§D§0§0§A§Aw§x§A§1§0§0§C§6o§x§9§6§0§0§E§3r§x§8§A§0§0§F§Fd in auction for 1500000.
[09:29:13] > Apprintance added x1 §f§l§x§8§A§0§0§F§FS§x§9§6§0§0§E§3h§x§A§1§0§0§C§6i§x§A§D§0§0§A§An§x§B§9§0§0§8§Ee§x§C§4§0§0§7§1 §x§D§0§0§0§5§5O§x§D§C§0§0§3§9n§x§E§7§0§0§1§Ci§x§F§3§0§0§0§0 §x§E§7§0§0§1§CB§x§D§C§0§0§3§9i§x§D§0§0§0§5§5g§x§C§4§0§0§7§1 §x§B§9§0§0§8§ES§x§A§D§0§0§A§Aw§x§A§1§0§0§C§6o§x§9§6§0§0§E§3r§x§8§A§0§0§F§Fd in auction for 1500000.
[09:30:40] > vortexcore remove x1 Netherite upgrade smithing template from storage
[09:30:43] > vortexcore remove x1 §x§5§9§A§1§D§9§lA§x§7§5§B§1§D§Fr§x§9§0§C§0§E§6c§x§A§C§D§0§E§Ch§x§C§8§E§0§F§2a§x§E§3§E§F§F§9n§fg§x§E§3§E§F§F§9e§x§C§8§E§0§F§2l §x§9§0§C§0§E§6K§x§7§5§B§1§D§Fe§x§5§9§A§1§D§9y from storage
[09:30:50] > vortexcore added x1 §x§5§9§A§1§D§9§lA§x§7§5§B§1§D§Fr§x§9§0§C§0§E§6c§x§A§C§D§0§E§Ch§x§C§8§E§0§F§2a§x§E§3§E§F§F§9n§fg§x§E§3§E§F§F§9e§x§C§8§E§0§F§2l §x§9§0§C§0§E§6K§x§7§5§B§1§D§Fe§x§5§9§A§1§D§9y in auction for 900000.
[09:31:02] > vortexcore added x1 Netherite upgrade smithing template in auction for 250000.
[09:34:08] > vortexcore remove x1 §x§5§9§A§1§D§9§lA§x§7§5§B§1§D§Fr§x§9§0§C§0§E§6c§x§A§C§D§0§E§Ch§x§C§8§E§0§F§2a§x§E§3§E§F§F§9n§fg§x§E§3§E§F§F§9e§x§C§8§E§0§F§2l §x§9§0§C§0§E§6K§x§7§5§B§1§D§Fe§x§5§9§A§1§D§9y from storage
[09:34:22] > vortexcore added x1 §x§5§9§A§1§D§9§lA§x§7§5§B§1§D§Fr§x§9§0§C§0§E§6c§x§A§C§D§0§E§Ch§x§C§8§E§0§F§2a§x§E§3§E§F§F§9n§fg§x§E§3§E§F§F§9e§x§C§8§E§0§F§2l §x§9§0§C§0§E§6K§x§7§5§B§1§D§Fe§x§5§9§A§1§D§9y in auction for 300000.
[09:34:27] > Apprintance buy x1 §x§5§9§A§1§D§9§lA§x§7§5§B§1§D§Fr§x§9§0§C§0§E§6c§x§A§C§D§0§E§Ch§x§C§8§E§0§F§2a§x§E§3§E§F§F§9n§fg§x§E§3§E§F§F§9e§x§C§8§E§0§F§2l §x§9§0§C§0§E§6K§x§7§5§B§1§D§Fe§x§5§9§A§1§D§9y to vortexcore for $300,000.
[09:44:31] > NoClarity added x64 Oak fence in auction for 10.
[09:44:59] > .Jayveee1943 buy x64 Oak fence to NoClarity for $10.
[09:46:29] > NoClarity added x64 Oak fence in auction for 10.
[09:46:42] > .Jayveee1943 buy x64 Oak fence to NoClarity for $10.
[09:48:13] > NoClarity added x64 Oak fence in auction for 10.
[09:48:18] > Apprintance buy x64 Oak fence to NoClarity for $10.
[09:49:58] > .Jayveee1943 remove x64 Oak fence from buy
[09:50:06] > .Jayveee1943 remove x64 Oak fence from buy
[09:52:53] > vortexcore added x1 §fVex Plushie §6(#89/101) in auction for 200000.
[09:55:33] > _MANEPEAR_ buy x1 Enchanted book to Anc_Kyoto for $3,000.
[09:57:14] > vortexcore remove x1 §fVex Plushie §6(#89/101) from storage
[10:02:15] > Apprintance remove x1 §x§5§9§A§1§D§9§lA§x§7§5§B§1§D§Fr§x§9§0§C§0§E§6c§x§A§C§D§0§E§Ch§x§C§8§E§0§F§2a§x§E§3§E§F§F§9n§fg§x§E§3§E§F§F§9e§x§C§8§E§0§F§2l §x§9§0§C§0§E§6K§x§7§5§B§1§D§Fe§x§5§9§A§1§D§9y from buy
[10:04:08] > Apprintance added x1 §x§5§9§A§1§D§9§lA§x§6§B§A§B§D§Dr§x§7§E§B§6§E§1c§x§9§0§C§0§E§6h§x§A§3§C§B§E§Aa§x§B§5§D§5§E§En§x§C§8§E§0§F§2g§x§D§A§E§A§F§7e§x§E§D§F§5§F§Bl §x§E§A§F§3§F§AB§x§D§6§E§8§F§6a§x§C§1§D§C§F§1c§x§A§C§D§0§E§Ck§x§9§7§C§4§E§7p§x§8§3§B§9§E§3a§x§6§E§A§D§D§Ec§x§5§9§A§1§D§9k in auction for 10000000.
[10:04:19] > Apprintance added x1 §x§5§9§A§1§D§9§lA§x§7§5§B§1§D§Fr§x§9§0§C§0§E§6c§x§A§C§D§0§E§Ch§x§C§8§E§0§F§2a§x§E§3§E§F§F§9n§fg§x§E§3§E§F§F§9e§x§C§8§E§0§F§2l §x§9§0§C§0§E§6H§x§7§5§B§1§D§Fa§x§5§9§A§1§D§9t in auction for 10000000.
[10:04:34] > Apprintance added x1 §x§5§9§A§1§D§9§lA§x§7§1§A§E§D§Er§x§8§8§B§C§E§4c§x§A§0§C§9§E§9h§x§B§8§D§7§E§Fa§x§D§0§E§4§F§4n§x§E§7§F§2§F§Ag§fe§x§E§7§F§2§F§Al §x§B§8§D§7§E§FW§x§A§0§C§9§E§9i§x§8§8§B§C§E§4n§x§7§1§A§E§D§Eg§x§5§9§A§1§D§9s in auction for 10000000.
[10:05:16] > Christian buy x1 §x§E§5§1§B§1§B§lDracula Boots to Anc_Kyoto for $50,000.
[10:05:34] > Christian remove x1 §x§E§5§1§B§1§B§lDracula Boots from buy
[10:05:56] > Apprintance remove x1 §f§l§x§8§A§0§0§F§FS§x§9§6§0§0§E§3h§x§A§1§0§0§C§6i§x§A§D§0§0§A§An§x§B§9§0§0§8§Ee§x§C§4§0§0§7§1 §x§D§0§0§0§5§5O§x§D§C§0§0§3§9n§x§E§7§0§0§1§Ci§x§F§3§0§0§0§0 §x§E§7§0§0§1§CB§x§D§C§0§0§3§9i§x§D§0§0§0§5§5g§x§C§4§0§0§7§1 §x§B§9§0§0§8§ES§x§A§D§0§0§A§Aw§x§A§1§0§0§C§6o§x§9§6§0§0§E§3r§x§8§A§0§0§F§Fd from storage
[10:06:00] > Apprintance added x1 For flex purposes only, dont buy in auction for 1000000.
[10:07:40] > R4YVEN remove x1 §x§F§F§7§C§0§0§lSteamsparks Staff from storage
[10:08:42] > Julene added x1 §f§bElder Guardian Plushie §6(#31/101) in auction for 50000.
[10:13:05] > Apprintance buy x1 §f§bElder Guardian Plushie §6(#31/101) to Julene for $50,000.
[10:13:10] > Apprintance remove x1 For flex purposes only, dont buy form storage
[10:13:10] > Apprintance remove x1 §f§l§x§8§A§0§0§F§FS§x§9§6§0§0§E§3h§x§A§1§0§0§C§6i§x§A§D§0§0§A§An§x§B§9§0§0§8§Ee§x§C§4§0§0§7§1 §x§D§0§0§0§5§5O§x§D§C§0§0§3§9n§x§E§7§0§0§1§Ci§x§F§3§0§0§0§0 §x§E§7§0§0§1§CB§x§D§C§0§0§3§9i§x§D§0§0§0§5§5g§x§C§4§0§0§7§1 §x§B§9§0§0§8§ES§x§A§D§0§0§A§Aw§x§A§1§0§0§C§6o§x§9§6§0§0§E§3r§x§8§A§0§0§F§Fd form storage
[10:13:10] > Apprintance remove x1 §x§5§9§A§1§D§9§lA§x§7§5§B§1§D§Fr§x§9§0§C§0§E§6c§x§A§C§D§0§E§Ch§x§C§8§E§0§F§2a§x§E§3§E§F§F§9n§fg§x§E§3§E§F§F§9e§x§C§8§E§0§F§2l §x§9§0§C§0§E§6H§x§7§5§B§1§D§Fa§x§5§9§A§1§D§9t form storage
[10:13:10] > Apprintance remove x1 §x§5§9§A§1§D§9§lA§x§6§B§A§B§D§Dr§x§7§E§B§6§E§1c§x§9§0§C§0§E§6h§x§A§3§C§B§E§Aa§x§B§5§D§5§E§En§x§C§8§E§0§F§2g§x§D§A§E§A§F§7e§x§E§D§F§5§F§Bl §x§E§A§F§3§F§AB§x§D§6§E§8§F§6a§x§C§1§D§C§F§1c§x§A§C§D§0§E§Ck§x§9§7§C§4§E§7p§x§8§3§B§9§E§3a§x§6§E§A§D§D§Ec§x§5§9§A§1§D§9k form storage
[10:13:10] > Apprintance remove x1 §x§5§9§A§1§D§9§lA§x§7§1§A§E§D§Er§x§8§8§B§C§E§4c§x§A§0§C§9§E§9h§x§B§8§D§7§E§Fa§x§D§0§E§4§F§4n§x§E§7§F§2§F§Ag§fe§x§E§7§F§2§F§Al §x§B§8§D§7§E§FW§x§A§0§C§9§E§9i§x§8§8§B§C§E§4n§x§7§1§A§E§D§Eg§x§5§9§A§1§D§9s form storage
[10:15:22] > vortexcore remove x1 Netherite upgrade smithing template from storage
[10:15:29] > vortexcore added x1 Netherite upgrade smithing template in auction for 100000.
[10:24:42] > Apprintance added x1 §f§l§x§F§C§D§0§5§CW§x§F§B§A§D§4§Du§x§F§9§8§B§3§Dk§x§F§8§6§8§2§Eo§x§F§6§4§5§1§Fn§x§F§5§2§3§0§Fg§x§F§3§0§0§0§0 §x§F§5§2§3§0§FH§x§F§6§4§5§1§Fa§x§F§8§6§8§2§Em§x§F§9§8§B§3§Dm§x§F§B§A§D§4§De§x§F§C§D§0§5§Cr in auction for 10000000.
[10:26:30] > Apprintance remove x1 §f§l§x§F§C§D§0§5§CW§x§F§B§A§D§4§Du§x§F§9§8§B§3§Dk§x§F§8§6§8§2§Eo§x§F§6§4§5§1§Fn§x§F§5§2§3§0§Fg§x§F§3§0§0§0§0 §x§F§5§2§3§0§FH§x§F§6§4§5§1§Fa§x§F§8§6§8§2§Em§x§F§9§8§B§3§Dm§x§F§B§A§D§4§De§x§F§C§D§0§5§Cr from storage
[10:40:01] > NoClarity added x1 §x§E§5§1§B§1§B§lDracula Staff in auction for 9999.
[10:40:08] > x1 §x§7§A§A§1§F§6★ K§x§7§8§A§6§F§3n§x§7§6§A§A§E§Fo§x§7§4§A§F§E§Cc§x§7§2§B§4§E§8k§x§7§0§B§8§E§5b§x§6§E§B§D§E§1a§x§6§D§C§2§D§Ec§x§6§B§C§6§D§Ak §x§6§7§C§F§D§3S§x§6§5§D§4§D§0t§x§6§3§D§9§C§Ci§x§6§1§D§D§C§9c§x§5§F§E§2§C§5k, item of Abbadex, has just expired, the item is definitively deleted.
[10:40:11] > NoClarity remove x1 §x§F§F§7§C§0§0§lSteamsparks Shield from expire
[10:40:11] > lorxie buy x1 §f§l§x§E§4§3§A§3§AM§x§D§5§4§9§3§Ae§x§C§6§5§9§3§Ar§x§B§7§6§8§3§9r§x§A§8§7§8§3§9y§x§9§9§8§7§3§9 §x§8§9§9§6§3§9C§x§7§A§A§6§3§9h§x§6§B§B§5§3§8r§x§5§C§C§5§3§8i§x§4§D§D§4§3§8s§x§5§C§C§5§3§8t§x§6§B§B§5§3§8m§x§7§A§A§6§3§9a§x§8§9§9§6§3§9s§x§9§9§8§7§3§9 §x§A§8§7§8§3§9W§x§B§7§6§8§3§9i§x§C§6§5§9§3§An§x§D§5§4§9§3§Ag§x§E§4§3§A§3§As to Malachkite for $2,000,000.
[10:40:12] > ravencabansay buy x1 §x§E§5§1§B§1§B§lDracula Staff to NoClarity for $9,999.
[10:40:13] > lorxie buy x1 §f§l§x§E§4§3§A§3§AM§x§D§3§4§B§3§Ae§x§C§2§5§C§3§Ar§x§B§2§6§D§3§9r§x§A§1§7§E§3§9y§x§9§0§9§0§3§9 §x§7§F§A§1§3§9C§x§6§F§B§2§3§8h§x§5§E§C§3§3§8r§x§4§D§D§4§3§8i§x§5§E§C§3§3§8s§x§6§F§B§2§3§8t§x§7§F§A§1§3§9m§x§9§0§9§0§3§9a§x§A§1§7§E§3§9s§x§B§2§6§D§3§9 §x§C§2§5§C§3§AB§x§D§3§4§B§3§Ao§x§E§4§3§A§3§Aw to nachfaust for $1,000,000.
[10:40:20] > NoClarity added x1 §x§F§F§7§C§0§0§lSteamsparks Shield in auction for 70000.
[10:41:13] > NoClarity remove x3 Deepslate coal ore from storage
[10:43:49] > ravencabansay buy x1 §x§F§F§7§C§0§0§lSteamsparks Shield to NoClarity for $70,000.
[10:44:17] > ravencabansay remove x1 §x§F§F§7§C§0§0§lSteamsparks Shield from buy
[10:49:33] > lorxie remove x1 §f§l§x§E§4§3§A§3§AM§x§D§3§4§B§3§Ae§x§C§2§5§C§3§Ar§x§B§2§6§D§3§9r§x§A§1§7§E§3§9y§x§9§0§9§0§3§9 §x§7§F§A§1§3§9C§x§6§F§B§2§3§8h§x§5§E§C§3§3§8r§x§4§D§D§4§3§8i§x§5§E§C§3§3§8s§x§6§F§B§2§3§8t§x§7§F§A§1§3§9m§x§9§0§9§0§3§9a§x§A§1§7§E§3§9s§x§B§2§6§D§3§9 §x§C§2§5§C§3§AB§x§D§3§4§B§3§Ao§x§E§4§3§A§3§Aw from buy
[10:49:33] > lorxie remove x1 §f§l§x§E§4§3§A§3§AM§x§D§5§4§9§3§Ae§x§C§6§5§9§3§Ar§x§B§7§6§8§3§9r§x§A§8§7§8§3§9y§x§9§9§8§7§3§9 §x§8§9§9§6§3§9C§x§7§A§A§6§3§9h§x§6§B§B§5§3§8r§x§5§C§C§5§3§8i§x§4§D§D§4§3§8s§x§5§C§C§5§3§8t§x§6§B§B§5§3§8m§x§7§A§A§6§3§9a§x§8§9§9§6§3§9s§x§9§9§8§7§3§9 §x§A§8§7§8§3§9W§x§B§7§6§8§3§9i§x§C§6§5§9§3§An§x§D§5§4§9§3§Ag§x§E§4§3§A§3§As from buy
[10:50:24] > lorxie buy x64 Wind charge to aroraru for $64,646.
[10:50:44] > lorxie buy x1 §f§l§x§E§4§3§A§3§AM§x§D§8§4§6§3§Ae§x§C§D§5§2§3§Ar§x§C§1§5§E§3§Ar§x§B§6§6§9§3§9y§x§A§A§7§5§3§9 §x§9§E§8§1§3§9C§x§9§3§8§D§3§9h§x§8§7§9§9§3§9r§x§7§B§A§5§3§9i§x§7§0§B§0§3§8s§x§6§4§B§C§3§8t§x§5§9§C§8§3§8m§x§4§D§D§4§3§8a§x§5§9§C§8§3§8s§x§6§4§B§C§3§8 §x§7§0§B§0§3§8F§x§7§B§A§5§3§9i§x§8§7§9§9§3§9s§x§9§3§8§D§3§9h§x§9§E§8§1§3§9i§x§A§A§7§5§3§9n§x§B§6§6§9§3§9g§x§C§1§5§E§3§A §x§C§D§5§2§3§Ar§x§D§8§4§6§3§Ao§x§E§4§3§A§3§Ad to Cynishere for $400,000.
[10:51:57] > lorxie remove x1 §f§l§x§E§4§3§A§3§AM§x§D§8§4§6§3§Ae§x§C§D§5§2§3§Ar§x§C§1§5§E§3§Ar§x§B§6§6§9§3§9y§x§A§A§7§5§3§9 §x§9§E§8§1§3§9C§x§9§3§8§D§3§9h§x§8§7§9§9§3§9r§x§7§B§A§5§3§9i§x§7§0§B§0§3§8s§x§6§4§B§C§3§8t§x§5§9§C§8§3§8m§x§4§D§D§4§3§8a§x§5§9§C§8§3§8s§x§6§4§B§C§3§8 §x§7§0§B§0§3§8F§x§7§B§A§5§3§9i§x§8§7§9§9§3§9s§x§9§3§8§D§3§9h§x§9§E§8§1§3§9i§x§A§A§7§5§3§9n§x§B§6§6§9§3§9g§x§C§1§5§E§3§A §x§C§D§5§2§3§Ar§x§D§8§4§6§3§Ao§x§E§4§3§A§3§Ad from buy
[10:51:57] > lorxie remove x22 Wind charge from buy
[10:53:41] > _MANEPEAR_ buy x1 Enchanted book to aroraru for $100,000.
[10:53:49] > _MANEPEAR_ buy x1 §f§l§8B§x§5§F§5§F§5§Fa§x§6§9§6§9§6§9h§x§7§3§7§3§7§3a§x§7§D§7§D§7§Dm§x§8§7§8§7§8§7u§x§9§1§9§1§9§1t§x§9§B§9§B§9§B §x§A§5§A§5§A§5Gr§x§9§B§9§B§9§Be§x§9§1§9§1§9§1a§x§8§7§8§7§8§7t§x§7§D§7§D§7§Ds§x§7§3§7§3§7§3w§x§6§9§6§9§6§9o§x§5§F§5§F§5§Fr§8d to Horheee for $300,000.
[10:53:54] > _MANEPEAR_ remove x1 §f§l§8B§x§5§F§5§F§5§Fa§x§6§9§6§9§6§9h§x§7§3§7§3§7§3a§x§7§D§7§D§7§Dm§x§8§7§8§7§8§7u§x§9§1§9§1§9§1t§x§9§B§9§B§9§B §x§A§5§A§5§A§5Gr§x§9§B§9§B§9§Be§x§9§1§9§1§9§1a§x§8§7§8§7§8§7t§x§7§D§7§D§7§Ds§x§7§3§7§3§7§3w§x§6§9§6§9§6§9o§x§5§F§5§F§5§Fr§8d from buy
[10:53:55] > _MANEPEAR_ remove x1 Enchanted book from buy
[10:53:56] > _MANEPEAR_ remove x1 Enchanted book from buy
[10:54:14] > lorxie buy x1 §f§l§x§F§C§D§0§5§CW§x§F§A§A§6§4§Au§x§F§8§7§D§3§7k§x§F§7§5§3§2§5o§x§F§5§2§A§1§2n§x§F§3§0§0§0§0g§x§F§5§2§A§1§2 §x§F§7§5§3§2§5C§x§F§8§7§D§3§7l§x§F§A§A§6§4§Au§x§F§C§D§0§5§Cb to FRANZ_JOSEF0 for $1,000,000.
[10:54:20] > lorxie remove x1 §f§l§x§F§C§D§0§5§CW§x§F§A§A§6§4§Au§x§F§8§7§D§3§7k§x§F§7§5§3§2§5o§x§F§5§2§A§1§2n§x§F§3§0§0§0§0g§x§F§5§2§A§1§2 §x§F§7§5§3§2§5C§x§F§8§7§D§3§7l§x§F§A§A§6§4§Au§x§F§C§D§0§5§Cb from buy
[11:01:38] > .Jayveee1943 buy x1 Enchanted book to vortexcore for $10,000.
[11:01:45] > .Jayveee1943 remove x1 Enchanted book from buy
[11:21:00] > x1 §f§l§x§E§4§3§A§3§AM§x§D§3§4§B§3§Ae§x§C§2§5§C§3§Ar§x§B§2§6§D§3§9r§x§A§1§7§E§3§9y§x§9§0§9§0§3§9 §x§7§F§A§1§3§9C§x§6§F§B§2§3§8h§x§5§E§C§3§3§8r§x§4§D§D§4§3§8i§x§5§E§C§3§3§8s§x§6§F§B§2§3§8t§x§7§F§A§1§3§9m§x§9§0§9§0§3§9a§x§A§1§7§E§3§9s§x§B§2§6§D§3§9 §x§C§2§5§C§3§AB§x§D§3§4§B§3§Ao§x§E§4§3§A§3§Aw on sale by alecczzz has just expired, it goes in the inventory of expired items.
[11:43:49] > Muirfaha15 buy x64 Experience bottle to Blinkrzz for $150,000.
[11:43:55] > x1 Enchanted book, bought by NastyPepperoni, has just expired, the item is definitively deleted.
[11:43:55] > x1 Enchanted book, bought by NastyPepperoni, has just expired, the item is definitively deleted.
[11:43:55] > x1 Enchanted book, bought by NastyPepperoni, has just expired, the item is definitively deleted.
[11:43:55] > x1 Enchanted book, bought by NastyPepperoni, has just expired, the item is definitively deleted.
[11:43:56] > Muirfaha15 remove x64 Experience bottle from buy
[11:45:14] > EXEZUNO added x11 §x§F§C§D§0§5§C§lB§x§E§6§D§3§6§B§la§x§C§F§D§5§7§A§ls§x§B§9§D§8§8§9§li§x§A§2§D§A§9§8§lc §x§7§5§D§F§B§6§lC§x§5§F§E§2§C§5§lr§x§7§5§D§F§B§6§la§x§8§C§D§D§A§7§lt§x§A§2§D§A§9§8§le §x§C§F§D§5§7§A§lK§x§E§6§D§3§6§B§le§x§F§C§D§0§5§C§ly in auction for 120000.
[11:50:11] > NoClarity remove x1 Music disc 13 from buy
[11:57:08] > quillking67 buy x1 Diamond leggings to .MARK48080 for $10,000.
[11:57:10] > quillking67 buy x1 Diamond boots to .MARK48080 for $10,000.
[11:59:56] > quillking67 remove x1 Diamond leggings from buy