
[12:50:38] > Arthur added x64 Redstone block in auction for 90000.
[12:53:57] > Arthur added x19 Redstone block in auction for 19000.
[12:57:25] > Arthur buy x1 Enchanted book to vortexcore for $5,000.
[12:57:26] > Arthur buy x1 Enchanted book to vortexcore for $5,000.
[13:03:13] > Arthur added x5 §x§F§C§D§0§5§C§lB§x§E§6§D§3§6§B§la§x§C§F§D§5§7§A§ls§x§B§9§D§8§8§9§li§x§A§2§D§A§9§8§lc §x§7§5§D§F§B§6§lC§x§5§F§E§2§C§5§lr§x§7§5§D§F§B§6§la§x§8§C§D§D§A§7§lt§x§A§2§D§A§9§8§le §x§C§F§D§5§7§A§lK§x§E§6§D§3§6§B§le§x§F§C§D§0§5§C§ly in auction for 50000.
[13:03:28] > Arthur remove x1 Enchanted book from buy
[13:03:28] > Arthur remove x1 Enchanted book from buy
[13:03:28] > Arthur remove x1 Sellwand - 5.0x from buy
[13:03:29] > Arthur remove x1 Enchanted book from buy
[13:03:41] > Arthur remove x1 Enchanted book from expire
[13:03:42] > Arthur remove x1 Enchanted book from expire
[13:42:35] > Arthur remove x5 §x§F§C§D§0§5§C§lB§x§E§6§D§3§6§B§la§x§C§F§D§5§7§A§ls§x§B§9§D§8§8§9§li§x§A§2§D§A§9§8§lc §x§7§5§D§F§B§6§lC§x§5§F§E§2§C§5§lr§x§7§5§D§F§B§6§la§x§8§C§D§D§A§7§lt§x§A§2§D§A§9§8§le §x§C§F§D§5§7§A§lK§x§E§6§D§3§6§B§le§x§F§C§D§0§5§C§ly from storage
[13:42:36] > Arthur remove x10 §x§F§C§D§0§5§C§lB§x§E§6§D§3§6§B§la§x§C§F§D§5§7§A§ls§x§B§9§D§8§8§9§li§x§A§2§D§A§9§8§lc §x§7§5§D§F§B§6§lC§x§5§F§E§2§C§5§lr§x§7§5§D§F§B§6§la§x§8§C§D§D§A§7§lt§x§A§2§D§A§9§8§le §x§C§F§D§5§7§A§lK§x§E§6§D§3§6§B§le§x§F§C§D§0§5§C§ly from storage
[13:42:51] > Arthur added x1 §x§F§F§5§5§0§0§lsᴇʟʟᴡᴀɴᴅ §6- 5.0x in auction for 250000.
[13:43:02] > Arthur added x15 §x§F§C§D§0§5§C§lB§x§E§6§D§3§6§B§la§x§C§F§D§5§7§A§ls§x§B§9§D§8§8§9§li§x§A§2§D§A§9§8§lc §x§7§5§D§F§B§6§lC§x§5§F§E§2§C§5§lr§x§7§5§D§F§B§6§la§x§8§C§D§D§A§7§lt§x§A§2§D§A§9§8§le §x§C§F§D§5§7§A§lK§x§E§6§D§3§6§B§le§x§F§C§D§0§5§C§ly in auction for 150000.
[13:43:11] > JinSoul15 buy x1 §x§F§F§5§5§0§0§lsᴇʟʟᴡᴀɴᴅ §6- 5.0x to Arthur for $250,000.
[13:43:15] > JinSoul15 buy x1 §x§F§F§5§5§0§0§lsᴇʟʟᴡᴀɴᴅ §6- 5.0x to aroraru for $750,000.
[13:44:03] > JinSoul15 remove x1 §x§F§F§5§5§0§0§lsᴇʟʟᴡᴀɴᴅ §6- 5.0x from buy
[13:44:03] > JinSoul15 remove x1 §x§F§F§5§5§0§0§lsᴇʟʟᴡᴀɴᴅ §6- 5.0x from buy
[14:02:48] > nebula12321 added x1 §x§F§F§3§E§0§0§lSellwand Voucher in auction for 1500000.
[14:03:36] > nebula12321 added x1 §x§E§4§3§A§3§A§lC§x§C§E§5§0§3§A§lh§x§B§9§6§6§3§9§lr§x§A§3§7§C§3§9§li§x§8§E§9§2§3§9§ls§x§7§8§A§8§3§9§lt§x§6§3§B§E§3§8§lm§x§4§D§D§4§3§8§la§x§6§3§B§E§3§8§ls §x§8§E§9§2§3§9§lG§x§A§3§7§C§3§9§ll§x§B§9§6§6§3§9§lo§x§C§E§5§0§3§A§lb§x§E§4§3§A§3§A§le in auction for 1500000.
[14:11:44] > kentchalin buy x10 §x§F§C§D§0§5§C§lB§x§E§6§D§3§6§B§la§x§C§F§D§5§7§A§ls§x§B§9§D§8§8§9§li§x§A§2§D§A§9§8§lc §x§7§5§D§F§B§6§lC§x§5§F§E§2§C§5§lr§x§7§5§D§F§B§6§la§x§8§C§D§D§A§7§lt§x§A§2§D§A§9§8§le §x§C§F§D§5§7§A§lK§x§E§6§D§3§6§B§le§x§F§C§D§0§5§C§ly to dejuugarr for $100,000.
[14:12:04] > kentchalin buy x15 §x§F§C§D§0§5§C§lB§x§E§6§D§3§6§B§la§x§C§F§D§5§7§A§ls§x§B§9§D§8§8§9§li§x§A§2§D§A§9§8§lc §x§7§5§D§F§B§6§lC§x§5§F§E§2§C§5§lr§x§7§5§D§F§B§6§la§x§8§C§D§D§A§7§lt§x§A§2§D§A§9§8§le §x§C§F§D§5§7§A§lK§x§E§6§D§3§6§B§le§x§F§C§D§0§5§C§ly to Arthur for $150,000.
[14:13:10] > kentchalin remove x10 §x§F§C§D§0§5§C§lB§x§E§6§D§3§6§B§la§x§C§F§D§5§7§A§ls§x§B§9§D§8§8§9§li§x§A§2§D§A§9§8§lc §x§7§5§D§F§B§6§lC§x§5§F§E§2§C§5§lr§x§7§5§D§F§B§6§la§x§8§C§D§D§A§7§lt§x§A§2§D§A§9§8§le §x§C§F§D§5§7§A§lK§x§E§6§D§3§6§B§le§x§F§C§D§0§5§C§ly from buy
[14:13:11] > kentchalin remove x15 §x§F§C§D§0§5§C§lB§x§E§6§D§3§6§B§la§x§C§F§D§5§7§A§ls§x§B§9§D§8§8§9§li§x§A§2§D§A§9§8§lc §x§7§5§D§F§B§6§lC§x§5§F§E§2§C§5§lr§x§7§5§D§F§B§6§la§x§8§C§D§D§A§7§lt§x§A§2§D§A§9§8§le §x§C§F§D§5§7§A§lK§x§E§6§D§3§6§B§le§x§F§C§D§0§5§C§ly from buy
[14:15:55] > kentchalin added x1 §x§E§5§1§B§1§B§lDracula Shovel in auction for 75000.
[14:16:42] > kentchalin added x1 §x§E§5§1§B§1§B§lDracula Axe in auction for 75000.
[14:17:08] > kentchalin added x5 §x§F§C§D§0§5§C§lB§x§E§6§D§3§6§B§la§x§C§F§D§5§7§A§ls§x§B§9§D§8§8§9§li§x§A§2§D§A§9§8§lc §x§7§5§D§F§B§6§lC§x§5§F§E§2§C§5§lr§x§7§5§D§F§B§6§la§x§8§C§D§D§A§7§lt§x§A§2§D§A§9§8§le §x§C§F§D§5§7§A§lK§x§E§6§D§3§6§B§le§x§F§C§D§0§5§C§ly in auction for 25000.
[14:21:30] > imnectarfr added x1 Netherite ingot in auction for 10.
[14:21:34] > Nxwaf buy x1 Netherite ingot to imnectarfr for $10.
[14:44:35] > x1 bahamut shi on sale by nebula12321 has just expired, it goes in the inventory of expired items.
[14:44:35] > x1 §x§E§E§0§0§0§0§lᴜɴʟɪᴍɪᴛᴇᴅ sᴇʟʟᴡᴀɴᴅ on sale by 3xdmge has just expired, it goes in the inventory of expired items.
[15:08:54] > x1 §f§l§x§F§C§D§0§5§CW§x§F§A§A§A§4§Bu§x§F§9§8§4§3§Bk§x§F§7§5§F§2§Ao§x§F§5§3§9§1§9n§x§F§4§1§3§0§8g §x§F§5§3§9§1§9S§x§F§7§5§F§2§Aw§x§F§9§8§4§3§Bo§x§F§A§A§A§4§Br§x§F§C§D§0§5§Cd on sale by nebula12321 has just expired, it goes in the inventory of expired items.
[15:08:54] > x5 §bEntropy Crystal §8(§310,000§8) on sale by EXEZUNO has just expired, it goes in the inventory of expired items.
[15:28:50] > Julene remove x1 §x§F§F§3§E§0§0§lDemon Lord Wings from storage
[15:28:51] > Julene remove x1 Music disc cat from storage
[15:28:59] > Julene added x1 Music disc cat in auction for 50000.
[15:31:46] > micailatot buy x1 §x§F§F§5§5§0§0§lsᴇʟʟᴡᴀɴᴅ §6- 5.0x to Trapers1 for $380,000.
[15:31:51] > micailatot remove x1 §x§F§F§5§5§0§0§lsᴇʟʟᴡᴀɴᴅ §6- 5.0x from buy
[15:41:59] > Crayzixks buy x1 Aru to aroraru for $1,000,000.
[15:42:17] > Crayzixks added x1 §x§F§F§5§5§0§0§lsᴇʟʟᴡᴀɴᴅ §6- 5.0x in auction for 350000.
[15:42:24] > Crayzixks remove x1 Aru from buy
[15:42:45] > Icon_Skully buy x1 §x§F§F§5§5§0§0§lsᴇʟʟᴡᴀɴᴅ §6- 5.0x to Crayzixks for $350,000.
[15:45:35] > Edabis added x1 §x§E§4§3§A§9§6§lW§x§E§7§5§3§A§3§lI§x§E§B§6§B§B§0§lN§x§E§E§8§4§B§D§lG§x§F§2§9§D§C§B§lS §x§F§8§C§E§E§5§lO§x§F§C§E§6§F§2§lF §x§F§C§E§6§F§2§lE§x§F§8§C§E§E§5§lT§x§F§5§B§5§D§8§lE§x§F§2§9§D§C§B§lR§x§E§E§8§4§B§D§lN§x§E§B§6§B§B§0§lI§x§E§7§5§3§A§3§lT§x§E§4§3§A§9§6§lY in auction for 9000000.
[15:48:28] > Icon_Skully remove x1 §x§F§F§5§5§0§0§lsᴇʟʟᴡᴀɴᴅ §6- 5.0x from buy
[16:23:25] > Edabis remove x1 §x§E§4§3§A§9§6§lW§x§E§7§5§3§A§3§lI§x§E§B§6§B§B§0§lN§x§E§E§8§4§B§D§lG§x§F§2§9§D§C§B§lS §x§F§8§C§E§E§5§lO§x§F§C§E§6§F§2§lF §x§F§C§E§6§F§2§lE§x§F§8§C§E§E§5§lT§x§F§5§B§5§D§8§lE§x§F§2§9§D§C§B§lR§x§E§E§8§4§B§D§lN§x§E§B§6§B§B§0§lI§x§E§7§5§3§A§3§lT§x§E§4§3§A§9§6§lY from storage
[16:27:14] > Edabis added x1 §x§E§4§3§A§9§6§lW§x§E§7§5§3§A§3§lI§x§E§B§6§B§B§0§lN§x§E§E§8§4§B§D§lG§x§F§2§9§D§C§B§lS §x§F§8§C§E§E§5§lO§x§F§C§E§6§F§2§lF §x§F§C§E§6§F§2§lE§x§F§8§C§E§E§5§lT§x§F§5§B§5§D§8§lE§x§F§2§9§D§C§B§lR§x§E§E§8§4§B§D§lN§x§E§B§6§B§B§0§lI§x§E§7§5§3§A§3§lT§x§E§4§3§A§9§6§lY in auction for 9000000.
[16:34:31] > Edabis remove x1 §x§E§4§3§A§9§6§lW§x§E§7§5§3§A§3§lI§x§E§B§6§B§B§0§lN§x§E§E§8§4§B§D§lG§x§F§2§9§D§C§B§lS §x§F§8§C§E§E§5§lO§x§F§C§E§6§F§2§lF §x§F§C§E§6§F§2§lE§x§F§8§C§E§E§5§lT§x§F§5§B§5§D§8§lE§x§F§2§9§D§C§B§lR§x§E§E§8§4§B§D§lN§x§E§B§6§B§B§0§lI§x§E§7§5§3§A§3§lT§x§E§4§3§A§9§6§lY from storage
[16:38:13] > Edabis added x1 §f§l§x§8§A§0§0§F§FS§x§9§8§0§0§D§Dh§x§A§6§0§0§B§Bi§x§B§4§0§0§9§9n§x§C§2§0§0§7§7e§x§D§0§0§0§5§5 §x§D§E§0§0§3§3O§x§E§C§0§0§1§1ni§x§D§E§0§0§3§3 §x§D§0§0§0§5§5S§x§C§2§0§0§7§7h§x§B§4§0§0§9§9o§x§A§6§0§0§B§Bv§x§9§8§0§0§D§De§x§8§A§0§0§F§Fl in auction for 1000000.
[16:49:39] > 701 added x1 §x§E§E§0§0§0§0§lᴜɴʟɪᴍɪᴛᴇᴅ sᴇʟʟᴡᴀɴᴅ in auction for 5000000.
[17:19:37] > Edabis added x1 §x§E§4§3§A§9§6§lW§x§E§7§5§3§A§3§lI§x§E§B§6§B§B§0§lN§x§E§E§8§4§B§D§lG§x§F§2§9§D§C§B§lS §x§F§8§C§E§E§5§lO§x§F§C§E§6§F§2§lF §x§F§C§E§6§F§2§lE§x§F§8§C§E§E§5§lT§x§F§5§B§5§D§8§lE§x§F§2§9§D§C§B§lR§x§E§E§8§4§B§D§lN§x§E§B§6§B§B§0§lI§x§E§7§5§3§A§3§lT§x§E§4§3§A§9§6§lY in auction for 9000000.
[17:49:59] > Edabis remove x1 §x§E§4§3§A§9§6§lW§x§E§7§5§3§A§3§lI§x§E§B§6§B§B§0§lN§x§E§E§8§4§B§D§lG§x§F§2§9§D§C§B§lS §x§F§8§C§E§E§5§lO§x§F§C§E§6§F§2§lF §x§F§C§E§6§F§2§lE§x§F§8§C§E§E§5§lT§x§F§5§B§5§D§8§lE§x§F§2§9§D§C§B§lR§x§E§E§8§4§B§D§lN§x§E§B§6§B§B§0§lI§x§E§7§5§3§A§3§lT§x§E§4§3§A§9§6§lY from storage
[17:51:25] > x1 §f§l§8B§x§6§6§6§6§6§6a§x§7§7§7§7§7§7h§x§8§8§8§8§8§8a§x§9§9§9§9§9§9m§7u§x§9§9§9§9§9§9t§x§8§8§8§8§8§8 §x§7§7§7§7§7§7B§x§6§6§6§6§6§6o§8w, item of KyLuxxy, has just expired, the item is definitively deleted.
[17:51:25] > x1 Shulker box, item of Johng10910, has just expired, the item is definitively deleted.
[17:51:26] > EnderDragon0120 remove x1 §x§E§5§1§B§1§B§lDracula Halberd form expire
[17:51:26] > EnderDragon0120 remove x1 §x§F§F§7§C§0§0§lSteamsparks Axe form expire
[17:51:26] > EnderDragon0120 remove x1 §f§l§8B§x§6§2§6§2§6§2a§x§6§F§6§F§6§Fh§x§7§C§7§C§7§Ca§x§8§9§8§9§8§9m§x§9§6§9§6§9§6u§x§A§3§A§3§A§3t §x§9§6§9§6§9§6D§x§8§9§8§9§8§9a§x§7§C§7§C§7§Cg§x§6§F§6§F§6§Fg§x§6§2§6§2§6§2e§8r form expire
[17:51:26] > EnderDragon0120 remove x1 Mace form expire
[17:51:26] > EnderDragon0120 remove x1 §f§l§8B§x§6§6§6§6§6§6a§x§7§7§7§7§7§7h§x§8§8§8§8§8§8a§x§9§9§9§9§9§9m§7u§x§9§9§9§9§9§9t§x§8§8§8§8§8§8 §x§7§7§7§7§7§7B§x§6§6§6§6§6§6o§8w form expire
[17:51:26] > EnderDragon0120 remove x1 §x§E§5§1§B§1§B§lDracula Shovel form expire
[17:51:26] > EnderDragon0120 remove x1 §x§E§5§1§B§1§B§lDracula Sword form expire
[18:22:01] > EnderDragon0120 added x1 Mace in auction for 10.
[19:57:32] > x1 SELLWAND AND OTHERS on sale by Blinkrzz has just expired, it goes in the inventory of expired items.
[19:57:32] > x1 §x§5§9§A§1§D§9§lA§x§7§1§A§E§D§Er§x§8§8§B§C§E§4c§x§A§0§C§9§E§9h§x§B§8§D§7§E§Fa§x§D§0§E§4§F§4n§x§E§7§F§2§F§Ag§fe§x§E§7§F§2§F§Al §x§B§8§D§7§E§FB§x§A§0§C§9§E§9o§x§8§8§B§C§E§4o§x§7§1§A§E§D§Et§x§5§9§A§1§D§9s on sale by Blinkrzz has just expired, it goes in the inventory of expired items.
[20:00:07] > nachfaust added x1 §f§l§x§E§4§3§A§3§AM§x§D§5§4§9§3§Ae§x§C§6§5§9§3§Ar§x§B§7§6§8§3§9r§x§A§8§7§8§3§9y§x§9§9§8§7§3§9 §x§8§9§9§6§3§9C§x§7§A§A§6§3§9h§x§6§B§B§5§3§8r§x§5§C§C§5§3§8i§x§4§D§D§4§3§8s§x§5§C§C§5§3§8t§x§6§B§B§5§3§8m§x§7§A§A§6§3§9a§x§8§9§9§6§3§9s§x§9§9§8§7§3§9 §x§A§8§7§8§3§9S§x§B§7§6§8§3§9w§x§C§6§5§9§3§Ao§x§D§5§4§9§3§Ar§x§E§4§3§A§3§Ad in auction for 1000000.
[20:00:57] > Julene buy x15 §x§F§C§9§0§5§C§lE§x§E§6§9§C§6§B§lp§x§C§F§A§7§7§A§li§x§B§9§B§3§8§9§lc §x§8§C§C§B§A§7§lC§x§7§5§D§6§B§6§lr§x§5§F§E§2§C§5§la§x§7§9§D§4§B§4§lt§x§9§3§C§7§A§2§le §x§C§8§A§B§7§F§lK§x§E§2§9§E§6§E§le§x§F§C§9§0§5§C§ly to 3xdmge for $350,000.
[20:01:00] > Julene buy x15 §x§F§C§9§0§5§C§lE§x§E§6§9§C§6§B§lp§x§C§F§A§7§7§A§li§x§B§9§B§3§8§9§lc §x§8§C§C§B§A§7§lC§x§7§5§D§6§B§6§lr§x§5§F§E§2§C§5§la§x§7§9§D§4§B§4§lt§x§9§3§C§7§A§2§le §x§C§8§A§B§7§F§lK§x§E§2§9§E§6§E§le§x§F§C§9§0§5§C§ly to 3xdmge for $350,000.
[20:01:07] > Julene remove x15 §x§F§C§9§0§5§C§lE§x§E§6§9§C§6§B§lp§x§C§F§A§7§7§A§li§x§B§9§B§3§8§9§lc §x§8§C§C§B§A§7§lC§x§7§5§D§6§B§6§lr§x§5§F§E§2§C§5§la§x§7§9§D§4§B§4§lt§x§9§3§C§7§A§2§le §x§C§8§A§B§7§F§lK§x§E§2§9§E§6§E§le§x§F§C§9§0§5§C§ly from buy
[20:01:08] > Julene remove x15 §x§F§C§9§0§5§C§lE§x§E§6§9§C§6§B§lp§x§C§F§A§7§7§A§li§x§B§9§B§3§8§9§lc §x§8§C§C§B§A§7§lC§x§7§5§D§6§B§6§lr§x§5§F§E§2§C§5§la§x§7§9§D§4§B§4§lt§x§9§3§C§7§A§2§le §x§C§8§A§B§7§F§lK§x§E§2§9§E§6§E§le§x§F§C§9§0§5§C§ly from buy
[20:08:44] > Julene buy x1 §f§l§8B§x§6§4§6§4§6§4a§x§7§4§7§4§7§4h§x§8§3§8§3§8§3a§x§9§3§9§3§9§3m§x§A§2§A§2§A§2ut§x§9§3§9§3§9§3 §x§8§3§8§3§8§3M§x§7§4§7§4§7§4a§x§6§4§6§4§6§4c§8e to aroraru for $1,000,000.
[20:09:06] > Julene remove x1 §f§l§8B§x§6§4§6§4§6§4a§x§7§4§7§4§7§4h§x§8§3§8§3§8§3a§x§9§3§9§3§9§3m§x§A§2§A§2§A§2ut§x§9§3§9§3§9§3 §x§8§3§8§3§8§3M§x§7§4§7§4§7§4a§x§6§4§6§4§6§4c§8e from buy
[20:11:12] > Julene buy x1 §x§5§9§A§1§D§9§lA§x§6§E§A§D§D§Er§x§8§3§B§9§E§3c§x§9§7§C§4§E§7h§x§A§C§D§0§E§Ca§x§C§1§D§C§F§1n§x§D§6§E§8§F§6g§x§E§A§F§3§F§Ae§fl §x§D§0§E§4§F§4D§x§B§8§D§7§E§Fa§x§A§0§C§9§E§9g§x§8§8§B§C§E§4g§x§7§1§A§E§D§Ee§x§5§9§A§1§D§9r to mumbowe777 for $300,000.
[20:11:21] > Julene remove x1 §x§5§9§A§1§D§9§lA§x§6§E§A§D§D§Er§x§8§3§B§9§E§3c§x§9§7§C§4§E§7h§x§A§C§D§0§E§Ca§x§C§1§D§C§F§1n§x§D§6§E§8§F§6g§x§E§A§F§3§F§Ae§fl §x§D§0§E§4§F§4D§x§B§8§D§7§E§Fa§x§A§0§C§9§E§9g§x§8§8§B§C§E§4g§x§7§1§A§E§D§Ee§x§5§9§A§1§D§9r from buy
[20:34:19] > Julene added x1 §fPiglin Brute Plushie §6(#65/101) in auction for 25000.
[20:37:07] > Julene added x1 §f§bElder Guardian Plushie §6(#31/101) in auction for 50000.
[20:45:28] > Horheee remove x1 §x§F§F§7§C§0§0§lSteamsparks Wings from storage
[20:45:42] > Horheee added x1 §x§F§F§7§C§0§0§lSteamsparks Wings in auction for 1100000.
[20:49:57] > Horheee remove x1 §f§l§8B§x§6§4§6§4§6§4a§x§7§4§7§4§7§4h§x§8§3§8§3§8§3a§x§9§3§9§3§9§3m§x§A§2§A§2§A§2ut§x§9§3§9§3§9§3 §x§8§3§8§3§8§3M§x§7§4§7§4§7§4a§x§6§4§6§4§6§4c§8e from storage
[20:50:04] > Horheee added x1 §f§l§8B§x§6§4§6§4§6§4a§x§7§4§7§4§7§4h§x§8§3§8§3§8§3a§x§9§3§9§3§9§3m§x§A§2§A§2§A§2ut§x§9§3§9§3§9§3 §x§8§3§8§3§8§3M§x§7§4§7§4§7§4a§x§6§4§6§4§6§4c§8e in auction for 1100000.
[20:59:34] > Horheee remove x1 §f§l§8B§x§6§4§6§4§6§4a§x§7§4§7§4§7§4h§x§8§3§8§3§8§3a§x§9§3§9§3§9§3m§x§A§2§A§2§A§2ut§x§9§3§9§3§9§3 §x§8§3§8§3§8§3M§x§7§4§7§4§7§4a§x§6§4§6§4§6§4c§8e from storage
[20:59:34] > Horheee remove x1 §x§F§F§7§C§0§0§lSteamsparks Wings from storage
[20:59:35] > Horheee remove x1 §f§l§x§F§A§0§0§0§AD§x§F§A§2§A§1§Aa§x§F§B§5§3§2§Br§x§F§B§7§D§3§Bk§x§F§C§A§6§4§Cf§x§F§C§D§0§5§Cl§x§F§C§D§0§5§Ca§x§F§C§A§D§4§Em§x§F§B§8§B§4§1e§x§F§B§6§8§3§3 §x§F§B§4§5§2§5B§x§F§A§2§3§1§8o§x§F§A§0§0§0§Aw from storage
[20:59:35] > Horheee remove x1 §x§F§F§7§C§0§0§lSteamsparks Sword from storage
[20:59:35] > Horheee remove x1 §f§l§x§E§4§3§A§3§AM§x§D§8§4§6§3§Ae§x§C§C§5§3§3§Ar§x§C§0§5§F§3§Ar§x§B§4§6§B§3§9y§x§A§8§7§8§3§9 §x§9§C§8§4§3§9C§x§8§F§9§0§3§9h§x§8§3§9§D§3§9r§x§7§7§A§9§3§9i§x§6§B§B§5§3§8s§x§5§F§C§2§3§8t§x§5§3§C§E§3§8ma§x§5§F§C§2§3§8s§x§6§B§B§5§3§8 §x§7§7§A§9§3§9C§x§8§3§9§D§3§9h§x§8§F§9§0§3§9e§x§9§C§8§4§3§9s§x§A§8§7§8§3§9t§x§B§4§6§B§3§9p§x§C§0§5§F§3§Al§x§C§C§5§3§3§Aa§x§D§8§4§6§3§At§x§E§4§3§A§3§Ae from storage
[20:59:36] > Horheee remove x1 §x§F§F§7§C§0§0§lSteamsparks Blade from storage
[20:59:43] > Horheee added x1 §f§l§x§E§4§3§A§3§AM§x§D§8§4§6§3§Ae§x§C§C§5§3§3§Ar§x§C§0§5§F§3§Ar§x§B§4§6§B§3§9y§x§A§8§7§8§3§9 §x§9§C§8§4§3§9C§x§8§F§9§0§3§9h§x§8§3§9§D§3§9r§x§7§7§A§9§3§9i§x§6§B§B§5§3§8s§x§5§F§C§2§3§8t§x§5§3§C§E§3§8ma§x§5§F§C§2§3§8s§x§6§B§B§5§3§8 §x§7§7§A§9§3§9C§x§8§3§9§D§3§9h§x§8§F§9§0§3§9e§x§9§C§8§4§3§9s§x§A§8§7§8§3§9t§x§B§4§6§B§3§9p§x§C§0§5§F§3§Al§x§C§C§5§3§3§Aa§x§D§8§4§6§3§At§x§E§4§3§A§3§Ae in auction for 500000.
[21:00:05] > Horheee added x1 §x§F§F§7§C§0§0§lSteamsparks Sword in auction for 300000.
[21:00:25] > Horheee added x1 §f§l§x§F§A§0§0§0§AD§x§F§A§2§A§1§Aa§x§F§B§5§3§2§Br§x§F§B§7§D§3§Bk§x§F§C§A§6§4§Cf§x§F§C§D§0§5§Cl§x§F§C§D§0§5§Ca§x§F§C§A§D§4§Em§x§F§B§8§B§4§1e§x§F§B§6§8§3§3 §x§F§B§4§5§2§5B§x§F§A§2§3§1§8o§x§F§A§0§0§0§Aw in auction for 350000.
[21:00:37] > Horheee added x1 §x§F§F§7§C§0§0§lSteamsparks Wings in auction for 1000000.
[21:00:50] > Horheee added x1 §f§l§8B§x§6§4§6§4§6§4a§x§7§4§7§4§7§4h§x§8§3§8§3§8§3a§x§9§3§9§3§9§3m§x§A§2§A§2§A§2ut§x§9§3§9§3§9§3 §x§8§3§8§3§8§3M§x§7§4§7§4§7§4a§x§6§4§6§4§6§4c§8e in auction for 1000000.
[21:01:05] > Horheee added x1 §x§F§F§7§C§0§0§lSteamsparks Blade in auction for 300000.
[21:06:07] > Julene remove x1 Music disc cat from storage
[21:17:36] > Julene buy x1 §f§l§x§E§4§3§A§3§AM§x§D§5§4§9§3§Ae§x§C§6§5§9§3§Ar§x§B§7§6§8§3§9r§x§A§8§7§8§3§9y§x§9§9§8§7§3§9 §x§8§9§9§6§3§9C§x§7§A§A§6§3§9h§x§6§B§B§5§3§8r§x§5§C§C§5§3§8i§x§4§D§D§4§3§8s§x§5§C§C§5§3§8t§x§6§B§B§5§3§8m§x§7§A§A§6§3§9a§x§8§9§9§6§3§9s§x§9§9§8§7§3§9 §x§A§8§7§8§3§9S§x§B§7§6§8§3§9p§x§C§6§5§9§3§Ae§x§D§5§4§9§3§Aa§x§E§4§3§A§3§Ar to Panda_Nooba for $550,000.
[21:17:41] > x10 Netherite ingot, bought by EXEZUNO, has just expired, the item is definitively deleted.
[21:17:42] > Julene remove x1 §f§l§x§E§4§3§A§3§AM§x§D§5§4§9§3§Ae§x§C§6§5§9§3§Ar§x§B§7§6§8§3§9r§x§A§8§7§8§3§9y§x§9§9§8§7§3§9 §x§8§9§9§6§3§9C§x§7§A§A§6§3§9h§x§6§B§B§5§3§8r§x§5§C§C§5§3§8i§x§4§D§D§4§3§8s§x§5§C§C§5§3§8t§x§6§B§B§5§3§8m§x§7§A§A§6§3§9a§x§8§9§9§6§3§9s§x§9§9§8§7§3§9 §x§A§8§7§8§3§9S§x§B§7§6§8§3§9p§x§C§6§5§9§3§Ae§x§D§5§4§9§3§Aa§x§E§4§3§A§3§Ar from buy
[21:23:06] > Horheee remove x1 §f§l§x§E§4§3§A§3§AM§x§D§8§4§6§3§Ae§x§C§C§5§3§3§Ar§x§C§0§5§F§3§Ar§x§B§4§6§B§3§9y§x§A§8§7§8§3§9 §x§9§C§8§4§3§9C§x§8§F§9§0§3§9h§x§8§3§9§D§3§9r§x§7§7§A§9§3§9i§x§6§B§B§5§3§8s§x§5§F§C§2§3§8t§x§5§3§C§E§3§8ma§x§5§F§C§2§3§8s§x§6§B§B§5§3§8 §x§7§7§A§9§3§9C§x§8§3§9§D§3§9h§x§8§F§9§0§3§9e§x§9§C§8§4§3§9s§x§A§8§7§8§3§9t§x§B§4§6§B§3§9p§x§C§0§5§F§3§Al§x§C§C§5§3§3§Aa§x§D§8§4§6§3§At§x§E§4§3§A§3§Ae from storage
[21:23:12] > Horheee added x1 §f§l§x§E§4§3§A§3§AM§x§D§8§4§6§3§Ae§x§C§C§5§3§3§Ar§x§C§0§5§F§3§Ar§x§B§4§6§B§3§9y§x§A§8§7§8§3§9 §x§9§C§8§4§3§9C§x§8§F§9§0§3§9h§x§8§3§9§D§3§9r§x§7§7§A§9§3§9i§x§6§B§B§5§3§8s§x§5§F§C§2§3§8t§x§5§3§C§E§3§8ma§x§5§F§C§2§3§8s§x§6§B§B§5§3§8 §x§7§7§A§9§3§9C§x§8§3§9§D§3§9h§x§8§F§9§0§3§9e§x§9§C§8§4§3§9s§x§A§8§7§8§3§9t§x§B§4§6§B§3§9p§x§C§0§5§F§3§Al§x§C§C§5§3§3§Aa§x§D§8§4§6§3§At§x§E§4§3§A§3§Ae in auction for 1000000.
[21:27:17] > Julene buy x1 §f§l§x§F§A§0§0§0§AD§x§F§A§2§A§1§Aa§x§F§B§5§3§2§Br§x§F§B§7§D§3§Bk§x§F§C§A§6§4§Cf§x§F§C§D§0§5§Cl§x§F§C§D§0§5§Ca§x§F§C§A§D§4§Em§x§F§B§8§B§4§1e§x§F§B§6§8§3§3 §x§F§B§4§5§2§5B§x§F§A§2§3§1§8o§x§F§A§0§0§0§Aw to Horheee for $350,000.
[21:27:22] > Julene buy x4 Trial key to dejuugarr for $200,000.
[21:27:26] > Julene buy x1 Trial key to Muirfaha15 for $50,000.
[21:27:32] > Julene remove x1 Trial key from buy
[21:27:33] > Julene remove x4 Trial key from buy
[21:27:34] > Julene remove x1 §f§l§x§F§A§0§0§0§AD§x§F§A§2§A§1§Aa§x§F§B§5§3§2§Br§x§F§B§7§D§3§Bk§x§F§C§A§6§4§Cf§x§F§C§D§0§5§Cl§x§F§C§D§0§5§Ca§x§F§C§A§D§4§Em§x§F§B§8§B§4§1e§x§F§B§6§8§3§3 §x§F§B§4§5§2§5B§x§F§A§2§3§1§8o§x§F§A§0§0§0§Aw from buy
[21:38:01] > Horheee added x1 §x§E§5§1§B§1§B§lDracula Staff in auction for 300000.
[21:54:59] > Horheee remove x1 §f§l§8B§x§6§4§6§4§6§4a§x§7§4§7§4§7§4h§x§8§3§8§3§8§3a§x§9§3§9§3§9§3m§x§A§2§A§2§A§2ut§x§9§3§9§3§9§3 §x§8§3§8§3§8§3M§x§7§4§7§4§7§4a§x§6§4§6§4§6§4c§8e from storage
[21:55:05] > Horheee added x1 §f§l§8B§x§6§4§6§4§6§4a§x§7§4§7§4§7§4h§x§8§3§8§3§8§3a§x§9§3§9§3§9§3m§x§A§2§A§2§A§2ut§x§9§3§9§3§9§3 §x§8§3§8§3§8§3M§x§7§4§7§4§7§4a§x§6§4§6§4§6§4c§8e in auction for 1000000.
[22:09:23] > aroraru added x1 §x§F§F§5§5§0§0§lsᴇʟʟᴡᴀɴᴅ §6- 10.0x in auction for 2000000.
[22:09:59] > x1 §x§E§5§1§B§1§B§lDracula Shield, item of nachfaust, has just expired, the item is definitively deleted.
[22:18:13] > Typeshe added x1 §f§l§x§E§4§3§A§3§AM§x§D§6§4§9§3§Ae§x§C§7§5§7§3§Ar§x§B§9§6§6§3§9r§x§A§A§7§5§3§9y§x§9§C§8§3§3§9 §x§8§E§9§2§3§9C§x§7§F§A§1§3§9h§x§7§1§A§F§3§8r§x§6§3§B§E§3§8i§x§5§4§C§D§3§8st§x§6§3§B§E§3§8m§x§7§1§A§F§3§8a§x§7§F§A§1§3§9s§x§8§E§9§2§3§9 §x§9§C§8§3§3§9H§x§A§A§7§5§3§9e§x§B§9§6§6§3§9l§x§C§7§5§7§3§Am§x§D§6§4§9§3§Ae§x§E§4§3§A§3§At in auction for 750000.
[22:22:43] > Horheee remove x1 §x§F§F§7§C§0§0§lSteamsparks Sword from storage
[22:26:48] > kentchalin added x1 §fAxolotl Plushie (Gold) §6(#7/101) in auction for 75000.
[22:41:00] > Horheee added x1 §x§5§F§E§2§C§5Sunred Fishing rod in auction for 300000.
[23:15:22] > Horheee buy x1 §x§E§5§1§B§1§B§lDracula Axe to kentchalin for $75,000.
[23:15:26] > Horheee remove x1 §x§E§5§1§B§1§B§lDracula Axe from buy
[23:17:26] > Horheee remove x1 §f§l§x§E§4§3§A§3§AM§x§D§8§4§6§3§Ae§x§C§C§5§3§3§Ar§x§C§0§5§F§3§Ar§x§B§4§6§B§3§9y§x§A§8§7§8§3§9 §x§9§C§8§4§3§9C§x§8§F§9§0§3§9h§x§8§3§9§D§3§9r§x§7§7§A§9§3§9i§x§6§B§B§5§3§8s§x§5§F§C§2§3§8t§x§5§3§C§E§3§8ma§x§5§F§C§2§3§8s§x§6§B§B§5§3§8 §x§7§7§A§9§3§9C§x§8§3§9§D§3§9h§x§8§F§9§0§3§9e§x§9§C§8§4§3§9s§x§A§8§7§8§3§9t§x§B§4§6§B§3§9p§x§C§0§5§F§3§Al§x§C§C§5§3§3§Aa§x§D§8§4§6§3§At§x§E§4§3§A§3§Ae from storage
[23:30:25] > Horheee remove x1 §f§l§8B§x§6§4§6§4§6§4a§x§7§4§7§4§7§4h§x§8§3§8§3§8§3a§x§9§3§9§3§9§3m§x§A§2§A§2§A§2ut§x§9§3§9§3§9§3 §x§8§3§8§3§8§3M§x§7§4§7§4§7§4a§x§6§4§6§4§6§4c§8e from storage
[23:30:30] > Horheee added x1 §f§l§8B§x§6§4§6§4§6§4a§x§7§4§7§4§7§4h§x§8§3§8§3§8§3a§x§9§3§9§3§9§3m§x§A§2§A§2§A§2ut§x§9§3§9§3§9§3 §x§8§3§8§3§8§3M§x§7§4§7§4§7§4a§x§6§4§6§4§6§4c§8e in auction for 750000.
[23:32:00] > GOBESHIA buy x19 Redstone block to Arthur for $19,000.
[23:32:24] > GOBESHIA buy x5 §x§F§C§D§0§5§C§lB§x§E§6§D§3§6§B§la§x§C§F§D§5§7§A§ls§x§B§9§D§8§8§9§li§x§A§2§D§A§9§8§lc §x§7§5§D§F§B§6§lC§x§5§F§E§2§C§5§lr§x§7§5§D§F§B§6§la§x§8§C§D§D§A§7§lt§x§A§2§D§A§9§8§le §x§C§F§D§5§7§A§lK§x§E§6§D§3§6§B§le§x§F§C§D§0§5§C§ly to kentchalin for $25,000.
[23:43:53] > x1 §x§F§F§5§5§0§0§lsᴇʟʟᴡᴀɴᴅ §6- 5.0x on sale by aroraru has just expired, it goes in the inventory of expired items.
[23:43:53] > x1 §x§F§F§5§5§0§0§lsᴇʟʟᴡᴀɴᴅ §6- 5.0x on sale by aroraru has just expired, it goes in the inventory of expired items.
[23:49:55] > Trapers1 added x1 §f§l§8B§x§6§3§6§3§6§3a§x§7§1§7§1§7§1h§x§8§0§8§0§8§0a§x§8§E§8§E§8§Em§x§9§C§9§C§9§Cu§7t§x§9§C§9§C§9§C §x§8§E§8§E§8§ES§x§8§0§8§0§8§0p§x§7§1§7§1§7§1e§x§6§3§6§3§6§3a§8r in auction for 10.
[23:50:03] > Shirosoo0 buy x1 §f§l§8B§x§6§3§6§3§6§3a§x§7§1§7§1§7§1h§x§8§0§8§0§8§0a§x§8§E§8§E§8§Em§x§9§C§9§C§9§Cu§7t§x§9§C§9§C§9§C §x§8§E§8§E§8§ES§x§8§0§8§0§8§0p§x§7§1§7§1§7§1e§x§6§3§6§3§6§3a§8r to Trapers1 for $10.
[23:50:22] > NoClarity buy x1 §x§F§F§5§5§0§0§lsᴇʟʟᴡᴀɴᴅ §6- 10.0x to Arthur for $900,000.
[23:51:06] > Trapers1 added x1 §f§l§8B§x§6§2§6§2§6§2a§x§6§F§6§F§6§Fh§x§7§C§7§C§7§Ca§x§8§9§8§9§8§9m§x§9§6§9§6§9§6u§x§A§3§A§3§A§3t §x§9§6§9§6§9§6H§x§8§9§8§9§8§9a§x§7§C§7§C§7§Cm§x§6§F§6§F§6§Fm§x§6§2§6§2§6§2e§8r in auction for 10.
[23:51:10] > NoClarity buy x1 §f§l§8B§x§6§2§6§2§6§2a§x§6§F§6§F§6§Fh§x§7§C§7§C§7§Ca§x§8§9§8§9§8§9m§x§9§6§9§6§9§6u§x§A§3§A§3§A§3t §x§9§6§9§6§9§6H§x§8§9§8§9§8§9a§x§7§C§7§C§7§Cm§x§6§F§6§F§6§Fm§x§6§2§6§2§6§2e§8r to Trapers1 for $10.
[00:29:06] > Horheee added x1 §f§l§x§E§4§3§A§3§AM§x§D§6§4§9§3§Ae§x§C§7§5§7§3§Ar§x§B§9§6§6§3§9r§x§A§A§7§5§3§9y§x§9§C§8§3§3§9 §x§8§E§9§2§3§9C§x§7§F§A§1§3§9h§x§7§1§A§F§3§8r§x§6§3§B§E§3§8i§x§5§4§C§D§3§8st§x§6§3§B§E§3§8m§x§7§1§A§F§3§8a§x§7§F§A§1§3§9s§x§8§E§9§2§3§9 §x§9§C§8§3§3§9H§x§A§A§7§5§3§9a§x§B§9§6§6§3§9m§x§C§7§5§7§3§Am§x§D§6§4§9§3§Ae§x§E§4§3§A§3§Ar in auction for 1000000.
[00:29:12] > SEAN4528 buy x1 §f§l§x§E§4§3§A§3§AM§x§D§6§4§9§3§Ae§x§C§7§5§7§3§Ar§x§B§9§6§6§3§9r§x§A§A§7§5§3§9y§x§9§C§8§3§3§9 §x§8§E§9§2§3§9C§x§7§F§A§1§3§9h§x§7§1§A§F§3§8r§x§6§3§B§E§3§8i§x§5§4§C§D§3§8st§x§6§3§B§E§3§8m§x§7§1§A§F§3§8a§x§7§F§A§1§3§9s§x§8§E§9§2§3§9 §x§9§C§8§3§3§9H§x§A§A§7§5§3§9a§x§B§9§6§6§3§9m§x§C§7§5§7§3§Am§x§D§6§4§9§3§Ae§x§E§4§3§A§3§Ar to Horheee for $1,000,000.
[00:29:32] > Horheee remove x1 §f§l§8B§x§6§4§6§4§6§4a§x§7§4§7§4§7§4h§x§8§3§8§3§8§3a§x§9§3§9§3§9§3m§x§A§2§A§2§A§2ut§x§9§3§9§3§9§3 §x§8§3§8§3§8§3M§x§7§4§7§4§7§4a§x§6§4§6§4§6§4c§8e from storage
[00:29:38] > Horheee added x1 §f§l§8B§x§6§4§6§4§6§4a§x§7§4§7§4§7§4h§x§8§3§8§3§8§3a§x§9§3§9§3§9§3m§x§A§2§A§2§A§2ut§x§9§3§9§3§9§3 §x§8§3§8§3§8§3M§x§7§4§7§4§7§4a§x§6§4§6§4§6§4c§8e in auction for 700000.
[00:30:59] > Trapers1 remove x1 §x§F§F§5§5§0§0§lsᴇʟʟᴡᴀɴᴅ §6- 5.0x form storage
[00:30:59] > Trapers1 remove x1 §x§F§F§5§5§0§0§lsᴇʟʟᴡᴀɴᴅ §6- 5.0x form storage
[00:31:07] > Trapers1 added x1 §x§F§F§5§5§0§0§lsᴇʟʟᴡᴀɴᴅ §6- 5.0x in auction for 380000.
[00:31:25] > Horheee remove x1 §x§E§5§1§B§1§B§lDracula Staff from storage
[00:31:32] > Horheee added x1 §x§E§5§1§B§1§B§lDracula Staff in auction for 200000.
[00:31:32] > Trapers1 added x1 §x§F§F§5§5§0§0§lsᴇʟʟᴡᴀɴᴅ §6- 5.0x in auction for 350000.
[00:31:41] > Trapers1 remove x1 §x§F§F§5§5§0§0§lsᴇʟʟᴡᴀɴᴅ §6- 5.0x form storage
[00:31:41] > Trapers1 remove x1 §x§F§F§5§5§0§0§lsᴇʟʟᴡᴀɴᴅ §6- 5.0x form storage
[00:33:23] > Horheee added x1 §fPolar Bear Plushie §6(#67/101) in auction for 50000.
[00:33:41] > aroraru buy x1 §fPolar Bear Plushie §6(#67/101) to Horheee for $50,000.
[00:33:41] > Trapers1 added x1 Music disc lava chicken in auction for 50.
[00:33:44] > aroraru buy x1 Music disc lava chicken to Trapers1 for $50.
[00:33:55] > Trapers1 added x1 Enchanted book in auction for 10.
[00:34:01] > Icon_Skully buy x1 Enchanted book to Trapers1 for $10.
[00:34:24] > Trapers1 added x1 §x§5§F§E§2§C§5Emissary Fishing rod in auction for 10.
[00:34:29] > aroraru buy x1 §x§5§F§E§2§C§5Emissary Fishing rod to Trapers1 for $10.
[00:34:43] > Horheee added x1 §fArmadillo Plushie §6(#2/101) in auction for 100000.
[00:34:48] > aroraru buy x1 §fArmadillo Plushie §6(#2/101) to Horheee for $100,000.
[00:34:49] > Trapers1 added x1 §f§l§8B§x§6§2§6§2§6§2a§x§6§F§6§F§6§Fh§x§7§C§7§C§7§Ca§x§8§9§8§9§8§9m§x§9§6§9§6§9§6u§x§A§3§A§3§A§3t §x§9§6§9§6§9§6S§x§8§9§8§9§8§9h§x§7§C§7§C§7§Ci§x§6§F§6§F§6§Fe§x§6§2§6§2§6§2l§8d in auction for 10.
[00:34:53] > aroraru buy x1 §f§l§8B§x§6§2§6§2§6§2a§x§6§F§6§F§6§Fh§x§7§C§7§C§7§Ca§x§8§9§8§9§8§9m§x§9§6§9§6§9§6u§x§A§3§A§3§A§3t §x§9§6§9§6§9§6S§x§8§9§8§9§8§9h§x§7§C§7§C§7§Ci§x§6§F§6§F§6§Fe§x§6§2§6§2§6§2l§8d to Trapers1 for $10.
[00:35:07] > Trapers1 added x5 §x§F§C§9§0§5§C§lE§x§E§6§9§C§6§B§lp§x§C§F§A§7§7§A§li§x§B§9§B§3§8§9§lc §x§8§C§C§B§A§7§lC§x§7§5§D§6§B§6§lr§x§5§F§E§2§C§5§la§x§7§9§D§4§B§4§lt§x§9§3§C§7§A§2§le §x§C§8§A§B§7§F§lK§x§E§2§9§E§6§E§le§x§F§C§9§0§5§C§ly in auction for 10.
[00:35:10] > aroraru buy x5 §x§F§C§9§0§5§C§lE§x§E§6§9§C§6§B§lp§x§C§F§A§7§7§A§li§x§B§9§B§3§8§9§lc §x§8§C§C§B§A§7§lC§x§7§5§D§6§B§6§lr§x§5§F§E§2§C§5§la§x§7§9§D§4§B§4§lt§x§9§3§C§7§A§2§le §x§C§8§A§B§7§F§lK§x§E§2§9§E§6§E§le§x§F§C§9§0§5§C§ly to Trapers1 for $10.
[00:35:25] > Trapers1 added x1 §x§F§F§7§C§0§0§lSteamsparks Halberd in auction for 19.
[00:35:28] > aroraru buy x1 §x§F§F§7§C§0§0§lSteamsparks Halberd to Trapers1 for $19.
[00:36:03] > x10 §bEntropy Crystal §8(§310,000§8), bought by king_ARK, has just expired, the item is definitively deleted.
[00:36:03] > x10 §bEntropy Crystal §8(§310,000§8), bought by king_ARK, has just expired, the item is definitively deleted.
[00:36:03] > x10 §bEntropy Crystal §8(§310,000§8), bought by king_ARK, has just expired, the item is definitively deleted.
[00:36:03] > x10 §bEntropy Crystal §8(§310,000§8), bought by king_ARK, has just expired, the item is definitively deleted.
[00:36:03] > x10 §bEntropy Crystal §8(§310,000§8), bought by king_ARK, has just expired, the item is definitively deleted.
[00:36:06] > Shirosoo0 remove x1 §f§l§8B§x§6§3§6§3§6§3a§x§7§1§7§1§7§1h§x§8§0§8§0§8§0a§x§8§E§8§E§8§Em§x§9§C§9§C§9§Cu§7t§x§9§C§9§C§9§C §x§8§E§8§E§8§ES§x§8§0§8§0§8§0p§x§7§1§7§1§7§1e§x§6§3§6§3§6§3a§8r from buy
[00:37:38] > Horheee remove x1 §x§F§F§7§C§0§0§lSteamsparks Blade from storage
[00:37:45] > Horheee added x1 §x§F§F§7§C§0§0§lSteamsparks Blade in auction for 200000.
[00:38:14] > Horheee remove x1 §x§F§F§7§C§0§0§lSteamsparks Wings from storage
[00:38:22] > Horheee added x1 §x§F§F§7§C§0§0§lSteamsparks Wings in auction for 1000000.
[00:39:12] > Horheee remove x1 §x§F§F§7§C§0§0§lSteamsparks Wings from storage
[01:01:21] > Icon_Skully added x1 §f§l§x§E§4§3§A§3§AM§x§D§8§4§6§3§Ae§x§C§C§5§3§3§Ar§x§C§0§5§F§3§Ar§x§B§4§6§B§3§9y§x§A§8§7§8§3§9 §x§9§C§8§4§3§9C§x§8§F§9§0§3§9h§x§8§3§9§D§3§9r§x§7§7§A§9§3§9i§x§6§B§B§5§3§8s§x§5§F§C§2§3§8t§x§5§3§C§E§3§8ma§x§5§F§C§2§3§8s§x§6§B§B§5§3§8 §x§7§7§A§9§3§9G§x§8§3§9§D§3§9r§x§8§F§9§0§3§9e§x§9§C§8§4§3§9a§x§A§8§7§8§3§9t§x§B§4§6§B§3§9S§x§C§0§5§F§3§Aw§x§C§C§5§3§3§Ao§x§D§8§4§6§3§Ar§x§E§4§3§A§3§Ad in auction for 200000.
[01:01:45] > Icon_Skully remove x1 §f§l§x§E§4§3§A§3§AM§x§D§8§4§6§3§Ae§x§C§C§5§3§3§Ar§x§C§0§5§F§3§Ar§x§B§4§6§B§3§9y§x§A§8§7§8§3§9 §x§9§C§8§4§3§9C§x§8§F§9§0§3§9h§x§8§3§9§D§3§9r§x§7§7§A§9§3§9i§x§6§B§B§5§3§8s§x§5§F§C§2§3§8t§x§5§3§C§E§3§8ma§x§5§F§C§2§3§8s§x§6§B§B§5§3§8 §x§7§7§A§9§3§9G§x§8§3§9§D§3§9r§x§8§F§9§0§3§9e§x§9§C§8§4§3§9a§x§A§8§7§8§3§9t§x§B§4§6§B§3§9S§x§C§0§5§F§3§Aw§x§C§C§5§3§3§Ao§x§D§8§4§6§3§Ar§x§E§4§3§A§3§Ad form storage
[01:01:54] > Icon_Skully added x1 §f§l§x§E§4§3§A§3§AM§x§D§8§4§6§3§Ae§x§C§C§5§3§3§Ar§x§C§0§5§F§3§Ar§x§B§4§6§B§3§9y§x§A§8§7§8§3§9 §x§9§C§8§4§3§9C§x§8§F§9§0§3§9h§x§8§3§9§D§3§9r§x§7§7§A§9§3§9i§x§6§B§B§5§3§8s§x§5§F§C§2§3§8t§x§5§3§C§E§3§8ma§x§5§F§C§2§3§8s§x§6§B§B§5§3§8 §x§7§7§A§9§3§9G§x§8§3§9§D§3§9r§x§8§F§9§0§3§9e§x§9§C§8§4§3§9a§x§A§8§7§8§3§9t§x§B§4§6§B§3§9S§x§C§0§5§F§3§Aw§x§C§C§5§3§3§Ao§x§D§8§4§6§3§Ar§x§E§4§3§A§3§Ad in auction for 150000.
[01:02:07] > Icon_Skully added x1 §f§l§x§E§4§3§A§3§AM§x§D§8§4§6§3§Ae§x§C§C§5§3§3§Ar§x§C§0§5§F§3§Ar§x§B§4§6§B§3§9y§x§A§8§7§8§3§9 §x§9§C§8§4§3§9C§x§8§F§9§0§3§9h§x§8§3§9§D§3§9r§x§7§7§A§9§3§9i§x§6§B§B§5§3§8s§x§5§F§C§2§3§8t§x§5§3§C§E§3§8ma§x§5§F§C§2§3§8s§x§6§B§B§5§3§8 §x§7§7§A§9§3§9G§x§8§3§9§D§3§9r§x§8§F§9§0§3§9e§x§9§C§8§4§3§9a§x§A§8§7§8§3§9t§x§B§4§6§B§3§9S§x§C§0§5§F§3§Aw§x§C§C§5§3§3§Ao§x§D§8§4§6§3§Ar§x§E§4§3§A§3§Ad in auction for 150000.
[01:07:20] > Horheee added x11 Wind charge in auction for 10000.
[01:08:00] > Horheee remove x1 §x§5§F§E§2§C§5Sunred Fishing rod from storage
[01:08:09] > Horheee added x1 §x§5§F§E§2§C§5Sunred Fishing rod in auction for 200000.
[01:08:15] > Horheee remove x1 §x§F§F§7§C§0§0§lSteamsparks Blade from storage
[01:08:16] > Horheee remove x1 §x§E§5§1§B§1§B§lDracula Staff from storage
[01:08:16] > Horheee remove x1 §f§l§8B§x§6§4§6§4§6§4a§x§7§4§7§4§7§4h§x§8§3§8§3§8§3a§x§9§3§9§3§9§3m§x§A§2§A§2§A§2ut§x§9§3§9§3§9§3 §x§8§3§8§3§8§3M§x§7§4§7§4§7§4a§x§6§4§6§4§6§4c§8e from storage
[01:08:25] > Horheee added x1 §x§F§F§7§C§0§0§lSteamsparks Blade in auction for 200000.
[01:08:36] > Horheee added x1 §x§E§5§1§B§1§B§lDracula Staff in auction for 100000.
[01:08:46] > Horheee added x1 §f§l§8B§x§6§4§6§4§6§4a§x§7§4§7§4§7§4h§x§8§3§8§3§8§3a§x§9§3§9§3§9§3m§x§A§2§A§2§A§2ut§x§9§3§9§3§9§3 §x§8§3§8§3§8§3M§x§7§4§7§4§7§4a§x§6§4§6§4§6§4c§8e in auction for 1000000.
[01:10:31] > Horheee added x1 Potion in auction for 10000.
[03:17:38] > x6 Netherite ingot on sale by Antonie657 has just expired, it goes in the inventory of expired items.
[03:51:53] > x1 §f§l§x§E§4§3§A§3§AM§x§D§5§4§9§3§Ae§x§C§6§5§9§3§Ar§x§B§7§6§8§3§9r§x§A§8§7§8§3§9y§x§9§9§8§7§3§9 §x§8§9§9§6§3§9C§x§7§A§A§6§3§9h§x§6§B§B§5§3§8r§x§5§C§C§5§3§8i§x§4§D§D§4§3§8s§x§5§C§C§5§3§8t§x§6§B§B§5§3§8m§x§7§A§A§6§3§9a§x§8§9§9§6§3§9s§x§9§9§8§7§3§9 §x§A§8§7§8§3§9B§x§B§7§6§8§3§9o§x§C§6§5§9§3§Ao§x§D§5§4§9§3§At§x§E§4§3§A§3§As on sale by nachfaust has just expired, it goes in the inventory of expired items.
[03:51:53] > x1 §f§l§x§E§4§3§A§3§AM§x§D§5§4§9§3§Ae§x§C§6§5§9§3§Ar§x§B§7§6§8§3§9r§x§A§8§7§8§3§9y§x§9§9§8§7§3§9 §x§8§9§9§6§3§9C§x§7§A§A§6§3§9h§x§6§B§B§5§3§8r§x§5§C§C§5§3§8i§x§4§D§D§4§3§8s§x§5§C§C§5§3§8t§x§6§B§B§5§3§8m§x§7§A§A§6§3§9a§x§8§9§9§6§3§9s§x§9§9§8§7§3§9 §x§A§8§7§8§3§9S§x§B§7§6§8§3§9p§x§C§6§5§9§3§Ae§x§D§5§4§9§3§Aa§x§E§4§3§A§3§Ar on sale by nachfaust has just expired, it goes in the inventory of expired items.
[03:51:53] > x1 §f§l§x§E§4§3§A§3§AM§x§D§7§4§7§3§Ae§x§C§A§5§5§3§Ar§x§B§D§6§2§3§9r§x§A§F§7§0§3§9y§x§A§2§7§D§3§9 §x§9§5§8§A§3§9C§x§8§8§9§8§3§9h§x§7§B§A§5§3§9r§x§6§E§B§3§3§8i§x§6§1§C§0§3§8s§x§5§4§C§D§3§8tm§x§6§1§C§0§3§8a§x§6§E§B§3§3§8s§x§7§B§A§5§3§9 §x§8§8§9§8§3§9L§x§9§5§8§A§3§9e§x§A§2§7§D§3§9g§x§A§F§7§0§3§9g§x§B§D§6§2§3§9i§x§C§A§5§5§3§An§x§D§7§4§7§3§Ag§x§E§4§3§A§3§As on sale by nachfaust has just expired, it goes in the inventory of expired items.
[08:35:39] > DanRaiv added x1 Written book in auction for 10.
[08:35:44] > nebula12321 buy x1 Written book to DanRaiv for $10.
[08:35:49] > x1 Enchanted golden apple, bought by notnicov_2, has just expired, the item is definitively deleted.
[08:35:51] > nebula12321 remove x6 Wind charge from buy
[08:35:52] > nebula12321 remove x1 Written book from buy
[08:43:06] > nebula12321 added x1 Written book in auction for 10.
[08:43:41] > nebula12321 added x1 §x§E§4§3§A§3§A§lC§x§C§E§5§0§3§A§lh§x§B§9§6§6§3§9§lr§x§A§3§7§C§3§9§li§x§8§E§9§2§3§9§ls§x§7§8§A§8§3§9§lt§x§6§3§B§E§3§8§lm§x§4§D§D§4§3§8§la§x§6§3§B§E§3§8§ls §x§8§E§9§2§3§9§lG§x§A§3§7§C§3§9§ll§x§B§9§6§6§3§9§lo§x§C§E§5§0§3§A§lb§x§E§4§3§A§3§A§le in auction for 1500000.
[09:23:26] > Gin buy x1 §f§l§x§E§4§3§A§3§AM§x§D§8§4§6§3§Ae§x§C§C§5§3§3§Ar§x§C§0§5§F§3§Ar§x§B§4§6§B§3§9y§x§A§8§7§8§3§9 §x§9§C§8§4§3§9C§x§8§F§9§0§3§9h§x§8§3§9§D§3§9r§x§7§7§A§9§3§9i§x§6§B§B§5§3§8s§x§5§F§C§2§3§8t§x§5§3§C§E§3§8ma§x§5§F§C§2§3§8s§x§6§B§B§5§3§8 §x§7§7§A§9§3§9G§x§8§3§9§D§3§9r§x§8§F§9§0§3§9e§x§9§C§8§4§3§9a§x§A§8§7§8§3§9t§x§B§4§6§B§3§9S§x§C§0§5§F§3§Aw§x§C§C§5§3§3§Ao§x§D§8§4§6§3§Ar§x§E§4§3§A§3§Ad to Icon_Skully for $150,000.
[09:23:41] > Gin buy x1 §f§l§x§E§4§3§A§3§AM§x§D§8§4§6§3§Ae§x§C§C§5§3§3§Ar§x§C§0§5§F§3§Ar§x§B§4§6§B§3§9y§x§A§8§7§8§3§9 §x§9§C§8§4§3§9C§x§8§F§9§0§3§9h§x§8§3§9§D§3§9r§x§7§7§A§9§3§9i§x§6§B§B§5§3§8s§x§5§F§C§2§3§8t§x§5§3§C§E§3§8ma§x§5§F§C§2§3§8s§x§6§B§B§5§3§8 §x§7§7§A§9§3§9G§x§8§3§9§D§3§9r§x§8§F§9§0§3§9e§x§9§C§8§4§3§9a§x§A§8§7§8§3§9t§x§B§4§6§B§3§9S§x§C§0§5§F§3§Aw§x§C§C§5§3§3§Ao§x§D§8§4§6§3§Ar§x§E§4§3§A§3§Ad to Icon_Skully for $150,000.
[09:24:25] > Gin buy x1 §f§l§x§E§4§3§A§3§AM§x§D§6§4§9§3§Ae§x§C§7§5§7§3§Ar§x§B§9§6§6§3§9r§x§A§A§7§5§3§9y§x§9§C§8§3§3§9 §x§8§E§9§2§3§9C§x§7§F§A§1§3§9h§x§7§1§A§F§3§8r§x§6§3§B§E§3§8i§x§5§4§C§D§3§8st§x§6§3§B§E§3§8m§x§7§1§A§F§3§8a§x§7§F§A§1§3§9s§x§8§E§9§2§3§9 §x§9§C§8§3§3§9H§x§A§A§7§5§3§9a§x§B§9§6§6§3§9m§x§C§7§5§7§3§Am§x§D§6§4§9§3§Ae§x§E§4§3§A§3§Ar to Anc_Kyoto for $3,000,000.
[09:24:27] > Gin buy x1 §f§l§x§E§4§3§A§3§AM§x§D§6§4§8§3§Ae§x§C§9§5§6§3§Ar§x§B§B§6§4§3§9r§x§A§D§7§2§3§9y§x§9§F§8§0§3§9 §x§9§2§8§E§3§9C§x§8§4§9§C§3§9h§x§7§6§A§A§3§9r§x§6§8§B§8§3§8i§x§5§B§C§6§3§8s§x§4§D§D§4§3§8t§x§5§B§C§6§3§8m§x§6§8§B§8§3§8a§x§7§6§A§A§3§9s§x§8§4§9§C§3§9 §x§9§2§8§E§3§9P§x§9§F§8§0§3§9i§x§A§D§7§2§3§9c§x§B§B§6§4§3§9k§x§C§9§5§6§3§Aa§x§D§6§4§8§3§Ax§x§E§4§3§A§3§Ae to nachfaust for $1,000,000.
[09:25:29] > x1 Dirt, item of monggol, has just expired, the item is definitively deleted.
[09:25:29] > x1 Golden apple, item of notnicov_2, has just expired, the item is definitively deleted.
[09:25:29] > x1 §x§F§F§5§5§0§0§lsᴇʟʟᴡᴀɴᴅ §6- 5.0x, item of Zaiil, has just expired, the item is definitively deleted.
[09:25:29] > x1 §f§l§8B§x§6§2§6§2§6§2a§x§6§F§6§F§6§Fh§x§7§C§7§C§7§Ca§x§8§9§8§9§8§9m§x§9§6§9§6§9§6u§x§A§3§A§3§A§3t §x§9§6§9§6§9§6S§x§8§9§8§9§8§9h§x§7§C§7§C§7§Co§x§6§F§6§F§6§Fv§x§6§2§6§2§6§2e§8l, item of nachfaust, has just expired, the item is definitively deleted.
[09:25:29] > x63 Chorus fruit, item of notnicov_2, has just expired, the item is definitively deleted.
[09:25:29] > x30 Cooked beef, item of notnicov_2, has just expired, the item is definitively deleted.
[09:25:29] > x1 §x§F§F§5§5§0§0§lsᴇʟʟᴡᴀɴᴅ §6- 5.0x, item of sigman, has just expired, the item is definitively deleted.
[09:25:29] > x64 Spruce log, item of notnicov_2, has just expired, the item is definitively deleted.
[09:25:29] > x1 Enchanted golden apple, item of poggibonxi, has just expired, the item is definitively deleted.
[09:25:29] > x1 shulker of wind charge, item of nachfaust, has just expired, the item is definitively deleted.
[09:26:01] > Gin remove x1 §f§l§x§E§4§3§A§3§AM§x§D§6§4§9§3§Ae§x§C§7§5§7§3§Ar§x§B§9§6§6§3§9r§x§A§A§7§5§3§9y§x§9§C§8§3§3§9 §x§8§E§9§2§3§9C§x§7§F§A§1§3§9h§x§7§1§A§F§3§8r§x§6§3§B§E§3§8i§x§5§4§C§D§3§8st§x§6§3§B§E§3§8m§x§7§1§A§F§3§8a§x§7§F§A§1§3§9s§x§8§E§9§2§3§9 §x§9§C§8§3§3§9H§x§A§A§7§5§3§9a§x§B§9§6§6§3§9m§x§C§7§5§7§3§Am§x§D§6§4§9§3§Ae§x§E§4§3§A§3§Ar form buy
[09:26:01] > Gin remove x1 §f§l§x§E§4§3§A§3§AM§x§D§6§4§8§3§Ae§x§C§9§5§6§3§Ar§x§B§B§6§4§3§9r§x§A§D§7§2§3§9y§x§9§F§8§0§3§9 §x§9§2§8§E§3§9C§x§8§4§9§C§3§9h§x§7§6§A§A§3§9r§x§6§8§B§8§3§8i§x§5§B§C§6§3§8s§x§4§D§D§4§3§8t§x§5§B§C§6§3§8m§x§6§8§B§8§3§8a§x§7§6§A§A§3§9s§x§8§4§9§C§3§9 §x§9§2§8§E§3§9P§x§9§F§8§0§3§9i§x§A§D§7§2§3§9c§x§B§B§6§4§3§9k§x§C§9§5§6§3§Aa§x§D§6§4§8§3§Ax§x§E§4§3§A§3§Ae form buy
[09:26:01] > Gin remove x1 §f§l§x§E§4§3§A§3§AM§x§D§8§4§6§3§Ae§x§C§C§5§3§3§Ar§x§C§0§5§F§3§Ar§x§B§4§6§B§3§9y§x§A§8§7§8§3§9 §x§9§C§8§4§3§9C§x§8§F§9§0§3§9h§x§8§3§9§D§3§9r§x§7§7§A§9§3§9i§x§6§B§B§5§3§8s§x§5§F§C§2§3§8t§x§5§3§C§E§3§8ma§x§5§F§C§2§3§8s§x§6§B§B§5§3§8 §x§7§7§A§9§3§9G§x§8§3§9§D§3§9r§x§8§F§9§0§3§9e§x§9§C§8§4§3§9a§x§A§8§7§8§3§9t§x§B§4§6§B§3§9S§x§C§0§5§F§3§Aw§x§C§C§5§3§3§Ao§x§D§8§4§6§3§Ar§x§E§4§3§A§3§Ad form buy
[09:26:01] > Gin remove x1 §f§l§x§E§4§3§A§3§AM§x§D§8§4§6§3§Ae§x§C§C§5§3§3§Ar§x§C§0§5§F§3§Ar§x§B§4§6§B§3§9y§x§A§8§7§8§3§9 §x§9§C§8§4§3§9C§x§8§F§9§0§3§9h§x§8§3§9§D§3§9r§x§7§7§A§9§3§9i§x§6§B§B§5§3§8s§x§5§F§C§2§3§8t§x§5§3§C§E§3§8ma§x§5§F§C§2§3§8s§x§6§B§B§5§3§8 §x§7§7§A§9§3§9G§x§8§3§9§D§3§9r§x§8§F§9§0§3§9e§x§9§C§8§4§3§9a§x§A§8§7§8§3§9t§x§B§4§6§B§3§9S§x§C§0§5§F§3§Aw§x§C§C§5§3§3§Ao§x§D§8§4§6§3§Ar§x§E§4§3§A§3§Ad form buy
[09:26:58] > Gin added x1 §f§l§x§E§4§3§A§3§AM§x§D§8§4§6§3§Ae§x§C§C§5§3§3§Ar§x§C§0§5§F§3§Ar§x§B§4§6§B§3§9y§x§A§8§7§8§3§9 §x§9§C§8§4§3§9C§x§8§F§9§0§3§9h§x§8§3§9§D§3§9r§x§7§7§A§9§3§9i§x§6§B§B§5§3§8s§x§5§F§C§2§3§8t§x§5§3§C§E§3§8ma§x§5§F§C§2§3§8s§x§6§B§B§5§3§8 §x§7§7§A§9§3§9G§x§8§3§9§D§3§9r§x§8§F§9§0§3§9e§x§9§C§8§4§3§9a§x§A§8§7§8§3§9t§x§B§4§6§B§3§9S§x§C§0§5§F§3§Aw§x§C§C§5§3§3§Ao§x§D§8§4§6§3§Ar§x§E§4§3§A§3§Ad in auction for 1000000.
[10:49:01] > PlayTexts buy x11 Wind charge to Horheee for $10,000.
[10:56:59] > Typeshe added x1 §f§l§x§E§4§3§A§3§AM§x§D§7§4§7§3§Ae§x§C§A§5§5§3§Ar§x§B§D§6§2§3§9r§x§A§F§7§0§3§9y§x§A§2§7§D§3§9 §x§9§5§8§A§3§9C§x§8§8§9§8§3§9h§x§7§B§A§5§3§9r§x§6§E§B§3§3§8i§x§6§1§C§0§3§8s§x§5§4§C§D§3§8tm§x§6§1§C§0§3§8a§x§6§E§B§3§3§8s§x§7§B§A§5§3§9 §x§8§8§9§8§3§9B§x§9§5§8§A§3§9a§x§A§2§7§D§3§9c§x§A§F§7§0§3§9k§x§B§D§6§2§3§9p§x§C§A§5§5§3§Aa§x§D§7§4§7§3§Ac§x§E§4§3§A§3§Ak in auction for 250000.
[10:57:16] > kentchalin buy x1 Written book to nebula12321 for $10.
[10:57:33] > x1 Nether star, bought by azuyeca, has just expired, the item is definitively deleted.
[10:57:34] > kentchalin remove x1 Written book from buy
[11:15:37] > Horheee remove x1 Potion from storage
[11:15:42] > Horheee added x1 Potion in auction for 20000.
[11:17:11] > Kodakoda added x1 Diamond leggings in auction for 30000.
[11:17:30] > Kodakoda added x1 Diamond leggings in auction for 15000.
[11:54:37] > Kodakoda added x1 Enchanted book in auction for 150000.