
[12:17:10] > aroraru buy x1 Enchanted book to Antonie657 for $5,000.
[12:31:15] > x2 §x§5§C§C§F§F§C§lC§x§5§C§D§1§F§5§lo§x§5§D§D§4§E§E§ls§x§5§D§D§6§E§7§lm§x§5§E§D§9§E§1§le§x§5§E§D§B§D§A§lt§x§5§E§D§D§D§3§li§x§5§F§E§0§C§C§lc §x§5§F§E§0§C§C§lH§x§5§E§D§D§D§3§la§x§5§E§D§B§D§A§lt§x§5§E§D§9§E§1§ls §x§5§D§D§4§E§E§lK§x§5§C§D§1§F§5§le§x§5§C§C§F§F§C§ly, item of PrinceBGC, has just expired, the item is definitively deleted.
[12:31:18] > EnderDragon0120 remove x1 §f§l§8B§x§6§0§6§0§6§0a§x§6§C§6§C§6§Ch§x§7§7§7§7§7§7a§x§8§2§8§2§8§2m§x§8§E§8§E§8§Eu§x§9§9§9§9§9§9t§x§A§4§A§4§A§4 G§x§9§9§9§9§9§9a§x§8§E§8§E§8§Eu§x§8§2§8§2§8§2n§x§7§7§7§7§7§7t§x§6§C§6§C§6§Cl§x§6§0§6§0§6§0e§8t form expire
[12:31:18] > EnderDragon0120 remove x1 §f§l§8B§x§6§3§6§3§6§3a§x§7§1§7§1§7§1h§x§8§0§8§0§8§0a§x§8§E§8§E§8§Em§x§9§C§9§C§9§Cu§7t§x§9§C§9§C§9§C §x§8§E§8§E§8§ES§x§8§0§8§0§8§0t§x§7§1§7§1§7§1a§x§6§3§6§3§6§3f§8f form expire
[12:31:18] > EnderDragon0120 remove x1 §f§l§8B§x§6§2§6§2§6§2a§x§6§F§6§F§6§Fh§x§7§C§7§C§7§Ca§x§8§9§8§9§8§9m§x§9§6§9§6§9§6u§x§A§3§A§3§A§3t §x§9§6§9§6§9§6D§x§8§9§8§9§8§9a§x§7§C§7§C§7§Cg§x§6§F§6§F§6§Fg§x§6§2§6§2§6§2e§8r form expire
[12:31:18] > EnderDragon0120 remove x1 §f§l§8B§x§6§6§6§6§6§6a§x§7§7§7§7§7§7h§x§8§8§8§8§8§8a§x§9§9§9§9§9§9m§7u§x§9§9§9§9§9§9t§x§8§8§8§8§8§8 §x§7§7§7§7§7§7B§x§6§6§6§6§6§6o§8w form expire
[12:31:18] > EnderDragon0120 remove x1 §f§l§8B§x§6§2§6§2§6§2a§x§6§F§6§F§6§Fh§x§7§C§7§C§7§Ca§x§8§9§8§9§8§9m§x§9§6§9§6§9§6u§x§A§3§A§3§A§3t §x§9§6§9§6§9§6H§x§8§9§8§9§8§9a§x§7§C§7§C§7§Ct§x§6§F§6§F§6§F §x§6§2§6§2§6§2V§82 form expire
[12:31:18] > EnderDragon0120 remove x1 §x§E§5§1§B§1§B§lDracula Leggings form expire
[12:31:18] > EnderDragon0120 remove x1 §x§F§F§5§5§0§0§lsᴇʟʟᴡᴀɴᴅ §6- 5.0x form expire
[12:31:18] > EnderDragon0120 remove x1 §x§F§F§7§C§0§0§lSteamsparks Sword form expire
[12:31:18] > EnderDragon0120 remove x1 §x§F§F§7§C§0§0§lSteamsparks Chestplate form expire
[12:31:18] > EnderDragon0120 remove x1 §x§F§F§7§C§0§0§lSteamsparks Staff form expire
[12:31:53] > EnderDragon0120 added x1 §x§F§F§5§5§0§0§lsᴇʟʟᴡᴀɴᴅ §6- 5.0x in auction for 500000.
[12:32:16] > EnderDragon0120 added x1 §x§F§F§5§5§0§0§lsᴇʟʟᴡᴀɴᴅ §6- 5.0x in auction for 575000.
[12:32:30] > EnderDragon0120 added x1 §x§F§F§5§5§0§0§lsᴇʟʟᴡᴀɴᴅ §6- 5.0x in auction for 575000.
[12:32:41] > EnderDragon0120 added x1 §x§F§F§5§5§0§0§lsᴇʟʟᴡᴀɴᴅ §6- 5.0x in auction for 500000.
[12:33:05] > EnderDragon0120 added x1 §x§F§F§5§5§0§0§lsᴇʟʟᴡᴀɴᴅ §6- 5.0x in auction for 475000.
[13:00:55] > MrZyrus7228 buy x1 §x§F§F§5§5§0§0§lsᴇʟʟᴡᴀɴᴅ §6- 5.0x to EnderDragon0120 for $475,000.
[13:00:57] > MrZyrus7228 buy x1 §x§F§F§5§5§0§0§lsᴇʟʟᴡᴀɴᴅ §6- 5.0x to EnderDragon0120 for $500,000.
[13:01:01] > MrZyrus7228 buy x1 §x§F§F§5§5§0§0§lsᴇʟʟᴡᴀɴᴅ §6- 5.0x to EnderDragon0120 for $500,000.
[13:01:06] > MrZyrus7228 buy x1 §x§F§F§5§5§0§0§lsᴇʟʟᴡᴀɴᴅ §6- 5.0x to Antonie657 for $500,000.
[13:01:18] > MrZyrus7228 remove x1 §x§F§F§5§5§0§0§lsᴇʟʟᴡᴀɴᴅ §6- 5.0x form buy
[13:01:18] > MrZyrus7228 remove x1 §x§F§F§5§5§0§0§lsᴇʟʟᴡᴀɴᴅ §6- 5.0x form buy
[13:01:18] > MrZyrus7228 remove x1 §x§F§F§5§5§0§0§lsᴇʟʟᴡᴀɴᴅ §6- 5.0x form buy
[13:01:18] > MrZyrus7228 remove x1 §x§F§F§5§5§0§0§lsᴇʟʟᴡᴀɴᴅ §6- 5.0x form buy
[13:01:56] > MrZyrus7228 buy x2 §x§F§F§3§E§0§0§lSellwand Voucher to NoClarity for $1,400,000.
[13:01:59] > MrZyrus7228 remove x2 §x§F§F§3§E§0§0§lSellwand Voucher from buy
[13:08:25] > NastyPepperoni added x64 Experience bottle in auction for 32000.
[13:12:14] > NastyPepperoni remove x36 Experience bottle from storage
[13:12:23] > NastyPepperoni added x64 Experience bottle in auction for 30000.
[13:12:30] > MrZyrus7228 buy x64 Experience bottle to NastyPepperoni for $30,000.
[13:12:34] > MrZyrus7228 remove x64 Experience bottle from buy
[13:17:55] > NastyPepperoni added x64 Experience bottle in auction for 30000.
[13:18:06] > NastyPepperoni added x64 Experience bottle in auction for 30000.
[13:19:24] > NastyPepperoni remove x10 Experience bottle from storage
[13:19:25] > NastyPepperoni remove x10 Experience bottle from storage
[13:20:59] > ashwagg added x5 §x§F§C§9§0§5§C§lE§x§E§6§9§C§6§B§lp§x§C§F§A§7§7§A§li§x§B§9§B§3§8§9§lc §x§8§C§C§B§A§7§lC§x§7§5§D§6§B§6§lr§x§5§F§E§2§C§5§la§x§7§9§D§4§B§4§lt§x§9§3§C§7§A§2§le §x§C§8§A§B§7§F§lK§x§E§2§9§E§6§E§le§x§F§C§9§0§5§C§ly in auction for 10000.
[13:44:25] > NastyPepperoni added x64 Experience bottle in auction for 30000.
[13:45:15] > NastyPepperoni buy x1 §x§E§5§1§B§1§B§lDracula Chestplate to auvicious for $500,000.
[13:45:24] > NastyPepperoni buy x1 §f§l§x§F§C§D§0§5§CW§x§F§B§C§1§5§5u§x§F§B§B§2§4§Fk§x§F§A§A§3§4§8o§x§F§9§9§5§4§2n§x§F§9§8§6§3§Bg§x§F§8§7§7§3§5 §x§F§8§6§8§2§EL§x§F§7§5§9§2§7e§x§F§6§4§A§2§1g§x§F§6§3§B§1§Ag§x§F§5§2§D§1§4i§x§F§4§1§E§0§Dn§x§F§4§0§F§0§7g§x§F§3§0§0§0§0s to .AppriXD for $250,000.
[13:45:52] > NastyPepperoni remove x1 §f§l§x§F§C§D§0§5§CW§x§F§B§C§1§5§5u§x§F§B§B§2§4§Fk§x§F§A§A§3§4§8o§x§F§9§9§5§4§2n§x§F§9§8§6§3§Bg§x§F§8§7§7§3§5 §x§F§8§6§8§2§EL§x§F§7§5§9§2§7e§x§F§6§4§A§2§1g§x§F§6§3§B§1§Ag§x§F§5§2§D§1§4i§x§F§4§1§E§0§Dn§x§F§4§0§F§0§7g§x§F§3§0§0§0§0s from buy
[13:45:53] > NastyPepperoni remove x1 §x§E§5§1§B§1§B§lDracula Chestplate from buy
[13:48:40] > JinSoul15 buy x5 §x§F§C§9§0§5§C§lE§x§E§6§9§C§6§B§lp§x§C§F§A§7§7§A§li§x§B§9§B§3§8§9§lc §x§8§C§C§B§A§7§lC§x§7§5§D§6§B§6§lr§x§5§F§E§2§C§5§la§x§7§9§D§4§B§4§lt§x§9§3§C§7§A§2§le §x§C§8§A§B§7§F§lK§x§E§2§9§E§6§E§le§x§F§C§9§0§5§C§ly to ashwagg for $10,000.
[13:52:51] > NastyPepperoni added x1 Enchanted book in auction for 2000.
[13:53:03] > JinSoul15 buy x1 Enchanted book to NastyPepperoni for $2,000.
[13:53:07] > JinSoul15 buy x64 Experience bottle to NastyPepperoni for $30,000.
[13:53:15] > JinSoul15 remove x64 Experience bottle from buy
[13:53:40] > NastyPepperoni added x64 Experience bottle in auction for 32000.
[13:53:53] > NastyPepperoni added x64 Experience bottle in auction for 32000.
[13:54:07] > NastyPepperoni added x64 Experience bottle in auction for 30000.
[13:54:40] > NastyPepperoni added x1 Enchanted book in auction for 2000.
[14:02:23] > c_snrin buy x1 Enchanted book to NastyPepperoni for $2,000.
[14:26:43] > x1 Enchanted book on sale by Arthur has just expired, it goes in the inventory of expired items.
[14:35:16] > dejuugarr remove x1 §x§F§F§7§C§0§0§lSteamsparks Key from storage
[14:35:31] > dejuugarr added x1 §x§F§F§7§C§0§0§lSteamsparks Key in auction for 300000.
[14:43:55] > Icon_Skully buy x64 Experience bottle to NastyPepperoni for $30,000.
[14:44:02] > Icon_Skully remove x64 Experience bottle form buy
[14:44:24] > EXEZUNO remove x1 §x§F§F§7§C§0§0§lSteamsparks Leggings form storage
[14:44:24] > EXEZUNO remove x1 Netherite boots form storage
[14:44:24] > EXEZUNO remove x1 Enchanted book form storage
[14:45:21] > EXEZUNO added x1 §x§F§F§7§C§0§0§lSteamsparks Leggings in auction for 50000.
[15:12:36] > .AppriXD remove x1 §x§F§F§7§C§0§0§lSteamsparks Leggings form storage
[15:12:36] > .AppriXD remove x1 §x§F§F§7§C§0§0§lSteamsparks Boots form storage
[15:13:03] > .AppriXD added x1 §x§F§F§7§C§0§0§lSteamsparks Boots in auction for 40000.
[15:13:15] > .AppriXD added x1 §x§F§F§7§C§0§0§lSteamsparks Leggings in auction for 40000.
[15:43:18] > SenjuKawaragi added x64 Cooked beef in auction for 1500.
[15:43:39] > JinSoul15 buy x64 Experience bottle to NastyPepperoni for $32,000.
[15:51:37] > EnderDragon0120 remove x1 §x§F§F§5§5§0§0§lsᴇʟʟᴡᴀɴᴅ §6- 5.0x from storage
[15:52:15] > EnderDragon0120 remove x1 §x§F§F§5§5§0§0§lsᴇʟʟᴡᴀɴᴅ §6- 5.0x from storage
[15:56:35] > ravencabansay buy x64 Cooked beef to SenjuKawaragi for $1,500.
[15:56:48] > ravencabansay remove x64 Cooked beef from buy
[16:07:13] > Icon_Skully added x1 Enchanted book in auction for 15000.
[16:07:28] > Icon_Skully added x1 Enchanted book in auction for 15000.
[16:07:46] > Icon_Skully added x1 Enchanted book in auction for 15000.
[16:08:10] > Icon_Skully added x1 Enchanted book in auction for 15000.
[16:08:38] > .AppriXD added x1 §x§F§F§3§E§0§0§lDemon Lord Wings in auction for 4000000.
[16:11:03] > Zypher_0w0 added x1 §x§5§9§A§1§D§9§lA§x§7§5§B§1§D§Fr§x§9§0§C§0§E§6c§x§A§C§D§0§E§Ch§x§C§8§E§0§F§2a§x§E§3§E§F§F§9n§fg§x§E§3§E§F§F§9e§x§C§8§E§0§F§2l §x§9§0§C§0§E§6K§x§7§5§B§1§D§Fe§x§5§9§A§1§D§9y in auction for 2000000.
[16:11:35] > Zypher_0w0 added x1 §x§5§9§A§1§D§9§lA§x§7§5§B§1§D§Fr§x§9§0§C§0§E§6c§x§A§C§D§0§E§Ch§x§C§8§E§0§F§2a§x§E§3§E§F§F§9n§fg§x§E§3§E§F§F§9e§x§C§8§E§0§F§2l §x§9§0§C§0§E§6K§x§7§5§B§1§D§Fe§x§5§9§A§1§D§9y in auction for 2000000.
[16:12:47] > Zypher_0w0 added x1 §x§F§F§7§C§0§0§lSteamsparks Key in auction for 80000.
[16:13:02] > Zypher_0w0 added x1 §x§E§5§1§B§1§B§lDracula Key in auction for 60000.
[16:13:12] > .AppriXD buy x1 §x§E§5§1§B§1§B§lDracula Key to Zypher_0w0 for $60,000.
[16:13:14] > Fogstrap buy x1 §x§F§F§7§C§0§0§lSteamsparks Key to Zypher_0w0 for $80,000.
[16:16:54] > .AppriXD remove x1 §x§F§F§3§E§0§0§lDemon Lord Wings from storage
[16:17:04] > .AppriXD remove x1 §x§F§F§3§E§0§0§lDemon Lord Wings from expire
[16:17:39] > Izumi added x1 §x§F§F§5§5§0§0§lsᴇʟʟᴡᴀɴᴅ §6- 10.0x in auction for 2000000.
[16:19:28] > alecczzz added x1 §x§F§F§5§5§0§0§lsᴇʟʟᴡᴀɴᴅ §6- 5.0x in auction for 400000.
[16:19:33] > MrZyrus7228 buy x1 §x§F§F§5§5§0§0§lsᴇʟʟᴡᴀɴᴅ §6- 5.0x to alecczzz for $400,000.
[16:19:40] > alecczzz added x1 §x§F§F§5§5§0§0§lsᴇʟʟᴡᴀɴᴅ §6- 5.0x in auction for 400000.
[16:19:44] > MrZyrus7228 buy x1 §x§F§F§5§5§0§0§lsᴇʟʟᴡᴀɴᴅ §6- 5.0x to alecczzz for $400,000.
[16:20:09] > MrZyrus7228 remove x1 §x§F§F§5§5§0§0§lsᴇʟʟᴡᴀɴᴅ §6- 5.0x from buy
[16:20:10] > MrZyrus7228 remove x1 §x§F§F§5§5§0§0§lsᴇʟʟᴡᴀɴᴅ §6- 5.0x from buy
[16:40:10] > x1 Netherite sword on sale by giyahnpogi has just expired, it goes in the inventory of expired items.
[16:40:17] > Seikuji8811 added x1 Enchanted book in auction for 5000.
[16:40:37] > Trapers1 buy x1 §x§5§C§C§F§F§C§lC§x§5§C§D§1§F§5§lo§x§5§D§D§4§E§E§ls§x§5§D§D§6§E§7§lm§x§5§E§D§9§E§1§le§x§5§E§D§B§D§A§lt§x§5§E§D§D§D§3§li§x§5§F§E§0§C§C§lc §x§5§F§E§0§C§C§lH§x§5§E§D§D§D§3§la§x§5§E§D§B§D§A§lt§x§5§E§D§9§E§1§ls §x§5§D§D§4§E§E§lK§x§5§C§D§1§F§5§le§x§5§C§C§F§F§C§ly to SP3CC_ for $50,000.
[16:41:02] > Trapers1 remove x1 §x§5§C§C§F§F§C§lC§x§5§C§D§1§F§5§lo§x§5§D§D§4§E§E§ls§x§5§D§D§6§E§7§lm§x§5§E§D§9§E§1§le§x§5§E§D§B§D§A§lt§x§5§E§D§D§D§3§li§x§5§F§E§0§C§C§lc §x§5§F§E§0§C§C§lH§x§5§E§D§D§D§3§la§x§5§E§D§B§D§A§lt§x§5§E§D§9§E§1§ls §x§5§D§D§4§E§E§lK§x§5§C§D§1§F§5§le§x§5§C§C§F§F§C§ly form buy
[16:42:49] > giyahnpogi buy x1 Goat horn to NoClarity for $25,000.
[16:43:23] > x1 §2Sage on sale by giyahnpogi has just expired, it goes in the inventory of expired items.
[16:44:53] > giyahnpogi added x2 §x§9§8§6§3§E§7§lG§x§9§0§7§5§E§2§lo§x§8§8§8§7§D§D§ld§x§8§0§9§9§D§8§ll§x§7§7§A§C§D§4§ly §x§6§7§D§0§C§A§lC§x§5§F§E§2§C§5§lr§x§6§7§D§0§C§A§la§x§6§F§B§E§C§F§lt§x§7§7§A§C§D§4§le §x§8§8§8§7§D§D§lK§x§9§0§7§5§E§2§le§x§9§8§6§3§E§7§ly in auction for 2000000.
[16:48:46] > giyahnpogi added x1 §f§l§x§8§A§0§0§F§FS§x§9§6§0§0§E§3h§x§A§1§0§0§C§6i§x§A§D§0§0§A§An§x§B§9§0§0§8§Ee§x§C§4§0§0§7§1 §x§D§0§0§0§5§5O§x§D§C§0§0§3§9n§x§E§7§0§0§1§Ci§x§F§3§0§0§0§0 §x§E§7§0§0§1§CB§x§D§C§0§0§3§9i§x§D§0§0§0§5§5g§x§C§4§0§0§7§1 §x§B§9§0§0§8§ES§x§A§D§0§0§A§Aw§x§A§1§0§0§C§6o§x§9§6§0§0§E§3r§x§8§A§0§0§F§Fd in auction for 1200000.
[16:55:57] > x1 §x§F§F§3§E§0§0§lD§x§F§F§3§6§0§0§le§x§F§F§2§F§0§0§lm§x§F§F§2§7§0§0§lo§x§F§F§1§F§0§0§ln §x§F§F§1§0§0§0§lL§x§F§F§0§8§0§0§lo§x§F§F§0§0§0§0§lr§x§F§F§0§9§0§0§ld §x§F§F§1§B§0§0§lB§x§F§F§2§3§0§0§lo§x§F§F§2§C§0§0§lo§x§F§F§3§5§0§0§lt§x§F§F§3§E§0§0§ls on sale by giyahnpogi has just expired, it goes in the inventory of expired items.
[16:55:57] > x1 §x§F§F§3§E§0§0§lD§x§F§F§3§6§0§0§le§x§F§F§2§F§0§0§lm§x§F§F§2§7§0§0§lo§x§F§F§1§F§0§0§ln §x§F§F§1§0§0§0§lL§x§F§F§0§8§0§0§lo§x§F§F§0§0§0§0§lr§x§F§F§0§8§0§0§ld §x§F§F§1§7§0§0§lH§x§F§F§1§F§0§0§le§x§F§F§2§7§0§0§ll§x§F§F§2§F§0§0§lm§x§F§F§3§6§0§0§le§x§F§F§3§E§0§0§lt on sale by giyahnpogi has just expired, it goes in the inventory of expired items.
[17:08:27] > TheCursedMoon buy x1 Diamond pickaxe to YooRushy for $150,000.
[17:10:00] > TheCursedMoon remove x1 Diamond pickaxe from buy
[17:12:03] > nebula12321 buy x64 Experience bottle to NastyPepperoni for $32,000.
[17:27:28] > nebula12321 remove x64 Experience bottle from buy
[17:28:38] > nebula12321 added x1 §x§F§2§C§6§D§E§lP§x§E§0§C§A§D§B§li§x§C§D§C§D§D§8§ln§x§B§B§D§1§D§5§la§x§A§9§D§4§D§2§lt§x§9§6§D§8§C§E§la §x§7§1§D§F§C§8§lC§x§5§F§E§2§C§5§lr§x§7§4§D§E§C§9§la§x§8§9§D§A§C§C§lt§x§9§E§D§6§D§0§le §x§C§8§C§E§D§7§lK§x§D§D§C§A§D§A§le§x§F§2§C§6§D§E§ly in auction for 500000.
[17:28:43] > giyahnpogi buy x1 §x§F§2§C§6§D§E§lP§x§E§0§C§A§D§B§li§x§C§D§C§D§D§8§ln§x§B§B§D§1§D§5§la§x§A§9§D§4§D§2§lt§x§9§6§D§8§C§E§la §x§7§1§D§F§C§8§lC§x§5§F§E§2§C§5§lr§x§7§4§D§E§C§9§la§x§8§9§D§A§C§C§lt§x§9§E§D§6§D§0§le §x§C§8§C§E§D§7§lK§x§D§D§C§A§D§A§le§x§F§2§C§6§D§E§ly to nebula12321 for $500,000.
[17:31:01] > nebula12321 added x1 Shulker box in auction for 100000.
[17:31:20] > nebula12321 remove x1 Shulker box from storage
[17:31:31] > nebula12321 added x1 Shulker box in auction for 40000.
[17:31:41] > nebula12321 added x1 Shulker box in auction for 40000.
[17:34:07] > nebula12321 buy x1 §f§l§8B§x§6§6§6§6§6§6a§x§7§7§7§7§7§7h§x§8§8§8§8§8§8a§x§9§9§9§9§9§9m§7u§x§9§9§9§9§9§9t§x§8§8§8§8§8§8 §x§7§7§7§7§7§7H§x§6§6§6§6§6§6a§8t to PlayTexts for $350,000.
[17:34:11] > nebula12321 remove x1 §f§l§8B§x§6§6§6§6§6§6a§x§7§7§7§7§7§7h§x§8§8§8§8§8§8a§x§9§9§9§9§9§9m§7u§x§9§9§9§9§9§9t§x§8§8§8§8§8§8 §x§7§7§7§7§7§7H§x§6§6§6§6§6§6a§8t from buy
[17:35:45] > nebula12321 remove x1 Shulker box from storage
[17:35:54] > nebula12321 added x1 §x§A§5§8§0§D§D§lᴇᴘɪᴄ ɪᴛᴇᴍ in auction for 500000.
[17:36:00] > Fogstrap buy x1 §x§A§5§8§0§D§D§lᴇᴘɪᴄ ɪᴛᴇᴍ to nebula12321 for $500,000.
[17:36:10] > Fogstrap remove x1 §x§A§5§8§0§D§D§lᴇᴘɪᴄ ɪᴛᴇᴍ from buy
[17:36:10] > Fogstrap remove x1 §x§F§F§7§C§0§0§lSteamsparks Key from buy
[17:36:54] > nebula12321 remove x1 Shulker box from storage
[17:36:55] > nebula12321 remove x1 Shulker box from storage
[18:05:23] > TheCursedMoon buy x1 Enchanted book to Icon_Skully for $15,000.
[18:05:33] > TheCursedMoon buy x1 §x§F§F§7§C§0§0§lSteamsparks Leggings to .AppriXD for $40,000.
[18:08:16] > TheCursedMoon remove x1 Enchanted book from buy
[18:08:16] > TheCursedMoon remove x1 §x§F§F§7§C§0§0§lSteamsparks Leggings from buy
[18:29:50] > quelaaa_ buy x64 Pale oak log to namerikangel for $10,000.
[18:30:21] > quelaaa_ buy x1 Enchanted book to Seikuji8811 for $5,000.
[18:33:25] > giyahnpogi added x1 §f§l§x§8§A§0§0§F§FS§x§9§7§0§0§D§Fh§x§A§4§0§0§B§Fi§x§B§1§0§0§9§Fn§x§B§F§0§0§8§0e§x§C§C§0§0§6§0 §x§D§9§0§0§4§0O§x§E§6§0§0§2§0n§x§F§3§0§0§0§0i§x§E§6§0§0§2§0 §x§D§9§0§0§4§0P§x§C§C§0§0§6§0i§x§B§F§0§0§8§0c§x§B§1§0§0§9§Fk§x§A§4§0§0§B§Fa§x§9§7§0§0§D§Fx§x§8§A§0§0§F§Fe in auction for 4000000.
[18:33:32] > HwanYo buy x1 §f§l§x§8§A§0§0§F§FS§x§9§7§0§0§D§Fh§x§A§4§0§0§B§Fi§x§B§1§0§0§9§Fn§x§B§F§0§0§8§0e§x§C§C§0§0§6§0 §x§D§9§0§0§4§0O§x§E§6§0§0§2§0n§x§F§3§0§0§0§0i§x§E§6§0§0§2§0 §x§D§9§0§0§4§0P§x§C§C§0§0§6§0i§x§B§F§0§0§8§0c§x§B§1§0§0§9§Fk§x§A§4§0§0§B§Fa§x§9§7§0§0§D§Fx§x§8§A§0§0§F§Fe to giyahnpogi for $4,000,000.
[18:34:05] > ELITEAtlas buy x2 §c§lPlatinum Lure to 3xdmge for $990,000.
[18:34:10] > HwanYo remove x1 §f§l§x§8§A§0§0§F§FS§x§9§7§0§0§D§Fh§x§A§4§0§0§B§Fi§x§B§1§0§0§9§Fn§x§B§F§0§0§8§0e§x§C§C§0§0§6§0 §x§D§9§0§0§4§0O§x§E§6§0§0§2§0n§x§F§3§0§0§0§0i§x§E§6§0§0§2§0 §x§D§9§0§0§4§0P§x§C§C§0§0§6§0i§x§B§F§0§0§8§0c§x§B§1§0§0§9§Fk§x§A§4§0§0§B§Fa§x§9§7§0§0§D§Fx§x§8§A§0§0§F§Fe from buy
[18:34:10] > HwanYo remove x1 §f§l§x§8§A§0§0§F§FS§x§9§7§0§0§D§Fh§x§A§4§0§0§B§Fi§x§B§1§0§0§9§Fn§x§B§F§0§0§8§0e§x§C§C§0§0§6§0 §x§D§9§0§0§4§0O§x§E§6§0§0§2§0n§x§F§3§0§0§0§0i§x§E§6§0§0§2§0 §x§D§9§0§0§4§0P§x§C§C§0§0§6§0i§x§B§F§0§0§8§0c§x§B§1§0§0§9§Fk§x§A§4§0§0§B§Fa§x§9§7§0§0§D§Fx§x§8§A§0§0§F§Fe from buy
[18:37:08] > giyahnpogi added x2 §x§3§4§9§8§D§Bᴡɪᴛᴄʜ ꜱᴘᴀᴡɴᴇʀ in auction for 18000000.
[18:39:04] > ELITEAtlas added x1 §x§3§4§9§8§D§Bᴡɪᴛᴄʜ ꜱᴘᴀᴡɴᴇʀ in auction for 5000000.
[18:39:11] > giyahnpogi buy x1 §x§3§4§9§8§D§Bᴡɪᴛᴄʜ ꜱᴘᴀᴡɴᴇʀ to ELITEAtlas for $5,000,000.
[18:39:23] > giyahnpogi remove x1 §x§3§4§9§8§D§Bᴡɪᴛᴄʜ ꜱᴘᴀᴡɴᴇʀ from buy
[18:39:48] > cart224 buy x2 §x§3§4§9§8§D§Bᴡɪᴛᴄʜ ꜱᴘᴀᴡɴᴇʀ to giyahnpogi for $18,000,000.
[18:39:53] > cart224 remove x2 §x§3§4§9§8§D§Bᴡɪᴛᴄʜ ꜱᴘᴀᴡɴᴇʀ from buy
[18:40:24] > giyahnpogi added x1 §x§3§4§9§8§D§Bᴡɪᴛᴄʜ ꜱᴘᴀᴡɴᴇʀ in auction for 8000000.
[18:41:20] > kiyomiuu1 buy x1 §fArmadillo Plushie §6(#2/101) to Wemmbuo for $70,000.
[18:41:32] > Mugiwara22 added x1 §x§F§F§3§E§0§0§lSellwand Voucher in auction for 1500000.
[18:41:33] > kiyomiuu1 buy x1 §x§5§F§E§2§C§5Forest Fishing rod to Icon_Skully for $75,000.
[18:41:51] > Mugiwara22 added x1 §x§F§F§3§E§0§0§lSellwand Voucher in auction for 1500000.
[18:41:52] > kiyomiuu1 buy x1 §fPiglin Plushie §6(#64/101) to Wemmbuo for $60,000.
[18:41:59] > kiyomiuu1 buy x1 §fChicken Plushie §6(#25/101) to Wemmbuo for $45,000.
[18:42:26] > kiyomiuu1 buy x1 §x§F§F§7§C§0§0§lSteamsparks Boots to .AppriXD for $40,000.
[18:42:32] > kiyomiuu1 buy x1 §x§F§F§7§C§0§0§lSteamsparks Leggings to EXEZUNO for $50,000.
[18:42:49] > kiyomiuu1 remove x1 §fArmadillo Plushie §6(#2/101) from buy
[18:42:50] > c_snrin added x5 §x§F§C§9§0§5§C§lE§x§E§6§9§C§6§B§lp§x§C§F§A§7§7§A§li§x§B§9§B§3§8§9§lc §x§8§C§C§B§A§7§lC§x§7§5§D§6§B§6§lr§x§5§F§E§2§C§5§la§x§7§9§D§4§B§4§lt§x§9§3§C§7§A§2§le §x§C§8§A§B§7§F§lK§x§E§2§9§E§6§E§le§x§F§C§9§0§5§C§ly in auction for 250000.
[18:42:50] > kiyomiuu1 remove x1 §fPiglin Plushie §6(#64/101) from buy
[18:42:50] > kiyomiuu1 remove x1 §x§5§F§E§2§C§5Forest Fishing rod from buy
[18:42:51] > kiyomiuu1 remove x1 §x§F§F§7§C§0§0§lSteamsparks Boots from buy
[18:42:52] > kiyomiuu1 remove x1 §fChicken Plushie §6(#25/101) from buy
[18:42:53] > kiyomiuu1 remove x1 §x§F§F§7§C§0§0§lSteamsparks Leggings from buy
[18:43:06] > Mugiwara22 added x1 §x§F§F§7§C§0§0§lSteamsparks Wings in auction for 2000000.
[18:44:09] > Mugiwara22 added x1 §f§l§8B§x§6§0§6§0§6§0a§x§6§C§6§C§6§Ch§x§7§7§7§7§7§7a§x§8§2§8§2§8§2m§x§8§E§8§E§8§Eu§x§9§9§9§9§9§9t§x§A§4§A§4§A§4 G§x§9§9§9§9§9§9a§x§8§E§8§E§8§Eu§x§8§2§8§2§8§2n§x§7§7§7§7§7§7t§x§6§C§6§C§6§Cl§x§6§0§6§0§6§0e§8t in auction for 500000.
[18:49:26] > Zypher_0w0 remove x64 Breeze rod from buy
[18:50:08] > Zypher_0w0 added x64 Breeze rod in auction for 64000.
[18:50:15] > qu4sar buy x64 Breeze rod to Zypher_0w0 for $64,000.
[18:56:13] > Edabis remove x1 §x§F§F§7§C§0§0§lSteamsparks Wings from storage
[18:56:20] > x2 Resin clump, item of sean_kirby, has just expired, the item is definitively deleted.
[18:56:20] > x8 Gilded blackstone, item of sigman, has just expired, the item is definitively deleted.
[18:56:20] > x1 Oak sign, item of Zee_, has just expired, the item is definitively deleted.
[18:56:20] > x1 §x§F§F§3§E§0§0§lSellwand Voucher, item of JinSoul15, has just expired, the item is definitively deleted.
[18:56:20] > x1 Music disc cat, item of JinSoul15, has just expired, the item is definitively deleted.
[18:56:20] > x64 Netherrack, item of .SnubHarbor16079, has just expired, the item is definitively deleted.
[18:56:20] > x64 Netherrack, item of .SnubHarbor16079, has just expired, the item is definitively deleted.
[18:56:20] > x1 §fGarden Hat, item of Kodakoda, has just expired, the item is definitively deleted.
[18:56:20] > x15 Netherrack, item of .SnubHarbor16079, has just expired, the item is definitively deleted.
[18:56:21] > Edabis remove x1 §x§F§F§7§C§0§0§lSteamsparks Wings from expire
[18:56:30] > Edabis added x1 §x§F§F§7§C§0§0§lSteamsparks Wings in auction for 1500000.
[18:59:14] > Ryzxc added x5 §x§F§C§D§0§5§C§lB§x§E§6§D§3§6§B§la§x§C§F§D§5§7§A§ls§x§B§9§D§8§8§9§li§x§A§2§D§A§9§8§lc §x§7§5§D§F§B§6§lC§x§5§F§E§2§C§5§lr§x§7§5§D§F§B§6§la§x§8§C§D§D§A§7§lt§x§A§2§D§A§9§8§le §x§C§F§D§5§7§A§lK§x§E§6§D§3§6§B§le§x§F§C§D§0§5§C§ly in auction for 50000.
[18:59:45] > ELITEAtlas remove x2 §c§lPlatinum Lure from buy
[19:00:47] > Ryzxc added x2 §b§lCrab Lure in auction for 100000.
[19:02:15] > Wemmbuo added x1 Netherite ingot in auction for 90000.
[19:02:29] > Wemmbuo added x1 Netherite ingot in auction for 90000.
[19:02:55] > Wemmbuo added x1 Netherite ingot in auction for 90000.
[19:03:13] > Wemmbuo added x1 Netherite ingot in auction for 90000.
[19:03:25] > Wemmbuo added x1 Netherite ingot in auction for 90000.
[19:03:41] > Wemmbuo remove x64 Dark oak log from storage
[19:03:46] > Wemmbuo added x1 Netherite ingot in auction for 90000.
[19:07:04] > x1 §f§l§8B§x§6§3§6§3§6§3a§x§7§1§7§1§7§1h§x§8§0§8§0§8§0a§x§8§E§8§E§8§Em§x§9§C§9§C§9§Cu§7t§x§9§C§9§C§9§C §x§8§E§8§E§8§ES§x§8§0§8§0§8§0t§x§7§1§7§1§7§1a§x§6§3§6§3§6§3f§8f, item of scarlettti, has just expired, the item is definitively deleted.
[19:08:14] > x1 Sniffer egg on sale by BlueTea_Official has just expired, it goes in the inventory of expired items.
[19:08:19] > nebula12321 buy x1 Diamond pickaxe to YooRushy for $150,000.
[19:08:25] > nebula12321 remove x1 Diamond pickaxe from buy
[19:20:58] > Zypher_0w0 added x1 Enchanted book in auction for 1000.
[19:21:09] > Wemmbuo buy x1 Enchanted book to Zypher_0w0 for $1,000.
[19:23:58] > Zypher_0w0 added x2 Diamond in auction for 200.
[19:24:03] > Wemmbuo buy x2 Diamond to Zypher_0w0 for $200.
[19:24:29] > Wemmbuo remove x2 Diamond from buy
[19:26:08] > Icon_Skully added x1 §x§6§0§0§0§F§F§lɢᴏᴅʟʏ ɪᴛᴇᴍ in auction for 3000000.
[19:44:56] > x1 §f§l§x§8§A§0§0§F§FS§x§9§C§0§0§D§5h§x§A§D§0§0§A§Ai§x§B§F§0§0§8§0n§x§D§0§0§0§5§5e§x§E§2§0§0§2§B §x§F§3§0§0§0§0O§x§E§2§0§0§2§An§x§D§0§0§0§5§5i§x§B§F§0§0§8§0 §x§A§D§0§0§A§AH§x§9§C§0§0§D§5o§x§8§A§0§0§F§Fe on sale by Renzy01 has just expired, it goes in the inventory of expired items.
[19:45:24] > Fogstrap added x64 Iron block in auction for 70000.
[19:45:31] > ELITEAtlas buy x64 Iron block to Fogstrap for $70,000.
[19:45:48] > Fogstrap added x64 Iron block in auction for 80000.
[19:46:00] > Fogstrap added x64 Iron block in auction for 80000.
[19:46:29] > ELITEAtlas buy x64 Iron block to Fogstrap for $80,000.
[19:46:32] > ELITEAtlas buy x64 Iron block to Fogstrap for $80,000.
[19:46:44] > ELITEAtlas remove x16 Iron block from buy
[19:46:45] > ELITEAtlas remove x16 Iron block from buy
[19:46:45] > ELITEAtlas remove x16 Iron block from buy
[19:46:50] > Fogstrap added x64 Iron block in auction for 80000.
[19:46:52] > 3xdmge buy x1 Netherite ingot to Wemmbuo for $90,000.
[19:46:54] > 3xdmge buy x1 Netherite ingot to Wemmbuo for $90,000.
[19:46:56] > 3xdmge buy x1 Netherite ingot to Wemmbuo for $90,000.
[19:46:56] > ELITEAtlas buy x64 Iron block to Fogstrap for $80,000.
[19:46:58] > 3xdmge buy x1 Netherite ingot to Wemmbuo for $90,000.
[19:46:59] > 3xdmge buy x1 Netherite ingot to Wemmbuo for $90,000.
[19:47:02] > ELITEAtlas remove x16 Iron block from buy
[19:47:03] > 3xdmge remove x1 Netherite ingot from buy
[19:47:04] > 3xdmge remove x1 Netherite ingot from buy
[19:47:05] > 3xdmge remove x1 Netherite ingot from buy
[19:47:05] > 3xdmge remove x1 Netherite ingot from buy
[19:47:05] > 3xdmge remove x1 Netherite ingot from buy
[19:47:13] > Fogstrap added x64 Iron block in auction for 80000.
[19:47:27] > Fogstrap added x64 Iron block in auction for 80000.
[19:48:03] > Fogstrap added x64 Iron block in auction for 80000.
[19:48:12] > ELITEAtlas buy x64 Iron block to Fogstrap for $80,000.
[19:48:14] > ELITEAtlas buy x64 Iron block to Fogstrap for $80,000.
[19:48:15] > ELITEAtlas buy x64 Iron block to Fogstrap for $80,000.
[19:48:20] > x5 §x§F§C§9§0§5§C§lE§x§E§6§9§C§6§B§lp§x§C§F§A§7§7§A§li§x§B§9§B§3§8§9§lc §x§8§C§C§B§A§7§lC§x§7§5§D§6§B§6§lr§x§5§F§E§2§C§5§la§x§7§9§D§4§B§4§lt§x§9§3§C§7§A§2§le §x§C§8§A§B§7§F§lK§x§E§2§9§E§6§E§le§x§F§C§9§0§5§C§ly, bought by namerikangel, has just expired, the item is definitively deleted.
[19:48:22] > ELITEAtlas remove x34 Iron block from buy
[19:48:22] > ELITEAtlas remove x50 Iron block from buy
[19:48:23] > ELITEAtlas remove x50 Iron block from buy
[19:49:10] > Fogstrap added x64 Iron block in auction for 80000.
[19:49:22] > Fogstrap added x64 Iron block in auction for 80000.
[19:53:10] > Blinkrzz remove x1 Netherite sword from storage
[19:54:04] > Blinkrzz added x1 Netherite sword in auction for 1111111.
[19:57:30] > Fogstrap added x20 Iron block in auction for 20000.
[19:57:38] > Biloo buy x20 Iron block to Fogstrap for $20,000.
[19:57:49] > x1 Totem of undying, bought by .AyakoKoru, has just expired, the item is definitively deleted.
[19:57:51] > Biloo remove x20 Iron block from buy
[20:01:38] > Wemmbuo added x1 Netherite ingot in auction for 90000.
[20:05:10] > ELITEAtlas buy x64 Iron block to Fogstrap for $80,000.
[20:05:12] > ELITEAtlas buy x64 Iron block to Fogstrap for $80,000.
[20:05:15] > x1 §x§E§5§1§B§1§B§lDracula Helmet, bought by Callistrix, has just expired, the item is definitively deleted.
[20:05:15] > x1 Diamond leggings, bought by Nayshi, has just expired, the item is definitively deleted.
[20:05:16] > ELITEAtlas remove x64 Iron block from buy
[20:05:17] > ELITEAtlas remove x64 Iron block from buy
[20:06:41] > Blinkrzz added x64 Experience bottle in auction for 150000.
[20:06:51] > nebula12321 buy x64 Experience bottle to Blinkrzz for $150,000.
[20:09:13] > dejuugarr remove x1 §x§F§F§7§C§0§0§lSteamsparks Key form storage
[20:28:17] > nachfaust added x1 Enchanted book in auction for 25000.
[20:28:28] > nachfaust added x1 Enchanted book in auction for 25000.
[20:35:35] > yxsin112 buy x4 Netherite upgrade smithing template to Doomday152 for $400,000.
[20:35:36] > Zen0969 remove x64 Experience bottle from buy
[20:35:37] > Zen0969 remove x64 Experience bottle from buy
[20:36:57] > 3xdmge added x15 §x§F§C§9§0§5§C§lE§x§E§6§9§C§6§B§lp§x§C§F§A§7§7§A§li§x§B§9§B§3§8§9§lc §x§8§C§C§B§A§7§lC§x§7§5§D§6§B§6§lr§x§5§F§E§2§C§5§la§x§7§9§D§4§B§4§lt§x§9§3§C§7§A§2§le §x§C§8§A§B§7§F§lK§x§E§2§9§E§6§E§le§x§F§C§9§0§5§C§ly in auction for 300000.
[20:37:01] > x1 VISIT OUR TOWN /BonesValley, item of Palietass, has just expired, the item is definitively deleted.
[20:38:20] > .AppriXD added x1 §x§6§0§0§0§F§F§lɢᴏᴅʟʏ ɪᴛᴇᴍ in auction for 4000000.
[20:38:31] > Zen0969 buy x1 §x§6§0§0§0§F§F§lɢᴏᴅʟʏ ɪᴛᴇᴍ to .AppriXD for $4,000,000.
[20:42:05] > .AppriXD added x1 §x§F§F§3§E§0§0§lDemon Lord Wings in auction for 7000000.
[20:42:31] > .AppriXD added x1 §f§l§x§F§C§D§0§5§CW§x§F§A§A§A§4§Bu§x§F§9§8§4§3§Bk§x§F§7§5§F§2§Ao§x§F§5§3§9§1§9n§x§F§4§1§3§0§8g §x§F§5§3§9§1§9W§x§F§7§5§F§2§Ai§x§F§9§8§4§3§Bn§x§F§A§A§A§4§Bg§x§F§C§D§0§5§Cs in auction for 6000000.
[20:43:39] > Wemmbuo added x1 Netherite ingot in auction for 90000.
[20:43:48] > .AppriXD added x1 §c§lPower stick v2 in auction for 69696969696969.
[20:44:08] > giyahnpogi added x1 §x§E§4§3§A§9§6§lW§x§E§7§5§3§A§3§lI§x§E§B§6§B§B§0§lN§x§E§E§8§4§B§D§lG§x§F§2§9§D§C§B§lS §x§F§8§C§E§E§5§lO§x§F§C§E§6§F§2§lF §x§F§C§E§6§F§2§lE§x§F§8§C§E§E§5§lT§x§F§5§B§5§D§8§lE§x§F§2§9§D§C§B§lR§x§E§E§8§4§B§D§lN§x§E§B§6§B§B§0§lI§x§E§7§5§3§A§3§lT§x§E§4§3§A§9§6§lY in auction for 8000000.
[20:45:04] > giyahnpogi added x1 §f§l§8B§x§6§3§6§3§6§3a§x§7§1§7§1§7§1h§x§8§0§8§0§8§0a§x§8§E§8§E§8§Em§x§9§C§9§C§9§Cu§7t§x§9§C§9§C§9§C §x§8§E§8§E§8§EW§x§8§0§8§0§8§0i§x§7§1§7§1§7§1n§x§6§3§6§3§6§3g§8s in auction for 4000000.
[20:45:11] > .AppriXD remove x1 §x§F§F§3§E§0§0§lDemon Lord Wings form storage
[20:45:11] > .AppriXD remove x1 §c§lPower stick v2 form storage
[20:45:11] > .AppriXD remove x1 §f§l§x§F§C§D§0§5§CW§x§F§A§A§A§4§Bu§x§F§9§8§4§3§Bk§x§F§7§5§F§2§Ao§x§F§5§3§9§1§9n§x§F§4§1§3§0§8g §x§F§5§3§9§1§9W§x§F§7§5§F§2§Ai§x§F§9§8§4§3§Bn§x§F§A§A§A§4§Bg§x§F§C§D§0§5§Cs form storage
[20:48:53] > Wemmbuo added x1 Shulker box in auction for 300000.
[20:51:54] > x1 §x§E§5§1§B§1§B§lDracula Shovel on sale by ryise has just expired, it goes in the inventory of expired items.
[20:52:55] > qu4sar remove x64 Breeze rod from buy
[20:54:24] > x64 Deepslate diamond ore, item of KayCee22, has just expired, the item is definitively deleted.
[20:55:04] > Blinkrzz added x64 Experience bottle in auction for 200000.
[20:57:00] > dejuugarr added x1 §x§F§F§7§C§0§0§lSteamsparks Helmet in auction for 100000.
[20:58:20] > Blinkrzz remove x1 §x§5§9§A§1§D§9§lA§x§7§1§A§E§D§Er§x§8§8§B§C§E§4c§x§A§0§C§9§E§9h§x§B§8§D§7§E§Fa§x§D§0§E§4§F§4n§x§E§7§F§2§F§Ag§fe§x§E§7§F§2§F§Al §x§B§8§D§7§E§FB§x§A§0§C§9§E§9o§x§8§8§B§C§E§4o§x§7§1§A§E§D§Et§x§5§9§A§1§D§9s from storage
[20:58:21] > Blinkrzz remove x1 Netherite sword from storage
[20:58:23] > Blinkrzz remove x64 Experience bottle from storage
[20:59:02] > Blinkrzz added x1 §x§5§9§A§1§D§9§lA§x§7§1§A§E§D§Er§x§8§8§B§C§E§4c§x§A§0§C§9§E§9h§x§B§8§D§7§E§Fa§x§D§0§E§4§F§4n§x§E§7§F§2§F§Ag§fe§x§E§7§F§2§F§Al §x§B§8§D§7§E§FB§x§A§0§C§9§E§9o§x§8§8§B§C§E§4o§x§7§1§A§E§D§Et§x§5§9§A§1§D§9s in auction for 3676676.
[20:59:13] > Blinkrzz added x1 Netherite sword in auction for 1111111.
[20:59:32] > Blinkrzz added x64 Experience bottle in auction for 160000.
[21:08:11] > Renzy01 added x1 §f§l§8B§x§6§3§6§3§6§3a§x§7§1§7§1§7§1h§x§8§0§8§0§8§0a§x§8§E§8§E§8§Em§x§9§C§9§C§9§Cu§7t§x§9§C§9§C§9§C §x§8§E§8§E§8§ES§x§8§0§8§0§8§0t§x§7§1§7§1§7§1a§x§6§3§6§3§6§3f§8f in auction for 300000.
[21:08:15] > Renzy01 remove x1 §f§l§x§8§A§0§0§F§FS§x§9§C§0§0§D§5h§x§A§D§0§0§A§Ai§x§B§F§0§0§8§0n§x§D§0§0§0§5§5e§x§E§2§0§0§2§B §x§F§3§0§0§0§0O§x§E§2§0§0§2§An§x§D§0§0§0§5§5i§x§B§F§0§0§8§0 §x§A§D§0§0§A§AH§x§9§C§0§0§D§5o§x§8§A§0§0§F§Fe from expire
[21:08:15] > Renzy01 remove x1 §f§l§8B§x§6§6§6§6§6§6a§x§7§7§7§7§7§7h§x§8§8§8§8§8§8a§x§9§9§9§9§9§9m§7u§x§9§9§9§9§9§9t§x§8§8§8§8§8§8 §x§7§7§7§7§7§7H§x§6§6§6§6§6§6a§8t from expire
[21:08:26] > Renzy01 added x1 §f§l§8B§x§6§6§6§6§6§6a§x§7§7§7§7§7§7h§x§8§8§8§8§8§8a§x§9§9§9§9§9§9m§7u§x§9§9§9§9§9§9t§x§8§8§8§8§8§8 §x§7§7§7§7§7§7H§x§6§6§6§6§6§6a§8t in auction for 300000.
[21:08:38] > Renzy01 added x1 §f§l§x§8§A§0§0§F§FS§x§9§C§0§0§D§5h§x§A§D§0§0§A§Ai§x§B§F§0§0§8§0n§x§D§0§0§0§5§5e§x§E§2§0§0§2§B §x§F§3§0§0§0§0O§x§E§2§0§0§2§An§x§D§0§0§0§5§5i§x§B§F§0§0§8§0 §x§A§D§0§0§A§AH§x§9§C§0§0§D§5o§x§8§A§0§0§F§Fe in auction for 1000000.
[21:10:52] > TheCursedMoon buy x2 Flow armor trim smithing template to ravencabansay for $200,000.
[21:10:57] > TheCursedMoon remove x2 Flow armor trim smithing template from buy
[21:16:03] > Zee_ buy x1 Dune armor trim smithing template to .JakeTheMiner457 for $80,000.
[21:17:14] > Blinkrzz remove x1 Netherite sword from storage
[21:26:46] > Riftblade6222 buy x1 Enchanted book to nachfaust for $25,000.
[21:29:05] > 3xdmge buy x1 Enchanted book to Icon_Skully for $15,000.
[21:29:07] > 3xdmge buy x1 Enchanted book to Icon_Skully for $15,000.
[21:29:10] > 3xdmge buy x1 Enchanted book to Icon_Skully for $15,000.
[21:29:21] > 3xdmge remove x1 Enchanted book from buy
[21:29:21] > 3xdmge remove x1 Enchanted book from buy
[21:29:22] > 3xdmge remove x1 Enchanted book from buy
[21:43:49] > kysicx added x1 §x§F§F§7§C§0§0§lSteamsparks Halberd in auction for 150000.
[21:44:11] > younglion1224 buy x64 Experience bottle to Blinkrzz for $160,000.
[21:44:23] > younglion1224 remove x64 Experience bottle from buy
[21:48:46] > Julene remove x1 §f§l§x§F§C§D§0§5§CW§x§F§B§B§0§4§Eu§x§F§9§9§0§4§0k§x§F§8§7§0§3§2o§x§F§6§5§0§2§3n§x§F§5§3§0§1§5g§x§F§4§1§0§0§7 H§x§F§5§3§0§1§5a§x§F§6§5§0§2§3l§x§F§8§7§0§3§2b§x§F§9§9§0§4§0e§x§F§B§B§0§4§Er§x§F§C§D§0§5§Cd from storage
[21:48:58] > Julene added x1 §f§l§x§F§C§D§0§5§CW§x§F§B§B§0§4§Eu§x§F§9§9§0§4§0k§x§F§8§7§0§3§2o§x§F§6§5§0§2§3n§x§F§5§3§0§1§5g§x§F§4§1§0§0§7 H§x§F§5§3§0§1§5a§x§F§6§5§0§2§3l§x§F§8§7§0§3§2b§x§F§9§9§0§4§0e§x§F§B§B§0§4§Er§x§F§C§D§0§5§Cd in auction for 855099.
[21:49:28] > Julene buy x3 Trial key to .VisedSauce5790 for $100,000.
[21:49:44] > Julene remove x3 Trial key from buy
[21:50:55] > 3xdmge buy x1 Enchanted book to nachfaust for $25,000.
[21:50:59] > 3xdmge remove x1 Enchanted book from buy
[21:53:00] > kiyomiuu1 buy x5 §x§F§C§D§0§5§C§lB§x§E§6§D§3§6§B§la§x§C§F§D§5§7§A§ls§x§B§9§D§8§8§9§li§x§A§2§D§A§9§8§lc §x§7§5§D§F§B§6§lC§x§5§F§E§2§C§5§lr§x§7§5§D§F§B§6§la§x§8§C§D§D§A§7§lt§x§A§2§D§A§9§8§le §x§C§F§D§5§7§A§lK§x§E§6§D§3§6§B§le§x§F§C§D§0§5§C§ly to Ryzxc for $50,000.
[21:54:01] > kiyomiuu1 remove x5 §x§F§C§D§0§5§C§lB§x§E§6§D§3§6§B§la§x§C§F§D§5§7§A§ls§x§B§9§D§8§8§9§li§x§A§2§D§A§9§8§lc §x§7§5§D§F§B§6§lC§x§5§F§E§2§C§5§lr§x§7§5§D§F§B§6§la§x§8§C§D§D§A§7§lt§x§A§2§D§A§9§8§le §x§C§F§D§5§7§A§lK§x§E§6§D§3§6§B§le§x§F§C§D§0§5§C§ly from buy
[21:57:09] > kiyomiuu1 added x1 §x§F§0§7§A§5§4§lZombie Apocalyptic Key in auction for 1500000.
[22:02:04] > dejuugarr added x1 §x§F§F§3§E§0§0§lSellwand Voucher in auction for 1000000.
[22:02:15] > kysicx added x1 §x§5§C§C§F§F§C§lC§x§5§C§D§1§F§5§lo§x§5§D§D§4§E§E§ls§x§5§D§D§6§E§7§lm§x§5§E§D§9§E§1§le§x§5§E§D§B§D§A§lt§x§5§E§D§D§D§3§li§x§5§F§E§0§C§C§lc §x§5§F§E§0§C§C§lH§x§5§E§D§D§D§3§la§x§5§E§D§B§D§A§lt§x§5§E§D§9§E§1§ls §x§5§D§D§4§E§E§lK§x§5§C§D§1§F§5§le§x§5§C§C§F§F§C§ly in auction for 550000.
[22:02:23] > Trapers1 added x1 §x§F§F§5§5§0§0§lsᴇʟʟᴡᴀɴᴅ §6- 5.0x in auction for 380000.
[22:02:33] > Trapers1 added x1 §x§F§F§5§5§0§0§lsᴇʟʟᴡᴀɴᴅ §6- 5.0x in auction for 380000.
[22:02:43] > x1 Enchanted golden apple, item of .jamesMC4714, has just expired, the item is definitively deleted.
[22:02:43] > x5 Glass pane, item of Palietass, has just expired, the item is definitively deleted.
[22:02:44] > tic_sz buy x1 §x§F§F§5§5§0§0§lsᴇʟʟᴡᴀɴᴅ §6- 5.0x to Trapers1 for $380,000.
[22:02:47] > tic_sz buy x1 §x§F§F§5§5§0§0§lsᴇʟʟᴡᴀɴᴅ §6- 5.0x to Trapers1 for $380,000.
[22:02:53] > Mugiwara22 added x1 §x§F§F§3§E§0§0§lSellwand Voucher in auction for 1000000.
[22:02:54] > PlayTexts added x1 §x§F§F§5§5§0§0§lsᴇʟʟᴡᴀɴᴅ §6- 5.0x in auction for 350000.
[22:02:55] > tic_sz remove x1 §x§F§F§5§5§0§0§lsᴇʟʟᴡᴀɴᴅ §6- 5.0x from buy
[22:02:56] > tic_sz remove x1 §x§F§F§5§5§0§0§lsᴇʟʟᴡᴀɴᴅ §6- 5.0x from buy
[22:02:56] > .AppriXD remove x1 §x§E§5§1§B§1§B§lDracula Key from buy
[22:03:07] > PlayTexts added x1 §x§F§F§5§5§0§0§lsᴇʟʟᴡᴀɴᴅ §6- 5.0x in auction for 380000.
[22:03:35] > Julene added x1 Iron chestplate in auction for 5000.
[22:04:32] > .ShawnPlayz56 buy x1 §x§F§F§5§5§0§0§lsᴇʟʟᴡᴀɴᴅ §6- 5.0x to PlayTexts for $350,000.
[22:05:06] > Julene added x1 Trident in auction for 650000.
[22:05:17] > Julene added x1 Trident in auction for 650000.
[22:05:18] > spa6e added x1 §x§F§F§5§5§0§0§lsᴇʟʟᴡᴀɴᴅ §6- 10.0x in auction for 1500000.
[22:05:31] > Blinkrzz buy x1 Trident to Julene for $650,000.
[22:05:41] > Blinkrzz remove x1 Trident from buy
[22:05:50] > Julene added x1 Ominous bottle in auction for 35000.
[22:06:08] > spa6e added x1 §x§F§F§5§5§0§0§lsᴇʟʟᴡᴀɴᴅ §6- 5.0x in auction for 600000.
[22:06:09] > SEAN4528 buy x1 Netherite ingot to Wemmbuo for $90,000.
[22:06:11] > SEAN4528 buy x1 Netherite ingot to Wemmbuo for $90,000.
[22:06:38] > .ShawnPlayz56 remove x1 §x§F§F§5§5§0§0§lsᴇʟʟᴡᴀɴᴅ §6- 5.0x from buy
[22:14:36] > x1 Netherite upgrade smithing template, bought by .JakeTheMiner457, has just expired, the item is definitively deleted.
[22:18:57] > mumbowe777 remove x1 §x§E§5§1§B§1§B§lDracula Staff from storage
[22:19:03] > mumbowe777 remove x1 §x§E§5§1§B§1§B§lDracula Pickaxe from expire
[22:19:03] > mumbowe777 remove x1 §x§5§9§A§1§D§9§lA§x§7§5§B§1§D§Fr§x§9§0§C§0§E§6c§x§A§C§D§0§E§Ch§x§C§8§E§0§F§2a§x§E§3§E§F§F§9n§fg§x§E§3§E§F§F§9e§x§C§8§E§0§F§2l §x§9§0§C§0§E§6B§x§7§5§B§1§D§Fo§x§5§9§A§1§D§9w from expire
[22:19:04] > mumbowe777 remove x1 §x§F§F§7§C§0§0§lSteamsparks Bow from expire
[22:19:12] > mumbowe777 added x1 §x§5§9§A§1§D§9§lA§x§7§5§B§1§D§Fr§x§9§0§C§0§E§6c§x§A§C§D§0§E§Ch§x§C§8§E§0§F§2a§x§E§3§E§F§F§9n§fg§x§E§3§E§F§F§9e§x§C§8§E§0§F§2l §x§9§0§C§0§E§6B§x§7§5§B§1§D§Fo§x§5§9§A§1§D§9w in auction for 500000.
[22:19:25] > mumbowe777 added x1 §x§F§F§7§C§0§0§lSteamsparks Bow in auction for 300000.
[22:19:44] > mumbowe777 added x1 §x§E§5§1§B§1§B§lDracula Pickaxe in auction for 200000.
[22:19:55] > mumbowe777 added x1 §x§E§5§1§B§1§B§lDracula Staff in auction for 200000.
[22:20:54] > mumbowe777 buy x1 §x§F§F§5§5§0§0§lsᴇʟʟᴡᴀɴᴅ §6- 5.0x to PlayTexts for $380,000.
[22:27:25] > 3xdmge buy x1 Netherite ingot to Wemmbuo for $90,000.
[22:27:29] > 3xdmge remove x1 Netherite ingot from buy
[22:29:31] > SEAN4528 remove x1 Netherite ingot from buy
[22:29:32] > SEAN4528 remove x1 Netherite ingot from buy
[22:29:33] > SEAN4528 remove x1 Netherite ingot from buy
[22:29:34] > SEAN4528 remove x1 Netherite ingot from buy
[22:31:36] > x1 §x§F§F§7§C§0§0§lSteamsparks Sword on sale by ace has just expired, it goes in the inventory of expired items.
[22:31:36] > nnorv1 added x1 §x§E§4§3§A§3§A§lC§x§C§E§5§0§3§A§lh§x§B§9§6§6§3§9§lr§x§A§3§7§C§3§9§li§x§8§E§9§2§3§9§ls§x§7§8§A§8§3§9§lt§x§6§3§B§E§3§8§lm§x§4§D§D§4§3§8§la§x§6§3§B§E§3§8§ls §x§8§E§9§2§3§9§lG§x§A§3§7§C§3§9§ll§x§B§9§6§6§3§9§lo§x§C§E§5§0§3§A§lb§x§E§4§3§A§3§A§le in auction for 10000000.
[22:31:54] > nnorv1 remove x1 §x§E§4§3§A§3§A§lC§x§C§E§5§0§3§A§lh§x§B§9§6§6§3§9§lr§x§A§3§7§C§3§9§li§x§8§E§9§2§3§9§ls§x§7§8§A§8§3§9§lt§x§6§3§B§E§3§8§lm§x§4§D§D§4§3§8§la§x§6§3§B§E§3§8§ls §x§8§E§9§2§3§9§lG§x§A§3§7§C§3§9§ll§x§B§9§6§6§3§9§lo§x§C§E§5§0§3§A§lb§x§E§4§3§A§3§A§le from storage
[22:32:49] > .AppriXD added x1 §x§E§4§3§A§3§A§lC§x§C§E§5§0§3§A§lh§x§B§9§6§6§3§9§lr§x§A§3§7§C§3§9§li§x§8§E§9§2§3§9§ls§x§7§8§A§8§3§9§lt§x§6§3§B§E§3§8§lm§x§4§D§D§4§3§8§la§x§6§3§B§E§3§8§ls §x§8§E§9§2§3§9§lG§x§A§3§7§C§3§9§ll§x§B§9§6§6§3§9§lo§x§C§E§5§0§3§A§lb§x§E§4§3§A§3§A§le in auction for 10000000.
[22:33:24] > mumbowe777 added x1 §f§l§x§E§4§3§A§3§AM§x§D§6§4§9§3§Ae§x§C§7§5§7§3§Ar§x§B§9§6§6§3§9r§x§A§A§7§5§3§9y§x§9§C§8§3§3§9 §x§8§E§9§2§3§9C§x§7§F§A§1§3§9h§x§7§1§A§F§3§8r§x§6§3§B§E§3§8i§x§5§4§C§D§3§8st§x§6§3§B§E§3§8m§x§7§1§A§F§3§8a§x§7§F§A§1§3§9s§x§8§E§9§2§3§9 §x§9§C§8§3§3§9S§x§A§A§7§5§3§9h§x§B§9§6§6§3§9o§x§C§7§5§7§3§Av§x§D§6§4§9§3§Ae§x§E§4§3§A§3§Al in auction for 400000.
[22:33:28] > .AppriXD remove x1 §x§E§4§3§A§3§A§lC§x§C§E§5§0§3§A§lh§x§B§9§6§6§3§9§lr§x§A§3§7§C§3§9§li§x§8§E§9§2§3§9§ls§x§7§8§A§8§3§9§lt§x§6§3§B§E§3§8§lm§x§4§D§D§4§3§8§la§x§6§3§B§E§3§8§ls §x§8§E§9§2§3§9§lG§x§A§3§7§C§3§9§ll§x§B§9§6§6§3§9§lo§x§C§E§5§0§3§A§lb§x§E§4§3§A§3§A§le from storage
[22:33:36] > .AppriXD remove x1 §x§E§4§3§A§3§A§lC§x§C§E§5§0§3§A§lh§x§B§9§6§6§3§9§lr§x§A§3§7§C§3§9§li§x§8§E§9§2§3§9§ls§x§7§8§A§8§3§9§lt§x§6§3§B§E§3§8§lm§x§4§D§D§4§3§8§la§x§6§3§B§E§3§8§ls §x§8§E§9§2§3§9§lG§x§A§3§7§C§3§9§ll§x§B§9§6§6§3§9§lo§x§C§E§5§0§3§A§lb§x§E§4§3§A§3§A§le from expire
[22:34:53] > Antonie657 added x15 §x§F§C§9§0§5§C§lE§x§E§6§9§C§6§B§lp§x§C§F§A§7§7§A§li§x§B§9§B§3§8§9§lc §x§8§C§C§B§A§7§lC§x§7§5§D§6§B§6§lr§x§5§F§E§2§C§5§la§x§7§9§D§4§B§4§lt§x§9§3§C§7§A§2§le §x§C§8§A§B§7§F§lK§x§E§2§9§E§6§E§le§x§F§C§9§0§5§C§ly in auction for 20000.
[22:35:13] > aznaaa buy x15 §x§F§C§9§0§5§C§lE§x§E§6§9§C§6§B§lp§x§C§F§A§7§7§A§li§x§B§9§B§3§8§9§lc §x§8§C§C§B§A§7§lC§x§7§5§D§6§B§6§lr§x§5§F§E§2§C§5§la§x§7§9§D§4§B§4§lt§x§9§3§C§7§A§2§le §x§C§8§A§B§7§F§lK§x§E§2§9§E§6§E§le§x§F§C§9§0§5§C§ly to Antonie657 for $20,000.
[22:35:19] > aznaaa remove x15 §x§F§C§9§0§5§C§lE§x§E§6§9§C§6§B§lp§x§C§F§A§7§7§A§li§x§B§9§B§3§8§9§lc §x§8§C§C§B§A§7§lC§x§7§5§D§6§B§6§lr§x§5§F§E§2§C§5§la§x§7§9§D§4§B§4§lt§x§9§3§C§7§A§2§le §x§C§8§A§B§7§F§lK§x§E§2§9§E§6§E§le§x§F§C§9§0§5§C§ly from buy
[22:35:36] > aznaaa added x1 §x§F§F§7§C§0§0§lSteamsparks Key in auction for 100000.
[22:36:06] > nagiiish added x1 §f§l§x§E§4§3§A§3§AM§x§D§5§4§9§3§Ae§x§C§6§5§9§3§Ar§x§B§7§6§8§3§9r§x§A§8§7§8§3§9y§x§9§9§8§7§3§9 §x§8§9§9§6§3§9C§x§7§A§A§6§3§9h§x§6§B§B§5§3§8r§x§5§C§C§5§3§8i§x§4§D§D§4§3§8s§x§5§C§C§5§3§8t§x§6§B§B§5§3§8m§x§7§A§A§6§3§9a§x§8§9§9§6§3§9s§x§9§9§8§7§3§9 §x§A§8§7§8§3§9S§x§B§7§6§8§3§9w§x§C§6§5§9§3§Ao§x§D§5§4§9§3§Ar§x§E§4§3§A§3§Ad in auction for 2000000.
[22:36:15] > octopus_01 buy x1 §x§F§F§5§5§0§0§lsᴇʟʟᴡᴀɴᴅ §6- 10.0x to spa6e for $1,500,000.
[22:36:29] > octopus_01 buy x1 §x§F§F§3§E§0§0§lSellwand Voucher to Mugiwara22 for $1,000,000.
[22:36:31] > octopus_01 buy x1 §x§F§F§3§E§0§0§lSellwand Voucher to dejuugarr for $1,000,000.
[22:36:35] > octopus_01 remove x1 §x§F§F§3§E§0§0§lSellwand Voucher form buy
[22:36:35] > octopus_01 remove x1 §x§F§F§3§E§0§0§lSellwand Voucher form buy
[22:36:35] > octopus_01 remove x1 §x§F§F§5§5§0§0§lsᴇʟʟᴡᴀɴᴅ §6- 10.0x form buy
[22:36:49] > Cynishere buy x1 §f§l§x§E§4§3§A§3§AM§x§D§5§4§9§3§Ae§x§C§6§5§9§3§Ar§x§B§7§6§8§3§9r§x§A§8§7§8§3§9y§x§9§9§8§7§3§9 §x§8§9§9§6§3§9C§x§7§A§A§6§3§9h§x§6§B§B§5§3§8r§x§5§C§C§5§3§8i§x§4§D§D§4§3§8s§x§5§C§C§5§3§8t§x§6§B§B§5§3§8m§x§7§A§A§6§3§9a§x§8§9§9§6§3§9s§x§9§9§8§7§3§9 §x§A§8§7§8§3§9S§x§B§7§6§8§3§9w§x§C§6§5§9§3§Ao§x§D§5§4§9§3§Ar§x§E§4§3§A§3§Ad to nagiiish for $2,000,000.
[22:36:50] > Cynishere buy x1 §f§l§x§E§4§3§A§3§AM§x§D§6§4§9§3§Ae§x§C§7§5§7§3§Ar§x§B§9§6§6§3§9r§x§A§A§7§5§3§9y§x§9§C§8§3§3§9 §x§8§E§9§2§3§9C§x§7§F§A§1§3§9h§x§7§1§A§F§3§8r§x§6§3§B§E§3§8i§x§5§4§C§D§3§8st§x§6§3§B§E§3§8m§x§7§1§A§F§3§8a§x§7§F§A§1§3§9s§x§8§E§9§2§3§9 §x§9§C§8§3§3§9S§x§A§A§7§5§3§9h§x§B§9§6§6§3§9o§x§C§7§5§7§3§Av§x§D§6§4§9§3§Ae§x§E§4§3§A§3§Al to mumbowe777 for $400,000.
[22:36:59] > Cynishere remove x1 §f§l§x§E§4§3§A§3§AM§x§D§6§4§9§3§Ae§x§C§7§5§7§3§Ar§x§B§9§6§6§3§9r§x§A§A§7§5§3§9y§x§9§C§8§3§3§9 §x§8§E§9§2§3§9C§x§7§F§A§1§3§9h§x§7§1§A§F§3§8r§x§6§3§B§E§3§8i§x§5§4§C§D§3§8st§x§6§3§B§E§3§8m§x§7§1§A§F§3§8a§x§7§F§A§1§3§9s§x§8§E§9§2§3§9 §x§9§C§8§3§3§9S§x§A§A§7§5§3§9h§x§B§9§6§6§3§9o§x§C§7§5§7§3§Av§x§D§6§4§9§3§Ae§x§E§4§3§A§3§Al from buy
[22:36:59] > Cynishere remove x1 §f§l§x§E§4§3§A§3§AM§x§D§5§4§9§3§Ae§x§C§6§5§9§3§Ar§x§B§7§6§8§3§9r§x§A§8§7§8§3§9y§x§9§9§8§7§3§9 §x§8§9§9§6§3§9C§x§7§A§A§6§3§9h§x§6§B§B§5§3§8r§x§5§C§C§5§3§8i§x§4§D§D§4§3§8s§x§5§C§C§5§3§8t§x§6§B§B§5§3§8m§x§7§A§A§6§3§9a§x§8§9§9§6§3§9s§x§9§9§8§7§3§9 §x§A§8§7§8§3§9S§x§B§7§6§8§3§9w§x§C§6§5§9§3§Ao§x§D§5§4§9§3§Ar§x§E§4§3§A§3§Ad from buy
[22:37:21] > Antonie657 added x1 §x§5§9§A§1§D§9§lA§x§6§E§A§D§D§Er§x§8§3§B§9§E§3c§x§9§7§C§4§E§7h§x§A§C§D§0§E§Ca§x§C§1§D§C§F§1n§x§D§6§E§8§F§6g§x§E§A§F§3§F§Ae§fl §x§D§0§E§4§F§4H§x§B§8§D§7§E§Fa§x§A§0§C§9§E§9m§x§8§8§B§C§E§4m§x§7§1§A§E§D§Ee§x§5§9§A§1§D§9r in auction for 2000000.
[22:37:28] > Antonie657 remove x1 §x§5§9§A§1§D§9§lA§x§6§E§A§D§D§Er§x§8§3§B§9§E§3c§x§9§7§C§4§E§7h§x§A§C§D§0§E§Ca§x§C§1§D§C§F§1n§x§D§6§E§8§F§6g§x§E§A§F§3§F§Ae§fl §x§D§0§E§4§F§4H§x§B§8§D§7§E§Fa§x§A§0§C§9§E§9m§x§8§8§B§C§E§4m§x§7§1§A§E§D§Ee§x§5§9§A§1§D§9r from storage
[22:37:37] > Antonie657 remove x1 §x§5§9§A§1§D§9§lA§x§6§E§A§D§D§Er§x§8§3§B§9§E§3c§x§9§7§C§4§E§7h§x§A§C§D§0§E§Ca§x§C§1§D§C§F§1n§x§D§6§E§8§F§6g§x§E§A§F§3§F§Ae§fl §x§D§0§E§4§F§4H§x§B§8§D§7§E§Fa§x§A§0§C§9§E§9m§x§8§8§B§C§E§4m§x§7§1§A§E§D§Ee§x§5§9§A§1§D§9r from expire
[22:37:47] > Antonie657 added x1 §x§5§9§A§1§D§9§lA§x§6§E§A§D§D§Er§x§8§3§B§9§E§3c§x§9§7§C§4§E§7h§x§A§C§D§0§E§Ca§x§C§1§D§C§F§1n§x§D§6§E§8§F§6g§x§E§A§F§3§F§Ae§fl §x§D§0§E§4§F§4H§x§B§8§D§7§E§Fa§x§A§0§C§9§E§9m§x§8§8§B§C§E§4m§x§7§1§A§E§D§Ee§x§5§9§A§1§D§9r in auction for 3500000.
[22:38:02] > Antonie657 added x1 §f§l§x§E§4§3§A§3§AM§x§D§7§4§7§3§Ae§x§C§A§5§5§3§Ar§x§B§D§6§2§3§9r§x§A§F§7§0§3§9y§x§A§2§7§D§3§9 §x§9§5§8§A§3§9C§x§8§8§9§8§3§9h§x§7§B§A§5§3§9r§x§6§E§B§3§3§8i§x§6§1§C§0§3§8s§x§5§4§C§D§3§8tm§x§6§1§C§0§3§8a§x§6§E§B§3§3§8s§x§7§B§A§5§3§9 §x§8§8§9§8§3§9L§x§9§5§8§A§3§9e§x§A§2§7§D§3§9g§x§A§F§7§0§3§9g§x§B§D§6§2§3§9i§x§C§A§5§5§3§An§x§D§7§4§7§3§Ag§x§E§4§3§A§3§As in auction for 2000000.
[22:39:11] > Antonie657 remove x1 §f§l§x§E§4§3§A§3§AM§x§D§7§4§7§3§Ae§x§C§A§5§5§3§Ar§x§B§D§6§2§3§9r§x§A§F§7§0§3§9y§x§A§2§7§D§3§9 §x§9§5§8§A§3§9C§x§8§8§9§8§3§9h§x§7§B§A§5§3§9r§x§6§E§B§3§3§8i§x§6§1§C§0§3§8s§x§5§4§C§D§3§8tm§x§6§1§C§0§3§8a§x§6§E§B§3§3§8s§x§7§B§A§5§3§9 §x§8§8§9§8§3§9L§x§9§5§8§A§3§9e§x§A§2§7§D§3§9g§x§A§F§7§0§3§9g§x§B§D§6§2§3§9i§x§C§A§5§5§3§An§x§D§7§4§7§3§Ag§x§E§4§3§A§3§As from storage
[22:39:17] > Antonie657 remove x1 §f§l§x§E§4§3§A§3§AM§x§D§7§4§7§3§Ae§x§C§A§5§5§3§Ar§x§B§D§6§2§3§9r§x§A§F§7§0§3§9y§x§A§2§7§D§3§9 §x§9§5§8§A§3§9C§x§8§8§9§8§3§9h§x§7§B§A§5§3§9r§x§6§E§B§3§3§8i§x§6§1§C§0§3§8s§x§5§4§C§D§3§8tm§x§6§1§C§0§3§8a§x§6§E§B§3§3§8s§x§7§B§A§5§3§9 §x§8§8§9§8§3§9L§x§9§5§8§A§3§9e§x§A§2§7§D§3§9g§x§A§F§7§0§3§9g§x§B§D§6§2§3§9i§x§C§A§5§5§3§An§x§D§7§4§7§3§Ag§x§E§4§3§A§3§As from expire
[22:39:29] > Antonie657 added x1 §f§l§x§E§4§3§A§3§AM§x§D§7§4§7§3§Ae§x§C§A§5§5§3§Ar§x§B§D§6§2§3§9r§x§A§F§7§0§3§9y§x§A§2§7§D§3§9 §x§9§5§8§A§3§9C§x§8§8§9§8§3§9h§x§7§B§A§5§3§9r§x§6§E§B§3§3§8i§x§6§1§C§0§3§8s§x§5§4§C§D§3§8tm§x§6§1§C§0§3§8a§x§6§E§B§3§3§8s§x§7§B§A§5§3§9 §x§8§8§9§8§3§9L§x§9§5§8§A§3§9e§x§A§2§7§D§3§9g§x§A§F§7§0§3§9g§x§B§D§6§2§3§9i§x§C§A§5§5§3§An§x§D§7§4§7§3§Ag§x§E§4§3§A§3§As in auction for 1500000.
[22:39:34] > .AppriXD buy x1 §f§l§x§E§4§3§A§3§AM§x§D§7§4§7§3§Ae§x§C§A§5§5§3§Ar§x§B§D§6§2§3§9r§x§A§F§7§0§3§9y§x§A§2§7§D§3§9 §x§9§5§8§A§3§9C§x§8§8§9§8§3§9h§x§7§B§A§5§3§9r§x§6§E§B§3§3§8i§x§6§1§C§0§3§8s§x§5§4§C§D§3§8tm§x§6§1§C§0§3§8a§x§6§E§B§3§3§8s§x§7§B§A§5§3§9 §x§8§8§9§8§3§9L§x§9§5§8§A§3§9e§x§A§2§7§D§3§9g§x§A§F§7§0§3§9g§x§B§D§6§2§3§9i§x§C§A§5§5§3§An§x§D§7§4§7§3§Ag§x§E§4§3§A§3§As to Antonie657 for $1,500,000.
[22:40:02] > .AppriXD remove x1 §f§l§x§E§4§3§A§3§AM§x§D§7§4§7§3§Ae§x§C§A§5§5§3§Ar§x§B§D§6§2§3§9r§x§A§F§7§0§3§9y§x§A§2§7§D§3§9 §x§9§5§8§A§3§9C§x§8§8§9§8§3§9h§x§7§B§A§5§3§9r§x§6§E§B§3§3§8i§x§6§1§C§0§3§8s§x§5§4§C§D§3§8tm§x§6§1§C§0§3§8a§x§6§E§B§3§3§8s§x§7§B§A§5§3§9 §x§8§8§9§8§3§9L§x§9§5§8§A§3§9e§x§A§2§7§D§3§9g§x§A§F§7§0§3§9g§x§B§D§6§2§3§9i§x§C§A§5§5§3§An§x§D§7§4§7§3§Ag§x§E§4§3§A§3§As from buy
[22:40:59] > Trapers1 added x1 §f§l§x§E§4§3§A§3§AM§x§D§8§4§6§3§Ae§x§C§D§5§2§3§Ar§x§C§1§5§E§3§Ar§x§B§6§6§9§3§9y§x§A§A§7§5§3§9 §x§9§E§8§1§3§9C§x§9§3§8§D§3§9h§x§8§7§9§9§3§9r§x§7§B§A§5§3§9i§x§7§0§B§0§3§8s§x§6§4§B§C§3§8t§x§5§9§C§8§3§8m§x§4§D§D§4§3§8a§x§5§9§C§8§3§8s§x§6§4§B§C§3§8 §x§7§0§B§0§3§8F§x§7§B§A§5§3§9i§x§8§7§9§9§3§9s§x§9§3§8§D§3§9h§x§9§E§8§1§3§9i§x§A§A§7§5§3§9n§x§B§6§6§9§3§9g§x§C§1§5§E§3§A §x§C§D§5§2§3§Ar§x§D§8§4§6§3§Ao§x§E§4§3§A§3§Ad in auction for 1500000.
[22:41:23] > Trapers1 remove x1 §f§l§x§E§4§3§A§3§AM§x§D§8§4§6§3§Ae§x§C§D§5§2§3§Ar§x§C§1§5§E§3§Ar§x§B§6§6§9§3§9y§x§A§A§7§5§3§9 §x§9§E§8§1§3§9C§x§9§3§8§D§3§9h§x§8§7§9§9§3§9r§x§7§B§A§5§3§9i§x§7§0§B§0§3§8s§x§6§4§B§C§3§8t§x§5§9§C§8§3§8m§x§4§D§D§4§3§8a§x§5§9§C§8§3§8s§x§6§4§B§C§3§8 §x§7§0§B§0§3§8F§x§7§B§A§5§3§9i§x§8§7§9§9§3§9s§x§9§3§8§D§3§9h§x§9§E§8§1§3§9i§x§A§A§7§5§3§9n§x§B§6§6§9§3§9g§x§C§1§5§E§3§A §x§C§D§5§2§3§Ar§x§D§8§4§6§3§Ao§x§E§4§3§A§3§Ad form storage
[22:49:46] > Zypher_0w0 remove x1 /msg Mooshroom Enchant Services from expire
[22:50:10] > Zypher_0w0 added x1 /msg Mooshroom Enchant Services 10k per tool/armor in auction for 1000000000000000.
[22:51:10] > Wemmbuo added x1 §f§l§x§E§4§3§A§3§AM§x§D§6§4§8§3§Ae§x§C§9§5§6§3§Ar§x§B§B§6§4§3§9r§x§A§D§7§2§3§9y§x§9§F§8§0§3§9 §x§9§2§8§E§3§9C§x§8§4§9§C§3§9h§x§7§6§A§A§3§9r§x§6§8§B§8§3§8i§x§5§B§C§6§3§8s§x§4§D§D§4§3§8t§x§5§B§C§6§3§8m§x§6§8§B§8§3§8a§x§7§6§A§A§3§9s§x§8§4§9§C§3§9 §x§9§2§8§E§3§9T§x§9§F§8§0§3§9r§x§A§D§7§2§3§9i§x§B§B§6§4§3§9d§x§C§9§5§6§3§Ae§x§D§6§4§8§3§An§x§E§4§3§A§3§At in auction for 3000000.
[23:06:22] > .AppriXD added x1 §f§l§8B§x§6§6§6§6§6§6a§x§7§7§7§7§7§7h§x§8§8§8§8§8§8a§x§9§9§9§9§9§9m§7u§x§9§9§9§9§9§9t§x§8§8§8§8§8§8 §x§7§7§7§7§7§7K§x§6§6§6§6§6§6e§8y in auction for 4000000.
[23:06:30] > .AppriXD remove x1 §f§l§8B§x§6§6§6§6§6§6a§x§7§7§7§7§7§7h§x§8§8§8§8§8§8a§x§9§9§9§9§9§9m§7u§x§9§9§9§9§9§9t§x§8§8§8§8§8§8 §x§7§7§7§7§7§7K§x§6§6§6§6§6§6e§8y from storage
[23:06:37] > .AppriXD added x1 §f§l§x§8§A§0§0§F§FS§x§9§C§0§0§D§5h§x§A§D§0§0§A§Ai§x§B§F§0§0§8§0n§x§D§0§0§0§5§5e§x§E§2§0§0§2§B §x§F§3§0§0§0§0O§x§E§2§0§0§2§An§x§D§0§0§0§5§5i§x§B§F§0§0§8§0 §x§A§D§0§0§A§AK§x§9§C§0§0§D§5e§x§8§A§0§0§F§Fy in auction for 4000000.
[23:06:45] > grit_zy added x1 §f§l§x§8§A§0§0§F§FS§x§9§C§0§0§D§5h§x§A§D§0§0§A§Ai§x§B§F§0§0§8§0n§x§D§0§0§0§5§5e§x§E§2§0§0§2§B §x§F§3§0§0§0§0O§x§E§2§0§0§2§An§x§D§0§0§0§5§5i§x§B§F§0§0§8§0 §x§A§D§0§0§A§AK§x§9§C§0§0§D§5e§x§8§A§0§0§F§Fy in auction for 3000000.
[23:06:58] > grit_zy added x1 §f§l§8B§x§6§6§6§6§6§6a§x§7§7§7§7§7§7h§x§8§8§8§8§8§8a§x§9§9§9§9§9§9m§7u§x§9§9§9§9§9§9t§x§8§8§8§8§8§8 §x§7§7§7§7§7§7K§x§6§6§6§6§6§6e§8y in auction for 1000000.
[23:07:02] > .AppriXD remove x1 §f§l§8B§x§6§6§6§6§6§6a§x§7§7§7§7§7§7h§x§8§8§8§8§8§8a§x§9§9§9§9§9§9m§7u§x§9§9§9§9§9§9t§x§8§8§8§8§8§8 §x§7§7§7§7§7§7K§x§6§6§6§6§6§6e§8y from expire
[23:07:15] > grit_zy remove x1 §f§l§8B§x§6§6§6§6§6§6a§x§7§7§7§7§7§7h§x§8§8§8§8§8§8a§x§9§9§9§9§9§9m§7u§x§9§9§9§9§9§9t§x§8§8§8§8§8§8 §x§7§7§7§7§7§7K§x§6§6§6§6§6§6e§8y from storage
[23:07:16] > grit_zy remove x1 §f§l§x§8§A§0§0§F§FS§x§9§C§0§0§D§5h§x§A§D§0§0§A§Ai§x§B§F§0§0§8§0n§x§D§0§0§0§5§5e§x§E§2§0§0§2§B §x§F§3§0§0§0§0O§x§E§2§0§0§2§An§x§D§0§0§0§5§5i§x§B§F§0§0§8§0 §x§A§D§0§0§A§AK§x§9§C§0§0§D§5e§x§8§A§0§0§F§Fy from storage
[23:07:20] > .AppriXD remove x1 §f§l§x§8§A§0§0§F§FS§x§9§C§0§0§D§5h§x§A§D§0§0§A§Ai§x§B§F§0§0§8§0n§x§D§0§0§0§5§5e§x§E§2§0§0§2§B §x§F§3§0§0§0§0O§x§E§2§0§0§2§An§x§D§0§0§0§5§5i§x§B§F§0§0§8§0 §x§A§D§0§0§A§AK§x§9§C§0§0§D§5e§x§8§A§0§0§F§Fy form storage
[23:07:20] > grit_zy remove x1 §f§l§8B§x§6§6§6§6§6§6a§x§7§7§7§7§7§7h§x§8§8§8§8§8§8a§x§9§9§9§9§9§9m§7u§x§9§9§9§9§9§9t§x§8§8§8§8§8§8 §x§7§7§7§7§7§7K§x§6§6§6§6§6§6e§8y from expire
[23:07:21] > grit_zy remove x1 §f§l§x§8§A§0§0§F§FS§x§9§C§0§0§D§5h§x§A§D§0§0§A§Ai§x§B§F§0§0§8§0n§x§D§0§0§0§5§5e§x§E§2§0§0§2§B §x§F§3§0§0§0§0O§x§E§2§0§0§2§An§x§D§0§0§0§5§5i§x§B§F§0§0§8§0 §x§A§D§0§0§A§AK§x§9§C§0§0§D§5e§x§8§A§0§0§F§Fy from expire
[23:07:30] > grit_zy added x1 §f§l§x§8§A§0§0§F§FS§x§9§C§0§0§D§5h§x§A§D§0§0§A§Ai§x§B§F§0§0§8§0n§x§D§0§0§0§5§5e§x§E§2§0§0§2§B §x§F§3§0§0§0§0O§x§E§2§0§0§2§An§x§D§0§0§0§5§5i§x§B§F§0§0§8§0 §x§A§D§0§0§A§AK§x§9§C§0§0§D§5e§x§8§A§0§0§F§Fy in auction for 10.
[23:07:34] > HPMR_GaMerz buy x1 §f§l§x§8§A§0§0§F§FS§x§9§C§0§0§D§5h§x§A§D§0§0§A§Ai§x§B§F§0§0§8§0n§x§D§0§0§0§5§5e§x§E§2§0§0§2§B §x§F§3§0§0§0§0O§x§E§2§0§0§2§An§x§D§0§0§0§5§5i§x§B§F§0§0§8§0 §x§A§D§0§0§A§AK§x§9§C§0§0§D§5e§x§8§A§0§0§F§Fy to grit_zy for $10.
[23:07:41] > grit_zy added x1 §f§l§8B§x§6§6§6§6§6§6a§x§7§7§7§7§7§7h§x§8§8§8§8§8§8a§x§9§9§9§9§9§9m§7u§x§9§9§9§9§9§9t§x§8§8§8§8§8§8 §x§7§7§7§7§7§7K§x§6§6§6§6§6§6e§8y in auction for 10.
[23:07:43] > Edabis buy x1 §f§l§8B§x§6§6§6§6§6§6a§x§7§7§7§7§7§7h§x§8§8§8§8§8§8a§x§9§9§9§9§9§9m§7u§x§9§9§9§9§9§9t§x§8§8§8§8§8§8 §x§7§7§7§7§7§7K§x§6§6§6§6§6§6e§8y to grit_zy for $10.
[23:08:36] > MasterElrel buy x1 §x§F§F§7§C§0§0§lSteamsparks Key to aznaaa for $100,000.
[23:08:38] > Kodakoda added x1 §f§l§8B§x§6§6§6§6§6§6a§x§7§7§7§7§7§7h§x§8§8§8§8§8§8a§x§9§9§9§9§9§9m§7u§x§9§9§9§9§9§9t§x§8§8§8§8§8§8 §x§7§7§7§7§7§7A§x§6§6§6§6§6§6x§8e in auction for 500000.
[23:08:39] > Fogstrap added x1 §f§l§8B§x§6§6§6§6§6§6a§x§7§7§7§7§7§7h§x§8§8§8§8§8§8a§x§9§9§9§9§9§9m§7u§x§9§9§9§9§9§9t§x§8§8§8§8§8§8 §x§7§7§7§7§7§7K§x§6§6§6§6§6§6e§8y in auction for 1000000000000000.
[23:08:43] > Trapers1 added x1 §f§l§x§8§A§0§0§F§FS§x§9§C§0§0§D§5h§x§A§D§0§0§A§Ai§x§B§F§0§0§8§0n§x§D§0§0§0§5§5e§x§E§2§0§0§2§B §x§F§3§0§0§0§0O§x§E§2§0§0§2§An§x§D§0§0§0§5§5i§x§B§F§0§0§8§0 §x§A§D§0§0§A§AB§x§9§C§0§0§D§5o§x§8§A§0§0§F§Fw in auction for 1000000.
[23:08:54] > MasterElrel remove x1 §x§F§F§7§C§0§0§lSteamsparks Key from buy
[23:09:13] > .Allxnzv added x1 §f§l§x§8§A§0§0§F§FS§x§9§5§0§0§E§4h§x§A§0§0§0§C§9i§x§A§B§0§0§A§En§x§B§6§0§0§9§4e§x§C§1§0§0§7§9 §x§C§C§0§0§5§EO§x§D§7§0§0§4§3n§x§E§2§0§0§2§8i§x§E§D§0§0§0§D B§x§E§2§0§0§2§8a§x§D§7§0§0§4§3t§x§C§C§0§0§5§Et§x§C§1§0§0§7§9l§x§B§6§0§0§9§4e§x§A§B§0§0§A§E §x§A§0§0§0§C§9A§x§9§5§0§0§E§4x§x§8§A§0§0§F§Fe in auction for 3000000.
[23:09:35] > Hit_010 added x1 §f§l§8B§x§6§6§6§6§6§6a§x§7§7§7§7§7§7h§x§8§8§8§8§8§8a§x§9§9§9§9§9§9m§7u§x§9§9§9§9§9§9t§x§8§8§8§8§8§8 §x§7§7§7§7§7§7A§x§6§6§6§6§6§6x§8e in auction for 700000.
[23:09:44] > .AppriXD added x1 §f§l§8B§x§6§6§6§6§6§6a§x§7§7§7§7§7§7h§x§8§8§8§8§8§8a§x§9§9§9§9§9§9m§7u§x§9§9§9§9§9§9t§x§8§8§8§8§8§8 §x§7§7§7§7§7§7K§x§6§6§6§6§6§6e§8y in auction for 600000.
[23:09:57] > JinSoul15 added x1 §f§l§x§8§A§0§0§F§FS§x§9§C§0§0§D§5h§x§A§D§0§0§A§Ai§x§B§F§0§0§8§0n§x§D§0§0§0§5§5e§x§E§2§0§0§2§B §x§F§3§0§0§0§0O§x§E§2§0§0§2§An§x§D§0§0§0§5§5i§x§B§F§0§0§8§0 §x§A§D§0§0§A§AK§x§9§C§0§0§D§5e§x§8§A§0§0§F§Fy in auction for 3000000.
[23:10:20] > Trapers1 remove x1 §f§l§x§8§A§0§0§F§FS§x§9§C§0§0§D§5h§x§A§D§0§0§A§Ai§x§B§F§0§0§8§0n§x§D§0§0§0§5§5e§x§E§2§0§0§2§B §x§F§3§0§0§0§0O§x§E§2§0§0§2§An§x§D§0§0§0§5§5i§x§B§F§0§0§8§0 §x§A§D§0§0§A§AB§x§9§C§0§0§D§5o§x§8§A§0§0§F§Fw form storage
[23:10:20] > Kodakoda added x1 §f§l§x§E§4§3§A§3§AM§x§D§3§4§B§3§Ae§x§C§2§5§C§3§Ar§x§B§2§6§D§3§9r§x§A§1§7§E§3§9y§x§9§0§9§0§3§9 §x§7§F§A§1§3§9C§x§6§F§B§2§3§8h§x§5§E§C§3§3§8r§x§4§D§D§4§3§8i§x§5§E§C§3§3§8s§x§6§F§B§2§3§8t§x§7§F§A§1§3§9m§x§9§0§9§0§3§9a§x§A§1§7§E§3§9s§x§B§2§6§D§3§9 §x§C§2§5§C§3§AH§x§D§3§4§B§3§Ao§x§E§4§3§A§3§Ae in auction for 500000.
[23:10:34] > Fogstrap added x1 §f§l§8B§x§6§6§6§6§6§6a§x§7§7§7§7§7§7h§x§8§8§8§8§8§8a§x§9§9§9§9§9§9m§7u§x§9§9§9§9§9§9t§x§8§8§8§8§8§8 §x§7§7§7§7§7§7K§x§6§6§6§6§6§6e§8y in auction for 1000000000000000.
[23:10:48] > Enyara added x1 §f§l§8B§x§6§3§6§3§6§3a§x§7§1§7§1§7§1h§x§8§0§8§0§8§0a§x§8§E§8§E§8§Em§x§9§C§9§C§9§Cu§7t§x§9§C§9§C§9§C §x§8§E§8§E§8§ES§x§8§0§8§0§8§0t§x§7§1§7§1§7§1a§x§6§3§6§3§6§3f§8f in auction for 367000.
[23:11:14] > .Allxnzv added x1 §f§l§8B§x§6§0§6§0§6§0a§x§6§C§6§C§6§Ch§x§7§7§7§7§7§7a§x§8§2§8§2§8§2m§x§8§E§8§E§8§Eu§x§9§9§9§9§9§9t§x§A§4§A§4§A§4 L§x§9§9§9§9§9§9e§x§8§E§8§E§8§Eg§x§8§2§8§2§8§2g§x§7§7§7§7§7§7i§x§6§C§6§C§6§Cn§x§6§0§6§0§6§0g§8s in auction for 250000.
[23:11:20] > Antonie657 buy x1 §f§l§8B§x§6§0§6§0§6§0a§x§6§C§6§C§6§Ch§x§7§7§7§7§7§7a§x§8§2§8§2§8§2m§x§8§E§8§E§8§Eu§x§9§9§9§9§9§9t§x§A§4§A§4§A§4 L§x§9§9§9§9§9§9e§x§8§E§8§E§8§Eg§x§8§2§8§2§8§2g§x§7§7§7§7§7§7i§x§6§C§6§C§6§Cn§x§6§0§6§0§6§0g§8s to .Allxnzv for $250,000.
[23:11:24] > Antonie657 buy x1 §f§l§8B§x§6§3§6§3§6§3a§x§7§1§7§1§7§1h§x§8§0§8§0§8§0a§x§8§E§8§E§8§Em§x§9§C§9§C§9§Cu§7t§x§9§C§9§C§9§C §x§8§E§8§E§8§ES§x§8§0§8§0§8§0t§x§7§1§7§1§7§1a§x§6§3§6§3§6§3f§8f to Enyara for $367,000.
[23:11:41] > Edabis remove x1 §f§l§8B§x§6§6§6§6§6§6a§x§7§7§7§7§7§7h§x§8§8§8§8§8§8a§x§9§9§9§9§9§9m§7u§x§9§9§9§9§9§9t§x§8§8§8§8§8§8 §x§7§7§7§7§7§7K§x§6§6§6§6§6§6e§8y from buy
[23:12:27] > JinSoul15 remove x1 §f§l§x§8§A§0§0§F§FS§x§9§C§0§0§D§5h§x§A§D§0§0§A§Ai§x§B§F§0§0§8§0n§x§D§0§0§0§5§5e§x§E§2§0§0§2§B §x§F§3§0§0§0§0O§x§E§2§0§0§2§An§x§D§0§0§0§5§5i§x§B§F§0§0§8§0 §x§A§D§0§0§A§AK§x§9§C§0§0§D§5e§x§8§A§0§0§F§Fy from storage
[23:12:56] > MasterElrel added x1 §x§F§F§7§C§0§0§lSteamsparks Leggings in auction for 100000.
[23:16:45] > Typeshe added x1 §x§E§5§1§B§1§B§lDracula Leggings in auction for 1000000.
[23:17:26] > .VisedSauce5790 added x1 §f§l§8B§x§6§2§6§2§6§2a§x§6§F§6§F§6§Fh§x§7§C§7§C§7§Ca§x§8§9§8§9§8§9m§x§9§6§9§6§9§6u§x§A§3§A§3§A§3t §x§9§6§9§6§9§6H§x§8§9§8§9§8§9e§x§7§C§7§C§7§Cl§x§6§F§6§F§6§Fm§x§6§2§6§2§6§2e§8t in auction for 100000.
[23:18:03] > Wemmbuo remove x1 §f§l§x§E§4§3§A§3§AM§x§D§6§4§8§3§Ae§x§C§9§5§6§3§Ar§x§B§B§6§4§3§9r§x§A§D§7§2§3§9y§x§9§F§8§0§3§9 §x§9§2§8§E§3§9C§x§8§4§9§C§3§9h§x§7§6§A§A§3§9r§x§6§8§B§8§3§8i§x§5§B§C§6§3§8s§x§4§D§D§4§3§8t§x§5§B§C§6§3§8m§x§6§8§B§8§3§8a§x§7§6§A§A§3§9s§x§8§4§9§C§3§9 §x§9§2§8§E§3§9T§x§9§F§8§0§3§9r§x§A§D§7§2§3§9i§x§B§B§6§4§3§9d§x§C§9§5§6§3§Ae§x§D§6§4§8§3§An§x§E§4§3§A§3§At from storage
[23:18:16] > Wemmbuo added x1 §f§l§x§E§4§3§A§3§AM§x§D§6§4§8§3§Ae§x§C§9§5§6§3§Ar§x§B§B§6§4§3§9r§x§A§D§7§2§3§9y§x§9§F§8§0§3§9 §x§9§2§8§E§3§9C§x§8§4§9§C§3§9h§x§7§6§A§A§3§9r§x§6§8§B§8§3§8i§x§5§B§C§6§3§8s§x§4§D§D§4§3§8t§x§5§B§C§6§3§8m§x§6§8§B§8§3§8a§x§7§6§A§A§3§9s§x§8§4§9§C§3§9 §x§9§2§8§E§3§9T§x§9§F§8§0§3§9r§x§A§D§7§2§3§9i§x§B§B§6§4§3§9d§x§C§9§5§6§3§Ae§x§D§6§4§8§3§An§x§E§4§3§A§3§At in auction for 2500000.
[23:23:53] > grit_zy added x64 Respawn anchor in auction for 10.
[23:24:04] > grit_zy added x64 Respawn anchor in auction for 10.
[23:24:08] > Trapers1 buy x64 Respawn anchor to grit_zy for $10.
[23:24:10] > Trapers1 buy x64 Respawn anchor to grit_zy for $10.
[23:30:22] > x1 Enchanted book on sale by Zypher_0w0 has just expired, it goes in the inventory of expired items.
[23:30:22] > blueheadedzwager added x1 §f§l§8B§x§6§2§6§2§6§2a§x§6§F§6§F§6§Fh§x§7§C§7§C§7§Ca§x§8§9§8§9§8§9m§x§9§6§9§6§9§6u§x§A§3§A§3§A§3t §x§9§6§9§6§9§6H§x§8§9§8§9§8§9a§x§7§C§7§C§7§Cm§x§6§F§6§F§6§Fm§x§6§2§6§2§6§2e§8r in auction for 200000.
[23:30:26] > Trapers1 buy x1 §f§l§8B§x§6§2§6§2§6§2a§x§6§F§6§F§6§Fh§x§7§C§7§C§7§Ca§x§8§9§8§9§8§9m§x§9§6§9§6§9§6u§x§A§3§A§3§A§3t §x§9§6§9§6§9§6H§x§8§9§8§9§8§9a§x§7§C§7§C§7§Cm§x§6§F§6§F§6§Fm§x§6§2§6§2§6§2e§8r to blueheadedzwager for $200,000.
[23:30:35] > Trapers1 remove x64 Respawn anchor form buy
[23:30:35] > Trapers1 remove x64 Respawn anchor form buy
[23:30:35] > Trapers1 remove x1 §f§l§8B§x§6§2§6§2§6§2a§x§6§F§6§F§6§Fh§x§7§C§7§C§7§Ca§x§8§9§8§9§8§9m§x§9§6§9§6§9§6u§x§A§3§A§3§A§3t §x§9§6§9§6§9§6H§x§8§9§8§9§8§9a§x§7§C§7§C§7§Cm§x§6§F§6§F§6§Fm§x§6§2§6§2§6§2e§8r form buy
[23:33:39] > Wemmbuo remove x1 §f§l§x§E§4§3§A§3§AM§x§D§6§4§8§3§Ae§x§C§9§5§6§3§Ar§x§B§B§6§4§3§9r§x§A§D§7§2§3§9y§x§9§F§8§0§3§9 §x§9§2§8§E§3§9C§x§8§4§9§C§3§9h§x§7§6§A§A§3§9r§x§6§8§B§8§3§8i§x§5§B§C§6§3§8s§x§4§D§D§4§3§8t§x§5§B§C§6§3§8m§x§6§8§B§8§3§8a§x§7§6§A§A§3§9s§x§8§4§9§C§3§9 §x§9§2§8§E§3§9T§x§9§F§8§0§3§9r§x§A§D§7§2§3§9i§x§B§B§6§4§3§9d§x§C§9§5§6§3§Ae§x§D§6§4§8§3§An§x§E§4§3§A§3§At from storage
[23:33:51] > Wemmbuo added x1 §f§l§x§E§4§3§A§3§AM§x§D§6§4§8§3§Ae§x§C§9§5§6§3§Ar§x§B§B§6§4§3§9r§x§A§D§7§2§3§9y§x§9§F§8§0§3§9 §x§9§2§8§E§3§9C§x§8§4§9§C§3§9h§x§7§6§A§A§3§9r§x§6§8§B§8§3§8i§x§5§B§C§6§3§8s§x§4§D§D§4§3§8t§x§5§B§C§6§3§8m§x§6§8§B§8§3§8a§x§7§6§A§A§3§9s§x§8§4§9§C§3§9 §x§9§2§8§E§3§9T§x§9§F§8§0§3§9r§x§A§D§7§2§3§9i§x§B§B§6§4§3§9d§x§C§9§5§6§3§Ae§x§D§6§4§8§3§An§x§E§4§3§A§3§At in auction for 2200000.
[23:36:45] > blueheadedzwager added x1 §f§l§x§8§A§0§0§F§FS§x§9§6§0§0§E§3h§x§A§1§0§0§C§6i§x§A§D§0§0§A§An§x§B§9§0§0§8§Ee§x§C§4§0§0§7§1 §x§D§0§0§0§5§5O§x§D§C§0§0§3§9n§x§E§7§0§0§1§Ci§x§F§3§0§0§0§0 §x§E§7§0§0§1§CB§x§D§C§0§0§3§9i§x§D§0§0§0§5§5g§x§C§4§0§0§7§1 §x§B§9§0§0§8§ES§x§A§D§0§0§A§Aw§x§A§1§0§0§C§6o§x§9§6§0§0§E§3r§x§8§A§0§0§F§Fd in auction for 1200000.
[23:37:08] > Wemmbuo remove x1 §f§l§x§E§4§3§A§3§AM§x§D§6§4§8§3§Ae§x§C§9§5§6§3§Ar§x§B§B§6§4§3§9r§x§A§D§7§2§3§9y§x§9§F§8§0§3§9 §x§9§2§8§E§3§9C§x§8§4§9§C§3§9h§x§7§6§A§A§3§9r§x§6§8§B§8§3§8i§x§5§B§C§6§3§8s§x§4§D§D§4§3§8t§x§5§B§C§6§3§8m§x§6§8§B§8§3§8a§x§7§6§A§A§3§9s§x§8§4§9§C§3§9 §x§9§2§8§E§3§9T§x§9§F§8§0§3§9r§x§A§D§7§2§3§9i§x§B§B§6§4§3§9d§x§C§9§5§6§3§Ae§x§D§6§4§8§3§An§x§E§4§3§A§3§At from storage
[23:37:25] > Wemmbuo added x1 §f§l§x§E§4§3§A§3§AM§x§D§6§4§8§3§Ae§x§C§9§5§6§3§Ar§x§B§B§6§4§3§9r§x§A§D§7§2§3§9y§x§9§F§8§0§3§9 §x§9§2§8§E§3§9C§x§8§4§9§C§3§9h§x§7§6§A§A§3§9r§x§6§8§B§8§3§8i§x§5§B§C§6§3§8s§x§4§D§D§4§3§8t§x§5§B§C§6§3§8m§x§6§8§B§8§3§8a§x§7§6§A§A§3§9s§x§8§4§9§C§3§9 §x§9§2§8§E§3§9T§x§9§F§8§0§3§9r§x§A§D§7§2§3§9i§x§B§B§6§4§3§9d§x§C§9§5§6§3§Ae§x§D§6§4§8§3§An§x§E§4§3§A§3§At in auction for 1800000.
[23:42:01] > Julene remove x1 Trident from storage
[23:42:02] > Julene remove x1 §f§l§x§F§C§D§0§5§CW§x§F§B§B§0§4§Eu§x§F§9§9§0§4§0k§x§F§8§7§0§3§2o§x§F§6§5§0§2§3n§x§F§5§3§0§1§5g§x§F§4§1§0§0§7 H§x§F§5§3§0§1§5a§x§F§6§5§0§2§3l§x§F§8§7§0§3§2b§x§F§9§9§0§4§0e§x§F§B§B§0§4§Er§x§F§C§D§0§5§Cd from storage
[23:43:35] > qu4sar added x1 §f§l§x§8§A§0§0§F§FS§x§9§9§0§0§D§Bh§x§A§8§0§0§B§6i§x§B§7§0§0§9§2n§x§C§6§0§0§6§De§x§D§5§0§0§4§9 §x§E§4§0§0§2§4O§x§F§3§0§0§0§0n§x§E§4§0§0§2§4i§x§D§5§0§0§4§9 §x§C§6§0§0§6§DB§x§B§7§0§0§9§2o§x§A§8§0§0§B§6o§x§9§9§0§0§D§Bt§x§8§A§0§0§F§Fs in auction for 2100000.
[23:57:51] > qu4sar remove x1 §f§l§x§8§A§0§0§F§FS§x§9§9§0§0§D§Bh§x§A§8§0§0§B§6i§x§B§7§0§0§9§2n§x§C§6§0§0§6§De§x§D§5§0§0§4§9 §x§E§4§0§0§2§4O§x§F§3§0§0§0§0n§x§E§4§0§0§2§4i§x§D§5§0§0§4§9 §x§C§6§0§0§6§DB§x§B§7§0§0§9§2o§x§A§8§0§0§B§6o§x§9§9§0§0§D§Bt§x§8§A§0§0§F§Fs from storage
[23:57:59] > qu4sar added x1 §f§l§x§8§A§0§0§F§FS§x§9§9§0§0§D§Bh§x§A§8§0§0§B§6i§x§B§7§0§0§9§2n§x§C§6§0§0§6§De§x§D§5§0§0§4§9 §x§E§4§0§0§2§4O§x§F§3§0§0§0§0n§x§E§4§0§0§2§4i§x§D§5§0§0§4§9 §x§C§6§0§0§6§DB§x§B§7§0§0§9§2o§x§A§8§0§0§B§6o§x§9§9§0§0§D§Bt§x§8§A§0§0§F§Fs in auction for 2000000.
[00:02:32] > Wemmbuo added x1 §x§F§F§7§C§0§0§lSteamsparks Axe in auction for 1100000.
[00:07:09] > king_ARK added x1 §f§l§x§8§A§0§0§F§FS§x§9§8§0§0§D§Dh§x§A§6§0§0§B§Bi§x§B§4§0§0§9§9n§x§C§2§0§0§7§7e§x§D§0§0§0§5§5 §x§D§E§0§0§3§3O§x§E§C§0§0§1§1ni§x§D§E§0§0§3§3 §x§D§0§0§0§5§5H§x§C§2§0§0§7§7e§x§B§4§0§0§9§9l§x§A§6§0§0§B§Bm§x§9§8§0§0§D§De§x§8§A§0§0§F§Ft in auction for 2500000.
[00:08:19] > Wemmbuo remove x1 §x§F§F§7§C§0§0§lSteamsparks Axe from storage
[00:08:20] > Wemmbuo remove x1 §f§l§x§E§4§3§A§3§AM§x§D§6§4§8§3§Ae§x§C§9§5§6§3§Ar§x§B§B§6§4§3§9r§x§A§D§7§2§3§9y§x§9§F§8§0§3§9 §x§9§2§8§E§3§9C§x§8§4§9§C§3§9h§x§7§6§A§A§3§9r§x§6§8§B§8§3§8i§x§5§B§C§6§3§8s§x§4§D§D§4§3§8t§x§5§B§C§6§3§8m§x§6§8§B§8§3§8a§x§7§6§A§A§3§9s§x§8§4§9§C§3§9 §x§9§2§8§E§3§9T§x§9§F§8§0§3§9r§x§A§D§7§2§3§9i§x§B§B§6§4§3§9d§x§C§9§5§6§3§Ae§x§D§6§4§8§3§An§x§E§4§3§A§3§At from storage
[00:08:22] > belvi__ added x1 §f§l§8B§x§6§6§6§6§6§6a§x§7§7§7§7§7§7h§x§8§8§8§8§8§8a§x§9§9§9§9§9§9m§7u§x§9§9§9§9§9§9t§x§8§8§8§8§8§8 §x§7§7§7§7§7§7A§x§6§6§6§6§6§6x§8e in auction for 600000.
[00:08:47] > Wemmbuo added x1 §x§F§F§7§C§0§0§lSteamsparks Axe in auction for 1001000.
[00:09:08] > Wemmbuo added x1 §f§l§x§E§4§3§A§3§AM§x§D§6§4§8§3§Ae§x§C§9§5§6§3§Ar§x§B§B§6§4§3§9r§x§A§D§7§2§3§9y§x§9§F§8§0§3§9 §x§9§2§8§E§3§9C§x§8§4§9§C§3§9h§x§7§6§A§A§3§9r§x§6§8§B§8§3§8i§x§5§B§C§6§3§8s§x§4§D§D§4§3§8t§x§5§B§C§6§3§8m§x§6§8§B§8§3§8a§x§7§6§A§A§3§9s§x§8§4§9§C§3§9 §x§9§2§8§E§3§9T§x§9§F§8§0§3§9r§x§A§D§7§2§3§9i§x§B§B§6§4§3§9d§x§C§9§5§6§3§Ae§x§D§6§4§8§3§An§x§E§4§3§A§3§At in auction for 1900000.
[00:14:22] > ReKYee buy x1 §f§l§8B§x§6§2§6§2§6§2a§x§6§F§6§F§6§Fh§x§7§C§7§C§7§Ca§x§8§9§8§9§8§9m§x§9§6§9§6§9§6u§x§A§3§A§3§A§3t §x§9§6§9§6§9§6H§x§8§9§8§9§8§9e§x§7§C§7§C§7§Cl§x§6§F§6§F§6§Fm§x§6§2§6§2§6§2e§8t to .VisedSauce5790 for $100,000.
[00:14:48] > ReKYee remove x1 §f§l§8B§x§6§2§6§2§6§2a§x§6§F§6§F§6§Fh§x§7§C§7§C§7§Ca§x§8§9§8§9§8§9m§x§9§6§9§6§9§6u§x§A§3§A§3§A§3t §x§9§6§9§6§9§6H§x§8§9§8§9§8§9e§x§7§C§7§C§7§Cl§x§6§F§6§F§6§Fm§x§6§2§6§2§6§2e§8t from buy
[00:15:23] > Kodakoda buy x1 §f§l§x§E§4§3§A§3§AM§x§D§6§4§8§3§Ae§x§C§9§5§6§3§Ar§x§B§B§6§4§3§9r§x§A§D§7§2§3§9y§x§9§F§8§0§3§9 §x§9§2§8§E§3§9C§x§8§4§9§C§3§9h§x§7§6§A§A§3§9r§x§6§8§B§8§3§8i§x§5§B§C§6§3§8s§x§4§D§D§4§3§8t§x§5§B§C§6§3§8m§x§6§8§B§8§3§8a§x§7§6§A§A§3§9s§x§8§4§9§C§3§9 §x§9§2§8§E§3§9T§x§9§F§8§0§3§9r§x§A§D§7§2§3§9i§x§B§B§6§4§3§9d§x§C§9§5§6§3§Ae§x§D§6§4§8§3§An§x§E§4§3§A§3§At to Wemmbuo for $1,900,000.
[00:15:31] > Kodakoda remove x1 §f§l§x§E§4§3§A§3§AM§x§D§6§4§8§3§Ae§x§C§9§5§6§3§Ar§x§B§B§6§4§3§9r§x§A§D§7§2§3§9y§x§9§F§8§0§3§9 §x§9§2§8§E§3§9C§x§8§4§9§C§3§9h§x§7§6§A§A§3§9r§x§6§8§B§8§3§8i§x§5§B§C§6§3§8s§x§4§D§D§4§3§8t§x§5§B§C§6§3§8m§x§6§8§B§8§3§8a§x§7§6§A§A§3§9s§x§8§4§9§C§3§9 §x§9§2§8§E§3§9T§x§9§F§8§0§3§9r§x§A§D§7§2§3§9i§x§B§B§6§4§3§9d§x§C§9§5§6§3§Ae§x§D§6§4§8§3§An§x§E§4§3§A§3§At form buy
[00:16:25] > giyahnpogi added x1 §x§E§4§3§A§3§A§lC§x§C§E§5§0§3§A§lh§x§B§9§6§6§3§9§lr§x§A§3§7§C§3§9§li§x§8§E§9§2§3§9§ls§x§7§8§A§8§3§9§lt§x§6§3§B§E§3§8§lm§x§4§D§D§4§3§8§la§x§6§3§B§E§3§8§ls §x§8§E§9§2§3§9§lG§x§A§3§7§C§3§9§ll§x§B§9§6§6§3§9§lo§x§C§E§5§0§3§A§lb§x§E§4§3§A§3§A§le in auction for 3000000.
[00:16:47] > giyahnpogi remove x1 §x§F§2§C§6§D§E§lP§x§E§0§C§A§D§B§li§x§C§D§C§D§D§8§ln§x§B§B§D§1§D§5§la§x§A§9§D§4§D§2§lt§x§9§6§D§8§C§E§la §x§7§1§D§F§C§8§lC§x§5§F§E§2§C§5§lr§x§7§4§D§E§C§9§la§x§8§9§D§A§C§C§lt§x§9§E§D§6§D§0§le §x§C§8§C§E§D§7§lK§x§D§D§C§A§D§A§le§x§F§2§C§6§D§E§ly from buy
[00:21:04] > giyahnpogi remove x1 §x§3§4§9§8§D§Bᴡɪᴛᴄʜ ꜱᴘᴀᴡɴᴇʀ from storage
[00:21:15] > giyahnpogi added x1 §x§3§4§9§8§D§Bᴡɪᴛᴄʜ ꜱᴘᴀᴡɴᴇʀ in auction for 8000000.
[00:21:51] > Zypher_0w0 buy x1 §x§3§4§9§8§D§Bᴡɪᴛᴄʜ ꜱᴘᴀᴡɴᴇʀ to giyahnpogi for $8,000,000.
[00:21:58] > Zypher_0w0 remove x1 §x§3§4§9§8§D§Bᴡɪᴛᴄʜ ꜱᴘᴀᴡɴᴇʀ from buy
[00:26:35] > giyahnpogi remove x1 §x§E§4§3§A§3§A§lC§x§C§E§5§0§3§A§lh§x§B§9§6§6§3§9§lr§x§A§3§7§C§3§9§li§x§8§E§9§2§3§9§ls§x§7§8§A§8§3§9§lt§x§6§3§B§E§3§8§lm§x§4§D§D§4§3§8§la§x§6§3§B§E§3§8§ls §x§8§E§9§2§3§9§lG§x§A§3§7§C§3§9§ll§x§B§9§6§6§3§9§lo§x§C§E§5§0§3§A§lb§x§E§4§3§A§3§A§le from storage
[00:29:43] > giyahnpogi added x1 §f§l§x§E§4§3§A§3§AM§x§D§6§4§9§3§Ae§x§C§7§5§7§3§Ar§x§B§9§6§6§3§9r§x§A§A§7§5§3§9y§x§9§C§8§3§3§9 §x§8§E§9§2§3§9C§x§7§F§A§1§3§9h§x§7§1§A§F§3§8r§x§6§3§B§E§3§8i§x§5§4§C§D§3§8st§x§6§3§B§E§3§8m§x§7§1§A§F§3§8a§x§7§F§A§1§3§9s§x§8§E§9§2§3§9 §x§9§C§8§3§3§9S§x§A§A§7§5§3§9c§x§B§9§6§6§3§9y§x§C§7§5§7§3§At§x§D§6§4§9§3§Ah§x§E§4§3§A§3§Ae in auction for 2000000.
[00:31:02] > giyahnpogi added x1 §c§lPower stick v2 in auction for 1000000.
[00:31:42] > giyahnpogi added x1 §x§3§4§9§8§D§Bᴄᴏᴡ ꜱᴘᴀᴡɴᴇʀ in auction for 1000000.
[00:34:12] > giyahnpogi added x1 §x§F§F§3§E§0§0§lD§x§F§F§3§5§0§0§le§x§F§F§2§C§0§0§lm§x§F§F§2§3§0§0§lo§x§F§F§1§B§0§0§ln §x§F§F§0§9§0§0§lL§x§F§F§0§0§0§0§lo§x§F§F§0§A§0§0§lr§x§F§F§1§5§0§0§ld §x§F§F§2§9§0§0§lB§x§F§F§3§4§0§0§lo§x§F§F§3§E§0§0§lw in auction for 1000000.
[00:34:23] > giyahnpogi added x1 §x§F§F§3§E§0§0§lD§x§F§F§3§6§0§0§le§x§F§F§2§F§0§0§lm§x§F§F§2§7§0§0§lo§x§F§F§1§F§0§0§ln §x§F§F§1§0§0§0§lL§x§F§F§0§8§0§0§lo§x§F§F§0§0§0§0§lr§x§F§F§0§9§0§0§ld §x§F§F§1§B§0§0§lS§x§F§F§2§3§0§0§lp§x§F§F§2§C§0§0§le§x§F§F§3§5§0§0§la§x§F§F§3§E§0§0§lr in auction for 100.
[00:34:29] > Trapers1 buy x1 §x§F§F§3§E§0§0§lD§x§F§F§3§6§0§0§le§x§F§F§2§F§0§0§lm§x§F§F§2§7§0§0§lo§x§F§F§1§F§0§0§ln §x§F§F§1§0§0§0§lL§x§F§F§0§8§0§0§lo§x§F§F§0§0§0§0§lr§x§F§F§0§9§0§0§ld §x§F§F§1§B§0§0§lS§x§F§F§2§3§0§0§lp§x§F§F§2§C§0§0§le§x§F§F§3§5§0§0§la§x§F§F§3§E§0§0§lr to giyahnpogi for $100.
[00:34:42] > Trapers1 remove x1 §x§F§F§3§E§0§0§lD§x§F§F§3§6§0§0§le§x§F§F§2§F§0§0§lm§x§F§F§2§7§0§0§lo§x§F§F§1§F§0§0§ln §x§F§F§1§0§0§0§lL§x§F§F§0§8§0§0§lo§x§F§F§0§0§0§0§lr§x§F§F§0§9§0§0§ld §x§F§F§1§B§0§0§lS§x§F§F§2§3§0§0§lp§x§F§F§2§C§0§0§le§x§F§F§3§5§0§0§la§x§F§F§3§E§0§0§lr form buy
[00:34:46] > giyahnpogi added x1 §x§F§F§3§E§0§0§lD§x§F§F§3§7§0§0§le§x§F§F§3§0§0§0§lm§x§F§F§2§9§0§0§lo§x§F§F§2§2§0§0§ln §x§F§F§1§5§0§0§lL§x§F§F§0§E§0§0§lo§x§F§F§0§7§0§0§lr§x§F§F§0§0§0§0§ld §x§F§F§0§E§0§0§lC§x§F§F§1§5§0§0§lr§x§F§F§1§C§0§0§lo§x§F§F§2§2§0§0§ls§x§F§F§2§9§0§0§ls§x§F§F§3§0§0§0§lb§x§F§F§3§7§0§0§lo§x§F§F§3§E§0§0§lw in auction for 6767.
[00:34:51] > TheCursedMoon buy x1 §x§F§F§3§E§0§0§lD§x§F§F§3§7§0§0§le§x§F§F§3§0§0§0§lm§x§F§F§2§9§0§0§lo§x§F§F§2§2§0§0§ln §x§F§F§1§5§0§0§lL§x§F§F§0§E§0§0§lo§x§F§F§0§7§0§0§lr§x§F§F§0§0§0§0§ld §x§F§F§0§E§0§0§lC§x§F§F§1§5§0§0§lr§x§F§F§1§C§0§0§lo§x§F§F§2§2§0§0§ls§x§F§F§2§9§0§0§ls§x§F§F§3§0§0§0§lb§x§F§F§3§7§0§0§lo§x§F§F§3§E§0§0§lw to giyahnpogi for $6,767.
[00:35:18] > TheCursedMoon remove x1 §x§F§F§3§E§0§0§lD§x§F§F§3§7§0§0§le§x§F§F§3§0§0§0§lm§x§F§F§2§9§0§0§lo§x§F§F§2§2§0§0§ln §x§F§F§1§5§0§0§lL§x§F§F§0§E§0§0§lo§x§F§F§0§7§0§0§lr§x§F§F§0§0§0§0§ld §x§F§F§0§E§0§0§lC§x§F§F§1§5§0§0§lr§x§F§F§1§C§0§0§lo§x§F§F§2§2§0§0§ls§x§F§F§2§9§0§0§ls§x§F§F§3§0§0§0§lb§x§F§F§3§7§0§0§lo§x§F§F§3§E§0§0§lw from buy
[00:37:50] > Trapers1 added x1 §x§3§4§9§8§D§Bᴄᴏᴡ ꜱᴘᴀᴡɴᴇʀ in auction for 1000000.
[00:37:59] > Trapers1 remove x1 §x§3§4§9§8§D§Bᴄᴏᴡ ꜱᴘᴀᴡɴᴇʀ form storage
[00:45:51] > Zypher_0w0 added x64 Iron block in auction for 6400.
[00:45:56] > Antonie657 buy x64 Iron block to Zypher_0w0 for $6,400.
[00:46:36] > Zypher_0w0 added x64 Iron block in auction for 6400.
[00:46:40] > Antonie657 buy x64 Iron block to Zypher_0w0 for $6,400.
[00:58:04] > Julene added x1 Diamond horse armor in auction for 7000.
[00:58:11] > king_ARK buy x1 Diamond horse armor to Julene for $7,000.
[01:00:21] > .AppriXD added x1 §f§l§x§E§4§3§A§3§AM§x§D§7§4§7§3§Ae§x§C§A§5§5§3§Ar§x§B§D§6§2§3§9r§x§A§F§7§0§3§9y§x§A§2§7§D§3§9 §x§9§5§8§A§3§9C§x§8§8§9§8§3§9h§x§7§B§A§5§3§9r§x§6§E§B§3§3§8i§x§6§1§C§0§3§8s§x§5§4§C§D§3§8tm§x§6§1§C§0§3§8a§x§6§E§B§3§3§8s§x§7§B§A§5§3§9 §x§8§8§9§8§3§9B§x§9§5§8§A§3§9a§x§A§2§7§D§3§9c§x§A§F§7§0§3§9k§x§B§D§6§2§3§9p§x§C§A§5§5§3§Aa§x§D§7§4§7§3§Ac§x§E§4§3§A§3§Ak in auction for 9696969.
[01:00:53] > .AppriXD remove x1 §f§l§x§E§4§3§A§3§AM§x§D§7§4§7§3§Ae§x§C§A§5§5§3§Ar§x§B§D§6§2§3§9r§x§A§F§7§0§3§9y§x§A§2§7§D§3§9 §x§9§5§8§A§3§9C§x§8§8§9§8§3§9h§x§7§B§A§5§3§9r§x§6§E§B§3§3§8i§x§6§1§C§0§3§8s§x§5§4§C§D§3§8tm§x§6§1§C§0§3§8a§x§6§E§B§3§3§8s§x§7§B§A§5§3§9 §x§8§8§9§8§3§9B§x§9§5§8§A§3§9a§x§A§2§7§D§3§9c§x§A§F§7§0§3§9k§x§B§D§6§2§3§9p§x§C§A§5§5§3§Aa§x§D§7§4§7§3§Ac§x§E§4§3§A§3§Ak from storage
[01:02:01] > Julene added x5 §x§F§C§9§0§5§C§lE§x§E§6§9§C§6§B§lp§x§C§F§A§7§7§A§li§x§B§9§B§3§8§9§lc §x§8§C§C§B§A§7§lC§x§7§5§D§6§B§6§lr§x§5§F§E§2§C§5§la§x§7§9§D§4§B§4§lt§x§9§3§C§7§A§2§le §x§C§8§A§B§7§F§lK§x§E§2§9§E§6§E§le§x§F§C§9§0§5§C§ly in auction for 250000.
[01:02:23] > x1 Shulker box, item of arga2012, has just expired, the item is definitively deleted.
[01:02:23] > x1 §x§F§F§3§E§0§0§lSellwand Voucher, item of sweetcorn135, has just expired, the item is definitively deleted.
[01:02:23] > x1 Shulker box, item of arga2012, has just expired, the item is definitively deleted.
[01:02:23] > x1 Shulker box, item of arga2012, has just expired, the item is definitively deleted.
[01:02:24] > .AppriXD remove x1 §f§l§x§E§4§3§A§3§AM§x§D§7§4§7§3§Ae§x§C§A§5§5§3§Ar§x§B§D§6§2§3§9r§x§A§F§7§0§3§9y§x§A§2§7§D§3§9 §x§9§5§8§A§3§9C§x§8§8§9§8§3§9h§x§7§B§A§5§3§9r§x§6§E§B§3§3§8i§x§6§1§C§0§3§8s§x§5§4§C§D§3§8tm§x§6§1§C§0§3§8a§x§6§E§B§3§3§8s§x§7§B§A§5§3§9 §x§8§8§9§8§3§9B§x§9§5§8§A§3§9a§x§A§2§7§D§3§9c§x§A§F§7§0§3§9k§x§B§D§6§2§3§9p§x§C§A§5§5§3§Aa§x§D§7§4§7§3§Ac§x§E§4§3§A§3§Ak from expire
[01:10:40] > .AppriXD added x1 §f§l§x§8§A§0§0§F§FS§x§9§7§0§0§D§Fh§x§A§4§0§0§B§Fi§x§B§1§0§0§9§Fn§x§B§F§0§0§8§0e§x§C§C§0§0§6§0 §x§D§9§0§0§4§0O§x§E§6§0§0§2§0n§x§F§3§0§0§0§0i§x§E§6§0§0§2§0 §x§D§9§0§0§4§0P§x§C§C§0§0§6§0i§x§B§F§0§0§8§0c§x§B§1§0§0§9§Fk§x§A§4§0§0§B§Fa§x§9§7§0§0§D§Fx§x§8§A§0§0§F§Fe in auction for 6000000.
[01:11:30] > .AppriXD remove x1 §f§l§x§8§A§0§0§F§FS§x§9§7§0§0§D§Fh§x§A§4§0§0§B§Fi§x§B§1§0§0§9§Fn§x§B§F§0§0§8§0e§x§C§C§0§0§6§0 §x§D§9§0§0§4§0O§x§E§6§0§0§2§0n§x§F§3§0§0§0§0i§x§E§6§0§0§2§0 §x§D§9§0§0§4§0P§x§C§C§0§0§6§0i§x§B§F§0§0§8§0c§x§B§1§0§0§9§Fk§x§A§4§0§0§B§Fa§x§9§7§0§0§D§Fx§x§8§A§0§0§F§Fe from storage
[01:11:35] > x1 Shulker box, item of CacaBoi123, has just expired, the item is definitively deleted.
[01:11:36] > .AppriXD remove x1 §f§l§x§8§A§0§0§F§FS§x§9§7§0§0§D§Fh§x§A§4§0§0§B§Fi§x§B§1§0§0§9§Fn§x§B§F§0§0§8§0e§x§C§C§0§0§6§0 §x§D§9§0§0§4§0O§x§E§6§0§0§2§0n§x§F§3§0§0§0§0i§x§E§6§0§0§2§0 §x§D§9§0§0§4§0P§x§C§C§0§0§6§0i§x§B§F§0§0§8§0c§x§B§1§0§0§9§Fk§x§A§4§0§0§B§Fa§x§9§7§0§0§D§Fx§x§8§A§0§0§F§Fe from expire
[01:12:01] > belvi__ remove x1 §f§l§8B§x§6§6§6§6§6§6a§x§7§7§7§7§7§7h§x§8§8§8§8§8§8a§x§9§9§9§9§9§9m§7u§x§9§9§9§9§9§9t§x§8§8§8§8§8§8 §x§7§7§7§7§7§7A§x§6§6§6§6§6§6x§8e from storage
[01:12:11] > belvi__ added x1 §f§l§8B§x§6§6§6§6§6§6a§x§7§7§7§7§7§7h§x§8§8§8§8§8§8a§x§9§9§9§9§9§9m§7u§x§9§9§9§9§9§9t§x§8§8§8§8§8§8 §x§7§7§7§7§7§7A§x§6§6§6§6§6§6x§8e in auction for 400000.
[01:12:47] > .AppriXD added x1 §x§E§5§1§B§1§B§lDracula Leggings in auction for 90000.
[01:13:01] > .AppriXD added x1 §x§E§5§1§B§1§B§lDracula Helmet in auction for 190000.
[01:14:18] > .AppriXD added x1 Netherite pickaxe in auction for 100000.
[01:14:31] > .AppriXD added x1 Fishing rod in auction for 100000.
[01:18:49] > JinSoul15 remove x64 Experience bottle from buy
[01:18:50] > JinSoul15 remove x5 §x§F§C§9§0§5§C§lE§x§E§6§9§C§6§B§lp§x§C§F§A§7§7§A§li§x§B§9§B§3§8§9§lc §x§8§C§C§B§A§7§lC§x§7§5§D§6§B§6§lr§x§5§F§E§2§C§5§la§x§7§9§D§4§B§4§lt§x§9§3§C§7§A§2§le §x§C§8§A§B§7§F§lK§x§E§2§9§E§6§E§le§x§F§C§9§0§5§C§ly from buy
[01:18:55] > JinSoul15 remove x1 Enchanted book from buy
[01:22:56] > Panda_Nooba added x1 §fCave Spider Plushie §6(#24/101) in auction for 2000.
[01:23:08] > SEAN4528 buy x1 §fCave Spider Plushie §6(#24/101) to Panda_Nooba for $2,000.
[01:24:14] > Panda_Nooba added x1 §x§E§5§1§B§1§B§lDracula Boots in auction for 15000.
[01:24:44] > .AppriXD buy x1 §x§E§5§1§B§1§B§lDracula Boots to Panda_Nooba for $15,000.
[01:24:59] > .AppriXD remove x1 Fishing rod form storage
[01:24:59] > .AppriXD remove x1 §x§E§5§1§B§1§B§lDracula Helmet form storage
[01:24:59] > .AppriXD remove x1 §f§l§8B§x§6§6§6§6§6§6a§x§7§7§7§7§7§7h§x§8§8§8§8§8§8a§x§9§9§9§9§9§9m§7u§x§9§9§9§9§9§9t§x§8§8§8§8§8§8 §x§7§7§7§7§7§7K§x§6§6§6§6§6§6e§8y form storage
[01:24:59] > .AppriXD remove x1 §x§E§5§1§B§1§B§lDracula Leggings form storage
[01:24:59] > .AppriXD remove x1 Netherite pickaxe form storage
[01:25:08] > .AppriXD added x1 §x§E§5§1§B§1§B§lDracula Leggings in auction for 50000.
[01:25:19] > .AppriXD added x1 §x§E§5§1§B§1§B§lDracula Helmet in auction for 80000.
[01:25:31] > .AppriXD added x1 Netherite pickaxe in auction for 80000.
[01:25:45] > .AppriXD added x1 Fishing rod in auction for 80000.
[01:54:54] > Trapers1 added x1 HOLY MOLY in auction for 3750000.
[01:55:05] > Trapers1 remove x1 HOLY MOLY form storage
[01:55:17] > Trapers1 added x1 HOLY MOLY in auction for 3550000.
[01:55:22] > SenjuKawaragi buy x1 HOLY MOLY to Trapers1 for $3,550,000.
[01:55:29] > SenjuKawaragi remove x1 HOLY MOLY from buy
[02:03:23] > KiiviNyx buy x1 Netherite pickaxe to .AppriXD for $80,000.
[02:03:37] > KiiviNyx remove x1 Netherite pickaxe from buy
[02:13:34] > Kodakoda added x1 §x§6§0§0§0§F§F§lɢᴏᴅʟʏ ɪᴛᴇᴍ in auction for 850000.
[02:23:12] > x1 §x§E§5§1§B§1§B§lDracula Halberd on sale by ReKYee has just expired, it goes in the inventory of expired items.
[02:26:47] > Icon_Skully added x1 §x§5§9§A§1§D§9§lA§x§6§E§A§D§D§Er§x§8§3§B§9§E§3c§x§9§7§C§4§E§7h§x§A§C§D§0§E§Ca§x§C§1§D§C§F§1n§x§D§6§E§8§F§6g§x§E§A§F§3§F§Ae§fl §x§D§0§E§4§F§4D§x§B§8§D§7§E§Fa§x§A§0§C§9§E§9g§x§8§8§B§C§E§4g§x§7§1§A§E§D§Ee§x§5§9§A§1§D§9r in auction for 250000.
[02:27:50] > Icon_Skully remove x1 §x§6§0§0§0§F§F§lɢᴏᴅʟʏ ɪᴛᴇᴍ from storage
[02:27:50] > Panda_Nooba buy x1 §x§5§9§A§1§D§9§lA§x§6§E§A§D§D§Er§x§8§3§B§9§E§3c§x§9§7§C§4§E§7h§x§A§C§D§0§E§Ca§x§C§1§D§C§F§1n§x§D§6§E§8§F§6g§x§E§A§F§3§F§Ae§fl §x§D§0§E§4§F§4D§x§B§8§D§7§E§Fa§x§A§0§C§9§E§9g§x§8§8§B§C§E§4g§x§7§1§A§E§D§Ee§x§5§9§A§1§D§9r to Icon_Skully for $250,000.
[02:27:55] > Panda_Nooba remove x1 §x§5§9§A§1§D§9§lA§x§6§E§A§D§D§Er§x§8§3§B§9§E§3c§x§9§7§C§4§E§7h§x§A§C§D§0§E§Ca§x§C§1§D§C§F§1n§x§D§6§E§8§F§6g§x§E§A§F§3§F§Ae§fl §x§D§0§E§4§F§4D§x§B§8§D§7§E§Fa§x§A§0§C§9§E§9g§x§8§8§B§C§E§4g§x§7§1§A§E§D§Ee§x§5§9§A§1§D§9r from buy
[02:28:19] > Icon_Skully buy x1 §c§lPower stick v2 to giyahnpogi for $1,000,000.
[02:28:37] > Icon_Skully remove x1 §c§lPower stick v2 from buy
[02:30:45] > Icon_Skully added x1 §x§5§9§A§1§D§9§lA§x§6§E§A§D§D§Er§x§8§3§B§9§E§3c§x§9§7§C§4§E§7h§x§A§C§D§0§E§Ca§x§C§1§D§C§F§1n§x§D§6§E§8§F§6g§x§E§A§F§3§F§Ae§fl §x§D§0§E§4§F§4H§x§B§8§D§7§E§Fe§x§A§0§C§9§E§9l§x§8§8§B§C§E§4m§x§7§1§A§E§D§Ee§x§5§9§A§1§D§9t in auction for 450000.
[02:31:44] > Icon_Skully added x1 §f§l§8B§x§6§3§6§3§6§3a§x§7§1§7§1§7§1h§x§8§0§8§0§8§0a§x§8§E§8§E§8§Em§x§9§C§9§C§9§Cu§7t§x§9§C§9§C§9§C §x§8§E§8§E§8§EB§x§8§0§8§0§8§0o§x§7§1§7§1§7§1o§x§6§3§6§3§6§3t§8s in auction for 200000.
[02:31:56] > Icon_Skully added x1 §f§l§8B§x§6§0§6§0§6§0a§x§6§C§6§C§6§Ch§x§7§7§7§7§7§7a§x§8§2§8§2§8§2m§x§8§E§8§E§8§Eu§x§9§9§9§9§9§9t§x§A§4§A§4§A§4 L§x§9§9§9§9§9§9e§x§8§E§8§E§8§Eg§x§8§2§8§2§8§2g§x§7§7§7§7§7§7i§x§6§C§6§C§6§Cn§x§6§0§6§0§6§0g§8s in auction for 200000.
[02:31:57] > Xavier881 buy x1 §f§l§8B§x§6§3§6§3§6§3a§x§7§1§7§1§7§1h§x§8§0§8§0§8§0a§x§8§E§8§E§8§Em§x§9§C§9§C§9§Cu§7t§x§9§C§9§C§9§C §x§8§E§8§E§8§EB§x§8§0§8§0§8§0o§x§7§1§7§1§7§1o§x§6§3§6§3§6§3t§8s to Icon_Skully for $200,000.
[02:32:08] > Icon_Skully added x1 §f§l§8B§x§5§F§5§F§5§Fa§x§6§9§6§9§6§9h§x§7§3§7§3§7§3a§x§7§D§7§D§7§Dm§x§8§7§8§7§8§7u§x§9§1§9§1§9§1t§x§9§B§9§B§9§B §x§A§5§A§5§A§5Ch§x§9§B§9§B§9§Be§x§9§1§9§1§9§1s§x§8§7§8§7§8§7t§x§7§D§7§D§7§Dp§x§7§3§7§3§7§3l§x§6§9§6§9§6§9a§x§5§F§5§F§5§Ft§8e in auction for 200000.
[02:32:23] > Icon_Skully added x1 §f§l§8B§x§6§2§6§2§6§2a§x§6§F§6§F§6§Fh§x§7§C§7§C§7§Ca§x§8§9§8§9§8§9m§x§9§6§9§6§9§6u§x§A§3§A§3§A§3t §x§9§6§9§6§9§6H§x§8§9§8§9§8§9e§x§7§C§7§C§7§Cl§x§6§F§6§F§6§Fm§x§6§2§6§2§6§2e§8t in auction for 200000.
[02:32:33] > Xavier881 buy x1 §f§l§8B§x§6§2§6§2§6§2a§x§6§F§6§F§6§Fh§x§7§C§7§C§7§Ca§x§8§9§8§9§8§9m§x§9§6§9§6§9§6u§x§A§3§A§3§A§3t §x§9§6§9§6§9§6H§x§8§9§8§9§8§9e§x§7§C§7§C§7§Cl§x§6§F§6§F§6§Fm§x§6§2§6§2§6§2e§8t to Icon_Skully for $200,000.
[02:32:45] > Panda_Nooba buy x1 §f§l§8B§x§5§F§5§F§5§Fa§x§6§9§6§9§6§9h§x§7§3§7§3§7§3a§x§7§D§7§D§7§Dm§x§8§7§8§7§8§7u§x§9§1§9§1§9§1t§x§9§B§9§B§9§B §x§A§5§A§5§A§5Ch§x§9§B§9§B§9§Be§x§9§1§9§1§9§1s§x§8§7§8§7§8§7t§x§7§D§7§D§7§Dp§x§7§3§7§3§7§3l§x§6§9§6§9§6§9a§x§5§F§5§F§5§Ft§8e to Icon_Skully for $200,000.
[02:32:47] > Panda_Nooba buy x1 §f§l§8B§x§6§0§6§0§6§0a§x§6§C§6§C§6§Ch§x§7§7§7§7§7§7a§x§8§2§8§2§8§2m§x§8§E§8§E§8§Eu§x§9§9§9§9§9§9t§x§A§4§A§4§A§4 L§x§9§9§9§9§9§9e§x§8§E§8§E§8§Eg§x§8§2§8§2§8§2g§x§7§7§7§7§7§7i§x§6§C§6§C§6§Cn§x§6§0§6§0§6§0g§8s to Icon_Skully for $200,000.
[02:32:49] > Xavier881 remove x1 §f§l§8B§x§6§3§6§3§6§3a§x§7§1§7§1§7§1h§x§8§0§8§0§8§0a§x§8§E§8§E§8§Em§x§9§C§9§C§9§Cu§7t§x§9§C§9§C§9§C §x§8§E§8§E§8§EB§x§8§0§8§0§8§0o§x§7§1§7§1§7§1o§x§6§3§6§3§6§3t§8s from buy
[02:32:49] > Xavier881 remove x1 §f§l§8B§x§6§2§6§2§6§2a§x§6§F§6§F§6§Fh§x§7§C§7§C§7§Ca§x§8§9§8§9§8§9m§x§9§6§9§6§9§6u§x§A§3§A§3§A§3t §x§9§6§9§6§9§6H§x§8§9§8§9§8§9e§x§7§C§7§C§7§Cl§x§6§F§6§F§6§Fm§x§6§2§6§2§6§2e§8t from buy
[02:32:51] > Panda_Nooba remove x1 §f§l§8B§x§5§F§5§F§5§Fa§x§6§9§6§9§6§9h§x§7§3§7§3§7§3a§x§7§D§7§D§7§Dm§x§8§7§8§7§8§7u§x§9§1§9§1§9§1t§x§9§B§9§B§9§B §x§A§5§A§5§A§5Ch§x§9§B§9§B§9§Be§x§9§1§9§1§9§1s§x§8§7§8§7§8§7t§x§7§D§7§D§7§Dp§x§7§3§7§3§7§3l§x§6§9§6§9§6§9a§x§5§F§5§F§5§Ft§8e from buy
[02:32:51] > Panda_Nooba remove x1 §f§l§8B§x§6§0§6§0§6§0a§x§6§C§6§C§6§Ch§x§7§7§7§7§7§7a§x§8§2§8§2§8§2m§x§8§E§8§E§8§Eu§x§9§9§9§9§9§9t§x§A§4§A§4§A§4 L§x§9§9§9§9§9§9e§x§8§E§8§E§8§Eg§x§8§2§8§2§8§2g§x§7§7§7§7§7§7i§x§6§C§6§C§6§Cn§x§6§0§6§0§6§0g§8s from buy
[02:39:47] > Icon_Skully added x1 §x§5§9§A§1§D§9§lA§x§7§1§A§E§D§Er§x§8§8§B§C§E§4c§x§A§0§C§9§E§9h§x§B§8§D§7§E§Fa§x§D§0§E§4§F§4n§x§E§7§F§2§F§Ag§fe§x§E§7§F§2§F§Al §x§B§8§D§7§E§FS§x§A§0§C§9§E§9t§x§8§8§B§C§E§4a§x§7§1§A§E§D§Ef§x§5§9§A§1§D§9f in auction for 350000.
[02:39:59] > Icon_Skully added x1 §f§l§x§F§C§D§0§5§CW§x§F§B§B§D§5§4u§x§F§A§A§A§4§Bk§x§F§A§9§7§4§3o§x§F§9§8§4§3§Bn§x§F§8§7§1§3§2g§x§F§7§5§F§2§A §x§F§6§4§C§2§1B§x§F§5§3§9§1§9o§x§F§5§2§6§1§1o§x§F§4§1§3§0§8t§x§F§3§0§0§0§0s in auction for 450000.
[02:46:12] > Kenamin buy x5 §x§F§C§9§0§5§C§lE§x§E§6§9§C§6§B§lp§x§C§F§A§7§7§A§li§x§B§9§B§3§8§9§lc §x§8§C§C§B§A§7§lC§x§7§5§D§6§B§6§lr§x§5§F§E§2§C§5§la§x§7§9§D§4§B§4§lt§x§9§3§C§7§A§2§le §x§C§8§A§B§7§F§lK§x§E§2§9§E§6§E§le§x§F§C§9§0§5§C§ly to Julene for $250,000.
[02:47:06] > Kenamin buy x5 §x§F§C§9§0§5§C§lE§x§E§6§9§C§6§B§lp§x§C§F§A§7§7§A§li§x§B§9§B§3§8§9§lc §x§8§C§C§B§A§7§lC§x§7§5§D§6§B§6§lr§x§5§F§E§2§C§5§la§x§7§9§D§4§B§4§lt§x§9§3§C§7§A§2§le §x§C§8§A§B§7§F§lK§x§E§2§9§E§6§E§le§x§F§C§9§0§5§C§ly to c_snrin for $250,000.
[02:47:12] > ThatMidnight buy x1 §x§6§0§0§0§F§F§lɢᴏᴅʟʏ ɪᴛᴇᴍ to Kodakoda for $850,000.
[02:48:30] > aznaaa added x1 Netherite helmet in auction for 30000.
[02:48:31] > ThatMidnight remove x1 §x§6§0§0§0§F§F§lɢᴏᴅʟʏ ɪᴛᴇᴍ from buy
[02:48:35] > JinSoul15 buy x1 Netherite helmet to aznaaa for $30,000.
[02:48:43] > aznaaa added x1 §f§l§8B§x§6§3§6§3§6§3a§x§7§1§7§1§7§1h§x§8§0§8§0§8§0a§x§8§E§8§E§8§Em§x§9§C§9§C§9§Cu§7t§x§9§C§9§C§9§C §x§8§E§8§E§8§EB§x§8§0§8§0§8§0o§x§7§1§7§1§7§1o§x§6§3§6§3§6§3t§8s in auction for 100000.
[02:48:48] > JinSoul15 remove x1 Netherite helmet from buy
[02:48:53] > x3 Netherite upgrade smithing template, item of BlueTea_Official, has just expired, the item is definitively deleted.
[02:48:54] > aznaaa remove x1 §f§l§x§8§A§0§0§F§FS§x§9§C§0§0§D§5h§x§A§D§0§0§A§Ai§x§B§F§0§0§8§0n§x§D§0§0§0§5§5e§x§E§2§0§0§2§B §x§F§3§0§0§0§0O§x§E§2§0§0§2§An§x§D§0§0§0§5§5i§x§B§F§0§0§8§0 §x§A§D§0§0§A§AH§x§9§C§0§0§D§5o§x§8§A§0§0§F§Fe from expire
[02:49:00] > yxsin112 buy x1 §f§l§8B§x§6§3§6§3§6§3a§x§7§1§7§1§7§1h§x§8§0§8§0§8§0a§x§8§E§8§E§8§Em§x§9§C§9§C§9§Cu§7t§x§9§C§9§C§9§C §x§8§E§8§E§8§EB§x§8§0§8§0§8§0o§x§7§1§7§1§7§1o§x§6§3§6§3§6§3t§8s to aznaaa for $100,000.
[02:49:01] > aznaaa added x1 §f§l§x§8§A§0§0§F§FS§x§9§C§0§0§D§5h§x§A§D§0§0§A§Ai§x§B§F§0§0§8§0n§x§D§0§0§0§5§5e§x§E§2§0§0§2§B §x§F§3§0§0§0§0O§x§E§2§0§0§2§An§x§D§0§0§0§5§5i§x§B§F§0§0§8§0 §x§A§D§0§0§A§AH§x§9§C§0§0§D§5o§x§8§A§0§0§F§Fe in auction for 1000000.
[02:49:17] > yxsin112 buy x1 §x§F§F§7§C§0§0§lSteamsparks Leggings to MasterElrel for $100,000.
[02:49:20] > yxsin112 buy x1 §x§E§5§1§B§1§B§lDracula Leggings to .AppriXD for $50,000.
[02:50:49] > Kenamin added x1 Enchanted book in auction for 500000.
[02:51:01] > Kenamin added x1 Enchanted book in auction for 500000.
[02:51:17] > Kenamin added x1 Enchanted book in auction for 500000.
[02:52:04] > yxsin112 remove x1 §f§l§8B§x§6§3§6§3§6§3a§x§7§1§7§1§7§1h§x§8§0§8§0§8§0a§x§8§E§8§E§8§Em§x§9§C§9§C§9§Cu§7t§x§9§C§9§C§9§C §x§8§E§8§E§8§EB§x§8§0§8§0§8§0o§x§7§1§7§1§7§1o§x§6§3§6§3§6§3t§8s form buy
[02:52:04] > yxsin112 remove x4 Netherite upgrade smithing template form buy
[02:52:04] > yxsin112 remove x1 §x§F§F§7§C§0§0§lSteamsparks Leggings form buy
[02:52:04] > yxsin112 remove x1 §x§E§5§1§B§1§B§lDracula Leggings form buy
[02:59:17] > Icon_Skully remove x1 §x§5§9§A§1§D§9§lA§x§7§1§A§E§D§Er§x§8§8§B§C§E§4c§x§A§0§C§9§E§9h§x§B§8§D§7§E§Fa§x§D§0§E§4§F§4n§x§E§7§F§2§F§Ag§fe§x§E§7§F§2§F§Al §x§B§8§D§7§E§FS§x§A§0§C§9§E§9t§x§8§8§B§C§E§4a§x§7§1§A§E§D§Ef§x§5§9§A§1§D§9f form storage
[02:59:17] > Icon_Skully remove x1 §f§l§x§F§C§D§0§5§CW§x§F§B§B§D§5§4u§x§F§A§A§A§4§Bk§x§F§A§9§7§4§3o§x§F§9§8§4§3§Bn§x§F§8§7§1§3§2g§x§F§7§5§F§2§A §x§F§6§4§C§2§1B§x§F§5§3§9§1§9o§x§F§5§2§6§1§1o§x§F§4§1§3§0§8t§x§F§3§0§0§0§0s form storage
[02:59:17] > Icon_Skully remove x1 §x§5§9§A§1§D§9§lA§x§6§E§A§D§D§Er§x§8§3§B§9§E§3c§x§9§7§C§4§E§7h§x§A§C§D§0§E§Ca§x§C§1§D§C§F§1n§x§D§6§E§8§F§6g§x§E§A§F§3§F§Ae§fl §x§D§0§E§4§F§4H§x§B§8§D§7§E§Fe§x§A§0§C§9§E§9l§x§8§8§B§C§E§4m§x§7§1§A§E§D§Ee§x§5§9§A§1§D§9t form storage
[02:59:40] > Icon_Skully added x1 §x§5§9§A§1§D§9§lA§x§6§E§A§D§D§Er§x§8§3§B§9§E§3c§x§9§7§C§4§E§7h§x§A§C§D§0§E§Ca§x§C§1§D§C§F§1n§x§D§6§E§8§F§6g§x§E§A§F§3§F§Ae§fl §x§D§0§E§4§F§4H§x§B§8§D§7§E§Fe§x§A§0§C§9§E§9l§x§8§8§B§C§E§4m§x§7§1§A§E§D§Ee§x§5§9§A§1§D§9t in auction for 250000.
[02:59:45] > aznaaa added x1 §f§l§8B§x§6§2§6§2§6§2a§x§6§F§6§F§6§Fh§x§7§C§7§C§7§Ca§x§8§9§8§9§8§9m§x§9§6§9§6§9§6u§x§A§3§A§3§A§3t §x§9§6§9§6§9§6P§x§8§9§8§9§8§9i§x§7§C§7§C§7§Cc§x§6§F§6§F§6§Fa§x§6§2§6§2§6§2x§8e in auction for 300000.
[02:59:52] > Icon_Skully added x1 §f§l§x§F§C§D§0§5§CW§x§F§B§B§D§5§4u§x§F§A§A§A§4§Bk§x§F§A§9§7§4§3o§x§F§9§8§4§3§Bn§x§F§8§7§1§3§2g§x§F§7§5§F§2§A §x§F§6§4§C§2§1B§x§F§5§3§9§1§9o§x§F§5§2§6§1§1o§x§F§4§1§3§0§8t§x§F§3§0§0§0§0s in auction for 250000.
[03:00:05] > Icon_Skully added x1 §x§5§9§A§1§D§9§lA§x§7§1§A§E§D§Er§x§8§8§B§C§E§4c§x§A§0§C§9§E§9h§x§B§8§D§7§E§Fa§x§D§0§E§4§F§4n§x§E§7§F§2§F§Ag§fe§x§E§7§F§2§F§Al §x§B§8§D§7§E§FS§x§A§0§C§9§E§9t§x§8§8§B§C§E§4a§x§7§1§A§E§D§Ef§x§5§9§A§1§D§9f in auction for 250000.
[03:01:34] > Icon_Skully remove x1 §x§5§9§A§1§D§9§lA§x§6§E§A§D§D§Er§x§8§3§B§9§E§3c§x§9§7§C§4§E§7h§x§A§C§D§0§E§Ca§x§C§1§D§C§F§1n§x§D§6§E§8§F§6g§x§E§A§F§3§F§Ae§fl §x§D§0§E§4§F§4H§x§B§8§D§7§E§Fe§x§A§0§C§9§E§9l§x§8§8§B§C§E§4m§x§7§1§A§E§D§Ee§x§5§9§A§1§D§9t from storage
[03:01:36] > Icon_Skully remove x1 §f§l§x§F§C§D§0§5§CW§x§F§B§B§D§5§4u§x§F§A§A§A§4§Bk§x§F§A§9§7§4§3o§x§F§9§8§4§3§Bn§x§F§8§7§1§3§2g§x§F§7§5§F§2§A §x§F§6§4§C§2§1B§x§F§5§3§9§1§9o§x§F§5§2§6§1§1o§x§F§4§1§3§0§8t§x§F§3§0§0§0§0s from storage
[03:01:37] > Icon_Skully remove x1 §x§5§9§A§1§D§9§lA§x§7§1§A§E§D§Er§x§8§8§B§C§E§4c§x§A§0§C§9§E§9h§x§B§8§D§7§E§Fa§x§D§0§E§4§F§4n§x§E§7§F§2§F§Ag§fe§x§E§7§F§2§F§Al §x§B§8§D§7§E§FS§x§A§0§C§9§E§9t§x§8§8§B§C§E§4a§x§7§1§A§E§D§Ef§x§5§9§A§1§D§9f from storage
[03:06:05] > Icon_Skully added x1 §f§l§x§E§4§3§A§3§AM§x§D§5§4§9§3§Ae§x§C§6§5§9§3§Ar§x§B§7§6§8§3§9r§x§A§8§7§8§3§9y§x§9§9§8§7§3§9 §x§8§9§9§6§3§9C§x§7§A§A§6§3§9h§x§6§B§B§5§3§8r§x§5§C§C§5§3§8i§x§4§D§D§4§3§8s§x§5§C§C§5§3§8t§x§6§B§B§5§3§8m§x§7§A§A§6§3§9a§x§8§9§9§6§3§9s§x§9§9§8§7§3§9 §x§A§8§7§8§3§9S§x§B§7§6§8§3§9p§x§C§6§5§9§3§Ae§x§D§5§4§9§3§Aa§x§E§4§3§A§3§Ar in auction for 1250000.
[03:06:27] > Icon_Skully added x1 §x§5§9§A§1§D§9§lA§x§6§E§A§D§D§Er§x§8§3§B§9§E§3c§x§9§7§C§4§E§7h§x§A§C§D§0§E§Ca§x§C§1§D§C§F§1n§x§D§6§E§8§F§6g§x§E§A§F§3§F§Ae§fl §x§D§0§E§4§F§4H§x§B§8§D§7§E§Fe§x§A§0§C§9§E§9l§x§8§8§B§C§E§4m§x§7§1§A§E§D§Ee§x§5§9§A§1§D§9t in auction for 250000.
[03:06:42] > Icon_Skully added x1 §f§l§x§F§C§D§0§5§CW§x§F§B§B§D§5§4u§x§F§A§A§A§4§Bk§x§F§A§9§7§4§3o§x§F§9§8§4§3§Bn§x§F§8§7§1§3§2g§x§F§7§5§F§2§A §x§F§6§4§C§2§1B§x§F§5§3§9§1§9o§x§F§5§2§6§1§1o§x§F§4§1§3§0§8t§x§F§3§0§0§0§0s in auction for 250000.
[03:07:03] > Icon_Skully added x1 §x§5§9§A§1§D§9§lA§x§7§1§A§E§D§Er§x§8§8§B§C§E§4c§x§A§0§C§9§E§9h§x§B§8§D§7§E§Fa§x§D§0§E§4§F§4n§x§E§7§F§2§F§Ag§fe§x§E§7§F§2§F§Al §x§B§8§D§7§E§FS§x§A§0§C§9§E§9t§x§8§8§B§C§E§4a§x§7§1§A§E§D§Ef§x§5§9§A§1§D§9f in auction for 200000.
[03:08:32] > Xavier881 buy x1 §f§l§x§8§A§0§0§F§FS§x§9§8§0§0§D§Dh§x§A§6§0§0§B§Bi§x§B§4§0§0§9§9n§x§C§2§0§0§7§7e§x§D§0§0§0§5§5 §x§D§E§0§0§3§3O§x§E§C§0§0§1§1ni§x§D§E§0§0§3§3 §x§D§0§0§0§5§5H§x§C§2§0§0§7§7e§x§B§4§0§0§9§9l§x§A§6§0§0§B§Bm§x§9§8§0§0§D§De§x§8§A§0§0§F§Ft to king_ARK for $2,500,000.
[03:09:06] > Xavier881 remove x1 §f§l§x§8§A§0§0§F§FS§x§9§8§0§0§D§Dh§x§A§6§0§0§B§Bi§x§B§4§0§0§9§9n§x§C§2§0§0§7§7e§x§D§0§0§0§5§5 §x§D§E§0§0§3§3O§x§E§C§0§0§1§1ni§x§D§E§0§0§3§3 §x§D§0§0§0§5§5H§x§C§2§0§0§7§7e§x§B§4§0§0§9§9l§x§A§6§0§0§B§Bm§x§9§8§0§0§D§De§x§8§A§0§0§F§Ft form buy
[03:10:31] > .AppriXD added x1 §f§l§8B§x§6§0§6§0§6§0a§x§6§C§6§C§6§Ch§x§7§7§7§7§7§7a§x§8§2§8§2§8§2m§x§8§E§8§E§8§Eu§x§9§9§9§9§9§9t§x§A§4§A§4§A§4 L§x§9§9§9§9§9§9e§x§8§E§8§E§8§Eg§x§8§2§8§2§8§2g§x§7§7§7§7§7§7i§x§6§C§6§C§6§Cn§x§6§0§6§0§6§0g§8s in auction for 150000.
[03:37:00] > Xavier881 buy x2 §b§lCrab Lure to Ryzxc for $100,000.
[03:48:26] > Jaggie buy x1 §x§3§4§9§8§D§Bᴄᴏᴡ ꜱᴘᴀᴡɴᴇʀ to giyahnpogi for $1,000,000.
[03:48:50] > Jaggie remove x1 §x§3§4§9§8§D§Bᴄᴏᴡ ꜱᴘᴀᴡɴᴇʀ from buy
[03:51:48] > nachfaust added x1 Enchanted book in auction for 25000.
[03:52:04] > nachfaust added x1 Enchanted book in auction for 25000.
[03:52:21] > nachfaust added x1 Enchanted book in auction for 25000.
[03:52:35] > nachfaust added x1 Enchanted book in auction for 25000.
[03:56:06] > nachfaust added x1 Enchanted book in auction for 50000.
[03:56:24] > nachfaust added x1 Enchanted book in auction for 70000.
[03:57:50] > nachfaust added x9 §9§lCrab Claw in auction for 500000.
[03:58:29] > nachfaust added x10 §3§lDolphin Tail in auction for 1200000.
[04:22:52] > Zypher_0w0 added x64 Wither skeleton skull in auction for 320000.
[04:26:53] > x1 §f§l§8B§x§6§6§6§6§6§6a§x§7§7§7§7§7§7h§x§8§8§8§8§8§8a§x§9§9§9§9§9§9m§7u§x§9§9§9§9§9§9t§x§8§8§8§8§8§8 §x§7§7§7§7§7§7H§x§6§6§6§6§6§6o§8e on sale by Renzy01 has just expired, it goes in the inventory of expired items.
[04:56:28] > zDamixx buy x1 §x§A§5§8§0§D§D§lᴇᴘɪᴄ ɪᴛᴇᴍ to InternetCafeUser for $100,000.
[06:02:44] > qu4sar buy x1 §f§l§8B§x§6§0§6§0§6§0a§x§6§C§6§C§6§Ch§x§7§7§7§7§7§7a§x§8§2§8§2§8§2m§x§8§E§8§E§8§Eu§x§9§9§9§9§9§9t§x§A§4§A§4§A§4 L§x§9§9§9§9§9§9e§x§8§E§8§E§8§Eg§x§8§2§8§2§8§2g§x§7§7§7§7§7§7i§x§6§C§6§C§6§Cn§x§6§0§6§0§6§0g§8s to .AppriXD for $150,000.
[06:02:55] > qu4sar remove x1 §f§l§8B§x§6§0§6§0§6§0a§x§6§C§6§C§6§Ch§x§7§7§7§7§7§7a§x§8§2§8§2§8§2m§x§8§E§8§E§8§Eu§x§9§9§9§9§9§9t§x§A§4§A§4§A§4 L§x§9§9§9§9§9§9e§x§8§E§8§E§8§Eg§x§8§2§8§2§8§2g§x§7§7§7§7§7§7i§x§6§C§6§C§6§Cn§x§6§0§6§0§6§0g§8s from buy
[06:35:59] > aroraru buy x1 Enchanted book to nachfaust for $25,000.
[06:36:32] > aroraru added x1 Enchanted book in auction for 100000.
[06:42:24] > Riftblade6222 added x2 Ominous bottle in auction for 200000.
[06:52:22] > ReKYee buy x1 §x§5§9§A§1§D§9§lA§x§6§E§A§D§D§Er§x§8§3§B§9§E§3c§x§9§7§C§4§E§7h§x§A§C§D§0§E§Ca§x§C§1§D§C§F§1n§x§D§6§E§8§F§6g§x§E§A§F§3§F§Ae§fl §x§D§0§E§4§F§4H§x§B§8§D§7§E§Fe§x§A§0§C§9§E§9l§x§8§8§B§C§E§4m§x§7§1§A§E§D§Ee§x§5§9§A§1§D§9t to Icon_Skully for $250,000.
[06:52:41] > ReKYee remove x1 §x§5§9§A§1§D§9§lA§x§6§E§A§D§D§Er§x§8§3§B§9§E§3c§x§9§7§C§4§E§7h§x§A§C§D§0§E§Ca§x§C§1§D§C§F§1n§x§D§6§E§8§F§6g§x§E§A§F§3§F§Ae§fl §x§D§0§E§4§F§4H§x§B§8§D§7§E§Fe§x§A§0§C§9§E§9l§x§8§8§B§C§E§4m§x§7§1§A§E§D§Ee§x§5§9§A§1§D§9t from buy
[08:20:13] > tic_sz buy x9 §9§lCrab Claw to nachfaust for $500,000.
[08:20:15] > tic_sz buy x10 §3§lDolphin Tail to nachfaust for $1,200,000.
[08:36:58] > x1 Silence armor trim smithing template, bought by auvicious, has just expired, the item is definitively deleted.
[08:37:00] > tic_sz remove x9 §9§lCrab Claw from buy
[08:37:01] > tic_sz remove x10 §3§lDolphin Tail from buy
[09:38:10] > zDamixx buy x1 Ominous bottle to Julene for $35,000.
[09:38:17] > zDamixx remove x64 Diamond from buy
[09:38:18] > zDamixx remove x1 §x§A§5§8§0§D§D§lᴇᴘɪᴄ ɪᴛᴇᴍ from buy
[09:38:19] > zDamixx remove x1 Ominous bottle from buy
[09:39:55] > Edabis added x1 §x§F§F§5§5§0§0§lsᴇʟʟᴡᴀɴᴅ §6- 10.0x in auction for 1200000.
[10:03:36] > SenjuKawaragi buy x1 §x§F§F§5§5§0§0§lsᴇʟʟᴡᴀɴᴅ §6- 10.0x to Edabis for $1,200,000.
[10:03:43] > SenjuKawaragi remove x1 §x§F§F§5§5§0§0§lsᴇʟʟᴡᴀɴᴅ §6- 10.0x from buy
[10:22:39] > x1 §x§F§0§7§A§5§4§lZombie Apocalyptic Halberd on sale by RizzaIck has just expired, it goes in the inventory of expired items.
[10:22:39] > x1 §f§l§8B§x§6§6§6§6§6§6a§x§7§7§7§7§7§7h§x§8§8§8§8§8§8a§x§9§9§9§9§9§9m§7u§x§9§9§9§9§9§9t§x§8§8§8§8§8§8 §x§7§7§7§7§7§7H§x§6§6§6§6§6§6o§8e on sale by RizzaIck has just expired, it goes in the inventory of expired items.
[10:22:39] > x1 §f§l§8B§x§6§4§6§4§6§4a§x§7§4§7§4§7§4h§x§8§3§8§3§8§3a§x§9§3§9§3§9§3m§x§A§2§A§2§A§2ut§x§9§3§9§3§9§3 §x§8§3§8§3§8§3C§x§7§4§7§4§7§4l§x§6§4§6§4§6§4u§8b on sale by RizzaIck has just expired, it goes in the inventory of expired items.
[10:58:09] > x1 §f§l§8B§x§6§3§6§3§6§3a§x§7§1§7§1§7§1h§x§8§0§8§0§8§0a§x§8§E§8§E§8§Em§x§9§C§9§C§9§Cu§7t§x§9§C§9§C§9§C §x§8§E§8§E§8§EW§x§8§0§8§0§8§0i§x§7§1§7§1§7§1n§x§6§3§6§3§6§3g§8s on sale by Uratakiz has just expired, it goes in the inventory of expired items.
[11:43:41] > x1 §x§E§5§1§B§1§B§lDracula Sword on sale by EnderDragon0120 has just expired, it goes in the inventory of expired items.
[11:43:41] > x1 §f§l§8B§x§6§2§6§2§6§2a§x§6§F§6§F§6§Fh§x§7§C§7§C§7§Ca§x§8§9§8§9§8§9m§x§9§6§9§6§9§6u§x§A§3§A§3§A§3t §x§9§6§9§6§9§6D§x§8§9§8§9§8§9a§x§7§C§7§C§7§Cg§x§6§F§6§F§6§Fg§x§6§2§6§2§6§2e§8r on sale by EnderDragon0120 has just expired, it goes in the inventory of expired items.
[11:50:12] > x1 §x§F§0§7§A§5§4§lZombie Apocalyptic Key, item of ironjedi475, has just expired, the item is definitively deleted.
[11:50:12] > x1 §x§F§E§B§E§C§A§lSeason 3 Celebration Cake <3, item of .Techno_Demon253, has just expired, the item is definitively deleted.
[11:50:12] > x3 Golden apple, item of .Techno_Demon253, has just expired, the item is definitively deleted.
[11:50:12] > x1 Enchanted golden apple, item of .Techno_Demon253, has just expired, the item is definitively deleted.
[11:50:14] > Zypher_0w0 remove x1 Enchanted book from expire
[11:50:40] > Zypher_0w0 added x1 Enchanted book in auction for 450000.
[11:59:47] > SenjuKawaragi buy x1 Enchanted book to nachfaust for $50,000.
[11:59:51] > SenjuKawaragi buy x1 Enchanted book to aroraru for $100,000.
[11:59:56] > SenjuKawaragi remove x1 Enchanted book from buy
[11:59:57] > SenjuKawaragi remove x1 Enchanted book from buy