
[12:07:15] > wolf_keum buy x1 §x§F§F§3§E§0§0§lD§x§F§F§3§8§0§0§le§x§F§F§3§2§0§0§lm§x§F§F§2§B§0§0§lo§x§F§F§2§5§0§0§ln §x§F§F§1§9§0§0§lL§x§F§F§1§3§0§0§lo§x§F§F§0§C§0§0§lr§x§F§F§0§6§0§0§ld §x§F§F§0§6§0§0§lB§x§F§F§0§C§0§0§la§x§F§F§1§3§0§0§lt§x§F§F§1§9§0§0§lt§x§F§F§1§F§0§0§ll§x§F§F§2§5§0§0§le §x§F§F§3§2§0§0§lA§x§F§F§3§8§0§0§lx§x§F§F§3§E§0§0§le to MrGh0st1y for $200,000.
[12:07:21] > wolf_keum remove x1 §x§F§F§3§E§0§0§lD§x§F§F§3§8§0§0§le§x§F§F§3§2§0§0§lm§x§F§F§2§B§0§0§lo§x§F§F§2§5§0§0§ln §x§F§F§1§9§0§0§lL§x§F§F§1§3§0§0§lo§x§F§F§0§C§0§0§lr§x§F§F§0§6§0§0§ld §x§F§F§0§6§0§0§lB§x§F§F§0§C§0§0§la§x§F§F§1§3§0§0§lt§x§F§F§1§9§0§0§lt§x§F§F§1§F§0§0§ll§x§F§F§2§5§0§0§le §x§F§F§3§2§0§0§lA§x§F§F§3§8§0§0§lx§x§F§F§3§E§0§0§le form buy
[12:08:45] > tic_sz added x64 Experience bottle in auction for 10000.
[12:19:14] > MrZyrus7228 added x1 §f§l§x§F§A§0§0§0§AD§x§F§A§1§5§1§2a§x§F§A§2§A§1§Ar§x§F§B§3§E§2§3k§x§F§B§5§3§2§Bf§x§F§B§6§8§3§3l§x§F§B§7§D§3§Ba§x§F§B§9§2§4§3m§x§F§C§A§6§4§Ce§x§F§C§B§B§5§4 §x§F§C§D§0§5§CF§x§F§C§B§B§5§4i§x§F§C§A§6§4§Cs§x§F§B§9§2§4§3h§x§F§B§7§D§3§Bi§x§F§B§6§8§3§3n§x§F§B§5§3§2§Bg§x§F§B§3§E§2§3 §x§F§A§2§A§1§AR§x§F§A§1§5§1§2o§x§F§A§0§0§0§Ad in auction for 1000000.
[12:26:46] > FRANZ_JOSEF0 buy x64 Experience bottle to HwanYo for $250,000.
[12:26:48] > ameeelia buy x1 §x§F§F§7§C§0§0§lSteamsparks Axe to mae for $50,000.
[12:26:52] > FRANZ_JOSEF0 remove x64 Experience bottle from buy
[12:26:53] > ameeelia remove x1 §x§F§F§7§C§0§0§lSteamsparks Axe from buy
[12:29:08] > FRANZ_JOSEF0 added x1 §fHorns in auction for 10000.
[13:50:33] > FRANZ_JOSEF0 remove x1 §f§x§D§0§D§0§D§0J§x§C§9§C§9§C§9e§x§C§2§C§2§C§2t§x§B§B§B§B§B§B §x§B§3§B§3§B§3P§x§A§C§A§C§A§Ci§x§A§5§A§5§A§5l§x§9§E§9§E§9§Eo§x§9§7§9§7§9§7t§x§9§0§9§0§9§0 §x§8§9§8§9§8§9H§x§8§2§8§2§8§2e§x§7§A§7§A§7§Al§x§7§3§7§3§7§3m§x§6§C§6§C§6§Ce§x§6§5§6§5§6§5t from storage
[13:57:53] > .SharkyisHungry added x1 §x§F§F§3§E§0§0§lD§x§F§F§3§7§0§0§le§x§F§F§3§0§0§0§lm§x§F§F§2§9§0§0§lo§x§F§F§2§2§0§0§ln §x§F§F§1§5§0§0§lL§x§F§F§0§E§0§0§lo§x§F§F§0§7§0§0§lr§x§F§F§0§0§0§0§ld §x§F§F§0§E§0§0§lL§x§F§F§1§5§0§0§le§x§F§F§1§C§0§0§lg§x§F§F§2§2§0§0§lg§x§F§F§2§9§0§0§li§x§F§F§3§0§0§0§ln§x§F§F§3§7§0§0§lg§x§F§F§3§E§0§0§ls in auction for 500000.
[14:08:07] > .SharkyisHungry added x1 §eɪʀᴏɴ ɢᴏʟᴇᴍ sᴘᴀᴡɴᴇʀ in auction for 550000.
[14:08:36] > king_ARK buy x1 §f§x§D§0§D§0§D§0J§x§C§9§C§9§C§9e§x§C§2§C§2§C§2t§x§B§B§B§B§B§B §x§B§3§B§3§B§3P§x§A§C§A§C§A§Ci§x§A§5§A§5§A§5l§x§9§E§9§E§9§Eo§x§9§7§9§7§9§7t§x§9§0§9§0§9§0 §x§8§9§8§9§8§9H§x§8§2§8§2§8§2e§x§7§A§7§A§7§Al§x§7§3§7§3§7§3m§x§6§C§6§C§6§Ce§x§6§5§6§5§6§5t to BlackKnight for $50,000.
[14:08:37] > .SharkyisHungry added x1 §eᴡɪᴛᴄʜ ꜱᴘᴀᴡɴᴇʀ in auction for 650000.
[14:09:00] > anneyong buy x1 §eᴡɪᴛᴄʜ ꜱᴘᴀᴡɴᴇʀ to .SharkyisHungry for $650,000.
[14:09:03] > .SharkyisHungry remove x1 §eɪʀᴏɴ ɢᴏʟᴇᴍ sᴘᴀᴡɴᴇʀ from storage
[14:09:44] > anneyong remove x1 §eᴡɪᴛᴄʜ ꜱᴘᴀᴡɴᴇʀ from buy
[14:10:48] > .SharkyisHungry added x1 §eᴡɪᴛᴄʜ ꜱᴘᴀᴡɴᴇʀ in auction for 670000.
[14:15:02] > giyahnpogi added x13 Deepslate redstone ore in auction for 10.
[14:15:16] > Sezemi added x53 Sculk catalyst in auction for 10.
[14:26:59] > x1 §f§l§x§F§C§D§0§5§CW§x§F§B§A§D§4§Du§x§F§9§8§B§3§Dk§x§F§8§6§8§2§Eo§x§F§6§4§5§1§Fn§x§F§5§2§3§0§Fg§x§F§3§0§0§0§0 §x§F§5§2§3§0§FD§x§F§6§4§5§1§Fa§x§F§8§6§8§2§Eg§x§F§9§8§B§3§Dg§x§F§B§A§D§4§De§x§F§C§D§0§5§Cr on sale by nnorv1 has just expired, it goes in the inventory of expired items.
[14:27:17] > BlackKnight buy x1 §eᴡɪᴛᴄʜ ꜱᴘᴀᴡɴᴇʀ to .SharkyisHungry for $670,000.
[14:33:59] > BlackKnight remove x1 §x§5§9§A§1§D§9§lA§x§7§5§B§1§D§Fr§x§9§0§C§0§E§6c§x§A§C§D§0§E§Ch§x§C§8§E§0§F§2a§x§E§3§E§F§F§9n§fg§x§E§3§E§F§F§9e§x§C§8§E§0§F§2l §x§9§0§C§0§E§6H§x§7§5§B§1§D§Fo§x§5§9§A§1§D§9e from buy
[14:34:00] > BlackKnight remove x1 §eᴡɪᴛᴄʜ ꜱᴘᴀᴡɴᴇʀ from buy
[14:52:32] > anneyong buy x13 Deepslate redstone ore to giyahnpogi for $10.
[14:52:44] > anneyong buy x53 Sculk catalyst to Sezemi for $10.
[15:17:17] > giyahnpogi added x1 §f§l§8B§x§6§3§6§3§6§3a§x§7§1§7§1§7§1h§x§8§0§8§0§8§0a§x§8§E§8§E§8§Em§x§9§C§9§C§9§Cu§7t§x§9§C§9§C§9§C §x§8§E§8§E§8§ES§x§8§0§8§0§8§0p§x§7§1§7§1§7§1e§x§6§3§6§3§6§3a§8r in auction for 3500000.
[15:17:33] > .Kenku1001 buy x2 Shulker shell to FRANZ_JOSEF0 for $20,000.
[15:17:41] > .Kenku1001 buy x7 Nether star to lolxxvihan for $50,000.
[15:18:04] > .Kenku1001 buy x1 §fMedieval Hat to BlackKnight for $30,000.
[15:18:04] > giyahnpogi remove x1 §f§l§8B§x§6§3§6§3§6§3a§x§7§1§7§1§7§1h§x§8§0§8§0§8§0a§x§8§E§8§E§8§Em§x§9§C§9§C§9§Cu§7t§x§9§C§9§C§9§C §x§8§E§8§E§8§ES§x§8§0§8§0§8§0p§x§7§1§7§1§7§1e§x§6§3§6§3§6§3a§8r from storage
[15:20:39] > x1 §f§l§x§F§C§D§0§5§CW§x§F§A§A§2§4§8u§x§F§8§7§4§3§3k§x§F§6§4§5§1§Fo§x§F§4§1§7§0§Ang§x§F§6§4§5§1§F §x§F§8§7§4§3§3A§x§F§A§A§2§4§8x§x§F§C§D§0§5§Ce, bought by MrGh0st1y, has just expired, the item is definitively deleted.
[15:20:39] > x27 Diamond, bought by ZelYang, has just expired, the item is definitively deleted.
[15:20:42] > .Kenku1001 remove x2 Shulker shell from buy
[15:20:43] > .Kenku1001 remove x1 §fMedieval Hat from buy
[15:20:44] > .Kenku1001 remove x7 Nether star from buy
[15:40:58] > grit_zy added x1 Elytra in auction for 500000.
[15:41:04] > tic_sz buy x1 Elytra to grit_zy for $500,000.
[15:41:14] > grit_zy added x1 Elytra in auction for 500000.
[15:41:18] > tic_sz buy x1 Elytra to grit_zy for $500,000.
[15:41:55] > grit_zy added x1 Elytra in auction for 500000.
[15:41:58] > BlackKnight buy x1 Elytra to grit_zy for $500,000.
[15:42:07] > grit_zy added x1 Elytra in auction for 500000.
[15:42:09] > BlackKnight buy x1 Elytra to grit_zy for $500,000.
[15:42:23] > grit_zy added x1 Elytra in auction for 500000.
[15:42:25] > BlackKnight buy x1 Elytra to grit_zy for $500,000.
[15:42:38] > grit_zy added x1 Elytra in auction for 500000.
[15:42:40] > BlackKnight buy x1 Elytra to grit_zy for $500,000.
[16:15:01] > .Allxnzv added x2 Nether star in auction for 100000.
[16:15:25] > HPMR_GaMerz buy x1 §x§5§C§C§F§F§C§lC§x§5§C§D§1§F§5§lo§x§5§D§D§4§E§E§ls§x§5§D§D§6§E§7§lm§x§5§E§D§9§E§1§le§x§5§E§D§B§D§A§lt§x§5§E§D§D§D§3§li§x§5§F§E§0§C§C§lc §x§5§F§E§0§C§C§lH§x§5§E§D§D§D§3§la§x§5§E§D§B§D§A§lt§x§5§E§D§9§E§1§ls §x§5§D§D§4§E§E§lK§x§5§C§D§1§F§5§le§x§5§C§C§F§F§C§ly to Cooldoggiexd for $20,000.
[16:26:29] > .Allxnzv added x1 §f§l§x§F§C§D§0§5§CW§x§F§B§B§2§4§Fu§x§F§9§9§5§4§2k§x§F§8§7§7§3§5o§x§F§7§5§9§2§7n§x§F§6§3§B§1§Ag§x§F§4§1§E§0§D §x§F§3§0§0§0§0C§x§F§4§1§E§0§Dr§x§F§6§3§B§1§Ao§x§F§7§5§9§2§7s§x§F§8§7§7§3§5s§x§F§9§9§5§4§2b§x§F§B§B§2§4§Fo§x§F§C§D§0§5§Cw in auction for 200000.
[16:31:55] > HPMR_GaMerz buy x1 §esᴘɪᴅᴇʀ sᴘᴀᴡɴᴇʀ to Sombre_505 for $500,000.
[16:34:34] > MrZyrus7228 added x48 Emerald in auction for 10.
[16:34:40] > HPMR_GaMerz buy x48 Emerald to MrZyrus7228 for $10.
[16:34:56] > HPMR_GaMerz buy x1 §f§l§8B§x§6§1§6§1§6§1a§x§6§D§6§D§6§Dh§x§7§9§7§9§7§9a§x§8§6§8§6§8§6m§x§9§2§9§2§9§2u§x§9§E§9§E§9§Et§7 §x§9§E§9§E§9§EH§x§9§2§9§2§9§2a§x§8§6§8§6§8§6l§x§7§9§7§9§7§9b§x§6§D§6§D§6§De§x§6§1§6§1§6§1r§8d to Takeremu for $1,000,000.
[16:35:16] > x1 §x§F§0§7§A§5§4§lZombie Apocalyptic Bow, item of ahzii, has just expired, the item is definitively deleted.
[16:35:16] > x1 §x§F§0§7§A§5§4§lZombie Apocalyptic Key, item of Kwienn, has just expired, the item is definitively deleted.
[16:35:16] > x1 §x§E§E§0§0§0§0§lᴜɴʟɪᴍɪᴛᴇᴅ sᴇʟʟᴡᴀɴᴅ, item of Teshii, has just expired, the item is definitively deleted.
[16:35:19] > HPMR_GaMerz remove x1 §aCthulhu from expire
[16:35:20] > HPMR_GaMerz remove x5 §x§5§C§C§F§F§C§lC§x§5§C§D§1§F§5§lo§x§5§D§D§4§E§E§ls§x§5§D§D§6§E§7§lm§x§5§E§D§9§E§1§le§x§5§E§D§B§D§A§lt§x§5§E§D§D§D§3§li§x§5§F§E§0§C§C§lc §x§5§F§E§0§C§C§lH§x§5§E§D§D§D§3§la§x§5§E§D§B§D§A§lt§x§5§E§D§9§E§1§ls §x§5§D§D§4§E§E§lK§x§5§C§D§1§F§5§le§x§5§C§C§F§F§C§ly from expire
[16:48:35] > Unforce01 added x5 §x§F§C§9§0§5§C§lE§x§E§6§9§C§6§B§lp§x§C§F§A§7§7§A§li§x§B§9§B§3§8§9§lc §x§8§C§C§B§A§7§lC§x§7§5§D§6§B§6§lr§x§5§F§E§2§C§5§la§x§7§9§D§4§B§4§lt§x§9§3§C§7§A§2§le §x§C§8§A§B§7§F§lK§x§E§2§9§E§6§E§le§x§F§C§9§0§5§C§ly in auction for 100000.
[16:50:37] > Unforce01 remove x5 §x§F§C§9§0§5§C§lE§x§E§6§9§C§6§B§lp§x§C§F§A§7§7§A§li§x§B§9§B§3§8§9§lc §x§8§C§C§B§A§7§lC§x§7§5§D§6§B§6§lr§x§5§F§E§2§C§5§la§x§7§9§D§4§B§4§lt§x§9§3§C§7§A§2§le §x§C§8§A§B§7§F§lK§x§E§2§9§E§6§E§le§x§F§C§9§0§5§C§ly from storage
[16:51:06] > Unforce01 remove x1 §f§l§x§F§C§D§0§5§CW§x§F§B§A§D§4§Du§x§F§9§8§B§3§Dk§x§F§8§6§8§2§Eo§x§F§6§4§5§1§Fn§x§F§5§2§3§0§Fg§x§F§3§0§0§0§0 §x§F§5§2§3§0§FS§x§F§6§4§5§1§Fh§x§F§8§6§8§2§Ei§x§F§9§8§B§3§De§x§F§B§A§D§4§Dl§x§F§C§D§0§5§Cd from storage
[16:51:06] > Unforce01 remove x1 §f§l§x§F§C§D§0§5§CW§x§F§A§A§A§4§Bu§x§F§9§8§4§3§Bk§x§F§7§5§F§2§Ao§x§F§5§3§9§1§9n§x§F§4§1§3§0§8g §x§F§5§3§9§1§9S§x§F§7§5§F§2§Ap§x§F§9§8§4§3§Be§x§F§A§A§A§4§Ba§x§F§C§D§0§5§Cr from storage
[16:51:07] > Unforce01 remove x1 §f§l§x§F§C§D§0§5§CW§x§F§B§B§0§4§Eu§x§F§9§9§0§4§0k§x§F§8§7§0§3§2o§x§F§6§5§0§2§3n§x§F§5§3§0§1§5g§x§F§4§1§0§0§7 H§x§F§5§3§0§1§5a§x§F§6§5§0§2§3l§x§F§8§7§0§3§2b§x§F§9§9§0§4§0e§x§F§B§B§0§4§Er§x§F§C§D§0§5§Cd from storage
[16:51:08] > Unforce01 remove x1 §x§F§F§3§E§0§0§lD§x§F§F§3§6§0§0§le§x§F§F§2§F§0§0§lm§x§F§F§2§7§0§0§lo§x§F§F§1§F§0§0§ln §x§F§F§1§0§0§0§lL§x§F§F§0§8§0§0§lo§x§F§F§0§0§0§0§lr§x§F§F§0§9§0§0§ld §x§F§F§1§B§0§0§lS§x§F§F§2§3§0§0§lw§x§F§F§2§C§0§0§lo§x§F§F§3§5§0§0§lr§x§F§F§3§E§0§0§ld from storage
[16:53:34] > tic_sz remove x1 Elytra from buy
[16:56:02] > x1 §esᴘɪᴅᴇʀ sᴘᴀᴡɴᴇʀ on sale by Pewpew has just expired, it goes in the inventory of expired items.
[17:00:56] > Lan3dy added x2 §x§5§C§C§F§F§C§lC§x§5§C§D§1§F§5§lo§x§5§D§D§4§E§E§ls§x§5§D§D§6§E§7§lm§x§5§E§D§9§E§1§le§x§5§E§D§B§D§A§lt§x§5§E§D§D§D§3§li§x§5§F§E§0§C§C§lc §x§5§F§E§0§C§C§lH§x§5§E§D§D§D§3§la§x§5§E§D§B§D§A§lt§x§5§E§D§9§E§1§ls §x§5§D§D§4§E§E§lK§x§5§C§D§1§F§5§le§x§5§C§C§F§F§C§ly in auction for 180000.
[17:01:56] > st3ph426 added x1 §x§F§0§7§A§5§4§lZombie Apocalyptic Baseballbat in auction for 2000000.
[17:02:08] > FRANZ_JOSEF0 added x1 §eMummy Hat in auction for 10000.
[17:02:19] > Ax_ added x1 §f§x§F§B§B§6§1§DC§x§F§0§A§F§1§Ca§x§E§5§A§8§1§Bp§x§D§B§A§0§1§9y§x§D§0§9§9§1§8b§x§C§5§9§2§1§7a§x§B§A§8§B§1§6r§x§A§F§8§4§1§5a§x§A§4§7§D§1§4 §x§9§A§7§5§1§2H§x§8§F§6§E§1§1a§x§8§4§6§7§1§0t in auction for 50000.
[17:02:26] > Unforce01 buy x1 §f§x§F§B§B§6§1§DC§x§F§0§A§F§1§Ca§x§E§5§A§8§1§Bp§x§D§B§A§0§1§9y§x§D§0§9§9§1§8b§x§C§5§9§2§1§7a§x§B§A§8§B§1§6r§x§A§F§8§4§1§5a§x§A§4§7§D§1§4 §x§9§A§7§5§1§2H§x§8§F§6§E§1§1a§x§8§4§6§7§1§0t to Ax_ for $50,000.
[17:02:40] > Unforce01 remove x1 §f§x§F§B§B§6§1§DC§x§F§0§A§F§1§Ca§x§E§5§A§8§1§Bp§x§D§B§A§0§1§9y§x§D§0§9§9§1§8b§x§C§5§9§2§1§7a§x§B§A§8§B§1§6r§x§A§F§8§4§1§5a§x§A§4§7§D§1§4 §x§9§A§7§5§1§2H§x§8§F§6§E§1§1a§x§8§4§6§7§1§0t form buy
[17:03:01] > st3ph426 added x1 §eʙʟᴀᴢᴇ sᴘᴀᴡɴᴇʀ in auction for 2500000.
[17:03:07] > Ax_ added x1 §eᴢᴏᴍʙɪᴇ sᴘᴀᴡɴᴇʀ in auction for 400000.
[17:03:17] > Sezemi buy x1 §eMummy Hat to FRANZ_JOSEF0 for $10,000.
[17:03:37] > FRANZ_JOSEF0 added x1 §eʙʟᴀᴢᴇ sᴘᴀᴡɴᴇʀ in auction for 2000000.
[17:04:36] > Ax_ added x1 §eʙʟᴀᴢᴇ sᴘᴀᴡɴᴇʀ in auction for 1500000.
[17:04:48] > Ax_ remove x1 §eᴢᴏᴍʙɪᴇ sᴘᴀᴡɴᴇʀ from storage
[17:05:03] > Ax_ added x1 §eᴢᴏᴍʙɪᴇ sᴘᴀᴡɴᴇʀ in auction for 350000.
[17:05:28] > Ax_ remove x1 §eʙʟᴀᴢᴇ sᴘᴀᴡɴᴇʀ from storage
[17:05:39] > Ax_ added x1 §eʙʟᴀᴢᴇ sᴘᴀᴡɴᴇʀ in auction for 1000000.
[17:05:55] > .Allxnzv buy x1 §x§F§F§3§E§0§0§lD§x§F§F§3§6§0§0§le§x§F§F§2§F§0§0§lm§x§F§F§2§7§0§0§lo§x§F§F§1§F§0§0§ln §x§F§F§1§0§0§0§lL§x§F§F§0§8§0§0§lo§x§F§F§0§0§0§0§lr§x§F§F§0§8§0§0§ld §x§F§F§1§7§0§0§lD§x§F§F§1§F§0§0§la§x§F§F§2§7§0§0§lg§x§F§F§2§F§0§0§lg§x§F§F§3§6§0§0§le§x§F§F§3§E§0§0§lr to MrGh0st1y for $50,000.
[17:06:05] > .Allxnzv remove x1 §x§F§F§3§E§0§0§lD§x§F§F§3§6§0§0§le§x§F§F§2§F§0§0§lm§x§F§F§2§7§0§0§lo§x§F§F§1§F§0§0§ln §x§F§F§1§0§0§0§lL§x§F§F§0§8§0§0§lo§x§F§F§0§0§0§0§lr§x§F§F§0§8§0§0§ld §x§F§F§1§7§0§0§lD§x§F§F§1§F§0§0§la§x§F§F§2§7§0§0§lg§x§F§F§2§F§0§0§lg§x§F§F§3§6§0§0§le§x§F§F§3§E§0§0§lr from buy
[17:06:29] > .Kenku1001 added x1 §eɪʀᴏɴ ɢᴏʟᴇᴍ sᴘᴀᴡɴᴇʀ in auction for 1000000.
[17:06:40] > FRANZ_JOSEF0 remove x1 §eʙʟᴀᴢᴇ sᴘᴀᴡɴᴇʀ from storage
[17:06:57] > FRANZ_JOSEF0 added x1 §eʙʟᴀᴢᴇ sᴘᴀᴡɴᴇʀ in auction for 1500000.
[17:11:32] > x64 Oak log, bought by .Dream78720, has just expired, the item is definitively deleted.
[17:11:55] > x1 §x§F§F§3§E§0§0§lD§x§F§F§3§6§0§0§le§x§F§F§2§F§0§0§lm§x§F§F§2§7§0§0§lo§x§F§F§1§F§0§0§ln §x§F§F§1§0§0§0§lL§x§F§F§0§8§0§0§lo§x§F§F§0§0§0§0§lr§x§F§F§0§9§0§0§ld §x§F§F§1§B§0§0§lS§x§F§F§2§3§0§0§lt§x§F§F§2§C§0§0§la§x§F§F§3§5§0§0§lf§x§F§F§3§E§0§0§lf on sale by imnectarfr has just expired, it goes in the inventory of expired items.
[17:13:16] > .SharkyisHungry added x1 §eɪʀᴏɴ ɢᴏʟᴇᴍ sᴘᴀᴡɴᴇʀ in auction for 450067.
[17:13:21] > grit_zy buy x1 §eɪʀᴏɴ ɢᴏʟᴇᴍ sᴘᴀᴡɴᴇʀ to .SharkyisHungry for $450,067.
[17:14:00] > .SharkyisHungry remove x1 §x§F§F§3§E§0§0§lD§x§F§F§3§7§0§0§le§x§F§F§3§0§0§0§lm§x§F§F§2§9§0§0§lo§x§F§F§2§2§0§0§ln §x§F§F§1§5§0§0§lL§x§F§F§0§E§0§0§lo§x§F§F§0§7§0§0§lr§x§F§F§0§0§0§0§ld §x§F§F§0§E§0§0§lL§x§F§F§1§5§0§0§le§x§F§F§1§C§0§0§lg§x§F§F§2§2§0§0§lg§x§F§F§2§9§0§0§li§x§F§F§3§0§0§0§ln§x§F§F§3§7§0§0§lg§x§F§F§3§E§0§0§ls from storage
[17:18:16] > x1 §x§F§F§3§E§0§0§lD§x§F§F§3§6§0§0§le§x§F§F§2§F§0§0§lm§x§F§F§2§7§0§0§lo§x§F§F§1§F§0§0§ln §x§F§F§1§0§0§0§lL§x§F§F§0§8§0§0§lo§x§F§F§0§0§0§0§lr§x§F§F§0§9§0§0§ld §x§F§F§1§B§0§0§lS§x§F§F§2§3§0§0§lt§x§F§F§2§C§0§0§la§x§F§F§3§5§0§0§lf§x§F§F§3§E§0§0§lf on sale by llhxnce has just expired, it goes in the inventory of expired items.
[17:18:29] > GayHerobrine69 buy x1 Enchanted book to Sezemi for $1,000.
[17:18:55] > GayHerobrine69 buy x24 Wind charge to giyahnpogi for $24,000.
[17:19:24] > GayHerobrine69 buy x1 §eᴢᴏᴍʙɪᴇ sᴘᴀᴡɴᴇʀ to Ax_ for $350,000.
[17:20:58] > tic_sz remove x5 §x§F§C§9§0§5§C§lE§x§E§6§9§C§6§B§lp§x§C§F§A§7§7§A§li§x§B§9§B§3§8§9§lc §x§8§C§C§B§A§7§lC§x§7§5§D§6§B§6§lr§x§5§F§E§2§C§5§la§x§7§9§D§4§B§4§lt§x§9§3§C§7§A§2§le §x§C§8§A§B§7§F§lK§x§E§2§9§E§6§E§le§x§F§C§9§0§5§C§ly from storage
[17:21:13] > tic_sz added x5 §x§F§C§9§0§5§C§lE§x§E§6§9§C§6§B§lp§x§C§F§A§7§7§A§li§x§B§9§B§3§8§9§lc §x§8§C§C§B§A§7§lC§x§7§5§D§6§B§6§lr§x§5§F§E§2§C§5§la§x§7§9§D§4§B§4§lt§x§9§3§C§7§A§2§le §x§C§8§A§B§7§F§lK§x§E§2§9§E§6§E§le§x§F§C§9§0§5§C§ly in auction for 250000.
[17:21:31] > FRANZ_JOSEF0 buy x5 §x§F§C§9§0§5§C§lE§x§E§6§9§C§6§B§lp§x§C§F§A§7§7§A§li§x§B§9§B§3§8§9§lc §x§8§C§C§B§A§7§lC§x§7§5§D§6§B§6§lr§x§5§F§E§2§C§5§la§x§7§9§D§4§B§4§lt§x§9§3§C§7§A§2§le §x§C§8§A§B§7§F§lK§x§E§2§9§E§6§E§le§x§F§C§9§0§5§C§ly to tic_sz for $250,000.
[17:22:24] > x64 Firework rocket, bought by Akirupie, has just expired, the item is definitively deleted.
[17:22:24] > x63 Firework rocket, bought by ameeelia, has just expired, the item is definitively deleted.
[17:22:24] > x64 Firework rocket, bought by ameeelia, has just expired, the item is definitively deleted.
[17:22:25] > FRANZ_JOSEF0 remove x5 §x§F§C§9§0§5§C§lE§x§E§6§9§C§6§B§lp§x§C§F§A§7§7§A§li§x§B§9§B§3§8§9§lc §x§8§C§C§B§A§7§lC§x§7§5§D§6§B§6§lr§x§5§F§E§2§C§5§la§x§7§9§D§4§B§4§lt§x§9§3§C§7§A§2§le §x§C§8§A§B§7§F§lK§x§E§2§9§E§6§E§le§x§F§C§9§0§5§C§ly from buy
[17:24:20] > FRANZ_JOSEF0 added x1 §x§F§F§7§C§0§0§lSteamsparks Spear in auction for 500000.
[17:28:44] > Ax_ remove x1 §f§l§x§F§C§D§0§5§CW§x§F§B§B§0§4§Eu§x§F§9§9§0§4§0k§x§F§8§7§0§3§2o§x§F§6§5§0§2§3n§x§F§5§3§0§1§5g§x§F§4§1§0§0§7 H§x§F§5§3§0§1§5a§x§F§6§5§0§2§3l§x§F§8§7§0§3§2b§x§F§9§9§0§4§0e§x§F§B§B§0§4§Er§x§F§C§D§0§5§Cd from storage
[17:28:45] > Ax_ remove x1 §eʙʟᴀᴢᴇ sᴘᴀᴡɴᴇʀ from storage
[17:28:46] > Ax_ remove x1 §eʙʟᴀᴢᴇ sᴘᴀᴡɴᴇʀ from storage
[17:28:46] > Ax_ remove x1 §x§F§F§3§E§0§0§lD§x§F§F§3§6§0§0§le§x§F§F§2§F§0§0§lm§x§F§F§2§7§0§0§lo§x§F§F§1§F§0§0§ln §x§F§F§1§0§0§0§lL§x§F§F§0§8§0§0§lo§x§F§F§0§0§0§0§lr§x§F§F§0§9§0§0§ld §x§F§F§1§B§0§0§lS§x§F§F§2§3§0§0§lw§x§F§F§2§C§0§0§lo§x§F§F§3§5§0§0§lr§x§F§F§3§E§0§0§ld from storage
[17:32:24] > CoreyNabuko added x1 §x§E§E§0§0§0§0§lᴜɴʟɪᴍɪᴛᴇᴅ sᴇʟʟᴡᴀɴᴅ in auction for 1500000.
[17:33:14] > grit_zy remove x1 §x§F§F§5§5§0§0§lsᴇʟʟᴡᴀɴᴅ §6- 5.0x from buy
[17:33:15] > grit_zy remove x1 §eɪʀᴏɴ ɢᴏʟᴇᴍ sᴘᴀᴡɴᴇʀ from buy
[17:39:04] > llhxnce added x1 §x§F§F§5§5§0§0§lsᴇʟʟᴡᴀɴᴅ §6- 5.0x in auction for 500000.
[17:43:43] > FRANZ_JOSEF0 buy x1 §f§l§x§F§C§D§0§5§CW§x§F§B§A§D§4§Du§x§F§9§8§B§3§Dk§x§F§8§6§8§2§Eo§x§F§6§4§5§1§Fn§x§F§5§2§3§0§Fg§x§F§3§0§0§0§0 §x§F§5§2§3§0§FS§x§F§6§4§5§1§Fh§x§F§8§6§8§2§Ei§x§F§9§8§B§3§De§x§F§B§A§D§4§Dl§x§F§C§D§0§5§Cd to MrGh0st1y for $100,000.
[17:43:48] > FRANZ_JOSEF0 remove x1 §f§l§x§F§C§D§0§5§CW§x§F§B§A§D§4§Du§x§F§9§8§B§3§Dk§x§F§8§6§8§2§Eo§x§F§6§4§5§1§Fn§x§F§5§2§3§0§Fg§x§F§3§0§0§0§0 §x§F§5§2§3§0§FS§x§F§6§4§5§1§Fh§x§F§8§6§8§2§Ei§x§F§9§8§B§3§De§x§F§B§A§D§4§Dl§x§F§C§D§0§5§Cd from buy
[17:44:12] > Abbadex added x1 §f§l§8B§x§6§3§6§3§6§3a§x§7§1§7§1§7§1h§x§8§0§8§0§8§0a§x§8§E§8§E§8§Em§x§9§C§9§C§9§Cu§7t§x§9§C§9§C§9§C §x§8§E§8§E§8§EW§x§8§0§8§0§8§0i§x§7§1§7§1§7§1n§x§6§3§6§3§6§3g§8s in auction for 12000000.
[17:44:59] > HPMR_GaMerz buy x1 Black stained glass to Raylii for $100.
[17:45:05] > HPMR_GaMerz remove x1 Black stained glass from buy
[17:45:12] > Abbadex remove x1 §f§l§8B§x§6§3§6§3§6§3a§x§7§1§7§1§7§1h§x§8§0§8§0§8§0a§x§8§E§8§E§8§Em§x§9§C§9§C§9§Cu§7t§x§9§C§9§C§9§C §x§8§E§8§E§8§EW§x§8§0§8§0§8§0i§x§7§1§7§1§7§1n§x§6§3§6§3§6§3g§8s from storage
[17:45:20] > .SharkyisHungry remove x1 §f§l§x§F§A§0§0§0§AD§x§F§A§1§C§1§5a§x§F§B§3§7§2§0r§x§F§B§5§3§2§Bk§x§F§B§6§F§3§6f§x§F§B§8§B§4§1l§x§F§C§A§6§4§Ca§x§F§C§C§2§5§7me§x§F§C§A§6§4§C §x§F§B§8§B§4§1S§x§F§B§6§F§3§6i§x§F§B§5§3§2§Bc§x§F§B§3§7§2§0k§x§F§A§1§C§1§5l§x§F§A§0§0§0§Ae from storage
[17:48:00] > x1 §x§F§F§7§C§0§0§lSteamsparks Spear, item of Unforce01, has just expired, the item is definitively deleted.
[17:48:01] > .SharkyisHungry buy x64 Experience bottle to tic_sz for $10,000.
[17:48:12] > Abbadex remove x1 §f§l§x§F§C§D§0§5§CW§x§F§A§A§A§4§Bu§x§F§9§8§4§3§Bk§x§F§7§5§F§2§Ao§x§F§5§3§9§1§9n§x§F§4§1§3§0§8g §x§F§5§3§9§1§9S§x§F§7§5§F§2§Ap§x§F§9§8§4§3§Be§x§F§A§A§A§4§Ba§x§F§C§D§0§5§Cr from expire
[17:48:23] > .SharkyisHungry remove x64 Experience bottle from buy
[17:48:25] > Abbadex added x1 §f§l§x§F§C§D§0§5§CW§x§F§A§A§A§4§Bu§x§F§9§8§4§3§Bk§x§F§7§5§F§2§Ao§x§F§5§3§9§1§9n§x§F§4§1§3§0§8g §x§F§5§3§9§1§9S§x§F§7§5§F§2§Ap§x§F§9§8§4§3§Be§x§F§A§A§A§4§Ba§x§F§C§D§0§5§Cr in auction for 300000.
[17:48:41] > Abbadex remove x1 §f§l§8B§x§6§3§6§3§6§3a§x§7§1§7§1§7§1h§x§8§0§8§0§8§0a§x§8§E§8§E§8§Em§x§9§C§9§C§9§Cu§7t§x§9§C§9§C§9§C §x§8§E§8§E§8§EW§x§8§0§8§0§8§0i§x§7§1§7§1§7§1n§x§6§3§6§3§6§3g§8s from expire
[17:51:43] > st3ph426 remove x1 §eʙʟᴀᴢᴇ sᴘᴀᴡɴᴇʀ from storage
[17:51:58] > st3ph426 added x1 §eʙʟᴀᴢᴇ sᴘᴀᴡɴᴇʀ in auction for 1000000.
[17:52:08] > st3ph426 remove x1 §eᴄʜɪᴄᴋᴇɴ sᴘᴀᴡɴᴇʀ from storage
[17:52:10] > st3ph426 remove x1 §x§F§0§7§A§5§4§lZombie Apocalyptic Baseballbat from storage
[17:52:25] > st3ph426 added x1 §x§F§0§7§A§5§4§lZombie Apocalyptic Baseballbat in auction for 500000.
[17:52:44] > st3ph426 added x1 §eᴄʜɪᴄᴋᴇɴ sᴘᴀᴡɴᴇʀ in auction for 100000.
[17:52:50] > HPMR_GaMerz buy x1 §eᴄʜɪᴄᴋᴇɴ sᴘᴀᴡɴᴇʀ to st3ph426 for $100,000.
[18:09:43] > x64 FIREWORKS AT /PWARP GO RAIN on sale by Rain_Reinn has just expired, it goes in the inventory of expired items.
[18:11:05] > itsmer buy x1 §x§E§5§1§B§1§B§lDracula Sickle to MochaFangs for $70,000.
[18:13:26] > x1 §f§l§x§8§A§0§0§F§FS§x§9§8§0§0§D§Dh§x§A§6§0§0§B§Bi§x§B§4§0§0§9§9n§x§C§2§0§0§7§7e§x§D§0§0§0§5§5 §x§D§E§0§0§3§3O§x§E§C§0§0§1§1ni§x§D§E§0§0§3§3 §x§D§0§0§0§5§5S§x§C§2§0§0§7§7i§x§B§4§0§0§9§9c§x§A§6§0§0§B§Bk§x§9§8§0§0§D§Dl§x§8§A§0§0§F§Fe, item of Drpeckles, has just expired, the item is definitively deleted.
[18:13:26] > x1 §x§E§4§3§A§9§6§lW§x§E§7§5§3§A§3§lI§x§E§B§6§B§B§0§lN§x§E§E§8§4§B§D§lG§x§F§2§9§D§C§B§lS §x§F§8§C§E§E§5§lO§x§F§C§E§6§F§2§lF §x§F§C§E§6§F§2§lE§x§F§8§C§E§E§5§lT§x§F§5§B§5§D§8§lE§x§F§2§9§D§C§B§lR§x§E§E§8§4§B§D§lN§x§E§B§6§B§B§0§lI§x§E§7§5§3§A§3§lT§x§E§4§3§A§9§6§lY, item of Drpeckles, has just expired, the item is definitively deleted.
[18:13:28] > x1 Nether star, bought by JullianHuH, has just expired, the item is definitively deleted.
[18:13:29] > Seris00 remove x1 §f§l§x§F§C§D§0§5§CW§x§F§A§A§2§4§8u§x§F§8§7§4§3§3k§x§F§6§4§5§1§Fo§x§F§4§1§7§0§Ang§x§F§6§4§5§1§F §x§F§8§7§4§3§3H§x§F§A§A§2§4§8a§x§F§C§D§0§5§Ct form buy
[18:14:05] > itsmer buy x1 §x§F§0§7§A§5§4§lZombie Apocalyptic Dagger to koshie for $100,000.
[18:28:52] > HwanYo remove x64 Experience bottle from storage
[18:28:52] > HwanYo remove x64 Experience bottle from storage
[18:28:53] > HwanYo remove x64 Experience bottle from storage
[18:28:53] > HwanYo remove x64 Experience bottle from storage
[18:28:53] > HwanYo remove x64 Experience bottle from storage
[18:29:50] > HwanYo buy x1 §eɪʀᴏɴ ɢᴏʟᴇᴍ sᴘᴀᴡɴᴇʀ to .Kenku1001 for $1,000,000.
[18:30:29] > HwanYo remove x1 §eɪʀᴏɴ ɢᴏʟᴇᴍ sᴘᴀᴡɴᴇʀ from buy
[18:30:30] > HwanYo remove x64 Experience bottle from buy
[18:30:31] > HwanYo remove x1 Wither skeleton skull from buy
[18:41:47] > itsmer buy x1 §x§F§F§3§E§0§0§lD§x§F§F§3§5§0§0§le§x§F§F§2§C§0§0§lm§x§F§F§2§3§0§0§lo§x§F§F§1§B§0§0§ln §x§F§F§0§9§0§0§lL§x§F§F§0§0§0§0§lo§x§F§F§0§A§0§0§lr§x§F§F§1§5§0§0§ld §x§F§F§2§9§0§0§lK§x§F§F§3§4§0§0§le§x§F§F§3§E§0§0§ly to Zypher_0w0 for $300,000.
[18:42:16] > itsmer buy x64 SFC to Sombre_505 for $5,000.
[19:03:13] > mauserdart added x1 §x§9§8§6§3§E§7§lG§x§9§0§7§5§E§2§lo§x§8§8§8§7§D§D§ld§x§8§0§9§9§D§8§ll§x§7§7§A§C§D§4§ly §x§6§7§D§0§C§A§lC§x§5§F§E§2§C§5§lr§x§6§7§D§0§C§A§la§x§6§F§B§E§C§F§lt§x§7§7§A§C§D§4§le §x§8§8§8§7§D§D§lK§x§9§0§7§5§E§2§le§x§9§8§6§3§E§7§ly in auction for 1500000.
[19:03:28] > mauserdart remove x1 §x§9§8§6§3§E§7§lG§x§9§0§7§5§E§2§lo§x§8§8§8§7§D§D§ld§x§8§0§9§9§D§8§ll§x§7§7§A§C§D§4§ly §x§6§7§D§0§C§A§lC§x§5§F§E§2§C§5§lr§x§6§7§D§0§C§A§la§x§6§F§B§E§C§F§lt§x§7§7§A§C§D§4§le §x§8§8§8§7§D§D§lK§x§9§0§7§5§E§2§le§x§9§8§6§3§E§7§ly from storage
[19:04:30] > kkyleeeeesa added x1 §x§9§8§6§3§E§7§lG§x§9§0§7§5§E§2§lo§x§8§8§8§7§D§D§ld§x§8§0§9§9§D§8§ll§x§7§7§A§C§D§4§ly §x§6§7§D§0§C§A§lC§x§5§F§E§2§C§5§lr§x§6§7§D§0§C§A§la§x§6§F§B§E§C§F§lt§x§7§7§A§C§D§4§le §x§8§8§8§7§D§D§lK§x§9§0§7§5§E§2§le§x§9§8§6§3§E§7§ly in auction for 2000000.
[19:07:40] > kkyleeeeesa remove x1 §x§9§8§6§3§E§7§lG§x§9§0§7§5§E§2§lo§x§8§8§8§7§D§D§ld§x§8§0§9§9§D§8§ll§x§7§7§A§C§D§4§ly §x§6§7§D§0§C§A§lC§x§5§F§E§2§C§5§lr§x§6§7§D§0§C§A§la§x§6§F§B§E§C§F§lt§x§7§7§A§C§D§4§le §x§8§8§8§7§D§D§lK§x§9§0§7§5§E§2§le§x§9§8§6§3§E§7§ly from storage
[19:07:56] > kkyleeeeesa added x1 §x§9§8§6§3§E§7§lG§x§9§0§7§5§E§2§lo§x§8§8§8§7§D§D§ld§x§8§0§9§9§D§8§ll§x§7§7§A§C§D§4§ly §x§6§7§D§0§C§A§lC§x§5§F§E§2§C§5§lr§x§6§7§D§0§C§A§la§x§6§F§B§E§C§F§lt§x§7§7§A§C§D§4§le §x§8§8§8§7§D§D§lK§x§9§0§7§5§E§2§le§x§9§8§6§3§E§7§ly in auction for 1700000.
[19:14:00] > raizennnpotato buy x1 §x§F§F§5§5§0§0§lsᴇʟʟᴡᴀɴᴅ §6- 5.0x to llhxnce for $500,000.
[19:17:44] > x1 Nether star on sale by Akiesha has just expired, it goes in the inventory of expired items.
[19:17:44] > x1 Nether star on sale by Akiesha has just expired, it goes in the inventory of expired items.
[19:17:46] > raizennnpotato remove x1 §x§F§F§5§5§0§0§lsᴇʟʟᴡᴀɴᴅ §6- 5.0x from buy
[19:28:26] > x1 §x§E§5§1§B§1§B§lDracula Spear on sale by Pewpew has just expired, it goes in the inventory of expired items.
[19:38:23] > x1 §eᴄᴏᴡ sᴘᴀᴡɴᴇʀ on sale by Pewpew has just expired, it goes in the inventory of expired items.
[19:42:14] > giyahnpogi added x1 Iron sword in auction for 100000.
[19:42:16] > HPMR_GaMerz added x64 Snow block in auction for 44000.
[19:43:07] > HPMR_GaMerz added x2 Emerald ore in auction for 100000.
[19:44:40] > SydneySweetie remove x1 §f§l§x§F§A§0§0§0§AD§x§F§A§1§A§1§4a§x§F§B§3§4§1§Fr§x§F§B§4§E§2§9k§x§F§B§6§8§3§3f§x§F§B§8§2§3§Dl§x§F§C§9§C§4§8a§x§F§C§B§6§5§2m§x§F§C§D§0§5§Ce§x§F§C§D§0§5§C §x§F§C§B§6§5§2L§x§F§C§9§C§4§8e§x§F§B§8§2§3§Dg§x§F§B§6§8§3§3g§x§F§B§4§E§2§9i§x§F§B§3§4§1§Fn§x§F§A§1§A§1§4g§x§F§A§0§0§0§As from storage
[19:44:47] > SydneySweetie added x1 Enchanted book in auction for 3000.
[19:44:53] > PrinceBGC buy x1 Enchanted book to SydneySweetie for $3,000.
[19:44:57] > SydneySweetie added x1 Enchanted book in auction for 3000.
[19:45:02] > PrinceBGC buy x1 Enchanted book to SydneySweetie for $3,000.
[19:45:08] > SydneySweetie added x1 Enchanted book in auction for 3000.
[19:45:13] > PrinceBGC buy x1 Enchanted book to SydneySweetie for $3,000.
[19:45:20] > PrinceBGC remove x1 Enchanted book form buy
[19:45:20] > PrinceBGC remove x1 Enchanted book form buy
[19:45:20] > PrinceBGC remove x1 Enchanted book form buy
[19:48:22] > Sngel25 added x1 §x§F§F§3§E§0§0§lDemon Lord Wings in auction for 20000.
[19:48:26] > Trv buy x1 §x§F§F§3§E§0§0§lDemon Lord Wings to Sngel25 for $20,000.
[19:48:35] > Trv remove x1 §x§F§F§3§E§0§0§lDemon Lord Wings from buy
[19:48:35] > Trv remove x64 Iron block from buy
[19:52:47] > SydneySweetie added x1 Enchanted book in auction for 3000.
[19:52:55] > Schminkipoo buy x1 Enchanted book to SydneySweetie for $3,000.
[19:53:16] > SydneySweetie added x1 Enchanted book in auction for 3000.
[19:53:20] > PrinceBGC buy x1 Enchanted book to SydneySweetie for $3,000.
[19:53:25] > PrinceBGC remove x1 Enchanted book from buy
[19:54:41] > Akiesha added x1 §fElf Hat in auction for 400000.
[19:55:27] > .Allxnzv added x2 §x§F§2§C§6§D§E§lP§x§E§0§C§A§D§B§li§x§C§D§C§D§D§8§ln§x§B§B§D§1§D§5§la§x§A§9§D§4§D§2§lt§x§9§6§D§8§C§E§la §x§7§1§D§F§C§8§lC§x§5§F§E§2§C§5§lr§x§7§4§D§E§C§9§la§x§8§9§D§A§C§C§lt§x§9§E§D§6§D§0§le §x§C§8§C§E§D§7§lK§x§D§D§C§A§D§A§le§x§F§2§C§6§D§E§ly in auction for 100000.
[19:55:34] > frenchhee added x1 §x§5§C§C§F§F§C§lC§x§5§C§D§1§F§5§lo§x§5§D§D§4§E§E§ls§x§5§D§D§6§E§7§lm§x§5§E§D§9§E§1§le§x§5§E§D§B§D§A§lt§x§5§E§D§D§D§3§li§x§5§F§E§0§C§C§lc §x§5§F§E§0§C§C§lH§x§5§E§D§D§D§3§la§x§5§E§D§B§D§A§lt§x§5§E§D§9§E§1§ls §x§5§D§D§4§E§E§lK§x§5§C§D§1§F§5§le§x§5§C§C§F§F§C§ly in auction for 500000.
[19:55:35] > Takeremu buy x2 §x§F§2§C§6§D§E§lP§x§E§0§C§A§D§B§li§x§C§D§C§D§D§8§ln§x§B§B§D§1§D§5§la§x§A§9§D§4§D§2§lt§x§9§6§D§8§C§E§la §x§7§1§D§F§C§8§lC§x§5§F§E§2§C§5§lr§x§7§4§D§E§C§9§la§x§8§9§D§A§C§C§lt§x§9§E§D§6§D§0§le §x§C§8§C§E§D§7§lK§x§D§D§C§A§D§A§le§x§F§2§C§6§D§E§ly to .Allxnzv for $100,000.
[19:55:43] > Takeremu remove x2 §x§F§2§C§6§D§E§lP§x§E§0§C§A§D§B§li§x§C§D§C§D§D§8§ln§x§B§B§D§1§D§5§la§x§A§9§D§4§D§2§lt§x§9§6§D§8§C§E§la §x§7§1§D§F§C§8§lC§x§5§F§E§2§C§5§lr§x§7§4§D§E§C§9§la§x§8§9§D§A§C§C§lt§x§9§E§D§6§D§0§le §x§C§8§C§E§D§7§lK§x§D§D§C§A§D§A§le§x§F§2§C§6§D§E§ly from buy
[19:58:19] > SydneySweetie added x64 Experience bottle in auction for 250000.
[19:58:28] > SydneySweetie remove x1 §x§F§F§7§C§0§0§lSteamsparks Shield from storage
[19:58:29] > SydneySweetie remove x1 §x§F§F§3§E§0§0§lD§x§F§F§3§7§0§0§le§x§F§F§3§0§0§0§lm§x§F§F§2§9§0§0§lo§x§F§F§2§2§0§0§ln §x§F§F§1§5§0§0§lL§x§F§F§0§E§0§0§lo§x§F§F§0§7§0§0§lr§x§F§F§0§0§0§0§ld §x§F§F§0§E§0§0§lC§x§F§F§1§5§0§0§lr§x§F§F§1§C§0§0§lo§x§F§F§2§2§0§0§ls§x§F§F§2§9§0§0§ls§x§F§F§3§0§0§0§lb§x§F§F§3§7§0§0§lo§x§F§F§3§E§0§0§lw from storage
[19:58:30] > SydneySweetie remove x1 §f§l§x§F§C§D§0§5§CW§x§F§B§A§D§4§Du§x§F§9§8§B§3§Dk§x§F§8§6§8§2§Eo§x§F§6§4§5§1§Fn§x§F§5§2§3§0§Fg§x§F§3§0§0§0§0 §x§F§5§2§3§0§FS§x§F§6§4§5§1§Fh§x§F§8§6§8§2§Ei§x§F§9§8§B§3§De§x§F§B§A§D§4§Dl§x§F§C§D§0§5§Cd from storage
[19:58:32] > SydneySweetie remove x1 §f§l§x§F§C§D§0§5§CW§x§F§A§A§2§4§8u§x§F§8§7§4§3§3k§x§F§6§4§5§1§Fo§x§F§4§1§7§0§Ang§x§F§6§4§5§1§F §x§F§8§7§4§3§3A§x§F§A§A§2§4§8x§x§F§C§D§0§5§Ce from storage
[19:58:33] > SydneySweetie remove x1 §x§F§F§3§E§0§0§lD§x§F§F§3§6§0§0§le§x§F§F§2§F§0§0§lm§x§F§F§2§7§0§0§lo§x§F§F§1§F§0§0§ln §x§F§F§1§0§0§0§lL§x§F§F§0§8§0§0§lo§x§F§F§0§0§0§0§lr§x§F§F§0§8§0§0§ld §x§F§F§1§7§0§0§lS§x§F§F§1§F§0§0§li§x§F§F§2§7§0§0§lc§x§F§F§2§F§0§0§lk§x§F§F§3§6§0§0§ll§x§F§F§3§E§0§0§le from storage
[19:58:49] > SydneySweetie added x64 Experience bottle in auction for 250000.
[19:59:03] > SydneySweetie added x64 Experience bottle in auction for 250000.
[19:59:15] > SydneySweetie added x64 Experience bottle in auction for 250000.
[20:05:11] > FRANZ_JOSEF0 buy x64 Experience bottle to SydneySweetie for $250,000.
[20:05:17] > FRANZ_JOSEF0 remove x64 Experience bottle from buy
[20:10:05] > BlackKnight added x1 §fSun Hat in auction for 40000.
[20:23:22] > Seris00 added x1 §eᴢᴏᴍʙɪᴇ sᴘᴀᴡɴᴇʀ in auction for 500000.
[20:23:26] > sukiyoriee buy x1 §eᴢᴏᴍʙɪᴇ sᴘᴀᴡɴᴇʀ to Seris00 for $500,000.
[20:23:33] > sukiyoriee remove x1 §eᴢᴏᴍʙɪᴇ sᴘᴀᴡɴᴇʀ from buy
[20:30:29] > HwanYo added x64 Experience bottle in auction for 200000.
[20:30:50] > HwanYo added x64 Experience bottle in auction for 200000.
[20:31:02] > HwanYo added x64 Experience bottle in auction for 200000.
[20:31:15] > HwanYo added x64 Experience bottle in auction for 200000.
[20:34:39] > InternetCafeUser buy x64 Experience bottle to HwanYo for $200,000.
[20:34:41] > InternetCafeUser buy x64 Experience bottle to SydneySweetie for $250,000.
[20:34:47] > InternetCafeUser remove x64 Experience bottle from buy
[20:34:47] > InternetCafeUser remove x64 Experience bottle from buy
[20:37:21] > HwanYo buy x1 §x§E§5§1§B§1§B§lDracula Dagger to Seris00 for $100,000.
[20:37:45] > HwanYo remove x1 §x§E§5§1§B§1§B§lDracula Dagger from buy
[20:38:07] > Seris00 added x1 Enchanted book in auction for 4000.
[20:38:08] > SydneySweetie added x1 Master of The Sea in auction for 20000.
[20:38:42] > Seris00 added x1 Enchanted book in auction for 4000.
[20:40:21] > SydneySweetie added x1 §esᴋᴇʟᴇᴛᴏɴ sᴘᴀᴡɴᴇʀ in auction for 750000.
[20:40:38] > HwanYo added x1 §f§l§x§F§A§0§0§0§AD§x§F§A§1§8§1§4a§x§F§A§3§1§1§Dr§x§F§B§4§9§2§7k§x§F§B§6§2§3§1f§x§F§B§7§A§3§Al§x§F§B§9§3§4§4a§x§F§C§A§B§4§Em§x§F§C§C§4§5§7e §x§F§C§A§B§4§EG§x§F§B§9§3§4§4a§x§F§B§7§A§3§Au§x§F§B§6§2§3§1n§x§F§B§4§9§2§7t§x§F§A§3§1§1§Dl§x§F§A§1§8§1§4e§x§F§A§0§0§0§At in auction for 1000000.
[20:44:57] > frenchhee remove x1 §x§5§C§C§F§F§C§lC§x§5§C§D§1§F§5§lo§x§5§D§D§4§E§E§ls§x§5§D§D§6§E§7§lm§x§5§E§D§9§E§1§le§x§5§E§D§B§D§A§lt§x§5§E§D§D§D§3§li§x§5§F§E§0§C§C§lc §x§5§F§E§0§C§C§lH§x§5§E§D§D§D§3§la§x§5§E§D§B§D§A§lt§x§5§E§D§9§E§1§ls §x§5§D§D§4§E§E§lK§x§5§C§D§1§F§5§le§x§5§C§C§F§F§C§ly from storage
[20:45:03] > Seris00 added x64 Fermented spider eye in auction for 6400.
[20:45:17] > Takeremu buy x64 Fermented spider eye to Seris00 for $6,400.
[20:45:21] > Takeremu remove x64 Fermented spider eye from buy
[20:46:10] > Seris00 added x64 Spider eye in auction for 9600.
[20:54:40] > Takeremu added x1 Enchanted book in auction for 2500.
[20:54:44] > Schminkipoo buy x1 Enchanted book to Takeremu for $2,500.
[20:54:52] > Takeremu added x1 Enchanted book in auction for 2500.
[20:55:04] > Takeremu added x1 Enchanted book in auction for 2500.
[20:55:16] > Takeremu added x1 Enchanted book in auction for 2500.
[20:55:27] > Takeremu added x1 Enchanted book in auction for 2500.
[20:55:38] > Takeremu added x1 Enchanted book in auction for 2500.
[20:55:49] > KEITHTHEPRO remove x1 THE SICKLE form storage
[20:56:05] > KEITHTHEPRO added x1 THE SICKLE in auction for 850000.
[21:02:04] > x1 Enchanted book, bought by Zypher_0w0, has just expired, the item is definitively deleted.
[21:05:05] > Seris00 added x6 Phantom membrane in auction for 12000.
[21:17:08] > nnorv1 buy x1 Enchanted book to Seris00 for $4,000.
[21:35:10] > nnorv1 remove x1 §f§l§x§F§C§D§0§5§CW§x§F§B§C§3§5§6u§x§F§B§B§6§5§1k§x§F§A§A§9§4§Bo§x§F§A§9§C§4§5n§x§F§9§8§F§3§Fg§x§F§9§8§2§3§A §x§F§8§7§5§3§4C§x§F§8§6§8§2§Eh§x§F§7§5§B§2§8e§x§F§6§4§E§2§3s§x§F§6§4§1§1§Dt§x§F§5§3§4§1§7p§x§F§5§2§7§1§1l§x§F§4§1§A§0§Ca§x§F§4§0§D§0§6t§x§F§3§0§0§0§0e from storage
[21:43:54] > .SharkyisHungry added x1 FRIED CHICKEN WINGS OF KFC in auction for 6767676.
[21:59:12] > kopo555 remove x1 Buying Bahamut armor, msg me :3 from storage
[21:59:25] > kopo555 added x1 Buying Bahamut armor, msg me :3 in auction for 1000000000.
[21:59:45] > Cynishere buy x64 Experience bottle to SydneySweetie for $250,000.
[21:59:46] > Cynishere buy x64 Experience bottle to SydneySweetie for $250,000.
[21:59:48] > Cynishere buy x64 Experience bottle to HwanYo for $200,000.
[21:59:58] > x1 /pwarp gamb OPEN FOR GAMBLING DIRT GAMB , item of NarutoSipunin, has just expired, the item is definitively deleted.
[21:59:58] > x1 §x§F§0§7§A§5§4§lZombie Apocalyptic Axe, item of octopus_01, has just expired, the item is definitively deleted.
[21:59:58] > x1 Trident, item of Bestofphilipine, has just expired, the item is definitively deleted.
[21:59:58] > x1 §f§l§x§F§C§D§0§5§CW§x§F§B§A§D§4§Du§x§F§9§8§B§3§Dk§x§F§8§6§8§2§Eo§x§F§6§4§5§1§Fn§x§F§5§2§3§0§Fg§x§F§3§0§0§0§0 §x§F§5§2§3§0§FD§x§F§6§4§5§1§Fa§x§F§8§6§8§2§Eg§x§F§9§8§B§3§Dg§x§F§B§A§D§4§De§x§F§C§D§0§5§Cr, item of CeeJaiye, has just expired, the item is definitively deleted.
[21:59:58] > x1 §x§F§F§5§5§0§0§lsᴇʟʟᴡᴀɴᴅ §6- 10.0x, item of Forcebenzz, has just expired, the item is definitively deleted.
[21:59:58] > x1 §esᴘɪᴅᴇʀ sᴘᴀᴡɴᴇʀ, item of CeeJaiye, has just expired, the item is definitively deleted.
[22:05:23] > SydneySweetie added x1 Enchanted book in auction for 3000.
[22:05:33] > sdxd_12 buy x1 Enchanted book to SydneySweetie for $3,000.
[22:05:36] > sdxd_12 buy x1 Enchanted book to Takeremu for $2,500.
[22:05:40] > sdxd_12 buy x1 Enchanted book to Takeremu for $2,500.
[22:05:43] > sdxd_12 buy x1 Enchanted book to Takeremu for $2,500.
[22:05:45] > sdxd_12 buy x1 Enchanted book to Takeremu for $2,500.
[22:05:48] > SydneySweetie added x1 Enchanted book in auction for 3000.
[22:05:50] > sdxd_12 buy x1 Enchanted book to Takeremu for $2,500.
[22:05:53] > sdxd_12 buy x1 Enchanted book to SydneySweetie for $3,000.
[22:06:07] > sdxd_12 buy x1 Enchanted book to Seris00 for $4,000.
[22:06:11] > SydneySweetie added x1 Enchanted book in auction for 3000.
[22:06:16] > imnectarfr buy x1 Enchanted book to SydneySweetie for $3,000.
[22:07:53] > sdxd_12 remove x1 Enchanted book form buy
[22:07:53] > sdxd_12 remove x1 Enchanted book form buy
[22:07:53] > sdxd_12 remove x1 Enchanted book form buy
[22:07:53] > sdxd_12 remove x1 Enchanted book form buy
[22:07:53] > sdxd_12 remove x1 Enchanted book form buy
[22:07:53] > sdxd_12 remove x1 Enchanted book form buy
[22:07:53] > sdxd_12 remove x1 Enchanted book form buy
[22:07:53] > sdxd_12 remove x1 Enchanted book form buy
[22:08:08] > imnectarfr remove x1 Enchanted book from buy
[22:10:50] > sdxd_12 buy x64 SFC to Sombre_505 for $5,000.
[22:10:50] > SydneySweetie added x1 Enchanted book in auction for 2500.
[22:10:56] > imnectarfr buy x1 Enchanted book to SydneySweetie for $2,500.
[22:11:04] > imnectarfr remove x1 Enchanted book from buy
[22:11:13] > fantoofy buy x64 Spider eye to Seris00 for $9,600.
[22:11:15] > .SharkyisHungry buy x1 Master of The Sea to SydneySweetie for $20,000.
[22:11:32] > fantoofy buy x64 SFC to Sombre_505 for $5,000.
[22:11:35] > fantoofy buy x64 SFC to Sombre_505 for $5,000.
[22:11:44] > .SharkyisHungry remove x1 Master of The Sea from buy
[22:19:00] > Takeremu added x1 Enchanted book in auction for 2500.
[22:19:11] > Takeremu added x1 Enchanted book in auction for 2500.
[22:19:23] > Takeremu added x1 Enchanted book in auction for 2500.
[22:19:34] > Takeremu added x1 Enchanted book in auction for 2500.
[22:19:44] > Takeremu added x1 Enchanted book in auction for 2500.
[22:20:28] > Seris00 added x64 Bone block in auction for 10000.
[22:20:42] > UnavailableTest buy x1 Enchanted book to Takeremu for $2,500.
[22:20:44] > UnavailableTest buy x1 Enchanted book to Takeremu for $2,500.
[22:20:44] > Seris00 added x64 Bone block in auction for 10000.
[22:20:50] > UnavailableTest buy x1 Enchanted book to Takeremu for $2,500.
[22:20:50] > Takeremu buy x64 Bone block to Seris00 for $10,000.
[22:20:51] > Takeremu buy x64 Bone block to Seris00 for $10,000.
[22:21:57] > UnavailableTest buy x1 Enchanted book to Takeremu for $2,500.
[22:22:00] > UnavailableTest buy x1 Enchanted book to Takeremu for $2,500.
[22:22:23] > Seris00 added x64 Bone block in auction for 10000.
[22:22:36] > Seris00 added x64 Bone block in auction for 10000.
[22:22:43] > kopo555 buy x64 Bone block to Seris00 for $10,000.
[22:22:44] > kopo555 buy x64 Bone block to Seris00 for $10,000.
[22:26:48] > x1 §x§F§F§3§E§0§0§lD§x§F§F§3§6§0§0§le§x§F§F§2§F§0§0§lm§x§F§F§2§7§0§0§lo§x§F§F§1§F§0§0§ln §x§F§F§1§0§0§0§lL§x§F§F§0§8§0§0§lo§x§F§F§0§0§0§0§lr§x§F§F§0§9§0§0§ld §x§F§F§1§B§0§0§lS§x§F§F§2§3§0§0§lt§x§F§F§2§C§0§0§la§x§F§F§3§5§0§0§lf§x§F§F§3§E§0§0§lf on sale by nnorv1 has just expired, it goes in the inventory of expired items.
[22:26:48] > x1 §x§F§F§3§E§0§0§lD§x§F§F§3§6§0§0§le§x§F§F§2§F§0§0§lm§x§F§F§2§7§0§0§lo§x§F§F§1§F§0§0§ln §x§F§F§1§0§0§0§lL§x§F§F§0§8§0§0§lo§x§F§F§0§0§0§0§lr§x§F§F§0§9§0§0§ld §x§F§F§1§B§0§0§lS§x§F§F§2§3§0§0§lp§x§F§F§2§C§0§0§le§x§F§F§3§5§0§0§la§x§F§F§3§E§0§0§lr on sale by Shanksssuuuu has just expired, it goes in the inventory of expired items.
[22:29:49] > Seris00 added x1 §x§E§5§1§B§1§B§lDracula Helmet in auction for 150000.
[22:30:00] > Seris00 added x1 §x§F§F§3§E§0§0§lD§x§F§F§3§6§0§0§le§x§F§F§2§F§0§0§lm§x§F§F§2§7§0§0§lo§x§F§F§1§F§0§0§ln §x§F§F§1§0§0§0§lL§x§F§F§0§8§0§0§lo§x§F§F§0§0§0§0§lr§x§F§F§0§8§0§0§ld §x§F§F§1§7§0§0§lH§x§F§F§1§F§0§0§le§x§F§F§2§7§0§0§ll§x§F§F§2§F§0§0§lm§x§F§F§3§6§0§0§le§x§F§F§3§E§0§0§lt in auction for 250000.
[22:33:38] > MrZyrus7228 remove x1 §x§9§8§6§3§E§7§lG§x§9§0§7§5§E§2§lo§x§8§8§8§7§D§D§ld§x§8§0§9§9§D§8§ll§x§7§7§A§C§D§4§ly §x§6§7§D§0§C§A§lC§x§5§F§E§2§C§5§lr§x§6§7§D§0§C§A§la§x§6§F§B§E§C§F§lt§x§7§7§A§C§D§4§le §x§8§8§8§7§D§D§lK§x§9§0§7§5§E§2§le§x§9§8§6§3§E§7§ly from buy
[22:33:47] > UnavailableTest remove x1 Enchanted book form buy
[22:33:47] > UnavailableTest remove x1 Enchanted book form buy
[22:33:47] > UnavailableTest remove x1 Enchanted book form buy
[22:33:47] > UnavailableTest remove x1 Enchanted book form buy
[22:33:47] > UnavailableTest remove x1 Enchanted book form buy
[22:37:03] > imnectarfr buy x1 §eᴄᴏᴡ sᴘᴀᴡɴᴇʀ to Pewpew for $500,000.
[22:37:07] > imnectarfr remove x1 §eᴄᴏᴡ sᴘᴀᴡɴᴇʀ from buy
[22:37:55] > Palietass buy x2 Nether star to .Allxnzv for $100,000.
[22:39:57] > Cooldoggiexd added x1 §x§5§C§C§F§F§C§lC§x§5§C§D§1§F§5§lo§x§5§D§D§4§E§E§ls§x§5§D§D§6§E§7§lm§x§5§E§D§9§E§1§le§x§5§E§D§B§D§A§lt§x§5§E§D§D§D§3§li§x§5§F§E§0§C§C§lc §x§5§F§E§0§C§C§lH§x§5§E§D§D§D§3§la§x§5§E§D§B§D§A§lt§x§5§E§D§9§E§1§ls §x§5§D§D§4§E§E§lK§x§5§C§D§1§F§5§le§x§5§C§C§F§F§C§ly in auction for 25000.
[22:40:50] > imnectarfr added x1 §esᴘɪᴅᴇʀ sᴘᴀᴡɴᴇʀ in auction for 500000.
[22:41:19] > PrinceBGC added x1 §esᴘɪᴅᴇʀ sᴘᴀᴡɴᴇʀ in auction for 500000.
[22:42:15] > Technoblad7869 buy x1 §x§5§C§C§F§F§C§lC§x§5§C§D§1§F§5§lo§x§5§D§D§4§E§E§ls§x§5§D§D§6§E§7§lm§x§5§E§D§9§E§1§le§x§5§E§D§B§D§A§lt§x§5§E§D§D§D§3§li§x§5§F§E§0§C§C§lc §x§5§F§E§0§C§C§lH§x§5§E§D§D§D§3§la§x§5§E§D§B§D§A§lt§x§5§E§D§9§E§1§ls §x§5§D§D§4§E§E§lK§x§5§C§D§1§F§5§le§x§5§C§C§F§F§C§ly to Cooldoggiexd for $25,000.
[22:42:28] > imnectarfr remove x1 §f§l§x§F§C§D§0§5§CW§x§F§A§A§2§4§8u§x§F§8§7§4§3§3k§x§F§6§4§5§1§Fo§x§F§4§1§7§0§Ang§x§F§6§4§5§1§F §x§F§8§7§4§3§3H§x§F§A§A§2§4§8o§x§F§C§D§0§5§Ce from storage
[22:42:30] > imnectarfr remove x1 §x§E§5§1§B§1§B§lDracula Spear from storage
[22:42:39] > imnectarfr added x1 §f§l§x§8§A§0§0§F§FS§x§9§8§0§0§D§Dh§x§A§6§0§0§B§Bi§x§B§4§0§0§9§9n§x§C§2§0§0§7§7e§x§D§0§0§0§5§5 §x§D§E§0§0§3§3O§x§E§C§0§0§1§1ni§x§D§E§0§0§3§3 §x§D§0§0§0§5§5S§x§C§2§0§0§7§7h§x§B§4§0§0§9§9i§x§A§6§0§0§B§Be§x§9§8§0§0§D§Dl§x§8§A§0§0§F§Fd in auction for 600000.
[22:42:46] > koshie buy x1 §f§l§x§8§A§0§0§F§FS§x§9§8§0§0§D§Dh§x§A§6§0§0§B§Bi§x§B§4§0§0§9§9n§x§C§2§0§0§7§7e§x§D§0§0§0§5§5 §x§D§E§0§0§3§3O§x§E§C§0§0§1§1ni§x§D§E§0§0§3§3 §x§D§0§0§0§5§5S§x§C§2§0§0§7§7h§x§B§4§0§0§9§9i§x§A§6§0§0§B§Be§x§9§8§0§0§D§Dl§x§8§A§0§0§F§Fd to imnectarfr for $600,000.
[22:45:18] > Seris00 added x64 Redstone block in auction for 48000.
[22:46:35] > sdxd_12 added x1 §x§C§9§A§7§F§C§lL§x§B§D§A§E§F§6§le§x§B§1§B§4§F§0§lg§x§A§6§B§B§E§A§le§x§9§A§C§1§E§4§ln§x§8§E§C§8§D§D§ld§x§8§2§C§E§D§7§la§x§7§7§D§5§D§1§lr§x§6§B§D§B§C§B§ly §x§6§B§D§B§C§B§lC§x§7§7§D§5§D§1§lr§x§8§2§C§E§D§7§la§x§8§E§C§8§D§D§lt§x§9§A§C§1§E§4§le §x§B§1§B§4§F§0§lK§x§B§D§A§E§F§6§le§x§C§9§A§7§F§C§ly in auction for 120000.
[22:48:20] > Cooldoggiexd added x1 §x§E§5§1§B§1§B§lDracula Battleaxe in auction for 200000.
[22:52:26] > Palietass remove x2 Nether star from buy
[23:08:58] > MrZyrus7228 added x1 My scrumtious, delicous, and tasty meat in auction for 50.
[23:09:04] > Cooldoggiexd buy x1 My scrumtious, delicous, and tasty meat to MrZyrus7228 for $50.
[23:09:10] > Cooldoggiexd remove x1 My scrumtious, delicous, and tasty meat from buy
[23:21:10] > HPMR_GaMerz remove x1 Music disc creator from buy
[23:21:42] > MrZyrus7228 added x64 Iron block in auction for 10.
[23:27:02] > DanRaiv buy x64 Iron block to MrZyrus7228 for $10.
[23:27:53] > DanRaiv remove x1 §x§F§F§3§E§0§0§lD§x§F§F§3§6§0§0§le§x§F§F§2§F§0§0§lm§x§F§F§2§7§0§0§lo§x§F§F§1§F§0§0§ln §x§F§F§1§0§0§0§lL§x§F§F§0§8§0§0§lo§x§F§F§0§0§0§0§lr§x§F§F§0§9§0§0§ld §x§F§F§1§B§0§0§lB§x§F§F§2§3§0§0§lo§x§F§F§2§C§0§0§lo§x§F§F§3§5§0§0§lt§x§F§F§3§E§0§0§ls from storage
[23:27:56] > DanRaiv remove x1 §x§F§F§3§E§0§0§lD§x§F§F§3§7§0§0§le§x§F§F§3§0§0§0§lm§x§F§F§2§9§0§0§lo§x§F§F§2§2§0§0§ln §x§F§F§1§5§0§0§lL§x§F§F§0§E§0§0§lo§x§F§F§0§7§0§0§lr§x§F§F§0§0§0§0§ld §x§F§F§0§E§0§0§lL§x§F§F§1§5§0§0§le§x§F§F§1§C§0§0§lg§x§F§F§2§2§0§0§lg§x§F§F§2§9§0§0§li§x§F§F§3§0§0§0§ln§x§F§F§3§7§0§0§lg§x§F§F§3§E§0§0§ls from storage
[23:27:58] > DanRaiv remove x1 §x§F§F§3§E§0§0§lD§x§F§F§3§6§0§0§le§x§F§F§2§F§0§0§lm§x§F§F§2§7§0§0§lo§x§F§F§1§F§0§0§ln §x§F§F§1§0§0§0§lL§x§F§F§0§8§0§0§lo§x§F§F§0§0§0§0§lr§x§F§F§0§8§0§0§ld §x§F§F§1§7§0§0§lH§x§F§F§1§F§0§0§le§x§F§F§2§7§0§0§ll§x§F§F§2§F§0§0§lm§x§F§F§3§6§0§0§le§x§F§F§3§E§0§0§lt from storage
[23:28:34] > fantoofy buy x64 Redstone block to Seris00 for $48,000.
[23:28:54] > MrZyrus7228 added x1 My big red rocket in auction for 10.
[23:28:58] > Cynishere buy x1 My big red rocket to MrZyrus7228 for $10.
[23:29:00] > DanRaiv added x1 Firework rocket in auction for 10000.
[23:29:12] > MrZyrus7228 buy x1 Firework rocket to DanRaiv for $10,000.
[23:29:17] > fantoofy remove x64 SFC from buy
[23:29:18] > fantoofy remove x64 SFC from buy
[23:29:21] > MrZyrus7228 remove x1 Firework rocket from buy
[23:29:47] > DanRaiv added x1 Cooked beef in auction for 100.
[23:29:55] > DanRaiv remove x1 Cooked beef from storage
[23:29:57] > fantoofy remove x64 Spider eye from buy
[23:29:58] > fantoofy remove x64 Redstone block from buy
[23:29:59] > fantoofy remove x1 Heavy core from buy
[23:30:49] > MrZyrus7228 added x64 Wind charge in auction for 10.
[23:30:53] > DanRaiv buy x64 Wind charge to MrZyrus7228 for $10.
[23:30:58] > DanRaiv remove x37 Wind charge from buy
[23:31:18] > Palietass buy x2 Nether star to Kanzie20 for $100,000.
[23:31:26] > Palietass remove x2 Nether star from buy
[23:32:58] > octopus_01 buy x64 Experience bottle to HwanYo for $200,000.
[23:33:01] > octopus_01 buy x64 Experience bottle to HwanYo for $200,000.
[23:33:52] > octopus_01 added x1 §x§F§F§3§E§0§0§lD§x§F§F§3§5§0§0§le§x§F§F§2§C§0§0§lm§x§F§F§2§3§0§0§lo§x§F§F§1§B§0§0§ln §x§F§F§0§9§0§0§lL§x§F§F§0§0§0§0§lo§x§F§F§0§A§0§0§lr§x§F§F§1§5§0§0§ld §x§F§F§2§9§0§0§lH§x§F§F§3§4§0§0§lo§x§F§F§3§E§0§0§le in auction for 300000.
[23:38:24] > MrZyrus7228 added x64 Firework rocket in auction for 10.
[23:38:35] > MrZyrus7228 added x64 Firework rocket in auction for 10.
[23:38:41] > DanRaiv buy x64 Firework rocket to MrZyrus7228 for $10.
[23:38:43] > DanRaiv buy x64 Firework rocket to MrZyrus7228 for $10.
[23:40:15] > MrZyrus7228 added x64 Firework rocket in auction for 10.
[23:40:25] > Unforce01 buy x64 Firework rocket to MrZyrus7228 for $10.
[23:40:32] > MrZyrus7228 added x64 Firework rocket in auction for 10.
[23:40:39] > DanRaiv buy x64 Firework rocket to MrZyrus7228 for $10.
[23:40:43] > MrZyrus7228 added x64 Firework rocket in auction for 10.
[23:40:47] > DanRaiv buy x64 Firework rocket to MrZyrus7228 for $10.
[23:41:00] > MrZyrus7228 added x42 Firework rocket in auction for 10.
[23:41:04] > DanRaiv buy x42 Firework rocket to MrZyrus7228 for $10.
[23:46:17] > Unforce01 remove x63 Firework rocket form buy
[23:50:28] > El3ctric_Ey3 added x1 Enchanted book in auction for 1500.
[23:54:31] > PrinceBGC added x1 §eᴄʜɪᴄᴋᴇɴ sᴘᴀᴡɴᴇʀ in auction for 250000.
[23:59:38] > sunnnnnyy_ buy x1 §fHorns to FRANZ_JOSEF0 for $10,000.
[23:59:44] > sunnnnnyy_ remove x1 §fHorns from buy
[00:02:25] > MrZyrus7228 added x64 Firework rocket in auction for 10.
[00:02:29] > sunnnnnyy_ buy x1 §x§F§F§7§C§0§0§lSteamsparks Axe to MrGh0st1y for $100,000.
[00:02:29] > Schminkipoo buy x64 Firework rocket to MrZyrus7228 for $10.
[00:02:45] > sunnnnnyy_ remove x1 §x§F§F§7§C§0§0§lSteamsparks Axe from buy
[00:06:06] > MrZyrus7228 added x2 Gold ingot in auction for 10.
[00:06:12] > DanRaiv buy x2 Gold ingot to MrZyrus7228 for $10.
[00:06:28] > DanRaiv remove x2 Gold ingot from buy
[00:11:35] > MrZyrus7228 added x1 Red box for red rockets in auction for 10.
[00:11:44] > fantoofy buy x1 Red box for red rockets to MrZyrus7228 for $10.
[00:11:53] > fantoofy remove x1 Red box for red rockets from buy
[00:14:25] > SydneySweetie added x1 Enchanted book in auction for 3000.
[00:14:44] > PrinceBGC buy x1 Enchanted book to SydneySweetie for $3,000.
[00:14:47] > SydneySweetie added x1 Enchanted book in auction for 3000.
[00:14:53] > PrinceBGC buy x1 Enchanted book to SydneySweetie for $3,000.
[00:15:03] > PrinceBGC remove x1 Enchanted book from buy
[00:15:04] > PrinceBGC remove x1 Enchanted book from buy
[00:16:46] > SydneySweetie added x64 Experience bottle in auction for 250000.
[00:17:01] > SydneySweetie added x64 Experience bottle in auction for 250000.
[00:17:19] > SydneySweetie added x64 Experience bottle in auction for 250000.
[00:17:29] > SydneySweetie added x64 Experience bottle in auction for 250000.
[00:17:48] > SydneySweetie added x64 Experience bottle in auction for 250000.
[00:18:47] > mae added x1 §f§l§x§F§C§D§0§5§CW§x§F§B§A§D§4§Du§x§F§9§8§B§3§Dk§x§F§8§6§8§2§Eo§x§F§6§4§5§1§Fn§x§F§5§2§3§0§Fg§x§F§3§0§0§0§0 §x§F§5§2§3§0§FD§x§F§6§4§5§1§Fa§x§F§8§6§8§2§Eg§x§F§9§8§B§3§Dg§x§F§B§A§D§4§De§x§F§C§D§0§5§Cr in auction for 50000.
[00:18:51] > Schminkipoo buy x1 §f§l§x§F§C§D§0§5§CW§x§F§B§A§D§4§Du§x§F§9§8§B§3§Dk§x§F§8§6§8§2§Eo§x§F§6§4§5§1§Fn§x§F§5§2§3§0§Fg§x§F§3§0§0§0§0 §x§F§5§2§3§0§FD§x§F§6§4§5§1§Fa§x§F§8§6§8§2§Eg§x§F§9§8§B§3§Dg§x§F§B§A§D§4§De§x§F§C§D§0§5§Cr to mae for $50,000.
[00:19:59] > Schminkipoo remove x1 §f§l§x§F§C§D§0§5§CW§x§F§B§A§D§4§Du§x§F§9§8§B§3§Dk§x§F§8§6§8§2§Eo§x§F§6§4§5§1§Fn§x§F§5§2§3§0§Fg§x§F§3§0§0§0§0 §x§F§5§2§3§0§FD§x§F§6§4§5§1§Fa§x§F§8§6§8§2§Eg§x§F§9§8§B§3§Dg§x§F§B§A§D§4§De§x§F§C§D§0§5§Cr from buy
[01:00:56] > lorxie added x1 §eᴡɪᴛᴄʜ ꜱᴘᴀᴡɴᴇʀ in auction for 700000.
[01:08:03] > Keenorana remove x16 Wither skeleton skull from buy
[01:36:47] > Ax_ added x1 §eʙʟᴀᴢᴇ sᴘᴀᴡɴᴇʀ in auction for 750000.
[01:44:55] > Ax_ added x1 §f§l§x§F§C§D§0§5§CW§x§F§B§B§0§4§Eu§x§F§9§9§0§4§0k§x§F§8§7§0§3§2o§x§F§6§5§0§2§3n§x§F§5§3§0§1§5g§x§F§4§1§0§0§7 H§x§F§5§3§0§1§5a§x§F§6§5§0§2§3l§x§F§8§7§0§3§2b§x§F§9§9§0§4§0e§x§F§B§B§0§4§Er§x§F§C§D§0§5§Cd in auction for 150000.
[02:09:48] > sunnnnnyy_ buy x1 §x§F§F§3§E§0§0§lD§x§F§F§3§5§0§0§le§x§F§F§2§C§0§0§lm§x§F§F§2§3§0§0§lo§x§F§F§1§B§0§0§ln §x§F§F§0§9§0§0§lL§x§F§F§0§0§0§0§lo§x§F§F§0§A§0§0§lr§x§F§F§1§5§0§0§ld §x§F§F§2§9§0§0§lA§x§F§F§3§4§0§0§lx§x§F§F§3§E§0§0§le to dncipher for $200,000.
[02:09:52] > sunnnnnyy_ remove x1 §x§F§F§3§E§0§0§lD§x§F§F§3§5§0§0§le§x§F§F§2§C§0§0§lm§x§F§F§2§3§0§0§lo§x§F§F§1§B§0§0§ln §x§F§F§0§9§0§0§lL§x§F§F§0§0§0§0§lo§x§F§F§0§A§0§0§lr§x§F§F§1§5§0§0§ld §x§F§F§2§9§0§0§lA§x§F§F§3§4§0§0§lx§x§F§F§3§E§0§0§le from buy
[02:19:48] > Technoblad7869 buy x1 Enchanted book to El3ctric_Ey3 for $1,500.
[02:20:15] > Technoblad7869 buy x1 §x§F§F§3§E§0§0§lD§x§F§F§3§5§0§0§le§x§F§F§2§C§0§0§lm§x§F§F§2§3§0§0§lo§x§F§F§1§B§0§0§ln §x§F§F§0§9§0§0§lL§x§F§F§0§0§0§0§lo§x§F§F§0§A§0§0§lr§x§F§F§1§5§0§0§ld §x§F§F§2§9§0§0§lK§x§F§F§3§4§0§0§le§x§F§F§3§E§0§0§ly to Zypher_0w0 for $300,000.
[02:20:20] > Technoblad7869 remove x1 §x§F§F§3§E§0§0§lD§x§F§F§3§5§0§0§le§x§F§F§2§C§0§0§lm§x§F§F§2§3§0§0§lo§x§F§F§1§B§0§0§ln §x§F§F§0§9§0§0§lL§x§F§F§0§0§0§0§lo§x§F§F§0§A§0§0§lr§x§F§F§1§5§0§0§ld §x§F§F§2§9§0§0§lK§x§F§F§3§4§0§0§le§x§F§F§3§E§0§0§ly from buy
[02:20:23] > Technoblad7869 remove x1 §x§5§C§C§F§F§C§lC§x§5§C§D§1§F§5§lo§x§5§D§D§4§E§E§ls§x§5§D§D§6§E§7§lm§x§5§E§D§9§E§1§le§x§5§E§D§B§D§A§lt§x§5§E§D§D§D§3§li§x§5§F§E§0§C§C§lc §x§5§F§E§0§C§C§lH§x§5§E§D§D§D§3§la§x§5§E§D§B§D§A§lt§x§5§E§D§9§E§1§ls §x§5§D§D§4§E§E§lK§x§5§C§D§1§F§5§le§x§5§C§C§F§F§C§ly from buy
[02:20:25] > Technoblad7869 remove x1 Enchanted book from buy
[02:23:43] > Technoblad7869 buy x1 §x§F§F§3§E§0§0§lD§x§F§F§3§5§0§0§le§x§F§F§2§C§0§0§lm§x§F§F§2§3§0§0§lo§x§F§F§1§B§0§0§ln §x§F§F§0§9§0§0§lL§x§F§F§0§0§0§0§lo§x§F§F§0§A§0§0§lr§x§F§F§1§5§0§0§ld §x§F§F§2§9§0§0§lK§x§F§F§3§4§0§0§le§x§F§F§3§E§0§0§ly to Zypher_0w0 for $300,000.
[02:23:47] > Technoblad7869 remove x1 §x§F§F§3§E§0§0§lD§x§F§F§3§5§0§0§le§x§F§F§2§C§0§0§lm§x§F§F§2§3§0§0§lo§x§F§F§1§B§0§0§ln §x§F§F§0§9§0§0§lL§x§F§F§0§0§0§0§lo§x§F§F§0§A§0§0§lr§x§F§F§1§5§0§0§ld §x§F§F§2§9§0§0§lK§x§F§F§3§4§0§0§le§x§F§F§3§E§0§0§ly from buy
[02:24:31] > Technoblad7869 buy x1 §x§F§F§3§E§0§0§lD§x§F§F§3§5§0§0§le§x§F§F§2§C§0§0§lm§x§F§F§2§3§0§0§lo§x§F§F§1§B§0§0§ln §x§F§F§0§9§0§0§lL§x§F§F§0§0§0§0§lo§x§F§F§0§A§0§0§lr§x§F§F§1§5§0§0§ld §x§F§F§2§9§0§0§lK§x§F§F§3§4§0§0§le§x§F§F§3§E§0§0§ly to Zypher_0w0 for $300,000.
[02:24:36] > Technoblad7869 remove x1 §x§F§F§3§E§0§0§lD§x§F§F§3§5§0§0§le§x§F§F§2§C§0§0§lm§x§F§F§2§3§0§0§lo§x§F§F§1§B§0§0§ln §x§F§F§0§9§0§0§lL§x§F§F§0§0§0§0§lo§x§F§F§0§A§0§0§lr§x§F§F§1§5§0§0§ld §x§F§F§2§9§0§0§lK§x§F§F§3§4§0§0§le§x§F§F§3§E§0§0§ly from buy
[02:26:11] > Technoblad7869 buy x1 §f§l§x§F§A§0§0§0§AD§x§F§A§1§5§1§2a§x§F§A§2§A§1§Ar§x§F§B§3§E§2§3k§x§F§B§5§3§2§Bf§x§F§B§6§8§3§3l§x§F§B§7§D§3§Ba§x§F§B§9§2§4§3m§x§F§C§A§6§4§Ce§x§F§C§B§B§5§4 §x§F§C§D§0§5§CF§x§F§C§B§B§5§4i§x§F§C§A§6§4§Cs§x§F§B§9§2§4§3h§x§F§B§7§D§3§Bi§x§F§B§6§8§3§3n§x§F§B§5§3§2§Bg§x§F§B§3§E§2§3 §x§F§A§2§A§1§AR§x§F§A§1§5§1§2o§x§F§A§0§0§0§Ad to celinesanrio for $450,000.
[02:26:18] > Technoblad7869 remove x1 §f§l§x§F§A§0§0§0§AD§x§F§A§1§5§1§2a§x§F§A§2§A§1§Ar§x§F§B§3§E§2§3k§x§F§B§5§3§2§Bf§x§F§B§6§8§3§3l§x§F§B§7§D§3§Ba§x§F§B§9§2§4§3m§x§F§C§A§6§4§Ce§x§F§C§B§B§5§4 §x§F§C§D§0§5§CF§x§F§C§B§B§5§4i§x§F§C§A§6§4§Cs§x§F§B§9§2§4§3h§x§F§B§7§D§3§Bi§x§F§B§6§8§3§3n§x§F§B§5§3§2§Bg§x§F§B§3§E§2§3 §x§F§A§2§A§1§AR§x§F§A§1§5§1§2o§x§F§A§0§0§0§Ad from buy
[02:30:31] > mae added x1 §x§F§F§3§E§0§0§lD§x§F§F§3§6§0§0§le§x§F§F§2§F§0§0§lm§x§F§F§2§7§0§0§lo§x§F§F§1§F§0§0§ln §x§F§F§1§0§0§0§lL§x§F§F§0§8§0§0§lo§x§F§F§0§0§0§0§lr§x§F§F§0§8§0§0§ld §x§F§F§1§7§0§0§lD§x§F§F§1§F§0§0§la§x§F§F§2§7§0§0§lg§x§F§F§2§F§0§0§lg§x§F§F§3§6§0§0§le§x§F§F§3§E§0§0§lr in auction for 50000.
[02:30:47] > mae added x1 §f§l§x§F§C§D§0§5§CW§x§F§B§A§D§4§Du§x§F§9§8§B§3§Dk§x§F§8§6§8§2§Eo§x§F§6§4§5§1§Fn§x§F§5§2§3§0§Fg§x§F§3§0§0§0§0 §x§F§5§2§3§0§FS§x§F§6§4§5§1§Fh§x§F§8§6§8§2§Eo§x§F§9§8§B§3§Dv§x§F§B§A§D§4§De§x§F§C§D§0§5§Cl in auction for 50000.
[02:31:12] > mae added x1 §f§l§x§F§C§D§0§5§CW§x§F§B§C§3§5§6u§x§F§B§B§6§5§1k§x§F§A§A§9§4§Bo§x§F§A§9§C§4§5n§x§F§9§8§F§3§Fg§x§F§9§8§2§3§A §x§F§8§7§5§3§4C§x§F§8§6§8§2§Eh§x§F§7§5§B§2§8e§x§F§6§4§E§2§3s§x§F§6§4§1§1§Dt§x§F§5§3§4§1§7p§x§F§5§2§7§1§1l§x§F§4§1§A§0§Ca§x§F§4§0§D§0§6t§x§F§3§0§0§0§0e in auction for 50000.
[02:31:24] > Technoblad7869 buy x1 §f§l§x§F§C§D§0§5§CW§x§F§B§C§3§5§6u§x§F§B§B§6§5§1k§x§F§A§A§9§4§Bo§x§F§A§9§C§4§5n§x§F§9§8§F§3§Fg§x§F§9§8§2§3§A §x§F§8§7§5§3§4C§x§F§8§6§8§2§Eh§x§F§7§5§B§2§8e§x§F§6§4§E§2§3s§x§F§6§4§1§1§Dt§x§F§5§3§4§1§7p§x§F§5§2§7§1§1l§x§F§4§1§A§0§Ca§x§F§4§0§D§0§6t§x§F§3§0§0§0§0e to mae for $50,000.
[02:31:29] > Technoblad7869 remove x1 §f§l§x§F§C§D§0§5§CW§x§F§B§C§3§5§6u§x§F§B§B§6§5§1k§x§F§A§A§9§4§Bo§x§F§A§9§C§4§5n§x§F§9§8§F§3§Fg§x§F§9§8§2§3§A §x§F§8§7§5§3§4C§x§F§8§6§8§2§Eh§x§F§7§5§B§2§8e§x§F§6§4§E§2§3s§x§F§6§4§1§1§Dt§x§F§5§3§4§1§7p§x§F§5§2§7§1§1l§x§F§4§1§A§0§Ca§x§F§4§0§D§0§6t§x§F§3§0§0§0§0e from buy
[02:31:33] > mae added x1 §x§F§F§3§E§0§0§lD§x§F§F§3§7§0§0§le§x§F§F§3§0§0§0§lm§x§F§F§2§9§0§0§lo§x§F§F§2§2§0§0§ln §x§F§F§1§5§0§0§lL§x§F§F§0§E§0§0§lo§x§F§F§0§7§0§0§lr§x§F§F§0§0§0§0§ld §x§F§F§0§E§0§0§lL§x§F§F§1§5§0§0§le§x§F§F§1§C§0§0§lg§x§F§F§2§2§0§0§lg§x§F§F§2§9§0§0§li§x§F§F§3§0§0§0§ln§x§F§F§3§7§0§0§lg§x§F§F§3§E§0§0§ls in auction for 50000.
[02:31:42] > Technoblad7869 buy x1 §x§F§F§3§E§0§0§lD§x§F§F§3§7§0§0§le§x§F§F§3§0§0§0§lm§x§F§F§2§9§0§0§lo§x§F§F§2§2§0§0§ln §x§F§F§1§5§0§0§lL§x§F§F§0§E§0§0§lo§x§F§F§0§7§0§0§lr§x§F§F§0§0§0§0§ld §x§F§F§0§E§0§0§lL§x§F§F§1§5§0§0§le§x§F§F§1§C§0§0§lg§x§F§F§2§2§0§0§lg§x§F§F§2§9§0§0§li§x§F§F§3§0§0§0§ln§x§F§F§3§7§0§0§lg§x§F§F§3§E§0§0§ls to mae for $50,000.
[02:31:53] > Technoblad7869 remove x1 §x§F§F§3§E§0§0§lD§x§F§F§3§7§0§0§le§x§F§F§3§0§0§0§lm§x§F§F§2§9§0§0§lo§x§F§F§2§2§0§0§ln §x§F§F§1§5§0§0§lL§x§F§F§0§E§0§0§lo§x§F§F§0§7§0§0§lr§x§F§F§0§0§0§0§ld §x§F§F§0§E§0§0§lL§x§F§F§1§5§0§0§le§x§F§F§1§C§0§0§lg§x§F§F§2§2§0§0§lg§x§F§F§2§9§0§0§li§x§F§F§3§0§0§0§ln§x§F§F§3§7§0§0§lg§x§F§F§3§E§0§0§ls from buy
[02:31:57] > mae added x1 §x§F§F§3§E§0§0§lD§x§F§F§3§7§0§0§le§x§F§F§3§0§0§0§lm§x§F§F§2§9§0§0§lo§x§F§F§2§2§0§0§ln §x§F§F§1§5§0§0§lL§x§F§F§0§E§0§0§lo§x§F§F§0§7§0§0§lr§x§F§F§0§0§0§0§ld §x§F§F§0§E§0§0§lL§x§F§F§1§5§0§0§le§x§F§F§1§C§0§0§lg§x§F§F§2§2§0§0§lg§x§F§F§2§9§0§0§li§x§F§F§3§0§0§0§ln§x§F§F§3§7§0§0§lg§x§F§F§3§E§0§0§ls in auction for 50000.
[02:32:08] > mae added x1 §x§F§F§7§C§0§0§lSteamsparks Hoe in auction for 50000.
[02:32:10] > Technoblad7869 buy x1 §x§F§F§3§E§0§0§lD§x§F§F§3§7§0§0§le§x§F§F§3§0§0§0§lm§x§F§F§2§9§0§0§lo§x§F§F§2§2§0§0§ln §x§F§F§1§5§0§0§lL§x§F§F§0§E§0§0§lo§x§F§F§0§7§0§0§lr§x§F§F§0§0§0§0§ld §x§F§F§0§E§0§0§lL§x§F§F§1§5§0§0§le§x§F§F§1§C§0§0§lg§x§F§F§2§2§0§0§lg§x§F§F§2§9§0§0§li§x§F§F§3§0§0§0§ln§x§F§F§3§7§0§0§lg§x§F§F§3§E§0§0§ls to mae for $50,000.
[02:32:19] > mae added x1 §x§F§F§3§E§0§0§lD§x§F§F§3§5§0§0§le§x§F§F§2§C§0§0§lm§x§F§F§2§3§0§0§lo§x§F§F§1§B§0§0§ln §x§F§F§0§9§0§0§lL§x§F§F§0§0§0§0§lo§x§F§F§0§A§0§0§lr§x§F§F§1§5§0§0§ld §x§F§F§2§9§0§0§lA§x§F§F§3§4§0§0§lx§x§F§F§3§E§0§0§le in auction for 50000.
[02:32:39] > Technoblad7869 remove x1 §x§F§F§3§E§0§0§lD§x§F§F§3§7§0§0§le§x§F§F§3§0§0§0§lm§x§F§F§2§9§0§0§lo§x§F§F§2§2§0§0§ln §x§F§F§1§5§0§0§lL§x§F§F§0§E§0§0§lo§x§F§F§0§7§0§0§lr§x§F§F§0§0§0§0§ld §x§F§F§0§E§0§0§lL§x§F§F§1§5§0§0§le§x§F§F§1§C§0§0§lg§x§F§F§2§2§0§0§lg§x§F§F§2§9§0§0§li§x§F§F§3§0§0§0§ln§x§F§F§3§7§0§0§lg§x§F§F§3§E§0§0§ls from buy
[02:32:44] > mae added x1 §x§F§F§3§E§0§0§lD§x§F§F§3§6§0§0§le§x§F§F§2§F§0§0§lm§x§F§F§2§7§0§0§lo§x§F§F§1§F§0§0§ln §x§F§F§1§0§0§0§lL§x§F§F§0§8§0§0§lo§x§F§F§0§0§0§0§lr§x§F§F§0§8§0§0§ld §x§F§F§1§7§0§0§lD§x§F§F§1§F§0§0§la§x§F§F§2§7§0§0§lg§x§F§F§2§F§0§0§lg§x§F§F§3§6§0§0§le§x§F§F§3§E§0§0§lr in auction for 50000.
[02:32:51] > Technoblad7869 added x1 §x§F§F§3§E§0§0§lD§x§F§F§3§7§0§0§le§x§F§F§3§0§0§0§lm§x§F§F§2§9§0§0§lo§x§F§F§2§2§0§0§ln §x§F§F§1§5§0§0§lL§x§F§F§0§E§0§0§lo§x§F§F§0§7§0§0§lr§x§F§F§0§0§0§0§ld §x§F§F§0§E§0§0§lL§x§F§F§1§5§0§0§le§x§F§F§1§C§0§0§lg§x§F§F§2§2§0§0§lg§x§F§F§2§9§0§0§li§x§F§F§3§0§0§0§ln§x§F§F§3§7§0§0§lg§x§F§F§3§E§0§0§ls in auction for 200000.
[02:33:30] > Technoblad7869 added x1 §f§l§x§F§C§D§0§5§CW§x§F§B§C§3§5§6u§x§F§B§B§6§5§1k§x§F§A§A§9§4§Bo§x§F§A§9§C§4§5n§x§F§9§8§F§3§Fg§x§F§9§8§2§3§A §x§F§8§7§5§3§4C§x§F§8§6§8§2§Eh§x§F§7§5§B§2§8e§x§F§6§4§E§2§3s§x§F§6§4§1§1§Dt§x§F§5§3§4§1§7p§x§F§5§2§7§1§1l§x§F§4§1§A§0§Ca§x§F§4§0§D§0§6t§x§F§3§0§0§0§0e in auction for 200000.
[02:33:41] > Technoblad7869 added x1 §x§F§F§3§E§0§0§lD§x§F§F§3§7§0§0§le§x§F§F§3§0§0§0§lm§x§F§F§2§9§0§0§lo§x§F§F§2§2§0§0§ln §x§F§F§1§5§0§0§lL§x§F§F§0§E§0§0§lo§x§F§F§0§7§0§0§lr§x§F§F§0§0§0§0§ld §x§F§F§0§E§0§0§lL§x§F§F§1§5§0§0§le§x§F§F§1§C§0§0§lg§x§F§F§2§2§0§0§lg§x§F§F§2§9§0§0§li§x§F§F§3§0§0§0§ln§x§F§F§3§7§0§0§lg§x§F§F§3§E§0§0§ls in auction for 200000.
[02:33:52] > mae added x1 §x§E§5§1§B§1§B§lDracula Shield in auction for 5000.
[02:33:57] > Schminkipoo buy x1 §x§E§5§1§B§1§B§lDracula Shield to mae for $5,000.
[02:34:04] > Sombre_505 added x1 §x§9§8§6§3§E§7§lG§x§9§0§7§5§E§2§lo§x§8§8§8§7§D§D§ld§x§8§0§9§9§D§8§ll§x§7§7§A§C§D§4§ly §x§6§7§D§0§C§A§lC§x§5§F§E§2§C§5§lr§x§6§7§D§0§C§A§la§x§6§F§B§E§C§F§lt§x§7§7§A§C§D§4§le §x§8§8§8§7§D§D§lK§x§9§0§7§5§E§2§le§x§9§8§6§3§E§7§ly in auction for 400000.
[02:34:12] > Schminkipoo buy x1 §x§F§F§3§E§0§0§lD§x§F§F§3§5§0§0§le§x§F§F§2§C§0§0§lm§x§F§F§2§3§0§0§lo§x§F§F§1§B§0§0§ln §x§F§F§0§9§0§0§lL§x§F§F§0§0§0§0§lo§x§F§F§0§A§0§0§lr§x§F§F§1§5§0§0§ld §x§F§F§2§9§0§0§lA§x§F§F§3§4§0§0§lx§x§F§F§3§E§0§0§le to mae for $50,000.
[02:34:14] > mae buy x1 §x§9§8§6§3§E§7§lG§x§9§0§7§5§E§2§lo§x§8§8§8§7§D§D§ld§x§8§0§9§9§D§8§ll§x§7§7§A§C§D§4§ly §x§6§7§D§0§C§A§lC§x§5§F§E§2§C§5§lr§x§6§7§D§0§C§A§la§x§6§F§B§E§C§F§lt§x§7§7§A§C§D§4§le §x§8§8§8§7§D§D§lK§x§9§0§7§5§E§2§le§x§9§8§6§3§E§7§ly to Sombre_505 for $400,000.
[02:34:21] > Schminkipoo buy x1 §x§F§F§7§C§0§0§lSteamsparks Hoe to mae for $50,000.
[02:34:27] > mae remove x1 §x§9§8§6§3§E§7§lG§x§9§0§7§5§E§2§lo§x§8§8§8§7§D§D§ld§x§8§0§9§9§D§8§ll§x§7§7§A§C§D§4§ly §x§6§7§D§0§C§A§lC§x§5§F§E§2§C§5§lr§x§6§7§D§0§C§A§la§x§6§F§B§E§C§F§lt§x§7§7§A§C§D§4§le §x§8§8§8§7§D§D§lK§x§9§0§7§5§E§2§le§x§9§8§6§3§E§7§ly from buy
[02:34:29] > Schminkipoo buy x1 §f§l§x§F§C§D§0§5§CW§x§F§B§A§D§4§Du§x§F§9§8§B§3§Dk§x§F§8§6§8§2§Eo§x§F§6§4§5§1§Fn§x§F§5§2§3§0§Fg§x§F§3§0§0§0§0 §x§F§5§2§3§0§FS§x§F§6§4§5§1§Fh§x§F§8§6§8§2§Eo§x§F§9§8§B§3§Dv§x§F§B§A§D§4§De§x§F§C§D§0§5§Cl to mae for $50,000.
[02:34:30] > mae remove x1 §x§9§8§6§3§E§7§lG§x§9§0§7§5§E§2§lo§x§8§8§8§7§D§D§ld§x§8§0§9§9§D§8§ll§x§7§7§A§C§D§4§ly §x§6§7§D§0§C§A§lC§x§5§F§E§2§C§5§lr§x§6§7§D§0§C§A§la§x§6§F§B§E§C§F§lt§x§7§7§A§C§D§4§le §x§8§8§8§7§D§D§lK§x§9§0§7§5§E§2§le§x§9§8§6§3§E§7§ly from buy
[02:34:36] > Schminkipoo buy x1 §x§F§F§3§E§0§0§lD§x§F§F§3§6§0§0§le§x§F§F§2§F§0§0§lm§x§F§F§2§7§0§0§lo§x§F§F§1§F§0§0§ln §x§F§F§1§0§0§0§lL§x§F§F§0§8§0§0§lo§x§F§F§0§0§0§0§lr§x§F§F§0§8§0§0§ld §x§F§F§1§7§0§0§lD§x§F§F§1§F§0§0§la§x§F§F§2§7§0§0§lg§x§F§F§2§F§0§0§lg§x§F§F§3§6§0§0§le§x§F§F§3§E§0§0§lr to mae for $50,000.
[02:34:38] > Schminkipoo buy x1 §x§F§F§3§E§0§0§lD§x§F§F§3§6§0§0§le§x§F§F§2§F§0§0§lm§x§F§F§2§7§0§0§lo§x§F§F§1§F§0§0§ln §x§F§F§1§0§0§0§lL§x§F§F§0§8§0§0§lo§x§F§F§0§0§0§0§lr§x§F§F§0§8§0§0§ld §x§F§F§1§7§0§0§lD§x§F§F§1§F§0§0§la§x§F§F§2§7§0§0§lg§x§F§F§2§F§0§0§lg§x§F§F§3§6§0§0§le§x§F§F§3§E§0§0§lr to mae for $50,000.
[02:34:46] > Schminkipoo remove x1 §x§F§F§3§E§0§0§lD§x§F§F§3§6§0§0§le§x§F§F§2§F§0§0§lm§x§F§F§2§7§0§0§lo§x§F§F§1§F§0§0§ln §x§F§F§1§0§0§0§lL§x§F§F§0§8§0§0§lo§x§F§F§0§0§0§0§lr§x§F§F§0§8§0§0§ld §x§F§F§1§7§0§0§lD§x§F§F§1§F§0§0§la§x§F§F§2§7§0§0§lg§x§F§F§2§F§0§0§lg§x§F§F§3§6§0§0§le§x§F§F§3§E§0§0§lr from buy
[02:34:48] > Schminkipoo remove x1 §f§l§x§F§C§D§0§5§CW§x§F§B§A§D§4§Du§x§F§9§8§B§3§Dk§x§F§8§6§8§2§Eo§x§F§6§4§5§1§Fn§x§F§5§2§3§0§Fg§x§F§3§0§0§0§0 §x§F§5§2§3§0§FS§x§F§6§4§5§1§Fh§x§F§8§6§8§2§Eo§x§F§9§8§B§3§Dv§x§F§B§A§D§4§De§x§F§C§D§0§5§Cl from buy
[02:34:48] > Schminkipoo remove x1 §x§F§F§7§C§0§0§lSteamsparks Hoe from buy
[02:39:25] > Takeremu added x1 Enchanted book in auction for 2500.
[02:39:33] > Yalujin buy x1 Enchanted book to Takeremu for $2,500.
[02:39:39] > Takeremu added x1 Enchanted book in auction for 2500.
[02:39:49] > Takeremu added x1 Enchanted book in auction for 2500.
[02:40:00] > Technoblad7869 buy x1 Enchanted book to Takeremu for $2,500.
[02:40:02] > Takeremu added x1 Enchanted book in auction for 2500.
[02:40:04] > Technoblad7869 buy x1 Enchanted book to Takeremu for $2,500.
[02:40:13] > El3ctric_Ey3 buy x1 Enchanted book to Takeremu for $2,500.
[02:40:15] > Takeremu added x1 Enchanted book in auction for 2500.
[02:40:16] > Technoblad7869 remove x1 Enchanted book from buy
[02:40:16] > Technoblad7869 remove x1 Enchanted book from buy
[02:40:47] > Takeremu added x1 Enchanted book in auction for 2500.
[02:40:57] > Takeremu added x1 Enchanted book in auction for 2500.
[02:41:09] > Takeremu added x1 Enchanted book in auction for 2500.
[02:41:22] > .worldlord7830 buy x1 Enchanted book to Takeremu for $2,500.
[02:41:22] > El3ctric_Ey3 buy x1 Enchanted book to Takeremu for $2,500.
[02:41:26] > El3ctric_Ey3 buy x1 Enchanted book to Takeremu for $2,500.
[02:41:28] > Takeremu added x1 Enchanted book in auction for 2500.
[02:41:38] > Takeremu added x1 Enchanted book in auction for 2500.
[02:41:42] > .worldlord7830 buy x1 Enchanted book to Takeremu for $2,500.
[02:41:49] > Takeremu added x1 Enchanted book in auction for 2500.
[02:42:00] > Takeremu added x1 Enchanted book in auction for 2500.
[02:42:12] > Takeremu added x1 Enchanted book in auction for 2500.
[02:42:41] > SydneySweetie remove x64 Experience bottle from storage
[02:42:50] > SydneySweetie added x1 Enchanted book in auction for 2500.
[02:42:57] > Sombre_505 buy x1 Enchanted book to SydneySweetie for $2,500.
[02:42:59] > .worldlord7830 buy x1 Enchanted book to Takeremu for $2,500.
[02:43:09] > .worldlord7830 buy x1 Enchanted book to Takeremu for $2,500.
[02:43:10] > SydneySweetie added x1 Enchanted book in auction for 2500.
[02:43:16] > Sombre_505 buy x1 Enchanted book to SydneySweetie for $2,500.
[02:43:16] > .worldlord7830 buy x1 Enchanted book to Takeremu for $2,500.
[02:43:17] > Sombre_505 buy x1 Enchanted book to Takeremu for $2,500.
[02:43:19] > Sombre_505 buy x1 Enchanted book to Takeremu for $2,500.
[02:43:31] > SydneySweetie added x1 Enchanted book in auction for 2500.
[02:43:35] > Sombre_505 buy x1 Enchanted book to SydneySweetie for $2,500.
[02:43:42] > SydneySweetie added x1 Enchanted book in auction for 2500.
[02:43:47] > Sombre_505 buy x1 §x§F§F§3§E§0§0§lD§x§F§F§3§8§0§0§le§x§F§F§3§2§0§0§lm§x§F§F§2§B§0§0§lo§x§F§F§2§5§0§0§ln §x§F§F§1§9§0§0§lL§x§F§F§1§3§0§0§lo§x§F§F§0§C§0§0§lr§x§F§F§0§6§0§0§ld §x§F§F§0§6§0§0§lB§x§F§F§0§C§0§0§la§x§F§F§1§3§0§0§lt§x§F§F§1§9§0§0§lt§x§F§F§1§F§0§0§ll§x§F§F§2§5§0§0§le §x§F§F§3§2§0§0§lA§x§F§F§3§8§0§0§lx§x§F§F§3§E§0§0§le to kopo555 for $500,000.
[02:43:50] > Sombre_505 buy x1 Enchanted book to SydneySweetie for $2,500.
[02:44:19] > SydneySweetie added x1 Enchanted book in auction for 2500.
[02:44:24] > Sombre_505 buy x1 Enchanted book to SydneySweetie for $2,500.
[02:44:31] > SydneySweetie added x1 Enchanted book in auction for 2500.
[02:44:36] > Yalujin buy x1 Enchanted book to SydneySweetie for $2,500.
[02:48:16] > Sombre_505 remove x1 Enchanted book form buy
[02:48:16] > Sombre_505 remove x1 Enchanted book form buy
[02:48:16] > Sombre_505 remove x1 Enchanted book form buy
[02:48:16] > Sombre_505 remove x1 Enchanted book form buy
[02:48:16] > Sombre_505 remove x1 Enchanted book form buy
[02:48:43] > Sombre_505 remove x1 Enchanted book form buy
[02:48:43] > Sombre_505 remove x1 Enchanted book form buy
[02:48:43] > Sombre_505 remove x1 §x§F§F§3§E§0§0§lD§x§F§F§3§8§0§0§le§x§F§F§3§2§0§0§lm§x§F§F§2§B§0§0§lo§x§F§F§2§5§0§0§ln §x§F§F§1§9§0§0§lL§x§F§F§1§3§0§0§lo§x§F§F§0§C§0§0§lr§x§F§F§0§6§0§0§ld §x§F§F§0§6§0§0§lB§x§F§F§0§C§0§0§la§x§F§F§1§3§0§0§lt§x§F§F§1§9§0§0§lt§x§F§F§1§F§0§0§ll§x§F§F§2§5§0§0§le §x§F§F§3§2§0§0§lA§x§F§F§3§8§0§0§lx§x§F§F§3§E§0§0§le form buy
[02:55:57] > El3ctric_Ey3 remove x1 Enchanted book from buy
[02:55:59] > El3ctric_Ey3 remove x1 Enchanted book from buy
[02:55:59] > El3ctric_Ey3 remove x1 Enchanted book from buy
[02:56:00] > El3ctric_Ey3 remove x1 Enchanted book from buy
[02:56:00] > El3ctric_Ey3 remove x1 Enchanted book from buy
[03:22:47] > SydneySweetie added x1 Cheap E.Books ACozyLibrary in auction for 1000000000.
[03:33:28] > Technoblad7869 remove x1 §x§F§F§3§E§0§0§lD§x§F§F§3§7§0§0§le§x§F§F§3§0§0§0§lm§x§F§F§2§9§0§0§lo§x§F§F§2§2§0§0§ln §x§F§F§1§5§0§0§lL§x§F§F§0§E§0§0§lo§x§F§F§0§7§0§0§lr§x§F§F§0§0§0§0§ld §x§F§F§0§E§0§0§lL§x§F§F§1§5§0§0§le§x§F§F§1§C§0§0§lg§x§F§F§2§2§0§0§lg§x§F§F§2§9§0§0§li§x§F§F§3§0§0§0§ln§x§F§F§3§7§0§0§lg§x§F§F§3§E§0§0§ls from storage
[03:33:30] > Technoblad7869 remove x1 §f§l§x§F§C§D§0§5§CW§x§F§B§C§3§5§6u§x§F§B§B§6§5§1k§x§F§A§A§9§4§Bo§x§F§A§9§C§4§5n§x§F§9§8§F§3§Fg§x§F§9§8§2§3§A §x§F§8§7§5§3§4C§x§F§8§6§8§2§Eh§x§F§7§5§B§2§8e§x§F§6§4§E§2§3s§x§F§6§4§1§1§Dt§x§F§5§3§4§1§7p§x§F§5§2§7§1§1l§x§F§4§1§A§0§Ca§x§F§4§0§D§0§6t§x§F§3§0§0§0§0e from storage
[03:33:31] > Technoblad7869 remove x1 §x§F§F§3§E§0§0§lD§x§F§F§3§7§0§0§le§x§F§F§3§0§0§0§lm§x§F§F§2§9§0§0§lo§x§F§F§2§2§0§0§ln §x§F§F§1§5§0§0§lL§x§F§F§0§E§0§0§lo§x§F§F§0§7§0§0§lr§x§F§F§0§0§0§0§ld §x§F§F§0§E§0§0§lL§x§F§F§1§5§0§0§le§x§F§F§1§C§0§0§lg§x§F§F§2§2§0§0§lg§x§F§F§2§9§0§0§li§x§F§F§3§0§0§0§ln§x§F§F§3§7§0§0§lg§x§F§F§3§E§0§0§ls from storage
[03:33:45] > Technoblad7869 added x1 §x§F§F§3§E§0§0§lD§x§F§F§3§7§0§0§le§x§F§F§3§0§0§0§lm§x§F§F§2§9§0§0§lo§x§F§F§2§2§0§0§ln §x§F§F§1§5§0§0§lL§x§F§F§0§E§0§0§lo§x§F§F§0§7§0§0§lr§x§F§F§0§0§0§0§ld §x§F§F§0§E§0§0§lL§x§F§F§1§5§0§0§le§x§F§F§1§C§0§0§lg§x§F§F§2§2§0§0§lg§x§F§F§2§9§0§0§li§x§F§F§3§0§0§0§ln§x§F§F§3§7§0§0§lg§x§F§F§3§E§0§0§ls in auction for 100000.
[03:33:58] > Technoblad7869 added x1 §x§F§F§3§E§0§0§lD§x§F§F§3§7§0§0§le§x§F§F§3§0§0§0§lm§x§F§F§2§9§0§0§lo§x§F§F§2§2§0§0§ln §x§F§F§1§5§0§0§lL§x§F§F§0§E§0§0§lo§x§F§F§0§7§0§0§lr§x§F§F§0§0§0§0§ld §x§F§F§0§E§0§0§lL§x§F§F§1§5§0§0§le§x§F§F§1§C§0§0§lg§x§F§F§2§2§0§0§lg§x§F§F§2§9§0§0§li§x§F§F§3§0§0§0§ln§x§F§F§3§7§0§0§lg§x§F§F§3§E§0§0§ls in auction for 100000.
[03:34:09] > Technoblad7869 added x1 §f§l§x§F§C§D§0§5§CW§x§F§B§C§3§5§6u§x§F§B§B§6§5§1k§x§F§A§A§9§4§Bo§x§F§A§9§C§4§5n§x§F§9§8§F§3§Fg§x§F§9§8§2§3§A §x§F§8§7§5§3§4C§x§F§8§6§8§2§Eh§x§F§7§5§B§2§8e§x§F§6§4§E§2§3s§x§F§6§4§1§1§Dt§x§F§5§3§4§1§7p§x§F§5§2§7§1§1l§x§F§4§1§A§0§Ca§x§F§4§0§D§0§6t§x§F§3§0§0§0§0e in auction for 100000.
[04:12:37] > BlackKnight buy x1 §f§l§x§F§C§D§0§5§CW§x§F§B§C§3§5§6u§x§F§B§B§6§5§1k§x§F§A§A§9§4§Bo§x§F§A§9§C§4§5n§x§F§9§8§F§3§Fg§x§F§9§8§2§3§A §x§F§8§7§5§3§4C§x§F§8§6§8§2§Eh§x§F§7§5§B§2§8e§x§F§6§4§E§2§3s§x§F§6§4§1§1§Dt§x§F§5§3§4§1§7p§x§F§5§2§7§1§1l§x§F§4§1§A§0§Ca§x§F§4§0§D§0§6t§x§F§3§0§0§0§0e to Technoblad7869 for $100,000.
[04:12:38] > BlackKnight buy x1 §x§F§F§3§E§0§0§lD§x§F§F§3§7§0§0§le§x§F§F§3§0§0§0§lm§x§F§F§2§9§0§0§lo§x§F§F§2§2§0§0§ln §x§F§F§1§5§0§0§lL§x§F§F§0§E§0§0§lo§x§F§F§0§7§0§0§lr§x§F§F§0§0§0§0§ld §x§F§F§0§E§0§0§lL§x§F§F§1§5§0§0§le§x§F§F§1§C§0§0§lg§x§F§F§2§2§0§0§lg§x§F§F§2§9§0§0§li§x§F§F§3§0§0§0§ln§x§F§F§3§7§0§0§lg§x§F§F§3§E§0§0§ls to Technoblad7869 for $100,000.
[04:12:39] > BlackKnight buy x1 §x§F§F§3§E§0§0§lD§x§F§F§3§7§0§0§le§x§F§F§3§0§0§0§lm§x§F§F§2§9§0§0§lo§x§F§F§2§2§0§0§ln §x§F§F§1§5§0§0§lL§x§F§F§0§E§0§0§lo§x§F§F§0§7§0§0§lr§x§F§F§0§0§0§0§ld §x§F§F§0§E§0§0§lL§x§F§F§1§5§0§0§le§x§F§F§1§C§0§0§lg§x§F§F§2§2§0§0§lg§x§F§F§2§9§0§0§li§x§F§F§3§0§0§0§ln§x§F§F§3§7§0§0§lg§x§F§F§3§E§0§0§ls to Technoblad7869 for $100,000.
[04:13:00] > BlackKnight buy x1 §eᴡɪᴛᴄʜ ꜱᴘᴀᴡɴᴇʀ to lorxie for $700,000.
[04:24:19] > kkyleeeeesa remove x1 §x§9§8§6§3§E§7§lG§x§9§0§7§5§E§2§lo§x§8§8§8§7§D§D§ld§x§8§0§9§9§D§8§ll§x§7§7§A§C§D§4§ly §x§6§7§D§0§C§A§lC§x§5§F§E§2§C§5§lr§x§6§7§D§0§C§A§la§x§6§F§B§E§C§F§lt§x§7§7§A§C§D§4§le §x§8§8§8§7§D§D§lK§x§9§0§7§5§E§2§le§x§9§8§6§3§E§7§ly from storage
[04:24:48] > x1 §eᴄʜɪᴄᴋᴇɴ sᴘᴀᴡɴᴇʀ, item of HEYkay27, has just expired, the item is definitively deleted.
[04:24:48] > x64 Diamond, item of chico_xoxoxo, has just expired, the item is definitively deleted.
[04:24:48] > x1 §eᴄʀᴇᴇᴘᴇʀ sᴘᴀᴡɴᴇʀ, item of HEYkay27, has just expired, the item is definitively deleted.
[04:24:50] > kkyleeeeesa remove x1 §x§9§8§6§3§E§7§lG§x§9§0§7§5§E§2§lo§x§8§8§8§7§D§D§ld§x§8§0§9§9§D§8§ll§x§7§7§A§C§D§4§ly §x§6§7§D§0§C§A§lC§x§5§F§E§2§C§5§lr§x§6§7§D§0§C§A§la§x§6§F§B§E§C§F§lt§x§7§7§A§C§D§4§le §x§8§8§8§7§D§D§lK§x§9§0§7§5§E§2§le§x§9§8§6§3§E§7§ly from expire
[04:25:05] > kkyleeeeesa added x1 §x§9§8§6§3§E§7§lG§x§9§0§7§5§E§2§lo§x§8§8§8§7§D§D§ld§x§8§0§9§9§D§8§ll§x§7§7§A§C§D§4§ly §x§6§7§D§0§C§A§lC§x§5§F§E§2§C§5§lr§x§6§7§D§0§C§A§la§x§6§F§B§E§C§F§lt§x§7§7§A§C§D§4§le §x§8§8§8§7§D§D§lK§x§9§0§7§5§E§2§le§x§9§8§6§3§E§7§ly in auction for 1000000.
[04:27:34] > Technoblad7869 remove x1 §fFarmer Hat from storage
[04:39:07] > kkyleeeeesa remove x1 §x§9§8§6§3§E§7§lG§x§9§0§7§5§E§2§lo§x§8§8§8§7§D§D§ld§x§8§0§9§9§D§8§ll§x§7§7§A§C§D§4§ly §x§6§7§D§0§C§A§lC§x§5§F§E§2§C§5§lr§x§6§7§D§0§C§A§la§x§6§F§B§E§C§F§lt§x§7§7§A§C§D§4§le §x§8§8§8§7§D§D§lK§x§9§0§7§5§E§2§le§x§9§8§6§3§E§7§ly from storage
[04:39:17] > kkyleeeeesa added x1 §x§9§8§6§3§E§7§lG§x§9§0§7§5§E§2§lo§x§8§8§8§7§D§D§ld§x§8§0§9§9§D§8§ll§x§7§7§A§C§D§4§ly §x§6§7§D§0§C§A§lC§x§5§F§E§2§C§5§lr§x§6§7§D§0§C§A§la§x§6§F§B§E§C§F§lt§x§7§7§A§C§D§4§le §x§8§8§8§7§D§D§lK§x§9§0§7§5§E§2§le§x§9§8§6§3§E§7§ly in auction for 500000.
[06:34:41] > Yalujin remove x1 Enchanted book form buy
[06:34:41] > Yalujin remove x1 Enchanted book form buy
[06:42:45] > Hunter_Sung buy x1 §x§9§8§6§3§E§7§lG§x§9§0§7§5§E§2§lo§x§8§8§8§7§D§D§ld§x§8§0§9§9§D§8§ll§x§7§7§A§C§D§4§ly §x§6§7§D§0§C§A§lC§x§5§F§E§2§C§5§lr§x§6§7§D§0§C§A§la§x§6§F§B§E§C§F§lt§x§7§7§A§C§D§4§le §x§8§8§8§7§D§D§lK§x§9§0§7§5§E§2§le§x§9§8§6§3§E§7§ly to kkyleeeeesa for $500,000.
[06:45:37] > Hunter_Sung remove x1 §x§9§8§6§3§E§7§lG§x§9§0§7§5§E§2§lo§x§8§8§8§7§D§D§ld§x§8§0§9§9§D§8§ll§x§7§7§A§C§D§4§ly §x§6§7§D§0§C§A§lC§x§5§F§E§2§C§5§lr§x§6§7§D§0§C§A§la§x§6§F§B§E§C§F§lt§x§7§7§A§C§D§4§le §x§8§8§8§7§D§D§lK§x§9§0§7§5§E§2§le§x§9§8§6§3§E§7§ly from buy
[06:56:10] > giyahnpogi added x1 §x§F§F§3§E§0§0§lD§x§F§F§3§7§0§0§le§x§F§F§3§0§0§0§lm§x§F§F§2§9§0§0§lo§x§F§F§2§2§0§0§ln §x§F§F§1§5§0§0§lL§x§F§F§0§E§0§0§lo§x§F§F§0§7§0§0§lr§x§F§F§0§0§0§0§ld §x§F§F§0§E§0§0§lF§x§F§F§1§5§0§0§lr§x§F§F§1§C§0§0§la§x§F§F§2§2§0§0§lg§x§F§F§2§9§0§0§lm§x§F§F§3§0§0§0§le§x§F§F§3§7§0§0§ln§x§F§F§3§E§0§0§lt in auction for 100000.
[06:56:16] > Takeremu buy x1 §x§F§F§3§E§0§0§lD§x§F§F§3§7§0§0§le§x§F§F§3§0§0§0§lm§x§F§F§2§9§0§0§lo§x§F§F§2§2§0§0§ln §x§F§F§1§5§0§0§lL§x§F§F§0§E§0§0§lo§x§F§F§0§7§0§0§lr§x§F§F§0§0§0§0§ld §x§F§F§0§E§0§0§lF§x§F§F§1§5§0§0§lr§x§F§F§1§C§0§0§la§x§F§F§2§2§0§0§lg§x§F§F§2§9§0§0§lm§x§F§F§3§0§0§0§le§x§F§F§3§7§0§0§ln§x§F§F§3§E§0§0§lt to giyahnpogi for $100,000.
[06:56:20] > Takeremu remove x64 Bone block from buy
[06:56:20] > Takeremu remove x64 Bone block from buy
[06:56:20] > Takeremu remove x1 §x§F§F§3§E§0§0§lD§x§F§F§3§7§0§0§le§x§F§F§3§0§0§0§lm§x§F§F§2§9§0§0§lo§x§F§F§2§2§0§0§ln §x§F§F§1§5§0§0§lL§x§F§F§0§E§0§0§lo§x§F§F§0§7§0§0§lr§x§F§F§0§0§0§0§ld §x§F§F§0§E§0§0§lF§x§F§F§1§5§0§0§lr§x§F§F§1§C§0§0§la§x§F§F§2§2§0§0§lg§x§F§F§2§9§0§0§lm§x§F§F§3§0§0§0§le§x§F§F§3§7§0§0§ln§x§F§F§3§E§0§0§lt from buy
[06:56:51] > MrZyrus7228 added x34 Leather in auction for 10.
[06:57:09] > giyahnpogi added x18 Wind charge in auction for 30000.
[06:57:21] > MrZyrus7228 remove x1 §f§l§x§F§A§0§0§0§AD§x§F§A§1§5§1§2a§x§F§A§2§A§1§Ar§x§F§B§3§E§2§3k§x§F§B§5§3§2§Bf§x§F§B§6§8§3§3l§x§F§B§7§D§3§Ba§x§F§B§9§2§4§3m§x§F§C§A§6§4§Ce§x§F§C§B§B§5§4 §x§F§C§D§0§5§CF§x§F§C§B§B§5§4i§x§F§C§A§6§4§Cs§x§F§B§9§2§4§3h§x§F§B§7§D§3§Bi§x§F§B§6§8§3§3n§x§F§B§5§3§2§Bg§x§F§B§3§E§2§3 §x§F§A§2§A§1§AR§x§F§A§1§5§1§2o§x§F§A§0§0§0§Ad from storage
[06:58:00] > frenchhee buy x18 Wind charge to giyahnpogi for $30,000.
[06:58:43] > frenchhee buy x34 Leather to MrZyrus7228 for $10.
[07:04:27] > frenchhee remove x18 Wind charge from buy
[07:04:28] > frenchhee remove x34 Leather from buy
[07:05:42] > sukiyoriee buy x1 §esᴋᴇʟᴇᴛᴏɴ sᴘᴀᴡɴᴇʀ to SydneySweetie for $750,000.
[07:09:48] > Takeremu added x1 Enchanted book in auction for 2500.
[07:09:59] > Takeremu added x1 Enchanted book in auction for 2500.
[07:10:05] > sukiyoriee buy x1 Enchanted book to Takeremu for $2,500.
[07:10:07] > sukiyoriee buy x1 Enchanted book to Takeremu for $2,500.
[07:10:10] > Takeremu added x1 Enchanted book in auction for 2500.
[07:10:20] > Takeremu added x1 Enchanted book in auction for 2500.
[07:11:07] > SydneySweetie added x1 Enchanted book in auction for 2500.
[07:11:12] > sukiyoriee buy x1 Enchanted book to SydneySweetie for $2,500.
[07:11:22] > sukiyoriee buy x1 Enchanted book to Takeremu for $2,500.
[07:11:23] > sukiyoriee buy x1 Enchanted book to Takeremu for $2,500.
[07:11:34] > SydneySweetie added x1 Enchanted book in auction for 2500.
[07:11:37] > sukiyoriee buy x1 Enchanted book to SydneySweetie for $2,500.
[07:11:54] > sukiyoriee remove x1 §esᴋᴇʟᴇᴛᴏɴ sᴘᴀᴡɴᴇʀ from buy
[07:11:54] > sukiyoriee remove x1 Enchanted book from buy
[07:11:54] > sukiyoriee remove x1 Enchanted book from buy
[07:11:54] > sukiyoriee remove x1 Enchanted book from buy
[07:11:55] > sukiyoriee remove x1 Enchanted book from buy
[07:11:55] > sukiyoriee remove x1 Enchanted book from buy
[07:11:55] > sukiyoriee remove x1 Enchanted book from buy
[07:11:55] > SydneySweetie added x1 Enchanted book in auction for 2500.
[07:11:59] > sukiyoriee buy x1 Enchanted book to SydneySweetie for $2,500.
[07:12:12] > SydneySweetie added x1 Enchanted book in auction for 2500.
[07:12:16] > sukiyoriee buy x1 Enchanted book to SydneySweetie for $2,500.
[07:12:31] > sukiyoriee remove x1 Enchanted book from buy
[07:12:32] > sukiyoriee remove x1 Enchanted book from buy
[07:13:57] > Takeremu added x1 Enchanted book in auction for 2500.
[07:14:11] > Takeremu added x1 Enchanted book in auction for 2500.
[07:14:22] > Takeremu added x1 Enchanted book in auction for 2500.
[07:14:32] > Takeremu added x1 Enchanted book in auction for 2500.
[07:14:37] > SydneySweetie added x1 Enchanted book in auction for 2500.
[07:15:23] > Takeremu added x1 Enchanted book in auction for 2500.
[07:16:28] > SydneySweetie remove x64 Experience bottle from storage
[07:16:38] > SydneySweetie added x1 Enchanted book in auction for 2500.
[07:17:12] > Yalujin buy x1 Enchanted book to SydneySweetie for $2,500.
[07:17:15] > Yalujin buy x1 Enchanted book to SydneySweetie for $2,500.
[07:17:47] > Yalujin remove x1 Enchanted book form buy
[07:17:47] > Yalujin remove x1 Enchanted book form buy
[07:22:28] > MrZyrus7228 buy x1 Enchanted book to Takeremu for $2,500.
[07:22:47] > MrZyrus7228 remove x1 Enchanted book from buy
[07:23:32] > sukiyoriee buy x1 §x§5§9§A§1§D§9§lA§x§7§1§A§E§D§Er§x§8§8§B§C§E§4c§x§A§0§C§9§E§9h§x§B§8§D§7§E§Fa§x§D§0§E§4§F§4n§x§E§7§F§2§F§Ag§fe§x§E§7§F§2§F§Al §x§B§8§D§7§E§FS§x§A§0§C§9§E§9p§x§8§8§B§C§E§4e§x§7§1§A§E§D§Ea§x§5§9§A§1§D§9r to Pewpew for $1,000,000.
[07:24:18] > sukiyoriee remove x1 §x§5§9§A§1§D§9§lA§x§7§1§A§E§D§Er§x§8§8§B§C§E§4c§x§A§0§C§9§E§9h§x§B§8§D§7§E§Fa§x§D§0§E§4§F§4n§x§E§7§F§2§F§Ag§fe§x§E§7§F§2§F§Al §x§B§8§D§7§E§FS§x§A§0§C§9§E§9p§x§8§8§B§C§E§4e§x§7§1§A§E§D§Ea§x§5§9§A§1§D§9r from buy
[07:25:03] > SydneySweetie added x64 Experience bottle in auction for 250000.
[07:27:10] > giyahnpogi added x1 Name tag in auction for 1000.
[07:27:41] > SydneySweetie added x1 Enchanted book in auction for 2500.
[07:27:46] > sukiyoriee buy x1 Enchanted book to SydneySweetie for $2,500.
[07:28:48] > frenchhee added x1 §f§l§x§F§C§D§0§5§CW§x§F§B§B§D§5§4u§x§F§A§A§A§4§Bk§x§F§A§9§7§4§3o§x§F§9§8§4§3§Bn§x§F§8§7§1§3§2g§x§F§7§5§F§2§A §x§F§6§4§C§2§1B§x§F§5§3§9§1§9o§x§F§5§2§6§1§1o§x§F§4§1§3§0§8t§x§F§3§0§0§0§0s in auction for 250000.
[07:29:15] > SydneySweetie added x1 Enchanted book in auction for 3000.
[07:29:23] > sukiyoriee buy x1 Enchanted book to SydneySweetie for $3,000.
[07:30:32] > HwanYo added x64 Experience bottle in auction for 200000.
[07:30:45] > HwanYo added x64 Experience bottle in auction for 200000.
[07:31:09] > ZAFF added x1 §c§lTrichloromethane in auction for 20000.
[07:31:47] > ZAFF added x1 §c§lElmo in auction for 20000.
[07:32:02] > ZAFF added x1 §c§lElmo in auction for 20000.
[07:32:11] > HwanYo added x64 Experience bottle in auction for 200000.
[07:32:18] > giyahnpogi buy x1 §c§lElmo to ZAFF for $20,000.
[07:32:42] > giyahnpogi remove x1 §c§lElmo from buy
[07:32:43] > giyahnpogi remove x20 Diamond block from buy
[07:32:56] > giyahnpogi buy x1 §c§lTrichloromethane to ZAFF for $20,000.
[07:32:58] > giyahnpogi buy x1 §c§lElmo to ZAFF for $20,000.
[07:33:02] > giyahnpogi remove x1 §c§lElmo from buy
[07:33:03] > giyahnpogi remove x1 §c§lTrichloromethane from buy
[07:39:17] > sukiyoriee remove x1 Enchanted book from buy
[07:39:18] > sukiyoriee remove x1 Enchanted book from buy
[07:41:07] > ZAFF added x1 §9Call of the Storm in auction for 400000.
[07:41:30] > HwanYo added x64 Experience bottle in auction for 200000.
[07:42:00] > HwanYo added x64 Experience bottle in auction for 200000.
[07:46:22] > giyahnpogi added x2 §eᴢᴏᴍʙɪᴇ sᴘᴀᴡɴᴇʀ in auction for 1500000.
[07:47:05] > sukiyoriee buy x2 §eᴢᴏᴍʙɪᴇ sᴘᴀᴡɴᴇʀ to giyahnpogi for $1,500,000.
[07:47:12] > sukiyoriee remove x2 §eᴢᴏᴍʙɪᴇ sᴘᴀᴡɴᴇʀ from buy
[08:10:33] > SydneySweetie remove x1 Cheap E.Books ACozyLibrary from storage
[08:13:08] > SydneySweetie added x1 Cheap Ench. Books @ Books4Sale in auction for 100000000.
[08:13:55] > SydneySweetie remove x1 Cheap Ench. Books @ Books4Sale from storage
[08:15:30] > SydneySweetie added x1 Cheap Ench. Books @ ACozyLibrary in auction for 100000000.
[08:21:36] > SydneySweetie added x1 ./pwarp go ACozyLibrary for Cheap E. Books in auction for 2500000000000.
[08:26:11] > Rain_Reinn added x64 Melon slice in auction for 10.
[08:26:23] > Rain_Reinn added x64 Melon slice in auction for 10.
[08:26:35] > Rain_Reinn added x64 Melon slice in auction for 10.
[08:26:36] > frenchhee buy x64 Melon slice to Rain_Reinn for $10.
[08:26:38] > frenchhee buy x64 Melon slice to Rain_Reinn for $10.
[08:26:40] > frenchhee buy x64 Melon slice to Rain_Reinn for $10.
[08:26:47] > Rain_Reinn added x64 Melon slice in auction for 10.
[08:26:55] > Yalujin buy x64 Melon slice to Rain_Reinn for $10.
[08:27:02] > Yalujin remove x64 Melon slice form buy
[08:27:52] > frenchhee remove x1 §f§l§x§F§C§D§0§5§CW§x§F§B§B§D§5§4u§x§F§A§A§A§4§Bk§x§F§A§9§7§4§3o§x§F§9§8§4§3§Bn§x§F§8§7§1§3§2g§x§F§7§5§F§2§A §x§F§6§4§C§2§1B§x§F§5§3§9§1§9o§x§F§5§2§6§1§1o§x§F§4§1§3§0§8t§x§F§3§0§0§0§0s form storage
[08:27:59] > frenchhee remove x64 Melon slice from buy
[08:27:59] > frenchhee remove x64 Melon slice from buy
[08:28:00] > frenchhee remove x64 Melon slice from buy
[08:37:58] > FRANZ_JOSEF0 buy x64 Experience bottle to HwanYo for $200,000.
[08:38:03] > FRANZ_JOSEF0 remove x64 Experience bottle from buy
[08:51:50] > tic_sz remove x1 Elytra from buy
[09:15:28] > DanRaiv added x1 Netherite upgrade smithing template in auction for 150000.
[09:25:49] > Keeos added x64 Golden apple in auction for 100000.
[09:26:22] > Keeos added x64 Golden apple in auction for 100000.
[09:34:28] > DanRaiv added x1 /pwarp go Netherwart for carrots and netherwart! in auction for 100000.
[09:41:29] > DanRaiv remove x1 /pwarp go Netherwart for carrots and netherwart! from storage
[09:49:48] > st3ph426 remove x1 §x§F§0§7§A§5§4§lZombie Apocalyptic Baseballbat from storage
[09:49:49] > st3ph426 remove x1 §eʙʟᴀᴢᴇ sᴘᴀᴡɴᴇʀ from storage
[09:50:01] > st3ph426 added x1 §x§F§0§7§A§5§4§lZombie Apocalyptic Baseballbat in auction for 500000.
[09:50:27] > Cooldoggiexd buy x64 Golden apple to Keeos for $100,000.
[09:50:33] > Cooldoggiexd remove x64 Golden apple from buy
[09:51:34] > st3ph426 remove x1 §x§F§0§7§A§5§4§lZombie Apocalyptic Baseballbat from storage
[09:58:17] > InternetCafeUser buy x64 Experience bottle to SydneySweetie for $250,000.
[09:58:22] > InternetCafeUser buy x64 Experience bottle to SydneySweetie for $250,000.
[09:58:26] > InternetCafeUser remove x64 Experience bottle from buy
[09:58:27] > InternetCafeUser remove x64 Experience bottle from buy
[09:59:42] > PrinceBGC added x1 §x§E§5§1§B§1§B§lDracula Spear in auction for 50000.
[09:59:57] > tic_sz buy x1 §x§E§5§1§B§1§B§lDracula Spear to PrinceBGC for $50,000.
[10:02:02] > DanRaiv added x1 PotsAndMats for potions and pot materials! in auction for 10000.
[10:03:41] > st3ph426 added x1 §eʙʟᴀᴢᴇ sᴘᴀᴡɴᴇʀ in auction for 1000000.
[10:15:19] > InternetCafeUser buy x64 Experience bottle to SydneySweetie for $250,000.
[10:15:21] > InternetCafeUser buy x64 Experience bottle to HwanYo for $200,000.
[10:15:33] > InternetCafeUser remove x64 Experience bottle from buy
[10:15:33] > InternetCafeUser remove x64 Experience bottle from buy
[10:43:04] > SydneySweetie added x64 Experience bottle in auction for 250000.
[10:43:22] > SydneySweetie added x64 Experience bottle in auction for 250000.
[10:47:43] > frenchhee added x1 go to /pwarps PinkMobFarm in auction for 1000000.
[10:57:30] > .Allxnzv remove x1 §f§l§x§F§C§D§0§5§CW§x§F§B§B§2§4§Fu§x§F§9§9§5§4§2k§x§F§8§7§7§3§5o§x§F§7§5§9§2§7n§x§F§6§3§B§1§Ag§x§F§4§1§E§0§D §x§F§3§0§0§0§0C§x§F§4§1§E§0§Dr§x§F§6§3§B§1§Ao§x§F§7§5§9§2§7s§x§F§8§7§7§3§5s§x§F§9§9§5§4§2b§x§F§B§B§2§4§Fo§x§F§C§D§0§5§Cw from storage
[11:02:07] > .Allxnzv added x1 §f§l§x§F§C§D§0§5§CW§x§F§B§B§2§4§Fu§x§F§9§9§5§4§2k§x§F§8§7§7§3§5o§x§F§7§5§9§2§7n§x§F§6§3§B§1§Ag§x§F§4§1§E§0§D §x§F§3§0§0§0§0C§x§F§4§1§E§0§Dr§x§F§6§3§B§1§Ao§x§F§7§5§9§2§7s§x§F§8§7§7§3§5s§x§F§9§9§5§4§2b§x§F§B§B§2§4§Fo§x§F§C§D§0§5§Cw in auction for 100000.
[11:49:44] > .Allxnzv remove x1 §f§l§x§F§C§D§0§5§CW§x§F§B§B§2§4§Fu§x§F§9§9§5§4§2k§x§F§8§7§7§3§5o§x§F§7§5§9§2§7n§x§F§6§3§B§1§Ag§x§F§4§1§E§0§D §x§F§3§0§0§0§0C§x§F§4§1§E§0§Dr§x§F§6§3§B§1§Ao§x§F§7§5§9§2§7s§x§F§8§7§7§3§5s§x§F§9§9§5§4§2b§x§F§B§B§2§4§Fo§x§F§C§D§0§5§Cw from storage
[11:49:55] > .Allxnzv added x1 §f§l§x§F§C§D§0§5§CW§x§F§B§B§2§4§Fu§x§F§9§9§5§4§2k§x§F§8§7§7§3§5o§x§F§7§5§9§2§7n§x§F§6§3§B§1§Ag§x§F§4§1§E§0§D §x§F§3§0§0§0§0C§x§F§4§1§E§0§Dr§x§F§6§3§B§1§Ao§x§F§7§5§9§2§7s§x§F§8§7§7§3§5s§x§F§9§9§5§4§2b§x§F§B§B§2§4§Fo§x§F§C§D§0§5§Cw in auction for 70000.
[11:50:24] > InternetCafeUser added x1 §2Franck in auction for 25000.
[11:50:35] > InternetCafeUser added x1 §fAdventure Hat in auction for 25000.
[11:57:49] > .worldlord7830 buy x1 §esᴘɪᴅᴇʀ sᴘᴀᴡɴᴇʀ to PrinceBGC for $500,000.
[11:59:09] > .worldlord7830 remove x1 §esᴘɪᴅᴇʀ sᴘᴀᴡɴᴇʀ from buy
[11:59:11] > .worldlord7830 remove x1 Enchanted book from buy
[11:59:11] > .worldlord7830 remove x1 Enchanted book from buy
[11:59:13] > .worldlord7830 remove x1 Enchanted book from buy
[11:59:14] > .worldlord7830 remove x1 Enchanted book from buy
[11:59:15] > .worldlord7830 remove x1 Enchanted book from buy
[11:59:18] > koshie remove x1 §eᴡɪᴛᴄʜ ꜱᴘᴀᴡɴᴇʀ from buy
[11:59:22] > koshie remove x1 §f§l§x§8§A§0§0§F§FS§x§9§8§0§0§D§Dh§x§A§6§0§0§B§Bi§x§B§4§0§0§9§9n§x§C§2§0§0§7§7e§x§D§0§0§0§5§5 §x§D§E§0§0§3§3O§x§E§C§0§0§1§1ni§x§D§E§0§0§3§3 §x§D§0§0§0§5§5S§x§C§2§0§0§7§7h§x§B§4§0§0§9§9i§x§A§6§0§0§B§Be§x§9§8§0§0§D§Dl§x§8§A§0§0§F§Fd from buy
[11:59:25] > koshie remove x2 Wither skeleton skull from buy
[11:59:52] > Schminkipoo buy x1 §f§l§x§F§C§D§0§5§CW§x§F§B§B§2§4§Fu§x§F§9§9§5§4§2k§x§F§8§7§7§3§5o§x§F§7§5§9§2§7n§x§F§6§3§B§1§Ag§x§F§4§1§E§0§D §x§F§3§0§0§0§0C§x§F§4§1§E§0§Dr§x§F§6§3§B§1§Ao§x§F§7§5§9§2§7s§x§F§8§7§7§3§5s§x§F§9§9§5§4§2b§x§F§B§B§2§4§Fo§x§F§C§D§0§5§Cw to .Allxnzv for $70,000.