
[07:30:36] > anneyong buy x1 §f§l§8B§x§6§6§6§6§6§6a§x§7§7§7§7§7§7h§x§8§8§8§8§8§8a§x§9§9§9§9§9§9m§7u§x§9§9§9§9§9§9t§x§8§8§8§8§8§8 §x§7§7§7§7§7§7K§x§6§6§6§6§6§6e§8y to ry9191 for $300,000.
[07:31:08] > anneyong remove x1 §f§l§8B§x§6§6§6§6§6§6a§x§7§7§7§7§7§7h§x§8§8§8§8§8§8a§x§9§9§9§9§9§9m§7u§x§9§9§9§9§9§9t§x§8§8§8§8§8§8 §x§7§7§7§7§7§7K§x§6§6§6§6§6§6e§8y form buy
[08:12:16] > BushSeat buy x1 Silence armor trim smithing template to auvicious for $141,798.
[08:16:33] > auvicious added x1 Silence armor trim smithing template in auction for 141798.
[10:06:40] > Fogstrap remove x1 §x§F§F§3§E§0§0§lD§x§F§F§3§6§0§0§le§x§F§F§2§F§0§0§lm§x§F§F§2§7§0§0§lo§x§F§F§1§F§0§0§ln §x§F§F§1§0§0§0§lL§x§F§F§0§8§0§0§lo§x§F§F§0§0§0§0§lr§x§F§F§0§9§0§0§ld §x§F§F§1§B§0§0§lS§x§F§F§2§3§0§0§lt§x§F§F§2§C§0§0§la§x§F§F§3§5§0§0§lf§x§F§F§3§E§0§0§lf from storage
[10:06:48] > Fogstrap added x1 §x§F§F§3§E§0§0§lD§x§F§F§3§6§0§0§le§x§F§F§2§F§0§0§lm§x§F§F§2§7§0§0§lo§x§F§F§1§F§0§0§ln §x§F§F§1§0§0§0§lL§x§F§F§0§8§0§0§lo§x§F§F§0§0§0§0§lr§x§F§F§0§9§0§0§ld §x§F§F§1§B§0§0§lS§x§F§F§2§3§0§0§lt§x§F§F§2§C§0§0§la§x§F§F§3§5§0§0§lf§x§F§F§3§E§0§0§lf in auction for 1000000.
[10:11:01] > YooRushy remove x25 Deepslate diamond ore from storage
[10:11:04] > YooRushy remove x25 Deepslate diamond ore from storage
[10:11:05] > YooRushy remove x25 Deepslate diamond ore from storage
[10:14:06] > YooRushy added x1 Diamond pickaxe in auction for 100000.
[10:14:22] > YooRushy added x1 Diamond pickaxe in auction for 100000.
[10:14:37] > YooRushy added x1 Diamond pickaxe in auction for 100000.
[10:16:27] > YooRushy remove x25 Deepslate diamond ore from storage
[10:16:35] > YooRushy added x64 Emerald block in auction for 850000.
[10:17:28] > YooRushy buy x1 §x§E§5§1§B§1§B§lDracula Staff to Panda_Nooba for $235,000.
[10:18:21] > x1 §5Witch Hat, item of jeff, has just expired, the item is definitively deleted.
[10:18:21] > x2 §x§5§C§C§F§F§C§lC§x§5§C§D§1§F§5§lo§x§5§D§D§4§E§E§ls§x§5§D§D§6§E§7§lm§x§5§E§D§9§E§1§le§x§5§E§D§B§D§A§lt§x§5§E§D§D§D§3§li§x§5§F§E§0§C§C§lc §x§5§F§E§0§C§C§lH§x§5§E§D§D§D§3§la§x§5§E§D§B§D§A§lt§x§5§E§D§9§E§1§ls §x§5§D§D§4§E§E§lK§x§5§C§D§1§F§5§le§x§5§C§C§F§F§C§ly, item of Lan3dy, has just expired, the item is definitively deleted.
[10:18:21] > x1 Block O' Chocolate, item of MrZyrus7228, has just expired, the item is definitively deleted.
[10:24:00] > Dentatsu buy x1 §x§5§9§A§1§D§9§lA§x§6§B§A§B§D§Dr§x§7§E§B§6§E§1c§x§9§0§C§0§E§6h§x§A§3§C§B§E§Aa§x§B§5§D§5§E§En§x§C§8§E§0§F§2g§x§D§A§E§A§F§7e§x§E§D§F§5§F§Bl §x§E§A§F§3§F§AB§x§D§6§E§8§F§6a§x§C§1§D§C§F§1c§x§A§C§D§0§E§Ck§x§9§7§C§4§E§7p§x§8§3§B§9§E§3a§x§6§E§A§D§D§Ec§x§5§9§A§1§D§9k to Panda_Nooba for $500,000.
[10:24:08] > x32 Breeze rod, bought by Quibz, has just expired, the item is definitively deleted.
[10:24:12] > Dentatsu remove x1 §fSlime Plushie §6(#81/101) from buy
[10:24:13] > Dentatsu remove x1 §x§5§9§A§1§D§9§lA§x§6§B§A§B§D§Dr§x§7§E§B§6§E§1c§x§9§0§C§0§E§6h§x§A§3§C§B§E§Aa§x§B§5§D§5§E§En§x§C§8§E§0§F§2g§x§D§A§E§A§F§7e§x§E§D§F§5§F§Bl §x§E§A§F§3§F§AB§x§D§6§E§8§F§6a§x§C§1§D§C§F§1c§x§A§C§D§0§E§Ck§x§9§7§C§4§E§7p§x§8§3§B§9§E§3a§x§6§E§A§D§D§Ec§x§5§9§A§1§D§9k from buy
[10:27:27] > .Whatyusaay added x12 Breeze rod in auction for 34000.
[10:28:54] > nebula12321 buy x12 Breeze rod to .Whatyusaay for $34,000.
[10:29:00] > nebula12321 remove x12 Breeze rod from buy
[10:32:09] > koshie buy x1 §x§F§F§5§5§0§0§lsᴇʟʟᴡᴀɴᴅ §6- 10.0x to Icon_Skully for $1,100,000.
[10:32:35] > koshie remove x1 §x§F§F§5§5§0§0§lsᴇʟʟᴡᴀɴᴅ §6- 10.0x from buy
[10:36:39] > x3 Golden apple on sale by .Techno_Demon253 has just expired, it goes in the inventory of expired items.
[10:36:39] > x1 Enchanted golden apple on sale by .Techno_Demon253 has just expired, it goes in the inventory of expired items.
[10:36:39] > x1 §x§F§E§B§E§C§A§lSeason 3 Celebration Cake <3 on sale by .Techno_Demon253 has just expired, it goes in the inventory of expired items.
[10:43:56] > nachfaust remove x1 §x§F§F§7§C§0§0§lSteamsparks Hat from storage
[10:44:12] > nachfaust added x4 §bEntropy Crystal §8(§310,000§8) in auction for 1000000.
[10:59:16] > .Whatyusaay added x64 Packed ice in auction for 20000.
[11:03:00] > .Allxnzv remove x1 §f§x§4§1§B§C§4§2D§x§4§5§C§3§5§3r§x§4§9§C§9§6§3o§x§4§D§D§0§7§4w§x§5§1§D§7§8§5n§x§5§6§D§E§9§6e§x§5§A§E§4§A§6d§x§5§E§E§B§B§7 §x§6§2§F§2§C§8H§x§6§6§F§8§D§8a§x§6§A§F§F§E§9t from storage
[11:03:15] > .Allxnzv added x1 §f§x§4§1§B§C§4§2D§x§4§5§C§3§5§3r§x§4§9§C§9§6§3o§x§4§D§D§0§7§4w§x§5§1§D§7§8§5n§x§5§6§D§E§9§6e§x§5§A§E§4§A§6d§x§5§E§E§B§B§7 §x§6§2§F§2§C§8H§x§6§6§F§8§D§8a§x§6§A§F§F§E§9t in auction for 25000.
[11:11:38] > .Whatyusaay remove x54 Packed ice from storage
[11:11:54] > .Whatyusaay added x64 Packed ice in auction for 10000.
[11:12:16] > .Whatyusaay added x64 Packed ice in auction for 10000.
[11:13:11] > .JakeTheMiner457 remove x4 Netherite upgrade smithing template from storage
[11:13:24] > .JakeTheMiner457 remove x4 Netherite upgrade smithing template from expire
[11:13:26] > .Whatyusaay added x48 Wind charge in auction for 40000.
[11:14:39] > .JakeTheMiner457 added x4 Netherite upgrade smithing template in auction for 350000.
[11:33:16] > Kodakoda remove x1 §fDrowned Plushie §6(#30/101) form storage
[11:33:16] > Kodakoda remove x1 §f§l§8B§x§6§2§6§2§6§2a§x§6§F§6§F§6§Fh§x§7§C§7§C§7§Ca§x§8§9§8§9§8§9m§x§9§6§9§6§9§6u§x§A§3§A§3§A§3t §x§9§6§9§6§9§6H§x§8§9§8§9§8§9e§x§7§C§7§C§7§Cl§x§6§F§6§F§6§Fm§x§6§2§6§2§6§2e§8t form storage
[11:33:16] > Kodakoda remove x1 §x§F§F§7§C§0§0§lSteamsparks Pickaxe form storage
[11:33:16] > Kodakoda remove x1 My used hoe. form storage
[11:33:16] > Kodakoda remove x1 Mace form storage
[11:37:48] > Kodakoda added x1 §x§F§F§7§C§0§0§lSteamsparks Pickaxe in auction for 150000.
[11:38:27] > Kodakoda added x1 Mace in auction for 1000000.
[11:39:01] > Kodakoda added x1 §f§l§8B§x§6§2§6§2§6§2a§x§6§F§6§F§6§Fh§x§7§C§7§C§7§Ca§x§8§9§8§9§8§9m§x§9§6§9§6§9§6u§x§A§3§A§3§A§3t §x§9§6§9§6§9§6H§x§8§9§8§9§8§9e§x§7§C§7§C§7§Cl§x§6§F§6§F§6§Fm§x§6§2§6§2§6§2e§8t in auction for 250000.
[11:39:13] > Kodakoda added x1 §fDrowned Plushie §6(#30/101) in auction for 20000.
[11:41:47] > Kodakoda buy x1 Silence armor trim smithing template to magolek_09 for $100,000.
[11:41:55] > Kodakoda remove x1 Silence armor trim smithing template form buy
[12:04:22] > grit_zy buy x1 §x§E§5§1§B§1§B§lDracula Chestplate to Icon_Skully for $75,000.
[12:04:27] > grit_zy buy x1 §x§E§5§1§B§1§B§lDracula Helmet to ManePear__ for $50,000.
[12:04:29] > grit_zy buy x1 §f§l§8B§x§6§2§6§2§6§2a§x§6§F§6§F§6§Fh§x§7§C§7§C§7§Ca§x§8§9§8§9§8§9m§x§9§6§9§6§9§6u§x§A§3§A§3§A§3t §x§9§6§9§6§9§6H§x§8§9§8§9§8§9e§x§7§C§7§C§7§Cl§x§6§F§6§F§6§Fm§x§6§2§6§2§6§2e§8t to Kodakoda for $250,000.
[12:18:58] > Dentatsu buy x1 §fDrowned Plushie §6(#30/101) to Kodakoda for $20,000.
[12:19:05] > Dentatsu remove x1 §fDrowned Plushie §6(#30/101) from buy
[12:21:09] > Kodakoda added x7 Silence armor trim smithing template in auction for 250000.
[12:29:40] > Kodakoda buy x1 §f§l§8B§x§6§2§6§2§6§2a§x§6§F§6§F§6§Fh§x§7§C§7§C§7§Ca§x§8§9§8§9§8§9m§x§9§6§9§6§9§6u§x§A§3§A§3§A§3t §x§9§6§9§6§9§6H§x§8§9§8§9§8§9a§x§7§C§7§C§7§Cm§x§6§F§6§F§6§Fm§x§6§2§6§2§6§2e§8r to Antonie657 for $500,000.
[12:29:47] > Kodakoda remove x1 §f§l§8B§x§6§2§6§2§6§2a§x§6§F§6§F§6§Fh§x§7§C§7§C§7§Ca§x§8§9§8§9§8§9m§x§9§6§9§6§9§6u§x§A§3§A§3§A§3t §x§9§6§9§6§9§6H§x§8§9§8§9§8§9a§x§7§C§7§C§7§Cm§x§6§F§6§F§6§Fm§x§6§2§6§2§6§2e§8r from buy
[12:29:56] > nachfaust remove x4 §bEntropy Crystal §8(§310,000§8) from storage
[12:30:00] > nachfaust remove x1 Elytra from storage
[12:30:02] > nachfaust remove x1 §x§E§5§1§B§1§B§lDracula Pickaxe from storage
[12:30:13] > nachfaust added x1 Elytra in auction for 4000000.
[12:30:29] > nachfaust added x1 Enchanted book in auction for 200000.
[12:30:39] > nachfaust added x1 Enchanted book in auction for 200000.
[12:43:05] > .JakeTheMiner457 remove x1 Netherite ingot from storage
[12:43:15] > x1 §x§F§F§3§E§0§0§lD§x§F§F§3§6§0§0§le§x§F§F§2§F§0§0§lm§x§F§F§2§7§0§0§lo§x§F§F§1§F§0§0§ln §x§F§F§1§0§0§0§lL§x§F§F§0§8§0§0§lo§x§F§F§0§0§0§0§lr§x§F§F§0§8§0§0§ld §x§F§F§1§7§0§0§lS§x§F§F§1§F§0§0§li§x§F§F§2§7§0§0§lc§x§F§F§2§F§0§0§lk§x§F§F§3§6§0§0§ll§x§F§F§3§E§0§0§le, item of Malachkite, has just expired, the item is definitively deleted.
[12:43:15] > x1 §f§l§8B§x§6§3§6§3§6§3a§x§7§1§7§1§7§1h§x§8§0§8§0§8§0a§x§8§E§8§E§8§Em§x§9§C§9§C§9§Cu§7t§x§9§C§9§C§9§C §x§8§E§8§E§8§EB§x§8§0§8§0§8§0o§x§7§1§7§1§7§1o§x§6§3§6§3§6§3t§8s, item of Zee_, has just expired, the item is definitively deleted.
[12:43:15] > x1 §x§E§5§1§B§1§B§lDracula Dagger, item of Malachkite, has just expired, the item is definitively deleted.
[12:43:18] > .JakeTheMiner457 remove x1 Netherite ingot from expire
[12:43:32] > .JakeTheMiner457 added x1 Netherite ingot in auction for 80000.
[12:44:56] > .JakeTheMiner457 added x1 Netherite upgrade smithing template in auction for 60000.
[12:46:55] > grit_zy remove x1 §f§l§8B§x§6§2§6§2§6§2a§x§6§F§6§F§6§Fh§x§7§C§7§C§7§Ca§x§8§9§8§9§8§9m§x§9§6§9§6§9§6u§x§A§3§A§3§A§3t §x§9§6§9§6§9§6H§x§8§9§8§9§8§9e§x§7§C§7§C§7§Cl§x§6§F§6§F§6§Fm§x§6§2§6§2§6§2e§8t from buy
[12:46:55] > grit_zy remove x1 §x§E§5§1§B§1§B§lDracula Helmet from buy
[12:46:55] > grit_zy remove x1 §x§E§5§1§B§1§B§lDracula Chestplate from buy
[13:01:39] > Kodakoda added x1 Ominous bottle in auction for 250000.
[13:02:19] > Kodakoda added x64 Wind charge in auction for 70000.
[13:12:17] > NastyPepperoni added x60 Cooked beef in auction for 10000.
[13:12:33] > VortexZayne buy x1 Netherite ingot to .JakeTheMiner457 for $80,000.
[13:12:39] > VortexZayne buy x7 Silence armor trim smithing template to Kodakoda for $250,000.
[13:13:57] > VortexZayne buy x1 Enchanted book to nachfaust for $200,000.
[13:27:53] > .JakeTheMiner457 added x1 Netherite ingot in auction for 80000.
[13:39:13] > .JakeTheMiner457 buy x1 Enchanted book to nachfaust for $200,000.
[13:39:24] > .JakeTheMiner457 remove x1 Enchanted book from buy
[13:44:57] > ace added x2 Enchanted golden apple in auction for 10000.
[13:45:05] > k000k444k buy x2 Enchanted golden apple to ace for $10,000.
[13:45:21] > k000k444k remove x2 Enchanted golden apple from buy
[13:50:39] > alecczzz buy x1 Shulker box to .JakeTheMiner457 for $100,000.
[13:51:29] > alecczzz remove x1 Shulker box from buy
[13:53:35] > ace added x3 Breeze rod in auction for 30000.
[13:54:33] > Matthew buy x10 §x§F§C§9§0§5§C§lE§x§E§6§9§C§6§B§lp§x§C§F§A§7§7§A§li§x§B§9§B§3§8§9§lc §x§8§C§C§B§A§7§lC§x§7§5§D§6§B§6§lr§x§5§F§E§2§C§5§la§x§7§9§D§4§B§4§lt§x§9§3§C§7§A§2§le §x§C§8§A§B§7§F§lK§x§E§2§9§E§6§E§le§x§F§C§9§0§5§C§ly to Takeremu for $400,000.
[13:56:29] > ace remove x3 Breeze rod from storage
[13:56:39] > capy remove x4 Name tag from buy
[13:56:42] > ace added x3 Breeze rod in auction for 10000.
[13:59:12] > .JakeTheMiner457 added x2 §x§F§2§C§6§D§E§lP§x§E§0§C§A§D§B§li§x§C§D§C§D§D§8§ln§x§B§B§D§1§D§5§la§x§A§9§D§4§D§2§lt§x§9§6§D§8§C§E§la §x§7§1§D§F§C§8§lC§x§5§F§E§2§C§5§lr§x§7§4§D§E§C§9§la§x§8§9§D§A§C§C§lt§x§9§E§D§6§D§0§le §x§C§8§C§E§D§7§lK§x§D§D§C§A§D§A§le§x§F§2§C§6§D§E§ly in auction for 30000.
[13:59:21] > Kodakoda buy x2 §x§F§2§C§6§D§E§lP§x§E§0§C§A§D§B§li§x§C§D§C§D§D§8§ln§x§B§B§D§1§D§5§la§x§A§9§D§4§D§2§lt§x§9§6§D§8§C§E§la §x§7§1§D§F§C§8§lC§x§5§F§E§2§C§5§lr§x§7§4§D§E§C§9§la§x§8§9§D§A§C§C§lt§x§9§E§D§6§D§0§le §x§C§8§C§E§D§7§lK§x§D§D§C§A§D§A§le§x§F§2§C§6§D§E§ly to .JakeTheMiner457 for $30,000.
[13:59:35] > Kodakoda remove x2 §x§F§2§C§6§D§E§lP§x§E§0§C§A§D§B§li§x§C§D§C§D§D§8§ln§x§B§B§D§1§D§5§la§x§A§9§D§4§D§2§lt§x§9§6§D§8§C§E§la §x§7§1§D§F§C§8§lC§x§5§F§E§2§C§5§lr§x§7§4§D§E§C§9§la§x§8§9§D§A§C§C§lt§x§9§E§D§6§D§0§le §x§C§8§C§E§D§7§lK§x§D§D§C§A§D§A§le§x§F§2§C§6§D§E§ly form buy
[14:01:41] > .JakeTheMiner457 added x2 Coast armor trim smithing template in auction for 90000.
[14:02:16] > x1 §x§5§C§C§F§F§C§lC§x§5§C§D§1§F§5§lo§x§5§D§D§4§E§E§ls§x§5§D§D§6§E§7§lm§x§5§E§D§9§E§1§le§x§5§E§D§B§D§A§lt§x§5§E§D§D§D§3§li§x§5§F§E§0§C§C§lc §x§5§F§E§0§C§C§lH§x§5§E§D§D§D§3§la§x§5§E§D§B§D§A§lt§x§5§E§D§9§E§1§ls §x§5§D§D§4§E§E§lK§x§5§C§D§1§F§5§le§x§5§C§C§F§F§C§ly, item of SP3CC_, has just expired, the item is definitively deleted.
[14:02:35] > Kodakoda buy x3 Breeze rod to ace for $10,000.
[14:02:46] > Kodakoda remove x3 Breeze rod form buy
[14:06:03] > .Knull2429 added x1 Pumpkin in auction for 500.
[14:09:15] > Kodakoda added x64 Firework rocket in auction for 45000.
[14:11:52] > ace added x3 Breeze rod in auction for 15000.
[14:12:10] > ace added x3 Trial key in auction for 100000.
[14:16:07] > Kodakoda buy x3 Breeze rod to ace for $15,000.
[14:16:21] > Kodakoda remove x3 Breeze rod form buy
[14:16:57] > .Knull2429 added x1 Name tag in auction for 50000.
[14:19:04] > ace added x1 Breeze rod in auction for 10000.
[14:19:25] > ace added x1 Music disc creator music box in auction for 100000.
[14:20:58] > ace remove x3 Trial key from storage
[14:22:00] > ace added x3 Trial key in auction for 100000.
[14:29:16] > ace remove x1 Breeze rod from storage
[14:29:31] > ace added x4 Breeze rod in auction for 40000.
[14:29:51] > Kodakoda added x1 My used hoe. in auction for 100000.
[14:31:58] > Takeremu added x14 §x§F§C§D§0§5§C§lB§x§E§6§D§3§6§B§la§x§C§F§D§5§7§A§ls§x§B§9§D§8§8§9§li§x§A§2§D§A§9§8§lc §x§7§5§D§F§B§6§lC§x§5§F§E§2§C§5§lr§x§7§5§D§F§B§6§la§x§8§C§D§D§A§7§lt§x§A§2§D§A§9§8§le §x§C§F§D§5§7§A§lK§x§E§6§D§3§6§B§le§x§F§C§D§0§5§C§ly in auction for 140000.
[14:32:09] > Takeremu added x5 §x§F§C§9§0§5§C§lE§x§E§6§9§C§6§B§lp§x§C§F§A§7§7§A§li§x§B§9§B§3§8§9§lc §x§8§C§C§B§A§7§lC§x§7§5§D§6§B§6§lr§x§5§F§E§2§C§5§la§x§7§9§D§4§B§4§lt§x§9§3§C§7§A§2§le §x§C§8§A§B§7§F§lK§x§E§2§9§E§6§E§le§x§F§C§9§0§5§C§ly in auction for 200000.
[14:32:19] > ace remove x3 Trial key from storage
[14:32:42] > ace added x5 Trial key in auction for 150000.
[14:47:43] > Keeos added x64 Golden apple in auction for 150000.
[14:48:06] > Keeos added x64 Golden apple in auction for 150000.
[14:48:17] > Keeos added x64 Golden apple in auction for 150000.
[14:48:29] > Keeos added x64 Golden apple in auction for 150000.
[14:48:40] > Keeos added x64 Golden apple in auction for 150000.
[14:48:55] > Keeos added x64 Golden apple in auction for 150000.
[14:49:31] > Keeos added x64 Golden apple in auction for 150000.
[14:49:49] > Keeos added x64 Golden apple in auction for 150000.
[14:54:31] > Trapers1 added x1 §fZombified Piglin Plushie §6(#101/101) in auction for 100000.
[15:01:01] > aznaaa added x1 §x§E§5§1§B§1§B§lDracula Sickle in auction for 100000.
[15:01:09] > Trapers1 buy x1 §x§E§5§1§B§1§B§lDracula Sickle to aznaaa for $100,000.
[15:01:19] > aznaaa added x1 §x§E§5§1§B§1§B§lDracula Blade in auction for 100000.
[15:01:20] > Trapers1 remove x1 §x§E§5§1§B§1§B§lDracula Sickle from buy
[15:01:45] > aznaaa added x1 §x§E§5§1§B§1§B§lDracula Bow in auction for 250000.
[15:02:30] > aznaaa added x1 §x§F§F§3§E§0§0§lD§x§F§F§3§6§0§0§le§x§F§F§2§F§0§0§lm§x§F§F§2§7§0§0§lo§x§F§F§1§F§0§0§ln §x§F§F§1§0§0§0§lL§x§F§F§0§8§0§0§lo§x§F§F§0§0§0§0§lr§x§F§F§0§8§0§0§ld §x§F§F§1§7§0§0§lS§x§F§F§1§F§0§0§lh§x§F§F§2§7§0§0§li§x§F§F§2§F§0§0§le§x§F§F§3§6§0§0§ll§x§F§F§3§E§0§0§ld in auction for 100000.
[15:02:58] > aznaaa added x1 §x§E§5§1§B§1§B§lDracula Blade in auction for 100000.
[15:05:04] > belvi__ remove x1 Diamond pickaxe from storage
[15:05:25] > belvi__ remove x1 Diamond pickaxe from storage
[15:07:23] > Takeremu added x34 Name tag in auction for 170000.
[15:08:57] > k000k444k added x1 Name tag in auction for 1300.
[15:09:11] > k000k444k remove x1 Name tag from storage
[15:09:49] > x1 §x§F§F§3§E§0§0§lD§x§F§F§3§6§0§0§le§x§F§F§2§F§0§0§lm§x§F§F§2§7§0§0§lo§x§F§F§1§F§0§0§ln §x§F§F§1§0§0§0§lL§x§F§F§0§8§0§0§lo§x§F§F§0§0§0§0§lr§x§F§F§0§9§0§0§ld §x§F§F§1§B§0§0§lS§x§F§F§2§3§0§0§lt§x§F§F§2§C§0§0§la§x§F§F§3§5§0§0§lf§x§F§F§3§E§0§0§lf, item of Skwylie, has just expired, the item is definitively deleted.
[15:09:49] > x1 §f§l§8B§x§6§0§6§0§6§0a§x§6§C§6§C§6§Ch§x§7§7§7§7§7§7a§x§8§2§8§2§8§2m§x§8§E§8§E§8§Eu§x§9§9§9§9§9§9t§x§A§4§A§4§A§4 G§x§9§9§9§9§9§9a§x§8§E§8§E§8§Eu§x§8§2§8§2§8§2n§x§7§7§7§7§7§7t§x§6§C§6§C§6§Cl§x§6§0§6§0§6§0e§8t, item of Kyotots, has just expired, the item is definitively deleted.
[15:11:03] > k000k444k added x3 Name tag in auction for 6000.
[15:11:15] > k000k444k added x3 Name tag in auction for 6000.
[15:11:26] > k000k444k added x3 Name tag in auction for 6000.
[15:11:37] > k000k444k added x3 Name tag in auction for 6000.
[15:11:46] > ace remove x4 Breeze rod from storage
[15:11:47] > ace remove x5 Trial key from storage
[15:11:49] > k000k444k added x3 Name tag in auction for 6000.
[15:12:04] > k000k444k added x3 Name tag in auction for 6000.
[15:12:29] > ace added x5 Trial key in auction for 100000.
[15:12:55] > k000k444k remove x3 Name tag from storage
[15:12:56] > ace added x4 Breeze rod in auction for 20000.
[15:12:57] > aznaaa remove x1 §x§F§F§3§E§0§0§lD§x§F§F§3§6§0§0§le§x§F§F§2§F§0§0§lm§x§F§F§2§7§0§0§lo§x§F§F§1§F§0§0§ln §x§F§F§1§0§0§0§lL§x§F§F§0§8§0§0§lo§x§F§F§0§0§0§0§lr§x§F§F§0§8§0§0§ld §x§F§F§1§7§0§0§lS§x§F§F§1§F§0§0§lh§x§F§F§2§7§0§0§li§x§F§F§2§F§0§0§le§x§F§F§3§6§0§0§ll§x§F§F§3§E§0§0§ld from storage
[15:12:59] > k000k444k remove x3 Name tag from expire
[15:13:04] > aznaaa added x1 §f§l§8B§x§6§6§6§6§6§6a§x§7§7§7§7§7§7h§x§8§8§8§8§8§8a§x§9§9§9§9§9§9m§7u§x§9§9§9§9§9§9t§x§8§8§8§8§8§8 §x§7§7§7§7§7§7K§x§6§6§6§6§6§6e§8y in auction for 50000.
[15:13:11] > monggol buy x1 §f§l§8B§x§6§6§6§6§6§6a§x§7§7§7§7§7§7h§x§8§8§8§8§8§8a§x§9§9§9§9§9§9m§7u§x§9§9§9§9§9§9t§x§8§8§8§8§8§8 §x§7§7§7§7§7§7K§x§6§6§6§6§6§6e§8y to aznaaa for $50,000.
[15:13:15] > Trapers1 remove x1 §fZombified Piglin Plushie §6(#101/101) form storage
[15:13:15] > Trapers1 remove x1 §x§E§5§1§B§1§B§lDracula Staff form storage
[15:13:15] > Trapers1 remove x1 §x§E§5§1§B§1§B§lDracula Spear form storage
[15:13:27] > monggol remove x1 §f§l§8B§x§6§6§6§6§6§6a§x§7§7§7§7§7§7h§x§8§8§8§8§8§8a§x§9§9§9§9§9§9m§7u§x§9§9§9§9§9§9t§x§8§8§8§8§8§8 §x§7§7§7§7§7§7K§x§6§6§6§6§6§6e§8y from buy
[15:13:49] > k000k444k added x50 Name tag in auction for 100000.
[15:14:20] > Trapers1 added x1 §x§E§5§1§B§1§B§lDracula Spear in auction for 1000000.
[15:14:23] > aznaaa added x1 §x§E§5§1§B§1§B§lDracula Staff in auction for 90000.
[15:14:32] > Trapers1 added x1 §x§E§5§1§B§1§B§lDracula Staff in auction for 300000.
[15:14:44] > Trapers1 added x1 §fZombified Piglin Plushie §6(#101/101) in auction for 10000.
[15:14:56] > k000k444k buy x1 §fZombified Piglin Plushie §6(#101/101) to Trapers1 for $10,000.
[15:15:03] > k000k444k remove x1 §fZombified Piglin Plushie §6(#101/101) from buy
[15:15:16] > aznaaa remove x1 §f§l§8B§x§6§3§6§3§6§3a§x§7§1§7§1§7§1h§x§8§0§8§0§8§0a§x§8§E§8§E§8§Em§x§9§C§9§C§9§Cu§7t§x§9§C§9§C§9§C §x§8§E§8§E§8§ES§x§8§0§8§0§8§0w§x§7§1§7§1§7§1o§x§6§3§6§3§6§3r§8d from storage
[15:15:23] > aznaaa added x1 §f§l§x§8§A§0§0§F§FS§x§9§6§0§0§E§3h§x§A§1§0§0§C§6i§x§A§D§0§0§A§An§x§B§9§0§0§8§Ee§x§C§4§0§0§7§1 §x§D§0§0§0§5§5O§x§D§C§0§0§3§9n§x§E§7§0§0§1§Ci§x§F§3§0§0§0§0 §x§E§7§0§0§1§CB§x§D§C§0§0§3§9i§x§D§0§0§0§5§5g§x§C§4§0§0§7§1 §x§B§9§0§0§8§ES§x§A§D§0§0§A§Aw§x§A§1§0§0§C§6o§x§9§6§0§0§E§3r§x§8§A§0§0§F§Fd in auction for 1000000.
[15:33:41] > ace remove x1 Bell from storage
[15:34:32] > ace added x1 Bow in auction for 20000.
[15:36:16] > Trapers1 remove x1 §x§E§5§1§B§1§B§lDracula Staff from storage
[15:36:19] > Trapers1 remove x1 §x§E§5§1§B§1§B§lDracula Spear from storage
[15:36:39] > x64 Glowstone, bought by Zypher_0w0, has just expired, the item is definitively deleted.
[15:37:14] > Fogstrap remove x1 §x§F§F§3§E§0§0§lD§x§F§F§3§6§0§0§le§x§F§F§2§F§0§0§lm§x§F§F§2§7§0§0§lo§x§F§F§1§F§0§0§ln §x§F§F§1§0§0§0§lL§x§F§F§0§8§0§0§lo§x§F§F§0§0§0§0§lr§x§F§F§0§9§0§0§ld §x§F§F§1§B§0§0§lS§x§F§F§2§3§0§0§lt§x§F§F§2§C§0§0§la§x§F§F§3§5§0§0§lf§x§F§F§3§E§0§0§lf from storage
[15:37:24] > Fogstrap added x1 §x§F§F§3§E§0§0§lD§x§F§F§3§6§0§0§le§x§F§F§2§F§0§0§lm§x§F§F§2§7§0§0§lo§x§F§F§1§F§0§0§ln §x§F§F§1§0§0§0§lL§x§F§F§0§8§0§0§lo§x§F§F§0§0§0§0§lr§x§F§F§0§9§0§0§ld §x§F§F§1§B§0§0§lS§x§F§F§2§3§0§0§lt§x§F§F§2§C§0§0§la§x§F§F§3§5§0§0§lf§x§F§F§3§E§0§0§lf in auction for 1000000.
[15:37:33] > Trapers1 added x1 §x§E§5§1§B§1§B§lDracula Spear in auction for 1000000.
[15:42:38] > ace remove x4 Breeze rod from storage
[15:42:49] > ace added x4 Breeze rod in auction for 20000.
[15:43:35] > anneyong added x1 Sniffer egg in auction for 50000.
[15:48:03] > amnotz3r0x added x13 Breeze rod in auction for 30000.
[15:55:37] > x46 §x§F§C§9§0§5§C§lE§x§E§6§9§C§6§B§lp§x§C§F§A§7§7§A§li§x§B§9§B§3§8§9§lc §x§8§C§C§B§A§7§lC§x§7§5§D§6§B§6§lr§x§5§F§E§2§C§5§la§x§7§9§D§4§B§4§lt§x§9§3§C§7§A§2§le §x§C§8§A§B§7§F§lK§x§E§2§9§E§6§E§le§x§F§C§9§0§5§C§ly on sale by Takeremu has just expired, it goes in the inventory of expired items.
[16:10:47] > alecczzz buy x64 Golden apple to Keeos for $150,000.
[16:10:51] > alecczzz buy x64 Golden apple to Keeos for $150,000.
[16:10:54] > alecczzz buy x64 Golden apple to Keeos for $150,000.
[16:10:57] > alecczzz buy x64 Golden apple to Keeos for $150,000.
[16:11:01] > alecczzz buy x64 Golden apple to Keeos for $150,000.
[16:11:04] > alecczzz buy x64 Golden apple to Keeos for $150,000.
[16:11:06] > alecczzz buy x64 Golden apple to Keeos for $150,000.
[16:11:09] > alecczzz buy x64 Golden apple to Keeos for $150,000.
[16:11:14] > alecczzz remove x4 Golden apple from buy
[16:11:15] > alecczzz remove x4 Golden apple from buy
[16:11:16] > alecczzz remove x4 Golden apple from buy
[16:11:16] > alecczzz remove x4 Golden apple from buy
[16:11:16] > alecczzz remove x4 Golden apple from buy
[16:11:16] > alecczzz remove x4 Golden apple from buy
[16:11:16] > alecczzz remove x4 Golden apple from buy
[16:11:17] > alecczzz remove x4 Golden apple from buy
[16:20:51] > x1 /Pwarp Go BonesValley ! on sale by Palietass has just expired, it goes in the inventory of expired items.
[16:28:01] > ace remove x1 Music disc creator music box from storage
[16:28:19] > ace added x9 Experience bottle in auction for 10000.
[16:34:12] > Takeremu buy x1 Sniffer egg to anneyong for $50,000.
[16:42:24] > x1 Forgive me.. on sale by micailatot has just expired, it goes in the inventory of expired items.
[16:49:26] > Kodakoda buy x13 Breeze rod to amnotz3r0x for $30,000.
[16:49:38] > Kodakoda remove x13 Breeze rod form buy
[16:57:57] > Kodakoda remove x1 Mace form storage
[16:57:57] > Kodakoda remove x1 Ominous bottle form storage
[16:57:57] > Kodakoda remove x1 §x§F§F§7§C§0§0§lSteamsparks Pickaxe form storage
[16:57:57] > Kodakoda remove x52 Wind charge form storage
[16:57:57] > Kodakoda remove x1 My used hoe. form storage
[16:57:57] > Kodakoda remove x64 Firework rocket form storage
[16:58:17] > Kodakoda added x1 Mace in auction for 750000.
[16:58:30] > Kodakoda added x1 §x§F§F§7§C§0§0§lSteamsparks Pickaxe in auction for 100000.
[16:58:38] > Lithium_O buy x1 §x§F§F§7§C§0§0§lSteamsparks Hoe to khenjieMC for $150,000.
[16:58:44] > Lithium_O remove x1 §x§F§F§7§C§0§0§lSteamsparks Hoe from buy
[16:58:56] > Kodakoda added x1 Ominous bottle in auction for 200000.
[16:59:22] > Kodakoda added x64 Wind charge in auction for 55000.
[17:03:33] > shelby added x1 Shulker box in auction for 1000000.
[17:05:43] > Kaynn remove x1 §x§F§F§3§E§0§0§lSellwand Voucher from storage
[17:06:03] > Kaynn added x1 §x§F§F§3§E§0§0§lSellwand Voucher in auction for 1100000.
[17:08:32] > auvicious remove x1 Silence armor trim smithing template from storage
[17:09:25] > auvicious added x64 Emerald block in auction for 798798.
[17:09:36] > Icon_Skully buy x3 Name tag to k000k444k for $6,000.
[17:11:04] > Icon_Skully remove x1 Enchanted book from buy
[17:11:04] > Icon_Skully remove x3 Name tag from buy
[17:14:03] > HwanYo buy x1 §x§F§F§3§E§0§0§lSellwand Voucher to Kaynn for $1,100,000.
[17:14:06] > HwanYo remove x1 §f§l§x§F§C§D§0§5§CW§x§F§A§A§A§4§Bu§x§F§9§8§4§3§Bk§x§F§7§5§F§2§Ao§x§F§5§3§9§1§9n§x§F§4§1§3§0§8g §x§F§5§3§9§1§9W§x§F§7§5§F§2§Ai§x§F§9§8§4§3§Bn§x§F§A§A§A§4§Bg§x§F§C§D§0§5§Cs from storage
[17:14:11] > HwanYo remove x1 §x§F§F§3§E§0§0§lSellwand Voucher from buy
[17:31:15] > x1 Light weighted pressure plate on sale by Kyle has just expired, it goes in the inventory of expired items.
[17:34:51] > auvicious remove x1 §x§E§5§1§B§1§B§lDracula Dagger from storage
[17:34:57] > auvicious remove x1 §x§E§5§1§B§1§B§lDracula Spear from storage
[17:34:57] > auvicious remove x1 §x§F§F§7§C§0§0§lSteamsparks Staff from storage
[17:39:42] > khenjieMC buy x1 §f§l§x§8§A§0§0§F§FS§x§9§6§0§0§E§3h§x§A§1§0§0§C§6i§x§A§D§0§0§A§An§x§B§9§0§0§8§Ee§x§C§4§0§0§7§1 §x§D§0§0§0§5§5O§x§D§C§0§0§3§9n§x§E§7§0§0§1§Ci§x§F§3§0§0§0§0 §x§E§7§0§0§1§CB§x§D§C§0§0§3§9i§x§D§0§0§0§5§5g§x§C§4§0§0§7§1 §x§B§9§0§0§8§ES§x§A§D§0§0§A§Aw§x§A§1§0§0§C§6o§x§9§6§0§0§E§3r§x§8§A§0§0§F§Fd to aznaaa for $1,000,000.
[17:39:54] > khenjieMC remove x1 §f§l§x§8§A§0§0§F§FS§x§9§6§0§0§E§3h§x§A§1§0§0§C§6i§x§A§D§0§0§A§An§x§B§9§0§0§8§Ee§x§C§4§0§0§7§1 §x§D§0§0§0§5§5O§x§D§C§0§0§3§9n§x§E§7§0§0§1§Ci§x§F§3§0§0§0§0 §x§E§7§0§0§1§CB§x§D§C§0§0§3§9i§x§D§0§0§0§5§5g§x§C§4§0§0§7§1 §x§B§9§0§0§8§ES§x§A§D§0§0§A§Aw§x§A§1§0§0§C§6o§x§9§6§0§0§E§3r§x§8§A§0§0§F§Fd from buy
[17:42:32] > Ryzxc remove x1 Shulker box from storage
[17:43:07] > _BAAM buy x9 Experience bottle to ace for $10,000.
[17:43:09] > auvicious added x1 §x§F§F§7§C§0§0§lSteamsparks Staff in auction for 200000.
[17:43:16] > _BAAM remove x9 Experience bottle from buy
[17:49:12] > x1 Enchanted book on sale by lthohijfi2014 has just expired, it goes in the inventory of expired items.
[17:49:27] > RebornKimmy buy x1 Netherite ingot to .JakeTheMiner457 for $80,000.
[18:01:41] > ace remove x5 Trial key form storage
[18:01:41] > ace remove x1 Bow form storage
[18:01:41] > ace remove x4 Breeze rod form storage
[18:01:41] > ace remove x1 §fBumble Bee Hat form storage
[18:02:16] > ace added x1 §fBumble Bee Hat in auction for 150000.
[18:02:40] > x1 Enchanted book on sale by lthohijfi2014 has just expired, it goes in the inventory of expired items.
[18:02:40] > ace added x4 Breeze rod in auction for 20000.
[18:02:48] > Nxwaf buy x4 Breeze rod to ace for $20,000.
[18:02:51] > ace added x5 Trial key in auction for 100000.
[18:03:12] > ace added x1 Bow in auction for 20000.
[18:05:27] > Torrr remove x1 §x§F§F§7§C§0§0§lSteamsparks Leggings form storage
[18:05:50] > Torrr added x1 §x§F§F§7§C§0§0§lSteamsparks Leggings in auction for 200000.
[18:08:56] > khenjieMC remove x1 §f§l§x§F§A§0§0§0§AD§x§F§A§1§E§1§6a§x§F§B§3§B§2§1r§x§F§B§5§9§2§Dk§x§F§B§7§7§3§9f§x§F§B§9§5§4§5l§x§F§C§B§2§5§0a§x§F§C§D§0§5§Cm§x§F§C§B§2§5§0e§x§F§B§9§5§4§5 §x§F§B§7§7§3§9S§x§F§B§5§9§2§Dp§x§F§B§3§B§2§1e§x§F§A§1§E§1§6a§x§F§A§0§0§0§Ar from storage
[18:10:44] > x1 §f§l§x§F§A§0§0§0§AD§x§F§A§1§E§1§6a§x§F§B§3§B§2§1r§x§F§B§5§9§2§Dk§x§F§B§7§7§3§9f§x§F§B§9§5§4§5l§x§F§C§B§2§5§0a§x§F§C§D§0§5§Cm§x§F§C§B§2§5§0e§x§F§B§9§5§4§5 §x§F§B§7§7§3§9S§x§F§B§5§9§2§Dp§x§F§B§3§B§2§1e§x§F§A§1§E§1§6a§x§F§A§0§0§0§Ar, item of frenchhee, has just expired, the item is definitively deleted.
[18:10:44] > x1 §x§5§C§C§F§F§C§lC§x§5§C§D§1§F§5§lo§x§5§D§D§4§E§E§ls§x§5§D§D§6§E§7§lm§x§5§E§D§9§E§1§le§x§5§E§D§B§D§A§lt§x§5§E§D§D§D§3§li§x§5§F§E§0§C§C§lc §x§5§F§E§0§C§C§lH§x§5§E§D§D§D§3§la§x§5§E§D§B§D§A§lt§x§5§E§D§9§E§1§ls §x§5§D§D§4§E§E§lK§x§5§C§D§1§F§5§le§x§5§C§C§F§F§C§ly, item of SP3CC_, has just expired, the item is definitively deleted.
[18:10:44] > x1 §x§F§F§3§E§0§0§lD§x§F§F§3§6§0§0§le§x§F§F§2§F§0§0§lm§x§F§F§2§7§0§0§lo§x§F§F§1§F§0§0§ln §x§F§F§1§0§0§0§lL§x§F§F§0§8§0§0§lo§x§F§F§0§0§0§0§lr§x§F§F§0§8§0§0§ld §x§F§F§1§7§0§0§lS§x§F§F§1§F§0§0§lh§x§F§F§2§7§0§0§lo§x§F§F§2§F§0§0§lv§x§F§F§3§6§0§0§le§x§F§F§3§E§0§0§ll, item of nnorv1, has just expired, the item is definitively deleted.
[18:10:53] > khenjieMC remove x1 §f§l§x§F§A§0§0§0§AD§x§F§A§1§E§1§6a§x§F§B§3§B§2§1r§x§F§B§5§9§2§Dk§x§F§B§7§7§3§9f§x§F§B§9§5§4§5l§x§F§C§B§2§5§0a§x§F§C§D§0§5§Cm§x§F§C§B§2§5§0e§x§F§B§9§5§4§5 §x§F§B§7§7§3§9S§x§F§B§5§9§2§Dp§x§F§B§3§B§2§1e§x§F§A§1§E§1§6a§x§F§A§0§0§0§Ar from expire
[18:10:56] > khenjieMC remove x1 §eʙʟᴀᴢᴇ sᴘᴀᴡɴᴇʀ from expire
[18:10:57] > khenjieMC remove x1 §eʙʟᴀᴢᴇ sᴘᴀᴡɴᴇʀ from expire
[18:10:57] > khenjieMC remove x1 §esᴘɪᴅᴇʀ sᴘᴀᴡɴᴇʀ from expire
[18:12:21] > khenjieMC added x1 §f§l§x§F§A§0§0§0§AD§x§F§A§1§E§1§6a§x§F§B§3§B§2§1r§x§F§B§5§9§2§Dk§x§F§B§7§7§3§9f§x§F§B§9§5§4§5l§x§F§C§B§2§5§0a§x§F§C§D§0§5§Cm§x§F§C§B§2§5§0e§x§F§B§9§5§4§5 §x§F§B§7§7§3§9S§x§F§B§5§9§2§Dp§x§F§B§3§B§2§1e§x§F§A§1§E§1§6a§x§F§A§0§0§0§Ar in auction for 1000000.
[18:25:25] > x14 Snowball on sale by .JakeTheMiner457 has just expired, it goes in the inventory of expired items.
[18:28:20] > x1 §f§l§x§8§A§0§0§F§FS§x§9§C§0§0§D§5h§x§A§D§0§0§A§Ai§x§B§F§0§0§8§0n§x§D§0§0§0§5§5e§x§E§2§0§0§2§B §x§F§3§0§0§0§0O§x§E§2§0§0§2§An§x§D§0§0§0§5§5i§x§B§F§0§0§8§0 §x§A§D§0§0§A§AB§x§9§C§0§0§D§5o§x§8§A§0§0§F§Fw on sale by BlackKnight has just expired, it goes in the inventory of expired items.
[18:28:20] > ace added x1 Cherry sapling in auction for 200.
[18:33:29] > k000k444k added x1 Enchanted book in auction for 5000.
[18:34:51] > x1 Enchanted book on sale by lthohijfi2014 has just expired, it goes in the inventory of expired items.
[18:34:51] > nachfaust added x1 §x§F§F§7§C§0§0§lSteamsparks Bow in auction for 400000.
[18:35:03] > nachfaust added x1 §f§l§x§F§C§D§0§5§CW§x§F§A§A§A§4§Bu§x§F§9§8§4§3§Bk§x§F§7§5§F§2§Ao§x§F§5§3§9§1§9n§x§F§4§1§3§0§8g §x§F§5§3§9§1§9S§x§F§7§5§F§2§Ap§x§F§9§8§4§3§Be§x§F§A§A§A§4§Ba§x§F§C§D§0§5§Cr in auction for 400000.
[18:37:04] > x1 §f§l§8B§x§5§F§5§F§5§Fa§x§6§9§6§9§6§9h§x§7§3§7§3§7§3a§x§7§D§7§D§7§Dm§x§8§7§8§7§8§7u§x§9§1§9§1§9§1t§x§9§B§9§B§9§B §x§A§5§A§5§A§5Ch§x§9§B§9§B§9§Be§x§9§1§9§1§9§1s§x§8§7§8§7§8§7t§x§7§D§7§D§7§Dp§x§7§3§7§3§7§3l§x§6§9§6§9§6§9a§x§5§F§5§F§5§Ft§8e on sale by BlackKnight has just expired, it goes in the inventory of expired items.
[18:37:46] > x1 §f§l§8B§x§6§0§6§0§6§0a§x§6§C§6§C§6§Ch§x§7§7§7§7§7§7a§x§8§2§8§2§8§2m§x§8§E§8§E§8§Eu§x§9§9§9§9§9§9t§x§A§4§A§4§A§4 G§x§9§9§9§9§9§9a§x§8§E§8§E§8§Eu§x§8§2§8§2§8§2n§x§7§7§7§7§7§7t§x§6§C§6§C§6§Cl§x§6§0§6§0§6§0e§8t on sale by BlackKnight has just expired, it goes in the inventory of expired items.
[18:37:46] > x1 §f§l§8B§x§6§4§6§4§6§4a§x§7§4§7§4§7§4h§x§8§3§8§3§8§3a§x§9§3§9§3§9§3m§x§A§2§A§2§A§2ut§x§9§3§9§3§9§3 §x§8§3§8§3§8§3C§x§7§4§7§4§7§4l§x§6§4§6§4§6§4u§8b on sale by BlackKnight has just expired, it goes in the inventory of expired items.
[18:37:52] > Torrr added x2 §x§F§F§3§E§0§0§lSellwand Voucher in auction for 1500000.
[18:37:52] > x1 §f§l§8B§x§6§1§6§1§6§1a§x§6§D§6§D§6§Dh§x§7§9§7§9§7§9a§x§8§6§8§6§8§6m§x§9§2§9§2§9§2u§x§9§E§9§E§9§Et§7 §x§9§E§9§E§9§EH§x§9§2§9§2§9§2a§x§8§6§8§6§8§6l§x§7§9§7§9§7§9b§x§6§D§6§D§6§De§x§6§1§6§1§6§1r§8d on sale by BlackKnight has just expired, it goes in the inventory of expired items.
[18:37:58] > HwanYo buy x2 §x§F§F§3§E§0§0§lSellwand Voucher to Torrr for $1,500,000.
[18:38:04] > HwanYo remove x2 §x§F§F§3§E§0§0§lSellwand Voucher from buy
[18:38:14] > auvicious added x1 §x§F§F§5§5§0§0§lsᴇʟʟᴡᴀɴᴅ §6- 5.0x in auction for 550000.
[18:38:14] > x1 §f§l§8B§x§6§6§6§6§6§6a§x§7§7§7§7§7§7h§x§8§8§8§8§8§8a§x§9§9§9§9§9§9m§7u§x§9§9§9§9§9§9t§x§8§8§8§8§8§8 §x§7§7§7§7§7§7H§x§6§6§6§6§6§6o§8e on sale by BlackKnight has just expired, it goes in the inventory of expired items.
[18:38:18] > koshie buy x1 §x§F§F§5§5§0§0§lsᴇʟʟᴡᴀɴᴅ §6- 5.0x to auvicious for $550,000.
[18:38:21] > x1 §f§l§8B§x§6§3§6§3§6§3a§x§7§1§7§1§7§1h§x§8§0§8§0§8§0a§x§8§E§8§E§8§Em§x§9§C§9§C§9§Cu§7t§x§9§C§9§C§9§C §x§8§E§8§E§8§ES§x§8§0§8§0§8§0w§x§7§1§7§1§7§1o§x§6§3§6§3§6§3r§8d on sale by BlackKnight has just expired, it goes in the inventory of expired items.
[18:38:23] > ace remove x1 Cherry sapling from storage
[18:38:39] > ace added x2 Enchanted golden apple in auction for 30000.
[18:38:44] > kysicx added x1 §fSun Visor Hat in auction for 100000.
[18:38:46] > Ryzxc added x1 §f§bIron Golem Plushie §6(#51/101) in auction for 120000.
[18:38:52] > HwanYo buy x1 §f§bIron Golem Plushie §6(#51/101) to Ryzxc for $120,000.
[18:38:57] > HwanYo remove x1 §f§bIron Golem Plushie §6(#51/101) from buy
[18:39:05] > Ryzxc added x1 §fCat Plushie (Persian) §6(#18/101) in auction for 150000.
[18:39:14] > RebornKimmy buy x2 Enchanted golden apple to ace for $30,000.
[18:39:19] > ace added x1 §x§F§F§5§5§0§0§lsᴇʟʟᴡᴀɴᴅ §6- 5.0x in auction for 50000.
[18:39:23] > koshie buy x1 §x§F§F§5§5§0§0§lsᴇʟʟᴡᴀɴᴅ §6- 5.0x to ace for $50,000.
[18:47:06] > nachfaust remove x1 §f§l§8B§x§6§2§6§2§6§2a§x§6§F§6§F§6§Fh§x§7§C§7§C§7§Ca§x§8§9§8§9§8§9m§x§9§6§9§6§9§6u§x§A§3§A§3§A§3t §x§9§6§9§6§9§6H§x§8§9§8§9§8§9a§x§7§C§7§C§7§Cm§x§6§F§6§F§6§Fm§x§6§2§6§2§6§2e§8r from storage
[18:47:07] > nachfaust remove x1 Elytra from storage
[18:47:21] > nachfaust added x1 §x§F§F§5§5§0§0§lsᴇʟʟᴡᴀɴᴅ §6- 5.0x in auction for 500000.
[18:47:25] > HwanYo buy x1 §x§F§F§5§5§0§0§lsᴇʟʟᴡᴀɴᴅ §6- 5.0x to nachfaust for $500,000.
[18:47:42] > nachfaust added x1 §f§l§8B§x§6§2§6§2§6§2a§x§6§F§6§F§6§Fh§x§7§C§7§C§7§Ca§x§8§9§8§9§8§9m§x§9§6§9§6§9§6u§x§A§3§A§3§A§3t §x§9§6§9§6§9§6H§x§8§9§8§9§8§9a§x§7§C§7§C§7§Cm§x§6§F§6§F§6§Fm§x§6§2§6§2§6§2e§8r in auction for 3500000.
[18:47:53] > nachfaust remove x1 §f§l§8B§x§6§2§6§2§6§2a§x§6§F§6§F§6§Fh§x§7§C§7§C§7§Ca§x§8§9§8§9§8§9m§x§9§6§9§6§9§6u§x§A§3§A§3§A§3t §x§9§6§9§6§9§6H§x§8§9§8§9§8§9a§x§7§C§7§C§7§Cm§x§6§F§6§F§6§Fm§x§6§2§6§2§6§2e§8r from storage
[18:47:55] > .JakeTheMiner457 remove x2 Coast armor trim smithing template from storage
[18:48:03] > Xerozion added x1 §f§l§8B§x§6§2§6§2§6§2a§x§6§F§6§F§6§Fh§x§7§C§7§C§7§Ca§x§8§9§8§9§8§9m§x§9§6§9§6§9§6u§x§A§3§A§3§A§3t §x§9§6§9§6§9§6H§x§8§9§8§9§8§9e§x§7§C§7§C§7§Cl§x§6§F§6§F§6§Fm§x§6§2§6§2§6§2e§8t in auction for 1000000.
[18:48:08] > nachfaust added x1 §f§l§8B§x§6§2§6§2§6§2a§x§6§F§6§F§6§Fh§x§7§C§7§C§7§Ca§x§8§9§8§9§8§9m§x§9§6§9§6§9§6u§x§A§3§A§3§A§3t §x§9§6§9§6§9§6H§x§8§9§8§9§8§9a§x§7§C§7§C§7§Cm§x§6§F§6§F§6§Fm§x§6§2§6§2§6§2e§8r in auction for 1500000.
[18:48:09] > .JakeTheMiner457 remove x4 Netherite upgrade smithing template from storage
[18:48:23] > nachfaust added x1 Elytra in auction for 3500000.
[18:48:45] > ThatMidnight added x1 §x§F§F§5§5§0§0§lsᴇʟʟᴡᴀɴᴅ §6- 10.0x in auction for 1200000.
[18:50:39] > koshie buy x1 §x§F§F§5§5§0§0§lsᴇʟʟᴡᴀɴᴅ §6- 10.0x to ThatMidnight for $1,200,000.
[18:50:49] > ravencabansay buy x1 §x§E§5§1§B§1§B§lDracula Blade to aznaaa for $100,000.
[18:50:59] > ravencabansay remove x1 §x§E§5§1§B§1§B§lDracula Blade from buy
[18:53:08] > .JakeTheMiner457 remove x2 Coast armor trim smithing template from expire
[18:53:09] > .JakeTheMiner457 remove x4 Netherite upgrade smithing template from expire
[18:53:29] > .JakeTheMiner457 added x2 Coast armor trim smithing template in auction for 100000.
[18:54:03] > .JakeTheMiner457 added x1 Netherite upgrade smithing template in auction for 60000.
[18:54:50] > .JakeTheMiner457 added x1 Netherite upgrade smithing template in auction for 60000.
[18:55:06] > .JakeTheMiner457 added x1 Netherite upgrade smithing template in auction for 60000.
[18:56:08] > Chakuu added x1 §x§F§F§5§5§0§0§lsᴇʟʟᴡᴀɴᴅ §6- 5.0x in auction for 500000.
[18:56:11] > HwanYo buy x1 §x§F§F§5§5§0§0§lsᴇʟʟᴡᴀɴᴅ §6- 5.0x to Chakuu for $500,000.
[18:56:42] > Mugiwara22 added x1 §x§F§F§3§E§0§0§lSellwand Voucher in auction for 1800000.
[19:02:02] > Renzy01 added x2 §c§lPlatinum Lure in auction for 3000000.
[19:10:23] > koshie remove x1 §x§F§F§5§5§0§0§lsᴇʟʟᴡᴀɴᴅ §6- 10.0x from buy
[19:11:15] > auvicious remove x64 Emerald block from storage
[19:12:03] > .JakeTheMiner457 remove x1 Netherite upgrade smithing template from storage
[19:22:35] > .JakeTheMiner457 added x1 Mace in auction for 2500000000.
[19:24:05] > Cynishere added x24 Silence armor trim smithing template in auction for 3600000.
[19:25:18] > Edabis buy x1 Bow to ace for $20,000.
[19:25:25] > Xerozion remove x1 §f§l§8B§x§6§2§6§2§6§2a§x§6§F§6§F§6§Fh§x§7§C§7§C§7§Ca§x§8§9§8§9§8§9m§x§9§6§9§6§9§6u§x§A§3§A§3§A§3t §x§9§6§9§6§9§6H§x§8§9§8§9§8§9e§x§7§C§7§C§7§Cl§x§6§F§6§F§6§Fm§x§6§2§6§2§6§2e§8t from storage
[19:25:53] > Cynishere remove x24 Silence armor trim smithing template from storage
[19:25:55] > Edabis remove x1 Bow from buy
[19:26:08] > Takeremu remove x1 Sniffer egg from buy
[19:27:27] > FRANZ_JOSEF0 added x1 YAWA in auction for 2000000.
[19:28:09] > kysicx added x1 §x§F§F§5§5§0§0§lsᴇʟʟᴡᴀɴᴅ §6- 20.0x in auction for 2000000.
[19:28:10] > .AppriXD buy x14 §x§F§C§D§0§5§C§lB§x§E§6§D§3§6§B§la§x§C§F§D§5§7§A§ls§x§B§9§D§8§8§9§li§x§A§2§D§A§9§8§lc §x§7§5§D§F§B§6§lC§x§5§F§E§2§C§5§lr§x§7§5§D§F§B§6§la§x§8§C§D§D§A§7§lt§x§A§2§D§A§9§8§le §x§C§F§D§5§7§A§lK§x§E§6§D§3§6§B§le§x§F§C§D§0§5§C§ly to Takeremu for $140,000.
[19:28:13] > koshie buy x1 §x§F§F§5§5§0§0§lsᴇʟʟᴡᴀɴᴅ §6- 20.0x to kysicx for $2,000,000.
[19:28:15] > .JakeTheMiner457 remove x1 Mace from storage
[19:28:18] > octopus_01 buy x1 §x§F§F§3§E§0§0§lSellwand Voucher to Mugiwara22 for $1,800,000.
[19:28:23] > .AppriXD remove x14 §x§F§C§D§0§5§C§lB§x§E§6§D§3§6§B§la§x§C§F§D§5§7§A§ls§x§B§9§D§8§8§9§li§x§A§2§D§A§9§8§lc §x§7§5§D§F§B§6§lC§x§5§F§E§2§C§5§lr§x§7§5§D§F§B§6§la§x§8§C§D§D§A§7§lt§x§A§2§D§A§9§8§le §x§C§F§D§5§7§A§lK§x§E§6§D§3§6§B§le§x§F§C§D§0§5§C§ly from buy
[19:28:34] > kysicx added x1 §x§F§F§5§5§0§0§lsᴇʟʟᴡᴀɴᴅ §6- 20.0x in auction for 2000000.
[19:28:38] > koshie buy x1 §x§F§F§5§5§0§0§lsᴇʟʟᴡᴀɴᴅ §6- 20.0x to kysicx for $2,000,000.
[19:28:45] > .JakeTheMiner457 remove x1 Mace from expire
[19:28:46] > .JakeTheMiner457 remove x1 Netherite upgrade smithing template from expire
[19:29:11] > octopus_01 remove x1 §x§F§F§3§E§0§0§lSellwand Voucher from buy
[19:29:39] > .JakeTheMiner457 added x1 Mace in auction for 2100000000.
[19:29:55] > Cynishere added x24 Silence armor trim smithing template in auction for 3500000.
[19:34:10] > SenjuKawaragi buy x1 Enchanted book to k000k444k for $5,000.
[19:34:25] > Renzy01 added x1 §f§l§8B§x§6§6§6§6§6§6a§x§7§7§7§7§7§7h§x§8§8§8§8§8§8a§x§9§9§9§9§9§9m§7u§x§9§9§9§9§9§9t§x§8§8§8§8§8§8 §x§7§7§7§7§7§7B§x§6§6§6§6§6§6o§8w in auction for 700000.
[19:35:33] > SenjuKawaragi remove x1 Enchanted book from buy
[19:37:46] > Chezzy buy x1 Silence armor trim smithing template to magolek_09 for $100,000.
[19:38:22] > Chezzy remove x1 Silence armor trim smithing template from buy
[19:42:51] > TostyZura buy x1 §fBumble Bee Hat to ace for $150,000.
[19:42:59] > TostyZura remove x1 §fBumble Bee Hat from buy
[19:44:51] > nachfaust remove x1 §f§l§x§F§C§D§0§5§CW§x§F§A§A§A§4§Bu§x§F§9§8§4§3§Bk§x§F§7§5§F§2§Ao§x§F§5§3§9§1§9n§x§F§4§1§3§0§8g §x§F§5§3§9§1§9S§x§F§7§5§F§2§Ap§x§F§9§8§4§3§Be§x§F§A§A§A§4§Ba§x§F§C§D§0§5§Cr from storage
[19:45:26] > nachfaust added x1 Enchanted book in auction for 200000.
[19:46:31] > UnavailableTest buy x1 §fCat Plushie (Persian) §6(#18/101) to Ryzxc for $150,000.
[19:46:41] > UnavailableTest remove x1 §fCat Plushie (Persian) §6(#18/101) form buy
[19:47:37] > Icon_Skully added x1 §f§l§x§F§C§D§0§5§CW§x§F§A§A§A§4§Bu§x§F§9§8§4§3§Bk§x§F§7§5§F§2§Ao§x§F§5§3§9§1§9n§x§F§4§1§3§0§8g §x§F§5§3§9§1§9W§x§F§7§5§F§2§Ai§x§F§9§8§4§3§Bn§x§F§A§A§A§4§Bg§x§F§C§D§0§5§Cs in auction for 1000000.
[19:47:55] > koshie buy x1 Enchanted book to nachfaust for $200,000.
[19:49:54] > nachfaust added x62 Diamond in auction for 30000.
[19:50:56] > 8it5inn added x1 §x§F§F§3§E§0§0§lDemon Lord Wings in auction for 5000000.
[19:57:25] > Mugiwara22 buy x1 Beacon to Kaynn for $100,000.
[19:57:42] > Mugiwara22 remove x1 Beacon from buy
[19:58:27] > Johng10910 buy x64 Firework rocket to .AyakoKoru for $20,000.
[19:59:32] > Johng10910 remove x1 §f§l§8B§x§6§6§6§6§6§6a§x§7§7§7§7§7§7h§x§8§8§8§8§8§8a§x§9§9§9§9§9§9m§7u§x§9§9§9§9§9§9t§x§8§8§8§8§8§8 §x§7§7§7§7§7§7K§x§6§6§6§6§6§6e§8y from storage
[20:03:07] > Mugiwara22 buy x62 Diamond to nachfaust for $30,000.
[20:03:32] > Mugiwara22 remove x62 Diamond from buy
[20:04:02] > nachfaust added x64 Iron block in auction for 100000.
[20:05:00] > ace added x1 §2Cauldron Hat in auction for 185000.
[20:07:46] > dearestyumeko added x1 Axolotl bucket in auction for 25000.
[20:07:58] > Kodakoda buy x1 Axolotl bucket to dearestyumeko for $25,000.
[20:08:04] > Kodakoda remove x1 Axolotl bucket from buy
[20:08:28] > Mugiwara22 buy x3 Name tag to k000k444k for $6,000.
[20:08:35] > Mugiwara22 buy x3 Name tag to k000k444k for $6,000.
[20:08:44] > Mugiwara22 remove x3 Name tag from buy
[20:08:44] > Mugiwara22 remove x3 Name tag from buy
[20:08:59] > YchannR remove x1 §x§F§F§7§C§0§0§lSteamsparks Wings form storage
[20:08:59] > YchannR remove x1 §x§F§F§3§E§0§0§lDemon Lord Wings form storage
[20:17:55] > YchannR buy x64 Wind charge to Kodakoda for $55,000.
[20:22:55] > 8it5inn added x1 Na Sword in auction for 2000000.
[20:25:38] > azuyeca buy x1 Shulker box to Unforce01 for $150,000.
[20:25:48] > azuyeca remove x1 Shulker box from buy
[20:32:05] > koshie added x4 Nether star in auction for 200000.
[20:33:11] > koshie remove x4 Nether star from storage
[20:33:20] > koshie added x4 Nether star in auction for 200000.
[20:34:38] > Gabyy buy x48 Wind charge to .Whatyusaay for $40,000.
[20:34:42] > HwanYo added x1 Shulker box in auction for 2000000.
[20:34:58] > Gabyy buy x1 Netherite upgrade smithing template to .JakeTheMiner457 for $60,000.
[20:35:25] > Gabyy remove x48 Wind charge from buy
[20:35:26] > Gabyy remove x1 Netherite upgrade smithing template from buy
[20:36:03] > .JakeTheMiner457 remove x1 Mace from storage
[20:36:21] > x1 §x§F§F§7§C§0§0§lSteamsparks Blade, item of sigman, has just expired, the item is definitively deleted.
[20:36:21] > x1 §x§E§5§1§B§1§B§lDracula Spear, item of sigman, has just expired, the item is definitively deleted.
[20:36:21] > x1 §x§5§C§C§F§F§C§lC§x§5§C§D§1§F§5§lo§x§5§D§D§4§E§E§ls§x§5§D§D§6§E§7§lm§x§5§E§D§9§E§1§le§x§5§E§D§B§D§A§lt§x§5§E§D§D§D§3§li§x§5§F§E§0§C§C§lc §x§5§F§E§0§C§C§lH§x§5§E§D§D§D§3§la§x§5§E§D§B§D§A§lt§x§5§E§D§9§E§1§ls §x§5§D§D§4§E§E§lK§x§5§C§D§1§F§5§le§x§5§C§C§F§F§C§ly, item of SP3CC_, has just expired, the item is definitively deleted.
[20:36:21] > x1 Diamond leggings, item of kabayooo, has just expired, the item is definitively deleted.
[20:36:25] > .JakeTheMiner457 remove x1 Mace from expire
[20:36:38] > RizzaIck added x1 §f§l§8B§x§6§4§6§4§6§4a§x§7§4§7§4§7§4h§x§8§3§8§3§8§3a§x§9§3§9§3§9§3m§x§A§2§A§2§A§2ut§x§9§3§9§3§9§3 §x§8§3§8§3§8§3C§x§7§4§7§4§7§4l§x§6§4§6§4§6§4u§8b in auction for 1500000.
[20:36:45] > RizzaIck remove x1 §x§F§0§7§A§5§4§lZombie Apocalyptic Halberd from expire
[20:36:49] > HwanYo remove x1 Shulker box from storage
[20:36:54] > RizzaIck added x1 §x§F§0§7§A§5§4§lZombie Apocalyptic Halberd in auction for 1500000.
[20:38:43] > Icon_Skully added x64 Iron block in auction for 10000.
[20:40:31] > x1 Music disc 13 on sale by Kyle has just expired, it goes in the inventory of expired items.
[20:40:31] > x1 Music disc 13 on sale by Kyle has just expired, it goes in the inventory of expired items.
[20:40:31] > Icon_Skully added x1 §x§F§F§7§C§0§0§lSteamsparks Fishing Rod in auction for 45000.
[20:40:43] > Kaynn buy x1 §x§F§F§7§C§0§0§lSteamsparks Fishing Rod to Icon_Skully for $45,000.
[20:41:00] > Icon_Skully added x1 §x§F§F§7§C§0§0§lSteamsparks Halberd in auction for 45000.
[20:41:09] > RebornKimmy buy x1 §x§F§F§7§C§0§0§lSteamsparks Halberd to Icon_Skully for $45,000.
[20:41:27] > Icon_Skully added x1 §x§E§5§1§B§1§B§lDracula Spear in auction for 45000.
[20:41:35] > EnderDragon0120 buy x1 §x§E§5§1§B§1§B§lDracula Spear to Icon_Skully for $45,000.
[20:41:39] > YchannR buy x64 Iron block to Icon_Skully for $10,000.
[20:41:43] > ace remove x1 §2Cauldron Hat form storage
[20:41:43] > ace remove x5 Trial key form storage
[20:41:59] > Icon_Skully added x64 Iron block in auction for 10000.
[20:42:00] > ace added x5 Trial key in auction for 100000.
[20:42:08] > YchannR buy x64 Iron block to Icon_Skully for $10,000.
[20:42:15] > Icon_Skully added x1 §x§F§F§7§C§0§0§lSteamsparks Shovel in auction for 45000.
[20:42:26] > Icon_Skully added x64 Iron block in auction for 10000.
[20:42:28] > Johng10910 remove x64 Firework rocket from buy
[20:42:31] > ace remove x5 Trial key form storage
[20:42:46] > ace added x5 Trial key in auction for 100000.
[20:42:52] > YchannR buy x64 Iron block to Icon_Skully for $10,000.
[20:42:59] > ace added x1 §2Cauldron Hat in auction for 185000.
[20:43:09] > Icon_Skully added x64 Iron block in auction for 10000.
[20:43:17] > YchannR buy x64 Iron block to Icon_Skully for $10,000.
[20:43:20] > Icon_Skully added x64 Iron block in auction for 10000.
[20:43:24] > Ryzxc buy x64 Iron block to nachfaust for $100,000.
[20:44:00] > nachfaust added x1 §x§E§5§1§B§1§B§lDracula Pickaxe in auction for 500000.
[20:44:09] > YchannR buy x64 Iron block to Icon_Skully for $10,000.
[20:44:09] > Icon_Skully remove x1 §f§l§x§F§C§D§0§5§CW§x§F§A§A§A§4§Bu§x§F§9§8§4§3§Bk§x§F§7§5§F§2§Ao§x§F§5§3§9§1§9n§x§F§4§1§3§0§8g §x§F§5§3§9§1§9W§x§F§7§5§F§2§Ai§x§F§9§8§4§3§Bn§x§F§A§A§A§4§Bg§x§F§C§D§0§5§Cs from storage
[20:44:20] > Icon_Skully added x1 §2Cauldron Hat in auction for 25000.
[20:44:26] > YchannR remove x1 §fMagician Hat form buy
[20:44:26] > YchannR remove x64 Iron block form buy
[20:44:26] > YchannR remove x64 Wind charge form buy
[20:44:26] > YchannR remove x64 Iron block form buy
[20:44:26] > YchannR remove x64 Iron block form buy
[20:44:26] > YchannR remove x64 Iron block form buy
[20:44:26] > YchannR remove x64 Iron block form buy
[20:44:36] > Icon_Skully added x64 Iron block in auction for 10000.
[20:45:55] > Ryzxc buy x1 §x§F§F§7§C§0§0§lSteamsparks Pickaxe to Kodakoda for $100,000.
[20:46:14] > Icon_Skully remove x1 §x§E§5§1§B§1§B§lDracula Leggings from storage
[20:46:15] > Icon_Skully remove x1 §x§F§F§7§C§0§0§lSteamsparks Helmet from storage
[20:46:16] > Icon_Skully remove x1 §x§F§F§7§C§0§0§lSteamsparks Boots from storage
[20:46:17] > Icon_Skully remove x1 §x§F§F§7§C§0§0§lSteamsparks Boots from storage
[20:46:30] > Icon_Skully added x1 §f§l§x§F§C§D§0§5§CW§x§F§A§A§A§4§Bu§x§F§9§8§4§3§Bk§x§F§7§5§F§2§Ao§x§F§5§3§9§1§9n§x§F§4§1§3§0§8g §x§F§5§3§9§1§9W§x§F§7§5§F§2§Ai§x§F§9§8§4§3§Bn§x§F§A§A§A§4§Bg§x§F§C§D§0§5§Cs in auction for 850000.
[20:46:42] > Icon_Skully added x1 §x§E§5§1§B§1§B§lDracula Leggings in auction for 45000.
[20:46:43] > Ryzxc buy x1 §x§F§F§7§C§0§0§lSteamsparks Shovel to Icon_Skully for $45,000.
[20:46:52] > Ryzxc remove x1 §x§F§F§7§C§0§0§lSteamsparks Staff from storage
[20:47:02] > Trapers1 buy x1 §x§E§5§1§B§1§B§lDracula Leggings to Icon_Skully for $45,000.
[20:47:09] > Trapers1 remove x1 §x§E§5§1§B§1§B§lDracula Leggings from buy
[20:47:10] > Ryzxc added x1 §x§F§F§7§C§0§0§lSteamsparks Staff in auction for 99999.
[20:47:26] > Icon_Skully added x1 §x§F§F§7§C§0§0§lSteamsparks Boots in auction for 45000.
[20:47:30] > Ryzxc remove x1 §x§F§F§7§C§0§0§lSteamsparks Pickaxe from buy
[20:47:33] > Trapers1 buy x1 §x§F§F§7§C§0§0§lSteamsparks Boots to Icon_Skully for $45,000.
[20:47:39] > Ryzxc remove x1 §x§F§F§7§C§0§0§lSteamsparks Shovel from buy
[20:47:41] > Trapers1 remove x1 §x§F§F§7§C§0§0§lSteamsparks Boots from buy
[20:47:43] > Icon_Skully added x1 §x§F§F§7§C§0§0§lSteamsparks Boots in auction for 45000.
[20:47:54] > Icon_Skully added x1 §x§F§F§7§C§0§0§lSteamsparks Helmet in auction for 45000.
[20:48:00] > Trapers1 buy x1 §x§F§F§7§C§0§0§lSteamsparks Helmet to Icon_Skully for $45,000.
[20:48:08] > Trapers1 remove x1 §x§F§F§7§C§0§0§lSteamsparks Helmet from buy
[20:48:28] > RebornKimmy buy x1 §x§F§F§7§C§0§0§lSteamsparks Boots to Icon_Skully for $45,000.
[20:48:57] > Gabyy buy x1 §f§l§x§F§C§D§0§5§CW§x§F§A§A§A§4§Bu§x§F§9§8§4§3§Bk§x§F§7§5§F§2§Ao§x§F§5§3§9§1§9n§x§F§4§1§3§0§8g §x§F§5§3§9§1§9W§x§F§7§5§F§2§Ai§x§F§9§8§4§3§Bn§x§F§A§A§A§4§Bg§x§F§C§D§0§5§Cs to Icon_Skully for $850,000.
[20:49:30] > Gabyy remove x1 §f§l§x§F§C§D§0§5§CW§x§F§A§A§A§4§Bu§x§F§9§8§4§3§Bk§x§F§7§5§F§2§Ao§x§F§5§3§9§1§9n§x§F§4§1§3§0§8g §x§F§5§3§9§1§9W§x§F§7§5§F§2§Ai§x§F§9§8§4§3§Bn§x§F§A§A§A§4§Bg§x§F§C§D§0§5§Cs from buy
[20:50:22] > .JakeTheMiner457 added x1 Mace in auction for 2100000.
[20:53:38] > ReKYee buy x3 Name tag to k000k444k for $6,000.
[20:57:24] > ReKYee remove x3 Name tag from buy
[20:59:52] > Zen0969 buy x1 §f§l§8B§x§6§2§6§2§6§2a§x§6§F§6§F§6§Fh§x§7§C§7§C§7§Ca§x§8§9§8§9§8§9m§x§9§6§9§6§9§6u§x§A§3§A§3§A§3t §x§9§6§9§6§9§6H§x§8§9§8§9§8§9a§x§7§C§7§C§7§Cm§x§6§F§6§F§6§Fm§x§6§2§6§2§6§2e§8r to nachfaust for $1,500,000.
[20:59:57] > Zen0969 remove x1 §f§l§8B§x§6§2§6§2§6§2a§x§6§F§6§F§6§Fh§x§7§C§7§C§7§Ca§x§8§9§8§9§8§9m§x§9§6§9§6§9§6u§x§A§3§A§3§A§3t §x§9§6§9§6§9§6H§x§8§9§8§9§8§9a§x§7§C§7§C§7§Cm§x§6§F§6§F§6§Fm§x§6§2§6§2§6§2e§8r from buy
[21:04:55] > 8it5inn remove x1 §x§F§F§3§E§0§0§lDemon Lord Wings from storage
[21:05:27] > 8it5inn added x1 §x§F§F§3§E§0§0§lDemon Lord Wings in auction for 5000000.
[21:06:25] > cart224 added x1 §x§F§F§3§E§0§0§lDemon Lord Wings in auction for 4000000.
[21:07:07] > Callistrix remove x5 §x§F§C§D§0§5§C§lB§x§E§6§D§3§6§B§la§x§C§F§D§5§7§A§ls§x§B§9§D§8§8§9§li§x§A§2§D§A§9§8§lc §x§7§5§D§F§B§6§lC§x§5§F§E§2§C§5§lr§x§7§5§D§F§B§6§la§x§8§C§D§D§A§7§lt§x§A§2§D§A§9§8§le §x§C§F§D§5§7§A§lK§x§E§6§D§3§6§B§le§x§F§C§D§0§5§C§ly from storage
[21:07:09] > Callistrix remove x6 §x§F§C§D§0§5§C§lB§x§E§6§D§3§6§B§la§x§C§F§D§5§7§A§ls§x§B§9§D§8§8§9§li§x§A§2§D§A§9§8§lc §x§7§5§D§F§B§6§lC§x§5§F§E§2§C§5§lr§x§7§5§D§F§B§6§la§x§8§C§D§D§A§7§lt§x§A§2§D§A§9§8§le §x§C§F§D§5§7§A§lK§x§E§6§D§3§6§B§le§x§F§C§D§0§5§C§ly from storage
[21:07:53] > Callistrix added x11 §x§F§C§D§0§5§C§lB§x§E§6§D§3§6§B§la§x§C§F§D§5§7§A§ls§x§B§9§D§8§8§9§li§x§A§2§D§A§9§8§lc §x§7§5§D§F§B§6§lC§x§5§F§E§2§C§5§lr§x§7§5§D§F§B§6§la§x§8§C§D§D§A§7§lt§x§A§2§D§A§9§8§le §x§C§F§D§5§7§A§lK§x§E§6§D§3§6§B§le§x§F§C§D§0§5§C§ly in auction for 500000.
[21:09:37] > .VisedSauce5790 added x1 Alytra in auction for 100000.
[21:11:41] > Callistrix remove x11 §x§F§C§D§0§5§C§lB§x§E§6§D§3§6§B§la§x§C§F§D§5§7§A§ls§x§B§9§D§8§8§9§li§x§A§2§D§A§9§8§lc §x§7§5§D§F§B§6§lC§x§5§F§E§2§C§5§lr§x§7§5§D§F§B§6§la§x§8§C§D§D§A§7§lt§x§A§2§D§A§9§8§le §x§C§F§D§5§7§A§lK§x§E§6§D§3§6§B§le§x§F§C§D§0§5§C§ly from storage
[21:13:43] > Callistrix remove x1 §x§E§5§1§B§1§B§lDracula Bow form storage
[21:13:43] > Callistrix remove x1 §x§F§F§7§C§0§0§lSteamsparks Spear form storage
[21:13:43] > Callistrix remove x1 §x§E§5§1§B§1§B§lDracula Sickle form storage
[21:22:42] > Callistrix added x1 §x§F§F§7§C§0§0§lSteamsparks Spear in auction for 150000.
[21:22:56] > Callistrix added x1 §x§E§5§1§B§1§B§lDracula Sickle in auction for 150000.
[21:23:10] > Callistrix added x1 §x§E§5§1§B§1§B§lDracula Bow in auction for 150000.
[21:24:16] > .VisedSauce5790 added x64 Firework rocket in auction for 5000.
[21:24:21] > Nxwaf buy x64 Firework rocket to .VisedSauce5790 for $5,000.
[21:24:31] > .VisedSauce5790 added x64 Firework rocket in auction for 5000.
[21:24:34] > Nxwaf buy x64 Firework rocket to .VisedSauce5790 for $5,000.
[21:24:45] > .VisedSauce5790 added x64 Firework rocket in auction for 5000.
[21:24:52] > Nxwaf buy x64 Firework rocket to .VisedSauce5790 for $5,000.
[21:24:59] > .VisedSauce5790 added x64 Firework rocket in auction for 5000.
[21:25:03] > Nxwaf buy x64 Firework rocket to .VisedSauce5790 for $5,000.
[21:25:12] > .VisedSauce5790 added x64 Firework rocket in auction for 5000.
[21:25:16] > Nxwaf buy x64 Firework rocket to .VisedSauce5790 for $5,000.
[21:26:26] > Nxwaf remove x1 Bow from buy
[21:26:26] > Nxwaf remove x1 Netherite upgrade smithing template from buy
[21:26:26] > Nxwaf remove x64 Firework rocket from buy
[21:26:26] > Nxwaf remove x64 Firework rocket from buy
[21:26:27] > Nxwaf remove x64 Firework rocket from buy
[21:26:27] > Nxwaf remove x64 Firework rocket from buy
[21:26:27] > Nxwaf remove x4 Breeze rod from buy
[21:26:27] > Nxwaf remove x1 §fMedieval Hat from buy
[21:26:36] > .VisedSauce5790 added x64 Firework rocket in auction for 5000.
[21:26:43] > Johng10910 buy x64 Firework rocket to .VisedSauce5790 for $5,000.
[21:26:47] > .VisedSauce5790 added x64 Firework rocket in auction for 5000.
[21:26:54] > Johng10910 buy x64 Firework rocket to .VisedSauce5790 for $5,000.
[21:27:00] > .VisedSauce5790 added x64 Firework rocket in auction for 5000.
[21:27:05] > Nxwaf buy x64 Firework rocket to .VisedSauce5790 for $5,000.
[21:27:14] > Nxwaf remove x64 Firework rocket from buy
[21:27:14] > Nxwaf remove x64 Firework rocket from buy
[21:32:02] > .VisedSauce5790 added x1 Shulker box in auction for 140000.
[21:33:09] > .VisedSauce5790 remove x1 Shulker box from storage
[21:35:29] > .VisedSauce5790 added x64 Firework rocket in auction for 5000.
[21:35:33] > Nxwaf buy x64 Firework rocket to .VisedSauce5790 for $5,000.
[21:35:39] > .VisedSauce5790 added x64 Firework rocket in auction for 5000.
[21:35:47] > Nxwaf buy x64 Firework rocket to .VisedSauce5790 for $5,000.
[21:35:54] > .VisedSauce5790 added x64 Firework rocket in auction for 5000.
[21:36:01] > capy buy x64 Firework rocket to .VisedSauce5790 for $5,000.
[21:36:05] > .VisedSauce5790 added x64 Firework rocket in auction for 5000.
[21:36:18] > .VisedSauce5790 added x64 Firework rocket in auction for 5000.
[21:36:45] > .VisedSauce5790 added x64 Firework rocket in auction for 5000.
[21:37:09] > .VisedSauce5790 remove x1 Alytra from storage
[21:37:10] > .VisedSauce5790 remove x1 Iron horse armor from storage
[21:37:18] > .VisedSauce5790 added x64 Firework rocket in auction for 5000.
[21:37:23] > Nxwaf buy x64 Firework rocket to .VisedSauce5790 for $5,000.
[21:37:24] > Nxwaf buy x64 Firework rocket to .VisedSauce5790 for $5,000.
[21:37:26] > Nxwaf buy x64 Firework rocket to .VisedSauce5790 for $5,000.
[21:37:27] > Nxwaf buy x64 Firework rocket to .VisedSauce5790 for $5,000.
[21:37:32] > .VisedSauce5790 added x64 Firework rocket in auction for 5000.
[21:37:42] > Nxwaf remove x64 Firework rocket from buy
[21:37:42] > Nxwaf remove x64 Firework rocket from buy
[21:37:42] > Nxwaf remove x64 Firework rocket from buy
[21:37:42] > Nxwaf remove x64 Firework rocket from buy
[21:37:43] > Nxwaf remove x64 Firework rocket from buy
[21:37:45] > .VisedSauce5790 added x64 Firework rocket in auction for 5000.
[21:37:57] > Nxwaf remove x64 Firework rocket from buy
[21:37:58] > .VisedSauce5790 added x64 Firework rocket in auction for 5000.
[21:38:15] > .VisedSauce5790 added x64 Firework rocket in auction for 50000.
[21:38:29] > .VisedSauce5790 added x64 Firework rocket in auction for 5000.
[21:38:48] > NoClarity remove x1 §x§E§5§1§B§1§B§lDracula Battleaxe from storage
[21:39:13] > NoClarity added x1 §x§E§5§1§B§1§B§lDracula Battleaxe in auction for 60000.
[21:48:41] > Trapers1 buy x64 Firework rocket to .VisedSauce5790 for $5,000.
[21:48:46] > Trapers1 remove x64 Firework rocket from buy
[21:51:03] > ace remove x5 Trial key from storage
[21:51:23] > nachfaust added x31 Shulker shell in auction for 1100000.
[21:51:30] > Johng10910 remove x64 Firework rocket from buy
[21:51:31] > Johng10910 remove x64 Firework rocket from buy
[21:52:42] > x25 Deepslate diamond ore on sale by YooRushy has just expired, it goes in the inventory of expired items.
[21:52:42] > x25 Deepslate diamond ore on sale by YooRushy has just expired, it goes in the inventory of expired items.
[21:54:01] > ace added x5 Trial key in auction for 100000.
[21:55:33] > Dentatsu buy x64 Firework rocket to .VisedSauce5790 for $5,000.
[21:55:36] > Dentatsu buy x64 Firework rocket to .VisedSauce5790 for $5,000.
[21:55:39] > Dentatsu buy x64 Firework rocket to .VisedSauce5790 for $5,000.
[22:08:33] > x1 /PWARP GO PASTRIES on sale by Kwienn has just expired, it goes in the inventory of expired items.
[22:09:23] > HwanYo added x1 §f§l§x§F§C§D§0§5§CW§x§F§A§A§A§4§Bu§x§F§9§8§4§3§Bk§x§F§7§5§F§2§Ao§x§F§5§3§9§1§9n§x§F§4§1§3§0§8g §x§F§5§3§9§1§9W§x§F§7§5§F§2§Ai§x§F§9§8§4§3§Bn§x§F§A§A§A§4§Bg§x§F§C§D§0§5§Cs in auction for 2000000.
[22:11:18] > .VisedSauce5790 added x64 Firework rocket in auction for 5000.
[22:11:31] > .VisedSauce5790 added x64 Firework rocket in auction for 5000.
[22:11:40] > azuyeca buy x64 Firework rocket to .VisedSauce5790 for $5,000.
[22:11:42] > .VisedSauce5790 added x64 Firework rocket in auction for 5000.
[22:11:45] > azuyeca buy x64 Firework rocket to .VisedSauce5790 for $5,000.
[22:11:49] > nachfaust buy x64 Firework rocket to .VisedSauce5790 for $5,000.
[22:11:49] > azuyeca buy x64 Firework rocket to .VisedSauce5790 for $50,000.
[22:11:54] > .VisedSauce5790 added x64 Firework rocket in auction for 5000.
[22:12:02] > nachfaust buy x64 Firework rocket to .VisedSauce5790 for $5,000.
[22:12:07] > .VisedSauce5790 added x64 Firework rocket in auction for 50000.
[22:12:17] > nachfaust remove x64 Firework rocket form buy
[22:12:17] > nachfaust remove x64 Firework rocket form buy
[22:12:21] > .VisedSauce5790 added x64 Firework rocket in auction for 5000.
[22:12:26] > ReKYee buy x1 §x§E§5§1§B§1§B§lDracula Sickle to Callistrix for $150,000.
[22:12:31] > imnectarfr buy x64 Firework rocket to .VisedSauce5790 for $5,000.
[22:12:32] > ReKYee remove x1 §x§E§5§1§B§1§B§lDracula Sickle from buy
[22:12:35] > .VisedSauce5790 added x64 Firework rocket in auction for 5000.
[22:12:40] > imnectarfr remove x25 Firework rocket from buy
[22:12:44] > Johng10910 buy x64 Firework rocket to .VisedSauce5790 for $5,000.
[22:12:47] > .VisedSauce5790 added x64 Firework rocket in auction for 5000.
[22:12:59] > .VisedSauce5790 added x64 Firework rocket in auction for 5000.
[22:13:27] > .Allxnzv buy x64 Firework rocket to .VisedSauce5790 for $5,000.
[22:13:42] > magolek_09 buy x64 Firework rocket to .VisedSauce5790 for $5,000.
[22:13:44] > .Allxnzv remove x64 Firework rocket from buy
[22:14:01] > .VisedSauce5790 added x64 Firework rocket in auction for 5000.
[22:14:13] > .VisedSauce5790 added x64 Firework rocket in auction for 5000.
[22:14:27] > .VisedSauce5790 added x64 Firework rocket in auction for 5000.
[22:14:41] > .VisedSauce5790 added x64 Firework rocket in auction for 5000.
[22:17:47] > Johng10910 added x15 Iron ingot in auction for 1000.
[22:18:07] > DXC buy x15 Iron ingot to Johng10910 for $1,000.
[22:19:16] > DXC remove x15 Iron ingot from buy
[22:19:42] > Kaynn added x26 Breeze rod in auction for 40000.
[22:20:00] > Johng10910 buy x26 Breeze rod to Kaynn for $40,000.
[22:22:51] > Kaynn remove x1 §x§F§F§7§C§0§0§lSteamsparks Fishing Rod from buy
[22:24:21] > Sthine8 buy x3 Name tag to k000k444k for $6,000.
[22:25:56] > magolek_09 added x1 Diamond pickaxe in auction for 200000.
[22:26:17] > magolek_09 added x1 Diamond pickaxe in auction for 200000.
[22:26:33] > magolek_09 added x1 Diamond pickaxe in auction for 200000.
[22:26:50] > Celeste01 added x1 §x§5§9§A§1§D§9§lA§x§7§1§A§E§D§Er§x§8§8§B§C§E§4c§x§A§0§C§9§E§9h§x§B§8§D§7§E§Fa§x§D§0§E§4§F§4n§x§E§7§F§2§F§Ag§fe§x§E§7§F§2§F§Al §x§B§8§D§7§E§FS§x§A§0§C§9§E§9w§x§8§8§B§C§E§4o§x§7§1§A§E§D§Er§x§5§9§A§1§D§9d in auction for 3000000.
[22:27:37] > VortexZayne buy x64 Firework rocket to .VisedSauce5790 for $5,000.
[22:27:40] > VortexZayne buy x64 Firework rocket to .VisedSauce5790 for $5,000.
[22:27:50] > VortexZayne remove x64 Firework rocket from buy
[22:27:51] > VortexZayne remove x64 Firework rocket from buy
[22:30:22] > PrinzArkhin buy x1 §x§E§5§1§B§1§B§lDracula Battleaxe to NoClarity for $60,000.
[22:30:42] > PrinzArkhin buy x1 §x§E§5§1§B§1§B§lDracula Bow to Callistrix for $150,000.
[22:31:32] > PrinzArkhin buy x64 Oak log to .Marcusflep4 for $25,000.
[22:34:19] > HPMR_GaMerz remove x64 Iron block from buy
[22:34:19] > HPMR_GaMerz remove x64 Iron block from buy
[22:34:20] > HPMR_GaMerz remove x10 Beacon from buy
[22:34:30] > .VisedSauce5790 remove x64 Firework rocket from storage
[22:34:31] > .VisedSauce5790 remove x64 Firework rocket from storage
[22:34:32] > .VisedSauce5790 remove x64 Firework rocket from storage
[22:34:49] > .VisedSauce5790 added x64 Firework rocket in auction for 5000.
[22:34:58] > HPMR_GaMerz buy x64 Iron block to Icon_Skully for $10,000.
[22:34:58] > Johng10910 buy x64 Firework rocket to .VisedSauce5790 for $5,000.
[22:35:01] > .VisedSauce5790 added x64 Firework rocket in auction for 5000.
[22:35:14] > .VisedSauce5790 added x64 Firework rocket in auction for 5000.
[22:35:27] > .VisedSauce5790 added x64 Firework rocket in auction for 5000.
[22:35:37] > .VisedSauce5790 added x64 Firework rocket in auction for 50000.
[22:48:30] > .AppriXD added x1 §x§E§5§1§B§1§B§lDracula Helmet in auction for 350000.
[22:51:38] > .AppriXD remove x1 §x§E§5§1§B§1§B§lDracula Helmet from storage
[22:51:41] > x1 §x§F§F§3§E§0§0§lD§x§F§F§3§5§0§0§le§x§F§F§2§C§0§0§lm§x§F§F§2§3§0§0§lo§x§F§F§1§B§0§0§ln §x§F§F§0§9§0§0§lL§x§F§F§0§0§0§0§lo§x§F§F§0§A§0§0§lr§x§F§F§1§5§0§0§ld §x§F§F§2§9§0§0§lH§x§F§F§3§4§0§0§lo§x§F§F§3§E§0§0§le, item of sean_kirby, has just expired, the item is definitively deleted.
[22:51:41] > x1 §x§5§C§C§F§F§C§lC§x§5§C§D§1§F§5§lo§x§5§D§D§4§E§E§ls§x§5§D§D§6§E§7§lm§x§5§E§D§9§E§1§le§x§5§E§D§B§D§A§lt§x§5§E§D§D§D§3§li§x§5§F§E§0§C§C§lc §x§5§F§E§0§C§C§lH§x§5§E§D§D§D§3§la§x§5§E§D§B§D§A§lt§x§5§E§D§9§E§1§ls §x§5§D§D§4§E§E§lK§x§5§C§D§1§F§5§le§x§5§C§C§F§F§C§ly, item of QG_Akiuwu, has just expired, the item is definitively deleted.
[22:51:42] > .AppriXD remove x1 §x§E§5§1§B§1§B§lDracula Helmet from expire
[22:57:07] > Johng10910 buy x64 Firework rocket to .VisedSauce5790 for $5,000.
[22:57:08] > khenjieMC added x1 §fEnder Eye Sword in auction for 1000000.
[22:58:15] > Xavier881 buy x1 §fEnder Eye Sword to khenjieMC for $1,000,000.
[22:58:18] > x64 Experience bottle, bought by SydneySweetie, has just expired, the item is definitively deleted.
[22:58:18] > x64 Experience bottle, bought by SydneySweetie, has just expired, the item is definitively deleted.
[22:58:19] > Xavier881 remove x1 §fEnder Eye Sword from buy
[23:00:56] > topaz buy x1 §2Cauldron Hat to Icon_Skully for $25,000.
[23:02:06] > PrezXie added x1 Heavy core in auction for 500000.
[23:07:19] > HwanYo added x20 Enchanted golden apple in auction for 180000.
[23:07:30] > .AppriXD buy x20 Enchanted golden apple to HwanYo for $180,000.
[23:07:53] > HwanYo added x15 Enchanted golden apple in auction for 180000.
[23:08:36] > azuyeca buy x64 Firework rocket to .VisedSauce5790 for $5,000.
[23:08:44] > azuyeca remove x9 Firework rocket from buy
[23:09:14] > .AppriXD buy x1 §f§l§x§F§C§D§0§5§CW§x§F§A§A§A§4§Bu§x§F§9§8§4§3§Bk§x§F§7§5§F§2§Ao§x§F§5§3§9§1§9n§x§F§4§1§3§0§8g §x§F§5§3§9§1§9W§x§F§7§5§F§2§Ai§x§F§9§8§4§3§Bn§x§F§A§A§A§4§Bg§x§F§C§D§0§5§Cs to HwanYo for $2,000,000.
[23:09:20] > .AppriXD remove x1 §f§l§x§F§C§D§0§5§CW§x§F§A§A§A§4§Bu§x§F§9§8§4§3§Bk§x§F§7§5§F§2§Ao§x§F§5§3§9§1§9n§x§F§4§1§3§0§8g §x§F§5§3§9§1§9W§x§F§7§5§F§2§Ai§x§F§9§8§4§3§Bn§x§F§A§A§A§4§Bg§x§F§C§D§0§5§Cs from buy
[23:09:26] > .AppriXD remove x20 Enchanted golden apple from buy
[23:11:33] > HwanYo buy x1 §f§l§x§8§A§0§0§F§FS§x§9§9§0§0§D§Bh§x§A§8§0§0§B§6i§x§B§7§0§0§9§2n§x§C§6§0§0§6§De§x§D§5§0§0§4§9 §x§E§4§0§0§2§4O§x§F§3§0§0§0§0n§x§E§4§0§0§2§4i§x§D§5§0§0§4§9 §x§C§6§0§0§6§DS§x§B§7§0§0§9§2p§x§A§8§0§0§B§6e§x§9§9§0§0§D§Ba§x§8§A§0§0§F§Fr to anneyong for $2,000,000.
[23:11:37] > HwanYo remove x1 §f§l§x§8§A§0§0§F§FS§x§9§9§0§0§D§Bh§x§A§8§0§0§B§6i§x§B§7§0§0§9§2n§x§C§6§0§0§6§De§x§D§5§0§0§4§9 §x§E§4§0§0§2§4O§x§F§3§0§0§0§0n§x§E§4§0§0§2§4i§x§D§5§0§0§4§9 §x§C§6§0§0§6§DS§x§B§7§0§0§9§2p§x§A§8§0§0§B§6e§x§9§9§0§0§D§Ba§x§8§A§0§0§F§Fr from buy
[23:14:07] > HwanYo buy x1 §x§E§5§1§B§1§B§lDracula Wings to giyahnpogi for $2,000,000.
[23:14:10] > HwanYo remove x1 §x§E§5§1§B§1§B§lDracula Wings from buy
[23:15:01] > Kaynn added x1 Music disc precipice in auction for 50000.
[23:19:56] > azuyeca remove x64 Firework rocket from buy
[23:20:31] > Renzy01 remove x1 §f§l§8B§x§6§6§6§6§6§6a§x§7§7§7§7§7§7h§x§8§8§8§8§8§8a§x§9§9§9§9§9§9m§7u§x§9§9§9§9§9§9t§x§8§8§8§8§8§8 §x§7§7§7§7§7§7B§x§6§6§6§6§6§6o§8w from storage
[23:20:34] > Renzy01 remove x1 §f§l§8B§x§6§2§6§2§6§2a§x§6§F§6§F§6§Fh§x§7§C§7§C§7§Ca§x§8§9§8§9§8§9m§x§9§6§9§6§9§6u§x§A§3§A§3§A§3t §x§9§6§9§6§9§6D§x§8§9§8§9§8§9a§x§7§C§7§C§7§Cg§x§6§F§6§F§6§Fg§x§6§2§6§2§6§2e§8r from storage
[23:21:53] > Renzy01 added x1 §f§l§8B§x§6§2§6§2§6§2a§x§6§F§6§F§6§Fh§x§7§C§7§C§7§Ca§x§8§9§8§9§8§9m§x§9§6§9§6§9§6u§x§A§3§A§3§A§3t §x§9§6§9§6§9§6D§x§8§9§8§9§8§9a§x§7§C§7§C§7§Cg§x§6§F§6§F§6§Fg§x§6§2§6§2§6§2e§8r in auction for 500000.
[23:22:12] > .AppriXD buy x1 §fMedieval Hat to Johng10910 for $50,000.
[23:22:34] > .AppriXD buy x1 §f§x§4§1§B§C§4§2D§x§4§5§C§3§5§3r§x§4§9§C§9§6§3o§x§4§D§D§0§7§4w§x§5§1§D§7§8§5n§x§5§6§D§E§9§6e§x§5§A§E§4§A§6d§x§5§E§E§B§B§7 §x§6§2§F§2§C§8H§x§6§6§F§8§D§8a§x§6§A§F§F§E§9t to .Allxnzv for $25,000.
[23:22:38] > .AppriXD remove x1 §f§x§4§1§B§C§4§2D§x§4§5§C§3§5§3r§x§4§9§C§9§6§3o§x§4§D§D§0§7§4w§x§5§1§D§7§8§5n§x§5§6§D§E§9§6e§x§5§A§E§4§A§6d§x§5§E§E§B§B§7 §x§6§2§F§2§C§8H§x§6§6§F§8§D§8a§x§6§A§F§F§E§9t from buy
[23:22:39] > .AppriXD remove x1 §fMedieval Hat from buy
[23:24:30] > magolek_09 added x1 Shulker box in auction for 200000.
[23:30:22] > x1 §x§9§8§6§3§E§7§lG§x§9§0§7§5§E§2§lo§x§8§8§8§7§D§D§ld§x§8§0§9§9§D§8§ll§x§7§7§A§C§D§4§ly §x§6§7§D§0§C§A§lC§x§5§F§E§2§C§5§lr§x§6§7§D§0§C§A§la§x§6§F§B§E§C§F§lt§x§7§7§A§C§D§4§le §x§8§8§8§7§D§D§lK§x§9§0§7§5§E§2§le§x§9§8§6§3§E§7§ly on sale by BlINDSTEELS has just expired, it goes in the inventory of expired items.
[23:30:25] > ace remove x5 Trial key from storage
[23:31:03] > ace added x5 Trial key in auction for 75000.
[23:32:45] > .AppriXD buy x1 Music disc precipice to Kaynn for $50,000.
[23:33:27] > .AppriXD buy x1 §f§l§x§F§C§D§0§5§CW§x§F§B§B§D§5§4u§x§F§A§A§A§4§Bk§x§F§A§9§7§4§3o§x§F§9§8§4§3§Bn§x§F§8§7§1§3§2g§x§F§7§5§F§2§A §x§F§6§4§C§2§1B§x§F§5§3§9§1§9o§x§F§5§2§6§1§1o§x§F§4§1§3§0§8t§x§F§3§0§0§0§0s to monggol for $150,000.
[23:35:07] > .JakeTheMiner457 added x1 Dried ghast in auction for 160000.
[23:36:12] > Kaynn added x1 Shulker box in auction for 60000.
[23:38:36] > .AppriXD remove x1 §f§l§x§F§C§D§0§5§CW§x§F§B§B§D§5§4u§x§F§A§A§A§4§Bk§x§F§A§9§7§4§3o§x§F§9§8§4§3§Bn§x§F§8§7§1§3§2g§x§F§7§5§F§2§A §x§F§6§4§C§2§1B§x§F§5§3§9§1§9o§x§F§5§2§6§1§1o§x§F§4§1§3§0§8t§x§F§3§0§0§0§0s from buy
[23:38:37] > .AppriXD remove x1 Music disc precipice from buy
[23:40:04] > Kaynn added x1 Shulker box in auction for 900000.
[23:40:28] > ace added x1 Enchanting table in auction for 10.
[23:40:36] > Kaynn buy x1 Enchanting table to ace for $10.
[23:40:45] > Kaynn remove x1 Enchanting table from buy
[23:42:07] > Fogstrap remove x1 §x§F§F§3§E§0§0§lD§x§F§F§3§6§0§0§le§x§F§F§2§F§0§0§lm§x§F§F§2§7§0§0§lo§x§F§F§1§F§0§0§ln §x§F§F§1§0§0§0§lL§x§F§F§0§8§0§0§lo§x§F§F§0§0§0§0§lr§x§F§F§0§9§0§0§ld §x§F§F§1§B§0§0§lS§x§F§F§2§3§0§0§lt§x§F§F§2§C§0§0§la§x§F§F§3§5§0§0§lf§x§F§F§3§E§0§0§lf from storage
[23:42:21] > Fogstrap added x1 §x§F§F§3§E§0§0§lD§x§F§F§3§6§0§0§le§x§F§F§2§F§0§0§lm§x§F§F§2§7§0§0§lo§x§F§F§1§F§0§0§ln §x§F§F§1§0§0§0§lL§x§F§F§0§8§0§0§lo§x§F§F§0§0§0§0§lr§x§F§F§0§9§0§0§ld §x§F§F§1§B§0§0§lS§x§F§F§2§3§0§0§lt§x§F§F§2§C§0§0§la§x§F§F§3§5§0§0§lf§x§F§F§3§E§0§0§lf in auction for 800000.
[23:42:27] > ace added x1 Enchanting table in auction for 10.
[23:42:44] > FrameFrags2 buy x1 Enchanting table to ace for $10.
[23:43:03] > azuyeca remove x64 Firework rocket from buy
[23:45:36] > Kaynn added x29 Breeze rod in auction for 50000.
[23:45:42] > .AppriXD buy x29 Breeze rod to Kaynn for $50,000.
[23:45:50] > Kaynn remove x1 Shulker box from storage
[23:45:51] > Kaynn remove x1 Shulker box from storage
[23:46:24] > Kaynn added x61 Breeze rod in auction for 120000.
[23:48:39] > FrameFrags2 remove x1 Enchanting table from buy
[23:53:15] > Applegod9 buy x5 Trial key to ace for $75,000.
[23:53:24] > Applegod9 remove x5 Trial key from buy
[23:54:27] > Julene buy x61 Breeze rod to Kaynn for $120,000.
[23:54:33] > Julene remove x61 Breeze rod from buy
[23:55:27] > Cooldoggiexd buy x2 Coast armor trim smithing template to .JakeTheMiner457 for $100,000.
[23:55:32] > Cooldoggiexd remove x2 Coast armor trim smithing template from buy
[00:00:54] > Kyle buy x1 Diamond pickaxe to YooRushy for $100,000.
[00:02:00] > Kyle remove x1 Diamond pickaxe from buy
[00:04:46] > .AppriXD buy x13 §x§5§C§C§F§F§C§lC§x§5§C§D§1§F§5§lo§x§5§D§D§4§E§E§ls§x§5§D§D§6§E§7§lm§x§5§E§D§9§E§1§le§x§5§E§D§B§D§A§lt§x§5§E§D§D§D§3§li§x§5§F§E§0§C§C§lc §x§5§F§E§0§C§C§lH§x§5§E§D§D§D§3§la§x§5§E§D§B§D§A§lt§x§5§E§D§9§E§1§ls §x§5§D§D§4§E§E§lK§x§5§C§D§1§F§5§le§x§5§C§C§F§F§C§ly to monggol for $600,000.
[00:06:55] > .AppriXD remove x29 Breeze rod from buy
[00:06:55] > .AppriXD remove x13 §x§5§C§C§F§F§C§lC§x§5§C§D§1§F§5§lo§x§5§D§D§4§E§E§ls§x§5§D§D§6§E§7§lm§x§5§E§D§9§E§1§le§x§5§E§D§B§D§A§lt§x§5§E§D§D§D§3§li§x§5§F§E§0§C§C§lc §x§5§F§E§0§C§C§lH§x§5§E§D§D§D§3§la§x§5§E§D§B§D§A§lt§x§5§E§D§9§E§1§ls §x§5§D§D§4§E§E§lK§x§5§C§D§1§F§5§le§x§5§C§C§F§F§C§ly from buy
[00:11:17] > Dentatsu added x1 §x§F§F§5§5§0§0§lsᴇʟʟᴡᴀɴᴅ §6- 5.0x in auction for 300000.
[00:11:24] > Xavier881 buy x1 §x§F§F§5§5§0§0§lsᴇʟʟᴡᴀɴᴅ §6- 5.0x to Dentatsu for $300,000.
[00:11:31] > x1 §fMushroom Hat, bought by _Sutrix_, has just expired, the item is definitively deleted.
[00:11:32] > Xavier881 remove x1 §x§F§F§5§5§0§0§lsᴇʟʟᴡᴀɴᴅ §6- 5.0x from buy
[00:12:00] > 8it5inn added x1 §x§F§F§5§5§0§0§lsᴇʟʟᴡᴀɴᴅ §6- 20.0x in auction for 3000000.
[00:12:06] > Fogstrap added x1 §x§F§F§5§5§0§0§lsᴇʟʟᴡᴀɴᴅ §6- 5.0x in auction for 320000.
[00:12:11] > Xavier881 buy x1 §x§F§F§5§5§0§0§lsᴇʟʟᴡᴀɴᴅ §6- 5.0x to Fogstrap for $320,000.
[00:12:29] > ace added x1 §x§F§F§3§E§0§0§lSellwand Voucher in auction for 1000000.
[00:12:31] > Fogstrap added x1 §x§F§F§5§5§0§0§lsᴇʟʟᴡᴀɴᴅ §6- 5.0x in auction for 350000.
[00:12:41] > Renzy01 added x1 §x§F§F§3§E§0§0§lSellwand Voucher in auction for 800000.
[00:12:50] > Xavier881 buy x1 §x§F§F§5§5§0§0§lsᴇʟʟᴡᴀɴᴅ §6- 5.0x to Fogstrap for $350,000.
[00:13:13] > Fogstrap added x1 §x§F§F§5§5§0§0§lsᴇʟʟᴡᴀɴᴅ §6- 5.0x in auction for 350000.
[00:13:40] > Zypher_0w0 buy x1 §x§F§F§5§5§0§0§lsᴇʟʟᴡᴀɴᴅ §6- 5.0x to Fogstrap for $350,000.
[00:13:41] > Fogstrap added x1 §x§F§F§5§5§0§0§lsᴇʟʟᴡᴀɴᴅ §6- 5.0x in auction for 350000.
[00:13:51] > Xavier881 remove x1 §x§F§F§5§5§0§0§lsᴇʟʟᴡᴀɴᴅ §6- 5.0x from buy
[00:13:52] > Xavier881 remove x1 §x§F§F§5§5§0§0§lsᴇʟʟᴡᴀɴᴅ §6- 5.0x from buy
[00:13:57] > ZenNova_ buy x1 Netherite upgrade smithing template to .JakeTheMiner457 for $60,000.
[00:14:34] > ZenNova_ buy x1 Heavy core to PrezXie for $500,000.
[00:14:41] > ZenNova_ remove x1 Heavy core from buy
[00:14:42] > ZenNova_ remove x1 Netherite upgrade smithing template from buy
[00:14:46] > Zypher_0w0 buy x1 §x§F§F§5§5§0§0§lsᴇʟʟᴡᴀɴᴅ §6- 5.0x to Fogstrap for $350,000.
[00:14:50] > Zypher_0w0 buy x1 Mace to .JakeTheMiner457 for $2,100,000.
[00:15:09] > Carrr added x1 §x§F§F§5§5§0§0§lsᴇʟʟᴡᴀɴᴅ §6- 5.0x in auction for 500000.
[00:15:09] > Fogstrap added x1 §x§F§F§5§5§0§0§lsᴇʟʟᴡᴀɴᴅ §6- 5.0x in auction for 400000.
[00:15:11] > Chakuu added x1 Enchanted book in auction for 100000.
[00:15:17] > Zypher_0w0 buy x1 §x§F§F§5§5§0§0§lsᴇʟʟᴡᴀɴᴅ §6- 5.0x to Fogstrap for $400,000.
[00:15:34] > Fogstrap added x1 §x§F§F§5§5§0§0§lsᴇʟʟᴡᴀɴᴅ §6- 5.0x in auction for 400000.
[00:16:07] > Chakuu remove x1 Enchanted book from storage
[00:17:02] > .AppriXD added x1 §x§F§F§5§5§0§0§lsᴇʟʟᴡᴀɴᴅ §6- 5.0x in auction for 300000.
[00:17:26] > Xavier881 buy x1 §x§F§F§5§5§0§0§lsᴇʟʟᴡᴀɴᴅ §6- 5.0x to .AppriXD for $300,000.
[00:21:04] > NoClarity buy x1 Diamond pickaxe to YooRushy for $100,000.
[00:21:27] > Zypher_0w0 added x8 Heart of the sea in auction for 80000.
[00:21:32] > .AppriXD buy x8 Heart of the sea to Zypher_0w0 for $80,000.
[00:21:37] > .AppriXD remove x8 Heart of the sea from buy
[00:21:44] > Zypher_0w0 added x4 Heart of the sea in auction for 40000.
[00:21:49] > .AppriXD buy x4 Heart of the sea to Zypher_0w0 for $40,000.
[00:21:58] > .AppriXD remove x4 Heart of the sea from buy
[00:22:00] > Zypher_0w0 added x4 Heart of the sea in auction for 40000.
[00:22:11] > NoClarity remove x1 Diamond pickaxe from buy
[00:22:13] > .AppriXD buy x4 Heart of the sea to Zypher_0w0 for $40,000.
[00:22:19] > .AppriXD remove x4 Heart of the sea from buy
[00:24:48] > NoClarity added x1 Deepslate emerald ore in auction for 150000.
[00:25:17] > azuyeca remove x64 Firework rocket from buy
[00:27:04] > NoClarity remove x1 Deepslate emerald ore form storage
[00:32:02] > NoClarity added x6 Deepslate emerald ore in auction for 150000.
[00:32:22] > Zypher_0w0 added x64 Iron block in auction for 1920.
[00:32:32] > YchannR buy x64 Iron block to Zypher_0w0 for $1,920.
[00:33:00] > Zypher_0w0 added x64 Iron block in auction for 1920.
[00:33:05] > Icon_Skully buy x64 Iron block to Zypher_0w0 for $1,920.
[00:33:23] > Zypher_0w0 added x64 Iron block in auction for 1920.
[00:33:27] > Icon_Skully buy x64 Iron block to Zypher_0w0 for $1,920.
[00:33:33] > Zypher_0w0 added x64 Iron block in auction for 1920.
[00:33:38] > HPMR_GaMerz buy x64 Iron block to Zypher_0w0 for $1,920.
[00:34:06] > Zypher_0w0 added x64 Coal block in auction for 1920.
[00:34:19] > ironjedi475 buy x64 Coal block to Zypher_0w0 for $1,920.
[00:34:23] > Zypher_0w0 added x64 Coal block in auction for 1920.
[00:34:29] > HPMR_GaMerz buy x64 Coal block to Zypher_0w0 for $1,920.
[00:34:32] > Fogstrap remove x1 §x§F§F§5§5§0§0§lsᴇʟʟᴡᴀɴᴅ §6- 5.0x from storage
[00:34:35] > Zypher_0w0 added x64 Coal block in auction for 1920.
[00:34:37] > HPMR_GaMerz buy x64 Coal block to Zypher_0w0 for $1,920.
[00:34:53] > Zypher_0w0 added x64 Coal block in auction for 1920.
[00:34:56] > Icon_Skully buy x64 Coal block to Zypher_0w0 for $1,920.
[00:35:02] > Zypher_0w0 buy x1 §x§F§F§5§5§0§0§lsᴇʟʟᴡᴀɴᴅ §6- 5.0x to Carrr for $500,000.
[00:35:44] > Icon_Skully remove x64 Iron block form buy
[00:35:44] > Icon_Skully remove x64 Iron block form buy
[00:35:44] > Icon_Skully remove x64 Coal block form buy
[00:43:21] > ThatMidnight buy x64 Firework rocket to .VisedSauce5790 for $5,000.
[00:43:43] > ThatMidnight remove x64 Firework rocket from buy
[01:02:36] > NoClarity remove x6 Deepslate emerald ore form storage
[01:03:39] > NoClarity added x1 Deepslate emerald ore in auction for 30000.
[01:03:55] > Xavier881 buy x1 Deepslate emerald ore to NoClarity for $30,000.
[01:04:00] > NoClarity added x1 Deepslate emerald ore in auction for 30000.
[01:04:13] > NoClarity added x1 Deepslate emerald ore in auction for 30000.
[01:04:27] > NoClarity added x1 Deepslate emerald ore in auction for 30000.
[01:04:38] > NoClarity added x1 Deepslate emerald ore in auction for 30000.
[01:04:51] > NoClarity added x1 Deepslate emerald ore in auction for 30000.
[01:09:54] > Zypher_0w0 remove x1 §x§F§F§5§5§0§0§lsᴇʟʟᴡᴀɴᴅ §6- 5.0x from buy
[01:12:28] > NoClarity remove x1 Deepslate emerald ore from storage
[01:12:43] > NoClarity added x1 §x§F§F§5§5§0§0§lsᴇʟʟᴡᴀɴᴅ §6- 10.0x in auction for 675000.
[01:12:57] > 8it5inn remove x1 §x§F§F§5§5§0§0§lsᴇʟʟᴡᴀɴᴅ §6- 20.0x from storage
[01:13:12] > Zypher_0w0 added x64 Sea lantern in auction for 6400.
[01:16:35] > 8it5inn added x1 §x§F§F§5§5§0§0§lsᴇʟʟᴡᴀɴᴅ §6- 20.0x in auction for 2800000.
[01:16:59] > Zypher_0w0 buy x1 §x§F§F§5§5§0§0§lsᴇʟʟᴡᴀɴᴅ §6- 10.0x to NoClarity for $675,000.
[01:18:26] > x1 §eᴄᴏᴡ sᴘᴀᴡɴᴇʀ, bought by octopus_01, has just expired, the item is definitively deleted.
[01:18:26] > x1 §eᴄᴏᴡ sᴘᴀᴡɴᴇʀ, bought by Cynishere, has just expired, the item is definitively deleted.
[01:18:27] > Zypher_0w0 remove x1 §x§F§F§5§5§0§0§lsᴇʟʟᴡᴀɴᴅ §6- 5.0x from buy
[01:18:28] > Zypher_0w0 remove x1 §x§F§F§5§5§0§0§lsᴇʟʟᴡᴀɴᴅ §6- 5.0x from buy
[01:18:28] > Zypher_0w0 remove x1 §x§F§F§5§5§0§0§lsᴇʟʟᴡᴀɴᴅ §6- 5.0x from buy
[01:18:29] > Zypher_0w0 remove x1 §x§F§F§5§5§0§0§lsᴇʟʟᴡᴀɴᴅ §6- 10.0x from buy
[01:18:31] > 8it5inn remove x1 §x§F§F§5§5§0§0§lsᴇʟʟᴡᴀɴᴅ §6- 20.0x from storage
[01:19:44] > x1 §x§F§F§3§E§0§0§lDemon Lord Wings on sale by Zypher_0w0 has just expired, it goes in the inventory of expired items.
[01:25:25] > Zypher_0w0 remove x64 Emerald block from buy
[01:26:00] > NoClarity remove x1 Deepslate emerald ore from storage
[01:26:01] > NoClarity remove x1 Deepslate emerald ore from storage
[01:26:01] > NoClarity remove x1 Deepslate emerald ore from storage
[01:26:02] > NoClarity remove x1 Deepslate emerald ore from storage
[01:26:53] > Icon_Skully added x10 §x§F§C§9§0§5§C§lE§x§E§6§9§C§6§B§lp§x§C§F§A§7§7§A§li§x§B§9§B§3§8§9§lc §x§8§C§C§B§A§7§lC§x§7§5§D§6§B§6§lr§x§5§F§E§2§C§5§la§x§7§9§D§4§B§4§lt§x§9§3§C§7§A§2§le §x§C§8§A§B§7§F§lK§x§E§2§9§E§6§E§le§x§F§C§9§0§5§C§ly in auction for 75000.
[01:27:06] > Icon_Skully added x4 §x§F§C§D§0§5§C§lB§x§E§6§D§3§6§B§la§x§C§F§D§5§7§A§ls§x§B§9§D§8§8§9§li§x§A§2§D§A§9§8§lc §x§7§5§D§F§B§6§lC§x§5§F§E§2§C§5§lr§x§7§5§D§F§B§6§la§x§8§C§D§D§A§7§lt§x§A§2§D§A§9§8§le §x§C§F§D§5§7§A§lK§x§E§6§D§3§6§B§le§x§F§C§D§0§5§C§ly in auction for 35000.
[01:27:14] > .AppriXD buy x10 §x§F§C§9§0§5§C§lE§x§E§6§9§C§6§B§lp§x§C§F§A§7§7§A§li§x§B§9§B§3§8§9§lc §x§8§C§C§B§A§7§lC§x§7§5§D§6§B§6§lr§x§5§F§E§2§C§5§la§x§7§9§D§4§B§4§lt§x§9§3§C§7§A§2§le §x§C§8§A§B§7§F§lK§x§E§2§9§E§6§E§le§x§F§C§9§0§5§C§ly to Icon_Skully for $75,000.
[01:27:20] > .AppriXD buy x4 §x§F§C§D§0§5§C§lB§x§E§6§D§3§6§B§la§x§C§F§D§5§7§A§ls§x§B§9§D§8§8§9§li§x§A§2§D§A§9§8§lc §x§7§5§D§F§B§6§lC§x§5§F§E§2§C§5§lr§x§7§5§D§F§B§6§la§x§8§C§D§D§A§7§lt§x§A§2§D§A§9§8§le §x§C§F§D§5§7§A§lK§x§E§6§D§3§6§B§le§x§F§C§D§0§5§C§ly to Icon_Skully for $35,000.
[01:28:01] > .AppriXD remove x4 §x§F§C§D§0§5§C§lB§x§E§6§D§3§6§B§la§x§C§F§D§5§7§A§ls§x§B§9§D§8§8§9§li§x§A§2§D§A§9§8§lc §x§7§5§D§F§B§6§lC§x§5§F§E§2§C§5§lr§x§7§5§D§F§B§6§la§x§8§C§D§D§A§7§lt§x§A§2§D§A§9§8§le §x§C§F§D§5§7§A§lK§x§E§6§D§3§6§B§le§x§F§C§D§0§5§C§ly from buy
[01:28:02] > .AppriXD remove x10 §x§F§C§9§0§5§C§lE§x§E§6§9§C§6§B§lp§x§C§F§A§7§7§A§li§x§B§9§B§3§8§9§lc §x§8§C§C§B§A§7§lC§x§7§5§D§6§B§6§lr§x§5§F§E§2§C§5§la§x§7§9§D§4§B§4§lt§x§9§3§C§7§A§2§le §x§C§8§A§B§7§F§lK§x§E§2§9§E§6§E§le§x§F§C§9§0§5§C§ly from buy
[01:29:03] > .AppriXD buy x1 §f§l§8B§x§6§0§6§0§6§0a§x§6§C§6§C§6§Ch§x§7§7§7§7§7§7a§x§8§2§8§2§8§2m§x§8§E§8§E§8§Eu§x§9§9§9§9§9§9t§x§A§4§A§4§A§4 L§x§9§9§9§9§9§9e§x§8§E§8§E§8§Eg§x§8§2§8§2§8§2g§x§7§7§7§7§7§7i§x§6§C§6§C§6§Cn§x§6§0§6§0§6§0g§8s to BG1017 for $2,000,000.
[01:29:10] > .AppriXD remove x1 §f§l§8B§x§6§0§6§0§6§0a§x§6§C§6§C§6§Ch§x§7§7§7§7§7§7a§x§8§2§8§2§8§2m§x§8§E§8§E§8§Eu§x§9§9§9§9§9§9t§x§A§4§A§4§A§4 L§x§9§9§9§9§9§9e§x§8§E§8§E§8§Eg§x§8§2§8§2§8§2g§x§7§7§7§7§7§7i§x§6§C§6§C§6§Cn§x§6§0§6§0§6§0g§8s from buy
[01:35:07] > NoClarity added x6 Deepslate emerald ore in auction for 100000.
[01:36:24] > .AppriXD buy x1 §f§l§8B§x§6§2§6§2§6§2a§x§6§F§6§F§6§Fh§x§7§C§7§C§7§Ca§x§8§9§8§9§8§9m§x§9§6§9§6§9§6u§x§A§3§A§3§A§3t §x§9§6§9§6§9§6H§x§8§9§8§9§8§9e§x§7§C§7§C§7§Cl§x§6§F§6§F§6§Fm§x§6§2§6§2§6§2e§8t to BlackKnight for $2,000,000.
[01:36:31] > .AppriXD remove x1 §f§l§8B§x§6§2§6§2§6§2a§x§6§F§6§F§6§Fh§x§7§C§7§C§7§Ca§x§8§9§8§9§8§9m§x§9§6§9§6§9§6u§x§A§3§A§3§A§3t §x§9§6§9§6§9§6H§x§8§9§8§9§8§9e§x§7§C§7§C§7§Cl§x§6§F§6§F§6§Fm§x§6§2§6§2§6§2e§8t from buy
[01:50:41] > ThatMidnight buy x64 Firework rocket to .VisedSauce5790 for $50,000.
[01:50:47] > ThatMidnight remove x64 Firework rocket from buy
[01:51:33] > ace remove x1 §x§F§F§3§E§0§0§lSellwand Voucher from storage
[01:51:55] > ace added x1 §x§F§F§3§E§0§0§lSellwand Voucher in auction for 666666.
[01:52:15] > Kodakoda buy x1 §x§F§F§3§E§0§0§lSellwand Voucher to ace for $666,666.
[01:52:25] > Kodakoda remove x1 §x§F§F§3§E§0§0§lSellwand Voucher from buy
[01:53:31] > YchannR remove x64 Iron block form buy
[01:53:48] > Kodakoda added x1 §x§F§F§5§5§0§0§lsᴇʟʟᴡᴀɴᴅ §6- 5.0x in auction for 700000.
[01:54:13] > Ch4r_380 added x1 Mace in auction for 10.
[01:54:15] > 8it5inn buy x1 Mace to Ch4r_380 for $10.
[01:54:28] > 8it5inn remove x1 Mace from buy
[01:54:30] > ace remove x1 §2Cauldron Hat form storage
[01:54:53] > ace added x1 §2Cauldron Hat in auction for 250000.
[01:55:05] > ace added x1 Music disc creator music box in auction for 100000.
[01:55:16] > .AppriXD buy x1 Music disc creator music box to ace for $100,000.
[01:55:21] > ace remove x1 §2Cauldron Hat form storage
[01:55:26] > .AppriXD remove x1 Music disc creator music box from buy
[01:55:49] > Panda_Nooba added x5 §x§F§C§9§0§5§C§lE§x§E§6§9§C§6§B§lp§x§C§F§A§7§7§A§li§x§B§9§B§3§8§9§lc §x§8§C§C§B§A§7§lC§x§7§5§D§6§B§6§lr§x§5§F§E§2§C§5§la§x§7§9§D§4§B§4§lt§x§9§3§C§7§A§2§le §x§C§8§A§B§7§F§lK§x§E§2§9§E§6§E§le§x§F§C§9§0§5§C§ly in auction for 50000.
[01:55:56] > YchannR buy x5 §x§F§C§9§0§5§C§lE§x§E§6§9§C§6§B§lp§x§C§F§A§7§7§A§li§x§B§9§B§3§8§9§lc §x§8§C§C§B§A§7§lC§x§7§5§D§6§B§6§lr§x§5§F§E§2§C§5§la§x§7§9§D§4§B§4§lt§x§9§3§C§7§A§2§le §x§C§8§A§B§7§F§lK§x§E§2§9§E§6§E§le§x§F§C§9§0§5§C§ly to Panda_Nooba for $50,000.
[01:55:57] > ace added x1 §2Cauldron Hat in auction for 350000.
[01:58:31] > YchannR added x1 §f§l§x§8§A§0§0§F§FS§x§9§6§0§0§E§3h§x§A§1§0§0§C§6i§x§A§D§0§0§A§An§x§B§9§0§0§8§Ee§x§C§4§0§0§7§1 §x§D§0§0§0§5§5O§x§D§C§0§0§3§9n§x§E§7§0§0§1§Ci§x§F§3§0§0§0§0 §x§E§7§0§0§1§CB§x§D§C§0§0§3§9i§x§D§0§0§0§5§5g§x§C§4§0§0§7§1 §x§B§9§0§0§8§ES§x§A§D§0§0§A§Aw§x§A§1§0§0§C§6o§x§9§6§0§0§E§3r§x§8§A§0§0§F§Fd in auction for 1900000.
[01:59:11] > ace added x1 Heart of the sea in auction for 100000.
[01:59:21] > Callistrix buy x1 Heart of the sea to ace for $100,000.
[01:59:41] > Callistrix remove x1 Heart of the sea from buy
[01:59:51] > ace added x1 Enchanted book in auction for 199999.
[02:00:36] > .AyakoKoru added x1 Totem of undying in auction for 25000.
[02:10:10] > .JakeTheMiner457 added x2 Coast armor trim smithing template in auction for 80000.
[02:10:38] > .JakeTheMiner457 added x2 Netherite upgrade smithing template in auction for 200000.
[02:13:07] > .AyakoKoru added x64 Firework rocket in auction for 20000.
[02:15:08] > dearestyumeko added x1 Axolotl bucket in auction for 25000.
[02:21:23] > .AyakoKoru added x1 Duration 3 firework box in auction for 670000.
[02:21:48] > dearestyumeko remove x1 Axolotl bucket form storage
[02:22:01] > dearestyumeko added x1 Axolotl bucket in auction for 25000.
[02:22:16] > Ch4r_380 buy x64 Firework rocket to .AyakoKoru for $20,000.
[02:22:19] > 8it5inn buy x1 Axolotl bucket to dearestyumeko for $25,000.
[02:22:22] > Ch4r_380 remove x64 Firework rocket from buy
[02:22:33] > 8it5inn remove x1 Axolotl bucket from buy
[02:31:29] > tic_sz added x1 Potato in auction for 10.
[02:34:55] > Panda_Nooba added x1 §x§C§9§A§7§F§C§lL§x§B§D§A§E§F§6§le§x§B§1§B§4§F§0§lg§x§A§6§B§B§E§A§le§x§9§A§C§1§E§4§ln§x§8§E§C§8§D§D§ld§x§8§2§C§E§D§7§la§x§7§7§D§5§D§1§lr§x§6§B§D§B§C§B§ly §x§6§B§D§B§C§B§lC§x§7§7§D§5§D§1§lr§x§8§2§C§E§D§7§la§x§8§E§C§8§D§D§lt§x§9§A§C§1§E§4§le §x§B§1§B§4§F§0§lK§x§B§D§A§E§F§6§le§x§C§9§A§7§F§C§ly in auction for 80000.
[02:44:56] > Kyle buy x1 §x§C§9§A§7§F§C§lL§x§B§D§A§E§F§6§le§x§B§1§B§4§F§0§lg§x§A§6§B§B§E§A§le§x§9§A§C§1§E§4§ln§x§8§E§C§8§D§D§ld§x§8§2§C§E§D§7§la§x§7§7§D§5§D§1§lr§x§6§B§D§B§C§B§ly §x§6§B§D§B§C§B§lC§x§7§7§D§5§D§1§lr§x§8§2§C§E§D§7§la§x§8§E§C§8§D§D§lt§x§9§A§C§1§E§4§le §x§B§1§B§4§F§0§lK§x§B§D§A§E§F§6§le§x§C§9§A§7§F§C§ly to Panda_Nooba for $80,000.
[02:45:11] > Kyle remove x1 §x§C§9§A§7§F§C§lL§x§B§D§A§E§F§6§le§x§B§1§B§4§F§0§lg§x§A§6§B§B§E§A§le§x§9§A§C§1§E§4§ln§x§8§E§C§8§D§D§ld§x§8§2§C§E§D§7§la§x§7§7§D§5§D§1§lr§x§6§B§D§B§C§B§ly §x§6§B§D§B§C§B§lC§x§7§7§D§5§D§1§lr§x§8§2§C§E§D§7§la§x§8§E§C§8§D§D§lt§x§9§A§C§1§E§4§le §x§B§1§B§4§F§0§lK§x§B§D§A§E§F§6§le§x§C§9§A§7§F§C§ly form buy
[02:47:53] > Panda_Nooba buy x1 Netherite upgrade smithing template to .JakeTheMiner457 for $60,000.
[02:48:14] > Panda_Nooba buy x1 Totem of undying to .AyakoKoru for $25,000.
[02:48:20] > Panda_Nooba remove x1 Totem of undying from buy
[02:48:20] > Panda_Nooba remove x1 Netherite upgrade smithing template from buy
[03:05:15] > .JakeTheMiner457 remove x2 Netherite upgrade smithing template from storage
[03:05:26] > x1 §x§F§F§7§C§0§0§lSteamsparks Halberd, item of SSinKin, has just expired, the item is definitively deleted.
[03:05:26] > x1 §x§E§5§1§B§1§B§lDracula Spear, item of SSinKin, has just expired, the item is definitively deleted.
[03:05:31] > .JakeTheMiner457 remove x2 Netherite upgrade smithing template from expire
[03:05:49] > .JakeTheMiner457 added x2 Netherite upgrade smithing template in auction for 100000.
[03:06:13] > 8it5inn remove x1 §x§F§F§3§E§0§0§lDemon Lord Wings from storage
[03:06:16] > 8it5inn remove x1 Mcdo Head form storage
[03:06:16] > 8it5inn remove x1 Na Sword form storage
[03:48:07] > nachfaust buy x64 Sea lantern to Zypher_0w0 for $6,400.
[03:48:34] > nachfaust remove x64 Sea lantern from buy
[04:08:14] > nachfaust remove x31 Shulker shell from storage
[04:08:31] > nachfaust added x4 §bEntropy Crystal §8(§310,000§8) in auction for 600000.
[05:07:40] > auvicious added x1 Enchanted book in auction for 20000.
[05:07:59] > auvicious added x1 Enchanted book in auction for 100000.
[05:37:43] > .VisedSauce5790 added x64 Redstone block in auction for 100000.
[05:37:57] > .VisedSauce5790 added x28 Redstone block in auction for 30000.
[05:47:31] > Mugiwara22 buy x1 §x§F§F§3§E§0§0§lSellwand Voucher to Renzy01 for $800,000.
[05:47:46] > Mugiwara22 remove x1 §x§F§F§3§E§0§0§lSellwand Voucher from buy
[05:49:43] > anneyong buy x15 Enchanted golden apple to HwanYo for $180,000.
[06:01:17] > Panda_Nooba buy x1 Enchanted book to auvicious for $20,000.
[06:01:35] > Panda_Nooba remove x1 Enchanted book from buy
[06:32:39] > Mugiwara22 added x1 §x§F§F§3§E§0§0§lSellwand Voucher in auction for 1600000.
[06:34:12] > Panda_Nooba buy x50 Name tag to k000k444k for $100,000.
[06:34:20] > Panda_Nooba remove x50 Name tag from buy
[07:34:38] > x1 Music disc lava chicken on sale by Xavier881 has just expired, it goes in the inventory of expired items.
[08:35:56] > Takeremu added x5 §x§F§C§D§0§5§C§lB§x§E§6§D§3§6§B§la§x§C§F§D§5§7§A§ls§x§B§9§D§8§8§9§li§x§A§2§D§A§9§8§lc §x§7§5§D§F§B§6§lC§x§5§F§E§2§C§5§lr§x§7§5§D§F§B§6§la§x§8§C§D§D§A§7§lt§x§A§2§D§A§9§8§le §x§C§F§D§5§7§A§lK§x§E§6§D§3§6§B§le§x§F§C§D§0§5§C§ly in auction for 50000.
[08:36:08] > Takeremu added x10 §x§F§C§9§0§5§C§lE§x§E§6§9§C§6§B§lp§x§C§F§A§7§7§A§li§x§B§9§B§3§8§9§lc §x§8§C§C§B§A§7§lC§x§7§5§D§6§B§6§lr§x§5§F§E§2§C§5§la§x§7§9§D§4§B§4§lt§x§9§3§C§7§A§2§le §x§C§8§A§B§7§F§lK§x§E§2§9§E§6§E§le§x§F§C§9§0§5§C§ly in auction for 400000.
[08:55:22] > PrezXie buy x60 Cooked beef to NastyPepperoni for $10,000.
[08:55:27] > PrezXie remove x60 Cooked beef from buy
[09:17:07] > YchannR buy x5 §x§F§C§D§0§5§C§lB§x§E§6§D§3§6§B§la§x§C§F§D§5§7§A§ls§x§B§9§D§8§8§9§li§x§A§2§D§A§9§8§lc §x§7§5§D§F§B§6§lC§x§5§F§E§2§C§5§lr§x§7§5§D§F§B§6§la§x§8§C§D§D§A§7§lt§x§A§2§D§A§9§8§le §x§C§F§D§5§7§A§lK§x§E§6§D§3§6§B§le§x§F§C§D§0§5§C§ly to Takeremu for $50,000.
[09:17:31] > YchannR remove x5 §x§F§C§D§0§5§C§lB§x§E§6§D§3§6§B§la§x§C§F§D§5§7§A§ls§x§B§9§D§8§8§9§li§x§A§2§D§A§9§8§lc §x§7§5§D§F§B§6§lC§x§5§F§E§2§C§5§lr§x§7§5§D§F§B§6§la§x§8§C§D§D§A§7§lt§x§A§2§D§A§9§8§le §x§C§F§D§5§7§A§lK§x§E§6§D§3§6§B§le§x§F§C§D§0§5§C§ly form buy
[09:17:31] > YchannR remove x5 §x§F§C§9§0§5§C§lE§x§E§6§9§C§6§B§lp§x§C§F§A§7§7§A§li§x§B§9§B§3§8§9§lc §x§8§C§C§B§A§7§lC§x§7§5§D§6§B§6§lr§x§5§F§E§2§C§5§la§x§7§9§D§4§B§4§lt§x§9§3§C§7§A§2§le §x§C§8§A§B§7§F§lK§x§E§2§9§E§6§E§le§x§F§C§9§0§5§C§ly form buy
[10:08:34] > .Whatyusaay added x10 Breeze rod in auction for 34000.
[10:19:00] > PrinceBGC added x1 §f§l§8B§x§6§6§6§6§6§6a§x§7§7§7§7§7§7h§x§8§8§8§8§8§8a§x§9§9§9§9§9§9m§7u§x§9§9§9§9§9§9t§x§8§8§8§8§8§8 §x§7§7§7§7§7§7K§x§6§6§6§6§6§6e§8y in auction for 300000.
[10:20:51] > Fogstrap remove x1 §x§F§F§3§E§0§0§lD§x§F§F§3§6§0§0§le§x§F§F§2§F§0§0§lm§x§F§F§2§7§0§0§lo§x§F§F§1§F§0§0§ln §x§F§F§1§0§0§0§lL§x§F§F§0§8§0§0§lo§x§F§F§0§0§0§0§lr§x§F§F§0§9§0§0§ld §x§F§F§1§B§0§0§lS§x§F§F§2§3§0§0§lt§x§F§F§2§C§0§0§la§x§F§F§3§5§0§0§lf§x§F§F§3§E§0§0§lf from storage
[10:21:02] > Fogstrap added x1 §x§F§F§3§E§0§0§lD§x§F§F§3§6§0§0§le§x§F§F§2§F§0§0§lm§x§F§F§2§7§0§0§lo§x§F§F§1§F§0§0§ln §x§F§F§1§0§0§0§lL§x§F§F§0§8§0§0§lo§x§F§F§0§0§0§0§lr§x§F§F§0§9§0§0§ld §x§F§F§1§B§0§0§lS§x§F§F§2§3§0§0§lt§x§F§F§2§C§0§0§la§x§F§F§3§5§0§0§lf§x§F§F§3§E§0§0§lf in auction for 700000.
[10:21:12] > YchannR buy x10 Breeze rod to .Whatyusaay for $34,000.
[10:21:22] > .Whatyusaay added x1 §fBumble Bee Hat in auction for 20000.
[10:23:36] > azuyeca added x1 §x§F§F§5§5§0§0§lsᴇʟʟᴡᴀɴᴅ §6- 5.0x in auction for 500000.
[10:26:31] > Mugiwara22 added x1 §x§F§F§3§E§0§0§lSellwand Voucher in auction for 1700000.
[10:26:48] > Mugiwara22 added x1 §x§F§F§3§E§0§0§lSellwand Voucher in auction for 1700000.
[10:35:16] > x1 §f§l§8B§x§6§2§6§2§6§2a§x§6§F§6§F§6§Fh§x§7§C§7§C§7§Ca§x§8§9§8§9§8§9m§x§9§6§9§6§9§6u§x§A§3§A§3§A§3t §x§9§6§9§6§9§6H§x§8§9§8§9§8§9a§x§7§C§7§C§7§Ct§x§6§F§6§F§6§F §x§6§2§6§2§6§2V§82 on sale by kabayooo has just expired, it goes in the inventory of expired items.
[10:36:53] > Dentatsu added x1 Dried ghast in auction for 120000.
[10:37:09] > Dentatsu added x1 Dried ghast in auction for 120000.
[10:37:25] > Dentatsu added x1 Dried ghast in auction for 120000.
[10:37:37] > Dentatsu added x1 Dried ghast in auction for 120000.
[10:37:48] > Dentatsu added x1 Dried ghast in auction for 120000.
[10:38:00] > Dentatsu added x1 Dried ghast in auction for 120000.
[10:38:10] > Dentatsu added x1 Dried ghast in auction for 120000.
[10:38:30] > Dentatsu remove x1 Dried ghast from storage
[10:38:48] > Dentatsu added x7 Dried ghast in auction for 650000.
[10:54:56] > FRANZ_JOSEF0 added x1 §x§F§F§7§C§0§0§lSteamsparks Fishing Rod in auction for 500000.
[10:55:03] > nachfaust buy x1 §x§F§F§7§C§0§0§lSteamsparks Fishing Rod to FRANZ_JOSEF0 for $500,000.
[10:55:11] > x64 Oak log, bought by Odyessy, has just expired, the item is definitively deleted.
[10:55:11] > x64 Oak log, bought by Odyessy, has just expired, the item is definitively deleted.
[10:55:13] > nachfaust remove x1 §x§F§F§7§C§0§0§lSteamsparks Fishing Rod form buy
[11:02:52] > anneyong buy x1 §f§l§8B§x§6§6§6§6§6§6a§x§7§7§7§7§7§7h§x§8§8§8§8§8§8a§x§9§9§9§9§9§9m§7u§x§9§9§9§9§9§9t§x§8§8§8§8§8§8 §x§7§7§7§7§7§7K§x§6§6§6§6§6§6e§8y to PrinceBGC for $300,000.
[11:18:47] > .JakeTheMiner457 remove x1 Dried ghast from storage
[11:19:11] > .JakeTheMiner457 remove x1 Dried ghast from expire