
[13:36:03] > micailatot added x1 Enchanted book in auction for 200000.
[13:41:29] > micailatot added x1 §f§l§x§E§4§3§A§3§AM§x§D§5§4§9§3§Ae§x§C§6§5§9§3§Ar§x§B§7§6§8§3§9r§x§A§8§7§8§3§9y§x§9§9§8§7§3§9 §x§8§9§9§6§3§9C§x§7§A§A§6§3§9h§x§6§B§B§5§3§8r§x§5§C§C§5§3§8i§x§4§D§D§4§3§8s§x§5§C§C§5§3§8t§x§6§B§B§5§3§8m§x§7§A§A§6§3§9a§x§8§9§9§6§3§9s§x§9§9§8§7§3§9 §x§A§8§7§8§3§9B§x§B§7§6§8§3§9o§x§C§6§5§9§3§Ao§x§D§5§4§9§3§At§x§E§4§3§A§3§As in auction for 400000.
[15:11:20] > Julene buy x1 §f§l§x§8§A§0§0§F§FS§x§9§8§0§0§D§Dh§x§A§6§0§0§B§Bi§x§B§4§0§0§9§9n§x§C§2§0§0§7§7e§x§D§0§0§0§5§5 §x§D§E§0§0§3§3O§x§E§C§0§0§1§1ni§x§D§E§0§0§3§3 §x§D§0§0§0§5§5S§x§C§2§0§0§7§7h§x§B§4§0§0§9§9i§x§A§6§0§0§B§Be§x§9§8§0§0§D§Dl§x§8§A§0§0§F§Fd to sigman for $2,500,000.
[15:11:24] > x1 Netherite block, bought by NoClarity, has just expired, the item is definitively deleted.
[15:11:24] > x23 Redstone block, bought by Arthur, has just expired, the item is definitively deleted.
[15:11:24] > x5 Deepslate diamond ore, bought by imnectarfr, has just expired, the item is definitively deleted.
[15:11:24] > x1 §x§6§0§0§0§F§F§lɢᴏᴅʟʏ ɪᴛᴇᴍ, bought by Apprintance, has just expired, the item is definitively deleted.
[15:11:25] > Julene remove x1 §f§l§x§8§A§0§0§F§FS§x§9§8§0§0§D§Dh§x§A§6§0§0§B§Bi§x§B§4§0§0§9§9n§x§C§2§0§0§7§7e§x§D§0§0§0§5§5 §x§D§E§0§0§3§3O§x§E§C§0§0§1§1ni§x§D§E§0§0§3§3 §x§D§0§0§0§5§5S§x§C§2§0§0§7§7h§x§B§4§0§0§9§9i§x§A§6§0§0§B§Be§x§9§8§0§0§D§Dl§x§8§A§0§0§F§Fd from buy
[15:12:21] > Julene buy x1 §f§l§x§8§A§0§0§F§FS§x§9§9§0§0§D§Bh§x§A§8§0§0§B§6i§x§B§7§0§0§9§2n§x§C§6§0§0§6§De§x§D§5§0§0§4§9 §x§E§4§0§0§2§4O§x§F§3§0§0§0§0n§x§E§4§0§0§2§4i§x§D§5§0§0§4§9 §x§C§6§0§0§6§DS§x§B§7§0§0§9§2t§x§A§8§0§0§B§6a§x§9§9§0§0§D§Bf§x§8§A§0§0§F§Ff to fuzzy_fae for $2,500,000.
[15:12:27] > Julene remove x1 §f§l§x§8§A§0§0§F§FS§x§9§9§0§0§D§Bh§x§A§8§0§0§B§6i§x§B§7§0§0§9§2n§x§C§6§0§0§6§De§x§D§5§0§0§4§9 §x§E§4§0§0§2§4O§x§F§3§0§0§0§0n§x§E§4§0§0§2§4i§x§D§5§0§0§4§9 §x§C§6§0§0§6§DS§x§B§7§0§0§9§2t§x§A§8§0§0§B§6a§x§9§9§0§0§D§Bf§x§8§A§0§0§F§Ff from buy
[15:12:48] > Julene added x1 Netherite sword in auction for 1000000.
[15:20:25] > Julene remove x1 Netherite sword from storage
[15:26:48] > Julene added x1 §f§l§x§8§A§0§0§F§FS§x§9§8§0§0§D§Dh§x§A§6§0§0§B§Bi§x§B§4§0§0§9§9n§x§C§2§0§0§7§7e§x§D§0§0§0§5§5 §x§D§E§0§0§3§3O§x§E§C§0§0§1§1ni§x§D§E§0§0§3§3 §x§D§0§0§0§5§5S§x§C§2§0§0§7§7h§x§B§4§0§0§9§9i§x§A§6§0§0§B§Be§x§9§8§0§0§D§Dl§x§8§A§0§0§F§Fd in auction for 2000000.
[15:26:59] > Julene added x3 Beacon in auction for 100000.
[15:27:03] > x1 §f§l§x§E§4§3§A§3§AM§x§D§8§4§6§3§Ae§x§C§D§5§2§3§Ar§x§C§1§5§E§3§Ar§x§B§6§6§9§3§9y§x§A§A§7§5§3§9 §x§9§E§8§1§3§9C§x§9§3§8§D§3§9h§x§8§7§9§9§3§9r§x§7§B§A§5§3§9i§x§7§0§B§0§3§8s§x§6§4§B§C§3§8t§x§5§9§C§8§3§8m§x§4§D§D§4§3§8a§x§5§9§C§8§3§8s§x§6§4§B§C§3§8 §x§7§0§B§0§3§8F§x§7§B§A§5§3§9i§x§8§7§9§9§3§9s§x§9§3§8§D§3§9h§x§9§E§8§1§3§9i§x§A§A§7§5§3§9n§x§B§6§6§9§3§9g§x§C§1§5§E§3§A §x§C§D§5§2§3§Ar§x§D§8§4§6§3§Ao§x§E§4§3§A§3§Ad, item of nachfaust, has just expired, the item is definitively deleted.
[15:27:24] > Crayzixks buy x3 Beacon to Julene for $100,000.
[15:38:18] > fuzzy_fae remove x1 §f§l§8B§x§6§6§6§6§6§6a§x§7§7§7§7§7§7h§x§8§8§8§8§8§8a§x§9§9§9§9§9§9m§7u§x§9§9§9§9§9§9t§x§8§8§8§8§8§8 §x§7§7§7§7§7§7H§x§6§6§6§6§6§6o§8e from storage
[15:38:28] > fuzzy_fae added x1 §f§l§8B§x§6§6§6§6§6§6a§x§7§7§7§7§7§7h§x§8§8§8§8§8§8a§x§9§9§9§9§9§9m§7u§x§9§9§9§9§9§9t§x§8§8§8§8§8§8 §x§7§7§7§7§7§7H§x§6§6§6§6§6§6o§8e in auction for 10000.
[15:38:33] > JinSoul15 buy x1 §f§l§8B§x§6§6§6§6§6§6a§x§7§7§7§7§7§7h§x§8§8§8§8§8§8a§x§9§9§9§9§9§9m§7u§x§9§9§9§9§9§9t§x§8§8§8§8§8§8 §x§7§7§7§7§7§7H§x§6§6§6§6§6§6o§8e to fuzzy_fae for $10,000.
[16:48:55] > VashleyProGamer added x1 Ominous bottle in auction for 45000.
[16:49:02] > kentchalin buy x1 Ominous bottle to VashleyProGamer for $45,000.
[16:49:36] > NoClarity added x63 Wind charge in auction for 50000000.
[16:50:04] > NoClarity remove x63 Wind charge from storage
[17:20:15] > VashleyProGamer added x1 Ominous bottle in auction for 45000.
[19:42:13] > Horheee added x1 §x§F§F§7§C§0§0§lSteamsparks Key in auction for 150000.
[19:42:25] > Horheee added x1 §x§E§5§1§B§1§B§lDracula Key in auction for 100000.
[21:26:39] > PlayTexts buy x1 Enchanted book to micailatot for $200,000.
[21:33:10] > Horheee added x20 Wind charge in auction for 20000.
[21:34:23] > Horheee added x33 Bone in auction for 100.
[21:41:08] > Horheee remove x1 §x§5§9§A§1§D§9§lA§x§7§1§A§E§D§Er§x§8§8§B§C§E§4c§x§A§0§C§9§E§9h§x§B§8§D§7§E§Fa§x§D§0§E§4§F§4n§x§E§7§F§2§F§Ag§fe§x§E§7§F§2§F§Al §x§B§8§D§7§E§FS§x§A§0§C§9§E§9p§x§8§8§B§C§E§4e§x§7§1§A§E§D§Ea§x§5§9§A§1§D§9r from storage
[21:41:23] > Horheee added x1 §x§5§9§A§1§D§9§lA§x§7§1§A§E§D§Er§x§8§8§B§C§E§4c§x§A§0§C§9§E§9h§x§B§8§D§7§E§Fa§x§D§0§E§4§F§4n§x§E§7§F§2§F§Ag§fe§x§E§7§F§2§F§Al §x§B§8§D§7§E§FS§x§A§0§C§9§E§9p§x§8§8§B§C§E§4e§x§7§1§A§E§D§Ea§x§5§9§A§1§D§9r in auction for 1000009.
[23:16:26] > ri3lll buy x20 Wind charge to Horheee for $20,000.
[23:16:53] > x1 Observer, bought by ohiogtg, has just expired, the item is definitively deleted.
[23:16:53] > x1 Netherite upgrade smithing template, bought by R4YVEN, has just expired, the item is definitively deleted.
[23:16:53] > x1 Lead, bought by yxsin112, has just expired, the item is definitively deleted.
[23:16:53] > x2 Dune armor trim smithing template, bought by .JakeTheMiner457, has just expired, the item is definitively deleted.
[23:16:53] > x1 Diamond chestplate, bought by Ryzxc, has just expired, the item is definitively deleted.
[23:16:53] > x1 Iron axe, bought by Ryzxc, has just expired, the item is definitively deleted.
[23:16:53] > x1 §f§l§x§E§4§3§A§3§AM§x§D§5§4§9§3§Ae§x§C§6§5§9§3§Ar§x§B§7§6§8§3§9r§x§A§8§7§8§3§9y§x§9§9§8§7§3§9 §x§8§9§9§6§3§9C§x§7§A§A§6§3§9h§x§6§B§B§5§3§8r§x§5§C§C§5§3§8i§x§4§D§D§4§3§8s§x§5§C§C§5§3§8t§x§6§B§B§5§3§8m§x§7§A§A§6§3§9a§x§8§9§9§6§3§9s§x§9§9§8§7§3§9 §x§A§8§7§8§3§9S§x§B§7§6§8§3§9t§x§C§6§5§9§3§Aa§x§D§5§4§9§3§Af§x§E§4§3§A§3§Af, bought by Horheee, has just expired, the item is definitively deleted.
[23:16:53] > x1 Enchanted golden apple, bought by Clifford, has just expired, the item is definitively deleted.
[23:16:53] > x1 §x§F§C§D§0§5§C§lB§x§E§6§D§3§6§B§la§x§C§F§D§5§7§A§ls§x§B§9§D§8§8§9§li§x§A§2§D§A§9§8§lc §x§7§5§D§F§B§6§lC§x§5§F§E§2§C§5§lr§x§7§5§D§F§B§6§la§x§8§C§D§D§A§7§lt§x§A§2§D§A§9§8§le §x§C§F§D§5§7§A§lK§x§E§6§D§3§6§B§le§x§F§C§D§0§5§C§ly, bought by CuddlyCow, has just expired, the item is definitively deleted.
[23:16:55] > ri3lll remove x20 Wind charge from buy
[23:57:38] > zappyduo buy x1 §f§l§x§8§A§0§0§F§FS§x§9§8§0§0§D§Dh§x§A§6§0§0§B§Bi§x§B§4§0§0§9§9n§x§C§2§0§0§7§7e§x§D§0§0§0§5§5 §x§D§E§0§0§3§3O§x§E§C§0§0§1§1ni§x§D§E§0§0§3§3 §x§D§0§0§0§5§5S§x§C§2§0§0§7§7h§x§B§4§0§0§9§9i§x§A§6§0§0§B§Be§x§9§8§0§0§D§Dl§x§8§A§0§0§F§Fd to Julene for $2,000,000.
[23:57:41] > x1 §x§F§F§5§5§0§0§lsᴇʟʟᴡᴀɴᴅ §6- 10.0x, bought by Typeshe, has just expired, the item is definitively deleted.
[23:57:41] > x1 §x§F§F§5§5§0§0§lsᴇʟʟᴡᴀɴᴅ §6- 10.0x, bought by Anc_Kyoto, has just expired, the item is definitively deleted.
[23:57:42] > zappyduo remove x1 §f§l§x§8§A§0§0§F§FS§x§9§8§0§0§D§Dh§x§A§6§0§0§B§Bi§x§B§4§0§0§9§9n§x§C§2§0§0§7§7e§x§D§0§0§0§5§5 §x§D§E§0§0§3§3O§x§E§C§0§0§1§1ni§x§D§E§0§0§3§3 §x§D§0§0§0§5§5S§x§C§2§0§0§7§7h§x§B§4§0§0§9§9i§x§A§6§0§0§B§Be§x§9§8§0§0§D§Dl§x§8§A§0§0§F§Fd from buy
[00:57:35] > TiagoX buy x1 Gray shulker box to vortexcore for $500,000.
[00:58:13] > x1 §f§x§F§B§B§6§1§DC§x§F§0§A§F§1§Ca§x§E§5§A§8§1§Bp§x§D§B§A§0§1§9y§x§D§0§9§9§1§8b§x§C§5§9§2§1§7a§x§B§A§8§B§1§6r§x§A§F§8§4§1§5a§x§A§4§7§D§1§4 §x§9§A§7§5§1§2H§x§8§F§6§E§1§1a§x§8§4§6§7§1§0t, bought by Horheee, has just expired, the item is definitively deleted.
[00:58:16] > TiagoX remove x3 §7Cemetery Hat from buy
[00:58:17] > TiagoX remove x1 Gray shulker box from buy
[01:07:44] > Icon_Skully remove x1 §f§l§x§E§4§3§A§3§AM§x§D§8§4§6§3§Ae§x§C§C§5§3§3§Ar§x§C§0§5§F§3§Ar§x§B§4§6§B§3§9y§x§A§8§7§8§3§9 §x§9§C§8§4§3§9C§x§8§F§9§0§3§9h§x§8§3§9§D§3§9r§x§7§7§A§9§3§9i§x§6§B§B§5§3§8s§x§5§F§C§2§3§8t§x§5§3§C§E§3§8ma§x§5§F§C§2§3§8s§x§6§B§B§5§3§8 §x§7§7§A§9§3§9C§x§8§3§9§D§3§9h§x§8§F§9§0§3§9e§x§9§C§8§4§3§9s§x§A§8§7§8§3§9t§x§B§4§6§B§3§9p§x§C§0§5§F§3§Al§x§C§C§5§3§3§Aa§x§D§8§4§6§3§At§x§E§4§3§A§3§Ae from storage
[01:22:41] > Icon_Skully added x1 §f§l§x§E§4§3§A§3§AM§x§D§6§4§9§3§Ae§x§C§7§5§7§3§Ar§x§B§9§6§6§3§9r§x§A§A§7§5§3§9y§x§9§C§8§3§3§9 §x§8§E§9§2§3§9C§x§7§F§A§1§3§9h§x§7§1§A§F§3§8r§x§6§3§B§E§3§8i§x§5§4§C§D§3§8st§x§6§3§B§E§3§8m§x§7§1§A§F§3§8a§x§7§F§A§1§3§9s§x§8§E§9§2§3§9 §x§9§C§8§3§3§9S§x§A§A§7§5§3§9c§x§B§9§6§6§3§9y§x§C§7§5§7§3§At§x§D§6§4§9§3§Ah§x§E§4§3§A§3§Ae in auction for 25000.
[01:22:58] > Icon_Skully added x1 §f§l§x§E§4§3§A§3§AM§x§D§8§4§6§3§Ae§x§C§C§5§3§3§Ar§x§C§0§5§F§3§Ar§x§B§4§6§B§3§9y§x§A§8§7§8§3§9 §x§9§C§8§4§3§9C§x§8§F§9§0§3§9h§x§8§3§9§D§3§9r§x§7§7§A§9§3§9i§x§6§B§B§5§3§8s§x§5§F§C§2§3§8t§x§5§3§C§E§3§8ma§x§5§F§C§2§3§8s§x§6§B§B§5§3§8 §x§7§7§A§9§3§9C§x§8§3§9§D§3§9h§x§8§F§9§0§3§9e§x§9§C§8§4§3§9s§x§A§8§7§8§3§9t§x§B§4§6§B§3§9p§x§C§0§5§F§3§Al§x§C§C§5§3§3§Aa§x§D§8§4§6§3§At§x§E§4§3§A§3§Ae in auction for 50000.
[03:57:13] > makaylee added x1 gunpowder in auction for 50000.
[05:58:57] > Icon_Skully added x1 §fCharizard Wings in auction for 2500000.
[06:00:14] > Icon_Skully added x1 §fNaganadel Tail in auction for 40000.
[06:00:30] > NoClarity buy x1 §fNaganadel Tail to Icon_Skully for $40,000.
[06:00:37] > Icon_Skully remove x1 §f§l§x§E§4§3§A§3§AM§x§D§6§4§9§3§Ae§x§C§7§5§7§3§Ar§x§B§9§6§6§3§9r§x§A§A§7§5§3§9y§x§9§C§8§3§3§9 §x§8§E§9§2§3§9C§x§7§F§A§1§3§9h§x§7§1§A§F§3§8r§x§6§3§B§E§3§8i§x§5§4§C§D§3§8st§x§6§3§B§E§3§8m§x§7§1§A§F§3§8a§x§7§F§A§1§3§9s§x§8§E§9§2§3§9 §x§9§C§8§3§3§9S§x§A§A§7§5§3§9c§x§B§9§6§6§3§9y§x§C§7§5§7§3§At§x§D§6§4§9§3§Ah§x§E§4§3§A§3§Ae from storage
[06:00:39] > Icon_Skully remove x1 §fCharizard Wings from storage
[06:00:49] > Icon_Skully added x1 §f§l§x§E§4§3§A§3§AM§x§D§6§4§9§3§Ae§x§C§7§5§7§3§Ar§x§B§9§6§6§3§9r§x§A§A§7§5§3§9y§x§9§C§8§3§3§9 §x§8§E§9§2§3§9C§x§7§F§A§1§3§9h§x§7§1§A§F§3§8r§x§6§3§B§E§3§8i§x§5§4§C§D§3§8st§x§6§3§B§E§3§8m§x§7§1§A§F§3§8a§x§7§F§A§1§3§9s§x§8§E§9§2§3§9 §x§9§C§8§3§3§9S§x§A§A§7§5§3§9c§x§B§9§6§6§3§9y§x§C§7§5§7§3§At§x§D§6§4§9§3§Ah§x§E§4§3§A§3§Ae in auction for 3000.
[06:01:14] > Trashcan buy x1 §f§l§x§E§4§3§A§3§AM§x§D§6§4§9§3§Ae§x§C§7§5§7§3§Ar§x§B§9§6§6§3§9r§x§A§A§7§5§3§9y§x§9§C§8§3§3§9 §x§8§E§9§2§3§9C§x§7§F§A§1§3§9h§x§7§1§A§F§3§8r§x§6§3§B§E§3§8i§x§5§4§C§D§3§8st§x§6§3§B§E§3§8m§x§7§1§A§F§3§8a§x§7§F§A§1§3§9s§x§8§E§9§2§3§9 §x§9§C§8§3§3§9S§x§A§A§7§5§3§9c§x§B§9§6§6§3§9y§x§C§7§5§7§3§At§x§D§6§4§9§3§Ah§x§E§4§3§A§3§Ae to Icon_Skully for $3,000.
[06:01:24] > Trashcan buy x1 §f§l§x§E§4§3§A§3§AM§x§D§8§4§6§3§Ae§x§C§C§5§3§3§Ar§x§C§0§5§F§3§Ar§x§B§4§6§B§3§9y§x§A§8§7§8§3§9 §x§9§C§8§4§3§9C§x§8§F§9§0§3§9h§x§8§3§9§D§3§9r§x§7§7§A§9§3§9i§x§6§B§B§5§3§8s§x§5§F§C§2§3§8t§x§5§3§C§E§3§8ma§x§5§F§C§2§3§8s§x§6§B§B§5§3§8 §x§7§7§A§9§3§9C§x§8§3§9§D§3§9h§x§8§F§9§0§3§9e§x§9§C§8§4§3§9s§x§A§8§7§8§3§9t§x§B§4§6§B§3§9p§x§C§0§5§F§3§Al§x§C§C§5§3§3§Aa§x§D§8§4§6§3§At§x§E§4§3§A§3§Ae to Icon_Skully for $50,000.
[06:01:46] > Icon_Skully added x1 §fDragonite Tail in auction for 1500000.
[06:01:51] > Trashcan remove x1 §f§l§x§E§4§3§A§3§AM§x§D§6§4§9§3§Ae§x§C§7§5§7§3§Ar§x§B§9§6§6§3§9r§x§A§A§7§5§3§9y§x§9§C§8§3§3§9 §x§8§E§9§2§3§9C§x§7§F§A§1§3§9h§x§7§1§A§F§3§8r§x§6§3§B§E§3§8i§x§5§4§C§D§3§8st§x§6§3§B§E§3§8m§x§7§1§A§F§3§8a§x§7§F§A§1§3§9s§x§8§E§9§2§3§9 §x§9§C§8§3§3§9S§x§A§A§7§5§3§9c§x§B§9§6§6§3§9y§x§C§7§5§7§3§At§x§D§6§4§9§3§Ah§x§E§4§3§A§3§Ae from buy
[06:01:52] > Trashcan remove x1 §f§l§x§E§4§3§A§3§AM§x§D§8§4§6§3§Ae§x§C§C§5§3§3§Ar§x§C§0§5§F§3§Ar§x§B§4§6§B§3§9y§x§A§8§7§8§3§9 §x§9§C§8§4§3§9C§x§8§F§9§0§3§9h§x§8§3§9§D§3§9r§x§7§7§A§9§3§9i§x§6§B§B§5§3§8s§x§5§F§C§2§3§8t§x§5§3§C§E§3§8ma§x§5§F§C§2§3§8s§x§6§B§B§5§3§8 §x§7§7§A§9§3§9C§x§8§3§9§D§3§9h§x§8§F§9§0§3§9e§x§9§C§8§4§3§9s§x§A§8§7§8§3§9t§x§B§4§6§B§3§9p§x§C§0§5§F§3§Al§x§C§C§5§3§3§Aa§x§D§8§4§6§3§At§x§E§4§3§A§3§Ae from buy
[06:01:57] > Icon_Skully added x1 §fCharizard Wings in auction for 2500000.
[06:02:18] > Trashcan buy x1 Ominous bottle to VashleyProGamer for $45,000.
[06:02:28] > Trashcan buy x1 gunpowder to makaylee for $50,000.
[06:04:05] > Icon_Skully added x1 §x§6§0§0§0§F§F§lɢᴏᴅʟʏ ɪᴛᴇᴍ in auction for 3000000.
[06:04:11] > NoClarity buy x1 §x§6§0§0§0§F§F§lɢᴏᴅʟʏ ɪᴛᴇᴍ to Icon_Skully for $3,000,000.
[06:04:47] > Trashcan remove x1 gunpowder from buy
[06:04:48] > Trashcan remove x1 Ominous bottle from buy
[06:25:54] > Icon_Skully added x1 §fEnder Eye Sword in auction for 250000.
[06:25:54] > x1 §x§F§F§7§C§0§0§lSteamsparks Chestplate on sale by NoClarity has just expired, it goes in the inventory of expired items.
[06:25:58] > Trashcan buy x1 §fEnder Eye Sword to Icon_Skully for $250,000.
[06:30:22] > Icon_Skully added x1 §fEnder Eye Knife in auction for 250000.
[06:30:40] > El_GHOST23 buy x33 Bone to Horheee for $100.
[06:30:41] > Icon_Skully added x1 §fEnder Eye Bow in auction for 250000.
[06:30:55] > Icon_Skully added x1 §fEnder Eye Shovel in auction for 90000.
[06:31:01] > NoClarity buy x1 §fEnder Eye Shovel to Icon_Skully for $90,000.
[06:31:12] > Icon_Skully added x1 §fEnder Eye Hoe in auction for 90000.
[06:31:29] > Icon_Skully added x1 §x§6§0§0§0§F§F§lɢᴏᴅʟʏ ɪᴛᴇᴍ in auction for 4500000.
[06:31:53] > Icon_Skully added x1 §x§6§0§0§0§F§F§lɢᴏᴅʟʏ ɪᴛᴇᴍ in auction for 45000.
[06:32:07] > NoClarity buy x1 §x§6§0§0§0§F§F§lɢᴏᴅʟʏ ɪᴛᴇᴍ to Icon_Skully for $45,000.
[06:32:34] > Icon_Skully added x1 §x§6§0§0§0§F§F§lɢᴏᴅʟʏ ɪᴛᴇᴍ in auction for 1500000.
[06:33:08] > NoClarity added x1 Teeth inspector in auction for 35000.
[06:33:28] > Icon_Skully remove x1 §fCharizard Wings from storage
[06:33:29] > Icon_Skully remove x1 §fDragonite Tail from storage
[06:33:49] > Icon_Skully added x1 §fDragonite Tail in auction for 250000.
[06:34:09] > Icon_Skully added x1 §fCharizard Wings in auction for 500000.
[06:43:51] > NoClarity remove x1 §x§6§0§0§0§F§F§lɢᴏᴅʟʏ ɪᴛᴇᴍ from buy
[06:43:53] > NoClarity remove x1 §fEnder Eye Shovel from buy
[06:53:00] > Samueleare buy x1 Teeth inspector to NoClarity for $35,000.
[06:54:15] > Samueleare remove x1 Teeth inspector from buy
[06:58:40] > NoClarity added x1 Diamond leggings in auction for 20000.
[07:04:02] > NoClarity added x1 Music disc otherside in auction for 5000.
[07:37:03] > NoClarity buy x1 §fEnder Eye Hoe to Icon_Skully for $90,000.
[07:37:08] > NoClarity remove x1 §fEnder Eye Hoe from buy
[07:38:49] > NoClarity buy x1 §fEnder Eye Bow to Icon_Skully for $250,000.
[07:38:53] > NoClarity remove x1 §fEnder Eye Bow from buy
[07:59:37] > Icon_Skully remove x1 §x§6§0§0§0§F§F§lɢᴏᴅʟʏ ɪᴛᴇᴍ from storage
[07:59:37] > Icon_Skully remove x1 §x§6§0§0§0§F§F§lɢᴏᴅʟʏ ɪᴛᴇᴍ from storage
[07:59:39] > Icon_Skully remove x1 §fDragonite Tail from storage
[07:59:39] > Icon_Skully remove x1 §fCharizard Wings from storage
[07:59:41] > Icon_Skully remove x1 §fEnder Eye Knife from storage
[07:59:51] > Icon_Skully added x1 §fDragonite Tail in auction for 55000.
[08:00:01] > Icon_Skully added x1 §fCharizard Wings in auction for 350000.
[08:00:13] > Icon_Skully added x1 §fEnder Eye Knife in auction for 125000.
[08:00:54] > Icon_Skully remove x1 §fCharizard Wings from storage
[08:03:28] > Icon_Skully added x1 §f§x§8§E§5§F§2§EC§x§9§4§6§3§3§0o§x§9§A§6§7§3§2w§x§A§0§6§B§3§4b§x§A§6§6§F§3§6o§x§A§B§7§3§3§7y§x§B§1§7§7§3§9 §x§B§7§7§B§3§BH§x§B§D§7§F§3§Da§x§C§3§8§3§3§Ft in auction for 15000.
[08:03:41] > NoClarity buy x1 §f§x§8§E§5§F§2§EC§x§9§4§6§3§3§0o§x§9§A§6§7§3§2w§x§A§0§6§B§3§4b§x§A§6§6§F§3§6o§x§A§B§7§3§3§7y§x§B§1§7§7§3§9 §x§B§7§7§B§3§BH§x§B§D§7§F§3§Da§x§C§3§8§3§3§Ft to Icon_Skully for $15,000.
[08:03:48] > Icon_Skully added x2 §x§C§9§A§7§F§C§lL§x§B§D§A§E§F§6§le§x§B§1§B§4§F§0§lg§x§A§6§B§B§E§A§le§x§9§A§C§1§E§4§ln§x§8§E§C§8§D§D§ld§x§8§2§C§E§D§7§la§x§7§7§D§5§D§1§lr§x§6§B§D§B§C§B§ly §x§6§B§D§B§C§B§lC§x§7§7§D§5§D§1§lr§x§8§2§C§E§D§7§la§x§8§E§C§8§D§D§lt§x§9§A§C§1§E§4§le §x§B§1§B§4§F§0§lK§x§B§D§A§E§F§6§le§x§C§9§A§7§F§C§ly in auction for 14000.
[08:03:57] > NoClarity buy x2 §x§C§9§A§7§F§C§lL§x§B§D§A§E§F§6§le§x§B§1§B§4§F§0§lg§x§A§6§B§B§E§A§le§x§9§A§C§1§E§4§ln§x§8§E§C§8§D§D§ld§x§8§2§C§E§D§7§la§x§7§7§D§5§D§1§lr§x§6§B§D§B§C§B§ly §x§6§B§D§B§C§B§lC§x§7§7§D§5§D§1§lr§x§8§2§C§E§D§7§la§x§8§E§C§8§D§D§lt§x§9§A§C§1§E§4§le §x§B§1§B§4§F§0§lK§x§B§D§A§E§F§6§le§x§C§9§A§7§F§C§ly to Icon_Skully for $14,000.
[08:05:43] > Icon_Skully added x5 §x§F§C§D§0§5§C§lB§x§E§6§D§3§6§B§la§x§C§F§D§5§7§A§ls§x§B§9§D§8§8§9§li§x§A§2§D§A§9§8§lc §x§7§5§D§F§B§6§lC§x§5§F§E§2§C§5§lr§x§7§5§D§F§B§6§la§x§8§C§D§D§A§7§lt§x§A§2§D§A§9§8§le §x§C§F§D§5§7§A§lK§x§E§6§D§3§6§B§le§x§F§C§D§0§5§C§ly in auction for 10.
[08:05:57] > Icon_Skully added x1 §x§5§C§C§F§F§C§lC§x§5§C§D§1§F§5§lo§x§5§D§D§4§E§E§ls§x§5§D§D§6§E§7§lm§x§5§E§D§9§E§1§le§x§5§E§D§B§D§A§lt§x§5§E§D§D§D§3§li§x§5§F§E§0§C§C§lc §x§5§F§E§0§C§C§lH§x§5§E§D§D§D§3§la§x§5§E§D§B§D§A§lt§x§5§E§D§9§E§1§ls §x§5§D§D§4§E§E§lK§x§5§C§D§1§F§5§le§x§5§C§C§F§F§C§ly in auction for 140.
[08:31:52] > NoClarity added x2 Netherite upgrade smithing template in auction for 50000.
[08:31:57] > NoClarity remove x1 §f§x§8§E§5§F§2§EC§x§9§4§6§3§3§0o§x§9§A§6§7§3§2w§x§A§0§6§B§3§4b§x§A§6§6§F§3§6o§x§A§B§7§3§3§7y§x§B§1§7§7§3§9 §x§B§7§7§B§3§BH§x§B§D§7§F§3§Da§x§C§3§8§3§3§Ft from buy
[08:34:32] > NoClarity added x1 Snout armor trim smithing template in auction for 10000.
[09:34:12] > Icon_Skully remove x1 §x§5§C§C§F§F§C§lC§x§5§C§D§1§F§5§lo§x§5§D§D§4§E§E§ls§x§5§D§D§6§E§7§lm§x§5§E§D§9§E§1§le§x§5§E§D§B§D§A§lt§x§5§E§D§D§D§3§li§x§5§F§E§0§C§C§lc §x§5§F§E§0§C§C§lH§x§5§E§D§D§D§3§la§x§5§E§D§B§D§A§lt§x§5§E§D§9§E§1§ls §x§5§D§D§4§E§E§lK§x§5§C§D§1§F§5§le§x§5§C§C§F§F§C§ly from storage
[11:27:50] > ArchKolnerDom remove x1 §x§F§F§7§C§0§0§lSteamsparks Battle Axe form storage
[11:27:50] > ArchKolnerDom remove x1 §x§F§F§7§C§0§0§lSteamsparks Hammer form storage