
[12:09:15] > SephtisMC added x3 §x§F§F§3§E§0§0§lSellwand Voucher in auction for 50000.
[12:09:20] > antheslouch buy x3 §x§F§F§3§E§0§0§lSellwand Voucher to SephtisMC for $50,000.
[12:09:25] > antheslouch remove x3 §x§F§F§3§E§0§0§lSellwand Voucher from buy
[12:10:49] > TostyZura added x1 §x§F§F§5§5§0§0§lsᴇʟʟᴡᴀɴᴅ §6- 5.0x in auction for 300000.
[12:11:02] > SoulessBaron buy x1 §x§F§F§5§5§0§0§lsᴇʟʟᴡᴀɴᴅ §6- 5.0x to TostyZura for $300,000.
[12:11:28] > TostyZura added x1 §x§F§F§3§E§0§0§lD§x§F§F§3§6§0§0§le§x§F§F§2§F§0§0§lm§x§F§F§2§7§0§0§lo§x§F§F§1§F§0§0§ln §x§F§F§1§0§0§0§lL§x§F§F§0§8§0§0§lo§x§F§F§0§0§0§0§lr§x§F§F§0§9§0§0§ld §x§F§F§1§B§0§0§lS§x§F§F§2§3§0§0§lt§x§F§F§2§C§0§0§la§x§F§F§3§5§0§0§lf§x§F§F§3§E§0§0§lf in auction for 50000.
[12:11:39] > TostyZura added x1 §x§F§F§3§E§0§0§lD§x§F§F§3§7§0§0§le§x§F§F§3§0§0§0§lm§x§F§F§2§9§0§0§lo§x§F§F§2§2§0§0§ln §x§F§F§1§5§0§0§lL§x§F§F§0§E§0§0§lo§x§F§F§0§7§0§0§lr§x§F§F§0§0§0§0§ld §x§F§F§0§E§0§0§lF§x§F§F§1§5§0§0§lr§x§F§F§1§C§0§0§la§x§F§F§2§2§0§0§lg§x§F§F§2§9§0§0§lm§x§F§F§3§0§0§0§le§x§F§F§3§7§0§0§ln§x§F§F§3§E§0§0§lt in auction for 20000.
[12:11:46] > SoulessBaron buy x1 §x§F§F§3§E§0§0§lD§x§F§F§3§7§0§0§le§x§F§F§3§0§0§0§lm§x§F§F§2§9§0§0§lo§x§F§F§2§2§0§0§ln §x§F§F§1§5§0§0§lL§x§F§F§0§E§0§0§lo§x§F§F§0§7§0§0§lr§x§F§F§0§0§0§0§ld §x§F§F§0§E§0§0§lF§x§F§F§1§5§0§0§lr§x§F§F§1§C§0§0§la§x§F§F§2§2§0§0§lg§x§F§F§2§9§0§0§lm§x§F§F§3§0§0§0§le§x§F§F§3§7§0§0§ln§x§F§F§3§E§0§0§lt to TostyZura for $20,000.
[12:11:50] > SoulessBaron remove x1 §x§F§F§3§E§0§0§lD§x§F§F§3§7§0§0§le§x§F§F§3§0§0§0§lm§x§F§F§2§9§0§0§lo§x§F§F§2§2§0§0§ln §x§F§F§1§5§0§0§lL§x§F§F§0§E§0§0§lo§x§F§F§0§7§0§0§lr§x§F§F§0§0§0§0§ld §x§F§F§0§E§0§0§lF§x§F§F§1§5§0§0§lr§x§F§F§1§C§0§0§la§x§F§F§2§2§0§0§lg§x§F§F§2§9§0§0§lm§x§F§F§3§0§0§0§le§x§F§F§3§7§0§0§ln§x§F§F§3§E§0§0§lt from buy
[12:12:34] > st3ph426 added x1 Mace in auction for 500000.
[12:13:02] > st3ph426 remove x1 Mace from storage
[12:29:11] > Seris00 added x64 Iron block in auction for 22400.
[12:29:22] > Seris00 added x64 Iron block in auction for 22400.
[12:29:35] > Seris00 added x64 Iron block in auction for 22400.
[12:29:47] > Seris00 added x64 Iron block in auction for 22400.
[12:29:49] > FRANZ_JOSEF0 remove x1 §x§5§9§A§1§D§9§lA§x§7§5§B§1§D§Fr§x§9§0§C§0§E§6c§x§A§C§D§0§E§Ch§x§C§8§E§0§F§2a§x§E§3§E§F§F§9n§fg§x§E§3§E§F§F§9e§x§C§8§E§0§F§2l §x§9§0§C§0§E§6H§x§7§5§B§1§D§Fo§x§5§9§A§1§D§9e from storage
[12:29:55] > Lan3dy buy x64 Iron block to Seris00 for $22,400.
[12:30:01] > Lan3dy remove x64 Iron block from buy
[12:30:01] > Seris00 added x64 Iron block in auction for 22400.
[12:30:16] > Seris00 added x64 Iron block in auction for 22400.
[12:43:05] > Cooldoggiexd buy x64 Iron block to Seris00 for $22,400.
[12:43:11] > Cooldoggiexd remove x64 Iron block from buy
[12:43:23] > geoxify buy x64 SFC to tic_sz for $2,000.
[12:44:24] > geoxify remove x64 SFC from buy
[12:46:04] > omikiyomi added x1 §x§F§F§5§5§0§0§lsᴇʟʟᴡᴀɴᴅ §6- 5.0x in auction for 300000.
[12:46:10] > king_ARK buy x1 §x§F§F§5§5§0§0§lsᴇʟʟᴡᴀɴᴅ §6- 5.0x to omikiyomi for $300,000.
[12:52:46] > CoreyNabuko added x1 §x§F§F§5§5§0§0§lsᴇʟʟᴡᴀɴᴅ §6- 5.0x in auction for 450000.
[12:52:52] > king_ARK buy x1 §x§F§F§5§5§0§0§lsᴇʟʟᴡᴀɴᴅ §6- 5.0x to CoreyNabuko for $450,000.
[13:02:55] > Pharolen2 buy x1 §x§F§0§7§A§5§4§lZombie Apocalyptic Key to HPMR_GaMerz for $400,000.
[13:03:00] > Pharolen2 remove x1 §x§F§0§7§A§5§4§lZombie Apocalyptic Key from buy
[13:03:04] > minecraft added x1 Heavy core in auction for 700000.
[13:05:11] > Pharolen2 buy x1 §x§F§0§7§A§5§4§lZombie Apocalyptic Key to HPMR_GaMerz for $400,000.
[13:05:13] > Pharolen2 buy x1 §x§F§0§7§A§5§4§lZombie Apocalyptic Key to HPMR_GaMerz for $400,000.
[13:05:17] > Pharolen2 remove x1 §x§F§0§7§A§5§4§lZombie Apocalyptic Key from buy
[13:05:18] > Pharolen2 remove x1 §x§F§0§7§A§5§4§lZombie Apocalyptic Key from buy
[13:08:52] > BlackKnight buy x1 §x§F§F§3§E§0§0§lD§x§F§F§3§6§0§0§le§x§F§F§2§F§0§0§lm§x§F§F§2§7§0§0§lo§x§F§F§1§F§0§0§ln §x§F§F§1§0§0§0§lL§x§F§F§0§8§0§0§lo§x§F§F§0§0§0§0§lr§x§F§F§0§9§0§0§ld §x§F§F§1§B§0§0§lS§x§F§F§2§3§0§0§lt§x§F§F§2§C§0§0§la§x§F§F§3§5§0§0§lf§x§F§F§3§E§0§0§lf to TostyZura for $50,000.
[13:10:13] > ZAFF remove x1 §e§lCrab Scale from buy
[13:14:31] > HPMR_GaMerz remove x1 Enchanted book from buy
[13:14:32] > HPMR_GaMerz remove x1 Enchanted book from buy
[13:14:33] > HPMR_GaMerz remove x1 Enchanted book from buy
[13:14:33] > HPMR_GaMerz remove x1 Enchanted book from buy
[13:14:34] > HPMR_GaMerz remove x1 Enchanted book from buy
[13:14:52] > HPMR_GaMerz added x1 Enchanted book in auction for 5000.
[13:15:04] > HPMR_GaMerz added x1 Enchanted book in auction for 5000.
[13:15:10] > HPMR_GaMerz buy x64 Iron block to Seris00 for $22,400.
[13:15:11] > HPMR_GaMerz buy x64 Iron block to Seris00 for $22,400.
[13:15:13] > HPMR_GaMerz buy x64 Iron block to Seris00 for $22,400.
[13:15:14] > HPMR_GaMerz buy x64 Iron block to Seris00 for $22,400.
[13:29:18] > minecraft remove x1 Heavy core from storage
[13:29:23] > minecraft remove x1 Heavy core from expire
[13:29:34] > minecraft added x1 Heavy core in auction for 600000.
[13:33:05] > .SharkyisHungry remove x1 §3§lDolphin Tail from buy
[13:33:10] > .SharkyisHungry remove x1 §x§F§0§7§A§5§4§lZombie Apocalyptic Leggings from buy
[13:41:42] > FRANZ_JOSEF0 buy x1 §aClaim Wand to llhxnce for $10.
[13:43:13] > MrZyrus7228 added x13 Gold block in auction for 10000.
[13:43:23] > giyahnpogi buy x13 Gold block to MrZyrus7228 for $10,000.
[13:44:05] > giyahnpogi remove x13 Gold block from buy
[13:51:27] > MrZyrus7228 added x3 Diamond in auction for 300.
[13:51:33] > TostyZura buy x3 Diamond to MrZyrus7228 for $300.
[13:52:30] > HPMR_GaMerz remove x64 Iron block from buy
[13:52:31] > HPMR_GaMerz remove x64 Iron block from buy
[13:52:31] > HPMR_GaMerz remove x64 Iron block from buy
[13:52:32] > HPMR_GaMerz remove x64 Iron block from buy
[13:57:10] > MrZyrus7228 added x22 Diamond in auction for 2200.
[13:57:15] > HPMR_GaMerz buy x22 Diamond to MrZyrus7228 for $2,200.
[13:57:43] > MrZyrus7228 added x11 Diamond in auction for 1100.
[13:57:48] > HPMR_GaMerz buy x11 Diamond to MrZyrus7228 for $1,100.
[14:02:29] > x1 §x§5§C§C§F§F§C§lC§x§5§C§D§1§F§5§lo§x§5§D§D§4§E§E§ls§x§5§D§D§6§E§7§lm§x§5§E§D§9§E§1§le§x§5§E§D§B§D§A§lt§x§5§E§D§D§D§3§li§x§5§F§E§0§C§C§lc §x§5§F§E§0§C§C§lH§x§5§E§D§D§D§3§la§x§5§E§D§B§D§A§lt§x§5§E§D§9§E§1§ls §x§5§D§D§4§E§E§lK§x§5§C§D§1§F§5§le§x§5§C§C§F§F§C§ly on sale by Forcebenzz has just expired, it goes in the inventory of expired items.
[14:06:12] > .SharkyisHungry added x1 §esᴋᴇʟᴇᴛᴏɴ sᴘᴀᴡɴᴇʀ in auction for 375000.
[14:06:32] > minecraft added x1 §esᴋᴇʟᴇᴛᴏɴ sᴘᴀᴡɴᴇʀ in auction for 375000.
[14:06:47] > minecraft added x1 §eᴢᴏᴍʙɪᴇ sᴘᴀᴡɴᴇʀ in auction for 400000.
[14:07:06] > MrZyrus7228 buy x1 §eᴢᴏᴍʙɪᴇ sᴘᴀᴡɴᴇʀ to minecraft for $400,000.
[14:07:08] > MrZyrus7228 buy x1 §esᴋᴇʟᴇᴛᴏɴ sᴘᴀᴡɴᴇʀ to minecraft for $375,000.
[14:07:15] > P4LDOK buy x1 §esᴋᴇʟᴇᴛᴏɴ sᴘᴀᴡɴᴇʀ to .SharkyisHungry for $375,000.
[14:07:31] > P4LDOK remove x1 §esᴋᴇʟᴇᴛᴏɴ sᴘᴀᴡɴᴇʀ from buy
[14:10:13] > st3ph426 added x1 §x§9§8§6§3§E§7§lG§x§9§0§7§5§E§2§lo§x§8§8§8§7§D§D§ld§x§8§0§9§9§D§8§ll§x§7§7§A§C§D§4§ly §x§6§7§D§0§C§A§lC§x§5§F§E§2§C§5§lr§x§6§7§D§0§C§A§la§x§6§F§B§E§C§F§lt§x§7§7§A§C§D§4§le §x§8§8§8§7§D§D§lK§x§9§0§7§5§E§2§le§x§9§8§6§3§E§7§ly in auction for 500000.
[14:20:44] > st3ph426 remove x1 §x§9§8§6§3§E§7§lG§x§9§0§7§5§E§2§lo§x§8§8§8§7§D§D§ld§x§8§0§9§9§D§8§ll§x§7§7§A§C§D§4§ly §x§6§7§D§0§C§A§lC§x§5§F§E§2§C§5§lr§x§6§7§D§0§C§A§la§x§6§F§B§E§C§F§lt§x§7§7§A§C§D§4§le §x§8§8§8§7§D§D§lK§x§9§0§7§5§E§2§le§x§9§8§6§3§E§7§ly from storage
[14:21:00] > st3ph426 added x1 §x§9§8§6§3§E§7§lG§x§9§0§7§5§E§2§lo§x§8§8§8§7§D§D§ld§x§8§0§9§9§D§8§ll§x§7§7§A§C§D§4§ly §x§6§7§D§0§C§A§lC§x§5§F§E§2§C§5§lr§x§6§7§D§0§C§A§la§x§6§F§B§E§C§F§lt§x§7§7§A§C§D§4§le §x§8§8§8§7§D§D§lK§x§9§0§7§5§E§2§le§x§9§8§6§3§E§7§ly in auction for 350000.
[14:21:45] > .SharkyisHungry buy x1 §x§9§8§6§3§E§7§lG§x§9§0§7§5§E§2§lo§x§8§8§8§7§D§D§ld§x§8§0§9§9§D§8§ll§x§7§7§A§C§D§4§ly §x§6§7§D§0§C§A§lC§x§5§F§E§2§C§5§lr§x§6§7§D§0§C§A§la§x§6§F§B§E§C§F§lt§x§7§7§A§C§D§4§le §x§8§8§8§7§D§D§lK§x§9§0§7§5§E§2§le§x§9§8§6§3§E§7§ly to st3ph426 for $350,000.
[14:22:39] > x1 §eᴄʀᴇᴇᴘᴇʀ sᴘᴀᴡɴᴇʀ, item of BunnyOmatic, has just expired, the item is definitively deleted.
[14:22:40] > Artdeh remove x1 Visit /pwarp IronShop for Iron Blocks from expire
[14:22:57] > Artdeh added x1 Visit /pwarp IronShop for Iron Blocks in auction for 100000000.
[14:24:48] > MrZyrus7228 added x64 Diamond in auction for 12000.
[14:24:56] > giyahnpogi buy x64 Diamond to MrZyrus7228 for $12,000.
[14:24:59] > MrZyrus7228 added x64 Diamond in auction for 12000.
[14:25:07] > .Kenku1001 buy x64 Diamond to MrZyrus7228 for $12,000.
[14:25:14] > MrZyrus7228 added x64 Diamond in auction for 12000.
[14:25:19] > .Kenku1001 remove x64 Diamond from buy
[14:25:24] > .Kenku1001 buy x64 Diamond to MrZyrus7228 for $12,000.
[14:25:24] > MrZyrus7228 added x64 Diamond in auction for 12000.
[14:25:32] > .Kenku1001 buy x64 Diamond to MrZyrus7228 for $12,000.
[14:25:41] > MrZyrus7228 added x64 Diamond in auction for 12000.
[14:25:44] > .Kenku1001 buy x64 Diamond to MrZyrus7228 for $12,000.
[14:25:53] > MrZyrus7228 added x64 Diamond in auction for 12000.
[14:25:58] > .Kenku1001 buy x64 Diamond to MrZyrus7228 for $12,000.
[14:26:05] > MrZyrus7228 added x52 Diamond in auction for 10000.
[14:26:10] > .Kenku1001 buy x52 Diamond to MrZyrus7228 for $10,000.
[14:26:21] > .Kenku1001 remove x64 Diamond from buy
[14:26:21] > .Kenku1001 remove x64 Diamond from buy
[14:26:22] > .Kenku1001 remove x64 Diamond from buy
[14:26:22] > .Kenku1001 remove x64 Diamond from buy
[14:26:23] > .Kenku1001 remove x52 Diamond from buy
[14:28:45] > MrZyrus7228 remove x1 §eʙʟᴀᴢᴇ sᴘᴀᴡɴᴇʀ from buy
[14:28:45] > MrZyrus7228 remove x1 §esᴋᴇʟᴇᴛᴏɴ sᴘᴀᴡɴᴇʀ from buy
[14:28:46] > MrZyrus7228 remove x1 §eᴢᴏᴍʙɪᴇ sᴘᴀᴡɴᴇʀ from buy
[14:34:25] > .Kenmbu added x1 §x§F§2§C§6§D§E§lP§x§E§0§C§A§D§B§li§x§C§D§C§D§D§8§ln§x§B§B§D§1§D§5§la§x§A§9§D§4§D§2§lt§x§9§6§D§8§C§E§la §x§7§1§D§F§C§8§lC§x§5§F§E§2§C§5§lr§x§7§4§D§E§C§9§la§x§8§9§D§A§C§C§lt§x§9§E§D§6§D§0§le §x§C§8§C§E§D§7§lK§x§D§D§C§A§D§A§le§x§F§2§C§6§D§E§ly in auction for 3000000.
[14:34:39] > .Kenmbu added x1 §x§F§2§C§6§D§E§lP§x§E§0§C§A§D§B§li§x§C§D§C§D§D§8§ln§x§B§B§D§1§D§5§la§x§A§9§D§4§D§2§lt§x§9§6§D§8§C§E§la §x§7§1§D§F§C§8§lC§x§5§F§E§2§C§5§lr§x§7§4§D§E§C§9§la§x§8§9§D§A§C§C§lt§x§9§E§D§6§D§0§le §x§C§8§C§E§D§7§lK§x§D§D§C§A§D§A§le§x§F§2§C§6§D§E§ly in auction for 3000000.
[14:34:40] > st3ph426 added x2 §x§F§2§C§6§D§E§lP§x§E§0§C§A§D§B§li§x§C§D§C§D§D§8§ln§x§B§B§D§1§D§5§la§x§A§9§D§4§D§2§lt§x§9§6§D§8§C§E§la §x§7§1§D§F§C§8§lC§x§5§F§E§2§C§5§lr§x§7§4§D§E§C§9§la§x§8§9§D§A§C§C§lt§x§9§E§D§6§D§0§le §x§C§8§C§E§D§7§lK§x§D§D§C§A§D§A§le§x§F§2§C§6§D§E§ly in auction for 1200000.
[14:34:40] > Pewpew added x2 §x§5§C§C§F§F§C§lC§x§5§C§D§1§F§5§lo§x§5§D§D§4§E§E§ls§x§5§D§D§6§E§7§lm§x§5§E§D§9§E§1§le§x§5§E§D§B§D§A§lt§x§5§E§D§D§D§3§li§x§5§F§E§0§C§C§lc §x§5§F§E§0§C§C§lH§x§5§E§D§D§D§3§la§x§5§E§D§B§D§A§lt§x§5§E§D§9§E§1§ls §x§5§D§D§4§E§E§lK§x§5§C§D§1§F§5§le§x§5§C§C§F§F§C§ly in auction for 200000.
[14:35:09] > Sezemi added x1 §x§5§C§C§F§F§C§lC§x§5§C§D§1§F§5§lo§x§5§D§D§4§E§E§ls§x§5§D§D§6§E§7§lm§x§5§E§D§9§E§1§le§x§5§E§D§B§D§A§lt§x§5§E§D§D§D§3§li§x§5§F§E§0§C§C§lc §x§5§F§E§0§C§C§lH§x§5§E§D§D§D§3§la§x§5§E§D§B§D§A§lt§x§5§E§D§9§E§1§ls §x§5§D§D§4§E§E§lK§x§5§C§D§1§F§5§le§x§5§C§C§F§F§C§ly in auction for 20000.
[14:35:14] > HPMR_GaMerz buy x1 §x§5§C§C§F§F§C§lC§x§5§C§D§1§F§5§lo§x§5§D§D§4§E§E§ls§x§5§D§D§6§E§7§lm§x§5§E§D§9§E§1§le§x§5§E§D§B§D§A§lt§x§5§E§D§D§D§3§li§x§5§F§E§0§C§C§lc §x§5§F§E§0§C§C§lH§x§5§E§D§D§D§3§la§x§5§E§D§B§D§A§lt§x§5§E§D§9§E§1§ls §x§5§D§D§4§E§E§lK§x§5§C§D§1§F§5§le§x§5§C§C§F§F§C§ly to Sezemi for $20,000.
[14:35:38] > .Kenku1001 added x1 §x§5§C§C§F§F§C§lC§x§5§C§D§1§F§5§lo§x§5§D§D§4§E§E§ls§x§5§D§D§6§E§7§lm§x§5§E§D§9§E§1§le§x§5§E§D§B§D§A§lt§x§5§E§D§D§D§3§li§x§5§F§E§0§C§C§lc §x§5§F§E§0§C§C§lH§x§5§E§D§D§D§3§la§x§5§E§D§B§D§A§lt§x§5§E§D§9§E§1§ls §x§5§D§D§4§E§E§lK§x§5§C§D§1§F§5§le§x§5§C§C§F§F§C§ly in auction for 100000.
[14:36:09] > .Kenku1001 added x1 §x§F§F§3§E§0§0§lSellwand Voucher in auction for 350000.
[14:36:13] > Raylii buy x1 §x§F§F§3§E§0§0§lSellwand Voucher to .Kenku1001 for $350,000.
[14:37:11] > .SharkyisHungry remove x1 §x§9§8§6§3§E§7§lG§x§9§0§7§5§E§2§lo§x§8§8§8§7§D§D§ld§x§8§0§9§9§D§8§ll§x§7§7§A§C§D§4§ly §x§6§7§D§0§C§A§lC§x§5§F§E§2§C§5§lr§x§6§7§D§0§C§A§la§x§6§F§B§E§C§F§lt§x§7§7§A§C§D§4§le §x§8§8§8§7§D§D§lK§x§9§0§7§5§E§2§le§x§9§8§6§3§E§7§ly from buy
[14:37:15] > .Kenku1001 added x1 §x§F§F§3§E§0§0§lSellwand Voucher in auction for 400000.
[14:37:19] > koshie buy x1 §x§F§F§3§E§0§0§lSellwand Voucher to .Kenku1001 for $400,000.
[14:38:21] > koshie remove x1 §x§F§F§3§E§0§0§lSellwand Voucher from buy
[14:39:32] > .SharkyisHungry added x1 §x§9§8§6§3§E§7§lG§x§9§0§7§5§E§2§lo§x§8§8§8§7§D§D§ld§x§8§0§9§9§D§8§ll§x§7§7§A§C§D§4§ly §x§6§7§D§0§C§A§lC§x§5§F§E§2§C§5§lr§x§6§7§D§0§C§A§la§x§6§F§B§E§C§F§lt§x§7§7§A§C§D§4§le §x§8§8§8§7§D§D§lK§x§9§0§7§5§E§2§le§x§9§8§6§3§E§7§ly in auction for 300000.
[14:39:43] > Sezemi buy x1 §x§9§8§6§3§E§7§lG§x§9§0§7§5§E§2§lo§x§8§8§8§7§D§D§ld§x§8§0§9§9§D§8§ll§x§7§7§A§C§D§4§ly §x§6§7§D§0§C§A§lC§x§5§F§E§2§C§5§lr§x§6§7§D§0§C§A§la§x§6§F§B§E§C§F§lt§x§7§7§A§C§D§4§le §x§8§8§8§7§D§D§lK§x§9§0§7§5§E§2§le§x§9§8§6§3§E§7§ly to .SharkyisHungry for $300,000.
[14:40:01] > grit_zy buy x2 Wither rose to celinesanrio for $10,000.
[14:40:07] > grit_zy remove x2 Wither rose from buy
[14:40:07] > grit_zy remove x1 §fHorns from buy
[14:40:08] > grit_zy remove x1 panis na ulam from buy
[14:40:53] > Sezemi remove x1 §x§9§8§6§3§E§7§lG§x§9§0§7§5§E§2§lo§x§8§8§8§7§D§D§ld§x§8§0§9§9§D§8§ll§x§7§7§A§C§D§4§ly §x§6§7§D§0§C§A§lC§x§5§F§E§2§C§5§lr§x§6§7§D§0§C§A§la§x§6§F§B§E§C§F§lt§x§7§7§A§C§D§4§le §x§8§8§8§7§D§D§lK§x§9§0§7§5§E§2§le§x§9§8§6§3§E§7§ly from buy
[14:40:54] > Sezemi remove x1 §x§9§8§6§3§E§7§lG§x§9§0§7§5§E§2§lo§x§8§8§8§7§D§D§ld§x§8§0§9§9§D§8§ll§x§7§7§A§C§D§4§ly §x§6§7§D§0§C§A§lC§x§5§F§E§2§C§5§lr§x§6§7§D§0§C§A§la§x§6§F§B§E§C§F§lt§x§7§7§A§C§D§4§le §x§8§8§8§7§D§D§lK§x§9§0§7§5§E§2§le§x§9§8§6§3§E§7§ly from buy
[14:41:28] > Seris00 added x64 Iron block in auction for 22400.
[14:41:39] > Seris00 added x64 Iron block in auction for 22400.
[14:41:51] > Seris00 added x64 Iron block in auction for 22400.
[14:42:07] > Seris00 added x64 Iron block in auction for 22400.
[14:42:19] > Seris00 added x64 Iron block in auction for 22400.
[14:45:21] > Padjibarr added x1 §f§l§x§F§A§0§0§0§AD§x§F§A§1§E§1§6a§x§F§B§3§B§2§1r§x§F§B§5§9§2§Dk§x§F§B§7§7§3§9f§x§F§B§9§5§4§5l§x§F§C§B§2§5§0a§x§F§C§D§0§5§Cm§x§F§C§D§0§5§Ce§x§F§C§B§2§5§0 §x§F§B§9§5§4§5H§x§F§B§7§7§3§9e§x§F§B§5§9§2§Dl§x§F§B§3§B§2§1m§x§F§A§1§E§1§6e§x§F§A§0§0§0§At in auction for 500000.
[14:51:58] > mauserdart added x1 §x§F§F§5§5§0§0§lsᴇʟʟᴡᴀɴᴅ §6- 10.0x in auction for 800000.
[14:52:01] > Kyslee buy x1 §x§F§F§5§5§0§0§lsᴇʟʟᴡᴀɴᴅ §6- 10.0x to mauserdart for $800,000.
[14:52:11] > mauserdart added x1 §x§F§F§5§5§0§0§lsᴇʟʟᴡᴀɴᴅ §6- 5.0x in auction for 400000.
[14:52:14] > Kyslee buy x1 §x§F§F§5§5§0§0§lsᴇʟʟᴡᴀɴᴅ §6- 5.0x to mauserdart for $400,000.
[14:52:25] > mauserdart added x1 §x§F§F§5§5§0§0§lsᴇʟʟᴡᴀɴᴅ §6- 5.0x in auction for 400000.
[14:52:29] > Raylii buy x1 §x§F§F§5§5§0§0§lsᴇʟʟᴡᴀɴᴅ §6- 5.0x to mauserdart for $400,000.
[14:58:51] > Padjibarr remove x1 §f§l§x§F§A§0§0§0§AD§x§F§A§1§E§1§6a§x§F§B§3§B§2§1r§x§F§B§5§9§2§Dk§x§F§B§7§7§3§9f§x§F§B§9§5§4§5l§x§F§C§B§2§5§0a§x§F§C§D§0§5§Cm§x§F§C§D§0§5§Ce§x§F§C§B§2§5§0 §x§F§B§9§5§4§5H§x§F§B§7§7§3§9e§x§F§B§5§9§2§Dl§x§F§B§3§B§2§1m§x§F§A§1§E§1§6e§x§F§A§0§0§0§At from storage
[14:58:57] > Padjibarr buy x64 Iron block to Seris00 for $22,400.
[14:58:59] > Padjibarr buy x64 Iron block to Seris00 for $22,400.
[14:59:01] > Padjibarr buy x64 Iron block to Seris00 for $22,400.
[14:59:03] > Padjibarr buy x64 Iron block to Seris00 for $22,400.
[14:59:05] > Padjibarr buy x64 Iron block to Seris00 for $22,400.
[15:00:56] > Padjibarr remove x64 Glowstone form buy
[15:00:56] > Padjibarr remove x17 Iron block form buy
[15:00:56] > Padjibarr remove x17 Iron block form buy
[15:00:56] > Padjibarr remove x17 Iron block form buy
[15:00:56] > Padjibarr remove x17 Iron block form buy
[15:00:56] > Padjibarr remove x17 Iron block form buy
[15:02:12] > .Kenku1001 added x1 §f§l§x§F§C§D§0§5§CW§x§F§A§A§6§4§Au§x§F§8§7§D§3§7k§x§F§7§5§3§2§5o§x§F§5§2§A§1§2n§x§F§3§0§0§0§0g§x§F§5§2§A§1§2 §x§F§7§5§3§2§5C§x§F§8§7§D§3§7l§x§F§A§A§6§4§Au§x§F§C§D§0§5§Cb in auction for 500000.
[15:02:25] > .Kenku1001 added x1 §f§l§x§F§C§D§0§5§CW§x§F§B§B§6§5§1u§x§F§A§9§C§4§5k§x§F§9§8§2§3§Ao§x§F§8§6§8§2§En§x§F§6§4§E§2§3g§x§F§5§3§4§1§7 §x§F§4§1§A§0§CG§x§F§3§0§0§0§0r§x§F§4§1§A§0§Ce§x§F§5§3§4§1§7a§x§F§6§4§E§2§3t§x§F§8§6§8§2§Es§x§F§9§8§2§3§Aw§x§F§A§9§C§4§5o§x§F§B§B§6§5§1r§x§F§C§D§0§5§Cd in auction for 100000.
[15:03:04] > Pewpew added x1 §eᴄʀᴇᴇᴘᴇʀ sᴘᴀᴡɴᴇʀ in auction for 1000000.
[15:07:18] > Seris00 added x64 Iron block in auction for 22400.
[15:07:28] > Seris00 added x64 Iron block in auction for 22400.
[15:07:39] > Seris00 added x64 Iron block in auction for 22400.
[15:07:51] > Seris00 added x64 Iron block in auction for 22400.
[15:08:05] > Seris00 added x64 Iron block in auction for 22400.
[15:11:04] > celinesanrio remove x1 §9§lCrab Claw from storage
[15:11:04] > celinesanrio remove x1 §e§lCrab Scale from storage
[15:11:08] > celinesanrio added x1 §9§lCrab Claw in auction for 10000.
[15:11:18] > celinesanrio added x1 §e§lCrab Scale in auction for 10000.
[15:11:37] > SP3CC_ added x1 §x§5§C§C§F§F§C§lC§x§5§C§D§1§F§5§lo§x§5§D§D§4§E§E§ls§x§5§D§D§6§E§7§lm§x§5§E§D§9§E§1§le§x§5§E§D§B§D§A§lt§x§5§E§D§D§D§3§li§x§5§F§E§0§C§C§lc §x§5§F§E§0§C§C§lH§x§5§E§D§D§D§3§la§x§5§E§D§B§D§A§lt§x§5§E§D§9§E§1§ls §x§5§D§D§4§E§E§lK§x§5§C§D§1§F§5§le§x§5§C§C§F§F§C§ly in auction for 100000.
[15:11:46] > .Kenku1001 remove x1 §x§5§C§C§F§F§C§lC§x§5§C§D§1§F§5§lo§x§5§D§D§4§E§E§ls§x§5§D§D§6§E§7§lm§x§5§E§D§9§E§1§le§x§5§E§D§B§D§A§lt§x§5§E§D§D§D§3§li§x§5§F§E§0§C§C§lc §x§5§F§E§0§C§C§lH§x§5§E§D§D§D§3§la§x§5§E§D§B§D§A§lt§x§5§E§D§9§E§1§ls §x§5§D§D§4§E§E§lK§x§5§C§D§1§F§5§le§x§5§C§C§F§F§C§ly from storage
[15:11:48] > .Kenku1001 remove x1 §x§5§C§C§F§F§C§lC§x§5§C§D§1§F§5§lo§x§5§D§D§4§E§E§ls§x§5§D§D§6§E§7§lm§x§5§E§D§9§E§1§le§x§5§E§D§B§D§A§lt§x§5§E§D§D§D§3§li§x§5§F§E§0§C§C§lc §x§5§F§E§0§C§C§lH§x§5§E§D§D§D§3§la§x§5§E§D§B§D§A§lt§x§5§E§D§9§E§1§ls §x§5§D§D§4§E§E§lK§x§5§C§D§1§F§5§le§x§5§C§C§F§F§C§ly from storage
[15:11:49] > .Kenku1001 remove x1 §f§l§x§F§C§D§0§5§CW§x§F§A§A§6§4§Au§x§F§8§7§D§3§7k§x§F§7§5§3§2§5o§x§F§5§2§A§1§2n§x§F§3§0§0§0§0g§x§F§5§2§A§1§2 §x§F§7§5§3§2§5C§x§F§8§7§D§3§7l§x§F§A§A§6§4§Au§x§F§C§D§0§5§Cb from storage
[15:11:49] > .Kenku1001 remove x1 §f§l§x§F§C§D§0§5§CW§x§F§B§B§6§5§1u§x§F§A§9§C§4§5k§x§F§9§8§2§3§Ao§x§F§8§6§8§2§En§x§F§6§4§E§2§3g§x§F§5§3§4§1§7 §x§F§4§1§A§0§CG§x§F§3§0§0§0§0r§x§F§4§1§A§0§Ce§x§F§5§3§4§1§7a§x§F§6§4§E§2§3t§x§F§8§6§8§2§Es§x§F§9§8§2§3§Aw§x§F§A§9§C§4§5o§x§F§B§B§6§5§1r§x§F§C§D§0§5§Cd from storage
[15:11:58] > .Kenku1001 added x2 §x§5§C§C§F§F§C§lC§x§5§C§D§1§F§5§lo§x§5§D§D§4§E§E§ls§x§5§D§D§6§E§7§lm§x§5§E§D§9§E§1§le§x§5§E§D§B§D§A§lt§x§5§E§D§D§D§3§li§x§5§F§E§0§C§C§lc §x§5§F§E§0§C§C§lH§x§5§E§D§D§D§3§la§x§5§E§D§B§D§A§lt§x§5§E§D§9§E§1§ls §x§5§D§D§4§E§E§lK§x§5§C§D§1§F§5§le§x§5§C§C§F§F§C§ly in auction for 90000.
[15:12:10] > .Kenku1001 added x1 §f§l§x§F§C§D§0§5§CW§x§F§A§A§6§4§Au§x§F§8§7§D§3§7k§x§F§7§5§3§2§5o§x§F§5§2§A§1§2n§x§F§3§0§0§0§0g§x§F§5§2§A§1§2 §x§F§7§5§3§2§5C§x§F§8§7§D§3§7l§x§F§A§A§6§4§Au§x§F§C§D§0§5§Cb in auction for 250000.
[15:12:24] > .Kenku1001 added x1 §f§l§x§F§C§D§0§5§CW§x§F§B§B§6§5§1u§x§F§A§9§C§4§5k§x§F§9§8§2§3§Ao§x§F§8§6§8§2§En§x§F§6§4§E§2§3g§x§F§5§3§4§1§7 §x§F§4§1§A§0§CG§x§F§3§0§0§0§0r§x§F§4§1§A§0§Ce§x§F§5§3§4§1§7a§x§F§6§4§E§2§3t§x§F§8§6§8§2§Es§x§F§9§8§2§3§Aw§x§F§A§9§C§4§5o§x§F§B§B§6§5§1r§x§F§C§D§0§5§Cd in auction for 20000.
[15:14:09] > Seris00 remove x1 §x§5§C§C§F§F§C§lC§x§5§C§D§1§F§5§lo§x§5§D§D§4§E§E§ls§x§5§D§D§6§E§7§lm§x§5§E§D§9§E§1§le§x§5§E§D§B§D§A§lt§x§5§E§D§D§D§3§li§x§5§F§E§0§C§C§lc §x§5§F§E§0§C§C§lH§x§5§E§D§D§D§3§la§x§5§E§D§B§D§A§lt§x§5§E§D§9§E§1§ls §x§5§D§D§4§E§E§lK§x§5§C§D§1§F§5§le§x§5§C§C§F§F§C§ly from storage
[15:14:17] > Seris00 added x1 §x§F§C§9§0§5§C§lE§x§E§6§9§C§6§B§lp§x§C§F§A§7§7§A§li§x§B§9§B§3§8§9§lc §x§8§C§C§B§A§7§lC§x§7§5§D§6§B§6§lr§x§5§F§E§2§C§5§la§x§7§9§D§4§B§4§lt§x§9§3§C§7§A§2§le §x§C§8§A§B§7§F§lK§x§E§2§9§E§6§E§le§x§F§C§9§0§5§C§ly in auction for 100000.
[15:15:12] > HPMR_GaMerz added x1 §f§l§x§F§C§D§0§5§CW§x§F§B§B§D§5§4u§x§F§A§A§A§4§Bk§x§F§A§9§7§4§3o§x§F§9§8§4§3§Bn§x§F§8§7§1§3§2g§x§F§7§5§F§2§A §x§F§6§4§C§2§1B§x§F§5§3§9§1§9o§x§F§5§2§6§1§1o§x§F§4§1§3§0§8t§x§F§3§0§0§0§0s in auction for 300000.
[15:15:47] > tic_sz buy x1 §f§l§x§F§C§D§0§5§CW§x§F§B§B§D§5§4u§x§F§A§A§A§4§Bk§x§F§A§9§7§4§3o§x§F§9§8§4§3§Bn§x§F§8§7§1§3§2g§x§F§7§5§F§2§A §x§F§6§4§C§2§1B§x§F§5§3§9§1§9o§x§F§5§2§6§1§1o§x§F§4§1§3§0§8t§x§F§3§0§0§0§0s to HPMR_GaMerz for $300,000.
[15:15:49] > Seris00 remove x1 §x§F§C§9§0§5§C§lE§x§E§6§9§C§6§B§lp§x§C§F§A§7§7§A§li§x§B§9§B§3§8§9§lc §x§8§C§C§B§A§7§lC§x§7§5§D§6§B§6§lr§x§5§F§E§2§C§5§la§x§7§9§D§4§B§4§lt§x§9§3§C§7§A§2§le §x§C§8§A§B§7§F§lK§x§E§2§9§E§6§E§le§x§F§C§9§0§5§C§ly from storage
[15:15:53] > Pewpew added x1 §x§E§5§1§B§1§B§lDracula Leggings in auction for 100000.
[15:15:58] > Seris00 added x6 Turtle egg in auction for 300000.
[15:16:00] > tic_sz remove x3 §x§5§C§C§F§F§C§lC§x§5§C§D§1§F§5§lo§x§5§D§D§4§E§E§ls§x§5§D§D§6§E§7§lm§x§5§E§D§9§E§1§le§x§5§E§D§B§D§A§lt§x§5§E§D§D§D§3§li§x§5§F§E§0§C§C§lc §x§5§F§E§0§C§C§lH§x§5§E§D§D§D§3§la§x§5§E§D§B§D§A§lt§x§5§E§D§9§E§1§ls §x§5§D§D§4§E§E§lK§x§5§C§D§1§F§5§le§x§5§C§C§F§F§C§ly from buy
[15:16:01] > tic_sz remove x1 §f§l§x§F§C§D§0§5§CW§x§F§B§B§D§5§4u§x§F§A§A§A§4§Bk§x§F§A§9§7§4§3o§x§F§9§8§4§3§Bn§x§F§8§7§1§3§2g§x§F§7§5§F§2§A §x§F§6§4§C§2§1B§x§F§5§3§9§1§9o§x§F§5§2§6§1§1o§x§F§4§1§3§0§8t§x§F§3§0§0§0§0s from buy
[15:16:05] > HPMR_GaMerz buy x6 Turtle egg to Seris00 for $300,000.
[15:16:38] > Seris00 added x2 Wither skeleton skull in auction for 20000.
[15:17:27] > HPMR_GaMerz added x1 §x§E§5§1§B§1§B§lDracula Boots in auction for 300000.
[15:17:52] > HPMR_GaMerz added x1 §x§E§5§1§B§1§B§lDracula Chestplate in auction for 300000.
[15:18:25] > HPMR_GaMerz remove x6 Turtle egg from buy
[15:18:51] > HPMR_GaMerz remove x1 §x§E§5§1§B§1§B§lDracula Boots from storage
[15:18:52] > HPMR_GaMerz remove x1 §x§E§5§1§B§1§B§lDracula Chestplate from storage
[15:18:55] > celinesanrio buy x1 §x§E§5§1§B§1§B§lDracula Bow to OoferGamezYT for $150,000.
[15:18:57] > HPMR_GaMerz added x1 §x§E§5§1§B§1§B§lDracula Boots in auction for 200000.
[15:19:00] > celinesanrio remove x1 §x§E§5§1§B§1§B§lDracula Bow form buy
[15:19:07] > HPMR_GaMerz added x1 §x§E§5§1§B§1§B§lDracula Chestplate in auction for 200000.
[15:19:11] > celinesanrio added x1 §x§F§F§7§C§0§0§lSteamsparks Blade in auction for 15000.
[15:19:13] > Pewpew added x1 §f§l§x§F§C§D§0§5§CW§x§F§A§A§A§4§Bu§x§F§9§8§4§3§Bk§x§F§7§5§F§2§Ao§x§F§5§3§9§1§9n§x§F§4§1§3§0§8g §x§F§5§3§9§1§9S§x§F§7§5§F§2§At§x§F§9§8§4§3§Ba§x§F§A§A§A§4§Bf§x§F§C§D§0§5§Cf in auction for 300000.
[15:19:27] > celinesanrio buy x1 §x§E§5§1§B§1§B§lDracula Chestplate to HPMR_GaMerz for $200,000.
[15:19:28] > celinesanrio buy x1 §x§E§5§1§B§1§B§lDracula Boots to HPMR_GaMerz for $200,000.
[15:19:34] > celinesanrio remove x1 §x§E§5§1§B§1§B§lDracula Chestplate form buy
[15:19:34] > celinesanrio remove x1 §x§E§5§1§B§1§B§lDracula Boots form buy
[15:20:29] > Sezemi added x64 Dragon breath in auction for 10000.
[15:20:34] > celinesanrio buy x64 Dragon breath to Sezemi for $10,000.
[15:20:41] > celinesanrio remove x64 Dragon breath form buy
[15:22:12] > celinesanrio added x1 §f§l§x§F§C§D§0§5§CW§x§F§B§C§3§5§6u§x§F§B§B§6§5§1k§x§F§A§A§9§4§Bo§x§F§A§9§C§4§5n§x§F§9§8§F§3§Fg§x§F§9§8§2§3§A §x§F§8§7§5§3§4C§x§F§8§6§8§2§Eh§x§F§7§5§B§2§8e§x§F§6§4§E§2§3s§x§F§6§4§1§1§Dt§x§F§5§3§4§1§7p§x§F§5§2§7§1§1l§x§F§4§1§A§0§Ca§x§F§4§0§D§0§6t§x§F§3§0§0§0§0e in auction for 50000.
[15:22:23] > celinesanrio added x1 §f§l§x§F§C§D§0§5§CW§x§F§B§B§D§5§4u§x§F§A§A§A§4§Bk§x§F§A§9§7§4§3o§x§F§9§8§4§3§Bn§x§F§8§7§1§3§2g§x§F§7§5§F§2§A §x§F§6§4§C§2§1B§x§F§5§3§9§1§9o§x§F§5§2§6§1§1o§x§F§4§1§3§0§8t§x§F§3§0§0§0§0s in auction for 50000.
[15:22:31] > tic_sz buy x1 §f§l§x§F§C§D§0§5§CW§x§F§B§B§D§5§4u§x§F§A§A§A§4§Bk§x§F§A§9§7§4§3o§x§F§9§8§4§3§Bn§x§F§8§7§1§3§2g§x§F§7§5§F§2§A §x§F§6§4§C§2§1B§x§F§5§3§9§1§9o§x§F§5§2§6§1§1o§x§F§4§1§3§0§8t§x§F§3§0§0§0§0s to celinesanrio for $50,000.
[15:22:34] > tic_sz buy x1 §f§l§x§F§C§D§0§5§CW§x§F§B§C§3§5§6u§x§F§B§B§6§5§1k§x§F§A§A§9§4§Bo§x§F§A§9§C§4§5n§x§F§9§8§F§3§Fg§x§F§9§8§2§3§A §x§F§8§7§5§3§4C§x§F§8§6§8§2§Eh§x§F§7§5§B§2§8e§x§F§6§4§E§2§3s§x§F§6§4§1§1§Dt§x§F§5§3§4§1§7p§x§F§5§2§7§1§1l§x§F§4§1§A§0§Ca§x§F§4§0§D§0§6t§x§F§3§0§0§0§0e to celinesanrio for $50,000.
[15:27:57] > .shirowonkies buy x1 §eMummy Hat to HPMR_GaMerz for $25,000.
[15:28:13] > .shirowonkies remove x1 §eMummy Hat from buy
[15:29:46] > .Kenku1001 buy x1 §f§l§x§F§C§D§0§5§CW§x§F§B§A§D§4§Du§x§F§9§8§B§3§Dk§x§F§8§6§8§2§Eo§x§F§6§4§5§1§Fn§x§F§5§2§3§0§Fg§x§F§3§0§0§0§0 §x§F§5§2§3§0§FS§x§F§6§4§5§1§Fh§x§F§8§6§8§2§Eo§x§F§9§8§B§3§Dv§x§F§B§A§D§4§De§x§F§C§D§0§5§Cl to Unforce01 for $100,000.
[15:29:53] > .Kenku1001 remove x1 §f§l§x§F§C§D§0§5§CW§x§F§B§A§D§4§Du§x§F§9§8§B§3§Dk§x§F§8§6§8§2§Eo§x§F§6§4§5§1§Fn§x§F§5§2§3§0§Fg§x§F§3§0§0§0§0 §x§F§5§2§3§0§FS§x§F§6§4§5§1§Fh§x§F§8§6§8§2§Eo§x§F§9§8§B§3§Dv§x§F§B§A§D§4§De§x§F§C§D§0§5§Cl from buy
[15:35:57] > BlackKnight buy x1 §x§F§F§7§C§0§0§lSteamsparks Blade to celinesanrio for $15,000.
[15:36:04] > BlackKnight buy x1 §f§l§x§F§C§D§0§5§CW§x§F§B§B§6§5§1u§x§F§A§9§C§4§5k§x§F§9§8§2§3§Ao§x§F§8§6§8§2§En§x§F§6§4§E§2§3g§x§F§5§3§4§1§7 §x§F§4§1§A§0§CG§x§F§3§0§0§0§0r§x§F§4§1§A§0§Ce§x§F§5§3§4§1§7a§x§F§6§4§E§2§3t§x§F§8§6§8§2§Es§x§F§9§8§2§3§Aw§x§F§A§9§C§4§5o§x§F§B§B§6§5§1r§x§F§C§D§0§5§Cd to .Kenku1001 for $20,000.
[15:37:25] > llhxnce added x1 §x§F§F§5§5§0§0§lsᴇʟʟᴡᴀɴᴅ §6- 5.0x in auction for 500000.
[15:37:38] > llhxnce added x1 §x§F§F§5§5§0§0§lsᴇʟʟᴡᴀɴᴅ §6- 5.0x in auction for 500000.
[15:37:48] > koshie remove x1 §x§F§F§5§5§0§0§lsᴇʟʟᴡᴀɴᴅ §6- 20.0x from buy
[15:37:49] > koshie remove x1 §x§F§F§5§5§0§0§lsᴇʟʟᴡᴀɴᴅ §6- 20.0x from buy
[15:37:49] > koshie remove x1 §eᴡɪᴛᴄʜ ꜱᴘᴀᴡɴᴇʀ from buy
[15:38:13] > llhxnce remove x1 §x§F§F§5§5§0§0§lsᴇʟʟᴡᴀɴᴅ §6- 5.0x from storage
[15:38:15] > llhxnce remove x1 §x§F§F§5§5§0§0§lsᴇʟʟᴡᴀɴᴅ §6- 5.0x from storage
[15:39:14] > llhxnce added x1 §x§E§5§1§B§1§B§lDracula Wings in auction for 300000.
[15:39:19] > koshie buy x1 §x§E§5§1§B§1§B§lDracula Wings to llhxnce for $300,000.
[15:39:30] > mae buy x1 §x§E§5§1§B§1§B§lDracula Leggings to Pewpew for $100,000.
[15:41:24] > koshie remove x64 Experience bottle from buy
[15:42:42] > tic_sz added x1 §f§l§x§F§C§D§0§5§CW§x§F§A§A§A§4§Bu§x§F§9§8§4§3§Bk§x§F§7§5§F§2§Ao§x§F§5§3§9§1§9n§x§F§4§1§3§0§8g §x§F§5§3§9§1§9W§x§F§7§5§F§2§Ai§x§F§9§8§4§3§Bn§x§F§A§A§A§4§Bg§x§F§C§D§0§5§Cs in auction for 3500000.
[15:42:57] > mauserdart buy x1 §f§l§x§F§C§D§0§5§CW§x§F§A§A§A§4§Bu§x§F§9§8§4§3§Bk§x§F§7§5§F§2§Ao§x§F§5§3§9§1§9n§x§F§4§1§3§0§8g §x§F§5§3§9§1§9W§x§F§7§5§F§2§Ai§x§F§9§8§4§3§Bn§x§F§A§A§A§4§Bg§x§F§C§D§0§5§Cs to tic_sz for $3,500,000.
[15:43:02] > mauserdart remove x1 §f§l§x§F§C§D§0§5§CW§x§F§A§A§A§4§Bu§x§F§9§8§4§3§Bk§x§F§7§5§F§2§Ao§x§F§5§3§9§1§9n§x§F§4§1§3§0§8g §x§F§5§3§9§1§9W§x§F§7§5§F§2§Ai§x§F§9§8§4§3§Bn§x§F§A§A§A§4§Bg§x§F§C§D§0§5§Cs from buy
[15:45:04] > tic_sz added x1 §eɪʀᴏɴ ɢᴏʟᴇᴍ sᴘᴀᴡɴᴇʀ in auction for 550000.
[15:45:09] > llhxnce added x12 §x§F§C§9§0§5§C§lE§x§E§6§9§C§6§B§lp§x§C§F§A§7§7§A§li§x§B§9§B§3§8§9§lc §x§8§C§C§B§A§7§lC§x§7§5§D§6§B§6§lr§x§5§F§E§2§C§5§la§x§7§9§D§4§B§4§lt§x§9§3§C§7§A§2§le §x§C§8§A§B§7§F§lK§x§E§2§9§E§6§E§le§x§F§C§9§0§5§C§ly in auction for 300000.
[15:45:21] > llhxnce added x6 §x§F§C§D§0§5§C§lB§x§E§6§D§3§6§B§la§x§C§F§D§5§7§A§ls§x§B§9§D§8§8§9§li§x§A§2§D§A§9§8§lc §x§7§5§D§F§B§6§lC§x§5§F§E§2§C§5§lr§x§7§5§D§F§B§6§la§x§8§C§D§D§A§7§lt§x§A§2§D§A§9§8§le §x§C§F§D§5§7§A§lK§x§E§6§D§3§6§B§le§x§F§C§D§0§5§C§ly in auction for 200000.
[15:45:35] > llhxnce remove x1 §x§F§F§5§5§0§0§lsᴇʟʟᴡᴀɴᴅ §6- 5.0x from expire
[15:45:36] > tic_sz buy x12 §x§F§C§9§0§5§C§lE§x§E§6§9§C§6§B§lp§x§C§F§A§7§7§A§li§x§B§9§B§3§8§9§lc §x§8§C§C§B§A§7§lC§x§7§5§D§6§B§6§lr§x§5§F§E§2§C§5§la§x§7§9§D§4§B§4§lt§x§9§3§C§7§A§2§le §x§C§8§A§B§7§F§lK§x§E§2§9§E§6§E§le§x§F§C§9§0§5§C§ly to llhxnce for $300,000.
[15:45:36] > llhxnce remove x1 §x§F§F§5§5§0§0§lsᴇʟʟᴡᴀɴᴅ §6- 5.0x from expire
[15:45:53] > tic_sz remove x12 §x§F§C§9§0§5§C§lE§x§E§6§9§C§6§B§lp§x§C§F§A§7§7§A§li§x§B§9§B§3§8§9§lc §x§8§C§C§B§A§7§lC§x§7§5§D§6§B§6§lr§x§5§F§E§2§C§5§la§x§7§9§D§4§B§4§lt§x§9§3§C§7§A§2§le §x§C§8§A§B§7§F§lK§x§E§2§9§E§6§E§le§x§F§C§9§0§5§C§ly from buy
[15:46:21] > Keeos buy x2 §x§C§9§A§7§F§C§lL§x§B§D§A§E§F§6§le§x§B§1§B§4§F§0§lg§x§A§6§B§B§E§A§le§x§9§A§C§1§E§4§ln§x§8§E§C§8§D§D§ld§x§8§2§C§E§D§7§la§x§7§7§D§5§D§1§lr§x§6§B§D§B§C§B§ly §x§6§B§D§B§C§B§lC§x§7§7§D§5§D§1§lr§x§8§2§C§E§D§7§la§x§8§E§C§8§D§D§lt§x§9§A§C§1§E§4§le §x§B§1§B§4§F§0§lK§x§B§D§A§E§F§6§le§x§C§9§A§7§F§C§ly to LGreys for $350,000.
[15:46:41] > llhxnce added x1 §f§l§x§F§C§D§0§5§CW§x§F§A§A§6§4§Au§x§F§8§7§D§3§7k§x§F§7§5§3§2§5o§x§F§5§2§A§1§2n§x§F§3§0§0§0§0g§x§F§5§2§A§1§2 §x§F§7§5§3§2§5C§x§F§8§7§D§3§7l§x§F§A§A§6§4§Au§x§F§C§D§0§5§Cb in auction for 800000.
[15:52:44] > x1 §x§F§F§7§C§0§0§lSteamsparks Blade on sale by BlackKnight has just expired, it goes in the inventory of expired items.
[15:55:06] > tic_sz remove x1 §eɪʀᴏɴ ɢᴏʟᴇᴍ sᴘᴀᴡɴᴇʀ from storage
[15:55:32] > tic_sz added x1 §eɪʀᴏɴ ɢᴏʟᴇᴍ sᴘᴀᴡɴᴇʀ in auction for 500000.
[15:55:37] > BlackKnight buy x1 §eɪʀᴏɴ ɢᴏʟᴇᴍ sᴘᴀᴡɴᴇʀ to tic_sz for $500,000.
[15:56:37] > BlackKnight remove x1 §x§F§F§5§5§0§0§lsᴇʟʟᴡᴀɴᴅ §6- 5.0x from buy
[15:58:43] > Cooldoggiexd remove x3 Nether star form storage
[15:58:52] > Cooldoggiexd added x3 Nether star in auction for 200000.
[15:58:59] > mauserdart buy x3 Nether star to Cooldoggiexd for $200,000.
[15:59:04] > mauserdart remove x3 Nether star from buy
[16:07:56] > KnownasTravis added x55 Experience bottle in auction for 50000.
[16:08:33] > .Kenmbu added x1 Elytra in auction for 100000000000000.
[16:09:30] > .SharkyisHungry added x1 FRIED CHICKEN WINGS OF KFC in auction for 9999999.
[16:11:08] > .Kenmbu remove x1 Elytra from storage
[16:16:17] > llhxnce added x6 Nether star in auction for 500000.
[16:16:25] > mauserdart buy x2 Wither skeleton skull to Seris00 for $20,000.
[16:16:29] > mauserdart remove x2 Wither skeleton skull from buy
[16:21:17] > Seris00 added x1 §x§F§F§5§5§0§0§lsᴇʟʟᴡᴀɴᴅ §6- 10.0x in auction for 1200000.
[16:25:00] > HwanYo added x1 §x§F§F§3§E§0§0§lD§x§F§F§3§7§0§0§le§x§F§F§3§0§0§0§lm§x§F§F§2§9§0§0§lo§x§F§F§2§2§0§0§ln §x§F§F§1§5§0§0§lL§x§F§F§0§E§0§0§lo§x§F§F§0§7§0§0§lr§x§F§F§0§0§0§0§ld §x§F§F§0§E§0§0§lF§x§F§F§1§5§0§0§lr§x§F§F§1§C§0§0§la§x§F§F§2§2§0§0§lg§x§F§F§2§9§0§0§lm§x§F§F§3§0§0§0§le§x§F§F§3§7§0§0§ln§x§F§F§3§E§0§0§lt in auction for 250000.
[16:33:56] > llhxnce added x1 §x§F§F§3§E§0§0§lD§x§F§F§3§7§0§0§le§x§F§F§3§0§0§0§lm§x§F§F§2§9§0§0§lo§x§F§F§2§2§0§0§ln §x§F§F§1§5§0§0§lL§x§F§F§0§E§0§0§lo§x§F§F§0§7§0§0§lr§x§F§F§0§0§0§0§ld §x§F§F§0§E§0§0§lF§x§F§F§1§5§0§0§lr§x§F§F§1§C§0§0§la§x§F§F§2§2§0§0§lg§x§F§F§2§9§0§0§lm§x§F§F§3§0§0§0§le§x§F§F§3§7§0§0§ln§x§F§F§3§E§0§0§lt in auction for 100000.
[16:34:02] > tic_sz buy x1 §x§F§F§3§E§0§0§lD§x§F§F§3§7§0§0§le§x§F§F§3§0§0§0§lm§x§F§F§2§9§0§0§lo§x§F§F§2§2§0§0§ln §x§F§F§1§5§0§0§lL§x§F§F§0§E§0§0§lo§x§F§F§0§7§0§0§lr§x§F§F§0§0§0§0§ld §x§F§F§0§E§0§0§lF§x§F§F§1§5§0§0§lr§x§F§F§1§C§0§0§la§x§F§F§2§2§0§0§lg§x§F§F§2§9§0§0§lm§x§F§F§3§0§0§0§le§x§F§F§3§7§0§0§ln§x§F§F§3§E§0§0§lt to llhxnce for $100,000.
[16:35:57] > HwanYo added x1 §x§F§F§5§5§0§0§lsᴇʟʟᴡᴀɴᴅ §6- 20.0x in auction for 2500000.
[16:36:25] > Seris00 buy x1 §x§F§F§5§5§0§0§lsᴇʟʟᴡᴀɴᴅ §6- 20.0x to HwanYo for $2,500,000.
[16:37:16] > Seris00 remove x1 §x§F§F§5§5§0§0§lsᴇʟʟᴡᴀɴᴅ §6- 20.0x form buy
[16:37:55] > tic_sz remove x1 §x§F§F§3§E§0§0§lD§x§F§F§3§7§0§0§le§x§F§F§3§0§0§0§lm§x§F§F§2§9§0§0§lo§x§F§F§2§2§0§0§ln §x§F§F§1§5§0§0§lL§x§F§F§0§E§0§0§lo§x§F§F§0§7§0§0§lr§x§F§F§0§0§0§0§ld §x§F§F§0§E§0§0§lF§x§F§F§1§5§0§0§lr§x§F§F§1§C§0§0§la§x§F§F§2§2§0§0§lg§x§F§F§2§9§0§0§lm§x§F§F§3§0§0§0§le§x§F§F§3§7§0§0§ln§x§F§F§3§E§0§0§lt from buy
[16:37:56] > tic_sz remove x1 §x§F§F§3§E§0§0§lD§x§F§F§3§7§0§0§le§x§F§F§3§0§0§0§lm§x§F§F§2§9§0§0§lo§x§F§F§2§2§0§0§ln §x§F§F§1§5§0§0§lL§x§F§F§0§E§0§0§lo§x§F§F§0§7§0§0§lr§x§F§F§0§0§0§0§ld §x§F§F§0§E§0§0§lF§x§F§F§1§5§0§0§lr§x§F§F§1§C§0§0§la§x§F§F§2§2§0§0§lg§x§F§F§2§9§0§0§lm§x§F§F§3§0§0§0§le§x§F§F§3§7§0§0§ln§x§F§F§3§E§0§0§lt from buy
[16:53:01] > Sezemi added x5 §x§F§C§D§0§5§C§lB§x§E§6§D§3§6§B§la§x§C§F§D§5§7§A§ls§x§B§9§D§8§8§9§li§x§A§2§D§A§9§8§lc §x§7§5§D§F§B§6§lC§x§5§F§E§2§C§5§lr§x§7§5§D§F§B§6§la§x§8§C§D§D§A§7§lt§x§A§2§D§A§9§8§le §x§C§F§D§5§7§A§lK§x§E§6§D§3§6§B§le§x§F§C§D§0§5§C§ly in auction for 10000.
[17:01:05] > nnorv1 remove x1 §x§F§F§3§E§0§0§lDemon Lord Wings from storage
[17:06:44] > Playerjack12345 added x1 §x§F§F§5§5§0§0§lsᴇʟʟᴡᴀɴᴅ §6- 5.0x in auction for 500000.
[17:07:16] > Playerjack12345 remove x1 §x§F§F§5§5§0§0§lsᴇʟʟᴡᴀɴᴅ §6- 5.0x form storage
[17:07:24] > Playerjack12345 added x1 §x§F§F§5§5§0§0§lsᴇʟʟᴡᴀɴᴅ §6- 5.0x in auction for 450000.
[17:07:31] > ahzii buy x1 §x§F§F§5§5§0§0§lsᴇʟʟᴡᴀɴᴅ §6- 5.0x to Playerjack12345 for $450,000.
[17:07:45] > ahzii remove x1 §x§F§F§5§5§0§0§lsᴇʟʟᴡᴀɴᴅ §6- 5.0x from buy
[17:08:16] > tic_sz buy x5 §x§F§C§D§0§5§C§lB§x§E§6§D§3§6§B§la§x§C§F§D§5§7§A§ls§x§B§9§D§8§8§9§li§x§A§2§D§A§9§8§lc §x§7§5§D§F§B§6§lC§x§5§F§E§2§C§5§lr§x§7§5§D§F§B§6§la§x§8§C§D§D§A§7§lt§x§A§2§D§A§9§8§le §x§C§F§D§5§7§A§lK§x§E§6§D§3§6§B§le§x§F§C§D§0§5§C§ly to Sezemi for $10,000.
[17:08:32] > bedrock_enjoy3r buy x1 §x§F§F§3§E§0§0§lD§x§F§F§3§7§0§0§le§x§F§F§3§0§0§0§lm§x§F§F§2§9§0§0§lo§x§F§F§2§2§0§0§ln §x§F§F§1§5§0§0§lL§x§F§F§0§E§0§0§lo§x§F§F§0§7§0§0§lr§x§F§F§0§0§0§0§ld §x§F§F§0§E§0§0§lF§x§F§F§1§5§0§0§lr§x§F§F§1§C§0§0§la§x§F§F§2§2§0§0§lg§x§F§F§2§9§0§0§lm§x§F§F§3§0§0§0§le§x§F§F§3§7§0§0§ln§x§F§F§3§E§0§0§lt to HwanYo for $250,000.
[17:08:39] > tic_sz remove x5 §x§F§C§D§0§5§C§lB§x§E§6§D§3§6§B§la§x§C§F§D§5§7§A§ls§x§B§9§D§8§8§9§li§x§A§2§D§A§9§8§lc §x§7§5§D§F§B§6§lC§x§5§F§E§2§C§5§lr§x§7§5§D§F§B§6§la§x§8§C§D§D§A§7§lt§x§A§2§D§A§9§8§le §x§C§F§D§5§7§A§lK§x§E§6§D§3§6§B§le§x§F§C§D§0§5§C§ly from buy
[17:09:09] > bedrock_enjoy3r buy x1 Elytra to Zee_ for $10.
[17:09:43] > bedrock_enjoy3r remove x1 §x§F§F§3§E§0§0§lD§x§F§F§3§7§0§0§le§x§F§F§3§0§0§0§lm§x§F§F§2§9§0§0§lo§x§F§F§2§2§0§0§ln §x§F§F§1§5§0§0§lL§x§F§F§0§E§0§0§lo§x§F§F§0§7§0§0§lr§x§F§F§0§0§0§0§ld §x§F§F§0§E§0§0§lF§x§F§F§1§5§0§0§lr§x§F§F§1§C§0§0§la§x§F§F§2§2§0§0§lg§x§F§F§2§9§0§0§lm§x§F§F§3§0§0§0§le§x§F§F§3§7§0§0§ln§x§F§F§3§E§0§0§lt form buy
[17:09:43] > bedrock_enjoy3r remove x1 Elytra form buy
[17:09:43] > bedrock_enjoy3r remove x5 §x§F§C§9§0§5§C§lE§x§E§6§9§C§6§B§lp§x§C§F§A§7§7§A§li§x§B§9§B§3§8§9§lc §x§8§C§C§B§A§7§lC§x§7§5§D§6§B§6§lr§x§5§F§E§2§C§5§la§x§7§9§D§4§B§4§lt§x§9§3§C§7§A§2§le §x§C§8§A§B§7§F§lK§x§E§2§9§E§6§E§le§x§F§C§9§0§5§C§ly form buy
[17:10:14] > minecraft remove x1 Heavy core from storage
[17:10:17] > x1 buto ni jose rizal, item of azi, has just expired, the item is definitively deleted.
[17:10:18] > minecraft remove x1 Heavy core from expire
[17:10:33] > minecraft added x1 Heavy core in auction for 450000.
[17:11:33] > HPMR_GaMerz added x30 Sponge in auction for 210000.
[17:22:01] > Sanchay buy x1 §x§F§F§3§E§0§0§lD§x§F§F§3§6§0§0§le§x§F§F§2§F§0§0§lm§x§F§F§2§7§0§0§lo§x§F§F§1§F§0§0§ln §x§F§F§1§0§0§0§lL§x§F§F§0§8§0§0§lo§x§F§F§0§0§0§0§lr§x§F§F§0§9§0§0§ld §x§F§F§1§B§0§0§lS§x§F§F§2§3§0§0§lw§x§F§F§2§C§0§0§lo§x§F§F§3§5§0§0§lr§x§F§F§3§E§0§0§ld to Seris00 for $250,000.
[17:22:24] > Sanchay remove x1 §x§F§F§3§E§0§0§lD§x§F§F§3§6§0§0§le§x§F§F§2§F§0§0§lm§x§F§F§2§7§0§0§lo§x§F§F§1§F§0§0§ln §x§F§F§1§0§0§0§lL§x§F§F§0§8§0§0§lo§x§F§F§0§0§0§0§lr§x§F§F§0§9§0§0§ld §x§F§F§1§B§0§0§lS§x§F§F§2§3§0§0§lw§x§F§F§2§C§0§0§lo§x§F§F§3§5§0§0§lr§x§F§F§3§E§0§0§ld from buy
[17:25:13] > koshie buy x30 Sponge to HPMR_GaMerz for $210,000.
[17:25:36] > koshie remove x30 Sponge from buy
[17:33:11] > Akiesha buy x1 §fElf Hat to aBlizzardGod for $40,000.
[17:34:44] > Akiesha remove x1 §fElf Hat from buy
[17:44:22] > Seris00 added x64 Nether wart in auction for 19200.
[18:02:16] > x1 XPFARM ON /pwarp go ENDVAULT on sale by KnownasTravis has just expired, it goes in the inventory of expired items.
[18:02:16] > x1 BOOKS AT /pwarp go BOOKSTORE on sale by KnownasTravis has just expired, it goes in the inventory of expired items.
[18:02:16] > x1 XP FARM /pwarp go BlazeXPFarm on sale by KnownasTravis has just expired, it goes in the inventory of expired items.
[18:06:05] > Seris00 remove x64 Nether wart from storage
[18:06:14] > Seris00 added x1 §x§F§F§5§5§0§0§lsᴇʟʟᴡᴀɴᴅ §6- 20.0x in auction for 2500000.
[18:07:54] > Seris00 remove x1 §x§F§F§5§5§0§0§lsᴇʟʟᴡᴀɴᴅ §6- 20.0x from storage
[18:12:24] > Sezemi added x2 Wither skeleton skull in auction for 16000.
[18:19:40] > Khanetucky added x1 §x§F§F§3§E§0§0§lD§x§F§F§3§6§0§0§le§x§F§F§2§F§0§0§lm§x§F§F§2§7§0§0§lo§x§F§F§1§F§0§0§ln §x§F§F§1§0§0§0§lL§x§F§F§0§8§0§0§lo§x§F§F§0§0§0§0§lr§x§F§F§0§8§0§0§ld §x§F§F§1§7§0§0§lS§x§F§F§1§F§0§0§lh§x§F§F§2§7§0§0§lo§x§F§F§2§F§0§0§lv§x§F§F§3§6§0§0§le§x§F§F§3§E§0§0§ll in auction for 10.
[18:19:44] > tic_sz buy x1 §x§F§F§3§E§0§0§lD§x§F§F§3§6§0§0§le§x§F§F§2§F§0§0§lm§x§F§F§2§7§0§0§lo§x§F§F§1§F§0§0§ln §x§F§F§1§0§0§0§lL§x§F§F§0§8§0§0§lo§x§F§F§0§0§0§0§lr§x§F§F§0§8§0§0§ld §x§F§F§1§7§0§0§lS§x§F§F§1§F§0§0§lh§x§F§F§2§7§0§0§lo§x§F§F§2§F§0§0§lv§x§F§F§3§6§0§0§le§x§F§F§3§E§0§0§ll to Khanetucky for $10.
[18:24:17] > Khanetucky buy x1 Enchanted book to HPMR_GaMerz for $5,000.
[18:24:27] > Khanetucky remove x1 Enchanted book form buy
[18:29:25] > Sezemi added x64 Spruce log in auction for 2000.
[18:29:37] > Sezemi added x64 Spruce log in auction for 2000.
[18:35:10] > tekkzz1fr buy x1 Enchanted book to HPMR_GaMerz for $5,000.
[18:35:35] > sukiyoriee buy x1 §x§5§C§C§F§F§C§lC§x§5§C§D§1§F§5§lo§x§5§D§D§4§E§E§ls§x§5§D§D§6§E§7§lm§x§5§E§D§9§E§1§le§x§5§E§D§B§D§A§lt§x§5§E§D§D§D§3§li§x§5§F§E§0§C§C§lc §x§5§F§E§0§C§C§lH§x§5§E§D§D§D§3§la§x§5§E§D§B§D§A§lt§x§5§E§D§9§E§1§ls §x§5§D§D§4§E§E§lK§x§5§C§D§1§F§5§le§x§5§C§C§F§F§C§ly to llhxnce for $50,000.
[18:36:40] > giyahnpogi buy x64 Spruce log to Sezemi for $2,000.
[18:36:45] > giyahnpogi remove x64 Spruce log from buy
[18:37:47] > sukiyoriee buy x1 §x§5§C§C§F§F§C§lC§x§5§C§D§1§F§5§lo§x§5§D§D§4§E§E§ls§x§5§D§D§6§E§7§lm§x§5§E§D§9§E§1§le§x§5§E§D§B§D§A§lt§x§5§E§D§D§D§3§li§x§5§F§E§0§C§C§lc §x§5§F§E§0§C§C§lH§x§5§E§D§D§D§3§la§x§5§E§D§B§D§A§lt§x§5§E§D§9§E§1§ls §x§5§D§D§4§E§E§lK§x§5§C§D§1§F§5§le§x§5§C§C§F§F§C§ly to TostyZura for $10,000.
[18:38:58] > sukiyoriee remove x1 §x§5§C§C§F§F§C§lC§x§5§C§D§1§F§5§lo§x§5§D§D§4§E§E§ls§x§5§D§D§6§E§7§lm§x§5§E§D§9§E§1§le§x§5§E§D§B§D§A§lt§x§5§E§D§D§D§3§li§x§5§F§E§0§C§C§lc §x§5§F§E§0§C§C§lH§x§5§E§D§D§D§3§la§x§5§E§D§B§D§A§lt§x§5§E§D§9§E§1§ls §x§5§D§D§4§E§E§lK§x§5§C§D§1§F§5§le§x§5§C§C§F§F§C§ly from buy
[18:38:59] > sukiyoriee remove x1 §x§5§C§C§F§F§C§lC§x§5§C§D§1§F§5§lo§x§5§D§D§4§E§E§ls§x§5§D§D§6§E§7§lm§x§5§E§D§9§E§1§le§x§5§E§D§B§D§A§lt§x§5§E§D§D§D§3§li§x§5§F§E§0§C§C§lc §x§5§F§E§0§C§C§lH§x§5§E§D§D§D§3§la§x§5§E§D§B§D§A§lt§x§5§E§D§9§E§1§ls §x§5§D§D§4§E§E§lK§x§5§C§D§1§F§5§le§x§5§C§C§F§F§C§ly from buy
[18:39:44] > sukiyoriee added x1 §2Franck in auction for 50000.
[18:59:58] > Khanetucky added x1 §x§9§8§6§3§E§7§lG§x§9§0§7§5§E§2§lo§x§8§8§8§7§D§D§ld§x§8§0§9§9§D§8§ll§x§7§7§A§C§D§4§ly §x§6§7§D§0§C§A§lC§x§5§F§E§2§C§5§lr§x§6§7§D§0§C§A§la§x§6§F§B§E§C§F§lt§x§7§7§A§C§D§4§le §x§8§8§8§7§D§D§lK§x§9§0§7§5§E§2§le§x§9§8§6§3§E§7§ly in auction for 200000.
[19:00:12] > giyahnpogi buy x1 §x§9§8§6§3§E§7§lG§x§9§0§7§5§E§2§lo§x§8§8§8§7§D§D§ld§x§8§0§9§9§D§8§ll§x§7§7§A§C§D§4§ly §x§6§7§D§0§C§A§lC§x§5§F§E§2§C§5§lr§x§6§7§D§0§C§A§la§x§6§F§B§E§C§F§lt§x§7§7§A§C§D§4§le §x§8§8§8§7§D§D§lK§x§9§0§7§5§E§2§le§x§9§8§6§3§E§7§ly to Khanetucky for $200,000.
[19:00:21] > giyahnpogi remove x1 §x§9§8§6§3§E§7§lG§x§9§0§7§5§E§2§lo§x§8§8§8§7§D§D§ld§x§8§0§9§9§D§8§ll§x§7§7§A§C§D§4§ly §x§6§7§D§0§C§A§lC§x§5§F§E§2§C§5§lr§x§6§7§D§0§C§A§la§x§6§F§B§E§C§F§lt§x§7§7§A§C§D§4§le §x§8§8§8§7§D§D§lK§x§9§0§7§5§E§2§le§x§9§8§6§3§E§7§ly from buy
[19:07:50] > kopo555 buy x64 Iron block to Seris00 for $22,400.
[19:07:52] > kopo555 buy x64 Iron block to Seris00 for $22,400.
[19:07:53] > kopo555 buy x64 Iron block to Seris00 for $22,400.
[19:07:54] > kopo555 buy x64 Iron block to Seris00 for $22,400.
[19:07:56] > kopo555 buy x64 Iron block to Seris00 for $22,400.
[19:08:03] > kopo555 buy x1 §eᴄʀᴇᴇᴘᴇʀ sᴘᴀᴡɴᴇʀ to Pewpew for $1,000,000.
[19:11:46] > llhxnce added x1 §x§5§C§C§F§F§C§lC§x§5§C§D§1§F§5§lo§x§5§D§D§4§E§E§ls§x§5§D§D§6§E§7§lm§x§5§E§D§9§E§1§le§x§5§E§D§B§D§A§lt§x§5§E§D§D§D§3§li§x§5§F§E§0§C§C§lc §x§5§F§E§0§C§C§lH§x§5§E§D§D§D§3§la§x§5§E§D§B§D§A§lt§x§5§E§D§9§E§1§ls §x§5§D§D§4§E§E§lK§x§5§C§D§1§F§5§le§x§5§C§C§F§F§C§ly in auction for 200000.
[19:12:13] > Sngel25 added x1 §f§x§F§9§A§2§0§DP§x§F§2§9§E§0§Du§x§E§B§9§9§0§Dm§x§E§3§9§5§0§Dp§x§D§C§9§0§0§Dk§x§D§5§8§C§0§Di§x§C§E§8§7§0§Dn§x§C§7§8§3§0§D §x§B§F§7§E§0§DH§x§B§8§7§A§0§Da§x§B§1§7§5§0§Dt in auction for 10.
[19:12:17] > Kyslee buy x1 §f§x§F§9§A§2§0§DP§x§F§2§9§E§0§Du§x§E§B§9§9§0§Dm§x§E§3§9§5§0§Dp§x§D§C§9§0§0§Dk§x§D§5§8§C§0§Di§x§C§E§8§7§0§Dn§x§C§7§8§3§0§D §x§B§F§7§E§0§DH§x§B§8§7§A§0§Da§x§B§1§7§5§0§Dt to Sngel25 for $10.
[19:13:09] > MrZyrus7228 added x1 §x§5§C§C§F§F§C§lC§x§5§C§D§1§F§5§lo§x§5§D§D§4§E§E§ls§x§5§D§D§6§E§7§lm§x§5§E§D§9§E§1§le§x§5§E§D§B§D§A§lt§x§5§E§D§D§D§3§li§x§5§F§E§0§C§C§lc §x§5§F§E§0§C§C§lH§x§5§E§D§D§D§3§la§x§5§E§D§B§D§A§lt§x§5§E§D§9§E§1§ls §x§5§D§D§4§E§E§lK§x§5§C§D§1§F§5§le§x§5§C§C§F§F§C§ly in auction for 200000.
[19:13:45] > sigmaboy added x1 §x§F§2§C§6§D§E§lP§x§E§0§C§A§D§B§li§x§C§D§C§D§D§8§ln§x§B§B§D§1§D§5§la§x§A§9§D§4§D§2§lt§x§9§6§D§8§C§E§la §x§7§1§D§F§C§8§lC§x§5§F§E§2§C§5§lr§x§7§4§D§E§C§9§la§x§8§9§D§A§C§C§lt§x§9§E§D§6§D§0§le §x§C§8§C§E§D§7§lK§x§D§D§C§A§D§A§le§x§F§2§C§6§D§E§ly in auction for 1000000.
[19:14:15] > Khanetucky added x1 §eᴄᴏᴡ sᴘᴀᴡɴᴇʀ in auction for 50000.
[19:14:15] > ELITEW4RRIOR added x1 Diamond axe in auction for 1000.
[19:14:18] > Kyslee buy x1 §eᴄᴏᴡ sᴘᴀᴡɴᴇʀ to Khanetucky for $50,000.
[19:14:27] > ELITEW4RRIOR added x1 Diamond chestplate in auction for 1500.
[19:14:49] > ELITEW4RRIOR added x1 Diamond chestplate in auction for 1500.
[19:15:08] > sigmaboy added x1 §eᴄʜɪᴄᴋᴇɴ sᴘᴀᴡɴᴇʀ in auction for 500000.
[19:15:20] > sigmaboy remove x1 §x§F§2§C§6§D§E§lP§x§E§0§C§A§D§B§li§x§C§D§C§D§D§8§ln§x§B§B§D§1§D§5§la§x§A§9§D§4§D§2§lt§x§9§6§D§8§C§E§la §x§7§1§D§F§C§8§lC§x§5§F§E§2§C§5§lr§x§7§4§D§E§C§9§la§x§8§9§D§A§C§C§lt§x§9§E§D§6§D§0§le §x§C§8§C§E§D§7§lK§x§D§D§C§A§D§A§le§x§F§2§C§6§D§E§ly from storage
[19:16:07] > Sezemi added x2 §x§5§C§C§F§F§C§lC§x§5§C§D§1§F§5§lo§x§5§D§D§4§E§E§ls§x§5§D§D§6§E§7§lm§x§5§E§D§9§E§1§le§x§5§E§D§B§D§A§lt§x§5§E§D§D§D§3§li§x§5§F§E§0§C§C§lc §x§5§F§E§0§C§C§lH§x§5§E§D§D§D§3§la§x§5§E§D§B§D§A§lt§x§5§E§D§9§E§1§ls §x§5§D§D§4§E§E§lK§x§5§C§D§1§F§5§le§x§5§C§C§F§F§C§ly in auction for 80000.
[19:18:48] > Pewpew added x1 §esʜᴇᴇᴘ sᴘᴀᴡɴᴇʀ in auction for 500000.
[19:19:24] > MochaFangs buy x2 Wither skeleton skull to Sezemi for $16,000.
[19:19:56] > MochaFangs remove x2 Wither skeleton skull from buy
[19:21:13] > mae added x1 §x§F§0§7§A§5§4§lZombie Apocalyptic Key in auction for 200000.
[19:25:25] > mauserdart added x1 §x§F§F§5§5§0§0§lsᴇʟʟᴡᴀɴᴅ §6- 5.0x in auction for 400000.
[19:25:31] > PrezXie buy x1 §x§F§F§5§5§0§0§lsᴇʟʟᴡᴀɴᴅ §6- 5.0x to mauserdart for $400,000.
[19:25:55] > PrezXie remove x1 §x§F§F§5§5§0§0§lsᴇʟʟᴡᴀɴᴅ §6- 5.0x from buy
[19:29:01] > nicoso12 added x1 §x§F§F§5§5§0§0§lsᴇʟʟᴡᴀɴᴅ §6- 5.0x in auction for 400000.
[19:29:09] > Runz buy x1 §x§F§F§5§5§0§0§lsᴇʟʟᴡᴀɴᴅ §6- 5.0x to nicoso12 for $400,000.
[19:29:24] > Runz remove x1 §x§F§F§5§5§0§0§lsᴇʟʟᴡᴀɴᴅ §6- 5.0x from buy
[19:29:24] > Travis buy x1 sᴇʟʟᴡᴀɴᴅ - 2000.0x to Sezemi for $10.
[19:29:42] > x6 §x§C§9§A§7§F§C§lL§x§B§D§A§E§F§6§le§x§B§1§B§4§F§0§lg§x§A§6§B§B§E§A§le§x§9§A§C§1§E§4§ln§x§8§E§C§8§D§D§ld§x§8§2§C§E§D§7§la§x§7§7§D§5§D§1§lr§x§6§B§D§B§C§B§ly §x§6§B§D§B§C§B§lC§x§7§7§D§5§D§1§lr§x§8§2§C§E§D§7§la§x§8§E§C§8§D§D§lt§x§9§A§C§1§E§4§le §x§B§1§B§4§F§0§lK§x§B§D§A§E§F§6§le§x§C§9§A§7§F§C§ly, item of leafsmh, has just expired, the item is definitively deleted.
[19:29:45] > Pewpew buy x64 SFC to tic_sz for $2,000.
[19:29:50] > Pewpew buy x64 SFC to tic_sz for $2,000.
[19:30:10] > Pewpew remove x64 SFC from buy
[19:30:11] > Pewpew remove x64 SFC from buy
[19:30:13] > Pewpew remove x1 Enchanted book from buy
[19:30:15] > Pewpew remove x24 Oak log from buy
[19:30:15] > Pewpew remove x24 Oak log from buy
[19:34:48] > HPMR_GaMerz buy x55 Experience bottle to KnownasTravis for $50,000.
[19:38:52] > BlackKnight buy x1 §x§F§0§7§A§5§4§lZombie Apocalyptic Key to mae for $200,000.
[19:39:39] > BlackKnight remove x1 §x§F§F§3§E§0§0§lD§x§F§F§3§7§0§0§le§x§F§F§3§0§0§0§lm§x§F§F§2§9§0§0§lo§x§F§F§2§2§0§0§ln §x§F§F§1§5§0§0§lL§x§F§F§0§E§0§0§lo§x§F§F§0§7§0§0§lr§x§F§F§0§0§0§0§ld §x§F§F§1§0§0§0§lP§x§F§F§1§7§0§0§li§x§F§F§1§F§0§0§lc§x§F§F§2§7§0§0§lk§x§F§F§2§F§0§0§la§x§F§F§3§6§0§0§lx§x§F§F§3§E§0§0§le from buy
[19:39:48] > BlackKnight remove x1 Enchanted book from buy
[19:40:58] > BlackKnight remove x1 Enchanted book from buy
[19:47:54] > Unforce01 added x1 §f§x§F§9§A§2§0§DP§x§F§2§9§E§0§Du§x§E§B§9§9§0§Dm§x§E§3§9§5§0§Dp§x§D§C§9§0§0§Dk§x§D§5§8§C§0§Di§x§C§E§8§7§0§Dn§x§C§7§8§3§0§D §x§B§F§7§E§0§DH§x§B§8§7§A§0§Da§x§B§1§7§5§0§Dt in auction for 10000.
[19:47:59] > Raylii buy x1 §f§x§F§9§A§2§0§DP§x§F§2§9§E§0§Du§x§E§B§9§9§0§Dm§x§E§3§9§5§0§Dp§x§D§C§9§0§0§Dk§x§D§5§8§C§0§Di§x§C§E§8§7§0§Dn§x§C§7§8§3§0§D §x§B§F§7§E§0§DH§x§B§8§7§A§0§Da§x§B§1§7§5§0§Dt to Unforce01 for $10,000.
[20:07:41] > MrZyrus7228 added x64 Diamond in auction for 10.
[20:07:48] > Unforce01 buy x64 Diamond to MrZyrus7228 for $10.
[20:08:41] > fantoofy buy x1 Heavy core to minecraft for $450,000.
[20:18:40] > MochaFangs buy x1 §f§l§x§F§C§D§0§5§CW§x§F§A§A§6§4§Au§x§F§8§7§D§3§7k§x§F§7§5§3§2§5o§x§F§5§2§A§1§2n§x§F§3§0§0§0§0g§x§F§5§2§A§1§2 §x§F§7§5§3§2§5C§x§F§8§7§D§3§7l§x§F§A§A§6§4§Au§x§F§C§D§0§5§Cb to .Kenku1001 for $250,000.
[20:18:44] > MochaFangs remove x1 §f§l§x§F§C§D§0§5§CW§x§F§A§A§6§4§Au§x§F§8§7§D§3§7k§x§F§7§5§3§2§5o§x§F§5§2§A§1§2n§x§F§3§0§0§0§0g§x§F§5§2§A§1§2 §x§F§7§5§3§2§5C§x§F§8§7§D§3§7l§x§F§A§A§6§4§Au§x§F§C§D§0§5§Cb from buy
[20:20:51] > sukiyoriee buy x1 §x§F§F§3§E§0§0§lD§x§F§F§3§6§0§0§le§x§F§F§2§F§0§0§lm§x§F§F§2§7§0§0§lo§x§F§F§1§F§0§0§ln §x§F§F§1§0§0§0§lL§x§F§F§0§8§0§0§lo§x§F§F§0§0§0§0§lr§x§F§F§0§8§0§0§ld §x§F§F§1§7§0§0§lS§x§F§F§1§F§0§0§lh§x§F§F§2§7§0§0§lo§x§F§F§2§F§0§0§lv§x§F§F§3§6§0§0§le§x§F§F§3§E§0§0§ll to Seris00 for $150,000.
[20:21:11] > sukiyoriee remove x1 §x§F§F§3§E§0§0§lD§x§F§F§3§6§0§0§le§x§F§F§2§F§0§0§lm§x§F§F§2§7§0§0§lo§x§F§F§1§F§0§0§ln §x§F§F§1§0§0§0§lL§x§F§F§0§8§0§0§lo§x§F§F§0§0§0§0§lr§x§F§F§0§8§0§0§ld §x§F§F§1§7§0§0§lS§x§F§F§1§F§0§0§lh§x§F§F§2§7§0§0§lo§x§F§F§2§F§0§0§lv§x§F§F§3§6§0§0§le§x§F§F§3§E§0§0§ll from buy
[20:21:44] > sukiyoriee buy x1 §x§F§F§7§C§0§0§lSteamsparks Boots to KelpChii for $100,000.
[20:21:48] > sukiyoriee buy x1 §x§F§F§7§C§0§0§lSteamsparks Leggings to BlackKnight for $100,000.
[20:21:53] > sukiyoriee remove x1 §x§F§F§7§C§0§0§lSteamsparks Leggings from buy
[20:21:53] > sukiyoriee remove x1 §x§F§F§7§C§0§0§lSteamsparks Boots from buy
[20:22:34] > Seris00 added x64 Iron block in auction for 22400.
[20:22:46] > Seris00 added x64 Iron block in auction for 22400.
[20:22:58] > Seris00 added x64 Iron block in auction for 22400.
[20:23:09] > Seris00 added x64 Iron block in auction for 22400.
[20:23:20] > Seris00 added x64 Iron block in auction for 22400.
[20:23:33] > Seris00 added x64 Iron block in auction for 22400.
[20:23:54] > koshie buy x64 Iron block to Seris00 for $22,400.
[20:23:56] > koshie buy x64 Iron block to Seris00 for $22,400.
[20:23:58] > koshie buy x64 Iron block to Seris00 for $22,400.
[20:24:00] > koshie buy x64 Iron block to Seris00 for $22,400.
[20:24:02] > koshie buy x64 Iron block to Seris00 for $22,400.
[20:24:06] > koshie buy x64 Iron block to Seris00 for $22,400.
[20:24:16] > Seris00 added x64 Iron block in auction for 22400.
[20:24:27] > Seris00 added x64 Iron block in auction for 22400.
[20:24:37] > Seris00 added x64 Iron block in auction for 22400.
[20:24:48] > Seris00 added x64 Iron block in auction for 22400.
[20:24:58] > Seris00 added x64 Iron block in auction for 22400.
[20:25:24] > sukiyoriee buy x1 §x§E§5§1§B§1§B§lDracula Shovel to octopus_01 for $50,000.
[20:25:27] > sukiyoriee remove x1 §x§E§5§1§B§1§B§lDracula Shovel from buy
[20:28:25] > Seris00 added x1 Enchanted book in auction for 4000.
[20:28:55] > tekkzz1fr buy x1 Enchanted book to Seris00 for $4,000.
[20:36:58] > Seris00 added x1 Enchanted book in auction for 4000.
[20:40:57] > Seris00 added x64 Firework rocket in auction for 9600.
[20:41:01] > llhxnce buy x64 Firework rocket to Seris00 for $9,600.
[20:41:08] > Seris00 added x64 Firework rocket in auction for 9600.
[20:41:11] > llhxnce remove x16 Firework rocket from buy
[20:44:31] > Palietass buy x1 Enchanted book to Seris00 for $4,000.
[20:46:52] > Unforce01 remove x64 Diamond form buy
[20:48:58] > Seris00 added x1 §x§F§F§7§C§0§0§lSteamsparks Shield in auction for 250000.
[20:49:26] > Seris00 remove x1 §x§F§F§7§C§0§0§lSteamsparks Shield from storage
[20:49:36] > Seris00 remove x1 §x§F§F§7§C§0§0§lSteamsparks Shield from storage
[20:49:46] > Seris00 remove x1 §x§F§F§7§C§0§0§lSteamsparks Shield form expire
[20:49:56] > Seris00 added x1 §x§F§F§7§C§0§0§lSteamsparks Shield in auction for 150000.
[20:50:11] > Seris00 added x1 §x§F§F§7§C§0§0§lSteamsparks Chestplate in auction for 150000.
[20:53:31] > x1 §f§x§4§1§B§C§4§2D§x§4§5§C§3§5§3r§x§4§9§C§9§6§3o§x§4§D§D§0§7§4w§x§5§1§D§7§8§5n§x§5§6§D§E§9§6e§x§5§A§E§4§A§6d§x§5§E§E§B§B§7 §x§6§2§F§2§C§8H§x§6§6§F§8§D§8a§x§6§A§F§F§E§9t on sale by Ax_ has just expired, it goes in the inventory of expired items.
[20:55:08] > SP3CC_ added x1 Ominous bottle in auction for 400000.
[20:59:42] > x1 §eᴢᴏᴍʙɪᴇ sᴘᴀᴡɴᴇʀ on sale by Jaiki has just expired, it goes in the inventory of expired items.
[21:00:02] > BlINDSTEELS buy x1 §f§l§x§F§C§D§0§5§CW§x§F§B§B§2§4§Fu§x§F§9§9§5§4§2k§x§F§8§7§7§3§5o§x§F§7§5§9§2§7n§x§F§6§3§B§1§Ag§x§F§4§1§E§0§D §x§F§3§0§0§0§0C§x§F§4§1§E§0§Dr§x§F§6§3§B§1§Ao§x§F§7§5§9§2§7s§x§F§8§7§7§3§5s§x§F§9§9§5§4§2b§x§F§B§B§2§4§Fo§x§F§C§D§0§5§Cw to kysicx for $200,000.
[21:00:06] > BlINDSTEELS remove x1 §f§l§x§F§C§D§0§5§CW§x§F§B§B§2§4§Fu§x§F§9§9§5§4§2k§x§F§8§7§7§3§5o§x§F§7§5§9§2§7n§x§F§6§3§B§1§Ag§x§F§4§1§E§0§D §x§F§3§0§0§0§0C§x§F§4§1§E§0§Dr§x§F§6§3§B§1§Ao§x§F§7§5§9§2§7s§x§F§8§7§7§3§5s§x§F§9§9§5§4§2b§x§F§B§B§2§4§Fo§x§F§C§D§0§5§Cw from buy
[21:07:11] > SP3CC_ added x1 §f§l§x§F§C§D§0§5§CW§x§F§A§A§2§4§8u§x§F§8§7§4§3§3k§x§F§6§4§5§1§Fo§x§F§4§1§7§0§Ang§x§F§6§4§5§1§F §x§F§8§7§4§3§3H§x§F§A§A§2§4§8o§x§F§C§D§0§5§Ce in auction for 200000.
[21:12:08] > Keenorana remove x1 §eᴡᴀʀᴅᴇɴ ꜱᴘᴀᴡɴᴇʀ from buy
[21:17:26] > namerikangel buy x64 Spruce log to Sezemi for $2,000.
[21:18:05] > namerikangel remove x64 Spruce log from buy
[21:30:34] > Artdeh remove x1 §x§F§F§5§5§0§0§lsᴇʟʟᴡᴀɴᴅ §6- 5.0x from buy
[21:31:01] > Keenorana added x1 §x§F§F§5§5§0§0§lsᴇʟʟᴡᴀɴᴅ §6- 20.0x in auction for 1300000.
[21:31:08] > Abbadex buy x1 §x§F§F§5§5§0§0§lsᴇʟʟᴡᴀɴᴅ §6- 20.0x to Keenorana for $1,300,000.
[21:34:32] > Jaiki buy x1 §e§lCrab Scale to celinesanrio for $10,000.
[21:34:35] > Jaiki buy x1 §9§lCrab Claw to celinesanrio for $10,000.
[21:40:22] > koshie remove x1 §x§E§5§1§B§1§B§lDracula Wings from buy
[21:44:46] > MrGh0st1y added x1 §f§l§x§F§C§D§0§5§CW§x§F§B§B§6§5§1u§x§F§A§9§C§4§5k§x§F§9§8§2§3§Ao§x§F§8§6§8§2§En§x§F§6§4§E§2§3g§x§F§5§3§4§1§7 §x§F§4§1§A§0§CG§x§F§3§0§0§0§0r§x§F§4§1§A§0§Ce§x§F§5§3§4§1§7a§x§F§6§4§E§2§3t§x§F§8§6§8§2§Es§x§F§9§8§2§3§Aw§x§F§A§9§C§4§5o§x§F§B§B§6§5§1r§x§F§C§D§0§5§Cd in auction for 100000.
[21:46:09] > zopell10 added x1 §x§C§9§A§7§F§C§lL§x§B§D§A§E§F§6§le§x§B§1§B§4§F§0§lg§x§A§6§B§B§E§A§le§x§9§A§C§1§E§4§ln§x§8§E§C§8§D§D§ld§x§8§2§C§E§D§7§la§x§7§7§D§5§D§1§lr§x§6§B§D§B§C§B§ly §x§6§B§D§B§C§B§lC§x§7§7§D§5§D§1§lr§x§8§2§C§E§D§7§la§x§8§E§C§8§D§D§lt§x§9§A§C§1§E§4§le §x§B§1§B§4§F§0§lK§x§B§D§A§E§F§6§le§x§C§9§A§7§F§C§ly in auction for 100000.
[21:46:25] > zopell10 remove x1 §x§C§9§A§7§F§C§lL§x§B§D§A§E§F§6§le§x§B§1§B§4§F§0§lg§x§A§6§B§B§E§A§le§x§9§A§C§1§E§4§ln§x§8§E§C§8§D§D§ld§x§8§2§C§E§D§7§la§x§7§7§D§5§D§1§lr§x§6§B§D§B§C§B§ly §x§6§B§D§B§C§B§lC§x§7§7§D§5§D§1§lr§x§8§2§C§E§D§7§la§x§8§E§C§8§D§D§lt§x§9§A§C§1§E§4§le §x§B§1§B§4§F§0§lK§x§B§D§A§E§F§6§le§x§C§9§A§7§F§C§ly from storage
[21:51:11] > king_ARK remove x1 §x§F§F§5§5§0§0§lsᴇʟʟᴡᴀɴᴅ §6- 5.0x from buy
[21:51:11] > king_ARK remove x1 §x§F§F§5§5§0§0§lsᴇʟʟᴡᴀɴᴅ §6- 5.0x from buy
[21:51:38] > Cooldoggiexd added x1 §x§F§F§5§5§0§0§lsᴇʟʟᴡᴀɴᴅ §6- 10.0x in auction for 1000000.
[21:53:54] > DanRaiv buy x64 Iron block to Seris00 for $22,400.
[21:54:28] > MrZyrus7228 added x1 §f§l§x§8§A§0§0§F§FS§x§9§8§0§0§D§Dh§x§A§6§0§0§B§Bi§x§B§4§0§0§9§9n§x§C§2§0§0§7§7e§x§D§0§0§0§5§5 §x§D§E§0§0§3§3O§x§E§C§0§0§1§1ni§x§D§E§0§0§3§3 §x§D§0§0§0§5§5S§x§C§2§0§0§7§7h§x§B§4§0§0§9§9o§x§A§6§0§0§B§Bv§x§9§8§0§0§D§De§x§8§A§0§0§F§Fl in auction for 2500000.
[21:57:07] > SP3CC_ added x1 §x§5§C§C§F§F§C§lC§x§5§C§D§1§F§5§lo§x§5§D§D§4§E§E§ls§x§5§D§D§6§E§7§lm§x§5§E§D§9§E§1§le§x§5§E§D§B§D§A§lt§x§5§E§D§D§D§3§li§x§5§F§E§0§C§C§lc §x§5§F§E§0§C§C§lH§x§5§E§D§D§D§3§la§x§5§E§D§B§D§A§lt§x§5§E§D§9§E§1§ls §x§5§D§D§4§E§E§lK§x§5§C§D§1§F§5§le§x§5§C§C§F§F§C§ly in auction for 100000.
[21:57:11] > MrZyrus7228 added x1 §x§5§C§C§F§F§C§lC§x§5§C§D§1§F§5§lo§x§5§D§D§4§E§E§ls§x§5§D§D§6§E§7§lm§x§5§E§D§9§E§1§le§x§5§E§D§B§D§A§lt§x§5§E§D§D§D§3§li§x§5§F§E§0§C§C§lc §x§5§F§E§0§C§C§lH§x§5§E§D§D§D§3§la§x§5§E§D§B§D§A§lt§x§5§E§D§9§E§1§ls §x§5§D§D§4§E§E§lK§x§5§C§D§1§F§5§le§x§5§C§C§F§F§C§ly in auction for 75000.
[21:57:32] > MrZyrus7228 remove x1 §f§l§x§8§A§0§0§F§FS§x§9§8§0§0§D§Dh§x§A§6§0§0§B§Bi§x§B§4§0§0§9§9n§x§C§2§0§0§7§7e§x§D§0§0§0§5§5 §x§D§E§0§0§3§3O§x§E§C§0§0§1§1ni§x§D§E§0§0§3§3 §x§D§0§0§0§5§5S§x§C§2§0§0§7§7h§x§B§4§0§0§9§9o§x§A§6§0§0§B§Bv§x§9§8§0§0§D§De§x§8§A§0§0§F§Fl from storage
[22:00:39] > kysicx added x1 §x§F§F§5§5§0§0§lsᴇʟʟᴡᴀɴᴅ §6- 5.0x in auction for 400000.
[22:00:51] > king_ARK buy x1 §x§F§F§5§5§0§0§lsᴇʟʟᴡᴀɴᴅ §6- 5.0x to kysicx for $400,000.
[22:03:25] > MrZyrus7228 added x1 §7Cemetery Hat in auction for 40000.
[22:03:35] > MrZyrus7228 added x1 §fMysterious Hat in auction for 30000.
[22:03:53] > DanRaiv buy x1 §f§l§x§F§C§D§0§5§CW§x§F§B§B§6§5§1u§x§F§A§9§C§4§5k§x§F§9§8§2§3§Ao§x§F§8§6§8§2§En§x§F§6§4§E§2§3g§x§F§5§3§4§1§7 §x§F§4§1§A§0§CG§x§F§3§0§0§0§0r§x§F§4§1§A§0§Ce§x§F§5§3§4§1§7a§x§F§6§4§E§2§3t§x§F§8§6§8§2§Es§x§F§9§8§2§3§Aw§x§F§A§9§C§4§5o§x§F§B§B§6§5§1r§x§F§C§D§0§5§Cd to MrGh0st1y for $100,000.
[22:05:20] > Palietass buy x1 §x§F§F§7§C§0§0§lSteamsparks Shield to Seris00 for $150,000.
[22:05:25] > king_ARK remove x1 §x§F§F§5§5§0§0§lsᴇʟʟᴡᴀɴᴅ §6- 5.0x from buy
[22:05:36] > Palietass buy x1 §fFlower Crown Hat to Sezemi for $30,000.
[22:06:01] > DanRaiv remove x1 §f§l§x§F§C§D§0§5§CW§x§F§B§B§6§5§1u§x§F§A§9§C§4§5k§x§F§9§8§2§3§Ao§x§F§8§6§8§2§En§x§F§6§4§E§2§3g§x§F§5§3§4§1§7 §x§F§4§1§A§0§CG§x§F§3§0§0§0§0r§x§F§4§1§A§0§Ce§x§F§5§3§4§1§7a§x§F§6§4§E§2§3t§x§F§8§6§8§2§Es§x§F§9§8§2§3§Aw§x§F§A§9§C§4§5o§x§F§B§B§6§5§1r§x§F§C§D§0§5§Cd from buy
[22:07:18] > MrZyrus7228 added x1 §f§l§x§F§C§D§0§5§CW§x§F§A§A§6§4§Au§x§F§8§7§D§3§7k§x§F§7§5§3§2§5o§x§F§5§2§A§1§2n§x§F§3§0§0§0§0g§x§F§5§2§A§1§2 §x§F§7§5§3§2§5C§x§F§8§7§D§3§7l§x§F§A§A§6§4§Au§x§F§C§D§0§5§Cb in auction for 250000.
[22:10:26] > MrZyrus7228 remove x1 §x§5§C§C§F§F§C§lC§x§5§C§D§1§F§5§lo§x§5§D§D§4§E§E§ls§x§5§D§D§6§E§7§lm§x§5§E§D§9§E§1§le§x§5§E§D§B§D§A§lt§x§5§E§D§D§D§3§li§x§5§F§E§0§C§C§lc §x§5§F§E§0§C§C§lH§x§5§E§D§D§D§3§la§x§5§E§D§B§D§A§lt§x§5§E§D§9§E§1§ls §x§5§D§D§4§E§E§lK§x§5§C§D§1§F§5§le§x§5§C§C§F§F§C§ly from storage
[22:10:27] > MrZyrus7228 remove x1 §x§5§C§C§F§F§C§lC§x§5§C§D§1§F§5§lo§x§5§D§D§4§E§E§ls§x§5§D§D§6§E§7§lm§x§5§E§D§9§E§1§le§x§5§E§D§B§D§A§lt§x§5§E§D§D§D§3§li§x§5§F§E§0§C§C§lc §x§5§F§E§0§C§C§lH§x§5§E§D§D§D§3§la§x§5§E§D§B§D§A§lt§x§5§E§D§9§E§1§ls §x§5§D§D§4§E§E§lK§x§5§C§D§1§F§5§le§x§5§C§C§F§F§C§ly from storage
[22:10:30] > MrZyrus7228 remove x1 §f§l§x§F§C§D§0§5§CW§x§F§A§A§6§4§Au§x§F§8§7§D§3§7k§x§F§7§5§3§2§5o§x§F§5§2§A§1§2n§x§F§3§0§0§0§0g§x§F§5§2§A§1§2 §x§F§7§5§3§2§5C§x§F§8§7§D§3§7l§x§F§A§A§6§4§Au§x§F§C§D§0§5§Cb from storage
[22:10:46] > MrZyrus7228 added x1 §f§l§x§F§C§D§0§5§CW§x§F§A§A§6§4§Au§x§F§8§7§D§3§7k§x§F§7§5§3§2§5o§x§F§5§2§A§1§2n§x§F§3§0§0§0§0g§x§F§5§2§A§1§2 §x§F§7§5§3§2§5C§x§F§8§7§D§3§7l§x§F§A§A§6§4§Au§x§F§C§D§0§5§Cb in auction for 150000.
[22:11:04] > anneyong buy x1 §f§l§x§F§C§D§0§5§CW§x§F§A§A§6§4§Au§x§F§8§7§D§3§7k§x§F§7§5§3§2§5o§x§F§5§2§A§1§2n§x§F§3§0§0§0§0g§x§F§5§2§A§1§2 §x§F§7§5§3§2§5C§x§F§8§7§D§3§7l§x§F§A§A§6§4§Au§x§F§C§D§0§5§Cb to MrZyrus7228 for $150,000.
[22:11:05] > DanRaiv remove x1 Enchanted book from storage
[22:11:47] > MrZyrus7228 added x1 §x§F§F§3§E§0§0§lD§x§F§F§3§6§0§0§le§x§F§F§2§F§0§0§lm§x§F§F§2§7§0§0§lo§x§F§F§1§F§0§0§ln §x§F§F§1§0§0§0§lL§x§F§F§0§8§0§0§lo§x§F§F§0§0§0§0§lr§x§F§F§0§8§0§0§ld §x§F§F§1§7§0§0§lS§x§F§F§1§F§0§0§lh§x§F§F§2§7§0§0§li§x§F§F§2§F§0§0§le§x§F§F§3§6§0§0§ll§x§F§F§3§E§0§0§ld in auction for 100000.
[22:12:33] > Cooldoggiexd buy x1 §x§F§F§3§E§0§0§lD§x§F§F§3§6§0§0§le§x§F§F§2§F§0§0§lm§x§F§F§2§7§0§0§lo§x§F§F§1§F§0§0§ln §x§F§F§1§0§0§0§lL§x§F§F§0§8§0§0§lo§x§F§F§0§0§0§0§lr§x§F§F§0§8§0§0§ld §x§F§F§1§7§0§0§lS§x§F§F§1§F§0§0§lh§x§F§F§2§7§0§0§li§x§F§F§2§F§0§0§le§x§F§F§3§6§0§0§ll§x§F§F§3§E§0§0§ld to MrZyrus7228 for $100,000.
[22:12:38] > MrZyrus7228 added x1 §f§l§x§F§C§D§0§5§CW§x§F§A§A§2§4§8u§x§F§8§7§4§3§3k§x§F§6§4§5§1§Fo§x§F§4§1§7§0§Ang§x§F§6§4§5§1§F §x§F§8§7§4§3§3H§x§F§A§A§2§4§8o§x§F§C§D§0§5§Ce in auction for 50000.
[22:12:41] > Cooldoggiexd remove x1 §x§F§F§3§E§0§0§lD§x§F§F§3§6§0§0§le§x§F§F§2§F§0§0§lm§x§F§F§2§7§0§0§lo§x§F§F§1§F§0§0§ln §x§F§F§1§0§0§0§lL§x§F§F§0§8§0§0§lo§x§F§F§0§0§0§0§lr§x§F§F§0§8§0§0§ld §x§F§F§1§7§0§0§lS§x§F§F§1§F§0§0§lh§x§F§F§2§7§0§0§li§x§F§F§2§F§0§0§le§x§F§F§3§6§0§0§ll§x§F§F§3§E§0§0§ld from buy
[22:13:13] > MrZyrus7228 added x64 Emerald in auction for 6400.
[22:13:23] > king_ARK buy x64 Emerald to MrZyrus7228 for $6,400.
[22:13:29] > MrZyrus7228 added x21 Emerald in auction for 2100.
[22:13:36] > king_ARK buy x21 Emerald to MrZyrus7228 for $2,100.
[22:14:29] > MrZyrus7228 added x45 Iron block in auction for 12000.
[22:26:36] > x1 §fFarmer Hat on sale by KEITHTHEPRO has just expired, it goes in the inventory of expired items.
[22:26:36] > x1 §2Franck on sale by KEITHTHEPRO has just expired, it goes in the inventory of expired items.
[22:26:36] > x1 §fAdventure Hat on sale by KEITHTHEPRO has just expired, it goes in the inventory of expired items.
[22:26:36] > MrGh0st1y added x1 §x§F§F§7§C§0§0§lSteamsparks Fishing Rod in auction for 10000.
[22:26:51] > namerikangel added x64 Sugar cane in auction for 4800.
[22:27:03] > namerikangel added x64 Sugar cane in auction for 4800.
[22:31:48] > Travis remove x1 sᴇʟʟᴡᴀɴᴅ - 2000.0x from buy
[22:32:22] > MrGh0st1y added x1 §fGarden Hat in auction for 10000.
[22:38:01] > anneyong remove x1 §f§l§x§F§C§D§0§5§CW§x§F§A§A§6§4§Au§x§F§8§7§D§3§7k§x§F§7§5§3§2§5o§x§F§5§2§A§1§2n§x§F§3§0§0§0§0g§x§F§5§2§A§1§2 §x§F§7§5§3§2§5C§x§F§8§7§D§3§7l§x§F§A§A§6§4§Au§x§F§C§D§0§5§Cb from buy
[22:47:11] > anneyong added x11 Wither skeleton skull in auction for 67676.
[22:48:26] > sigmaboy remove x1 §eᴄʜɪᴄᴋᴇɴ sᴘᴀᴡɴᴇʀ from storage
[22:48:36] > namerikangel added x1 Wither rose in auction for 10.
[22:49:01] > Zaanii_ buy x1 Wither rose to namerikangel for $10.
[22:49:25] > BlackKnight buy x1 §x§F§F§7§C§0§0§lSteamsparks Fishing Rod to MrGh0st1y for $10,000.
[22:49:32] > BlackKnight buy x1 §f§l§x§F§C§D§0§5§CW§x§F§A§A§2§4§8u§x§F§8§7§4§3§3k§x§F§6§4§5§1§Fo§x§F§4§1§7§0§Ang§x§F§6§4§5§1§F §x§F§8§7§4§3§3H§x§F§A§A§2§4§8o§x§F§C§D§0§5§Ce to MrZyrus7228 for $50,000.
[22:52:48] > anneyong remove x11 Wither skeleton skull form storage
[22:57:11] > DanRaiv remove x64 Iron block from buy
[23:29:09] > giyahnpogi added x64 Spruce log in auction for 2000.
[23:43:40] > Palietass buy x1 §x§F§F§3§E§0§0§lD§x§F§F§3§6§0§0§le§x§F§F§2§F§0§0§lm§x§F§F§2§7§0§0§lo§x§F§F§1§F§0§0§ln §x§F§F§1§0§0§0§lL§x§F§F§0§8§0§0§lo§x§F§F§0§0§0§0§lr§x§F§F§0§9§0§0§ld §x§F§F§1§B§0§0§lS§x§F§F§2§3§0§0§lt§x§F§F§2§C§0§0§la§x§F§F§3§5§0§0§lf§x§F§F§3§E§0§0§lf to Sanchay for $100,000.
[23:49:34] > Palietass remove x1 §x§F§F§3§E§0§0§lD§x§F§F§3§6§0§0§le§x§F§F§2§F§0§0§lm§x§F§F§2§7§0§0§lo§x§F§F§1§F§0§0§ln §x§F§F§1§0§0§0§lL§x§F§F§0§8§0§0§lo§x§F§F§0§0§0§0§lr§x§F§F§0§9§0§0§ld §x§F§F§1§B§0§0§lS§x§F§F§2§3§0§0§lt§x§F§F§2§C§0§0§la§x§F§F§3§5§0§0§lf§x§F§F§3§E§0§0§lf from buy
[23:49:52] > Palietass remove x1 §x§F§F§7§C§0§0§lSteamsparks Shield from buy
[23:49:54] > Palietass remove x1 §fFlower Crown Hat from buy