
[12:25:04] > x1 Enchanted book, bought by nachfaust, has just expired, the item is definitively deleted.
[12:25:04] > x37 Cobbled deepslate, bought by warenjay123, has just expired, the item is definitively deleted.
[12:25:04] > x1 §fGuardian Plushie §6(#43/101), bought by Panda_Nooba, has just expired, the item is definitively deleted.
[12:25:05] > PlayTexts remove x64 Firework rocket from buy
[12:42:34] > Cooldoggiexd added x1 1m sponge in auction for 10.
[13:41:21] > Blinkrzz added x1 §f§l§x§E§4§3§A§3§AM§x§D§6§4§9§3§Ae§x§C§7§5§7§3§Ar§x§B§9§6§6§3§9r§x§A§A§7§5§3§9y§x§9§C§8§3§3§9 §x§8§E§9§2§3§9C§x§7§F§A§1§3§9h§x§7§1§A§F§3§8r§x§6§3§B§E§3§8i§x§5§4§C§D§3§8st§x§6§3§B§E§3§8m§x§7§1§A§F§3§8a§x§7§F§A§1§3§9s§x§8§E§9§2§3§9 §x§9§C§8§3§3§9S§x§A§A§7§5§3§9h§x§B§9§6§6§3§9o§x§C§7§5§7§3§Av§x§D§6§4§9§3§Ae§x§E§4§3§A§3§Al in auction for 1000067.
[13:41:49] > Typeshe added x1 §f§l§x§E§4§3§A§3§AM§x§D§8§4§6§3§Ae§x§C§C§5§3§3§Ar§x§C§0§5§F§3§Ar§x§B§4§6§B§3§9y§x§A§8§7§8§3§9 §x§9§C§8§4§3§9C§x§8§F§9§0§3§9h§x§8§3§9§D§3§9r§x§7§7§A§9§3§9i§x§6§B§B§5§3§8s§x§5§F§C§2§3§8t§x§5§3§C§E§3§8ma§x§5§F§C§2§3§8s§x§6§B§B§5§3§8 §x§7§7§A§9§3§9C§x§8§3§9§D§3§9h§x§8§F§9§0§3§9e§x§9§C§8§4§3§9s§x§A§8§7§8§3§9t§x§B§4§6§B§3§9p§x§C§0§5§F§3§Al§x§C§C§5§3§3§Aa§x§D§8§4§6§3§At§x§E§4§3§A§3§Ae in auction for 1000000.
[13:42:00] > x1 Enchanted book, item of Cooldoggiexd, has just expired, the item is definitively deleted.
[13:42:00] > x1 Mace, item of Ryzxc, has just expired, the item is definitively deleted.
[13:42:03] > Blinkrzz remove x1 §f§l§x§E§4§3§A§3§AM§x§D§5§4§9§3§Ae§x§C§6§5§9§3§Ar§x§B§7§6§8§3§9r§x§A§8§7§8§3§9y§x§9§9§8§7§3§9 §x§8§9§9§6§3§9C§x§7§A§A§6§3§9h§x§6§B§B§5§3§8r§x§5§C§C§5§3§8i§x§4§D§D§4§3§8s§x§5§C§C§5§3§8t§x§6§B§B§5§3§8m§x§7§A§A§6§3§9a§x§8§9§9§6§3§9s§x§9§9§8§7§3§9 §x§A§8§7§8§3§9S§x§B§7§6§8§3§9t§x§C§6§5§9§3§Aa§x§D§5§4§9§3§Af§x§E§4§3§A§3§Af from expire
[13:42:04] > Blinkrzz remove x1 SELLWAND AND OTHERS from expire
[13:42:04] > Blinkrzz remove x1 §x§5§9§A§1§D§9§lA§x§7§1§A§E§D§Er§x§8§8§B§C§E§4c§x§A§0§C§9§E§9h§x§B§8§D§7§E§Fa§x§D§0§E§4§F§4n§x§E§7§F§2§F§Ag§fe§x§E§7§F§2§F§Al §x§B§8§D§7§E§FB§x§A§0§C§9§E§9o§x§8§8§B§C§E§4o§x§7§1§A§E§D§Et§x§5§9§A§1§D§9s from expire
[13:42:05] > Blinkrzz remove x1 §x§F§F§3§E§0§0§lSellwand Voucher from expire
[13:42:20] > Blinkrzz added x1 §x§5§9§A§1§D§9§lA§x§7§1§A§E§D§Er§x§8§8§B§C§E§4c§x§A§0§C§9§E§9h§x§B§8§D§7§E§Fa§x§D§0§E§4§F§4n§x§E§7§F§2§F§Ag§fe§x§E§7§F§2§F§Al §x§B§8§D§7§E§FB§x§A§0§C§9§E§9o§x§8§8§B§C§E§4o§x§7§1§A§E§D§Et§x§5§9§A§1§D§9s in auction for 3000000.
[13:42:31] > Blinkrzz added x1 §x§F§F§3§E§0§0§lSellwand Voucher in auction for 1500000.
[13:42:48] > Blinkrzz added x1 §f§l§x§E§4§3§A§3§AM§x§D§5§4§9§3§Ae§x§C§6§5§9§3§Ar§x§B§7§6§8§3§9r§x§A§8§7§8§3§9y§x§9§9§8§7§3§9 §x§8§9§9§6§3§9C§x§7§A§A§6§3§9h§x§6§B§B§5§3§8r§x§5§C§C§5§3§8i§x§4§D§D§4§3§8s§x§5§C§C§5§3§8t§x§6§B§B§5§3§8m§x§7§A§A§6§3§9a§x§8§9§9§6§3§9s§x§9§9§8§7§3§9 §x§A§8§7§8§3§9S§x§B§7§6§8§3§9t§x§C§6§5§9§3§Aa§x§D§5§4§9§3§Af§x§E§4§3§A§3§Af in auction for 1000500.
[14:25:02] > x1 §x§E§4§3§A§3§A§lC§x§C§E§5§0§3§A§lh§x§B§9§6§6§3§9§lr§x§A§3§7§C§3§9§li§x§8§E§9§2§3§9§ls§x§7§8§A§8§3§9§lt§x§6§3§B§E§3§8§lm§x§4§D§D§4§3§8§la§x§6§3§B§E§3§8§ls §x§8§E§9§2§3§9§lG§x§A§3§7§C§3§9§ll§x§B§9§6§6§3§9§lo§x§C§E§5§0§3§A§lb§x§E§4§3§A§3§A§le on sale by nebula12321 has just expired, it goes in the inventory of expired items.
[14:25:02] > x1 §x§F§F§3§E§0§0§lSellwand Voucher on sale by nebula12321 has just expired, it goes in the inventory of expired items.
[15:00:51] > fuzzy_fae buy x1 Trial key to Muirfaha15 for $10,000.
[15:29:02] > x1 Sniffer egg, item of kysicx, has just expired, the item is definitively deleted.
[15:29:03] > nebula12321 remove x1 §x§E§4§3§A§3§A§lC§x§C§E§5§0§3§A§lh§x§B§9§6§6§3§9§lr§x§A§3§7§C§3§9§li§x§8§E§9§2§3§9§ls§x§7§8§A§8§3§9§lt§x§6§3§B§E§3§8§lm§x§4§D§D§4§3§8§la§x§6§3§B§E§3§8§ls §x§8§E§9§2§3§9§lG§x§A§3§7§C§3§9§ll§x§B§9§6§6§3§9§lo§x§C§E§5§0§3§A§lb§x§E§4§3§A§3§A§le from expire
[15:29:04] > nebula12321 remove x1 §x§F§F§3§E§0§0§lSellwand Voucher from expire
[15:29:09] > nebula12321 added x1 §x§E§4§3§A§3§A§lC§x§C§E§5§0§3§A§lh§x§B§9§6§6§3§9§lr§x§A§3§7§C§3§9§li§x§8§E§9§2§3§9§ls§x§7§8§A§8§3§9§lt§x§6§3§B§E§3§8§lm§x§4§D§D§4§3§8§la§x§6§3§B§E§3§8§ls §x§8§E§9§2§3§9§lG§x§A§3§7§C§3§9§ll§x§B§9§6§6§3§9§lo§x§C§E§5§0§3§A§lb§x§E§4§3§A§3§A§le in auction for 1500000.
[15:29:27] > nebula12321 added x1 §x§F§F§3§E§0§0§lSellwand Voucher in auction for 1700000.
[16:48:52] > Horheee remove x1 Netherite hoe from storage
[16:49:09] > Horheee added x1 Netherite hoe in auction for 100000.
[16:52:43] > x1 §x§E§E§0§0§0§0§lᴜɴʟɪᴍɪᴛᴇᴅ sᴇʟʟᴡᴀɴᴅ on sale by 701 has just expired, it goes in the inventory of expired items.
[16:52:49] > Horheee remove x1 §f§l§x§E§4§3§A§3§AM§x§D§6§4§9§3§Ae§x§C§7§5§7§3§Ar§x§B§9§6§6§3§9r§x§A§A§7§5§3§9y§x§9§C§8§3§3§9 §x§8§E§9§2§3§9C§x§7§F§A§1§3§9h§x§7§1§A§F§3§8r§x§6§3§B§E§3§8i§x§5§4§C§D§3§8st§x§6§3§B§E§3§8m§x§7§1§A§F§3§8a§x§7§F§A§1§3§9s§x§8§E§9§2§3§9 §x§9§C§8§3§3§9S§x§A§A§7§5§3§9h§x§B§9§6§6§3§9i§x§C§7§5§7§3§Ae§x§D§6§4§9§3§Al§x§E§4§3§A§3§Ad from storage
[16:52:55] > Horheee added x1 §f§l§x§E§4§3§A§3§AM§x§D§6§4§9§3§Ae§x§C§7§5§7§3§Ar§x§B§9§6§6§3§9r§x§A§A§7§5§3§9y§x§9§C§8§3§3§9 §x§8§E§9§2§3§9C§x§7§F§A§1§3§9h§x§7§1§A§F§3§8r§x§6§3§B§E§3§8i§x§5§4§C§D§3§8st§x§6§3§B§E§3§8m§x§7§1§A§F§3§8a§x§7§F§A§1§3§9s§x§8§E§9§2§3§9 §x§9§C§8§3§3§9S§x§A§A§7§5§3§9h§x§B§9§6§6§3§9i§x§C§7§5§7§3§Ae§x§D§6§4§9§3§Al§x§E§4§3§A§3§Ad in auction for 900000.
[16:56:06] > Horheee remove x1 §f§l§x§E§4§3§A§3§AM§x§D§6§4§9§3§Ae§x§C§7§5§7§3§Ar§x§B§9§6§6§3§9r§x§A§A§7§5§3§9y§x§9§C§8§3§3§9 §x§8§E§9§2§3§9C§x§7§F§A§1§3§9h§x§7§1§A§F§3§8r§x§6§3§B§E§3§8i§x§5§4§C§D§3§8st§x§6§3§B§E§3§8m§x§7§1§A§F§3§8a§x§7§F§A§1§3§9s§x§8§E§9§2§3§9 §x§9§C§8§3§3§9S§x§A§A§7§5§3§9h§x§B§9§6§6§3§9i§x§C§7§5§7§3§Ae§x§D§6§4§9§3§Al§x§E§4§3§A§3§Ad from storage
[16:56:13] > Horheee added x1 §f§l§x§E§4§3§A§3§AM§x§D§6§4§9§3§Ae§x§C§7§5§7§3§Ar§x§B§9§6§6§3§9r§x§A§A§7§5§3§9y§x§9§C§8§3§3§9 §x§8§E§9§2§3§9C§x§7§F§A§1§3§9h§x§7§1§A§F§3§8r§x§6§3§B§E§3§8i§x§5§4§C§D§3§8st§x§6§3§B§E§3§8m§x§7§1§A§F§3§8a§x§7§F§A§1§3§9s§x§8§E§9§2§3§9 §x§9§C§8§3§3§9S§x§A§A§7§5§3§9h§x§B§9§6§6§3§9i§x§C§7§5§7§3§Ae§x§D§6§4§9§3§Al§x§E§4§3§A§3§Ad in auction for 850000.
[16:57:34] > .Allxnzv added x1 Gambit in auction for 10000000.
[16:57:51] > .Allxnzv remove x1 Gambit from storage
[17:10:59] > belvi__ added x1 §f§l§8B§x§5§F§5§F§5§Fa§x§6§9§6§9§6§9h§x§7§3§7§3§7§3a§x§7§D§7§D§7§Dm§x§8§7§8§7§8§7u§x§9§1§9§1§9§1t§x§9§B§9§B§9§B §x§A§5§A§5§A§5Ch§x§9§B§9§B§9§Be§x§9§1§9§1§9§1s§x§8§7§8§7§8§7t§x§7§D§7§D§7§Dp§x§7§3§7§3§7§3l§x§6§9§6§9§6§9a§x§5§F§5§F§5§Ft§8e in auction for 700000.
[17:11:04] > Horheee buy x1 §f§l§8B§x§5§F§5§F§5§Fa§x§6§9§6§9§6§9h§x§7§3§7§3§7§3a§x§7§D§7§D§7§Dm§x§8§7§8§7§8§7u§x§9§1§9§1§9§1t§x§9§B§9§B§9§B §x§A§5§A§5§A§5Ch§x§9§B§9§B§9§Be§x§9§1§9§1§9§1s§x§8§7§8§7§8§7t§x§7§D§7§D§7§Dp§x§7§3§7§3§7§3l§x§6§9§6§9§6§9a§x§5§F§5§F§5§Ft§8e to belvi__ for $700,000.
[17:11:26] > x1 Powder snow bucket, bought by .AppriXD, has just expired, the item is definitively deleted.
[17:11:26] > x1 Powder snow bucket, bought by .AppriXD, has just expired, the item is definitively deleted.
[17:11:26] > x37 Redstone block, bought by Arthur, has just expired, the item is definitively deleted.
[17:11:26] > x64 Iron block, bought by younglion1224, has just expired, the item is definitively deleted.
[17:11:26] > x1 §f§l§8B§x§6§6§6§6§6§6a§x§7§7§7§7§7§7h§x§8§8§8§8§8§8a§x§9§9§9§9§9§9m§7u§x§9§9§9§9§9§9t§x§8§8§8§8§8§8 §x§7§7§7§7§7§7B§x§6§6§6§6§6§6o§8w, bought by imnectarfr, has just expired, the item is definitively deleted.
[17:11:27] > Horheee remove x1 §f§l§8B§x§5§F§5§F§5§Fa§x§6§9§6§9§6§9h§x§7§3§7§3§7§3a§x§7§D§7§D§7§Dm§x§8§7§8§7§8§7u§x§9§1§9§1§9§1t§x§9§B§9§B§9§B §x§A§5§A§5§A§5Ch§x§9§B§9§B§9§Be§x§9§1§9§1§9§1s§x§8§7§8§7§8§7t§x§7§D§7§D§7§Dp§x§7§3§7§3§7§3l§x§6§9§6§9§6§9a§x§5§F§5§F§5§Ft§8e from buy
[17:12:19] > Horheee added x1 Netherite chestplate in auction for 150000.
[17:12:43] > zappyduo buy x1 Netherite chestplate to Horheee for $150,000.
[17:12:49] > zappyduo remove x1 Enchanted book from buy
[17:12:50] > zappyduo remove x1 Enchanted book from buy
[17:12:51] > zappyduo remove x1 Netherite chestplate from buy
[17:27:04] > Horheee remove x1 Netherite hoe from storage
[17:27:04] > Horheee remove x1 §x§F§F§7§C§0§0§lSteamsparks Blade from storage
[17:27:04] > fuzzy_fae added x1 Iron ingot in auction for 900.
[17:27:04] > Horheee remove x1 §x§F§F§7§C§0§0§lSteamsparks Bow from storage
[17:27:05] > Horheee remove x1 §f§l§x§E§4§3§A§3§AM§x§D§6§4§9§3§Ae§x§C§7§5§7§3§Ar§x§B§9§6§6§3§9r§x§A§A§7§5§3§9y§x§9§C§8§3§3§9 §x§8§E§9§2§3§9C§x§7§F§A§1§3§9h§x§7§1§A§F§3§8r§x§6§3§B§E§3§8i§x§5§4§C§D§3§8st§x§6§3§B§E§3§8m§x§7§1§A§F§3§8a§x§7§F§A§1§3§9s§x§8§E§9§2§3§9 §x§9§C§8§3§3§9S§x§A§A§7§5§3§9h§x§B§9§6§6§3§9i§x§C§7§5§7§3§Ae§x§D§6§4§9§3§Al§x§E§4§3§A§3§Ad from storage
[17:27:15] > Horheee added x1 Netherite hoe in auction for 100000.
[17:27:29] > Horheee added x1 §x§F§F§7§C§0§0§lSteamsparks Blade in auction for 100000.
[17:27:45] > fuzzy_fae remove x1 Iron ingot from storage
[17:27:47] > Horheee added x1 §x§F§F§7§C§0§0§lSteamsparks Bow in auction for 100000.
[17:28:00] > Horheee added x1 §f§l§x§E§4§3§A§3§AM§x§D§6§4§9§3§Ae§x§C§7§5§7§3§Ar§x§B§9§6§6§3§9r§x§A§A§7§5§3§9y§x§9§C§8§3§3§9 §x§8§E§9§2§3§9C§x§7§F§A§1§3§9h§x§7§1§A§F§3§8r§x§6§3§B§E§3§8i§x§5§4§C§D§3§8st§x§6§3§B§E§3§8m§x§7§1§A§F§3§8a§x§7§F§A§1§3§9s§x§8§E§9§2§3§9 §x§9§C§8§3§3§9S§x§A§A§7§5§3§9h§x§B§9§6§6§3§9i§x§C§7§5§7§3§Ae§x§D§6§4§9§3§Al§x§E§4§3§A§3§Ad in auction for 800000.
[17:29:21] > fuzzy_fae added x64 Iron ingot in auction for 19200.
[17:40:15] > Horheee remove x1 §f§l§x§E§4§3§A§3§AM§x§D§6§4§9§3§Ae§x§C§7§5§7§3§Ar§x§B§9§6§6§3§9r§x§A§A§7§5§3§9y§x§9§C§8§3§3§9 §x§8§E§9§2§3§9C§x§7§F§A§1§3§9h§x§7§1§A§F§3§8r§x§6§3§B§E§3§8i§x§5§4§C§D§3§8st§x§6§3§B§E§3§8m§x§7§1§A§F§3§8a§x§7§F§A§1§3§9s§x§8§E§9§2§3§9 §x§9§C§8§3§3§9S§x§A§A§7§5§3§9h§x§B§9§6§6§3§9i§x§C§7§5§7§3§Ae§x§D§6§4§9§3§Al§x§E§4§3§A§3§Ad from storage
[17:40:30] > Horheee added x1 §f§l§x§E§4§3§A§3§AM§x§D§6§4§9§3§Ae§x§C§7§5§7§3§Ar§x§B§9§6§6§3§9r§x§A§A§7§5§3§9y§x§9§C§8§3§3§9 §x§8§E§9§2§3§9C§x§7§F§A§1§3§9h§x§7§1§A§F§3§8r§x§6§3§B§E§3§8i§x§5§4§C§D§3§8st§x§6§3§B§E§3§8m§x§7§1§A§F§3§8a§x§7§F§A§1§3§9s§x§8§E§9§2§3§9 §x§9§C§8§3§3§9S§x§A§A§7§5§3§9h§x§B§9§6§6§3§9i§x§C§7§5§7§3§Ae§x§D§6§4§9§3§Al§x§E§4§3§A§3§Ad in auction for 850000.
[17:49:08] > Horheee remove x1 §f§l§x§E§4§3§A§3§AM§x§D§6§4§9§3§Ae§x§C§7§5§7§3§Ar§x§B§9§6§6§3§9r§x§A§A§7§5§3§9y§x§9§C§8§3§3§9 §x§8§E§9§2§3§9C§x§7§F§A§1§3§9h§x§7§1§A§F§3§8r§x§6§3§B§E§3§8i§x§5§4§C§D§3§8st§x§6§3§B§E§3§8m§x§7§1§A§F§3§8a§x§7§F§A§1§3§9s§x§8§E§9§2§3§9 §x§9§C§8§3§3§9S§x§A§A§7§5§3§9h§x§B§9§6§6§3§9i§x§C§7§5§7§3§Ae§x§D§6§4§9§3§Al§x§E§4§3§A§3§Ad from storage
[17:49:13] > Horheee added x1 §f§l§x§E§4§3§A§3§AM§x§D§6§4§9§3§Ae§x§C§7§5§7§3§Ar§x§B§9§6§6§3§9r§x§A§A§7§5§3§9y§x§9§C§8§3§3§9 §x§8§E§9§2§3§9C§x§7§F§A§1§3§9h§x§7§1§A§F§3§8r§x§6§3§B§E§3§8i§x§5§4§C§D§3§8st§x§6§3§B§E§3§8m§x§7§1§A§F§3§8a§x§7§F§A§1§3§9s§x§8§E§9§2§3§9 §x§9§C§8§3§3§9S§x§A§A§7§5§3§9h§x§B§9§6§6§3§9i§x§C§7§5§7§3§Ae§x§D§6§4§9§3§Al§x§E§4§3§A§3§Ad in auction for 800000.
[18:37:44] > Kodakoda added x1 Enchanted book in auction for 150000.
[18:38:40] > Antonie657 added x5 §x§F§C§9§0§5§C§lE§x§E§6§9§C§6§B§lp§x§C§F§A§7§7§A§li§x§B§9§B§3§8§9§lc §x§8§C§C§B§A§7§lC§x§7§5§D§6§B§6§lr§x§5§F§E§2§C§5§la§x§7§9§D§4§B§4§lt§x§9§3§C§7§A§2§le §x§C§8§A§B§7§F§lK§x§E§2§9§E§6§E§le§x§F§C§9§0§5§C§ly in auction for 5000.
[18:38:44] > x1 Enchanted book, bought by Zypher_0w0, has just expired, the item is definitively deleted.
[18:38:49] > x64 Tipped arrow, item of namerikangel, has just expired, the item is definitively deleted.
[18:38:50] > Antonie657 remove x6 Netherite ingot from expire
[18:39:02] > Antonie657 added x6 Netherite ingot in auction for 450000.
[18:45:18] > Horheee added x1 §x§F§F§3§E§0§0§lSellwand Voucher in auction for 1000000.
[18:45:35] > micailatot added x1 §x§F§F§3§E§0§0§lSellwand Voucher in auction for 1100000.
[18:45:36] > Antonie657 added x2 Enchanted golden apple in auction for 20000.
[18:45:41] > Kodakoda added x1 §x§F§F§5§5§0§0§lsᴇʟʟᴡᴀɴᴅ §6- 10.0x in auction for 1000000.
[18:48:56] > micailatot added x1 §f§l§x§E§4§3§A§3§AM§x§D§6§4§9§3§Ae§x§C§7§5§7§3§Ar§x§B§9§6§6§3§9r§x§A§A§7§5§3§9y§x§9§C§8§3§3§9 §x§8§E§9§2§3§9C§x§7§F§A§1§3§9h§x§7§1§A§F§3§8r§x§6§3§B§E§3§8i§x§5§4§C§D§3§8st§x§6§3§B§E§3§8m§x§7§1§A§F§3§8a§x§7§F§A§1§3§9s§x§8§E§9§2§3§9 §x§9§C§8§3§3§9H§x§A§A§7§5§3§9a§x§B§9§6§6§3§9m§x§C§7§5§7§3§Am§x§D§6§4§9§3§Ae§x§E§4§3§A§3§Ar in auction for 800000.
[18:49:18] > micailatot remove x1 §x§F§F§3§E§0§0§lSellwand Voucher from storage
[18:50:00] > micailatot remove x1 §x§F§F§3§E§0§0§lSellwand Voucher from expire
[18:50:14] > micailatot remove x1 §f§l§x§E§4§3§A§3§AM§x§D§8§4§6§3§Ae§x§C§C§5§3§3§Ar§x§C§0§5§F§3§Ar§x§B§4§6§B§3§9y§x§A§8§7§8§3§9 §x§9§C§8§4§3§9C§x§8§F§9§0§3§9h§x§8§3§9§D§3§9r§x§7§7§A§9§3§9i§x§6§B§B§5§3§8s§x§5§F§C§2§3§8t§x§5§3§C§E§3§8ma§x§5§F§C§2§3§8s§x§6§B§B§5§3§8 §x§7§7§A§9§3§9C§x§8§3§9§D§3§9h§x§8§F§9§0§3§9e§x§9§C§8§4§3§9s§x§A§8§7§8§3§9t§x§B§4§6§B§3§9p§x§C§0§5§F§3§Al§x§C§C§5§3§3§Aa§x§D§8§4§6§3§At§x§E§4§3§A§3§Ae from expire
[18:50:24] > micailatot added x1 §f§l§x§E§4§3§A§3§AM§x§D§8§4§6§3§Ae§x§C§C§5§3§3§Ar§x§C§0§5§F§3§Ar§x§B§4§6§B§3§9y§x§A§8§7§8§3§9 §x§9§C§8§4§3§9C§x§8§F§9§0§3§9h§x§8§3§9§D§3§9r§x§7§7§A§9§3§9i§x§6§B§B§5§3§8s§x§5§F§C§2§3§8t§x§5§3§C§E§3§8ma§x§5§F§C§2§3§8s§x§6§B§B§5§3§8 §x§7§7§A§9§3§9C§x§8§3§9§D§3§9h§x§8§F§9§0§3§9e§x§9§C§8§4§3§9s§x§A§8§7§8§3§9t§x§B§4§6§B§3§9p§x§C§0§5§F§3§Al§x§C§C§5§3§3§Aa§x§D§8§4§6§3§At§x§E§4§3§A§3§Ae in auction for 600000.
[18:50:33] > micailatot remove x1 Selling food n stuff at /pwarp go MShop from expire
[18:50:40] > micailatot added x1 Selling food n stuff at /pwarp go MShop in auction for 10000000000000.
[18:50:52] > micailatot remove x1 Heavy core from expire
[18:50:53] > micailatot remove x1 §f§l§x§E§4§3§A§3§AM§x§D§6§4§9§3§Ae§x§C§7§5§7§3§Ar§x§B§9§6§6§3§9r§x§A§A§7§5§3§9y§x§9§C§8§3§3§9 §x§8§E§9§2§3§9C§x§7§F§A§1§3§9h§x§7§1§A§F§3§8r§x§6§3§B§E§3§8i§x§5§4§C§D§3§8st§x§6§3§B§E§3§8m§x§7§1§A§F§3§8a§x§7§F§A§1§3§9s§x§8§E§9§2§3§9 §x§9§C§8§3§3§9S§x§A§A§7§5§3§9h§x§B§9§6§6§3§9o§x§C§7§5§7§3§Av§x§D§6§4§9§3§Ae§x§E§4§3§A§3§Al from expire
[18:51:27] > micailatot remove x1 §f§x§F§9§A§2§0§DP§x§F§2§9§E§0§Du§x§E§B§9§9§0§Dm§x§E§3§9§5§0§Dp§x§D§C§9§0§0§Dk§x§D§5§8§C§0§Di§x§C§E§8§7§0§Dn§x§C§7§8§3§0§D §x§B§F§7§E§0§DH§x§B§8§7§A§0§Da§x§B§1§7§5§0§Dt from storage
[18:51:35] > micailatot added x1 §f§l§x§E§4§3§A§3§AM§x§D§6§4§9§3§Ae§x§C§7§5§7§3§Ar§x§B§9§6§6§3§9r§x§A§A§7§5§3§9y§x§9§C§8§3§3§9 §x§8§E§9§2§3§9C§x§7§F§A§1§3§9h§x§7§1§A§F§3§8r§x§6§3§B§E§3§8i§x§5§4§C§D§3§8st§x§6§3§B§E§3§8m§x§7§1§A§F§3§8a§x§7§F§A§1§3§9s§x§8§E§9§2§3§9 §x§9§C§8§3§3§9S§x§A§A§7§5§3§9h§x§B§9§6§6§3§9o§x§C§7§5§7§3§Av§x§D§6§4§9§3§Ae§x§E§4§3§A§3§Al in auction for 700000.
[18:52:07] > Zypher_0w0 added x64 Blaze rod in auction for 10000.
[18:52:23] > Zypher_0w0 added x64 Blaze rod in auction for 10000.
[18:52:58] > Zypher_0w0 added x64 Blaze rod in auction for 10000.
[19:12:05] > Horheee remove x1 §x§F§F§3§E§0§0§lSellwand Voucher from storage
[19:18:47] > Horheee added x1 Beacon in auction for 350000.
[19:22:21] > Horheee added x1 Beacon in auction for 250000.
[19:22:28] > aroraru buy x1 1m sponge to Cooldoggiexd for $10.
[19:22:46] > yxsin112 buy x1 Beacon to Horheee for $250,000.
[19:23:41] > Horheee added x1 Beacon in auction for 250000.
[19:23:49] > aroraru buy x64 Blaze rod to Zypher_0w0 for $10,000.
[19:32:58] > Pewpew added x1 §f§l§8B§x§6§6§6§6§6§6a§x§7§7§7§7§7§7h§x§8§8§8§8§8§8a§x§9§9§9§9§9§9m§7u§x§9§9§9§9§9§9t§x§8§8§8§8§8§8 §x§7§7§7§7§7§7K§x§6§6§6§6§6§6e§8y in auction for 1000000.
[19:36:22] > Horheee remove x1 Beacon from storage
[19:36:22] > Horheee remove x1 Beacon from storage
[19:36:36] > Horheee added x1 Beacon in auction for 250000.
[19:58:39] > Horheee buy x5 §x§F§C§9§0§5§C§lE§x§E§6§9§C§6§B§lp§x§C§F§A§7§7§A§li§x§B§9§B§3§8§9§lc §x§8§C§C§B§A§7§lC§x§7§5§D§6§B§6§lr§x§5§F§E§2§C§5§la§x§7§9§D§4§B§4§lt§x§9§3§C§7§A§2§le §x§C§8§A§B§7§F§lK§x§E§2§9§E§6§E§le§x§F§C§9§0§5§C§ly to Antonie657 for $5,000.
[20:02:41] > x1 §f§l§x§E§4§3§A§3§AM§x§D§5§4§9§3§Ae§x§C§6§5§9§3§Ar§x§B§7§6§8§3§9r§x§A§8§7§8§3§9y§x§9§9§8§7§3§9 §x§8§9§9§6§3§9C§x§7§A§A§6§3§9h§x§6§B§B§5§3§8r§x§5§C§C§5§3§8i§x§4§D§D§4§3§8s§x§5§C§C§5§3§8t§x§6§B§B§5§3§8m§x§7§A§A§6§3§9a§x§8§9§9§6§3§9s§x§9§9§8§7§3§9 §x§A§8§7§8§3§9S§x§B§7§6§8§3§9w§x§C§6§5§9§3§Ao§x§D§5§4§9§3§Ar§x§E§4§3§A§3§Ad on sale by nachfaust has just expired, it goes in the inventory of expired items.
[20:04:23] > x1 §fPiglin Brute Plushie §6(#65/101), bought by Wemmbuo, has just expired, the item is definitively deleted.
[20:04:23] > x1 §fWolf Plushie §6(#97/101), bought by Wemmbuo, has just expired, the item is definitively deleted.
[20:04:24] > Horheee remove x5 §x§F§C§9§0§5§C§lE§x§E§6§9§C§6§B§lp§x§C§F§A§7§7§A§li§x§B§9§B§3§8§9§lc §x§8§C§C§B§A§7§lC§x§7§5§D§6§B§6§lr§x§5§F§E§2§C§5§la§x§7§9§D§4§B§4§lt§x§9§3§C§7§A§2§le §x§C§8§A§B§7§F§lK§x§E§2§9§E§6§E§le§x§F§C§9§0§5§C§ly from buy
[20:11:21] > micailatot remove x1 Nether star from storage
[20:15:11] > quillking67 remove x1 Enchanted book from buy
[20:15:13] > quillking67 remove x1 Enchanted book from buy
[20:30:38] > H2SO4 added x1 §x§E§E§0§0§0§0§lᴜɴʟɪᴍɪᴛᴇᴅ sᴇʟʟᴡᴀɴᴅ in auction for 1000000.
[20:39:20] > x1 §f§bElder Guardian Plushie §6(#31/101) on sale by Julene has just expired, it goes in the inventory of expired items.
[20:54:23] > Anc_Kyoto added x1 §f§l§x§E§4§3§A§3§AM§x§D§7§4§7§3§Ae§x§C§A§5§5§3§Ar§x§B§D§6§2§3§9r§x§A§F§7§0§3§9y§x§A§2§7§D§3§9 §x§9§5§8§A§3§9C§x§8§8§9§8§3§9h§x§7§B§A§5§3§9r§x§6§E§B§3§3§8i§x§6§1§C§0§3§8s§x§5§4§C§D§3§8tm§x§6§1§C§0§3§8a§x§6§E§B§3§3§8s§x§7§B§A§5§3§9 §x§8§8§9§8§3§9C§x§9§5§8§A§3§9r§x§A§2§7§D§3§9o§x§A§F§7§0§3§9s§x§B§D§6§2§3§9s§x§C§A§5§5§3§Ab§x§D§7§4§7§3§Ao§x§E§4§3§A§3§Aw in auction for 500000.
[21:16:25] > Horheee added x1 §x§F§F§5§5§0§0§lsᴇʟʟᴡᴀɴᴅ §6- 20.0x in auction for 2000000.
[21:46:47] > Horheee remove x1 §f§l§x§E§4§3§A§3§AM§x§D§6§4§9§3§Ae§x§C§7§5§7§3§Ar§x§B§9§6§6§3§9r§x§A§A§7§5§3§9y§x§9§C§8§3§3§9 §x§8§E§9§2§3§9C§x§7§F§A§1§3§9h§x§7§1§A§F§3§8r§x§6§3§B§E§3§8i§x§5§4§C§D§3§8st§x§6§3§B§E§3§8m§x§7§1§A§F§3§8a§x§7§F§A§1§3§9s§x§8§E§9§2§3§9 §x§9§C§8§3§3§9S§x§A§A§7§5§3§9h§x§B§9§6§6§3§9i§x§C§7§5§7§3§Ae§x§D§6§4§9§3§Al§x§E§4§3§A§3§Ad from storage
[21:46:55] > Horheee added x1 §f§l§x§E§4§3§A§3§AM§x§D§6§4§9§3§Ae§x§C§7§5§7§3§Ar§x§B§9§6§6§3§9r§x§A§A§7§5§3§9y§x§9§C§8§3§3§9 §x§8§E§9§2§3§9C§x§7§F§A§1§3§9h§x§7§1§A§F§3§8r§x§6§3§B§E§3§8i§x§5§4§C§D§3§8st§x§6§3§B§E§3§8m§x§7§1§A§F§3§8a§x§7§F§A§1§3§9s§x§8§E§9§2§3§9 §x§9§C§8§3§3§9S§x§A§A§7§5§3§9h§x§B§9§6§6§3§9i§x§C§7§5§7§3§Ae§x§D§6§4§9§3§Al§x§E§4§3§A§3§Ad in auction for 800000.
[21:47:41] > Horheee added x1 Beacon in auction for 250000.
[21:50:25] > Horheee remove x1 §x§F§F§5§5§0§0§lsᴇʟʟᴡᴀɴᴅ §6- 20.0x from storage
[21:50:34] > Horheee added x1 §x§F§F§5§5§0§0§lsᴇʟʟᴡᴀɴᴅ §6- 20.0x in auction for 1900000.
[21:50:51] > mae buy x1 §x§F§F§5§5§0§0§lsᴇʟʟᴡᴀɴᴅ §6- 20.0x to Horheee for $1,900,000.
[21:51:03] > Horheee added x1 Beacon in auction for 250000.
[21:51:07] > x1 §x§F§A§0§0§0§AD§x§F§A§1§E§1§6a§x§F§B§3§B§2§1r§x§F§B§5§9§2§Dk§x§F§B§7§7§3§9f§x§F§B§9§5§4§5l§x§F§C§B§2§5§0a§x§F§C§D§0§5§Cm§x§F§C§B§2§5§0e§x§F§B§9§5§4§5 §x§F§B§7§7§3§9S§x§F§B§5§9§2§Dw§x§F§B§3§B§2§1o§x§F§A§1§E§1§6r§x§F§A§0§0§0§Ad, bought by wCaleb, has just expired, the item is definitively deleted.
[21:51:08] > mae remove x1 §x§F§F§5§5§0§0§lsᴇʟʟᴡᴀɴᴅ §6- 20.0x from buy
[21:53:50] > Horheee remove x1 Beacon from storage
[21:53:50] > Horheee remove x1 Beacon from storage
[21:53:51] > Horheee remove x1 Beacon from storage
[21:54:31] > Horheee added x10 Beacon in auction for 3000000.
[21:54:53] > Horheee remove x1 §f§l§x§E§4§3§A§3§AM§x§D§6§4§9§3§Ae§x§C§7§5§7§3§Ar§x§B§9§6§6§3§9r§x§A§A§7§5§3§9y§x§9§C§8§3§3§9 §x§8§E§9§2§3§9C§x§7§F§A§1§3§9h§x§7§1§A§F§3§8r§x§6§3§B§E§3§8i§x§5§4§C§D§3§8st§x§6§3§B§E§3§8m§x§7§1§A§F§3§8a§x§7§F§A§1§3§9s§x§8§E§9§2§3§9 §x§9§C§8§3§3§9S§x§A§A§7§5§3§9h§x§B§9§6§6§3§9i§x§C§7§5§7§3§Ae§x§D§6§4§9§3§Al§x§E§4§3§A§3§Ad from storage
[21:55:02] > Horheee added x1 §f§l§x§E§4§3§A§3§AM§x§D§6§4§9§3§Ae§x§C§7§5§7§3§Ar§x§B§9§6§6§3§9r§x§A§A§7§5§3§9y§x§9§C§8§3§3§9 §x§8§E§9§2§3§9C§x§7§F§A§1§3§9h§x§7§1§A§F§3§8r§x§6§3§B§E§3§8i§x§5§4§C§D§3§8st§x§6§3§B§E§3§8m§x§7§1§A§F§3§8a§x§7§F§A§1§3§9s§x§8§E§9§2§3§9 §x§9§C§8§3§3§9S§x§A§A§7§5§3§9h§x§B§9§6§6§3§9i§x§C§7§5§7§3§Ae§x§D§6§4§9§3§Al§x§E§4§3§A§3§Ad in auction for 800000.
[21:56:55] > Horheee buy x1 §f§l§8B§x§6§6§6§6§6§6a§x§7§7§7§7§7§7h§x§8§8§8§8§8§8a§x§9§9§9§9§9§9m§7u§x§9§9§9§9§9§9t§x§8§8§8§8§8§8 §x§7§7§7§7§7§7K§x§6§6§6§6§6§6e§8y to Pewpew for $1,000,000.
[21:57:01] > Horheee remove x1 §f§l§8B§x§6§6§6§6§6§6a§x§7§7§7§7§7§7h§x§8§8§8§8§8§8a§x§9§9§9§9§9§9m§7u§x§9§9§9§9§9§9t§x§8§8§8§8§8§8 §x§7§7§7§7§7§7K§x§6§6§6§6§6§6e§8y from buy
[21:59:54] > Horheee added x1 §x§E§5§1§B§1§B§lDracula Pickaxe in auction for 200000.
[22:10:57] > St4r_ added x1 §x§E§5§1§B§1§B§lDracula Spear in auction for 100000.
[22:23:51] > Horheee added x1 §x§F§F§7§C§0§0§lSteamsparks Axe in auction for 200000.
[22:46:27] > x1 §fAxolotl Plushie (Gold) §6(#7/101) on sale by kentchalin has just expired, it goes in the inventory of expired items.
[23:00:57] > ri3lll buy x1 Trial key to ochirsopvp for $50,000.
[23:01:33] > ri3lll remove x1 Trial key from buy
[23:16:05] > Horheee remove x1 Netherite hoe from storage
[23:16:05] > Horheee remove x1 §x§F§F§7§C§0§0§lSteamsparks Axe from storage
[23:16:06] > Horheee remove x1 §x§E§5§1§B§1§B§lDracula Pickaxe from storage
[23:16:30] > Horheee added x1 Beacon in auction for 250000.
[23:18:27] > Horheee added x1 Netherite hoe in auction for 150000.
[00:02:08] > Horheee added x1 §f§l§x§E§4§3§A§3§AM§x§D§7§4§7§3§Ae§x§C§A§5§5§3§Ar§x§B§D§6§2§3§9r§x§A§F§7§0§3§9y§x§A§2§7§D§3§9 §x§9§5§8§A§3§9C§x§8§8§9§8§3§9h§x§7§B§A§5§3§9r§x§6§E§B§3§3§8i§x§6§1§C§0§3§8s§x§5§4§C§D§3§8tm§x§6§1§C§0§3§8a§x§6§E§B§3§3§8s§x§7§B§A§5§3§9 §x§8§8§9§8§3§9C§x§9§5§8§A§3§9r§x§A§2§7§D§3§9o§x§A§F§7§0§3§9s§x§B§D§6§2§3§9s§x§C§A§5§5§3§Ab§x§D§7§4§7§3§Ao§x§E§4§3§A§3§Aw in auction for 400000.
[00:02:38] > Horheee remove x1 §f§l§x§E§4§3§A§3§AM§x§D§6§4§9§3§Ae§x§C§7§5§7§3§Ar§x§B§9§6§6§3§9r§x§A§A§7§5§3§9y§x§9§C§8§3§3§9 §x§8§E§9§2§3§9C§x§7§F§A§1§3§9h§x§7§1§A§F§3§8r§x§6§3§B§E§3§8i§x§5§4§C§D§3§8st§x§6§3§B§E§3§8m§x§7§1§A§F§3§8a§x§7§F§A§1§3§9s§x§8§E§9§2§3§9 §x§9§C§8§3§3§9S§x§A§A§7§5§3§9h§x§B§9§6§6§3§9i§x§C§7§5§7§3§Ae§x§D§6§4§9§3§Al§x§E§4§3§A§3§Ad from storage
[00:02:39] > Horheee remove x1 Beacon from storage
[00:02:39] > Horheee remove x10 Beacon from storage
[00:02:44] > Horheee added x1 §x§5§F§E§2§C§5Mystic Fishing rod in auction for 200000.
[00:02:58] > Horheee added x1 §f§l§x§E§4§3§A§3§AM§x§D§6§4§9§3§Ae§x§C§7§5§7§3§Ar§x§B§9§6§6§3§9r§x§A§A§7§5§3§9y§x§9§C§8§3§3§9 §x§8§E§9§2§3§9C§x§7§F§A§1§3§9h§x§7§1§A§F§3§8r§x§6§3§B§E§3§8i§x§5§4§C§D§3§8st§x§6§3§B§E§3§8m§x§7§1§A§F§3§8a§x§7§F§A§1§3§9s§x§8§E§9§2§3§9 §x§9§C§8§3§3§9S§x§A§A§7§5§3§9h§x§B§9§6§6§3§9i§x§C§7§5§7§3§Ae§x§D§6§4§9§3§Al§x§E§4§3§A§3§Ad in auction for 600000.
[00:03:57] > belvi__ added x1 §f§l§x§E§4§3§A§3§AM§x§D§7§4§7§3§Ae§x§C§A§5§5§3§Ar§x§B§D§6§2§3§9r§x§A§F§7§0§3§9y§x§A§2§7§D§3§9 §x§9§5§8§A§3§9C§x§8§8§9§8§3§9h§x§7§B§A§5§3§9r§x§6§E§B§3§3§8i§x§6§1§C§0§3§8s§x§5§4§C§D§3§8tm§x§6§1§C§0§3§8a§x§6§E§B§3§3§8s§x§7§B§A§5§3§9 §x§8§8§9§8§3§9L§x§9§5§8§A§3§9e§x§A§2§7§D§3§9g§x§A§F§7§0§3§9g§x§B§D§6§2§3§9i§x§C§A§5§5§3§An§x§D§7§4§7§3§Ag§x§E§4§3§A§3§As in auction for 500000.
[00:07:52] > fuzzy_fae added x1 §f§l§x§E§4§3§A§3§AM§x§D§5§4§9§3§Ae§x§C§6§5§9§3§Ar§x§B§7§6§8§3§9r§x§A§8§7§8§3§9y§x§9§9§8§7§3§9 §x§8§9§9§6§3§9C§x§7§A§A§6§3§9h§x§6§B§B§5§3§8r§x§5§C§C§5§3§8i§x§4§D§D§4§3§8s§x§5§C§C§5§3§8t§x§6§B§B§5§3§8m§x§7§A§A§6§3§9a§x§8§9§9§6§3§9s§x§9§9§8§7§3§9 §x§A§8§7§8§3§9W§x§B§7§6§8§3§9i§x§C§6§5§9§3§An§x§D§5§4§9§3§Ag§x§E§4§3§A§3§As in auction for 1000067.
[00:10:51] > H2SO4 buy x1 §f§l§x§E§4§3§A§3§AM§x§D§5§4§9§3§Ae§x§C§6§5§9§3§Ar§x§B§7§6§8§3§9r§x§A§8§7§8§3§9y§x§9§9§8§7§3§9 §x§8§9§9§6§3§9C§x§7§A§A§6§3§9h§x§6§B§B§5§3§8r§x§5§C§C§5§3§8i§x§4§D§D§4§3§8s§x§5§C§C§5§3§8t§x§6§B§B§5§3§8m§x§7§A§A§6§3§9a§x§8§9§9§6§3§9s§x§9§9§8§7§3§9 §x§A§8§7§8§3§9W§x§B§7§6§8§3§9i§x§C§6§5§9§3§An§x§D§5§4§9§3§Ag§x§E§4§3§A§3§As to fuzzy_fae for $1,000,067.
[00:13:19] > fuzzy_fae added x1 §f§l§x§E§4§3§A§3§AM§x§D§6§4§9§3§Ae§x§C§7§5§7§3§Ar§x§B§9§6§6§3§9r§x§A§A§7§5§3§9y§x§9§C§8§3§3§9 §x§8§E§9§2§3§9C§x§7§F§A§1§3§9h§x§7§1§A§F§3§8r§x§6§3§B§E§3§8i§x§5§4§C§D§3§8st§x§6§3§B§E§3§8m§x§7§1§A§F§3§8a§x§7§F§A§1§3§9s§x§8§E§9§2§3§9 §x§9§C§8§3§3§9H§x§A§A§7§5§3§9a§x§B§9§6§6§3§9m§x§C§7§5§7§3§Am§x§D§6§4§9§3§Ae§x§E§4§3§A§3§Ar in auction for 1000061.
[00:15:25] > H2SO4 remove x1 §f§l§x§E§4§3§A§3§AM§x§D§5§4§9§3§Ae§x§C§6§5§9§3§Ar§x§B§7§6§8§3§9r§x§A§8§7§8§3§9y§x§9§9§8§7§3§9 §x§8§9§9§6§3§9C§x§7§A§A§6§3§9h§x§6§B§B§5§3§8r§x§5§C§C§5§3§8i§x§4§D§D§4§3§8s§x§5§C§C§5§3§8t§x§6§B§B§5§3§8m§x§7§A§A§6§3§9a§x§8§9§9§6§3§9s§x§9§9§8§7§3§9 §x§A§8§7§8§3§9W§x§B§7§6§8§3§9i§x§C§6§5§9§3§An§x§D§5§4§9§3§Ag§x§E§4§3§A§3§As from buy
[00:16:28] > H2SO4 added x1 §x§E§5§1§B§1§B§lDracula Wings in auction for 2000000.