
[02:02:33] > Minkira added x1 §x§F§E§B§E§C§A§lSeason 3 Celebration Cake <3 in auction for 696969.
[02:18:08] > Icon_Skully buy x1 §x§F§C§D§0§5§C§lD§x§E§6§D§5§5§D§lR§x§C§F§D§9§5§E§lU§x§B§8§D§E§5§F§lI§x§A§1§E§2§5§F§lD §x§F§A§E§D§C§B§lE§x§C§E§E§8§9§5§lL§x§C§F§E§1§7§A§lY§x§C§F§D§9§5§E§lT§x§E§6§D§5§5§D§lR§x§F§C§D§0§5§C§lA to Zypher_0w0 for $10,000,000.
[02:18:11] > Icon_Skully buy x1 §x§6§0§0§0§F§F§lɢᴏᴅʟʏ ɪᴛᴇᴍ to Zypher_0w0 for $45,000.
[02:18:17] > Icon_Skully remove x1 §x§F§C§D§0§5§C§lD§x§E§6§D§5§5§D§lR§x§C§F§D§9§5§E§lU§x§B§8§D§E§5§F§lI§x§A§1§E§2§5§F§lD §x§F§A§E§D§C§B§lE§x§C§E§E§8§9§5§lL§x§C§F§E§1§7§A§lY§x§C§F§D§9§5§E§lT§x§E§6§D§5§5§D§lR§x§F§C§D§0§5§C§lA from buy
[02:18:18] > Icon_Skully remove x1 §x§6§0§0§0§F§F§lɢᴏᴅʟʏ ɪᴛᴇᴍ from buy
[02:28:15] > Minkira added x1 Enchanted golden apple in auction for 69.
[02:28:24] > Icon_Skully buy x1 Enchanted golden apple to Minkira for $69.
[05:12:01] > NoClarity added x64 Iron ingot in auction for 10.
[05:12:05] > Icon_Skully buy x64 Iron ingot to NoClarity for $10.
[05:12:06] > iuyfbt added x10 Iron block in auction for 400.
[05:12:14] > Icon_Skully buy x10 Iron block to iuyfbt for $400.
[05:12:20] > Icon_Skully remove x64 Iron ingot from buy
[07:51:08] > FireFragments001 buy x1 Netherite upgrade smithing template to Zypher_0w0 for $1,000.
[11:22:50] > Muirfaha15 added x62 Cobbled deepslate slab in auction for 5000.
[11:23:02] > Muirfaha15 added x64 Cobbled deepslate slab in auction for 5000.
[12:53:23] > jogosoturo added x1 Enchanted golden apple in auction for 10000.
[14:21:16] > x1 500k, bought by Cooldoggiexd, has just expired, the item is definitively deleted.
[14:21:16] > x1 1m, bought by Cooldoggiexd, has just expired, the item is definitively deleted.
[14:21:16] > x1 Cooked beef, bought by NoClarity, has just expired, the item is definitively deleted.
[14:21:16] > x1 Splash potion, bought by Cooldoggiexd, has just expired, the item is definitively deleted.
[14:21:16] > x3 Wind charge, bought by Cooldoggiexd, has just expired, the item is definitively deleted.
[14:36:44] > x1 §x§F§F§7§C§0§0§lSteamsparks Chestplate, item of EnderDragon0120, has just expired, the item is definitively deleted.
[14:36:44] > x1 §x§5§F§E§2§C§5Forest Fishing rod, item of Ryzxc, has just expired, the item is definitively deleted.
[14:36:44] > x1 §x§F§F§7§C§0§0§lSteamsparks Axe, item of EnderDragon0120, has just expired, the item is definitively deleted.
[14:36:44] > x1 §x§F§F§7§C§0§0§lSteamsparks Sword, item of EnderDragon0120, has just expired, the item is definitively deleted.
[14:36:44] > x1 §x§F§F§7§C§0§0§lSteamsparks Staff, item of EnderDragon0120, has just expired, the item is definitively deleted.
[14:36:44] > x1 §x§F§F§7§C§0§0§lSteamsparks Fishing Rod, item of EnderDragon0120, has just expired, the item is definitively deleted.
[14:36:46] > micailatot remove x1 §f§l§x§E§4§3§A§3§AM§x§D§8§4§6§3§Ae§x§C§D§5§2§3§Ar§x§C§1§5§E§3§Ar§x§B§6§6§9§3§9y§x§A§A§7§5§3§9 §x§9§E§8§1§3§9C§x§9§3§8§D§3§9h§x§8§7§9§9§3§9r§x§7§B§A§5§3§9i§x§7§0§B§0§3§8s§x§6§4§B§C§3§8t§x§5§9§C§8§3§8m§x§4§D§D§4§3§8a§x§5§9§C§8§3§8s§x§6§4§B§C§3§8 §x§7§0§B§0§3§8F§x§7§B§A§5§3§9i§x§8§7§9§9§3§9s§x§9§3§8§D§3§9h§x§9§E§8§1§3§9i§x§A§A§7§5§3§9n§x§B§6§6§9§3§9g§x§C§1§5§E§3§A §x§C§D§5§2§3§Ar§x§D§8§4§6§3§Ao§x§E§4§3§A§3§Ad from expire
[14:36:46] > micailatot remove x1 Selling thousands of food at [/pwarp go MShop] from expire
[14:36:53] > micailatot added x1 §f§l§x§E§4§3§A§3§AM§x§D§8§4§6§3§Ae§x§C§D§5§2§3§Ar§x§C§1§5§E§3§Ar§x§B§6§6§9§3§9y§x§A§A§7§5§3§9 §x§9§E§8§1§3§9C§x§9§3§8§D§3§9h§x§8§7§9§9§3§9r§x§7§B§A§5§3§9i§x§7§0§B§0§3§8s§x§6§4§B§C§3§8t§x§5§9§C§8§3§8m§x§4§D§D§4§3§8a§x§5§9§C§8§3§8s§x§6§4§B§C§3§8 §x§7§0§B§0§3§8F§x§7§B§A§5§3§9i§x§8§7§9§9§3§9s§x§9§3§8§D§3§9h§x§9§E§8§1§3§9i§x§A§A§7§5§3§9n§x§B§6§6§9§3§9g§x§C§1§5§E§3§A §x§C§D§5§2§3§Ar§x§D§8§4§6§3§Ao§x§E§4§3§A§3§Ad in auction for 550000.
[14:37:10] > micailatot added x1 Selling thousands of food at [/pwarp go MShop] in auction for 99999999999999999.
[14:43:42] > KDA2024 added x1 §x§E§5§1§B§1§B§lDracula Sword in auction for 5000.
[14:43:50] > hilmanpro88 buy x1 §x§E§5§1§B§1§B§lDracula Sword to KDA2024 for $5,000.
[14:43:59] > hilmanpro88 remove x1 §x§E§5§1§B§1§B§lDracula Sword from buy
[14:54:39] > Padjibarr buy x1 Enchanted golden apple to jogosoturo for $10,000.
[16:34:31] > micailatot added x1 Fireworks in auction for 6777777777777777.
[16:34:49] > micailatot remove x1 §f§l§x§E§4§3§A§3§AM§x§D§8§4§6§3§Ae§x§C§D§5§2§3§Ar§x§C§1§5§E§3§Ar§x§B§6§6§9§3§9y§x§A§A§7§5§3§9 §x§9§E§8§1§3§9C§x§9§3§8§D§3§9h§x§8§7§9§9§3§9r§x§7§B§A§5§3§9i§x§7§0§B§0§3§8s§x§6§4§B§C§3§8t§x§5§9§C§8§3§8m§x§4§D§D§4§3§8a§x§5§9§C§8§3§8s§x§6§4§B§C§3§8 §x§7§0§B§0§3§8F§x§7§B§A§5§3§9i§x§8§7§9§9§3§9s§x§9§3§8§D§3§9h§x§9§E§8§1§3§9i§x§A§A§7§5§3§9n§x§B§6§6§9§3§9g§x§C§1§5§E§3§A §x§C§D§5§2§3§Ar§x§D§8§4§6§3§Ao§x§E§4§3§A§3§Ad form storage
[16:34:49] > micailatot remove x1 Fireworks form storage
[16:34:49] > micailatot remove x1 Selling thousands of food at [/pwarp go MShop] form storage
[16:34:56] > micailatot added x1 §f§l§x§E§4§3§A§3§AM§x§D§8§4§6§3§Ae§x§C§D§5§2§3§Ar§x§C§1§5§E§3§Ar§x§B§6§6§9§3§9y§x§A§A§7§5§3§9 §x§9§E§8§1§3§9C§x§9§3§8§D§3§9h§x§8§7§9§9§3§9r§x§7§B§A§5§3§9i§x§7§0§B§0§3§8s§x§6§4§B§C§3§8t§x§5§9§C§8§3§8m§x§4§D§D§4§3§8a§x§5§9§C§8§3§8s§x§6§4§B§C§3§8 §x§7§0§B§0§3§8F§x§7§B§A§5§3§9i§x§8§7§9§9§3§9s§x§9§3§8§D§3§9h§x§9§E§8§1§3§9i§x§A§A§7§5§3§9n§x§B§6§6§9§3§9g§x§C§1§5§E§3§A §x§C§D§5§2§3§Ar§x§D§8§4§6§3§Ao§x§E§4§3§A§3§Ad in auction for 550000.
[16:35:22] > micailatot added x1 Selling thousands of food at [/pwarp go MShop] in auction for 999999999999999.
[16:38:24] > micailatot added x64 Firework rocket in auction for 50000.
[16:39:17] > micailatot remove x32 Firework rocket from storage
[16:41:28] > micailatot added x5 "Why did the chicken cross the road?" in auction for 1000000.
[16:41:45] > micailatot added x64 Firework rocket in auction for 50000.
[16:42:03] > micailatot added x64 Firework rocket in auction for 50000.
[18:10:59] > fuzzy_fae remove x64 Sculk catalyst from buy
[18:11:00] > fuzzy_fae remove x64 Sculk catalyst from buy
[18:46:20] > imnectarfr added x6 Ancient debris in auction for 10.
[18:46:24] > Trashcan buy x6 Ancient debris to imnectarfr for $10.
[19:11:58] > zappyduo added x1 §x§5§9§A§1§D§9§lA§x§6§B§A§B§D§Dr§x§7§E§B§6§E§1c§x§9§0§C§0§E§6h§x§A§3§C§B§E§Aa§x§B§5§D§5§E§En§x§C§8§E§0§F§2g§x§D§A§E§A§F§7e§x§E§D§F§5§F§Bl §x§E§A§F§3§F§AB§x§D§6§E§8§F§6a§x§C§1§D§C§F§1c§x§A§C§D§0§E§Ck§x§9§7§C§4§E§7p§x§8§3§B§9§E§3a§x§6§E§A§D§D§Ec§x§5§9§A§1§D§9k in auction for 1500000.
[19:27:59] > blueheadedzwager added x1 Enchanted book in auction for 100000.
[19:27:59] > x1 §x§E§E§0§0§0§0§lᴜɴʟɪᴍɪᴛᴇᴅ sᴇʟʟᴡᴀɴᴅ on sale by JinSoul15 has just expired, it goes in the inventory of expired items.
[19:38:31] > hilmanpro88 buy x1 Enchanted book to blueheadedzwager for $100,000.
[19:38:38] > hilmanpro88 remove x1 Enchanted book from buy
[19:38:45] > hilmanpro88 remove x64 Nether star from buy
[20:36:38] > micailatot remove x13 Firework rocket from storage
[20:36:38] > micailatot remove x13 Firework rocket from storage
[20:40:31] > micailatot added x64 Firework rocket in auction for 4999.
[20:40:36] > hilmanpro88 buy x64 Firework rocket to micailatot for $4,999.
[20:40:48] > hilmanpro88 remove x64 Firework rocket from buy
[20:40:53] > micailatot added x64 Firework rocket in auction for 4999.
[20:40:58] > hilmanpro88 buy x64 Firework rocket to micailatot for $4,999.
[21:02:24] > hilmanpro88 added x1 §x§F§F§3§E§0§0§lSellwand Voucher in auction for 1000000.
[21:02:36] > imnectarfr added x1 §x§F§F§5§5§0§0§lsᴇʟʟᴡᴀɴᴅ §6- 5.0x in auction for 300000.
[21:02:55] > Icon_Skully buy x1 §x§F§F§5§5§0§0§lsᴇʟʟᴡᴀɴᴅ §6- 5.0x to imnectarfr for $300,000.
[21:04:16] > hilmanpro88 added x1 §f§l§8B§x§6§4§6§4§6§4a§x§7§4§7§4§7§4h§x§8§3§8§3§8§3a§x§9§3§9§3§9§3m§x§A§2§A§2§A§2ut§x§9§3§9§3§9§3 §x§8§3§8§3§8§3M§x§7§4§7§4§7§4a§x§6§4§6§4§6§4c§8e in auction for 750000.
[21:06:38] > Icon_Skully buy x1 §x§F§F§3§E§0§0§lSellwand Voucher to hilmanpro88 for $1,000,000.
[21:06:49] > Icon_Skully remove x10 Iron block form buy
[21:06:49] > Icon_Skully remove x1 Enchanted golden apple form buy
[21:06:49] > Icon_Skully remove x1 §x§F§F§3§E§0§0§lSellwand Voucher form buy
[21:06:49] > Icon_Skully remove x1 §x§F§F§5§5§0§0§lsᴇʟʟᴡᴀɴᴅ §6- 5.0x form buy
[21:13:38] > ReavHere added x1 §x§F§F§3§E§0§0§lSellwand Voucher in auction for 1200000.
[21:13:59] > ReavHere remove x1 §x§F§F§3§E§0§0§lSellwand Voucher form storage
[21:16:33] > ReavHere added x1 §x§F§F§3§E§0§0§lSellwand Voucher in auction for 855000.
[21:16:36] > Icon_Skully buy x1 §x§F§F§3§E§0§0§lSellwand Voucher to ReavHere for $855,000.
[21:16:44] > Icon_Skully remove x1 §x§F§F§3§E§0§0§lSellwand Voucher from buy
[21:17:48] > Icon_Skully added x1 Shulker box in auction for 250000.
[21:20:19] > fuzzy_fae remove x1 Netherite upgrade smithing template from buy
[21:20:20] > fuzzy_fae remove x1 Netherite upgrade smithing template from buy
[03:42:53] > Icon_Skully remove x1 Shulker box from storage
[05:13:17] > Technoblad7869 added x62 Firework rocket in auction for 1000000.
[05:15:48] > Technoblad7869 remove x62 Firework rocket from storage
[07:04:24] > x1 §f§l§8B§x§6§6§6§6§6§6a§x§7§7§7§7§7§7h§x§8§8§8§8§8§8a§x§9§9§9§9§9§9m§7u§x§9§9§9§9§9§9t§x§8§8§8§8§8§8 §x§7§7§7§7§7§7H§x§6§6§6§6§6§6o§8e, item of jakeydaniel, has just expired, the item is definitively deleted.
[09:50:35] > ArchKolnerDom buy x1 §x§5§9§A§1§D§9§lA§x§6§B§A§B§D§Dr§x§7§E§B§6§E§1c§x§9§0§C§0§E§6h§x§A§3§C§B§E§Aa§x§B§5§D§5§E§En§x§C§8§E§0§F§2g§x§D§A§E§A§F§7e§x§E§D§F§5§F§Bl §x§E§A§F§3§F§AB§x§D§6§E§8§F§6a§x§C§1§D§C§F§1c§x§A§C§D§0§E§Ck§x§9§7§C§4§E§7p§x§8§3§B§9§E§3a§x§6§E§A§D§D§Ec§x§5§9§A§1§D§9k to zappyduo for $1,500,000.
[09:50:49] > ArchKolnerDom remove x1 §x§5§9§A§1§D§9§lA§x§6§B§A§B§D§Dr§x§7§E§B§6§E§1c§x§9§0§C§0§E§6h§x§A§3§C§B§E§Aa§x§B§5§D§5§E§En§x§C§8§E§0§F§2g§x§D§A§E§A§F§7e§x§E§D§F§5§F§Bl §x§E§A§F§3§F§AB§x§D§6§E§8§F§6a§x§C§1§D§C§F§1c§x§A§C§D§0§E§Ck§x§9§7§C§4§E§7p§x§8§3§B§9§E§3a§x§6§E§A§D§D§Ec§x§5§9§A§1§D§9k from buy