
[15:32:27] > x1 §fShogun Head on sale by MilkeBread has just expired, it goes in the inventory of expired items.
[15:44:38] > azi added x1 §x§F§0§7§A§5§4§lZombie Apocalyptic Fishing Rod in auction for 100000.
[15:44:41] > celinesanrio buy x1 §x§F§0§7§A§5§4§lZombie Apocalyptic Fishing Rod to azi for $100 000.
[15:48:07] > x1 GO /PWARP GO VampiraShop for CHEAP! (not done) on sale by Cynishere has just expired, it goes in the inventory of expired items.
[15:52:34] > Abbadex buy x13 §x§F§F§0§0§0§0§lS§x§F§F§1§3§0§0§lh§x§F§F§2§6§0§0§lo§x§F§F§3§9§0§0§lg§x§F§F§4§D§0§0§lu§x§F§F§6§0§0§0§ln §x§F§F§8§6§0§0§lF§x§F§F§7§3§0§0§lr§x§F§F§6§0§0§0§la§x§F§F§4§D§0§0§lg§x§F§F§3§9§0§0§lm§x§F§F§2§6§0§0§le§x§F§F§1§3§0§0§ln§x§F§F§0§0§0§0§lt to HPMR_GaMerz for $750 000.
[15:53:52] > CeeJaiye remove x1 §x§F§0§7§A§5§4§lZombie Apocalyptic Halberd from storage
[15:53:54] > CeeJaiye remove x1 §x§F§0§7§A§5§4§lZombie Apocalyptic Baseballbat from storage
[15:53:59] > CeeJaiye remove x1 §x§5§9§A§1§D§9§lA§x§6§E§A§D§D§Er§x§8§3§B§9§E§3c§x§9§7§C§4§E§7h§x§A§C§D§0§E§Ca§x§C§1§D§C§F§1n§x§D§6§E§8§F§6g§x§E§A§F§3§F§Ae§fl §x§D§0§E§4§F§4H§x§B§8§D§7§E§Fa§x§A§0§C§9§E§9m§x§8§8§B§C§E§4m§x§7§1§A§E§D§Ee§x§5§9§A§1§D§9r from storage
[15:54:00] > CeeJaiye remove x1 §x§5§9§A§1§D§9§lA§x§7§1§A§E§D§Er§x§8§8§B§C§E§4c§x§A§0§C§9§E§9h§x§B§8§D§7§E§Fa§x§D§0§E§4§F§4n§x§E§7§F§2§F§Ag§fe§x§E§7§F§2§F§Al §x§B§8§D§7§E§FS§x§A§0§C§9§E§9t§x§8§8§B§C§E§4a§x§7§1§A§E§D§Ef§x§5§9§A§1§D§9f from storage
[15:55:29] > Abbadex added x1 §x§F§F§3§E§0§0§lD§x§F§F§3§5§0§0§le§x§F§F§2§C§0§0§lm§x§F§F§2§3§0§0§lo§x§F§F§1§B§0§0§ln §x§F§F§0§9§0§0§lL§x§F§F§0§0§0§0§lo§x§F§F§0§A§0§0§lr§x§F§F§1§5§0§0§ld §x§F§F§2§9§0§0§lK§x§F§F§3§4§0§0§le§x§F§F§3§E§0§0§ly in auction for 300000.
[15:55:43] > Abbadex added x1 §x§F§F§3§E§0§0§lD§x§F§F§3§5§0§0§le§x§F§F§2§C§0§0§lm§x§F§F§2§3§0§0§lo§x§F§F§1§B§0§0§ln §x§F§F§0§9§0§0§lL§x§F§F§0§0§0§0§lo§x§F§F§0§A§0§0§lr§x§F§F§1§5§0§0§ld §x§F§F§2§9§0§0§lK§x§F§F§3§4§0§0§le§x§F§F§3§E§0§0§ly in auction for 300000.
[15:56:35] > celinesanrio remove x1 §x§F§0§7§A§5§4§lZombie Apocalyptic Leggings form storage
[15:56:35] > celinesanrio remove x1 §x§5§9§A§1§D§9§lA§x§6§B§A§B§D§Dr§x§7§E§B§6§E§1c§x§9§0§C§0§E§6h§x§A§3§C§B§E§Aa§x§B§5§D§5§E§En§x§C§8§E§0§F§2g§x§D§A§E§A§F§7e§x§E§D§F§5§F§Bl §x§E§A§F§3§F§AB§x§D§6§E§8§F§6a§x§C§1§D§C§F§1c§x§A§C§D§0§E§Ck§x§9§7§C§4§E§7p§x§8§3§B§9§E§3a§x§6§E§A§D§D§Ec§x§5§9§A§1§D§9k form storage
[15:56:35] > celinesanrio remove x1 §x§F§0§7§A§5§4§lZombie Apocalyptic Axe form storage
[15:56:35] > celinesanrio remove x1 §x§F§0§7§A§5§4§lZombie Apocalyptic Axe form storage
[15:56:35] > celinesanrio remove x1 §x§5§9§A§1§D§9§lA§x§7§1§A§E§D§Er§x§8§8§B§C§E§4c§x§A§0§C§9§E§9h§x§B§8§D§7§E§Fa§x§D§0§E§4§F§4n§x§E§7§F§2§F§Ag§fe§x§E§7§F§2§F§Al §x§B§8§D§7§E§FB§x§A§0§C§9§E§9o§x§8§8§B§C§E§4o§x§7§1§A§E§D§Et§x§5§9§A§1§D§9s form storage
[15:56:35] > celinesanrio remove x1 §x§5§9§A§1§D§9§lA§x§8§3§B§9§E§3r§x§A§C§D§0§E§Cc§x§D§6§E§8§F§6h§fa§x§D§6§E§8§F§6n§x§A§C§D§0§E§Cg§x§8§3§B§9§E§3e§x§5§9§A§1§D§9l Axe form storage
[15:56:35] > celinesanrio remove x1 §x§F§0§7§A§5§4§lZombie Apocalyptic Shovel form storage
[15:56:35] > celinesanrio remove x1 §x§5§9§A§1§D§9§lA§x§6§E§A§D§D§Er§x§8§3§B§9§E§3c§x§9§7§C§4§E§7h§x§A§C§D§0§E§Ca§x§C§1§D§C§F§1n§x§D§6§E§8§F§6g§x§E§A§F§3§F§Ae§fl §x§D§0§E§4§F§4H§x§B§8§D§7§E§Fa§x§A§0§C§9§E§9m§x§8§8§B§C§E§4m§x§7§1§A§E§D§Ee§x§5§9§A§1§D§9r form storage
[15:56:35] > celinesanrio remove x1 §x§5§9§A§1§D§9§lA§x§6§E§A§D§D§Er§x§8§3§B§9§E§3c§x§9§7§C§4§E§7h§x§A§C§D§0§E§Ca§x§C§1§D§C§F§1n§x§D§6§E§8§F§6g§x§E§A§F§3§F§Ae§fl §x§D§0§E§4§F§4H§x§B§8§D§7§E§Fa§x§A§0§C§9§E§9m§x§8§8§B§C§E§4m§x§7§1§A§E§D§Ee§x§5§9§A§1§D§9r form storage
[15:59:06] > celinesanrio added x1 §x§5§9§A§1§D§9§lA§x§6§E§A§D§D§Er§x§8§3§B§9§E§3c§x§9§7§C§4§E§7h§x§A§C§D§0§E§Ca§x§C§1§D§C§F§1n§x§D§6§E§8§F§6g§x§E§A§F§3§F§Ae§fl §x§D§0§E§4§F§4H§x§B§8§D§7§E§Fa§x§A§0§C§9§E§9m§x§8§8§B§C§E§4m§x§7§1§A§E§D§Ee§x§5§9§A§1§D§9r in auction for 200000.
[15:59:14] > celinesanrio added x1 §x§F§0§7§A§5§4§lZombie Apocalyptic Chestplate in auction for 250000.
[15:59:21] > celinesanrio added x1 §x§F§0§7§A§5§4§lZombie Apocalyptic Leggings in auction for 250000.
[15:59:29] > celinesanrio added x1 §x§5§9§A§1§D§9§lA§x§7§1§A§E§D§Er§x§8§8§B§C§E§4c§x§A§0§C§9§E§9h§x§B§8§D§7§E§Fa§x§D§0§E§4§F§4n§x§E§7§F§2§F§Ag§fe§x§E§7§F§2§F§Al §x§B§8§D§7§E§FB§x§A§0§C§9§E§9o§x§8§8§B§C§E§4o§x§7§1§A§E§D§Et§x§5§9§A§1§D§9s in auction for 250000.
[15:59:39] > celinesanrio added x1 §x§5§9§A§1§D§9§lA§x§6§B§A§B§D§Dr§x§7§E§B§6§E§1c§x§9§0§C§0§E§6h§x§A§3§C§B§E§Aa§x§B§5§D§5§E§En§x§C§8§E§0§F§2g§x§D§A§E§A§F§7e§x§E§D§F§5§F§Bl §x§E§A§F§3§F§AB§x§D§6§E§8§F§6a§x§C§1§D§C§F§1c§x§A§C§D§0§E§Ck§x§9§7§C§4§E§7p§x§8§3§B§9§E§3a§x§6§E§A§D§D§Ec§x§5§9§A§1§D§9k in auction for 250000.
[15:59:48] > celinesanrio added x1 §x§5§9§A§1§D§9§lA§x§8§3§B§9§E§3r§x§A§C§D§0§E§Cc§x§D§6§E§8§F§6h§fa§x§D§6§E§8§F§6n§x§A§C§D§0§E§Cg§x§8§3§B§9§E§3e§x§5§9§A§1§D§9l Axe in auction for 250000.
[15:59:53] > celinesanrio added x1 §x§5§9§A§1§D§9§lA§x§6§E§A§D§D§Er§x§8§3§B§9§E§3c§x§9§7§C§4§E§7h§x§A§C§D§0§E§Ca§x§C§1§D§C§F§1n§x§D§6§E§8§F§6g§x§E§A§F§3§F§Ae§fl §x§D§0§E§4§F§4H§x§B§8§D§7§E§Fa§x§A§0§C§9§E§9m§x§8§8§B§C§E§4m§x§7§1§A§E§D§Ee§x§5§9§A§1§D§9r in auction for 250000.
[16:00:00] > celinesanrio added x1 §x§F§0§7§A§5§4§lZombie Apocalyptic Axe in auction for 250000.
[16:00:00] > Drpeckles buy x1 §x§5§9§A§1§D§9§lA§x§6§B§A§B§D§Dr§x§7§E§B§6§E§1c§x§9§0§C§0§E§6h§x§A§3§C§B§E§Aa§x§B§5§D§5§E§En§x§C§8§E§0§F§2g§x§D§A§E§A§F§7e§x§E§D§F§5§F§Bl §x§E§A§F§3§F§AB§x§D§6§E§8§F§6a§x§C§1§D§C§F§1c§x§A§C§D§0§E§Ck§x§9§7§C§4§E§7p§x§8§3§B§9§E§3a§x§6§E§A§D§D§Ec§x§5§9§A§1§D§9k to celinesanrio for $250 000.
[16:00:06] > celinesanrio added x1 §x§F§0§7§A§5§4§lZombie Apocalyptic Shovel in auction for 250000.
[16:00:18] > celinesanrio added x1 §x§F§0§7§A§5§4§lZombie Apocalyptic Shovel in auction for 250000.
[16:00:25] > celinesanrio added x1 §x§F§0§7§A§5§4§lZombie Apocalyptic Hammer in auction for 250000.
[16:01:51] > celinesanrio remove x1 §x§F§0§7§A§5§4§lZombie Apocalyptic Hammer from storage
[16:01:56] > celinesanrio added x1 §x§F§0§7§A§5§4§lZombie Apocalyptic Big Sword in auction for 250000.
[16:03:23] > _mae buy x1 §x§5§9§A§1§D§9§lA§x§8§3§B§9§E§3r§x§A§C§D§0§E§Cc§x§D§6§E§8§F§6h§fa§x§D§6§E§8§F§6n§x§A§C§D§0§E§Cg§x§8§3§B§9§E§3e§x§5§9§A§1§D§9l Axe to celinesanrio for $250 000.
[16:03:34] > celinesanrio added x1 §x§F§0§7§A§5§4§lZombie Apocalyptic Axe in auction for 250000.
[16:05:05] > Zen0969 remove x1 §x§F§0§7§A§5§4§lZombie Apocalyptic Hammer from storage
[16:06:59] > celinesanrio remove x1 §x§5§9§A§1§D§9§lA§x§7§1§A§E§D§Er§x§8§8§B§C§E§4c§x§A§0§C§9§E§9h§x§B§8§D§7§E§Fa§x§D§0§E§4§F§4n§x§E§7§F§2§F§Ag§fe§x§E§7§F§2§F§Al §x§B§8§D§7§E§FB§x§A§0§C§9§E§9o§x§8§8§B§C§E§4o§x§7§1§A§E§D§Et§x§5§9§A§1§D§9s from storage
[16:07:04] > celinesanrio added x1 §x§5§9§A§1§D§9§lA§x§7§1§A§E§D§Er§x§8§8§B§C§E§4c§x§A§0§C§9§E§9h§x§B§8§D§7§E§Fa§x§D§0§E§4§F§4n§x§E§7§F§2§F§Ag§fe§x§E§7§F§2§F§Al §x§B§8§D§7§E§FB§x§A§0§C§9§E§9o§x§8§8§B§C§E§4o§x§7§1§A§E§D§Et§x§5§9§A§1§D§9s in auction for 250000.
[16:07:09] > celinesanrio remove x1 §x§5§9§A§1§D§9§lA§x§6§E§A§D§D§Er§x§8§3§B§9§E§3c§x§9§7§C§4§E§7h§x§A§C§D§0§E§Ca§x§C§1§D§C§F§1n§x§D§6§E§8§F§6g§x§E§A§F§3§F§Ae§fl §x§D§0§E§4§F§4H§x§B§8§D§7§E§Fa§x§A§0§C§9§E§9m§x§8§8§B§C§E§4m§x§7§1§A§E§D§Ee§x§5§9§A§1§D§9r from storage
[16:07:10] > celinesanrio remove x1 §x§5§9§A§1§D§9§lA§x§6§E§A§D§D§Er§x§8§3§B§9§E§3c§x§9§7§C§4§E§7h§x§A§C§D§0§E§Ca§x§C§1§D§C§F§1n§x§D§6§E§8§F§6g§x§E§A§F§3§F§Ae§fl §x§D§0§E§4§F§4H§x§B§8§D§7§E§Fa§x§A§0§C§9§E§9m§x§8§8§B§C§E§4m§x§7§1§A§E§D§Ee§x§5§9§A§1§D§9r from storage
[16:07:12] > celinesanrio added x1 §x§5§9§A§1§D§9§lA§x§6§E§A§D§D§Er§x§8§3§B§9§E§3c§x§9§7§C§4§E§7h§x§A§C§D§0§E§Ca§x§C§1§D§C§F§1n§x§D§6§E§8§F§6g§x§E§A§F§3§F§Ae§fl §x§D§0§E§4§F§4H§x§B§8§D§7§E§Fa§x§A§0§C§9§E§9m§x§8§8§B§C§E§4m§x§7§1§A§E§D§Ee§x§5§9§A§1§D§9r in auction for 250000.
[16:07:19] > celinesanrio added x1 §x§5§9§A§1§D§9§lA§x§6§E§A§D§D§Er§x§8§3§B§9§E§3c§x§9§7§C§4§E§7h§x§A§C§D§0§E§Ca§x§C§1§D§C§F§1n§x§D§6§E§8§F§6g§x§E§A§F§3§F§Ae§fl §x§D§0§E§4§F§4H§x§B§8§D§7§E§Fa§x§A§0§C§9§E§9m§x§8§8§B§C§E§4m§x§7§1§A§E§D§Ee§x§5§9§A§1§D§9r in auction for 250000.
[16:07:31] > _mae buy x1 §x§5§9§A§1§D§9§lA§x§7§1§A§E§D§Er§x§8§8§B§C§E§4c§x§A§0§C§9§E§9h§x§B§8§D§7§E§Fa§x§D§0§E§4§F§4n§x§E§7§F§2§F§Ag§fe§x§E§7§F§2§F§Al §x§B§8§D§7§E§FB§x§A§0§C§9§E§9o§x§8§8§B§C§E§4o§x§7§1§A§E§D§Et§x§5§9§A§1§D§9s to celinesanrio for $250 000.
[16:07:33] > celinesanrio added x1 Chainmail boots in auction for 10.
[16:12:21] > PrezXie buy x1 §x§A§5§8§0§D§D§lᴇᴘɪᴄ ɪᴛᴇᴍ to subscrownic for $100.
[16:15:18] > PrezXie added x1 §eᴡᴀʀᴅᴇɴ ꜱᴘᴀᴡɴᴇʀ in auction for 300000.
[16:35:28] > celinesanrio remove x1 Chainmail boots from storage
[16:35:31] > celinesanrio added x1 Shulker shell in auction for 10000.
[16:35:38] > Truk_Harbos buy x1 Shulker shell to celinesanrio for $10 000.
[16:36:50] > azi added x1 §x§F§F§3§E§0§0§lD§x§F§F§3§7§0§0§le§x§F§F§3§0§0§0§lm§x§F§F§2§9§0§0§lo§x§F§F§2§2§0§0§ln §x§F§F§1§5§0§0§lL§x§F§F§0§E§0§0§lo§x§F§F§0§7§0§0§lr§x§F§F§0§0§0§0§ld §x§F§F§0§E§0§0§lC§x§F§F§1§5§0§0§lr§x§F§F§1§C§0§0§lo§x§F§F§2§2§0§0§ls§x§F§F§2§9§0§0§ls§x§F§F§3§0§0§0§lb§x§F§F§3§7§0§0§lo§x§F§F§3§E§0§0§lw in auction for 143000.
[16:37:13] > PrezXie added x5 Shulker shell in auction for 100000.
[16:38:07] > PrezXie remove x5 Shulker shell from storage
[16:38:17] > PrezXie added x5 Shulker shell in auction for 10000.
[16:38:23] > leafsmh added x64 Shulker shell in auction for 128000.
[16:38:36] > HPMR_GaMerz buy x64 Shulker shell to leafsmh for $128 000.
[16:38:55] > HPMR_GaMerz buy x5 Shulker shell to PrezXie for $10 000.
[16:39:02] > Seris00 added x64 Shulker shell in auction for 128000.
[16:39:06] > HPMR_GaMerz buy x53 Shulker shell to Seris00 for $128 000.
[16:42:08] > CeeJaiye added x1 §eʙʟᴀᴢᴇ sᴘᴀᴡɴᴇʀ in auction for 200000.
[16:42:13] > Kyslee buy x1 §eʙʟᴀᴢᴇ sᴘᴀᴡɴᴇʀ to CeeJaiye for $200 000.
[16:42:26] > fantoofy buy x1 §eᴡᴀʀᴅᴇɴ ꜱᴘᴀᴡɴᴇʀ to PrezXie for $300 000.
[16:43:19] > CeeJaiye added x2 §eᴡɪᴛʜᴇʀ ꜱᴋᴇʟᴇᴛᴏɴ ꜱᴘᴀᴡɴᴇʀ in auction for 400000.
[16:43:22] > Kyslee buy x2 §eᴡɪᴛʜᴇʀ ꜱᴋᴇʟᴇᴛᴏɴ ꜱᴘᴀᴡɴᴇʀ to CeeJaiye for $400 000.
[16:46:22] > HPMR_GaMerz added x1 §eʙʟᴀᴢᴇ sᴘᴀᴡɴᴇʀ in auction for 500000.
[16:47:29] > HPMR_GaMerz remove x1 §eʙʟᴀᴢᴇ sᴘᴀᴡɴᴇʀ from storage
[17:00:15] > x1 §fFeathers Hat on sale by Zecim has just expired, it goes in the inventory of expired items.
[17:00:15] > x1 Heavy core on sale by Zecim has just expired, it goes in the inventory of expired items.
[17:03:31] > HPMR_GaMerz added x1 §eʙʟᴀᴢᴇ sᴘᴀᴡɴᴇʀ in auction for 300000.
[17:03:38] > Kyslee buy x1 §eʙʟᴀᴢᴇ sᴘᴀᴡɴᴇʀ to HPMR_GaMerz for $300 000.
[17:04:08] > _mae added x1 §eʙʟᴀᴢᴇ sᴘᴀᴡɴᴇʀ in auction for 250000.
[17:04:12] > Kyslee buy x1 §eʙʟᴀᴢᴇ sᴘᴀᴡɴᴇʀ to _mae for $250 000.
[17:06:10] > fantoofy buy x64 Slime ball to namerikangel for $2 000.
[17:06:15] > fantoofy buy x64 Slime ball to namerikangel for $2 000.
[17:09:41] > HPMR_GaMerz added x1 Shulker box in auction for 50000.
[17:10:02] > HPMR_GaMerz remove x1 Shulker box from storage
[17:10:06] > x1 §fShogun Crossbow, item of .Acon1te4773, has just expired, the item is definitively deleted.
[17:10:06] > x1 §x§6§0§0§0§F§F§lɢᴏᴅʟʏ ɪᴛᴇᴍ, item of Desdo, has just expired, the item is definitively deleted.
[17:10:06] > x1 §x§E§3§A§F§4§F§lʟᴇɢᴇɴᴅᴀʀʏ ɪᴛᴇᴍ, item of Desdo, has just expired, the item is definitively deleted.
[17:10:06] > x1 Nether star, item of Desdo, has just expired, the item is definitively deleted.
[17:10:08] > HPMR_GaMerz remove x1 Shulker box from expire
[17:19:23] > celinesanrio added x1 §x§F§0§7§A§5§4§lZombie Apocalyptic Hammer in auction for 500000.
[17:19:37] > Pedroo80 added x3 Wheat seeds in auction for 1000000.
[17:19:45] > Pedroo80 remove x3 Wheat seeds from storage
[17:26:47] > Lazyskip buy x1 §esᴘɪᴅᴇʀ sᴘᴀᴡɴᴇʀ to Kwienn for $400 000.
[17:33:03] > celinesanrio remove x1 §x§F§0§7§A§5§4§lZombie Apocalyptic Hammer from storage
[17:33:05] > celinesanrio added x15 Shulker shell in auction for 60000.
[17:35:50] > celinesanrio remove x15 Shulker shell from storage
[17:35:59] > celinesanrio added x15 Shulker shell in auction for 30000.
[17:36:04] > HPMR_GaMerz buy x15 Shulker shell to celinesanrio for $30 000.
[17:36:09] > celinesanrio added x1 §x§F§0§7§A§5§4§lZombie Apocalyptic Hammer in auction for 300000.
[17:45:57] > HPMR_GaMerz added x1 §x§E§4§3§A§9§6§lW§x§E§7§5§3§A§3§lI§x§E§B§6§B§B§0§lN§x§E§E§8§4§B§D§lG§x§F§2§9§D§C§B§lS §x§F§8§C§E§E§5§lO§x§F§C§E§6§F§2§lF §x§F§C§E§6§F§2§lE§x§F§8§C§E§E§5§lT§x§F§5§B§5§D§8§lE§x§F§2§9§D§C§B§lR§x§E§E§8§4§B§D§lN§x§E§B§6§B§B§0§lI§x§E§7§5§3§A§3§lT§x§E§4§3§A§9§6§lY in auction for 200000.
[17:47:03] > Lazyskip buy x1 §x§E§4§3§A§9§6§lW§x§E§7§5§3§A§3§lI§x§E§B§6§B§B§0§lN§x§E§E§8§4§B§D§lG§x§F§2§9§D§C§B§lS §x§F§8§C§E§E§5§lO§x§F§C§E§6§F§2§lF §x§F§C§E§6§F§2§lE§x§F§8§C§E§E§5§lT§x§F§5§B§5§D§8§lE§x§F§2§9§D§C§B§lR§x§E§E§8§4§B§D§lN§x§E§B§6§B§B§0§lI§x§E§7§5§3§A§3§lT§x§E§4§3§A§9§6§lY to HPMR_GaMerz for $200 000.
[17:47:29] > HPMR_GaMerz added x1 §x§E§4§3§A§9§6§lW§x§E§7§5§3§A§3§lI§x§E§B§6§B§B§0§lN§x§E§E§8§4§B§D§lG§x§F§2§9§D§C§B§lS §x§F§8§C§E§E§5§lO§x§F§C§E§6§F§2§lF §x§F§C§E§6§F§2§lE§x§F§8§C§E§E§5§lT§x§F§5§B§5§D§8§lE§x§F§2§9§D§C§B§lR§x§E§E§8§4§B§D§lN§x§E§B§6§B§B§0§lI§x§E§7§5§3§A§3§lT§x§E§4§3§A§9§6§lY in auction for 200000.
[17:47:53] > Putchiebumbong buy x1 §x§E§4§3§A§9§6§lW§x§E§7§5§3§A§3§lI§x§E§B§6§B§B§0§lN§x§E§E§8§4§B§D§lG§x§F§2§9§D§C§B§lS §x§F§8§C§E§E§5§lO§x§F§C§E§6§F§2§lF §x§F§C§E§6§F§2§lE§x§F§8§C§E§E§5§lT§x§F§5§B§5§D§8§lE§x§F§2§9§D§C§B§lR§x§E§E§8§4§B§D§lN§x§E§B§6§B§B§0§lI§x§E§7§5§3§A§3§lT§x§E§4§3§A§9§6§lY to HPMR_GaMerz for $200 000.
[18:04:47] > fantoofy added x1 §eᴄʜɪᴄᴋᴇɴ sᴘᴀᴡɴᴇʀ in auction for 100000.
[18:04:56] > fantoofy remove x1 §eᴄʜɪᴄᴋᴇɴ sᴘᴀᴡɴᴇʀ from storage
[18:06:24] > fantoofy remove x1 §x§5§9§A§1§D§9§lA§x§7§1§A§E§D§Er§x§8§8§B§C§E§4c§x§A§0§C§9§E§9h§x§B§8§D§7§E§Fa§x§D§0§E§4§F§4n§x§E§7§F§2§F§Ag§fe§x§E§7§F§2§F§Al §x§B§8§D§7§E§FS§x§A§0§C§9§E§9w§x§8§8§B§C§E§4o§x§7§1§A§E§D§Er§x§5§9§A§1§D§9d form storage
[18:06:24] > fantoofy remove x1 Sculk shrieker form storage
[18:06:24] > fantoofy remove x1 GO TO B.E FOR STUFF IG? form storage
[18:06:24] > fantoofy remove x1 §fShogun Staff form storage
[18:06:24] > fantoofy remove x1 §x§5§9§A§1§D§9§lA§x§6§E§A§D§D§Er§x§8§3§B§9§E§3c§x§9§7§C§4§E§7h§x§A§C§D§0§E§Ca§x§C§1§D§C§F§1n§x§D§6§E§8§F§6g§x§E§A§F§3§F§Ae§fl §x§D§0§E§4§F§4S§x§B§8§D§7§E§Fh§x§A§0§C§9§E§9o§x§8§8§B§C§E§4v§x§7§1§A§E§D§Ee§x§5§9§A§1§D§9l form storage
[18:06:48] > fantoofy added x1 Sculk shrieker in auction for 800000.
[18:07:07] > fantoofy added x1 §x§5§9§A§1§D§9§lA§x§6§E§A§D§D§Er§x§8§3§B§9§E§3c§x§9§7§C§4§E§7h§x§A§C§D§0§E§Ca§x§C§1§D§C§F§1n§x§D§6§E§8§F§6g§x§E§A§F§3§F§Ae§fl §x§D§0§E§4§F§4S§x§B§8§D§7§E§Fh§x§A§0§C§9§E§9o§x§8§8§B§C§E§4v§x§7§1§A§E§D§Ee§x§5§9§A§1§D§9l in auction for 400000.
[18:07:23] > fantoofy added x1 §fShogun Staff in auction for 200000.
[18:07:40] > fantoofy added x1 §x§5§9§A§1§D§9§lA§x§7§1§A§E§D§Er§x§8§8§B§C§E§4c§x§A§0§C§9§E§9h§x§B§8§D§7§E§Fa§x§D§0§E§4§F§4n§x§E§7§F§2§F§Ag§fe§x§E§7§F§2§F§Al §x§B§8§D§7§E§FS§x§A§0§C§9§E§9w§x§8§8§B§C§E§4o§x§7§1§A§E§D§Er§x§5§9§A§1§D§9d in auction for 1000000.
[18:07:56] > fantoofy added x1 GO TO B.E FOR STUFF IG? in auction for 999999999999.
[18:08:07] > _mae added x5 Beacon in auction for 2000000.
[18:16:46] > HPMR_GaMerz added x1 §x§5§9§A§1§D§9§lA§x§7§5§B§1§D§Fr§x§9§0§C§0§E§6c§x§A§C§D§0§E§Ch§x§C§8§E§0§F§2a§x§E§3§E§F§F§9n§fg§x§E§3§E§F§F§9e§x§C§8§E§0§F§2l §x§9§0§C§0§E§6H§x§7§5§B§1§D§Fa§x§5§9§A§1§D§9t in auction for 1300000.
[18:16:55] > _mae buy x1 §x§5§9§A§1§D§9§lA§x§7§5§B§1§D§Fr§x§9§0§C§0§E§6c§x§A§C§D§0§E§Ch§x§C§8§E§0§F§2a§x§E§3§E§F§F§9n§fg§x§E§3§E§F§F§9e§x§C§8§E§0§F§2l §x§9§0§C§0§E§6H§x§7§5§B§1§D§Fa§x§5§9§A§1§D§9t to HPMR_GaMerz for $1 300 000.
[18:56:40] > azi added x5 Iron ingot in auction for 143.
[18:56:42] > celinesanrio buy x5 Iron ingot to azi for $143.
[19:03:10] > HPMR_GaMerz added x64 Deepslate diamond ore in auction for 320000.
[19:03:36] > HPMR_GaMerz remove x1 §eᴡᴀʀᴅᴇɴ ꜱᴘᴀᴡɴᴇʀ from storage
[19:03:40] > HPMR_GaMerz added x9 Deepslate diamond ore in auction for 45000.
[19:04:23] > HPMR_GaMerz remove x64 Deepslate diamond ore from storage
[19:04:24] > HPMR_GaMerz remove x9 Deepslate diamond ore from storage
[19:04:29] > x1 §x§F§F§0§0§0§0§lS§x§F§F§1§3§0§0§lh§x§F§F§2§6§0§0§lo§x§F§F§3§9§0§0§lg§x§F§F§4§D§0§0§lu§x§F§F§6§0§0§0§ln §x§F§F§8§6§0§0§lF§x§F§F§7§3§0§0§lr§x§F§F§6§0§0§0§la§x§F§F§4§D§0§0§lg§x§F§F§3§9§0§0§lm§x§F§F§2§6§0§0§le§x§F§F§1§3§0§0§ln§x§F§F§0§0§0§0§lt, item of .Acon1te4773, has just expired, the item is definitively deleted.
[19:04:30] > HPMR_GaMerz remove x9 Deepslate diamond ore from expire
[19:04:31] > HPMR_GaMerz remove x9 Deepslate diamond ore from expire
[19:04:49] > HPMR_GaMerz added x64 Deepslate diamond ore in auction for 128000.
[19:04:59] > HPMR_GaMerz added x9 Deepslate diamond ore in auction for 18000.
[19:11:42] > HPMR_GaMerz remove x9 Deepslate diamond ore from storage
[19:11:46] > HPMR_GaMerz added x64 Bone block in auction for 64000.
[19:13:23] > HPMR_GaMerz remove x64 Deepslate diamond ore from storage
[20:58:13] > .Acon1te4773 added x1 §x§F§0§7§A§5§4§lZombie Apocalyptic Boots in auction for 250000.
[02:16:00] > InternetCafeUser added x1 §x§F§F§3§E§0§0§lD§x§F§F§3§7§0§0§le§x§F§F§3§0§0§0§lm§x§F§F§2§9§0§0§lo§x§F§F§2§2§0§0§ln §x§F§F§1§5§0§0§lL§x§F§F§0§E§0§0§lo§x§F§F§0§7§0§0§lr§x§F§F§0§0§0§0§ld §x§F§F§0§E§0§0§lF§x§F§F§1§5§0§0§lr§x§F§F§1§C§0§0§la§x§F§F§2§2§0§0§lg§x§F§F§2§9§0§0§lm§x§F§F§3§0§0§0§le§x§F§F§3§7§0§0§ln§x§F§F§3§E§0§0§lt in auction for 130000.
[02:41:34] > HEYkay27 added x1 §x§5§9§A§1§D§9§lA§x§7§5§B§1§D§Fr§x§9§0§C§0§E§6c§x§A§C§D§0§E§Ch§x§C§8§E§0§F§2a§x§E§3§E§F§F§9n§fg§x§E§3§E§F§F§9e§x§C§8§E§0§F§2l §x§9§0§C§0§E§6B§x§7§5§B§1§D§Fo§x§5§9§A§1§D§9w in auction for 1000000.
[05:18:15] > x1 §f§x§F§4§F§F§2§7L§x§F§1§F§B§2§Ae§x§E§E§F§7§2§Dm§x§E§B§F§3§3§0o§x§E§7§E§F§3§2n§x§E§4§E§B§3§5 §x§E§1§E§7§3§8S§x§D§E§E§3§3§Bl§x§D§B§D§F§3§Ei§x§D§8§D§B§4§1c§x§D§5§D§7§4§4e§x§D§1§D§3§4§6 §x§C§E§C§F§4§9H§x§C§B§C§B§4§Ca§x§C§8§C§7§4§Ft on sale by Zypher_0w0 has just expired, it goes in the inventory of expired items.
[05:18:15] > x1 Polished deepslate on sale by softlattee has just expired, it goes in the inventory of expired items.
[05:27:06] > celinesanrio remove x1 §x§F§0§7§A§5§4§lZombie Apocalyptic Chestplate from storage
[05:27:06] > celinesanrio remove x1 §x§F§0§7§A§5§4§lZombie Apocalyptic Leggings from storage
[05:27:11] > celinesanrio added x53 §x§F§C§9§0§5§C§lE§x§E§6§9§C§6§B§lp§x§C§F§A§7§7§A§li§x§B§9§B§3§8§9§lc §x§8§C§C§B§A§7§lC§x§7§5§D§6§B§6§lr§x§5§F§E§2§C§5§la§x§7§9§D§4§B§4§lt§x§9§3§C§7§A§2§le §x§C§8§A§B§7§F§lK§x§E§2§9§E§6§E§le§x§F§C§9§0§5§C§ly in auction for 53000.
[05:27:19] > celinesanrio added x1 §x§F§0§7§A§5§4§lZombie Apocalyptic Chestplate in auction for 250000.
[05:27:52] > subscrownic buy x4 §x§F§C§9§0§5§C§lE§x§E§6§9§C§6§B§lp§x§C§F§A§7§7§A§li§x§B§9§B§3§8§9§lc §x§8§C§C§B§A§7§lC§x§7§5§D§6§B§6§lr§x§5§F§E§2§C§5§la§x§7§9§D§4§B§4§lt§x§9§3§C§7§A§2§le §x§C§8§A§B§7§F§lK§x§E§2§9§E§6§E§le§x§F§C§9§0§5§C§ly to Fenycra2010 for $20 000.
[05:28:05] > subscrownic buy x1 §x§F§C§9§0§5§C§lE§x§E§6§9§C§6§B§lp§x§C§F§A§7§7§A§li§x§B§9§B§3§8§9§lc §x§8§C§C§B§A§7§lC§x§7§5§D§6§B§6§lr§x§5§F§E§2§C§5§la§x§7§9§D§4§B§4§lt§x§9§3§C§7§A§2§le §x§C§8§A§B§7§F§lK§x§E§2§9§E§6§E§le§x§F§C§9§0§5§C§ly to Fenycra2010 for $10 000.
[05:29:06] > subscrownic added x1 §x§A§5§8§0§D§D§lᴇᴘɪᴄ ɪᴛᴇᴍ in auction for 100.
[05:29:24] > MrGh0st1y buy x1 §x§A§5§8§0§D§D§lᴇᴘɪᴄ ɪᴛᴇᴍ to subscrownic for $100.
[05:29:24] > celinesanrio remove x53 §x§F§C§9§0§5§C§lE§x§E§6§9§C§6§B§lp§x§C§F§A§7§7§A§li§x§B§9§B§3§8§9§lc §x§8§C§C§B§A§7§lC§x§7§5§D§6§B§6§lr§x§5§F§E§2§C§5§la§x§7§9§D§4§B§4§lt§x§9§3§C§7§A§2§le §x§C§8§A§B§7§F§lK§x§E§2§9§E§6§E§le§x§F§C§9§0§5§C§ly from storage
[05:29:32] > celinesanrio added x1 §x§F§0§7§A§5§4§lZombie Apocalyptic Leggings in auction for 250000.
[05:36:30] > TostyZura buy x1 §fClown Hat to InternetCafeUser for $50 000.
[06:06:17] > Zenolite_ added x1 Pink Axolotl in auction for 100.
[06:06:25] > subscrownic buy x1 Pink Axolotl to Zenolite_ for $100.
[06:16:45] > subscrownic added x44 Pale oak log in auction for 100.
[06:20:27] > subscrownic added x4 Spruce sapling in auction for 100.