
[01:26:13] > x1 shulker of wind charge on sale by nachfaust has just expired, it goes in the inventory of expired items.
[01:26:13] > Julene added x1 §x§E§5§1§B§1§B§lDracula Wings in auction for 1654300.
[01:47:07] > Zypher_0w0 added x1 §x§F§F§7§C§0§0§lSteamsparks Key in auction for 100000.
[01:47:31] > Julene buy x1 §x§F§F§7§C§0§0§lSteamsparks Key to Zypher_0w0 for $100,000.
[01:47:39] > Julene remove x1 §x§F§F§7§C§0§0§lSteamsparks Key from buy
[01:48:14] > Zypher_0w0 added x1 §x§5§F§E§2§C§5Valkyrie Fishing rod in auction for 150000.
[01:48:34] > Zypher_0w0 added x1 §x§5§F§E§2§C§5Terra Fishing rod in auction for 150000.
[01:48:49] > Zypher_0w0 added x1 §x§5§F§E§2§C§5Wukong Fishing rod in auction for 150000.
[01:48:51] > Lopa21 added x1 §x§5§9§A§1§D§9§lA§x§7§1§A§E§D§Er§x§8§8§B§C§E§4c§x§A§0§C§9§E§9h§x§B§8§D§7§E§Fa§x§D§0§E§4§F§4n§x§E§7§F§2§F§Ag§fe§x§E§7§F§2§F§Al §x§B§8§D§7§E§FS§x§A§0§C§9§E§9p§x§8§8§B§C§E§4e§x§7§1§A§E§D§Ea§x§5§9§A§1§D§9r in auction for 150000.
[01:49:03] > tic_sz buy x1 §x§5§F§E§2§C§5Valkyrie Fishing rod to Zypher_0w0 for $150,000.
[01:49:04] > Zypher_0w0 added x1 §x§5§F§E§2§C§5Emissary Fishing rod in auction for 150000.
[01:49:07] > Lopa21 remove x1 §x§5§9§A§1§D§9§lA§x§7§1§A§E§D§Er§x§8§8§B§C§E§4c§x§A§0§C§9§E§9h§x§B§8§D§7§E§Fa§x§D§0§E§4§F§4n§x§E§7§F§2§F§Ag§fe§x§E§7§F§2§F§Al §x§B§8§D§7§E§FS§x§A§0§C§9§E§9p§x§8§8§B§C§E§4e§x§7§1§A§E§D§Ea§x§5§9§A§1§D§9r form storage
[01:49:17] > Lopa21 added x1 §x§5§9§A§1§D§9§lA§x§7§1§A§E§D§Er§x§8§8§B§C§E§4c§x§A§0§C§9§E§9h§x§B§8§D§7§E§Fa§x§D§0§E§4§F§4n§x§E§7§F§2§F§Ag§fe§x§E§7§F§2§F§Al §x§B§8§D§7§E§FS§x§A§0§C§9§E§9p§x§8§8§B§C§E§4e§x§7§1§A§E§D§Ea§x§5§9§A§1§D§9r in auction for 150000.
[02:17:51] > Takeremu added x64 Experience bottle in auction for 80000.
[02:21:43] > Julene buy x1 Ominous trial key to johnowenz1 for $10,000.
[02:21:49] > Julene remove x1 Ominous trial key from buy
[02:22:06] > Julene added x1 Ominous trial key in auction for 50000.
[02:22:52] > Julene buy x64 Experience bottle to Takeremu for $80,000.
[02:23:01] > Julene remove x64 Experience bottle from buy
[02:24:11] > Julene added x1 Bow in auction for 120000.
[02:25:24] > Takeremu added x64 Experience bottle in auction for 80000.
[02:30:23] > x1 Enchanted book on sale by Zypher_0w0 has just expired, it goes in the inventory of expired items.
[02:31:48] > notnicov_2 added x63 Chorus fruit in auction for 3000.
[02:32:11] > notnicov_2 added x1 Enchanted golden apple in auction for 2000.
[02:32:18] > azuyeca buy x1 Enchanted golden apple to notnicov_2 for $2,000.
[02:32:47] > notnicov_2 added x30 Cooked beef in auction for 3000.
[02:33:11] > notnicov_2 added x1 Golden apple in auction for 900.
[02:34:18] > notnicov_2 added x64 Spruce log in auction for 1000.
[02:34:54] > notnicov_2 remove x1 Golden apple from storage
[02:35:04] > notnicov_2 remove x64 Spruce log from storage
[02:35:12] > notnicov_2 remove x30 Cooked beef from storage
[02:35:16] > notnicov_2 remove x63 Chorus fruit from storage
[02:36:57] > notnicov_2 added x60 Quartz in auction for 500.
[02:54:34] > Julene remove x1 §x§E§5§1§B§1§B§lDracula Wings from storage
[03:14:53] > Julene buy x1 §x§5§9§A§1§D§9§lA§x§7§1§A§E§D§Er§x§8§8§B§C§E§4c§x§A§0§C§9§E§9h§x§B§8§D§7§E§Fa§x§D§0§E§4§F§4n§x§E§7§F§2§F§Ag§fe§x§E§7§F§2§F§Al §x§B§8§D§7§E§FS§x§A§0§C§9§E§9p§x§8§8§B§C§E§4e§x§7§1§A§E§D§Ea§x§5§9§A§1§D§9r to Lopa21 for $150,000.
[03:15:03] > Julene remove x1 §x§5§9§A§1§D§9§lA§x§7§1§A§E§D§Er§x§8§8§B§C§E§4c§x§A§0§C§9§E§9h§x§B§8§D§7§E§Fa§x§D§0§E§4§F§4n§x§E§7§F§2§F§Ag§fe§x§E§7§F§2§F§Al §x§B§8§D§7§E§FS§x§A§0§C§9§E§9p§x§8§8§B§C§E§4e§x§7§1§A§E§D§Ea§x§5§9§A§1§D§9r from buy
[03:15:14] > Lopa21 added x1 §x§F§0§7§A§5§4§lZombie Apocalyptic Key in auction for 50000.
[03:15:50] > Julene added x1 §x§5§9§A§1§D§9§lA§x§7§1§A§E§D§Er§x§8§8§B§C§E§4c§x§A§0§C§9§E§9h§x§B§8§D§7§E§Fa§x§D§0§E§4§F§4n§x§E§7§F§2§F§Ag§fe§x§E§7§F§2§F§Al §x§B§8§D§7§E§FS§x§A§0§C§9§E§9p§x§8§8§B§C§E§4e§x§7§1§A§E§D§Ea§x§5§9§A§1§D§9r in auction for 300000.
[03:16:16] > tic_sz buy x64 Experience bottle to Takeremu for $80,000.
[03:16:26] > tic_sz remove x64 Experience bottle from buy
[03:16:40] > x1 §f§bEnder Dragon Plushie §6(#32/101) on sale by tic_sz has just expired, it goes in the inventory of expired items.
[03:40:06] > nachfaust added x8 Ominous bottle in auction for 500000.
[03:40:21] > nachfaust added x8 Ominous bottle in auction for 50000.
[03:40:31] > nachfaust remove x8 Ominous bottle from storage
[03:40:39] > nachfaust added x8 Ominous bottle in auction for 40000.
[03:40:49] > nachfaust remove x8 Ominous bottle from storage
[03:40:52] > nachfaust remove x4 Silence armor trim smithing template from storage
[03:40:52] > nachfaust remove x1 §x§5§F§E§2§C§5Dread Knight Fishing rod from storage
[03:40:53] > nachfaust remove x1 Enchanted book from storage
[03:40:53] > nachfaust remove x1 Enchanted book from storage
[03:40:53] > nachfaust remove x8 Ominous bottle from storage
[03:41:01] > nachfaust added x8 Ominous bottle in auction for 400000.
[03:41:14] > nachfaust added x8 Ominous bottle in auction for 400000.
[03:41:24] > nachfaust added x4 Silence armor trim smithing template in auction for 300000.
[03:41:39] > nachfaust added x1 Enchanted book in auction for 100000.
[03:41:49] > nachfaust added x1 Enchanted book in auction for 150000.
[03:42:08] > nachfaust added x1 §x§5§F§E§2§C§5Dread Knight Fishing rod in auction for 800000.
[03:42:50] > nachfaust added x1 Fishing rod in auction for 10000.
[03:43:27] > tic_sz remove x1 §x§5§F§E§2§C§5Valkyrie Fishing rod from buy
[03:46:26] > nachfaust added x1 Diamond hoe in auction for 40000.
[03:46:41] > nachfaust added x1 Diamond axe in auction for 25000.
[03:48:10] > Takeremu added x64 Experience bottle in auction for 80000.
[03:48:27] > Takeremu added x4 §3§lDolphin Tail in auction for 320000.
[03:48:37] > Takeremu added x4 §3§lDolphin Tail in auction for 320000.
[03:48:54] > tic_sz buy x4 §3§lDolphin Tail to Takeremu for $320,000.
[03:48:54] > Takeremu added x3 §9§lCrab Claw in auction for 60000.
[03:49:05] > Takeremu added x3 §e§lCrab Scale in auction for 60000.
[03:49:09] > Xavier881 buy x3 §9§lCrab Claw to Takeremu for $60,000.
[03:49:11] > Xavier881 buy x3 §e§lCrab Scale to Takeremu for $60,000.
[03:49:38] > tic_sz remove x4 §3§lDolphin Tail from buy
[03:54:31] > Xavier881 remove x3 §9§lCrab Claw from buy
[03:54:32] > Xavier881 remove x3 §e§lCrab Scale from buy
[03:54:32] > Xavier881 remove x1 §f§l§8B§x§6§0§6§0§6§0a§x§6§C§6§C§6§Ch§x§7§7§7§7§7§7a§x§8§2§8§2§8§2m§x§8§E§8§E§8§Eu§x§9§9§9§9§9§9t§x§A§4§A§4§A§4 L§x§9§9§9§9§9§9e§x§8§E§8§E§8§Eg§x§8§2§8§2§8§2g§x§7§7§7§7§7§7i§x§6§C§6§C§6§Cn§x§6§0§6§0§6§0g§8s from buy
[03:59:45] > auvicious added x1 §x§F§F§7§C§0§0§lSteamsparks Pickaxe in auction for 300000.
[03:59:59] > auvicious added x1 §x§F§F§7§C§0§0§lSteamsparks Helmet in auction for 300000.
[04:00:00] > Takeremu added x64 Experience bottle in auction for 80000.
[04:18:07] > Takeremu added x64 Experience bottle in auction for 80000.
[04:18:25] > Takeremu added x64 Experience bottle in auction for 80000.
[04:18:39] > Takeremu added x64 Experience bottle in auction for 80000.
[04:18:39] > x1 Enchanted golden apple on sale by poggibonxi has just expired, it goes in the inventory of expired items.
[04:26:06] > Takeremu remove x1 §f§l§8B§x§6§6§6§6§6§6a§x§7§7§7§7§7§7h§x§8§8§8§8§8§8a§x§9§9§9§9§9§9m§7u§x§9§9§9§9§9§9t§x§8§8§8§8§8§8 §x§7§7§7§7§7§7K§x§6§6§6§6§6§6e§8y from storage
[04:26:07] > Takeremu remove x1 §f§l§x§8§A§0§0§F§FS§x§9§9§0§0§D§Bh§x§A§8§0§0§B§6i§x§B§7§0§0§9§2n§x§C§6§0§0§6§De§x§D§5§0§0§4§9 §x§E§4§0§0§2§4O§x§F§3§0§0§0§0n§x§E§4§0§0§2§4i§x§D§5§0§0§4§9 §x§C§6§0§0§6§DS§x§B§7§0§0§9§2p§x§A§8§0§0§B§6e§x§9§9§0§0§D§Ba§x§8§A§0§0§F§Fr from storage
[04:26:07] > Takeremu remove x1 Enchanted book from storage
[04:26:08] > Takeremu remove x1 Enchanted book from storage
[04:26:12] > Takeremu added x64 Experience bottle in auction for 80000.
[04:26:27] > Takeremu added x1 §f§l§8B§x§6§6§6§6§6§6a§x§7§7§7§7§7§7h§x§8§8§8§8§8§8a§x§9§9§9§9§9§9m§7u§x§9§9§9§9§9§9t§x§8§8§8§8§8§8 §x§7§7§7§7§7§7K§x§6§6§6§6§6§6e§8y in auction for 600000.
[04:26:39] > Takeremu added x64 Experience bottle in auction for 80000.
[04:26:53] > Takeremu added x64 Experience bottle in auction for 80000.
[04:28:36] > Takeremu remove x4 §3§lDolphin Tail from storage
[04:28:39] > Takeremu added x1 §bEntropy Crystal §8(§310,000§8) in auction for 100000.
[04:28:44] > tic_sz buy x1 §bEntropy Crystal §8(§310,000§8) to Takeremu for $100,000.
[04:28:48] > tic_sz remove x1 §bEntropy Crystal §8(§310,000§8) from buy
[04:33:46] > Takeremu added x1 Turtle egg in auction for 5000.
[04:33:50] > tic_sz buy x1 Turtle egg to Takeremu for $5,000.
[04:35:15] > Takeremu added x4 §9§lCrab Claw in auction for 80000.
[04:35:29] > tic_sz buy x4 §9§lCrab Claw to Takeremu for $80,000.
[04:35:47] > Takeremu added x6 §9§lCrab Claw in auction for 120000.
[04:36:08] > tic_sz buy x6 §9§lCrab Claw to Takeremu for $120,000.
[04:36:14] > tic_sz remove x4 §9§lCrab Claw from buy
[04:36:14] > tic_sz remove x6 §9§lCrab Claw from buy
[04:36:15] > tic_sz remove x1 Turtle egg from buy
[05:01:15] > zDamixx remove x1 Enchanted book from buy
[05:01:16] > zDamixx remove x4 Netherite upgrade smithing template from buy
[05:34:50] > Xavier881 added x4 §3§lDolphin Tail in auction for 300000.
[05:45:24] > Renzy01 remove x1 §x§E§5§1§B§1§B§lDracula Sickle from storage
[05:46:10] > Renzy01 added x1 §f§l§8B§x§6§6§6§6§6§6a§x§7§7§7§7§7§7h§x§8§8§8§8§8§8a§x§9§9§9§9§9§9m§7u§x§9§9§9§9§9§9t§x§8§8§8§8§8§8 §x§7§7§7§7§7§7H§x§6§6§6§6§6§6a§8t in auction for 500000.
[06:02:06] > xcapan buy x64 Experience bottle to Takeremu for $80,000.
[06:02:13] > xcapan remove x64 Experience bottle from buy
[06:03:16] > Wemmbuo buy x1 §x§5§F§E§2§C§5Wukong Fishing rod to Zypher_0w0 for $150,000.
[06:03:39] > Wemmbuo remove x1 §x§5§F§E§2§C§5Wukong Fishing rod from buy
[06:08:32] > k000k444k remove x1 §x§F§F§7§C§0§0§lSteamsparks Key from storage
[06:08:40] > x5 Netherite upgrade smithing template, item of nachfaust, has just expired, the item is definitively deleted.
[06:08:40] > x2 Emerald, item of Julene, has just expired, the item is definitively deleted.
[06:08:41] > k000k444k remove x1 §x§F§F§7§C§0§0§lSteamsparks Key from expire
[06:08:49] > k000k444k added x1 §x§F§F§7§C§0§0§lSteamsparks Key in auction for 200000.
[06:09:22] > monggol buy x1 §9§lCrab Claw to .Kharrrrrr9859 for $50,000.
[06:14:21] > monggol buy x1 §e§lCrab Scale to .Kharrrrrr9859 for $50,000.
[06:14:29] > monggol remove x1 §9§lCrab Claw from buy
[06:14:29] > monggol remove x1 §e§lCrab Scale from buy
[06:22:41] > mumbowe777 remove x1 §x§F§F§7§C§0§0§lSteamsparks Boots from expire
[06:22:41] > mumbowe777 remove x1 §x§F§F§7§C§0§0§lSteamsparks Bow from expire
[06:22:42] > mumbowe777 remove x1 §x§E§5§1§B§1§B§lDracula Dagger from expire
[06:22:56] > mumbowe777 remove x1 §x§5§9§A§1§D§9§lA§x§7§5§B§1§D§Fr§x§9§0§C§0§E§6c§x§A§C§D§0§E§Ch§x§C§8§E§0§F§2a§x§E§3§E§F§F§9n§fg§x§E§3§E§F§F§9e§x§C§8§E§0§F§2l §x§9§0§C§0§E§6B§x§7§5§B§1§D§Fo§x§5§9§A§1§D§9w from storage
[06:23:08] > mumbowe777 added x1 §x§F§F§7§C§0§0§lSteamsparks Boots in auction for 100000.
[06:23:19] > mumbowe777 added x1 §x§F§F§7§C§0§0§lSteamsparks Bow in auction for 300000.
[06:23:29] > mumbowe777 added x1 §x§E§5§1§B§1§B§lDracula Dagger in auction for 200000.
[06:23:46] > mumbowe777 added x1 §x§E§5§1§B§1§B§lDracula Pickaxe in auction for 300000.
[06:24:08] > mumbowe777 remove x1 §x§E§5§1§B§1§B§lDracula Dagger from storage
[06:24:20] > mumbowe777 added x1 §x§5§9§A§1§D§9§lA§x§7§5§B§1§D§Fr§x§9§0§C§0§E§6c§x§A§C§D§0§E§Ch§x§C§8§E§0§F§2a§x§E§3§E§F§F§9n§fg§x§E§3§E§F§F§9e§x§C§8§E§0§F§2l §x§9§0§C§0§E§6B§x§7§5§B§1§D§Fo§x§5§9§A§1§D§9w in auction for 700000.
[06:28:05] > k000k444k added x1 §x§E§5§1§B§1§B§lDracula Key in auction for 100000.
[06:28:24] > k000k444k added x1 §x§F§F§7§C§0§0§lSteamsparks Key in auction for 200000.
[06:29:08] > mumbowe777 buy x1 §x§E§5§1§B§1§B§lDracula Key to k000k444k for $100,000.
[06:29:18] > mumbowe777 remove x1 §x§E§5§1§B§1§B§lDracula Key from buy
[06:47:15] > ReKYee buy x1 §x§5§9§A§1§D§9§lA§x§7§1§A§E§D§Er§x§8§8§B§C§E§4c§x§A§0§C§9§E§9h§x§B§8§D§7§E§Fa§x§D§0§E§4§F§4n§x§E§7§F§2§F§Ag§fe§x§E§7§F§2§F§Al §x§B§8§D§7§E§FS§x§A§0§C§9§E§9p§x§8§8§B§C§E§4e§x§7§1§A§E§D§Ea§x§5§9§A§1§D§9r to Julene for $300,000.
[06:47:57] > ReKYee remove x1 §x§5§9§A§1§D§9§lA§x§7§1§A§E§D§Er§x§8§8§B§C§E§4c§x§A§0§C§9§E§9h§x§B§8§D§7§E§Fa§x§D§0§E§4§F§4n§x§E§7§F§2§F§Ag§fe§x§E§7§F§2§F§Al §x§B§8§D§7§E§FS§x§A§0§C§9§E§9p§x§8§8§B§C§E§4e§x§7§1§A§E§D§Ea§x§5§9§A§1§D§9r from buy
[07:06:44] > KaijuWard remove x1 §x§F§F§5§5§0§0§lsᴇʟʟᴡᴀɴᴅ §6- 20.0x from storage
[07:07:00] > KaijuWard added x1 §x§F§F§5§5§0§0§lsᴇʟʟᴡᴀɴᴅ §6- 20.0x in auction for 2000000.
[07:07:07] > Fogstrap buy x1 §x§F§F§5§5§0§0§lsᴇʟʟᴡᴀɴᴅ §6- 20.0x to KaijuWard for $2,000,000.
[07:08:00] > k000k444k added x10 §bEntropy Crystal §8(§310,000§8) in auction for 900000.
[07:08:16] > k000k444k added x10 §bEntropy Crystal §8(§310,000§8) in auction for 900000.
[07:08:40] > k000k444k added x10 §bEntropy Crystal §8(§310,000§8) in auction for 900000.
[07:08:58] > k000k444k added x10 §bEntropy Crystal §8(§310,000§8) in auction for 900000.
[07:09:09] > k000k444k added x10 §bEntropy Crystal §8(§310,000§8) in auction for 900000.
[07:30:28] > Fogstrap remove x1 §x§F§F§5§5§0§0§lsᴇʟʟᴡᴀɴᴅ §6- 20.0x from buy
[07:30:49] > Fogstrap remove x1 §x§F§F§5§5§0§0§lsᴇʟʟᴡᴀɴᴅ §6- 10.0x from storage
[07:30:50] > Fogstrap remove x1 §x§F§F§5§5§0§0§lsᴇʟʟᴡᴀɴᴅ §6- 5.0x from storage
[07:30:50] > Fogstrap remove x1 §x§F§F§5§5§0§0§lsᴇʟʟᴡᴀɴᴅ §6- 5.0x from storage
[07:30:50] > Fogstrap remove x1 §x§F§F§5§5§0§0§lsᴇʟʟᴡᴀɴᴅ §6- 5.0x from storage
[07:30:50] > Fogstrap remove x1 §x§F§F§5§5§0§0§lsᴇʟʟᴡᴀɴᴅ §6- 5.0x from storage
[07:30:51] > Fogstrap remove x1 §x§F§F§5§5§0§0§lsᴇʟʟᴡᴀɴᴅ §6- 5.0x from storage
[07:30:51] > Fogstrap remove x1 §x§F§F§5§5§0§0§lsᴇʟʟᴡᴀɴᴅ §6- 5.0x from storage
[07:30:52] > Fogstrap remove x1 §x§F§F§5§5§0§0§lsᴇʟʟᴡᴀɴᴅ §6- 5.0x from storage
[07:30:52] > Fogstrap remove x1 §x§F§F§5§5§0§0§lsᴇʟʟᴡᴀɴᴅ §6- 5.0x from storage
[08:24:48] > InternetCafeUser added x8 Wither skeleton skull in auction for 24000.
[08:24:54] > monggol buy x8 Wither skeleton skull to InternetCafeUser for $24,000.
[08:24:58] > monggol remove x8 Wither skeleton skull from buy
[09:09:47] > monggol buy x1 §2Sage to giyahnpogi for $2,000,000.
[09:09:51] > monggol remove x1 §2Sage from buy
[09:11:19] > monggol added x1 §x§E§5§1§B§1§B§lDracula Shovel in auction for 100000.
[09:11:47] > monggol added x1 §x§E§5§1§B§1§B§lDracula Dagger in auction for 100000.
[09:17:01] > H2SO4 buy x1 §x§E§5§1§B§1§B§lDracula Shovel to monggol for $100,000.
[09:19:05] > H2SO4 remove x1 §x§E§5§1§B§1§B§lDracula Shovel from buy
[09:24:15] > NoClarity remove x1 §f§l§8B§x§6§6§6§6§6§6a§x§7§7§7§7§7§7h§x§8§8§8§8§8§8a§x§9§9§9§9§9§9m§7u§x§9§9§9§9§9§9t§x§8§8§8§8§8§8 §x§7§7§7§7§7§7A§x§6§6§6§6§6§6x§8e from storage
[09:26:32] > bedrock_enjoy3r buy x1 Nether star to azuyeca for $50,000.
[09:46:27] > Trapers1 remove x1 §x§F§F§5§5§0§0§lsᴇʟʟᴡᴀɴᴅ §6- 10.0x form storage
[09:46:27] > Trapers1 remove x1 §x§F§F§5§5§0§0§lsᴇʟʟᴡᴀɴᴅ §6- 5.0x form storage
[09:46:27] > Trapers1 remove x1 §x§F§F§5§5§0§0§lsᴇʟʟᴡᴀɴᴅ §6- 5.0x form storage
[09:54:30] > Trapers1 added x1 §x§F§F§5§5§0§0§lsᴇʟʟᴡᴀɴᴅ §6- 10.0x in auction for 1250000.
[09:54:44] > Trapers1 added x1 §x§F§F§5§5§0§0§lsᴇʟʟᴡᴀɴᴅ §6- 5.0x in auction for 380000.
[09:54:56] > Trapers1 added x1 §x§F§F§5§5§0§0§lsᴇʟʟᴡᴀɴᴅ §6- 5.0x in auction for 380000.
[10:04:32] > Trapers1 added x1 §fCat Plushie (Calico) §6(#16/101) in auction for 10000.
[10:25:18] > x1 §x§F§F§3§E§0§0§lSellwand Voucher on sale by Mugiwara22 has just expired, it goes in the inventory of expired items.
[10:34:24] > monggol added x1 §x§5§9§A§1§D§9§lA§x§6§E§A§D§D§Er§x§8§3§B§9§E§3c§x§9§7§C§4§E§7h§x§A§C§D§0§E§Ca§x§C§1§D§C§F§1n§x§D§6§E§8§F§6g§x§E§A§F§3§F§Ae§fl §x§D§0§E§4§F§4D§x§B§8§D§7§E§Fa§x§A§0§C§9§E§9g§x§8§8§B§C§E§4g§x§7§1§A§E§D§Ee§x§5§9§A§1§D§9r in auction for 300000.
[10:37:43] > monggol added x1 §x§F§F§3§E§0§0§lD§x§F§F§3§6§0§0§le§x§F§F§2§F§0§0§lm§x§F§F§2§7§0§0§lo§x§F§F§1§F§0§0§ln §x§F§F§1§0§0§0§lL§x§F§F§0§8§0§0§lo§x§F§F§0§0§0§0§lr§x§F§F§0§8§0§0§ld §x§F§F§1§7§0§0§lS§x§F§F§1§F§0§0§lh§x§F§F§2§7§0§0§lo§x§F§F§2§F§0§0§lv§x§F§F§3§6§0§0§le§x§F§F§3§E§0§0§ll in auction for 100000.
[10:41:33] > monggol added x25 §x§F§C§9§0§5§C§lE§x§E§6§9§C§6§B§lp§x§C§F§A§7§7§A§li§x§B§9§B§3§8§9§lc §x§8§C§C§B§A§7§lC§x§7§5§D§6§B§6§lr§x§5§F§E§2§C§5§la§x§7§9§D§4§B§4§lt§x§9§3§C§7§A§2§le §x§C§8§A§B§7§F§lK§x§E§2§9§E§6§E§le§x§F§C§9§0§5§C§ly in auction for 200000.
[10:41:45] > monggol added x35 §x§F§C§D§0§5§C§lB§x§E§6§D§3§6§B§la§x§C§F§D§5§7§A§ls§x§B§9§D§8§8§9§li§x§A§2§D§A§9§8§lc §x§7§5§D§F§B§6§lC§x§5§F§E§2§C§5§lr§x§7§5§D§F§B§6§la§x§8§C§D§D§A§7§lt§x§A§2§D§A§9§8§le §x§C§F§D§5§7§A§lK§x§E§6§D§3§6§B§le§x§F§C§D§0§5§C§ly in auction for 200000.
[10:42:55] > H2SO4 buy x25 §x§F§C§9§0§5§C§lE§x§E§6§9§C§6§B§lp§x§C§F§A§7§7§A§li§x§B§9§B§3§8§9§lc §x§8§C§C§B§A§7§lC§x§7§5§D§6§B§6§lr§x§5§F§E§2§C§5§la§x§7§9§D§4§B§4§lt§x§9§3§C§7§A§2§le §x§C§8§A§B§7§F§lK§x§E§2§9§E§6§E§le§x§F§C§9§0§5§C§ly to monggol for $200,000.
[10:43:08] > H2SO4 remove x25 §x§F§C§9§0§5§C§lE§x§E§6§9§C§6§B§lp§x§C§F§A§7§7§A§li§x§B§9§B§3§8§9§lc §x§8§C§C§B§A§7§lC§x§7§5§D§6§B§6§lr§x§5§F§E§2§C§5§la§x§7§9§D§4§B§4§lt§x§9§3§C§7§A§2§le §x§C§8§A§B§7§F§lK§x§E§2§9§E§6§E§le§x§F§C§9§0§5§C§ly from buy
[10:47:23] > .Allxnzv added x1 Regeneration in auction for 50000.
[11:12:31] > KaijuWard added x64 Deepslate diamond ore in auction for 500000.
[11:19:40] > KaijuWard added x4 Silence armor trim smithing template in auction for 200000.
[11:19:50] > KaijuWard added x4 Flow armor trim smithing template in auction for 150000.
[11:27:56] > .Allxnzv buy x1 §fCat Plushie (Calico) §6(#16/101) to Trapers1 for $10,000.
[11:28:05] > .Allxnzv remove x1 §fCat Plushie (Calico) §6(#16/101) from buy
[11:30:50] > Don_Peanuts buy x35 §x§F§C§D§0§5§C§lB§x§E§6§D§3§6§B§la§x§C§F§D§5§7§A§ls§x§B§9§D§8§8§9§li§x§A§2§D§A§9§8§lc §x§7§5§D§F§B§6§lC§x§5§F§E§2§C§5§lr§x§7§5§D§F§B§6§la§x§8§C§D§D§A§7§lt§x§A§2§D§A§9§8§le §x§C§F§D§5§7§A§lK§x§E§6§D§3§6§B§le§x§F§C§D§0§5§C§ly to monggol for $200,000.
[11:31:10] > Don_Peanuts remove x35 §x§F§C§D§0§5§C§lB§x§E§6§D§3§6§B§la§x§C§F§D§5§7§A§ls§x§B§9§D§8§8§9§li§x§A§2§D§A§9§8§lc §x§7§5§D§F§B§6§lC§x§5§F§E§2§C§5§lr§x§7§5§D§F§B§6§la§x§8§C§D§D§A§7§lt§x§A§2§D§A§9§8§le §x§C§F§D§5§7§A§lK§x§E§6§D§3§6§B§le§x§F§C§D§0§5§C§ly from buy
[11:35:05] > Trapers1 added x1 §fBee Plushie §6(#9/101) in auction for 10000.
[11:35:11] > kysicx buy x1 §fBee Plushie §6(#9/101) to Trapers1 for $10,000.
[11:35:26] > Trapers1 added x1 §fEvoker Plushie §6(#34/101) in auction for 10000.
[11:35:40] > kysicx buy x1 §fEvoker Plushie §6(#34/101) to Trapers1 for $10,000.
[11:35:50] > Trapers1 remove x1 §x§F§F§5§5§0§0§lsᴇʟʟᴡᴀɴᴅ §6- 5.0x form storage
[11:35:50] > Trapers1 remove x1 §x§F§F§5§5§0§0§lsᴇʟʟᴡᴀɴᴅ §6- 10.0x form storage
[11:35:50] > Trapers1 remove x1 §x§F§F§5§5§0§0§lsᴇʟʟᴡᴀɴᴅ §6- 5.0x form storage
[11:36:07] > Trapers1 added x1 §x§F§F§5§5§0§0§lsᴇʟʟᴡᴀɴᴅ §6- 10.0x in auction for 1250000.
[11:36:56] > Trapers1 added x1 Shulker box in auction for 60000.
[11:37:09] > .Allxnzv buy x1 Shulker box to Trapers1 for $60,000.
[11:37:21] > .Allxnzv remove x1 Shulker box from buy
[12:06:27] > aroraru added x40 Wind charge in auction for 44444.
[12:26:49] > InternetCafeUser added x20 Wither skeleton skull in auction for 80000.
[12:42:10] > NoClarity added x1 §x§F§F§3§E§0§0§lSellwand Voucher in auction for 700000.
[12:43:37] > NoClarity added x1 §x§F§F§7§C§0§0§lSteamsparks Chestplate in auction for 60000.
[12:43:47] > Fogstrap buy x1 §x§F§F§7§C§0§0§lSteamsparks Chestplate to NoClarity for $60,000.
[12:46:38] > johnowenz1 added x4 Trial key in auction for 20000.
[12:51:33] > EXEZUNO buy x1 §x§F§F§3§E§0§0§lD§x§F§F§3§5§0§0§le§x§F§F§2§C§0§0§lm§x§F§F§2§3§0§0§lo§x§F§F§1§B§0§0§ln §x§F§F§0§9§0§0§lL§x§F§F§0§0§0§0§lo§x§F§F§0§A§0§0§lr§x§F§F§1§5§0§0§ld §x§F§F§2§9§0§0§lB§x§F§F§3§4§0§0§lo§x§F§F§3§E§0§0§lw to Hunter_Sung for $500,000.
[12:51:42] > EXEZUNO remove x1 §x§F§F§3§E§0§0§lD§x§F§F§3§5§0§0§le§x§F§F§2§C§0§0§lm§x§F§F§2§3§0§0§lo§x§F§F§1§B§0§0§ln §x§F§F§0§9§0§0§lL§x§F§F§0§0§0§0§lo§x§F§F§0§A§0§0§lr§x§F§F§1§5§0§0§ld §x§F§F§2§9§0§0§lB§x§F§F§3§4§0§0§lo§x§F§F§3§E§0§0§lw from buy
[13:08:10] > Trapers1 added x1 §x§F§F§5§5§0§0§lsᴇʟʟᴡᴀɴᴅ §6- 5.0x in auction for 350000.
[13:08:27] > Trapers1 remove x1 §x§F§F§5§5§0§0§lsᴇʟʟᴡᴀɴᴅ §6- 5.0x form storage
[13:08:27] > Trapers1 remove x1 §x§F§F§5§5§0§0§lsᴇʟʟᴡᴀɴᴅ §6- 10.0x form storage
[13:08:40] > Trapers1 added x1 §x§F§F§5§5§0§0§lsᴇʟʟᴡᴀɴᴅ §6- 10.0x in auction for 1100000.
[13:08:54] > Trapers1 added x1 §x§F§F§5§5§0§0§lsᴇʟʟᴡᴀɴᴅ §6- 5.0x in auction for 300000.
[13:09:04] > Trapers1 added x1 §x§F§F§5§5§0§0§lsᴇʟʟᴡᴀɴᴅ §6- 5.0x in auction for 300000.
[13:09:12] > InternetCafeUser buy x1 Pitcher pod to dearestyumeko for $600.
[13:09:16] > InternetCafeUser remove x1 Pitcher pod from buy
[13:11:17] > Trapers1 remove x1 §x§F§F§5§5§0§0§lsᴇʟʟᴡᴀɴᴅ §6- 5.0x form storage
[13:11:17] > Trapers1 remove x1 §x§F§F§5§5§0§0§lsᴇʟʟᴡᴀɴᴅ §6- 10.0x form storage
[13:11:17] > Trapers1 remove x1 §x§F§F§5§5§0§0§lsᴇʟʟᴡᴀɴᴅ §6- 5.0x form storage
[13:11:31] > Trapers1 added x1 §x§F§F§5§5§0§0§lsᴇʟʟᴡᴀɴᴅ §6- 5.0x in auction for 300000.
[13:11:46] > Trapers1 added x1 §x§F§F§5§5§0§0§lsᴇʟʟᴡᴀɴᴅ §6- 5.0x in auction for 220000.
[13:11:49] > Fogstrap buy x1 §x§F§F§5§5§0§0§lsᴇʟʟᴡᴀɴᴅ §6- 5.0x to Trapers1 for $220,000.
[13:12:04] > Trapers1 added x1 §x§F§F§5§5§0§0§lsᴇʟʟᴡᴀɴᴅ §6- 10.0x in auction for 1200000.
[13:12:16] > Trapers1 remove x1 §x§F§F§5§5§0§0§lsᴇʟʟᴡᴀɴᴅ §6- 5.0x form storage
[13:12:16] > Trapers1 remove x1 §x§F§F§5§5§0§0§lsᴇʟʟᴡᴀɴᴅ §6- 10.0x form storage
[13:12:24] > Trapers1 added x1 §x§F§F§5§5§0§0§lsᴇʟʟᴡᴀɴᴅ §6- 5.0x in auction for 220000.
[13:12:29] > Fogstrap buy x1 §x§F§F§5§5§0§0§lsᴇʟʟᴡᴀɴᴅ §6- 5.0x to Trapers1 for $220,000.
[13:12:42] > Trapers1 added x1 §x§F§F§5§5§0§0§lsᴇʟʟᴡᴀɴᴅ §6- 10.0x in auction for 1000000.
[13:19:16] > Trapers1 buy x1 §x§5§9§A§1§D§9§lA§x§6§E§A§D§D§Er§x§8§3§B§9§E§3c§x§9§7§C§4§E§7h§x§A§C§D§0§E§Ca§x§C§1§D§C§F§1n§x§D§6§E§8§F§6g§x§E§A§F§3§F§Ae§fl §x§D§0§E§4§F§4H§x§B§8§D§7§E§Fa§x§A§0§C§9§E§9m§x§8§8§B§C§E§4m§x§7§1§A§E§D§Ee§x§5§9§A§1§D§9r to FuwaLeaf for $1,500,000.
[13:19:21] > Trapers1 remove x1 §x§5§9§A§1§D§9§lA§x§6§E§A§D§D§Er§x§8§3§B§9§E§3c§x§9§7§C§4§E§7h§x§A§C§D§0§E§Ca§x§C§1§D§C§F§1n§x§D§6§E§8§F§6g§x§E§A§F§3§F§Ae§fl §x§D§0§E§4§F§4H§x§B§8§D§7§E§Fa§x§A§0§C§9§E§9m§x§8§8§B§C§E§4m§x§7§1§A§E§D§Ee§x§5§9§A§1§D§9r form buy
[13:19:53] > Trapers1 added x1 §f§l§8B§x§6§4§6§4§6§4a§x§7§4§7§4§7§4h§x§8§3§8§3§8§3a§x§9§3§9§3§9§3m§x§A§2§A§2§A§2ut§x§9§3§9§3§9§3 §x§8§3§8§3§8§3M§x§7§4§7§4§7§4a§x§6§4§6§4§6§4c§8e in auction for 1000000.
[13:20:17] > Trapers1 added x1 The Smasher. in auction for 1000000.
[13:23:43] > Trapers1 added x1 §x§5§9§A§1§D§9§lA§x§6§E§A§D§D§Er§x§8§3§B§9§E§3c§x§9§7§C§4§E§7h§x§A§C§D§0§E§Ca§x§C§1§D§C§F§1n§x§D§6§E§8§F§6g§x§E§A§F§3§F§Ae§fl §x§D§0§E§4§F§4H§x§B§8§D§7§E§Fa§x§A§0§C§9§E§9m§x§8§8§B§C§E§4m§x§7§1§A§E§D§Ee§x§5§9§A§1§D§9r in auction for 1500000.
[13:24:24] > NoClarity remove x1 §x§F§F§3§E§0§0§lSellwand Voucher from storage
[13:24:32] > NoClarity added x1 §x§F§F§3§E§0§0§lSellwand Voucher in auction for 650000.
[13:24:37] > Trapers1 buy x1 §x§F§F§3§E§0§0§lSellwand Voucher to NoClarity for $650,000.
[13:24:51] > Trapers1 remove x1 §x§F§F§3§E§0§0§lSellwand Voucher form buy
[13:25:00] > Trapers1 added x1 §x§F§F§5§5§0§0§lsᴇʟʟᴡᴀɴᴅ §6- 5.0x in auction for 220000.
[13:26:33] > namerikangel buy x1 §x§F§F§5§5§0§0§lsᴇʟʟᴡᴀɴᴅ §6- 5.0x to Trapers1 for $220,000.
[13:26:51] > namerikangel remove x1 §x§F§F§5§5§0§0§lsᴇʟʟᴡᴀɴᴅ §6- 5.0x from buy
[13:27:20] > Uratakiz buy x1 §x§5§F§E§2§C§5Terra Fishing rod to Zypher_0w0 for $150,000.
[13:27:47] > Uratakiz remove x1 §x§5§F§E§2§C§5Terra Fishing rod from buy
[13:27:59] > Trapers1 remove x1 §x§F§F§5§5§0§0§lsᴇʟʟᴡᴀɴᴅ §6- 10.0x form storage
[13:27:59] > Trapers1 remove x1 The Smasher. form storage
[13:27:59] > Trapers1 remove x1 §f§l§8B§x§6§4§6§4§6§4a§x§7§4§7§4§7§4h§x§8§3§8§3§8§3a§x§9§3§9§3§9§3m§x§A§2§A§2§A§2ut§x§9§3§9§3§9§3 §x§8§3§8§3§8§3M§x§7§4§7§4§7§4a§x§6§4§6§4§6§4c§8e form storage
[13:27:59] > Trapers1 remove x1 §x§5§9§A§1§D§9§lA§x§6§E§A§D§D§Er§x§8§3§B§9§E§3c§x§9§7§C§4§E§7h§x§A§C§D§0§E§Ca§x§C§1§D§C§F§1n§x§D§6§E§8§F§6g§x§E§A§F§3§F§Ae§fl §x§D§0§E§4§F§4H§x§B§8§D§7§E§Fa§x§A§0§C§9§E§9m§x§8§8§B§C§E§4m§x§7§1§A§E§D§Ee§x§5§9§A§1§D§9r form storage
[13:28:09] > Trapers1 added x1 §x§F§F§5§5§0§0§lsᴇʟʟᴡᴀɴᴅ §6- 10.0x in auction for 950000.
[13:28:33] > .JakeTheMiner457 added x1 Dune armor trim smithing template in auction for 75000.
[13:28:48] > x1 Diamond horse armor, item of MrGh0st1y, has just expired, the item is definitively deleted.
[13:29:24] > .JakeTheMiner457 added x1 Flow armor trim smithing template in auction for 70000.
[13:29:52] > .JakeTheMiner457 added x1 Netherite upgrade smithing template in auction for 75000.
[13:30:34] > .JakeTheMiner457 added x1 Sentry armor trim smithing template in auction for 60000.
[13:30:55] > 3xdmge buy x64 Experience bottle to Takeremu for $80,000.
[13:30:59] > 3xdmge buy x64 Experience bottle to Takeremu for $80,000.
[13:31:03] > 3xdmge buy x64 Experience bottle to Takeremu for $80,000.
[13:31:41] > 3xdmge remove x64 Experience bottle from buy
[13:31:42] > 3xdmge remove x64 Experience bottle from buy
[13:31:42] > HwanYo buy x1 §x§F§F§5§5§0§0§lsᴇʟʟᴡᴀɴᴅ §6- 10.0x to Trapers1 for $950,000.
[13:31:42] > 3xdmge remove x64 Experience bottle from buy
[13:32:25] > Trapers1 added x1 §x§5§9§A§1§D§9§lA§x§6§E§A§D§D§Er§x§8§3§B§9§E§3c§x§9§7§C§4§E§7h§x§A§C§D§0§E§Ca§x§C§1§D§C§F§1n§x§D§6§E§8§F§6g§x§E§A§F§3§F§Ae§fl §x§D§0§E§4§F§4H§x§B§8§D§7§E§Fa§x§A§0§C§9§E§9m§x§8§8§B§C§E§4m§x§7§1§A§E§D§Ee§x§5§9§A§1§D§9r in auction for 1000000.
[13:32:37] > Trapers1 added x1 The Smasher. in auction for 1000000.
[13:32:49] > Trapers1 added x1 §f§l§8B§x§6§4§6§4§6§4a§x§7§4§7§4§7§4h§x§8§3§8§3§8§3a§x§9§3§9§3§9§3m§x§A§2§A§2§A§2ut§x§9§3§9§3§9§3 §x§8§3§8§3§8§3M§x§7§4§7§4§7§4a§x§6§4§6§4§6§4c§8e in auction for 1000000.
[13:41:44] > Trashcan buy x1 §f§l§x§8§A§0§0§F§FS§x§9§9§0§0§D§Bh§x§A§8§0§0§B§6i§x§B§7§0§0§9§2n§x§C§6§0§0§6§De§x§D§5§0§0§4§9 §x§E§4§0§0§2§4O§x§F§3§0§0§0§0n§x§E§4§0§0§2§4i§x§D§5§0§0§4§9 §x§C§6§0§0§6§DS§x§B§7§0§0§9§2t§x§A§8§0§0§B§6a§x§9§9§0§0§D§Bf§x§8§A§0§0§F§Ff to Renzy01 for $1,200,000.
[13:42:22] > Trashcan remove x1 §f§l§x§8§A§0§0§F§FS§x§9§9§0§0§D§Bh§x§A§8§0§0§B§6i§x§B§7§0§0§9§2n§x§C§6§0§0§6§De§x§D§5§0§0§4§9 §x§E§4§0§0§2§4O§x§F§3§0§0§0§0n§x§E§4§0§0§2§4i§x§D§5§0§0§4§9 §x§C§6§0§0§6§DS§x§B§7§0§0§9§2t§x§A§8§0§0§B§6a§x§9§9§0§0§D§Bf§x§8§A§0§0§F§Ff from buy
[13:43:37] > 3xdmge buy x64 Experience bottle to Takeremu for $80,000.
[13:43:39] > 3xdmge buy x64 Experience bottle to Takeremu for $80,000.
[13:43:41] > 3xdmge buy x64 Experience bottle to Takeremu for $80,000.
[13:43:45] > 3xdmge buy x64 Experience bottle to Takeremu for $80,000.
[13:43:52] > 3xdmge remove x43 Experience bottle from buy
[13:43:52] > 3xdmge remove x43 Experience bottle from buy
[13:43:53] > 3xdmge remove x43 Experience bottle from buy
[13:43:54] > 3xdmge remove x43 Experience bottle from buy
[13:57:19] > x1 §x§F§F§7§C§0§0§lSteamsparks Halberd on sale by FuwaLeaf has just expired, it goes in the inventory of expired items.
[14:15:43] > Fogstrap remove x1 §x§F§F§7§C§0§0§lSteamsparks Chestplate from buy
[14:15:44] > Fogstrap remove x1 §x§F§F§5§5§0§0§lsᴇʟʟᴡᴀɴᴅ §6- 5.0x from buy
[14:15:44] > Fogstrap remove x1 §x§F§F§5§5§0§0§lsᴇʟʟᴡᴀɴᴅ §6- 5.0x from buy
[14:20:54] > Arthur buy x1 §f§l§8B§x§6§2§6§2§6§2a§x§6§F§6§F§6§Fh§x§7§C§7§C§7§Ca§x§8§9§8§9§8§9m§x§9§6§9§6§9§6u§x§A§3§A§3§A§3t §x§9§6§9§6§9§6D§x§8§9§8§9§8§9a§x§7§C§7§C§7§Cg§x§6§F§6§F§6§Fg§x§6§2§6§2§6§2e§8r to ravencabansay for $100,000.
[14:21:02] > Arthur remove x1 Enchanted book form storage
[14:21:42] > Arthur remove x1 §f§l§8B§x§6§2§6§2§6§2a§x§6§F§6§F§6§Fh§x§7§C§7§C§7§Ca§x§8§9§8§9§8§9m§x§9§6§9§6§9§6u§x§A§3§A§3§A§3t §x§9§6§9§6§9§6D§x§8§9§8§9§8§9a§x§7§C§7§C§7§Cg§x§6§F§6§F§6§Fg§x§6§2§6§2§6§2e§8r from buy
[14:22:45] > Arthur added x1 Enchanted book in auction for 50000.
[14:23:56] > Broodie buy x1 §x§5§9§A§1§D§9§lA§x§6§E§A§D§D§Er§x§8§3§B§9§E§3c§x§9§7§C§4§E§7h§x§A§C§D§0§E§Ca§x§C§1§D§C§F§1n§x§D§6§E§8§F§6g§x§E§A§F§3§F§Ae§fl §x§D§0§E§4§F§4D§x§B§8§D§7§E§Fa§x§A§0§C§9§E§9g§x§8§8§B§C§E§4g§x§7§1§A§E§D§Ee§x§5§9§A§1§D§9r to monggol for $300,000.
[14:24:15] > Broodie remove x1 §x§5§9§A§1§D§9§lA§x§6§E§A§D§D§Er§x§8§3§B§9§E§3c§x§9§7§C§4§E§7h§x§A§C§D§0§E§Ca§x§C§1§D§C§F§1n§x§D§6§E§8§F§6g§x§E§A§F§3§F§Ae§fl §x§D§0§E§4§F§4D§x§B§8§D§7§E§Fa§x§A§0§C§9§E§9g§x§8§8§B§C§E§4g§x§7§1§A§E§D§Ee§x§5§9§A§1§D§9r from buy
[14:25:06] > Broodie added x1 §x§5§9§A§1§D§9§lA§x§6§E§A§D§D§Er§x§8§3§B§9§E§3c§x§9§7§C§4§E§7h§x§A§C§D§0§E§Ca§x§C§1§D§C§F§1n§x§D§6§E§8§F§6g§x§E§A§F§3§F§Ae§fl §x§D§0§E§4§F§4D§x§B§8§D§7§E§Fa§x§A§0§C§9§E§9g§x§8§8§B§C§E§4g§x§7§1§A§E§D§Ee§x§5§9§A§1§D§9r in auction for 500000.
[15:30:40] > Luruca added x1 §x§5§9§A§1§D§9§lA§x§7§5§B§1§D§Fr§x§9§0§C§0§E§6c§x§A§C§D§0§E§Ch§x§C§8§E§0§F§2a§x§E§3§E§F§F§9n§fg§x§E§3§E§F§F§9e§x§C§8§E§0§F§2l §x§9§0§C§0§E§6H§x§7§5§B§1§D§Fa§x§5§9§A§1§D§9t in auction for 1000000.
[15:35:48] > UnavailableTest added x1 §f§l§x§8§A§0§0§F§FS§x§9§5§0§0§E§4h§x§A§0§0§0§C§9i§x§A§B§0§0§A§En§x§B§6§0§0§9§4e§x§C§1§0§0§7§9 §x§C§C§0§0§5§EO§x§D§7§0§0§4§3n§x§E§2§0§0§2§8i§x§E§D§0§0§0§D C§x§E§2§0§0§2§8h§x§D§7§0§0§4§3e§x§C§C§0§0§5§Es§x§C§1§0§0§7§9t§x§B§6§0§0§9§4p§x§A§B§0§0§A§El§x§A§0§0§0§C§9a§x§9§5§0§0§E§4t§x§8§A§0§0§F§Fe in auction for 1000000.
[15:35:56] > Fogstrap buy x1 §f§l§x§8§A§0§0§F§FS§x§9§5§0§0§E§4h§x§A§0§0§0§C§9i§x§A§B§0§0§A§En§x§B§6§0§0§9§4e§x§C§1§0§0§7§9 §x§C§C§0§0§5§EO§x§D§7§0§0§4§3n§x§E§2§0§0§2§8i§x§E§D§0§0§0§D C§x§E§2§0§0§2§8h§x§D§7§0§0§4§3e§x§C§C§0§0§5§Es§x§C§1§0§0§7§9t§x§B§6§0§0§9§4p§x§A§B§0§0§A§El§x§A§0§0§0§C§9a§x§9§5§0§0§E§4t§x§8§A§0§0§F§Fe to UnavailableTest for $1,000,000.
[15:46:14] > x1 Dragon head, bought by Kaynn, has just expired, the item is definitively deleted.
[15:46:14] > x4 Snout armor trim smithing template, bought by nachfaust, has just expired, the item is definitively deleted.
[15:49:35] > HwanYo remove x1 §x§F§F§5§5§0§0§lsᴇʟʟᴡᴀɴᴅ §6- 10.0x from buy
[16:03:23] > COSA_Shoyo buy x64 Iron block to Fogstrap for $64,000.
[16:03:30] > COSA_Shoyo remove x64 Iron block from buy
[16:05:28] > UnavailableTest added x1 §eʙʟᴀᴢᴇ sᴘᴀᴡɴᴇʀ in auction for 1000000.
[16:05:39] > UnavailableTest added x2 §eᴢᴏᴍʙɪᴇ sᴘᴀᴡɴᴇʀ in auction for 1500000.
[16:10:38] > 3xdmge buy x1 Bow to Julene for $120,000.
[16:10:41] > x1 Enchanted book, bought by AxoLittle, has just expired, the item is definitively deleted.
[16:10:42] > 3xdmge remove x1 Bow from buy
[16:28:48] > giyahnpogi remove x1 §x§F§F§5§5§0§0§lsᴇʟʟᴡᴀɴᴅ §6- 10.0x from buy
[16:30:49] > 8it5inn added x1 Silence armor trim smithing template in auction for 10.
[16:30:55] > Fogstrap buy x1 Silence armor trim smithing template to 8it5inn for $10.
[16:31:52] > 8it5inn added x1 Silence armor trim smithing template in auction for 10.
[16:31:57] > Trapers1 buy x1 Silence armor trim smithing template to 8it5inn for $10.
[16:35:25] > giyahnpogi added x1 §x§3§4§9§8§D§Bɪʀᴏɴ ɢᴏʟᴇᴍ ꜱᴘᴀᴡɴᴇʀ in auction for 3000000.
[16:39:53] > giyahnpogi added x1 §x§F§F§3§E§0§0§lD§x§F§F§3§7§0§0§le§x§F§F§3§0§0§0§lm§x§F§F§2§9§0§0§lo§x§F§F§2§2§0§0§ln §x§F§F§1§5§0§0§lL§x§F§F§0§E§0§0§lo§x§F§F§0§7§0§0§lr§x§F§F§0§0§0§0§ld §x§F§F§1§0§0§0§lP§x§F§F§1§7§0§0§li§x§F§F§1§F§0§0§lc§x§F§F§2§7§0§0§lk§x§F§F§2§F§0§0§la§x§F§F§3§6§0§0§lx§x§F§F§3§E§0§0§le in auction for 2500000.
[16:40:09] > giyahnpogi added x1 Netherite sword in auction for 2000000.
[16:40:22] > giyahnpogi added x1 Zombie Spawner in auction for 1000000.
[16:43:15] > giyahnpogi added x1 §2Sage in auction for 2400000.
[16:44:18] > giyahnpogi added x1 §x§3§4§9§8§D§Bᴘɪɢ ꜱᴘᴀᴡɴᴇʀ in auction for 1000000.
[16:54:17] > Zypher_0w0 added x64 Wither skeleton skull in auction for 320000.
[16:54:31] > Zypher_0w0 added x64 Wither skeleton skull in auction for 320000.
[16:55:02] > giyahnpogi remove x1 §x§3§4§9§8§D§Bɪʀᴏɴ ɢᴏʟᴇᴍ ꜱᴘᴀᴡɴᴇʀ from storage
[16:55:07] > giyahnpogi remove x1 §x§3§4§9§8§D§Bɪʀᴏɴ ɢᴏʟᴇᴍ ꜱᴘᴀᴡɴᴇʀ from expire
[16:55:15] > giyahnpogi added x1 §x§3§4§9§8§D§Bɪʀᴏɴ ɢᴏʟᴇᴍ ꜱᴘᴀᴡɴᴇʀ in auction for 2000000.
[16:55:29] > giyahnpogi remove x1 §x§F§F§3§E§0§0§lD§x§F§F§3§6§0§0§le§x§F§F§2§F§0§0§lm§x§F§F§2§7§0§0§lo§x§F§F§1§F§0§0§ln §x§F§F§1§0§0§0§lL§x§F§F§0§8§0§0§lo§x§F§F§0§0§0§0§lr§x§F§F§0§8§0§0§ld §x§F§F§1§7§0§0§lH§x§F§F§1§F§0§0§le§x§F§F§2§7§0§0§ll§x§F§F§2§F§0§0§lm§x§F§F§3§6§0§0§le§x§F§F§3§E§0§0§lt from expire
[16:55:29] > giyahnpogi remove x1 §x§F§F§3§E§0§0§lD§x§F§F§3§6§0§0§le§x§F§F§2§F§0§0§lm§x§F§F§2§7§0§0§lo§x§F§F§1§F§0§0§ln §x§F§F§1§0§0§0§lL§x§F§F§0§8§0§0§lo§x§F§F§0§0§0§0§lr§x§F§F§0§9§0§0§ld §x§F§F§1§B§0§0§lB§x§F§F§2§3§0§0§lo§x§F§F§2§C§0§0§lo§x§F§F§3§5§0§0§lt§x§F§F§3§E§0§0§ls from expire
[16:55:35] > giyahnpogi added x1 §x§F§F§3§E§0§0§lD§x§F§F§3§6§0§0§le§x§F§F§2§F§0§0§lm§x§F§F§2§7§0§0§lo§x§F§F§1§F§0§0§ln §x§F§F§1§0§0§0§lL§x§F§F§0§8§0§0§lo§x§F§F§0§0§0§0§lr§x§F§F§0§8§0§0§ld §x§F§F§1§7§0§0§lH§x§F§F§1§F§0§0§le§x§F§F§2§7§0§0§ll§x§F§F§2§F§0§0§lm§x§F§F§3§6§0§0§le§x§F§F§3§E§0§0§lt in auction for 1000000.
[16:55:53] > giyahnpogi added x1 §x§F§F§3§E§0§0§lD§x§F§F§3§6§0§0§le§x§F§F§2§F§0§0§lm§x§F§F§2§7§0§0§lo§x§F§F§1§F§0§0§ln §x§F§F§1§0§0§0§lL§x§F§F§0§8§0§0§lo§x§F§F§0§0§0§0§lr§x§F§F§0§9§0§0§ld §x§F§F§1§B§0§0§lB§x§F§F§2§3§0§0§lo§x§F§F§2§C§0§0§lo§x§F§F§3§5§0§0§lt§x§F§F§3§E§0§0§ls in auction for 1000000.
[17:03:25] > 8it5inn remove x1 §x§3§4§9§8§D§Bꜱʜᴇᴇᴘ ꜱᴘᴀᴡɴᴇʀ from buy
[17:03:26] > 8it5inn remove x1 §x§3§4§9§8§D§Bꜱᴋᴇʟᴇᴛᴏɴ ꜱᴘᴀᴡɴᴇʀ from buy
[17:03:26] > 8it5inn remove x1 §x§3§4§9§8§D§Bꜱᴋᴇʟᴇᴛᴏɴ ꜱᴘᴀᴡɴᴇʀ from buy
[17:03:27] > 8it5inn remove x1 §x§3§4§9§8§D§Bꜱᴋᴇʟᴇᴛᴏɴ ꜱᴘᴀᴡɴᴇʀ from buy
[17:03:33] > 8it5inn added x1 §x§3§4§9§8§D§Bꜱʜᴇᴇᴘ ꜱᴘᴀᴡɴᴇʀ in auction for 10.
[17:03:35] > Trapers1 buy x1 §x§3§4§9§8§D§Bꜱʜᴇᴇᴘ ꜱᴘᴀᴡɴᴇʀ to 8it5inn for $10.
[17:04:22] > Trashcan buy x1 §x§F§0§7§A§5§4§lZombie Apocalyptic Key to Lopa21 for $50,000.
[17:06:04] > Trapers1 remove x1 §x§3§4§9§8§D§Bꜱʜᴇᴇᴘ ꜱᴘᴀᴡɴᴇʀ form buy
[17:06:04] > Trapers1 remove x1 Silence armor trim smithing template form buy
[17:23:10] > x1 Luruca Cat ver. on sale by Luruca has just expired, it goes in the inventory of expired items.
[17:27:00] > nagiiish added x1 Elytra in auction for 2500000.
[17:30:03] > x1 §x§E§5§1§B§1§B§lDracula Dagger on sale by waldoo303 has just expired, it goes in the inventory of expired items.
[17:30:40] > x1 Silence armor trim smithing template on sale by Johng10910 has just expired, it goes in the inventory of expired items.
[17:32:58] > x1 Enchanted book, bought by AxoLittle, has just expired, the item is definitively deleted.
[17:32:59] > kysicx remove x1 §fBee Plushie §6(#9/101) from buy
[17:33:00] > kysicx remove x1 §fEvoker Plushie §6(#34/101) from buy
[17:36:33] > x1 D.I.Y. "Nebula" on sale by Luruca has just expired, it goes in the inventory of expired items.
[17:42:58] > johnowenz1 buy x1 Enchanted book to Antonie657 for $5,000.
[17:43:02] > Zypher_0w0 added x1 Leather in auction for 85000.
[17:43:04] > johnowenz1 remove x1 Enchanted book from buy
[17:44:19] > Mugiwara22 buy x1 §x§3§4§9§8§D§Bɪʀᴏɴ ɢᴏʟᴇᴍ ꜱᴘᴀᴡɴᴇʀ to giyahnpogi for $2,000,000.
[17:45:04] > Mugiwara22 buy x1 Elytra to nagiiish for $2,500,000.
[17:46:08] > Mugiwara22 remove x1 §x§3§4§9§8§D§Bɪʀᴏɴ ɢᴏʟᴇᴍ ꜱᴘᴀᴡɴᴇʀ from buy
[17:46:10] > Mugiwara22 remove x1 Elytra from buy
[17:51:15] > Blinkrzz added x64 Melon slice in auction for 5000.
[17:52:34] > Blinkrzz added x64 Quartz block in auction for 10000.
[18:13:41] > rreij added x5 §x§F§C§D§0§5§C§lB§x§E§6§D§3§6§B§la§x§C§F§D§5§7§A§ls§x§B§9§D§8§8§9§li§x§A§2§D§A§9§8§lc §x§7§5§D§F§B§6§lC§x§5§F§E§2§C§5§lr§x§7§5§D§F§B§6§la§x§8§C§D§D§A§7§lt§x§A§2§D§A§9§8§le §x§C§F§D§5§7§A§lK§x§E§6§D§3§6§B§le§x§F§C§D§0§5§C§ly in auction for 150000.
[18:13:57] > rreij added x5 §x§F§C§9§0§5§C§lE§x§E§6§9§C§6§B§lp§x§C§F§A§7§7§A§li§x§B§9§B§3§8§9§lc §x§8§C§C§B§A§7§lC§x§7§5§D§6§B§6§lr§x§5§F§E§2§C§5§la§x§7§9§D§4§B§4§lt§x§9§3§C§7§A§2§le §x§C§8§A§B§7§F§lK§x§E§2§9§E§6§E§le§x§F§C§9§0§5§C§ly in auction for 200000.
[18:16:40] > Keeos buy x1 §x§3§4§9§8§D§Bᴘɪɢ ꜱᴘᴀᴡɴᴇʀ to giyahnpogi for $1,000,000.
[18:16:50] > Keeos remove x1 §x§3§4§9§8§D§Bᴘɪɢ ꜱᴘᴀᴡɴᴇʀ from buy
[18:17:42] > johnowenz1 added x1 Flow armor trim smithing template in auction for 100000.
[18:18:26] > johnowenz1 remove x1 Flow armor trim smithing template from storage
[18:18:27] > johnowenz1 remove x4 Trial key from storage
[18:21:32] > johnowenz1 added x5 Trial key in auction for 100000.
[18:21:44] > johnowenz1 remove x5 Trial key from storage
[18:21:55] > johnowenz1 added x5 Trial key in auction for 50000.
[18:23:18] > Arthur buy x1 Diamond axe to nachfaust for $25,000.
[18:23:25] > Arthur remove x1 Diamond axe from buy
[18:23:43] > x1 §x§F§F§7§C§0§0§lSteamsparks Halberd, item of .JoshuaCraft9422, has just expired, the item is definitively deleted.
[18:23:43] > x1 §9§lSquid Tentacle, item of .Didoy12345, has just expired, the item is definitively deleted.
[18:23:43] > x1 §f§l§8B§x§5§F§5§F§5§Fa§x§6§9§6§9§6§9h§x§7§3§7§3§7§3a§x§7§D§7§D§7§Dm§x§8§7§8§7§8§7u§x§9§1§9§1§9§1t§x§9§B§9§B§9§B §x§A§5§A§5§A§5Ch§x§9§B§9§B§9§Be§x§9§1§9§1§9§1s§x§8§7§8§7§8§7t§x§7§D§7§D§7§Dp§x§7§3§7§3§7§3l§x§6§9§6§9§6§9a§x§5§F§5§F§5§Ft§8e, item of Zee_, has just expired, the item is definitively deleted.
[18:23:43] > x1 §9§lSquid Tentacle, item of .Didoy12345, has just expired, the item is definitively deleted.
[18:25:28] > x1 §x§E§5§1§B§1§B§lDracula Leggings on sale by EnderDragon0120 has just expired, it goes in the inventory of expired items.
[18:28:06] > johnowenz1 added x1 §x§F§F§3§E§0§0§lSellwand Voucher in auction for 20000.
[18:28:11] > Fogstrap buy x1 §x§F§F§3§E§0§0§lSellwand Voucher to johnowenz1 for $20,000.
[18:28:41] > belvi__ added x1 §x§F§F§3§E§0§0§lSellwand Voucher in auction for 700000.
[18:28:51] > YooRushy added x1 §x§F§F§5§5§0§0§lsᴇʟʟᴡᴀɴᴅ §6- 10.0x in auction for 1500000.
[18:29:04] > johnowenz1 remove x5 Trial key form storage
[18:29:16] > rreij added x1 §x§F§F§3§E§0§0§lSellwand Voucher in auction for 500000.
[18:29:24] > Hunter_Sung buy x1 §x§F§F§3§E§0§0§lSellwand Voucher to rreij for $500,000.
[18:29:36] > scarlettti added x1 §fHorse Plushie §6(#45/101) in auction for 20000.
[18:29:39] > belvi__ added x2 §c§lPlatinum Lure in auction for 100000.
[18:29:50] > king_ARK buy x2 §c§lPlatinum Lure to belvi__ for $100,000.
[18:29:56] > johnowenz1 added x1 §x§F§F§5§5§0§0§lsᴇʟʟᴡᴀɴᴅ §6- 5.0x in auction for 450000.
[18:31:30] > Fogstrap remove x1 §f§l§x§8§A§0§0§F§FS§x§9§5§0§0§E§4h§x§A§0§0§0§C§9i§x§A§B§0§0§A§En§x§B§6§0§0§9§4e§x§C§1§0§0§7§9 §x§C§C§0§0§5§EO§x§D§7§0§0§4§3n§x§E§2§0§0§2§8i§x§E§D§0§0§0§D C§x§E§2§0§0§2§8h§x§D§7§0§0§4§3e§x§C§C§0§0§5§Es§x§C§1§0§0§7§9t§x§B§6§0§0§9§4p§x§A§B§0§0§A§El§x§A§0§0§0§C§9a§x§9§5§0§0§E§4t§x§8§A§0§0§F§Fe form buy
[18:31:30] > Fogstrap remove x1 Silence armor trim smithing template form buy
[18:31:30] > Fogstrap remove x1 §x§F§F§3§E§0§0§lSellwand Voucher form buy
[18:32:01] > rreij added x1 §x§5§9§A§1§D§9§lA§x§7§1§A§E§D§Er§x§8§8§B§C§E§4c§x§A§0§C§9§E§9h§x§B§8§D§7§E§Fa§x§D§0§E§4§F§4n§x§E§7§F§2§F§Ag§fe§x§E§7§F§2§F§Al §x§B§8§D§7§E§FW§x§A§0§C§9§E§9i§x§8§8§B§C§E§4n§x§7§1§A§E§D§Eg§x§5§9§A§1§D§9s in auction for 1000000.
[18:32:04] > Fogstrap buy x1 §x§5§9§A§1§D§9§lA§x§7§1§A§E§D§Er§x§8§8§B§C§E§4c§x§A§0§C§9§E§9h§x§B§8§D§7§E§Fa§x§D§0§E§4§F§4n§x§E§7§F§2§F§Ag§fe§x§E§7§F§2§F§Al §x§B§8§D§7§E§FW§x§A§0§C§9§E§9i§x§8§8§B§C§E§4n§x§7§1§A§E§D§Eg§x§5§9§A§1§D§9s to rreij for $1,000,000.
[18:33:20] > johnowenz1 remove x1 §x§F§F§5§5§0§0§lsᴇʟʟᴡᴀɴᴅ §6- 5.0x from storage
[18:34:16] > johnowenz1 added x1 §x§F§F§5§5§0§0§lsᴇʟʟᴡᴀɴᴅ §6- 5.0x in auction for 250000.
[18:34:20] > Fogstrap buy x1 §x§F§F§5§5§0§0§lsᴇʟʟᴡᴀɴᴅ §6- 5.0x to johnowenz1 for $250,000.
[18:34:39] > rreij buy x1 §f§l§x§F§A§0§0§0§AD§x§F§A§1§E§1§6a§x§F§B§3§B§2§1r§x§F§B§5§9§2§Dk§x§F§B§7§7§3§9f§x§F§B§9§5§4§5l§x§F§C§B§2§5§0a§x§F§C§D§0§5§Cm§x§F§C§B§2§5§0e§x§F§B§9§5§4§5 §x§F§B§7§7§3§9S§x§F§B§5§9§2§Dw§x§F§B§3§B§2§1o§x§F§A§1§E§1§6r§x§F§A§0§0§0§Ad to Anc_Kyoto for $1,500,000.
[18:34:45] > rreij remove x5 §x§F§C§D§0§5§C§lB§x§E§6§D§3§6§B§la§x§C§F§D§5§7§A§ls§x§B§9§D§8§8§9§li§x§A§2§D§A§9§8§lc §x§7§5§D§F§B§6§lC§x§5§F§E§2§C§5§lr§x§7§5§D§F§B§6§la§x§8§C§D§D§A§7§lt§x§A§2§D§A§9§8§le §x§C§F§D§5§7§A§lK§x§E§6§D§3§6§B§le§x§F§C§D§0§5§C§ly form storage
[18:34:45] > rreij remove x5 §x§F§C§9§0§5§C§lE§x§E§6§9§C§6§B§lp§x§C§F§A§7§7§A§li§x§B§9§B§3§8§9§lc §x§8§C§C§B§A§7§lC§x§7§5§D§6§B§6§lr§x§5§F§E§2§C§5§la§x§7§9§D§4§B§4§lt§x§9§3§C§7§A§2§le §x§C§8§A§B§7§F§lK§x§E§2§9§E§6§E§le§x§F§C§9§0§5§C§ly form storage
[18:35:22] > x1 §x§F§F§5§5§0§0§lsᴇʟʟᴡᴀɴᴅ §6- 5.0x on sale by MasterElrel has just expired, it goes in the inventory of expired items.
[18:35:26] > rreij added x5 §x§F§C§D§0§5§C§lB§x§E§6§D§3§6§B§la§x§C§F§D§5§7§A§ls§x§B§9§D§8§8§9§li§x§A§2§D§A§9§8§lc §x§7§5§D§F§B§6§lC§x§5§F§E§2§C§5§lr§x§7§5§D§F§B§6§la§x§8§C§D§D§A§7§lt§x§A§2§D§A§9§8§le §x§C§F§D§5§7§A§lK§x§E§6§D§3§6§B§le§x§F§C§D§0§5§C§ly in auction for 100000.
[18:35:46] > rreij added x5 §x§F§C§9§0§5§C§lE§x§E§6§9§C§6§B§lp§x§C§F§A§7§7§A§li§x§B§9§B§3§8§9§lc §x§8§C§C§B§A§7§lC§x§7§5§D§6§B§6§lr§x§5§F§E§2§C§5§la§x§7§9§D§4§B§4§lt§x§9§3§C§7§A§2§le §x§C§8§A§B§7§F§lK§x§E§2§9§E§6§E§le§x§F§C§9§0§5§C§ly in auction for 150000.
[18:36:14] > Hunter_Sung remove x1 §x§F§F§3§E§0§0§lSellwand Voucher from buy
[18:36:16] > rreij remove x1 §f§l§x§F§A§0§0§0§AD§x§F§A§1§E§1§6a§x§F§B§3§B§2§1r§x§F§B§5§9§2§Dk§x§F§B§7§7§3§9f§x§F§B§9§5§4§5l§x§F§C§B§2§5§0a§x§F§C§D§0§5§Cm§x§F§C§B§2§5§0e§x§F§B§9§5§4§5 §x§F§B§7§7§3§9S§x§F§B§5§9§2§Dw§x§F§B§3§B§2§1o§x§F§A§1§E§1§6r§x§F§A§0§0§0§Ad from buy
[18:36:26] > Ryzxc remove x1 Enchanted book from buy
[18:36:33] > Ryzxc added x1 Enchanted book in auction for 1000.
[18:36:42] > Weeiyne buy x1 Enchanted book to Ryzxc for $1,000.
[18:37:09] > Zaanii_ added x1 Axolotl bucket in auction for 60000.
[18:37:16] > kysicx buy x1 Axolotl bucket to Zaanii_ for $60,000.
[18:37:34] > 3xdmge added x5 §x§F§C§9§0§5§C§lE§x§E§6§9§C§6§B§lp§x§C§F§A§7§7§A§li§x§B§9§B§3§8§9§lc §x§8§C§C§B§A§7§lC§x§7§5§D§6§B§6§lr§x§5§F§E§2§C§5§la§x§7§9§D§4§B§4§lt§x§9§3§C§7§A§2§le §x§C§8§A§B§7§F§lK§x§E§2§9§E§6§E§le§x§F§C§9§0§5§C§ly in auction for 150000.
[18:37:47] > kysicx remove x1 Axolotl bucket from buy
[18:38:03] > Zaiil buy x1 §eʙʟᴀᴢᴇ sᴘᴀᴡɴᴇʀ to UnavailableTest for $1,000,000.
[18:38:41] > Zaiil remove x1 §eʙʟᴀᴢᴇ sᴘᴀᴡɴᴇʀ from buy
[18:39:37] > johnowenz1 added x5 Trial key in auction for 30000.
[18:42:01] > tic_sz buy x4 §3§lDolphin Tail to Xavier881 for $300,000.
[18:43:04] > MorningSakura buy x1 Fishing rod to nachfaust for $10,000.
[18:45:04] > tic_sz remove x4 §3§lDolphin Tail from buy
[18:45:13] > Ryzxc added x64 Cooked beef in auction for 1000.
[18:45:18] > InternetCafeUser buy x64 Cooked beef to Ryzxc for $1,000.
[18:45:27] > Ryzxc added x64 Cooked beef in auction for 1500.
[18:45:32] > Weeiyne buy x64 Cooked beef to Ryzxc for $1,500.
[18:45:46] > Ryzxc added x64 Cooked beef in auction for 1500.
[18:45:50] > Weeiyne remove x1 §x§E§5§1§B§1§B§lDracula Spear form storage
[18:45:55] > Weeiyne buy x64 Cooked beef to Ryzxc for $1,500.
[18:45:59] > Ryzxc added x64 Cooked beef in auction for 1500.
[18:46:03] > Weeiyne buy x64 Cooked beef to Ryzxc for $1,500.
[18:46:09] > Ryzxc added x64 Cooked beef in auction for 1500.
[18:46:20] > Weeiyne buy x64 Cooked beef to Ryzxc for $1,500.
[18:46:22] > Ryzxc added x64 Cooked beef in auction for 1500.
[18:46:25] > aroraru remove x6 Wind charge from storage
[18:46:33] > Weeiyne buy x64 Cooked beef to Ryzxc for $1,500.
[18:46:36] > Ryzxc added x64 Cooked beef in auction for 1500.
[18:46:48] > Ryzxc added x64 Cooked beef in auction for 1500.
[18:46:54] > aroraru added x64 Wind charge in auction for 64646.
[18:46:55] > scarlettti buy x64 Cooked beef to Ryzxc for $1,500.
[18:47:01] > Ryzxc added x64 Cooked beef in auction for 1500.
[18:47:08] > scarlettti remove x26 Cooked beef form buy
[18:47:09] > Weeiyne buy x64 Cooked beef to Ryzxc for $1,500.
[18:47:14] > Weeiyne buy x64 Cooked beef to Ryzxc for $1,500.
[18:47:16] > Ryzxc added x7 Cooked beef in auction for 50.
[18:47:20] > Weeiyne buy x7 Cooked beef to Ryzxc for $50.
[18:49:08] > aroraru added x1 §x§F§F§5§5§0§0§lsᴇʟʟᴡᴀɴᴅ §6- 20.0x in auction for 100000000.
[18:51:21] > Ryzxc added x3 Porkchop in auction for 10.
[18:51:48] > Ryzxc added x64 Beef in auction for 500.
[18:55:22] > Ryzxc added x1 Azalea in auction for 10.
[18:56:08] > Zypher_0w0 buy x1 §x§F§F§3§E§0§0§lSellwand Voucher to belvi__ for $700,000.
[18:56:13] > Zypher_0w0 remove x1 §x§F§F§3§E§0§0§lSellwand Voucher from buy
[19:05:36] > Zaanii_ added x1 §x§F§F§3§E§0§0§lD§x§F§F§3§6§0§0§le§x§F§F§2§F§0§0§lm§x§F§F§2§7§0§0§lo§x§F§F§1§F§0§0§ln §x§F§F§1§0§0§0§lL§x§F§F§0§8§0§0§lo§x§F§F§0§0§0§0§lr§x§F§F§0§8§0§0§ld §x§F§F§1§7§0§0§lS§x§F§F§1§F§0§0§lh§x§F§F§2§7§0§0§li§x§F§F§2§F§0§0§le§x§F§F§3§6§0§0§ll§x§F§F§3§E§0§0§ld in auction for 100000.
[19:07:52] > BlueTea_Official added x1 Sniffer egg in auction for 1500000.
[19:09:01] > Zaanii_ added x1 §x§3§4§9§8§D§Bᴘɪɢ ꜱᴘᴀᴡɴᴇʀ in auction for 400000.
[19:09:14] > Zaanii_ added x1 §x§3§4§9§8§D§Bᴄʜɪᴄᴋᴇɴ ꜱᴘᴀᴡɴᴇʀ in auction for 300000.
[19:25:25] > Zaanii_ remove x1 §x§F§F§3§E§0§0§lD§x§F§F§3§6§0§0§le§x§F§F§2§F§0§0§lm§x§F§F§2§7§0§0§lo§x§F§F§1§F§0§0§ln §x§F§F§1§0§0§0§lL§x§F§F§0§8§0§0§lo§x§F§F§0§0§0§0§lr§x§F§F§0§8§0§0§ld §x§F§F§1§7§0§0§lS§x§F§F§1§F§0§0§lh§x§F§F§2§7§0§0§li§x§F§F§2§F§0§0§le§x§F§F§3§6§0§0§ll§x§F§F§3§E§0§0§ld from storage
[19:39:37] > Renzy01 added x1 §f§l§x§8§A§0§0§F§FS§x§9§C§0§0§D§5h§x§A§D§0§0§A§Ai§x§B§F§0§0§8§0n§x§D§0§0§0§5§5e§x§E§2§0§0§2§B §x§F§3§0§0§0§0O§x§E§2§0§0§2§An§x§D§0§0§0§5§5i§x§B§F§0§0§8§0 §x§A§D§0§0§A§AH§x§9§C§0§0§D§5o§x§8§A§0§0§F§Fe in auction for 1000000.
[19:42:10] > nebula12321 buy x1 Regeneration to .Allxnzv for $50,000.
[19:44:44] > Blinkrzz added x2 §c§lPlatinum Lure in auction for 1500000.
[19:48:04] > Blinkrzz remove x64 Melon slice from storage
[19:48:20] > Blinkrzz remove x1 §x§5§9§A§1§D§9§lA§x§7§1§A§E§D§Er§x§8§8§B§C§E§4c§x§A§0§C§9§E§9h§x§B§8§D§7§E§Fa§x§D§0§E§4§F§4n§x§E§7§F§2§F§Ag§fe§x§E§7§F§2§F§Al §x§B§8§D§7§E§FB§x§A§0§C§9§E§9o§x§8§8§B§C§E§4o§x§7§1§A§E§D§Et§x§5§9§A§1§D§9s from storage
[19:48:41] > Blinkrzz added x1 §x§5§9§A§1§D§9§lA§x§7§1§A§E§D§Er§x§8§8§B§C§E§4c§x§A§0§C§9§E§9h§x§B§8§D§7§E§Fa§x§D§0§E§4§F§4n§x§E§7§F§2§F§Ag§fe§x§E§7§F§2§F§Al §x§B§8§D§7§E§FB§x§A§0§C§9§E§9o§x§8§8§B§C§E§4o§x§7§1§A§E§D§Et§x§5§9§A§1§D§9s in auction for 4100000.
[19:48:53] > Blinkrzz added x64 Experience bottle in auction for 110000.
[19:53:41] > ReKYee buy x1 §x§F§F§3§E§0§0§lD§x§F§F§3§6§0§0§le§x§F§F§2§F§0§0§lm§x§F§F§2§7§0§0§lo§x§F§F§1§F§0§0§ln §x§F§F§1§0§0§0§lL§x§F§F§0§8§0§0§lo§x§F§F§0§0§0§0§lr§x§F§F§0§8§0§0§ld §x§F§F§1§7§0§0§lS§x§F§F§1§F§0§0§lh§x§F§F§2§7§0§0§lo§x§F§F§2§F§0§0§lv§x§F§F§3§6§0§0§le§x§F§F§3§E§0§0§ll to monggol for $100,000.
[19:54:29] > ReKYee remove x1 §x§F§F§3§E§0§0§lD§x§F§F§3§6§0§0§le§x§F§F§2§F§0§0§lm§x§F§F§2§7§0§0§lo§x§F§F§1§F§0§0§ln §x§F§F§1§0§0§0§lL§x§F§F§0§8§0§0§lo§x§F§F§0§0§0§0§lr§x§F§F§0§8§0§0§ld §x§F§F§1§7§0§0§lS§x§F§F§1§F§0§0§lh§x§F§F§2§7§0§0§lo§x§F§F§2§F§0§0§lv§x§F§F§3§6§0§0§le§x§F§F§3§E§0§0§ll from buy
[19:59:58] > Ryzxc added x1 Music disc creator in auction for 1000.
[20:00:08] > Ryzxc added x1 Diamond chestplate in auction for 5000.
[20:09:39] > Ryzxc added x1 Diamond chestplate in auction for 2000.
[20:10:38] > Mugiwara22 buy x1 Music disc creator to Ryzxc for $1,000.
[20:10:43] > Mugiwara22 remove x1 Music disc creator from buy
[20:13:36] > Ryzxc added x4 Trial key in auction for 2000.
[20:26:57] > HwanYo remove x1 §x§F§F§5§5§0§0§lsᴇʟʟᴡᴀɴᴅ §6- 10.0x from buy
[20:33:30] > x1 §c§lElmo on sale by giyahnpogi has just expired, it goes in the inventory of expired items.
[20:39:42] > nebula12321 buy x1 Shulker box to Kaynn for $300,000.
[20:39:47] > nebula12321 remove x1 Shulker box from buy
[20:39:53] > nebula12321 remove x1 Regeneration from buy
[20:42:09] > younglion1224 buy x64 Wind charge to aroraru for $64,646.
[20:42:16] > younglion1224 remove x64 Wind charge from buy
[20:42:40] > kuba11004 buy x3 Porkchop to Ryzxc for $10.
[20:45:48] > k000k444k remove x10 §bEntropy Crystal §8(§310,000§8) from storage
[20:45:49] > k000k444k remove x10 §bEntropy Crystal §8(§310,000§8) from storage
[20:45:49] > k000k444k remove x10 §bEntropy Crystal §8(§310,000§8) from storage
[20:45:49] > k000k444k remove x10 §bEntropy Crystal §8(§310,000§8) from storage
[20:45:49] > k000k444k remove x10 §bEntropy Crystal §8(§310,000§8) from storage
[20:46:26] > k000k444k added x10 §bEntropy Crystal §8(§310,000§8) in auction for 880000.
[20:46:37] > k000k444k added x10 §bEntropy Crystal §8(§310,000§8) in auction for 880000.
[20:46:47] > k000k444k added x10 §bEntropy Crystal §8(§310,000§8) in auction for 880000.
[20:46:57] > k000k444k added x10 §bEntropy Crystal §8(§310,000§8) in auction for 880000.
[20:47:09] > k000k444k added x10 §bEntropy Crystal §8(§310,000§8) in auction for 880000.
[20:47:38] > k000k444k remove x10 §bEntropy Crystal §8(§310,000§8) from storage
[20:47:39] > k000k444k remove x10 §bEntropy Crystal §8(§310,000§8) from storage
[20:47:40] > k000k444k remove x10 §bEntropy Crystal §8(§310,000§8) from storage
[20:47:41] > k000k444k remove x10 §bEntropy Crystal §8(§310,000§8) from storage
[20:47:41] > k000k444k remove x10 §bEntropy Crystal §8(§310,000§8) from storage
[20:47:54] > x1 §x§E§E§0§0§0§0§lᴜɴʟɪᴍɪᴛᴇᴅ sᴇʟʟᴡᴀɴᴅ, item of .VisedSauce5790, has just expired, the item is definitively deleted.
[20:47:55] > k000k444k remove x10 §bEntropy Crystal §8(§310,000§8) from expire
[20:47:55] > k000k444k remove x10 §bEntropy Crystal §8(§310,000§8) from expire
[20:47:56] > k000k444k remove x10 §bEntropy Crystal §8(§310,000§8) from expire
[20:47:57] > k000k444k remove x10 §bEntropy Crystal §8(§310,000§8) from expire
[20:47:57] > k000k444k remove x10 §bEntropy Crystal §8(§310,000§8) from expire
[20:51:27] > ryise added x1 §x§E§5§1§B§1§B§lDracula Shovel in auction for 300000.
[21:09:53] > Enyara added x1 §x§F§F§5§5§0§0§lsᴇʟʟᴡᴀɴᴅ §6- 5.0x in auction for 400000.
[21:16:00] > tic_sz added x1 Enchanted book in auction for 10.
[21:16:11] > JinSoul15 buy x1 Enchanted book to tic_sz for $10.
[21:39:17] > aroraru added x63 Wind charge in auction for 63636.
[21:40:25] > Hunter_Sung remove x1 Fully Enchanted Wukong Armor Set from expire
[21:50:05] > nebula12321 buy x64 Experience bottle to Blinkrzz for $110,000.
[21:50:10] > nebula12321 remove x64 Experience bottle from buy
[21:55:01] > x1 Netherite Ingot 4sale - msg @tic_sz/Sunraku on sale by tic_sz has just expired, it goes in the inventory of expired items.
[21:55:52] > Takeremu added x4 §3§lDolphin Tail in auction for 320000.
[21:55:57] > Fogstrap buy x4 §3§lDolphin Tail to Takeremu for $320,000.
[21:56:03] > Takeremu added x4 §3§lDolphin Tail in auction for 320000.
[21:56:07] > tic_sz buy x4 §3§lDolphin Tail to Takeremu for $320,000.
[21:56:13] > aroraru buy x64 Beef to Ryzxc for $500.
[21:56:14] > Takeremu added x4 §3§lDolphin Tail in auction for 320000.
[21:56:15] > tic_sz remove x4 §3§lDolphin Tail from buy
[21:56:23] > aroraru buy x60 Quartz to notnicov_2 for $500.
[21:56:25] > Takeremu added x4 §3§lDolphin Tail in auction for 320000.
[21:56:33] > tic_sz buy x4 §3§lDolphin Tail to Takeremu for $320,000.
[21:56:39] > tic_sz remove x4 §3§lDolphin Tail from buy
[21:58:36] > aroraru added x1 Flow armor trim smithing template in auction for 100000.
[21:58:54] > Ryzxc remove x1 Azalea from storage
[21:59:20] > Takeremu added x64 Experience bottle in auction for 80000.
[21:59:35] > Takeremu added x64 Experience bottle in auction for 80000.
[22:03:02] > 3xdmge buy x64 Experience bottle to Takeremu for $80,000.
[22:03:04] > 3xdmge buy x64 Experience bottle to Takeremu for $80,000.
[22:03:08] > 3xdmge remove x64 Experience bottle from buy
[22:03:10] > 3xdmge remove x64 Experience bottle from buy
[22:05:18] > Takeremu added x64 Experience bottle in auction for 80000.
[22:05:27] > nebula12321 buy x64 Experience bottle to Takeremu for $80,000.
[22:05:32] > Takeremu added x64 Experience bottle in auction for 80000.
[22:05:48] > Takeremu added x64 Experience bottle in auction for 80000.
[22:06:00] > 3xdmge buy x64 Experience bottle to Takeremu for $80,000.
[22:06:04] > JinSoul15 buy x64 Experience bottle to Takeremu for $80,000.
[22:06:04] > 3xdmge remove x28 Experience bottle from buy
[22:06:18] > JinSoul15 remove x64 Experience bottle from buy
[22:06:46] > Takeremu added x64 Experience bottle in auction for 80000.
[22:06:51] > JinSoul15 buy x64 Experience bottle to Takeremu for $80,000.
[22:06:56] > JinSoul15 remove x64 Experience bottle from buy
[22:06:58] > Takeremu added x64 Experience bottle in auction for 80000.
[22:07:01] > JinSoul15 buy x64 Experience bottle to Takeremu for $80,000.
[22:07:08] > JinSoul15 remove x64 Experience bottle from buy
[22:07:09] > Takeremu added x64 Experience bottle in auction for 80000.
[22:07:13] > JinSoul15 buy x64 Experience bottle to Takeremu for $80,000.
[22:07:28] > .JakeTheMiner457 remove x1 Dune armor trim smithing template from storage
[22:07:48] > .JakeTheMiner457 remove x1 Netherite upgrade smithing template from storage
[22:07:51] > Takeremu added x64 Experience bottle in auction for 80000.
[22:07:58] > .JakeTheMiner457 remove x1 Sentry armor trim smithing template from storage
[22:08:07] > .JakeTheMiner457 remove x1 Flow armor trim smithing template from storage
[22:08:35] > x1 Music disc 13, item of FLaMesd, has just expired, the item is definitively deleted.
[22:09:03] > .JakeTheMiner457 remove x1 Flow armor trim smithing template form expire
[22:09:03] > .JakeTheMiner457 remove x1 Music disc 13 form expire
[22:09:03] > .JakeTheMiner457 remove x1 Sentry armor trim smithing template form expire
[22:09:03] > .JakeTheMiner457 remove x1 Dune armor trim smithing template form expire
[22:09:03] > .JakeTheMiner457 remove x1 Netherite upgrade smithing template form expire
[22:09:28] > JinSoul15 buy x64 Experience bottle to Takeremu for $80,000.
[22:09:34] > JinSoul15 remove x64 Experience bottle from buy
[22:09:34] > JinSoul15 remove x64 Experience bottle from buy
[22:09:37] > .JakeTheMiner457 added x5 Dune armor trim smithing template in auction for 320000.
[22:17:26] > x1 Shulker box on sale by tic_sz has just expired, it goes in the inventory of expired items.
[22:17:29] > Trapers1 remove x1 §x§5§9§A§1§D§9§lA§x§6§E§A§D§D§Er§x§8§3§B§9§E§3c§x§9§7§C§4§E§7h§x§A§C§D§0§E§Ca§x§C§1§D§C§F§1n§x§D§6§E§8§F§6g§x§E§A§F§3§F§Ae§fl §x§D§0§E§4§F§4H§x§B§8§D§7§E§Fa§x§A§0§C§9§E§9m§x§8§8§B§C§E§4m§x§7§1§A§E§D§Ee§x§5§9§A§1§D§9r form storage
[22:17:29] > Trapers1 remove x1 §f§l§8B§x§6§4§6§4§6§4a§x§7§4§7§4§7§4h§x§8§3§8§3§8§3a§x§9§3§9§3§9§3m§x§A§2§A§2§A§2ut§x§9§3§9§3§9§3 §x§8§3§8§3§8§3M§x§7§4§7§4§7§4a§x§6§4§6§4§6§4c§8e form storage
[22:17:29] > Trapers1 remove x1 The Smasher. form storage
[22:17:35] > Trapers1 added x1 §x§5§9§A§1§D§9§lA§x§6§E§A§D§D§Er§x§8§3§B§9§E§3c§x§9§7§C§4§E§7h§x§A§C§D§0§E§Ca§x§C§1§D§C§F§1n§x§D§6§E§8§F§6g§x§E§A§F§3§F§Ae§fl §x§D§0§E§4§F§4H§x§B§8§D§7§E§Fa§x§A§0§C§9§E§9m§x§8§8§B§C§E§4m§x§7§1§A§E§D§Ee§x§5§9§A§1§D§9r in auction for 500000.
[22:17:53] > Trapers1 added x1 §f§l§8B§x§6§4§6§4§6§4a§x§7§4§7§4§7§4h§x§8§3§8§3§8§3a§x§9§3§9§3§9§3m§x§A§2§A§2§A§2ut§x§9§3§9§3§9§3 §x§8§3§8§3§8§3M§x§7§4§7§4§7§4a§x§6§4§6§4§6§4c§8e in auction for 500000.
[22:18:03] > Trapers1 added x1 The Smasher. in auction for 500000.
[22:20:38] > JinSoul15 buy x1 §f§l§8B§x§6§4§6§4§6§4a§x§7§4§7§4§7§4h§x§8§3§8§3§8§3a§x§9§3§9§3§9§3m§x§A§2§A§2§A§2ut§x§9§3§9§3§9§3 §x§8§3§8§3§8§3M§x§7§4§7§4§7§4a§x§6§4§6§4§6§4c§8e to Trapers1 for $500,000.
[22:20:47] > JinSoul15 remove x1 §f§l§8B§x§6§4§6§4§6§4a§x§7§4§7§4§7§4h§x§8§3§8§3§8§3a§x§9§3§9§3§9§3m§x§A§2§A§2§A§2ut§x§9§3§9§3§9§3 §x§8§3§8§3§8§3M§x§7§4§7§4§7§4a§x§6§4§6§4§6§4c§8e from buy
[22:30:04] > ace buy x1 §x§3§4§9§8§D§Bᴄʜɪᴄᴋᴇɴ ꜱᴘᴀᴡɴᴇʀ to Zaanii_ for $300,000.
[22:30:13] > ace remove x1 §x§3§4§9§8§D§Bᴄʜɪᴄᴋᴇɴ ꜱᴘᴀᴡɴᴇʀ from buy
[22:30:34] > ace remove x1 §x§F§F§7§C§0§0§lSteamsparks Sword from buy
[22:30:36] > Takeremu added x64 Experience bottle in auction for 80000.
[22:30:40] > JinSoul15 buy x64 Experience bottle to Takeremu for $80,000.
[22:30:46] > Takeremu added x64 Experience bottle in auction for 80000.
[22:30:49] > JinSoul15 buy x64 Experience bottle to Takeremu for $80,000.
[22:30:58] > Takeremu added x64 Experience bottle in auction for 80000.
[22:31:00] > Zen0969 buy x64 Experience bottle to Takeremu for $80,000.
[22:31:00] > ace added x1 §x§F§F§7§C§0§0§lSteamsparks Sword in auction for 300000.
[22:31:35] > Takeremu added x64 Experience bottle in auction for 80000.
[22:31:40] > Zen0969 buy x64 Experience bottle to Takeremu for $80,000.
[22:31:47] > Takeremu added x64 Experience bottle in auction for 80000.
[22:32:09] > JinSoul15 buy x64 Experience bottle to Takeremu for $80,000.
[22:33:00] > Takeremu added x64 Experience bottle in auction for 80000.
[22:33:12] > Takeremu added x64 Experience bottle in auction for 80000.
[22:33:56] > younglion1224 buy x63 Wind charge to aroraru for $63,636.
[22:34:01] > younglion1224 buy x64 Experience bottle to Takeremu for $80,000.
[22:34:06] > younglion1224 buy x64 Experience bottle to Takeremu for $80,000.
[22:34:39] > younglion1224 remove x64 Experience bottle form buy
[22:34:39] > younglion1224 remove x63 Wind charge form buy
[22:34:39] > younglion1224 remove x64 Experience bottle form buy
[22:36:11] > Fogstrap remove x1 §x§5§9§A§1§D§9§lA§x§7§1§A§E§D§Er§x§8§8§B§C§E§4c§x§A§0§C§9§E§9h§x§B§8§D§7§E§Fa§x§D§0§E§4§F§4n§x§E§7§F§2§F§Ag§fe§x§E§7§F§2§F§Al §x§B§8§D§7§E§FW§x§A§0§C§9§E§9i§x§8§8§B§C§E§4n§x§7§1§A§E§D§Eg§x§5§9§A§1§D§9s form buy
[22:36:11] > Fogstrap remove x4 §3§lDolphin Tail form buy
[22:36:11] > Fogstrap remove x1 §x§F§F§5§5§0§0§lsᴇʟʟᴡᴀɴᴅ §6- 5.0x form buy
[22:38:55] > Applegod9 added x1 §x§F§F§5§5§0§0§lsᴇʟʟᴡᴀɴᴅ §6- 5.0x in auction for 400000.
[22:38:56] > Ryzxc added x1 §x§F§F§5§5§0§0§lsᴇʟʟᴡᴀɴᴅ §6- 5.0x in auction for 400000.
[22:39:05] > qu4sar added x1 §x§F§F§5§5§0§0§lsᴇʟʟᴡᴀɴᴅ §6- 5.0x in auction for 500000.
[22:39:08] > VortexZayne buy x1 Diamond chestplate to Ryzxc for $5,000.
[22:39:11] > zDamixx added x1 §x§F§F§5§5§0§0§lsᴇʟʟᴡᴀɴᴅ §6- 10.0x in auction for 1000000.
[22:39:14] > JinSoul15 remove x64 Experience bottle from buy
[22:39:15] > JinSoul15 remove x64 Experience bottle from buy
[22:39:15] > JinSoul15 remove x64 Experience bottle from buy
[22:39:18] > qu4sar added x1 §x§F§F§5§5§0§0§lsᴇʟʟᴡᴀɴᴅ §6- 5.0x in auction for 500000.
[22:39:18] > Ryzxc added x1 §x§F§F§3§E§0§0§lSellwand Voucher in auction for 1000000.
[22:39:24] > k000k444k added x1 §x§E§E§0§0§0§0§lᴜɴʟɪᴍɪᴛᴇᴅ sᴇʟʟᴡᴀɴᴅ in auction for 100000000.
[22:39:24] > zDamixx added x1 §x§F§F§5§5§0§0§lsᴇʟʟᴡᴀɴᴅ §6- 10.0x in auction for 1000000.
[22:39:28] > nnorv1 buy x1 §x§F§F§5§5§0§0§lsᴇʟʟᴡᴀɴᴅ §6- 10.0x to zDamixx for $1,000,000.
[22:39:40] > nnorv1 buy x1 §x§F§F§5§5§0§0§lsᴇʟʟᴡᴀɴᴅ §6- 10.0x to zDamixx for $1,000,000.
[22:40:02] > ace added x1 §x§F§F§3§E§0§0§lSellwand Voucher in auction for 400000.
[22:40:06] > Fogstrap buy x1 §x§F§F§3§E§0§0§lSellwand Voucher to ace for $400,000.
[22:40:08] > k000k444k remove x1 §x§E§E§0§0§0§0§lᴜɴʟɪᴍɪᴛᴇᴅ sᴇʟʟᴡᴀɴᴅ from storage
[22:40:11] > x1 Music disc cat, item of FLaMesd, has just expired, the item is definitively deleted.
[22:40:12] > k000k444k remove x1 §x§E§E§0§0§0§0§lᴜɴʟɪᴍɪᴛᴇᴅ sᴇʟʟᴡᴀɴᴅ from expire
[22:40:15] > king_ARK buy x1 §x§F§F§3§E§0§0§lSellwand Voucher to Ryzxc for $1,000,000.
[22:40:56] > king_ARK remove x1 §x§F§F§3§E§0§0§lSellwand Voucher from buy
[22:41:21] > VortexZayne remove x1 Diamond chestplate from buy
[22:42:05] > Trapers1 added x1 §fZombified Piglin Plushie §6(#101/101) in auction for 10000.
[22:42:10] > k000k444k buy x1 §fZombified Piglin Plushie §6(#101/101) to Trapers1 for $10,000.
[22:42:28] > HPMR_GaMerz buy x1 §fHorse Plushie §6(#45/101) to scarlettti for $20,000.
[22:44:23] > ace added x1 §5Witch Hat in auction for 24000.
[22:56:58] > ace added x1 Netherite ingot in auction for 100000.
[22:57:41] > ace remove x1 Netherite ingot from storage
[22:57:52] > ace added x1 Netherite ingot in auction for 80000.
[22:59:55] > x64 Diamond, bought by Johng10910, has just expired, the item is definitively deleted.
[22:59:55] > x1 Totem of undying, bought by .AyakoKoru, has just expired, the item is definitively deleted.
[22:59:55] > x1 Enchanted book, bought by Kaynn, has just expired, the item is definitively deleted.
[22:59:55] > x1 §x§8§A§0§0§F§FS§x§9§5§0§0§E§4h§x§A§0§0§0§C§9i§x§A§B§0§0§A§En§x§B§6§0§0§9§4e§x§C§1§0§0§7§9 §x§C§C§0§0§5§EO§x§D§7§0§0§4§3n§x§E§2§0§0§2§8i§x§E§D§0§0§0§D B§x§E§2§0§0§2§8a§x§D§7§0§0§4§3t§x§C§C§0§0§5§Et§x§C§1§0§0§7§9l§x§B§6§0§0§9§4e§x§A§B§0§0§A§E §x§A§0§0§0§C§9A§x§9§5§0§0§E§4x§x§8§A§0§0§F§Fe, bought by celinesanrio, has just expired, the item is definitively deleted.
[23:04:58] > belvi__ buy x5 §x§F§C§D§0§5§C§lB§x§E§6§D§3§6§B§la§x§C§F§D§5§7§A§ls§x§B§9§D§8§8§9§li§x§A§2§D§A§9§8§lc §x§7§5§D§F§B§6§lC§x§5§F§E§2§C§5§lr§x§7§5§D§F§B§6§la§x§8§C§D§D§A§7§lt§x§A§2§D§A§9§8§le §x§C§F§D§5§7§A§lK§x§E§6§D§3§6§B§le§x§F§C§D§0§5§C§ly to rreij for $100,000.
[23:05:19] > belvi__ remove x5 §x§F§C§D§0§5§C§lB§x§E§6§D§3§6§B§la§x§C§F§D§5§7§A§ls§x§B§9§D§8§8§9§li§x§A§2§D§A§9§8§lc §x§7§5§D§F§B§6§lC§x§5§F§E§2§C§5§lr§x§7§5§D§F§B§6§la§x§8§C§D§D§A§7§lt§x§A§2§D§A§9§8§le §x§C§F§D§5§7§A§lK§x§E§6§D§3§6§B§le§x§F§C§D§0§5§C§ly from buy
[23:16:33] > x3 Emerald on sale by hakim_ae has just expired, it goes in the inventory of expired items.
[23:18:24] > .Kharrrrrr9859 added x1 §e§lCrab Scale in auction for 40000.
[23:19:02] > .Kharrrrrr9859 added x1 §9§lCrab Claw in auction for 40000.
[23:19:17] > nnorv1 buy x1 §9§lCrab Claw to .Kharrrrrr9859 for $40,000.
[23:19:21] > nnorv1 remove x1 §9§lCrab Claw from buy
[23:25:58] > Takeremu added x64 Experience bottle in auction for 80000.
[23:26:00] > Zen0969 buy x64 Experience bottle to Takeremu for $80,000.
[23:27:24] > Takeremu added x64 Experience bottle in auction for 80000.
[23:27:35] > Takeremu added x64 Experience bottle in auction for 80000.
[23:29:24] > Zypher_0w0 remove x16 Slime block from storage
[23:29:31] > Zypher_0w0 added x1 TotemBox in auction for 100000.
[23:29:40] > Zypher_0w0 remove x1 Enchanted book from expire
[23:29:50] > Zypher_0w0 remove x64 Wither skeleton skull from storage
[23:29:52] > Zypher_0w0 remove x64 Wither skeleton skull from storage
[23:29:52] > Zypher_0w0 remove x64 Wither skeleton skull from storage
[23:29:54] > Zypher_0w0 remove x64 Wither skeleton skull from storage
[23:30:04] > Zypher_0w0 remove x1 Enchanted book from storage
[23:30:09] > Zypher_0w0 added x1 Enchanted book in auction for 300000.
[23:30:17] > Zen0969 buy x64 Experience bottle to Takeremu for $80,000.
[23:30:18] > Zen0969 buy x64 Experience bottle to Takeremu for $80,000.
[23:30:24] > Zypher_0w0 added x1 Enchanted book in auction for 300000.
[23:33:42] > Takeremu remove x1 §f§l§8B§x§6§6§6§6§6§6a§x§7§7§7§7§7§7h§x§8§8§8§8§8§8a§x§9§9§9§9§9§9m§7u§x§9§9§9§9§9§9t§x§8§8§8§8§8§8 §x§7§7§7§7§7§7K§x§6§6§6§6§6§6e§8y from storage
[23:33:55] > Takeremu added x1 §f§l§8B§x§6§6§6§6§6§6a§x§7§7§7§7§7§7h§x§8§8§8§8§8§8a§x§9§9§9§9§9§9m§7u§x§9§9§9§9§9§9t§x§8§8§8§8§8§8 §x§7§7§7§7§7§7K§x§6§6§6§6§6§6e§8y in auction for 400000.
[23:34:14] > Takeremu added x1 §f§l§x§8§A§0§0§F§FS§x§9§9§0§0§D§Bh§x§A§8§0§0§B§6i§x§B§7§0§0§9§2n§x§C§6§0§0§6§De§x§D§5§0§0§4§9 §x§E§4§0§0§2§4O§x§F§3§0§0§0§0n§x§E§4§0§0§2§4i§x§D§5§0§0§4§9 §x§C§6§0§0§6§DS§x§B§7§0§0§9§2p§x§A§8§0§0§B§6e§x§9§9§0§0§D§Ba§x§8§A§0§0§F§Fr in auction for 2000000.
[23:34:20] > ThatMidnight buy x2 §eᴢᴏᴍʙɪᴇ sᴘᴀᴡɴᴇʀ to UnavailableTest for $1,500,000.
[23:34:28] > ThatMidnight remove x2 §eᴢᴏᴍʙɪᴇ sᴘᴀᴡɴᴇʀ from buy
[23:36:59] > kuba11004 buy x1 Pitcher pod to dearestyumeko for $600.
[23:39:02] > Zypher_0w0 added x64 Name tag in auction for 6400.
[23:39:08] > Fogstrap buy x64 Name tag to Zypher_0w0 for $6,400.
[23:39:13] > Zypher_0w0 added x64 Name tag in auction for 6400.
[23:39:17] > Trapers1 buy x64 Name tag to Zypher_0w0 for $6,400.
[23:39:32] > Trapers1 remove x64 Name tag form buy
[23:40:37] > ThatMidnight buy x1 TotemBox to Zypher_0w0 for $100,000.
[23:44:33] > ThatMidnight remove x1 TotemBox from buy
[23:49:43] > zDamixx buy x1 Flow armor trim smithing template to aroraru for $100,000.
[23:50:33] > zDamixx buy x4 Silence armor trim smithing template to KaijuWard for $200,000.
[23:51:42] > x1 §x§E§5§1§B§1§B§lDracula Staff on sale by mumbowe777 has just expired, it goes in the inventory of expired items.
[23:53:03] > zDamixx remove x4 Silence armor trim smithing template from buy
[23:53:04] > zDamixx remove x1 Flow armor trim smithing template from buy
[23:55:53] > x1 §f§l§x§8§A§0§0§F§FS§x§9§C§0§0§D§5h§x§A§D§0§0§A§Ai§x§B§F§0§0§8§0n§x§D§0§0§0§5§5e§x§E§2§0§0§2§B §x§F§3§0§0§0§0O§x§E§2§0§0§2§An§x§D§0§0§0§5§5i§x§B§F§0§0§8§0 §x§A§D§0§0§A§AH§x§9§C§0§0§D§5o§x§8§A§0§0§F§Fe on sale by aznaaa has just expired, it goes in the inventory of expired items.
[00:01:31] > monggol buy x1 §e§lCrab Scale to .Kharrrrrr9859 for $40,000.
[00:02:14] > monggol remove x1 §e§lCrab Scale from buy
[00:19:14] > Takeremu added x64 Experience bottle in auction for 80000.
[00:19:19] > JinSoul15 buy x64 Experience bottle to Takeremu for $80,000.
[00:19:47] > Takeremu added x64 Experience bottle in auction for 80000.
[00:19:51] > JinSoul15 buy x64 Experience bottle to Takeremu for $80,000.
[00:20:20] > Takeremu added x64 Experience bottle in auction for 80000.
[00:20:23] > JinSoul15 buy x64 Experience bottle to Takeremu for $80,000.
[00:20:36] > Takeremu added x64 Experience bottle in auction for 80000.
[00:20:38] > JinSoul15 buy x64 Experience bottle to Takeremu for $80,000.
[00:20:47] > JinSoul15 remove x64 Experience bottle from buy
[00:20:47] > JinSoul15 remove x64 Experience bottle from buy
[00:20:48] > JinSoul15 remove x64 Experience bottle from buy
[00:20:48] > JinSoul15 remove x64 Experience bottle from buy
[00:20:57] > Takeremu added x64 Experience bottle in auction for 80000.
[00:21:01] > JinSoul15 buy x64 Experience bottle to Takeremu for $80,000.
[00:21:10] > kneegrump buy x1 §fRaining Cloud Hat to .Allxnzv for $50,000.
[00:21:48] > JinSoul15 remove x64 Experience bottle from buy
[00:21:58] > JinSoul15 remove x5 §x§F§C§9§0§5§C§lE§x§E§6§9§C§6§B§lp§x§C§F§A§7§7§A§li§x§B§9§B§3§8§9§lc §x§8§C§C§B§A§7§lC§x§7§5§D§6§B§6§lr§x§5§F§E§2§C§5§la§x§7§9§D§4§B§4§lt§x§9§3§C§7§A§2§le §x§C§8§A§B§7§F§lK§x§E§2§9§E§6§E§le§x§F§C§9§0§5§C§ly from buy
[00:21:59] > JinSoul15 remove x5 §x§F§C§D§0§5§C§lB§x§E§6§D§3§6§B§la§x§C§F§D§5§7§A§ls§x§B§9§D§8§8§9§li§x§A§2§D§A§9§8§lc §x§7§5§D§F§B§6§lC§x§5§F§E§2§C§5§lr§x§7§5§D§F§B§6§la§x§8§C§D§D§A§7§lt§x§A§2§D§A§9§8§le §x§C§F§D§5§7§A§lK§x§E§6§D§3§6§B§le§x§F§C§D§0§5§C§ly from buy
[00:23:13] > kneegrump buy x64 Sweet berries to aroraru for $6,400.
[00:23:21] > Takeremu added x64 Experience bottle in auction for 80000.
[00:23:27] > ThatMidnight buy x64 Experience bottle to Takeremu for $80,000.
[00:23:36] > Takeremu added x64 Experience bottle in auction for 80000.
[00:23:46] > ThatMidnight buy x64 Experience bottle to Takeremu for $80,000.
[00:23:55] > kneegrump remove x1 §fRaining Cloud Hat from buy
[00:24:11] > Ryzxc added x1 Mace in auction for 1500000.
[00:24:17] > khenjieMC buy x1 §x§5§9§A§1§D§9§lA§x§7§5§B§1§D§Fr§x§9§0§C§0§E§6c§x§A§C§D§0§E§Ch§x§C§8§E§0§F§2a§x§E§3§E§F§F§9n§fg§x§E§3§E§F§F§9e§x§C§8§E§0§F§2l §x§9§0§C§0§E§6H§x§7§5§B§1§D§Fa§x§5§9§A§1§D§9t to Luruca for $1,000,000.
[00:24:29] > khenjieMC remove x1 §x§5§9§A§1§D§9§lA§x§7§5§B§1§D§Fr§x§9§0§C§0§E§6c§x§A§C§D§0§E§Ch§x§C§8§E§0§F§2a§x§E§3§E§F§F§9n§fg§x§E§3§E§F§F§9e§x§C§8§E§0§F§2l §x§9§0§C§0§E§6H§x§7§5§B§1§D§Fa§x§5§9§A§1§D§9t from buy
[00:24:50] > Ryzxc buy x1 §x§3§4§9§8§D§Bᴘɪɢ ꜱᴘᴀᴡɴᴇʀ to Zaanii_ for $400,000.
[00:24:56] > Ryzxc remove x1 §x§3§4§9§8§D§Bᴘɪɢ ꜱᴘᴀᴡɴᴇʀ from buy
[00:25:01] > aznaaa added x1 §x§F§F§7§C§0§0§lSteamsparks Pickaxe in auction for 500000.
[00:25:07] > Fogstrap buy x1 §x§F§F§7§C§0§0§lSteamsparks Pickaxe to aznaaa for $500,000.
[00:25:20] > khenjieMC buy x1 §x§F§F§7§C§0§0§lSteamsparks Wings to Hunter_Sung for $2,000,000.
[00:25:33] > khenjieMC remove x1 §x§F§F§7§C§0§0§lSteamsparks Wings from buy
[00:26:44] > Ryzxc remove x1 Mace from storage
[00:27:36] > Ryzxc added x1 Mace in auction for 1000000.
[00:28:13] > x64 Sweet berries on sale by aroraru has just expired, it goes in the inventory of expired items.
[00:28:20] > xcapan buy x4 Silence armor trim smithing template to nachfaust for $300,000.
[00:28:25] > xcapan remove x4 Silence armor trim smithing template from buy
[00:29:20] > Ryzxc added x1 Shulker box in auction for 120000.
[00:36:14] > Trapers1 remove x1 §x§5§9§A§1§D§9§lA§x§6§E§A§D§D§Er§x§8§3§B§9§E§3c§x§9§7§C§4§E§7h§x§A§C§D§0§E§Ca§x§C§1§D§C§F§1n§x§D§6§E§8§F§6g§x§E§A§F§3§F§Ae§fl §x§D§0§E§4§F§4H§x§B§8§D§7§E§Fa§x§A§0§C§9§E§9m§x§8§8§B§C§E§4m§x§7§1§A§E§D§Ee§x§5§9§A§1§D§9r form storage
[00:36:14] > Trapers1 remove x1 The Smasher. form storage
[01:02:27] > younglion1224 buy x1 Shulker box to Ryzxc for $120,000.
[01:04:45] > x1 Ominous bottle, bought by .JakeTheMiner457, has just expired, the item is definitively deleted.
[01:04:47] > younglion1224 remove x1 Shulker box from buy
[01:07:13] > Takeremu added x64 Experience bottle in auction for 80000.
[01:07:24] > Takeremu added x64 Experience bottle in auction for 80000.
[01:07:30] > Ryzxc remove x1 Mace from storage
[01:07:36] > Takeremu added x64 Experience bottle in auction for 80000.
[01:26:18] > younglion1224 buy x64 Experience bottle to Takeremu for $80,000.
[01:26:21] > younglion1224 buy x64 Experience bottle to Takeremu for $80,000.
[01:26:23] > younglion1224 buy x64 Experience bottle to Takeremu for $80,000.
[01:26:39] > younglion1224 remove x64 Experience bottle form buy
[01:26:39] > younglion1224 remove x64 Experience bottle form buy
[01:26:39] > younglion1224 remove x64 Experience bottle form buy
[01:41:15] > younglion1224 added x64 Iron block in auction for 10000.
[01:42:00] > younglion1224 added x64 Iron block in auction for 10000.
[01:42:42] > younglion1224 added x57 Iron block in auction for 90000.
[01:43:01] > zDamixx buy x64 Iron block to younglion1224 for $10,000.
[01:43:03] > zDamixx buy x64 Iron block to younglion1224 for $10,000.
[01:57:06] > Fogstrap remove x64 Name tag form buy
[01:57:06] > Fogstrap remove x1 §x§F§F§7§C§0§0§lSteamsparks Pickaxe form buy
[01:57:06] > Fogstrap remove x1 §x§F§F§3§E§0§0§lSellwand Voucher form buy
[02:10:25] > Bus buy x1 Leather to Zypher_0w0 for $85,000.
[02:11:27] > zDamixx buy x4 Trial key to Ryzxc for $2,000.
[02:12:03] > Bus remove x1 Leather form buy
[02:16:35] > ReKYee remove x1 §f§l§8B§x§6§2§6§2§6§2a§x§6§F§6§F§6§Fh§x§7§C§7§C§7§Ca§x§8§9§8§9§8§9m§x§9§6§9§6§9§6u§x§A§3§A§3§A§3t §x§9§6§9§6§9§6D§x§8§9§8§9§8§9a§x§7§C§7§C§7§Cg§x§6§F§6§F§6§Fg§x§6§2§6§2§6§2e§8r form storage
[02:16:35] > ReKYee remove x2 §x§F§0§7§A§5§4§lZombie Apocalyptic Key form storage
[02:16:35] > ReKYee remove x1 §x§E§5§1§B§1§B§lDracula Halberd form storage
[02:17:05] > ReKYee added x2 §x§F§0§7§A§5§4§lZombie Apocalyptic Key in auction for 600000.
[02:17:19] > ReKYee added x1 §x§E§5§1§B§1§B§lDracula Halberd in auction for 160000.
[02:17:31] > ReKYee added x1 §f§l§8B§x§6§2§6§2§6§2a§x§6§F§6§F§6§Fh§x§7§C§7§C§7§Ca§x§8§9§8§9§8§9m§x§9§6§9§6§9§6u§x§A§3§A§3§A§3t §x§9§6§9§6§9§6D§x§8§9§8§9§8§9a§x§7§C§7§C§7§Cg§x§6§F§6§F§6§Fg§x§6§2§6§2§6§2e§8r in auction for 350000.
[03:01:00] > belvi__ buy x1 §x§5§9§A§1§D§9§lA§x§7§5§B§1§D§Fr§x§9§0§C§0§E§6c§x§A§C§D§0§E§Ch§x§C§8§E§0§F§2a§x§E§3§E§F§F§9n§fg§x§E§3§E§F§F§9e§x§C§8§E§0§F§2l §x§9§0§C§0§E§6K§x§7§5§B§1§D§Fe§x§5§9§A§1§D§9y to Zypher_0w0 for $2,000,000.
[03:01:14] > belvi__ remove x1 §x§5§9§A§1§D§9§lA§x§7§5§B§1§D§Fr§x§9§0§C§0§E§6c§x§A§C§D§0§E§Ch§x§C§8§E§0§F§2a§x§E§3§E§F§F§9n§fg§x§E§3§E§F§F§9e§x§C§8§E§0§F§2l §x§9§0§C§0§E§6K§x§7§5§B§1§D§Fe§x§5§9§A§1§D§9y from buy
[04:06:02] > Takeremu added x1 4 in 1 in auction for 10000.
[04:07:13] > Takeremu added x1 4 in 1 Boots in auction for 15000.
[04:07:28] > ReKYee buy x1 4 in 1 to Takeremu for $10,000.
[04:25:41] > Xavier881 added x1 Diamond hoe in auction for 10000.
[04:26:52] > Renzy01 added x1 §f§l§8B§x§6§6§6§6§6§6a§x§7§7§7§7§7§7h§x§8§8§8§8§8§8a§x§9§9§9§9§9§9m§7u§x§9§9§9§9§9§9t§x§8§8§8§8§8§8 §x§7§7§7§7§7§7H§x§6§6§6§6§6§6o§8e in auction for 450000.
[05:07:04] > zDamixx added x3 Silence armor trim smithing template in auction for 400000.
[05:49:01] > qu4sar remove x1 §x§F§F§5§5§0§0§lsᴇʟʟᴡᴀɴᴅ §6- 5.0x from storage
[05:49:01] > qu4sar remove x1 §x§F§F§5§5§0§0§lsᴇʟʟᴡᴀɴᴅ §6- 5.0x from storage
[05:49:12] > qu4sar added x1 §x§F§F§5§5§0§0§lsᴇʟʟᴡᴀɴᴅ §6- 5.0x in auction for 500000.
[05:49:24] > qu4sar added x1 §x§F§F§5§5§0§0§lsᴇʟʟᴡᴀɴᴅ §6- 5.0x in auction for 500000.
[05:50:16] > qu4sar buy x20 Wither skeleton skull to InternetCafeUser for $80,000.
[05:51:23] > qu4sar remove x20 Wither skeleton skull from buy
[05:54:07] > king_ARK remove x2 §c§lPlatinum Lure from buy
[06:07:15] > tic_sz buy x4 §3§lDolphin Tail to Takeremu for $320,000.
[06:07:19] > tic_sz remove x4 §3§lDolphin Tail from buy
[06:22:54] > zDamixx remove x4 Trial key from buy
[06:22:56] > zDamixx remove x64 Iron block from buy
[06:22:57] > zDamixx remove x64 Iron block from buy
[07:12:28] > .AyakoKoru buy x1 Netherite ingot to ace for $80,000.
[07:12:50] > .AyakoKoru buy x1 4 in 1 Boots to Takeremu for $15,000.
[07:13:22] > .AyakoKoru buy x1 Flow armor trim smithing template to Ab0 for $100,000.
[07:13:51] > .AyakoKoru remove x1 Netherite ingot from buy
[07:13:53] > .AyakoKoru remove x1 Flow armor trim smithing template from buy
[07:13:54] > .AyakoKoru remove x1 4 in 1 Boots from buy
[07:14:26] > .AyakoKoru buy x57 Iron block to younglion1224 for $90,000.
[07:14:45] > .AyakoKoru buy x4 Flow armor trim smithing template to KaijuWard for $150,000.
[07:15:02] > .AyakoKoru remove x57 Iron block from buy
[07:15:04] > .AyakoKoru remove x4 Flow armor trim smithing template from buy
[07:23:31] > .AyakoKoru added x1 Diamond boots in auction for 150000.
[07:29:55] > Xavier881 added x1 Enchanted book in auction for 500000.
[07:56:56] > Julene remove x1 Phantom membrane from storage
[07:56:57] > Julene remove x1 Ominous trial key from storage
[07:57:04] > Julene added x1 Phantom membrane in auction for 10000.
[07:57:19] > Julene added x1 Ominous trial key in auction for 50000.
[07:58:45] > Julene buy x1 §x§F§F§7§C§0§0§lSteamsparks Key to k000k444k for $200,000.
[07:58:57] > Julene remove x1 §x§F§F§7§C§0§0§lSteamsparks Key from buy
[07:59:29] > Julene added x1 §x§F§F§7§C§0§0§lSteamsparks Hoe in auction for 150000.
[08:01:24] > Julene added x1 §x§E§5§1§B§1§B§lDracula Wings in auction for 1500000.
[08:05:13] > .Kharrrrrr9859 buy x1 Diamond hoe to Xavier881 for $10,000.
[08:06:19] > .Kharrrrrr9859 remove x1 Diamond hoe from buy
[08:34:36] > Julene added x2 Lodestone in auction for 25000.
[08:34:51] > Julene added x1 Golden horse armor in auction for 15000.
[08:35:02] > Julene added x1 Golden horse armor in auction for 15000.
[09:35:07] > KaijuWard added x1 Music disc creator music box in auction for 5000.
[09:35:19] > kysicx buy x1 Music disc creator music box to KaijuWard for $5,000.
[09:35:28] > x64 Golden apple, bought by Keeos, has just expired, the item is definitively deleted.
[09:35:28] > x64 Golden apple, bought by Keeos, has just expired, the item is definitively deleted.
[09:35:28] > x64 Golden apple, bought by Keeos, has just expired, the item is definitively deleted.
[09:35:28] > x64 Golden apple, bought by Keeos, has just expired, the item is definitively deleted.
[09:35:28] > x64 Golden apple, bought by Keeos, has just expired, the item is definitively deleted.
[09:35:28] > x64 Golden apple, bought by Keeos, has just expired, the item is definitively deleted.
[09:35:28] > x64 Golden apple, bought by Keeos, has just expired, the item is definitively deleted.
[09:35:28] > x6 Amethyst shard, bought by celinesanrio, has just expired, the item is definitively deleted.
[09:35:32] > kysicx remove x1 Music disc creator music box from buy
[09:35:46] > KaijuWard added x4 Flow armor trim smithing template in auction for 120000.
[09:37:46] > KaijuWard added x64 Breeze rod in auction for 10000.
[09:45:57] > kysicx remove x1 §x§F§F§5§5§0§0§lsᴇʟʟᴡᴀɴᴅ §6- 5.0x from storage
[09:45:59] > kysicx remove x1 §x§F§F§3§E§0§0§lSellwand Voucher from storage
[09:47:25] > Zypher_0w0 added x1 §x§9§8§6§3§E§7§lG§x§9§0§7§5§E§2§lo§x§8§8§8§7§D§D§ld§x§8§0§9§9§D§8§ll§x§7§7§A§C§D§4§ly §x§6§7§D§0§C§A§lC§x§5§F§E§2§C§5§lr§x§6§7§D§0§C§A§la§x§6§F§B§E§C§F§lt§x§7§7§A§C§D§4§le §x§8§8§8§7§D§D§lK§x§9§0§7§5§E§2§le§x§9§8§6§3§E§7§ly in auction for 60000.
[09:47:39] > Zypher_0w0 added x1 §x§9§8§6§3§E§7§lG§x§9§0§7§5§E§2§lo§x§8§8§8§7§D§D§ld§x§8§0§9§9§D§8§ll§x§7§7§A§C§D§4§ly §x§6§7§D§0§C§A§lC§x§5§F§E§2§C§5§lr§x§6§7§D§0§C§A§la§x§6§F§B§E§C§F§lt§x§7§7§A§C§D§4§le §x§8§8§8§7§D§D§lK§x§9§0§7§5§E§2§le§x§9§8§6§3§E§7§ly in auction for 60000.
[09:48:00] > blueheadedzwager buy x1 Diamond boots to .AyakoKoru for $150,000.
[09:48:09] > blueheadedzwager buy x3 Silence armor trim smithing template to zDamixx for $400,000.
[09:48:16] > blueheadedzwager buy x1 Enchanted book to Xavier881 for $500,000.
[09:48:34] > blueheadedzwager remove x1 Enchanted book from buy
[09:48:34] > Zypher_0w0 added x1 §x§9§8§6§3§E§7§lG§x§9§0§7§5§E§2§lo§x§8§8§8§7§D§D§ld§x§8§0§9§9§D§8§ll§x§7§7§A§C§D§4§ly §x§6§7§D§0§C§A§lC§x§5§F§E§2§C§5§lr§x§6§7§D§0§C§A§la§x§6§F§B§E§C§F§lt§x§7§7§A§C§D§4§le §x§8§8§8§7§D§D§lK§x§9§0§7§5§E§2§le§x§9§8§6§3§E§7§ly in auction for 60000.
[09:48:34] > blueheadedzwager remove x3 Silence armor trim smithing template from buy
[09:48:34] > blueheadedzwager remove x1 Diamond boots from buy
[09:48:44] > Cynishere buy x1 §x§9§8§6§3§E§7§lG§x§9§0§7§5§E§2§lo§x§8§8§8§7§D§D§ld§x§8§0§9§9§D§8§ll§x§7§7§A§C§D§4§ly §x§6§7§D§0§C§A§lC§x§5§F§E§2§C§5§lr§x§6§7§D§0§C§A§la§x§6§F§B§E§C§F§lt§x§7§7§A§C§D§4§le §x§8§8§8§7§D§D§lK§x§9§0§7§5§E§2§le§x§9§8§6§3§E§7§ly to Zypher_0w0 for $60,000.
[09:48:46] > Cynishere buy x1 §x§9§8§6§3§E§7§lG§x§9§0§7§5§E§2§lo§x§8§8§8§7§D§D§ld§x§8§0§9§9§D§8§ll§x§7§7§A§C§D§4§ly §x§6§7§D§0§C§A§lC§x§5§F§E§2§C§5§lr§x§6§7§D§0§C§A§la§x§6§F§B§E§C§F§lt§x§7§7§A§C§D§4§le §x§8§8§8§7§D§D§lK§x§9§0§7§5§E§2§le§x§9§8§6§3§E§7§ly to Zypher_0w0 for $60,000.
[09:48:48] > Zypher_0w0 buy x64 Breeze rod to KaijuWard for $10,000.
[09:48:48] > Cynishere buy x1 §x§9§8§6§3§E§7§lG§x§9§0§7§5§E§2§lo§x§8§8§8§7§D§D§ld§x§8§0§9§9§D§8§ll§x§7§7§A§C§D§4§ly §x§6§7§D§0§C§A§lC§x§5§F§E§2§C§5§lr§x§6§7§D§0§C§A§la§x§6§F§B§E§C§F§lt§x§7§7§A§C§D§4§le §x§8§8§8§7§D§D§lK§x§9§0§7§5§E§2§le§x§9§8§6§3§E§7§ly to Zypher_0w0 for $60,000.
[09:49:00] > Cynishere remove x1 §x§9§8§6§3§E§7§lG§x§9§0§7§5§E§2§lo§x§8§8§8§7§D§D§ld§x§8§0§9§9§D§8§ll§x§7§7§A§C§D§4§ly §x§6§7§D§0§C§A§lC§x§5§F§E§2§C§5§lr§x§6§7§D§0§C§A§la§x§6§F§B§E§C§F§lt§x§7§7§A§C§D§4§le §x§8§8§8§7§D§D§lK§x§9§0§7§5§E§2§le§x§9§8§6§3§E§7§ly from buy
[09:49:00] > Cynishere remove x1 §x§9§8§6§3§E§7§lG§x§9§0§7§5§E§2§lo§x§8§8§8§7§D§D§ld§x§8§0§9§9§D§8§ll§x§7§7§A§C§D§4§ly §x§6§7§D§0§C§A§lC§x§5§F§E§2§C§5§lr§x§6§7§D§0§C§A§la§x§6§F§B§E§C§F§lt§x§7§7§A§C§D§4§le §x§8§8§8§7§D§D§lK§x§9§0§7§5§E§2§le§x§9§8§6§3§E§7§ly from buy
[09:49:00] > Cynishere remove x1 §x§9§8§6§3§E§7§lG§x§9§0§7§5§E§2§lo§x§8§8§8§7§D§D§ld§x§8§0§9§9§D§8§ll§x§7§7§A§C§D§4§ly §x§6§7§D§0§C§A§lC§x§5§F§E§2§C§5§lr§x§6§7§D§0§C§A§la§x§6§F§B§E§C§F§lt§x§7§7§A§C§D§4§le §x§8§8§8§7§D§D§lK§x§9§0§7§5§E§2§le§x§9§8§6§3§E§7§ly from buy
[09:49:07] > dejuugarr added x1 §x§F§F§5§5§0§0§lsᴇʟʟᴡᴀɴᴅ §6- 5.0x in auction for 500000.
[09:51:21] > Malachkite added x1 Enchanted book in auction for 1000000.
[09:51:37] > dejuugarr added x1 §x§F§F§5§5§0§0§lsᴇʟʟᴡᴀɴᴅ §6- 5.0x in auction for 500000.
[09:51:46] > Malachkite buy x1 §x§F§F§5§5§0§0§lsᴇʟʟᴡᴀɴᴅ §6- 5.0x to dejuugarr for $500,000.
[09:52:21] > dejuugarr added x1 Dirt in auction for 1000000.
[10:09:42] > KaijuWard added x4 Coast armor trim smithing template in auction for 50000.
[10:09:58] > KaijuWard remove x4 Flow armor trim smithing template from storage
[10:10:13] > KaijuWard added x4 Flow armor trim smithing template in auction for 100000.
[10:18:20] > Zypher_0w0 added x2 §x§5§C§C§F§F§C§lC§x§5§C§D§1§F§5§lo§x§5§D§D§4§E§E§ls§x§5§D§D§6§E§7§lm§x§5§E§D§9§E§1§le§x§5§E§D§B§D§A§lt§x§5§E§D§D§D§3§li§x§5§F§E§0§C§C§lc §x§5§F§E§0§C§C§lH§x§5§E§D§D§D§3§la§x§5§E§D§B§D§A§lt§x§5§E§D§9§E§1§ls §x§5§D§D§4§E§E§lK§x§5§C§D§1§F§5§le§x§5§C§C§F§F§C§ly in auction for 180000.
[10:18:53] > .Allxnzv added x1 §x§F§F§3§E§0§0§lSellwand Voucher in auction for 1500000.
[10:19:08] > zDamixx added x1 §x§F§F§5§5§0§0§lsᴇʟʟᴡᴀɴᴅ §6- 10.0x in auction for 130000.
[10:19:14] > zDamixx remove x1 §x§F§F§5§5§0§0§lsᴇʟʟᴡᴀɴᴅ §6- 10.0x from storage
[10:19:43] > zDamixx added x1 §x§F§F§5§5§0§0§lsᴇʟʟᴡᴀɴᴅ §6- 10.0x in auction for 1300000.
[10:19:55] > NoClarity added x1 §x§F§F§3§E§0§0§lSellwand Voucher in auction for 800000.
[10:20:50] > qu4sar remove x1 §x§F§F§5§5§0§0§lsᴇʟʟᴡᴀɴᴅ §6- 5.0x from storage
[10:20:51] > qu4sar remove x1 §x§F§F§5§5§0§0§lsᴇʟʟᴡᴀɴᴅ §6- 5.0x from storage
[10:20:55] > RizzaIck remove x1 §f§l§8B§x§6§6§6§6§6§6a§x§7§7§7§7§7§7h§x§8§8§8§8§8§8a§x§9§9§9§9§9§9m§7u§x§9§9§9§9§9§9t§x§8§8§8§8§8§8 §x§7§7§7§7§7§7H§x§6§6§6§6§6§6o§8e from expire
[10:20:55] > RizzaIck remove x1 §x§F§0§7§A§5§4§lZombie Apocalyptic Halberd from expire
[10:20:56] > RizzaIck remove x1 §x§E§5§1§B§1§B§lDracula Dagger from expire
[10:20:57] > RizzaIck remove x1 §f§l§8B§x§6§4§6§4§6§4a§x§7§4§7§4§7§4h§x§8§3§8§3§8§3a§x§9§3§9§3§9§3m§x§A§2§A§2§A§2ut§x§9§3§9§3§9§3 §x§8§3§8§3§8§3C§x§7§4§7§4§7§4l§x§6§4§6§4§6§4u§8b from expire
[10:21:03] > qu4sar added x1 §x§F§F§5§5§0§0§lsᴇʟʟᴡᴀɴᴅ §6- 5.0x in auction for 475000.
[10:21:15] > RizzaIck added x1 §x§E§5§1§B§1§B§lDracula Staff in auction for 100000.
[10:21:17] > qu4sar added x1 §x§F§F§5§5§0§0§lsᴇʟʟᴡᴀɴᴅ §6- 5.0x in auction for 475000.
[10:21:19] > kiyomiuu1 buy x1 §5Witch Hat to ace for $24,000.
[10:21:37] > kiyomiuu1 buy x2 §x§5§C§C§F§F§C§lC§x§5§C§D§1§F§5§lo§x§5§D§D§4§E§E§ls§x§5§D§D§6§E§7§lm§x§5§E§D§9§E§1§le§x§5§E§D§B§D§A§lt§x§5§E§D§D§D§3§li§x§5§F§E§0§C§C§lc §x§5§F§E§0§C§C§lH§x§5§E§D§D§D§3§la§x§5§E§D§B§D§A§lt§x§5§E§D§9§E§1§ls §x§5§D§D§4§E§E§lK§x§5§C§D§1§F§5§le§x§5§C§C§F§F§C§ly to Zypher_0w0 for $180,000.
[10:21:37] > qu4sar added x1 §x§F§F§5§5§0§0§lsᴇʟʟᴡᴀɴᴅ §6- 10.0x in auction for 999000.
[10:21:43] > RizzaIck added x1 §x§F§0§7§A§5§4§lZombie Apocalyptic Halberd in auction for 1500000.
[10:21:56] > RizzaIck added x1 §f§l§8B§x§6§4§6§4§6§4a§x§7§4§7§4§7§4h§x§8§3§8§3§8§3a§x§9§3§9§3§9§3m§x§A§2§A§2§A§2ut§x§9§3§9§3§9§3 §x§8§3§8§3§8§3C§x§7§4§7§4§7§4l§x§6§4§6§4§6§4u§8b in auction for 1000000.
[10:22:11] > RizzaIck added x1 §f§l§8B§x§6§6§6§6§6§6a§x§7§7§7§7§7§7h§x§8§8§8§8§8§8a§x§9§9§9§9§9§9m§7u§x§9§9§9§9§9§9t§x§8§8§8§8§8§8 §x§7§7§7§7§7§7H§x§6§6§6§6§6§6o§8e in auction for 1000000.
[10:22:23] > RizzaIck added x1 §x§F§F§7§C§0§0§lSteamsparks Staff in auction for 100000.
[10:22:33] > RizzaIck added x1 §x§E§5§1§B§1§B§lDracula Dagger in auction for 100000.
[10:22:55] > kiyomiuu1 added x1 §x§F§F§3§E§0§0§lSellwand Voucher in auction for 1000000.
[10:37:40] > dejuugarr remove x1 §x§F§F§5§5§0§0§lsᴇʟʟᴡᴀɴᴅ §6- 5.0x from storage
[10:42:08] > NoClarity remove x1 §x§F§F§3§E§0§0§lSellwand Voucher from storage
[10:42:16] > NoClarity added x1 §x§F§F§3§E§0§0§lSellwand Voucher in auction for 650000.
[10:46:54] > dejuugarr added x5 §x§F§C§D§0§5§C§lB§x§E§6§D§3§6§B§la§x§C§F§D§5§7§A§ls§x§B§9§D§8§8§9§li§x§A§2§D§A§9§8§lc §x§7§5§D§F§B§6§lC§x§5§F§E§2§C§5§lr§x§7§5§D§F§B§6§la§x§8§C§D§D§A§7§lt§x§A§2§D§A§9§8§le §x§C§F§D§5§7§A§lK§x§E§6§D§3§6§B§le§x§F§C§D§0§5§C§ly in auction for 300000.
[10:47:02] > xcapan buy x1 §x§F§F§3§E§0§0§lSellwand Voucher to NoClarity for $650,000.
[10:47:12] > xcapan remove x1 §x§F§F§3§E§0§0§lSellwand Voucher from buy
[10:48:48] > blueheadedzwager buy x1 All Armor Trims(18/18) [Discounted Price] to auvicious for $2,000,000.
[10:48:54] > blueheadedzwager remove x1 All Armor Trims(18/18) [Discounted Price] from buy
[10:49:08] > Uratakiz added x1 §f§l§8B§x§6§3§6§3§6§3a§x§7§1§7§1§7§1h§x§8§0§8§0§8§0a§x§8§E§8§E§8§Em§x§9§C§9§C§9§Cu§7t§x§9§C§9§C§9§C §x§8§E§8§E§8§EW§x§8§0§8§0§8§0i§x§7§1§7§1§7§1n§x§6§3§6§3§6§3g§8s in auction for 2000000.
[10:49:32] > Uratakiz added x1 §x§F§F§7§C§0§0§lSteamsparks Wings in auction for 1000000.
[10:49:46] > frenchhee buy x1 §x§F§F§7§C§0§0§lSteamsparks Wings to Uratakiz for $1,000,000.
[10:49:55] > qu4sar remove x1 §x§F§F§5§5§0§0§lsᴇʟʟᴡᴀɴᴅ §6- 5.0x form storage
[10:49:55] > qu4sar remove x1 §x§F§F§5§5§0§0§lsᴇʟʟᴡᴀɴᴅ §6- 10.0x form storage
[10:49:55] > qu4sar remove x1 §x§F§F§5§5§0§0§lsᴇʟʟᴡᴀɴᴅ §6- 5.0x form storage
[10:50:10] > frenchhee remove x1 §x§F§F§7§C§0§0§lSteamsparks Wings from buy
[10:50:54] > qu4sar added x1 §x§F§F§5§5§0§0§lsᴇʟʟᴡᴀɴᴅ §6- 5.0x in auction for 500000.
[10:51:13] > qu4sar remove x1 §x§F§F§5§5§0§0§lsᴇʟʟᴡᴀɴᴅ §6- 5.0x from storage
[10:56:53] > qu4sar added x1 §x§F§F§5§5§0§0§lsᴇʟʟᴡᴀɴᴅ §6- 5.0x in auction for 500000.
[10:56:58] > Uratakiz added x1 §f§l§8B§x§6§4§6§4§6§4a§x§7§4§7§4§7§4h§x§8§3§8§3§8§3a§x§9§3§9§3§9§3m§x§A§2§A§2§A§2ut§x§9§3§9§3§9§3 §x§8§3§8§3§8§3M§x§7§4§7§4§7§4a§x§6§4§6§4§6§4c§8e in auction for 800000.
[10:57:07] > qu4sar added x1 §x§F§F§5§5§0§0§lsᴇʟʟᴡᴀɴᴅ §6- 5.0x in auction for 500000.
[11:02:41] > dejuugarr remove x1 Dirt form storage
[11:02:41] > dejuugarr remove x5 §x§F§C§D§0§5§C§lB§x§E§6§D§3§6§B§la§x§C§F§D§5§7§A§ls§x§B§9§D§8§8§9§li§x§A§2§D§A§9§8§lc §x§7§5§D§F§B§6§lC§x§5§F§E§2§C§5§lr§x§7§5§D§F§B§6§la§x§8§C§D§D§A§7§lt§x§A§2§D§A§9§8§le §x§C§F§D§5§7§A§lK§x§E§6§D§3§6§B§le§x§F§C§D§0§5§C§ly form storage
[11:02:41] > johnowenz1 added x5 Trial key in auction for 20000.
[11:02:51] > johnowenz1 remove x5 Trial key from storage
[11:02:58] > johnowenz1 added x5 Trial key in auction for 20000.
[11:02:59] > dejuugarr added x5 §x§F§C§D§0§5§C§lB§x§E§6§D§3§6§B§la§x§C§F§D§5§7§A§ls§x§B§9§D§8§8§9§li§x§A§2§D§A§9§8§lc §x§7§5§D§F§B§6§lC§x§5§F§E§2§C§5§lr§x§7§5§D§F§B§6§la§x§8§C§D§D§A§7§lt§x§A§2§D§A§9§8§le §x§C§F§D§5§7§A§lK§x§E§6§D§3§6§B§le§x§F§C§D§0§5§C§ly in auction for 200000.
[11:03:57] > Uratakiz buy x5 §x§F§C§D§0§5§C§lB§x§E§6§D§3§6§B§la§x§C§F§D§5§7§A§ls§x§B§9§D§8§8§9§li§x§A§2§D§A§9§8§lc §x§7§5§D§F§B§6§lC§x§5§F§E§2§C§5§lr§x§7§5§D§F§B§6§la§x§8§C§D§D§A§7§lt§x§A§2§D§A§9§8§le §x§C§F§D§5§7§A§lK§x§E§6§D§3§6§B§le§x§F§C§D§0§5§C§ly to dejuugarr for $200,000.
[11:04:35] > Uratakiz remove x5 §x§F§C§D§0§5§C§lB§x§E§6§D§3§6§B§la§x§C§F§D§5§7§A§ls§x§B§9§D§8§8§9§li§x§A§2§D§A§9§8§lc §x§7§5§D§F§B§6§lC§x§5§F§E§2§C§5§lr§x§7§5§D§F§B§6§la§x§8§C§D§D§A§7§lt§x§A§2§D§A§9§8§le §x§C§F§D§5§7§A§lK§x§E§6§D§3§6§B§le§x§F§C§D§0§5§C§ly from buy
[11:07:28] > Uratakiz added x1 §x§F§F§7§C§0§0§lSteamsparks Shield in auction for 200000.
[11:07:31] > dejuugarr added x10 §x§F§C§9§0§5§C§lE§x§E§6§9§C§6§B§lp§x§C§F§A§7§7§A§li§x§B§9§B§3§8§9§lc §x§8§C§C§B§A§7§lC§x§7§5§D§6§B§6§lr§x§5§F§E§2§C§5§la§x§7§9§D§4§B§4§lt§x§9§3§C§7§A§2§le §x§C§8§A§B§7§F§lK§x§E§2§9§E§6§E§le§x§F§C§9§0§5§C§ly in auction for 700000.
[11:07:45] > Uratakiz added x1 §x§E§5§1§B§1§B§lDracula Hoe in auction for 100000.
[11:07:51] > Fogstrap buy x1 §x§E§5§1§B§1§B§lDracula Hoe to Uratakiz for $100,000.
[11:08:02] > alecczzz remove x1 §fHusk Plushie §6(#50/101) from storage
[11:08:02] > alecczzz remove x1 §x§F§F§7§C§0§0§lSteamsparks Boots from storage
[11:08:03] > alecczzz remove x1 §x§E§5§1§B§1§B§lDracula Spear from storage
[11:08:24] > Uratakiz added x5 §x§F§C§9§0§5§C§lE§x§E§6§9§C§6§B§lp§x§C§F§A§7§7§A§li§x§B§9§B§3§8§9§lc §x§8§C§C§B§A§7§lC§x§7§5§D§6§B§6§lr§x§5§F§E§2§C§5§la§x§7§9§D§4§B§4§lt§x§9§3§C§7§A§2§le §x§C§8§A§B§7§F§lK§x§E§2§9§E§6§E§le§x§F§C§9§0§5§C§ly in auction for 200000.
[11:09:15] > Uratakiz added x1 §x§E§5§1§B§1§B§lDracula Pickaxe in auction for 100000.
[11:09:19] > Fogstrap buy x1 §x§E§5§1§B§1§B§lDracula Pickaxe to Uratakiz for $100,000.
[11:11:20] > kysicx added x1 §x§F§F§5§5§0§0§lsᴇʟʟᴡᴀɴᴅ §6- 10.0x in auction for 1200000.
[11:12:09] > Uratakiz added x1 §x§F§F§5§5§0§0§lsᴇʟʟᴡᴀɴᴅ §6- 10.0x in auction for 1200000.
[11:12:15] > SenjuKawaragi buy x1 §x§F§F§5§5§0§0§lsᴇʟʟᴡᴀɴᴅ §6- 10.0x to kysicx for $1,200,000.
[11:12:17] > SenjuKawaragi buy x1 §x§F§F§5§5§0§0§lsᴇʟʟᴡᴀɴᴅ §6- 10.0x to Uratakiz for $1,200,000.
[11:12:19] > SenjuKawaragi remove x1 §x§F§F§5§5§0§0§lsᴇʟʟᴡᴀɴᴅ §6- 10.0x from buy
[11:12:20] > SenjuKawaragi remove x1 §x§F§F§5§5§0§0§lsᴇʟʟᴡᴀɴᴅ §6- 10.0x from buy
[11:13:15] > blueheadedzwager buy x1 Diamond hoe to nachfaust for $40,000.
[11:13:38] > SSinKin added x1 §x§F§F§5§5§0§0§lsᴇʟʟᴡᴀɴᴅ §6- 20.0x in auction for 3000000.
[11:14:28] > SSinKin remove x1 §x§F§F§5§5§0§0§lsᴇʟʟᴡᴀɴᴅ §6- 20.0x from storage
[11:14:48] > blueheadedzwager buy x1 §x§F§F§3§E§0§0§lD§x§F§F§3§7§0§0§le§x§F§F§3§0§0§0§lm§x§F§F§2§9§0§0§lo§x§F§F§2§2§0§0§ln §x§F§F§1§5§0§0§lL§x§F§F§0§E§0§0§lo§x§F§F§0§7§0§0§lr§x§F§F§0§0§0§0§ld §x§F§F§1§0§0§0§lP§x§F§F§1§7§0§0§li§x§F§F§1§F§0§0§lc§x§F§F§2§7§0§0§lk§x§F§F§2§F§0§0§la§x§F§F§3§6§0§0§lx§x§F§F§3§E§0§0§le to giyahnpogi for $2,500,000.
[11:15:20] > SSinKin remove x1 §x§F§F§5§5§0§0§lsᴇʟʟᴡᴀɴᴅ §6- 20.0x from expire
[11:15:27] > blueheadedzwager remove x1 §x§F§F§3§E§0§0§lD§x§F§F§3§7§0§0§le§x§F§F§3§0§0§0§lm§x§F§F§2§9§0§0§lo§x§F§F§2§2§0§0§ln §x§F§F§1§5§0§0§lL§x§F§F§0§E§0§0§lo§x§F§F§0§7§0§0§lr§x§F§F§0§0§0§0§ld §x§F§F§1§0§0§0§lP§x§F§F§1§7§0§0§li§x§F§F§1§F§0§0§lc§x§F§F§2§7§0§0§lk§x§F§F§2§F§0§0§la§x§F§F§3§6§0§0§lx§x§F§F§3§E§0§0§le from buy
[11:15:28] > blueheadedzwager remove x1 Diamond hoe from buy
[11:15:33] > SSinKin added x1 §x§F§F§5§5§0§0§lsᴇʟʟᴡᴀɴᴅ §6- 20.0x in auction for 2500000.
[11:15:36] > SenjuKawaragi buy x1 §x§F§F§5§5§0§0§lsᴇʟʟᴡᴀɴᴅ §6- 20.0x to SSinKin for $2,500,000.
[11:15:42] > SenjuKawaragi remove x1 §x§F§F§5§5§0§0§lsᴇʟʟᴡᴀɴᴅ §6- 20.0x from buy
[11:21:14] > Edabis added x1 §x§F§F§5§5§0§0§lsᴇʟʟᴡᴀɴᴅ §6- 10.0x in auction for 1100000.
[11:21:34] > Edabis remove x1 §x§F§F§7§C§0§0§lSteamsparks Hoe form expire
[11:23:00] > blueheadedzwager buy x1 Nether star to Johng10910 for $100,000.
[11:23:04] > blueheadedzwager remove x1 Nether star from buy
[11:36:08] > EnderDragon0120 added x1 §x§E§5§1§B§1§B§lDracula Sword in auction for 125000.
[11:37:23] > EnderDragon0120 added x1 §f§l§8B§x§6§2§6§2§6§2a§x§6§F§6§F§6§Fh§x§7§C§7§C§7§Ca§x§8§9§8§9§8§9m§x§9§6§9§6§9§6u§x§A§3§A§3§A§3t §x§9§6§9§6§9§6D§x§8§9§8§9§8§9a§x§7§C§7§C§7§Cg§x§6§F§6§F§6§Fg§x§6§2§6§2§6§2e§8r in auction for 300000.
[11:37:49] > AnyaChi buy x1 §x§E§5§1§B§1§B§lDracula Dagger to RizzaIck for $100,000.
[11:37:55] > AnyaChi buy x1 §x§F§F§7§C§0§0§lSteamsparks Staff to RizzaIck for $100,000.
[11:38:01] > AnyaChi buy x1 §x§E§5§1§B§1§B§lDracula Staff to RizzaIck for $100,000.
[11:38:08] > EnderDragon0120 added x1 §x§E§5§1§B§1§B§lDracula Axe in auction for 130000.
[11:38:37] > AnyaChi buy x1 §x§E§5§1§B§1§B§lDracula Dagger to monggol for $100,000.
[11:38:55] > AnyaChi buy x1 §x§5§F§E§2§C§5Emissary Fishing rod to Zypher_0w0 for $150,000.
[11:39:14] > AnyaChi buy x1 §x§F§F§7§C§0§0§lSteamsparks Boots to mumbowe777 for $100,000.
[11:40:09] > EnderDragon0120 added x1 §f§l§8B§x§6§2§6§2§6§2a§x§6§F§6§F§6§Fh§x§7§C§7§C§7§Ca§x§8§9§8§9§8§9m§x§9§6§9§6§9§6u§x§A§3§A§3§A§3t §x§9§6§9§6§9§6H§x§8§9§8§9§8§9a§x§7§C§7§C§7§Ct§x§6§F§6§F§6§F §x§6§2§6§2§6§2V§82 in auction for 200000.
[11:40:20] > xcapan buy x1 §f§l§8B§x§6§2§6§2§6§2a§x§6§F§6§F§6§Fh§x§7§C§7§C§7§Ca§x§8§9§8§9§8§9m§x§9§6§9§6§9§6u§x§A§3§A§3§A§3t §x§9§6§9§6§9§6H§x§8§9§8§9§8§9a§x§7§C§7§C§7§Ct§x§6§F§6§F§6§F §x§6§2§6§2§6§2V§82 to EnderDragon0120 for $200,000.
[11:40:26] > xcapan remove x1 §f§l§8B§x§6§2§6§2§6§2a§x§6§F§6§F§6§Fh§x§7§C§7§C§7§Ca§x§8§9§8§9§8§9m§x§9§6§9§6§9§6u§x§A§3§A§3§A§3t §x§9§6§9§6§9§6H§x§8§9§8§9§8§9a§x§7§C§7§C§7§Ct§x§6§F§6§F§6§F §x§6§2§6§2§6§2V§82 from buy
[11:40:56] > Fogstrap buy x1 §x§E§5§1§B§1§B§lDracula Axe to EnderDragon0120 for $130,000.
[11:41:20] > AnyaChi buy x1 §f§l§8B§x§6§2§6§2§6§2a§x§6§F§6§F§6§Fh§x§7§C§7§C§7§Ca§x§8§9§8§9§8§9m§x§9§6§9§6§9§6u§x§A§3§A§3§A§3t §x§9§6§9§6§9§6D§x§8§9§8§9§8§9a§x§7§C§7§C§7§Cg§x§6§F§6§F§6§Fg§x§6§2§6§2§6§2e§8r to ReKYee for $350,000.
[11:43:18] > Fogstrap remove x1 §x§E§5§1§B§1§B§lDracula Hoe from buy
[11:43:18] > Fogstrap remove x1 §x§E§5§1§B§1§B§lDracula Pickaxe from buy
[11:43:18] > Fogstrap remove x1 §x§E§5§1§B§1§B§lDracula Axe from buy
[11:50:14] > AnyaChi remove x1 §x§5§F§E§2§C§5Emissary Fishing rod from buy
[11:50:14] > AnyaChi remove x1 §x§F§F§7§C§0§0§lSteamsparks Staff from buy
[11:50:15] > AnyaChi remove x1 §x§F§F§7§C§0§0§lSteamsparks Boots from buy
[11:50:15] > AnyaChi remove x1 Enchanted book from buy
[11:50:15] > AnyaChi remove x1 Enchanted book from buy
[11:50:16] > AnyaChi remove x1 Enchanted book from buy
[11:50:16] > AnyaChi remove x1 §x§E§5§1§B§1§B§lDracula Staff from buy
[11:50:16] > AnyaChi remove x1 §x§E§5§1§B§1§B§lDracula Dagger from buy
[11:50:16] > AnyaChi remove x1 §f§l§8B§x§6§2§6§2§6§2a§x§6§F§6§F§6§Fh§x§7§C§7§C§7§Ca§x§8§9§8§9§8§9m§x§9§6§9§6§9§6u§x§A§3§A§3§A§3t §x§9§6§9§6§9§6D§x§8§9§8§9§8§9a§x§7§C§7§C§7§Cg§x§6§F§6§F§6§Fg§x§6§2§6§2§6§2e§8r from buy
[11:50:16] > AnyaChi remove x1 §x§E§5§1§B§1§B§lDracula Dagger from buy
[11:52:19] > HwanYo buy x1 §x§F§F§3§E§0§0§lSellwand Voucher to kiyomiuu1 for $1,000,000.
[11:52:22] > HwanYo buy x1 §x§F§F§5§5§0§0§lsᴇʟʟᴡᴀɴᴅ §6- 10.0x to Edabis for $1,100,000.
[11:52:49] > HwanYo remove x1 §x§F§F§3§E§0§0§lSellwand Voucher from buy
[11:54:26] > Cynishere added x1 §x§3§4§9§8§D§Bᴡɪᴛʜᴇʀ ꜱᴋᴇʟᴇᴛᴏɴ ꜱᴘᴀᴡɴᴇʀ in auction for 1000000.
[11:55:03] > .Allxnzv added x1 Trident in auction for 700000.