
[06:31:47] > PrezXie added x1 §x§F§0§7§A§5§4§lZombie Apocalyptic Shield in auction for 350000.
[06:34:10] > PrezXie buy x1 §x§F§0§7§A§5§4§lZombie Apocalyptic SMG to Khanetucky for $400 000.
[06:42:21] > subscrownic added x5 Netherite upgrade smithing template in auction for 50000.
[06:42:31] > PrezXie buy x5 Netherite upgrade smithing template to subscrownic for $50 000.
[06:42:48] > subscrownic buy x1 §x§F§C§9§0§5§C§lE§x§E§6§9§C§6§B§lp§x§C§F§A§7§7§A§li§x§B§9§B§3§8§9§lc §x§8§C§C§B§A§7§lC§x§7§5§D§6§B§6§lr§x§5§F§E§2§C§5§la§x§7§9§D§4§B§4§lt§x§9§3§C§7§A§2§le §x§C§8§A§B§7§F§lK§x§E§2§9§E§6§E§le§x§F§C§9§0§5§C§ly to Pxi for $25 000.
[07:05:38] > MrGh0st1y added x1 §eᴡᴀʀᴅᴇɴ ꜱᴘᴀᴡɴᴇʀ in auction for 500000.
[07:06:57] > celinesanrio remove x1 §x§F§0§7§A§5§4§lZombie Apocalyptic Hammer from storage
[07:06:59] > celinesanrio added x2 §x§F§F§3§E§0§0§lD§x§F§F§3§7§0§0§le§x§F§F§3§0§0§0§lm§x§F§F§2§9§0§0§lo§x§F§F§2§2§0§0§ln §x§F§F§1§5§0§0§lL§x§F§F§0§E§0§0§lo§x§F§F§0§7§0§0§lr§x§F§F§0§0§0§0§ld §x§F§F§0§E§0§0§lF§x§F§F§1§5§0§0§lr§x§F§F§1§C§0§0§la§x§F§F§2§2§0§0§lg§x§F§F§2§9§0§0§lm§x§F§F§3§0§0§0§le§x§F§F§3§7§0§0§ln§x§F§F§3§E§0§0§lt in auction for 150000.
[07:07:12] > Abbadex buy x2 §x§F§F§3§E§0§0§lD§x§F§F§3§7§0§0§le§x§F§F§3§0§0§0§lm§x§F§F§2§9§0§0§lo§x§F§F§2§2§0§0§ln §x§F§F§1§5§0§0§lL§x§F§F§0§E§0§0§lo§x§F§F§0§7§0§0§lr§x§F§F§0§0§0§0§ld §x§F§F§0§E§0§0§lF§x§F§F§1§5§0§0§lr§x§F§F§1§C§0§0§la§x§F§F§2§2§0§0§lg§x§F§F§2§9§0§0§lm§x§F§F§3§0§0§0§le§x§F§F§3§7§0§0§ln§x§F§F§3§E§0§0§lt to celinesanrio for $150 000.
[07:07:54] > celinesanrio added x1 §x§F§0§7§A§5§4§lZombie Apocalyptic Sword in auction for 250000.
[07:10:52] > x1 §x§5§9§A§1§D§9§lA§x§7§1§A§E§D§Er§x§8§8§B§C§E§4c§x§A§0§C§9§E§9h§x§B§8§D§7§E§Fa§x§D§0§E§4§F§4n§x§E§7§F§2§F§Ag§fe§x§E§7§F§2§F§Al §x§B§8§D§7§E§FS§x§A§0§C§9§E§9t§x§8§8§B§C§E§4a§x§7§1§A§E§D§Ef§x§5§9§A§1§D§9f on sale by _Mitsuriichan has just expired, it goes in the inventory of expired items.
[07:46:07] > x1 §x§5§9§A§1§D§9§lA§x§6§B§A§B§D§Dr§x§7§E§B§6§E§1c§x§9§0§C§0§E§6h§x§A§3§C§B§E§Aa§x§B§5§D§5§E§En§x§C§8§E§0§F§2g§x§D§A§E§A§F§7e§x§E§D§F§5§F§Bl §x§E§A§F§3§F§AC§x§D§6§E§8§F§6r§x§C§1§D§C§F§1o§x§A§C§D§0§E§Cs§x§9§7§C§4§E§7s§x§8§3§B§9§E§3b§x§6§E§A§D§D§Eo§x§5§9§A§1§D§9w on sale by Zypher_0w0 has just expired, it goes in the inventory of expired items.
[07:46:11] > Zenolite_ remove x1 §x§E§3§A§F§4§F§lʟᴇɢᴇɴᴅᴀʀʏ ɪᴛᴇᴍ form storage
[07:47:32] > MrGh0st1y remove x1 §eᴡᴀʀᴅᴇɴ ꜱᴘᴀᴡɴᴇʀ from storage
[07:47:51] > MrGh0st1y added x1 §eᴡᴀʀᴅᴇɴ ꜱᴘᴀᴡɴᴇʀ in auction for 250000.
[07:47:59] > MrGh0st1y remove x1 §eᴡᴀʀᴅᴇɴ ꜱᴘᴀᴡɴᴇʀ from storage
[07:51:00] > DUCKNYY added x1 Beacon in auction for 10000.
[07:51:19] > DUCKNYY remove x1 Beacon from storage
[07:51:36] > DUCKNYY added x1 Nether star in auction for 100000.
[07:51:43] > DUCKNYY remove x1 Nether star from storage
[07:51:56] > DUCKNYY added x1 Nether star in auction for 500000.
[07:52:04] > subscrownic added x3 Nether star in auction for 100000.
[07:52:16] > DUCKNYY added x1 Beacon in auction for 1000000.
[07:57:20] > subscrownic added x1 Bee nest in auction for 25000.
[08:33:48] > Lanchan68 buy x1 Swift Sneak III to HPMR_GaMerz for $500 000.
[09:07:53] > x1 §fGarchomp Tail on sale by InternetCafeUser has just expired, it goes in the inventory of expired items.
[09:29:14] > Drpeckles added x1 §7Cemetery Hat in auction for 150000.
[09:33:25] > _mae added x14 Obsidian in auction for 500.
[09:33:28] > ELITEAtlas buy x14 Obsidian to _mae for $500.
[09:34:31] > MrGh0st1y added x1 Nether star in auction for 25000.
[09:35:19] > MrGh0st1y added x1 Nether star in auction for 25000.
[09:35:35] > MrGh0st1y added x1 Nether star in auction for 25000.
[09:35:44] > MrGh0st1y added x1 Nether star in auction for 25000.
[09:38:26] > _mae added x20 Pink petals in auction for 50.
[09:38:29] > ELITEAtlas buy x20 Pink petals to _mae for $50.
[09:48:18] > ELITEAtlas added x1 §esᴋᴇʟᴇᴛᴏɴ sᴘᴀᴡɴᴇʀ in auction for 50000.
[09:48:22] > Kyslee buy x1 §esᴋᴇʟᴇᴛᴏɴ sᴘᴀᴡɴᴇʀ to ELITEAtlas for $50 000.
[09:49:05] > ELITEAtlas added x1 §eᴄᴏᴡ sᴘᴀᴡɴᴇʀ in auction for 20000.
[09:49:08] > grit_zy buy x1 §eᴄᴏᴡ sᴘᴀᴡɴᴇʀ to ELITEAtlas for $20 000.
[09:51:19] > ELITEAtlas added x1 §eᴄʀᴇᴇᴘᴇʀ sᴘᴀᴡɴᴇʀ in auction for 150000.
[09:51:31] > TostyZura buy x1 §eᴄʀᴇᴇᴘᴇʀ sᴘᴀᴡɴᴇʀ to ELITEAtlas for $150 000.
[10:20:21] > Yumi added x1 §x§F§C§D§0§5§C§lB§x§E§6§D§3§6§B§la§x§C§F§D§5§7§A§ls§x§B§9§D§8§8§9§li§x§A§2§D§A§9§8§lc §x§7§5§D§F§B§6§lC§x§5§F§E§2§C§5§lr§x§7§5§D§F§B§6§la§x§8§C§D§D§A§7§lt§x§A§2§D§A§9§8§le §x§C§F§D§5§7§A§lK§x§E§6§D§3§6§B§le§x§F§C§D§0§5§C§ly in auction for 1000.
[10:20:33] > Seris00 added x1 §x§F§F§5§5§0§0§lsᴇʟʟᴡᴀɴᴅ §6- 5.0x in auction for 125000.
[10:21:17] > Raylii buy x1 §x§F§F§5§5§0§0§lsᴇʟʟᴡᴀɴᴅ §6- 5.0x to Seris00 for $125 000.
[10:28:04] > namerikangel added x64 Grass block in auction for 100.
[10:28:04] > x1 §x§F§E§B§E§C§A§lSeason 3 Celebration Cake <3 on sale by InternetCafeUser has just expired, it goes in the inventory of expired items.
[10:37:37] > Yumi remove x1 §x§F§C§D§0§5§C§lB§x§E§6§D§3§6§B§la§x§C§F§D§5§7§A§ls§x§B§9§D§8§8§9§li§x§A§2§D§A§9§8§lc §x§7§5§D§F§B§6§lC§x§5§F§E§2§C§5§lr§x§7§5§D§F§B§6§la§x§8§C§D§D§A§7§lt§x§A§2§D§A§9§8§le §x§C§F§D§5§7§A§lK§x§E§6§D§3§6§B§le§x§F§C§D§0§5§C§ly from storage
[10:38:13] > namerikangel remove x1 §eᴄʀᴇᴇᴘᴇʀ sᴘᴀᴡɴᴇʀ from storage
[11:06:34] > x3 Beacon, item of theradumgamer404, has just expired, the item is definitively deleted.
[11:07:14] > HPMR_GaMerz buy x44 Pale oak log to subscrownic for $100.
[11:20:48] > HPMR_GaMerz added x1 §eʙʟᴀᴢᴇ sᴘᴀᴡɴᴇʀ in auction for 350000.
[11:20:50] > Kyslee buy x1 §eʙʟᴀᴢᴇ sᴘᴀᴡɴᴇʀ to HPMR_GaMerz for $350 000.
[11:20:56] > HPMR_GaMerz added x1 §eᴡɪᴛᴄʜ ꜱᴘᴀᴡɴᴇʀ in auction for 350000.
[11:20:58] > Kyslee buy x1 §eᴡɪᴛᴄʜ ꜱᴘᴀᴡɴᴇʀ to HPMR_GaMerz for $350 000.
[11:49:16] > Zypher_0w0 added x1 MOOREEE GUNPOWDER in auction for 150000.
[11:49:25] > Zypher_0w0 added x1 Okay MORE GUN POWDER in auction for 150000.
[11:49:30] > Zypher_0w0 added x1 MOORREEE in auction for 150000.
[11:50:37] > Zypher_0w0 remove x1 §f§x§F§4§F§F§2§7L§x§F§1§F§B§2§Ae§x§E§E§F§7§2§Dm§x§E§B§F§3§3§0o§x§E§7§E§F§3§2n§x§E§4§E§B§3§5 §x§E§1§E§7§3§8S§x§D§E§E§3§3§Bl§x§D§B§D§F§3§Ei§x§D§8§D§B§4§1c§x§D§5§D§7§4§4e§x§D§1§D§3§4§6 §x§C§E§C§F§4§9H§x§C§B§C§B§4§Ca§x§C§8§C§7§4§Ft from expire
[11:50:38] > Zypher_0w0 remove x1 §x§5§9§A§1§D§9§lA§x§6§B§A§B§D§Dr§x§7§E§B§6§E§1c§x§9§0§C§0§E§6h§x§A§3§C§B§E§Aa§x§B§5§D§5§E§En§x§C§8§E§0§F§2g§x§D§A§E§A§F§7e§x§E§D§F§5§F§Bl §x§E§A§F§3§F§AC§x§D§6§E§8§F§6r§x§C§1§D§C§F§1o§x§A§C§D§0§E§Cs§x§9§7§C§4§E§7s§x§8§3§B§9§E§3b§x§6§E§A§D§D§Eo§x§5§9§A§1§D§9w from expire
[11:50:45] > Zypher_0w0 added x64 Glowstone in auction for 640.
[11:50:56] > KnownasTravis buy x64 Glowstone to Zypher_0w0 for $640.
[12:02:00] > celinesanrio remove x1 §x§F§0§7§A§5§4§lZombie Apocalyptic Sword from storage
[12:02:06] > celinesanrio added x1 §x§F§F§3§E§0§0§lD§x§F§F§3§7§0§0§le§x§F§F§3§0§0§0§lm§x§F§F§2§9§0§0§lo§x§F§F§2§2§0§0§ln §x§F§F§1§5§0§0§lL§x§F§F§0§E§0§0§lo§x§F§F§0§7§0§0§lr§x§F§F§0§0§0§0§ld §x§F§F§0§E§0§0§lF§x§F§F§1§5§0§0§lr§x§F§F§1§C§0§0§la§x§F§F§2§2§0§0§lg§x§F§F§2§9§0§0§lm§x§F§F§3§0§0§0§le§x§F§F§3§7§0§0§ln§x§F§F§3§E§0§0§lt in auction for 100000.
[12:04:00] > Zypher_0w0 added x1 /pwarp go TotemTrade (3k per totem) in auction for 100000.
[12:07:08] > Raylii buy x1 §x§F§0§7§A§5§4§lZombie Apocalyptic Boots to .Acon1te4773 for $250 000.
[12:19:34] > Seris00 added x1 §x§F§F§5§5§0§0§lsᴇʟʟᴡᴀɴᴅ §6- 5.0x in auction for 125000.
[12:19:37] > celinesanrio buy x1 §x§F§F§5§5§0§0§lsᴇʟʟᴡᴀɴᴅ §6- 5.0x to Seris00 for $125 000.
[12:20:24] > Zypher_0w0 added x16 Ender pearl in auction for 10.
[12:20:35] > Zypher_0w0 added x16 Ender pearl in auction for 10.
[12:21:20] > grit_zy added x1 Potion in auction for 10.
[12:21:25] > celinesanrio buy x1 Potion to grit_zy for $10.
[12:21:29] > grit_zy added x1 Potion in auction for 10.
[12:21:33] > Kyslee buy x1 Potion to grit_zy for $10.
[12:21:41] > ELITEAtlas buy x1 §x§F§F§3§E§0§0§lD§x§F§F§3§7§0§0§le§x§F§F§3§0§0§0§lm§x§F§F§2§9§0§0§lo§x§F§F§2§2§0§0§ln §x§F§F§1§5§0§0§lL§x§F§F§0§E§0§0§lo§x§F§F§0§7§0§0§lr§x§F§F§0§0§0§0§ld §x§F§F§0§E§0§0§lF§x§F§F§1§5§0§0§lr§x§F§F§1§C§0§0§la§x§F§F§2§2§0§0§lg§x§F§F§2§9§0§0§lm§x§F§F§3§0§0§0§le§x§F§F§3§7§0§0§ln§x§F§F§3§E§0§0§lt to celinesanrio for $100 000.
[12:21:50] > _mae buy x16 Ender pearl to Zypher_0w0 for $10.
[12:21:57] > _mae buy x16 Ender pearl to Zypher_0w0 for $10.
[12:31:34] > grit_zy added x1 Potion in auction for 10.
[12:31:38] > celinesanrio buy x1 Potion to grit_zy for $10.
[13:00:48] > x1 §eᴄᴏᴡ sᴘᴀᴡɴᴇʀ on sale by Seris00 has just expired, it goes in the inventory of expired items.
[13:10:04] > MrGh0st1y remove x1 Nether star form storage
[13:10:04] > MrGh0st1y remove x1 Nether star form storage
[13:10:04] > MrGh0st1y remove x1 Nether star form storage
[13:10:04] > MrGh0st1y remove x1 Nether star form storage
[13:40:19] > Bestofphilipine added x1 §x§F§F§5§5§0§0§lsᴇʟʟᴡᴀɴᴅ §6- 5.0x in auction for 25000.
[13:40:24] > Raylii buy x1 §x§F§F§5§5§0§0§lsᴇʟʟᴡᴀɴᴅ §6- 5.0x to Bestofphilipine for $25 000.
[13:40:28] > Bestofphilipine added x1 §x§F§F§5§5§0§0§lsᴇʟʟᴡᴀɴᴅ §6- 5.0x in auction for 25000.
[13:40:32] > Abbadex buy x1 §x§F§F§5§5§0§0§lsᴇʟʟᴡᴀɴᴅ §6- 5.0x to Bestofphilipine for $25 000.
[13:44:06] > PrezXie buy x1 MOORREEE to Zypher_0w0 for $150 000.
[13:45:36] > BleuzzX buy x1 §x§F§C§D§0§5§C§lB§x§E§6§D§3§6§B§la§x§C§F§D§5§7§A§ls§x§B§9§D§8§8§9§li§x§A§2§D§A§9§8§lc §x§7§5§D§F§B§6§lC§x§5§F§E§2§C§5§lr§x§7§5§D§F§B§6§la§x§8§C§D§D§A§7§lt§x§A§2§D§A§9§8§le §x§C§F§D§5§7§A§lK§x§E§6§D§3§6§B§le§x§F§C§D§0§5§C§ly to Fenycra2010 for $1 000.
[14:35:14] > x64 Armadillo scute on sale by namerikangel has just expired, it goes in the inventory of expired items.
[14:35:35] > _mae buy x1 MOOREEE GUNPOWDER to Zypher_0w0 for $150 000.
[14:44:19] > Rain_Reinn buy x3 Nether star to subscrownic for $100 000.
[14:46:16] > Abbadex buy x1 §x§F§F§3§E§0§0§lD§x§F§F§3§7§0§0§le§x§F§F§3§0§0§0§lm§x§F§F§2§9§0§0§lo§x§F§F§2§2§0§0§ln §x§F§F§1§5§0§0§lL§x§F§F§0§E§0§0§lo§x§F§F§0§7§0§0§lr§x§F§F§0§0§0§0§ld §x§F§F§0§E§0§0§lF§x§F§F§1§5§0§0§lr§x§F§F§1§C§0§0§la§x§F§F§2§2§0§0§lg§x§F§F§2§9§0§0§lm§x§F§F§3§0§0§0§le§x§F§F§3§7§0§0§ln§x§F§F§3§E§0§0§lt to InternetCafeUser for $130 000.
[14:52:33] > Ilovewaifus added x1 §x§F§F§5§5§0§0§lsᴇʟʟᴡᴀɴᴅ §6- 5.0x in auction for 200000.
[14:52:36] > KnownasTravis buy x1 §x§F§F§5§5§0§0§lsᴇʟʟᴡᴀɴᴅ §6- 5.0x to Ilovewaifus for $200 000.
[14:54:18] > Ilovewaifus buy x1 Nether star to .DeivePlayz for $20 000.
[14:56:15] > Ilovewaifus added x2 Nether star in auction for 50000.
[14:56:36] > Ilovewaifus added x3 Beacon in auction for 100000.
[15:13:55] > CeeJaiye added x1 §eᴡɪᴛʜᴇʀ ꜱᴋᴇʟᴇᴛᴏɴ ꜱᴘᴀᴡɴᴇʀ in auction for 400000.
[15:13:55] > x1 §x§5§9§A§1§D§9§lA§x§6§E§A§D§D§Er§x§8§3§B§9§E§3c§x§9§7§C§4§E§7h§x§A§C§D§0§E§Ca§x§C§1§D§C§F§1n§x§D§6§E§8§F§6g§x§E§A§F§3§F§Ae§fl §x§D§0§E§4§F§4H§x§B§8§D§7§E§Fa§x§A§0§C§9§E§9m§x§8§8§B§C§E§4m§x§7§1§A§E§D§Ee§x§5§9§A§1§D§9r on sale by KnownasTravis has just expired, it goes in the inventory of expired items.
[15:16:26] > Lanchan68 added x1 Enchanted book in auction for 10000.
[15:16:41] > Lanchan68 added x1 Enchanted book in auction for 10000.
[15:19:45] > CeeJaiye added x1 §eᴡᴀʀᴅᴇɴ ꜱᴘᴀᴡɴᴇʀ in auction for 350000.
[15:20:11] > fantoofy buy x64 Grass block to namerikangel for $100.
[15:20:54] > Unforce01 buy x1 Enchanted book to Lanchan68 for $10 000.
[15:20:59] > Unforce01 buy x1 Enchanted book to Lanchan68 for $10 000.
[15:21:51] > Rain_Reinn buy x1 §x§5§9§A§1§D§9§lA§x§6§B§A§B§D§Dr§x§7§E§B§6§E§1c§x§9§0§C§0§E§6h§x§A§3§C§B§E§Aa§x§B§5§D§5§E§En§x§C§8§E§0§F§2g§x§D§A§E§A§F§7e§x§E§D§F§5§F§Bl §x§E§A§F§3§F§AB§x§D§6§E§8§F§6a§x§C§1§D§C§F§1c§x§A§C§D§0§E§Ck§x§9§7§C§4§E§7p§x§8§3§B§9§E§3a§x§6§E§A§D§D§Ec§x§5§9§A§1§D§9k to HPMR_GaMerz for $700 000.
[15:24:52] > _mae added x1 §x§F§F§3§E§0§0§lD§x§F§F§3§5§0§0§le§x§F§F§2§C§0§0§lm§x§F§F§2§3§0§0§lo§x§F§F§1§B§0§0§ln §x§F§F§0§9§0§0§lL§x§F§F§0§0§0§0§lo§x§F§F§0§A§0§0§lr§x§F§F§1§5§0§0§ld §x§F§F§2§9§0§0§lH§x§F§F§3§4§0§0§lo§x§F§F§3§E§0§0§le in auction for 400000.
[15:34:32] > CeeJaiye added x1 §x§F§0§7§A§5§4§lZombie Apocalyptic Halberd in auction for 250000.
[15:36:19] > _mae added x1 §x§F§0§7§A§5§4§lZombie Apocalyptic Dagger in auction for 100000000.
[15:47:15] > _mae remove x1 §x§F§0§7§A§5§4§lZombie Apocalyptic Dagger from storage
[15:48:51] > _mae remove x1 §x§F§F§3§E§0§0§lD§x§F§F§3§7§0§0§le§x§F§F§3§0§0§0§lm§x§F§F§2§9§0§0§lo§x§F§F§2§2§0§0§ln §x§F§F§1§5§0§0§lL§x§F§F§0§E§0§0§lo§x§F§F§0§7§0§0§lr§x§F§F§0§0§0§0§ld §x§F§F§0§E§0§0§lL§x§F§F§1§5§0§0§le§x§F§F§1§C§0§0§lg§x§F§F§2§2§0§0§lg§x§F§F§2§9§0§0§li§x§F§F§3§0§0§0§ln§x§F§F§3§7§0§0§lg§x§F§F§3§E§0§0§ls from storage
[15:48:52] > _mae remove x5 Beacon from storage
[15:48:53] > _mae remove x1 §x§F§F§3§E§0§0§lD§x§F§F§3§5§0§0§le§x§F§F§2§C§0§0§lm§x§F§F§2§3§0§0§lo§x§F§F§1§B§0§0§ln §x§F§F§0§9§0§0§lL§x§F§F§0§0§0§0§lo§x§F§F§0§A§0§0§lr§x§F§F§1§5§0§0§ld §x§F§F§2§9§0§0§lH§x§F§F§3§4§0§0§lo§x§F§F§3§E§0§0§le from storage
[15:51:58] > _mae buy x1 §x§F§0§7§A§5§4§lZombie Apocalyptic Key to HPMR_GaMerz for $500 000.
[15:56:32] > HPMR_GaMerz added x1 §x§F§0§7§A§5§4§lZombie Apocalyptic Key in auction for 600000.
[15:56:50] > HPMR_GaMerz added x1 Swift Sneak III in auction for 600000.
[15:57:18] > fantoofy buy x64 Stone to Truk_Harbos for $200.
[15:57:26] > fantoofy buy x64 Stone to Truk_Harbos for $200.
[16:00:51] > ItsYourMilo buy x1 §x§F§F§3§E§0§0§lD§x§F§F§3§6§0§0§le§x§F§F§2§F§0§0§lm§x§F§F§2§7§0§0§lo§x§F§F§1§F§0§0§ln §x§F§F§1§0§0§0§lL§x§F§F§0§8§0§0§lo§x§F§F§0§0§0§0§lr§x§F§F§0§9§0§0§ld §x§F§F§1§B§0§0§lS§x§F§F§2§3§0§0§lp§x§F§F§2§C§0§0§le§x§F§F§3§5§0§0§la§x§F§F§3§E§0§0§lr to Abbadex for $100 000.
[16:06:52] > ELITEAtlas added x1 §x§F§0§7§A§5§4§lZombie Apocalyptic Boots in auction for 150000.
[16:07:33] > HPMR_GaMerz buy x1 §x§F§0§7§A§5§4§lZombie Apocalyptic Boots to ELITEAtlas for $150 000.
[16:07:59] > HPMR_GaMerz added x1 §x§F§0§7§A§5§4§lZombie Apocalyptic Boots in auction for 300000.
[16:17:04] > ELITEAtlas buy x1 Okay MORE GUN POWDER to Zypher_0w0 for $150 000.
[16:19:15] > Seris00 added x1 §x§F§F§5§5§0§0§lsᴇʟʟᴡᴀɴᴅ §6- 5.0x in auction for 125000.
[16:19:21] > HPMR_GaMerz buy x1 §x§F§F§5§5§0§0§lsᴇʟʟᴡᴀɴᴅ §6- 5.0x to Seris00 for $125 000.
[16:22:36] > Zypher_0w0 added x1 Did someone say TNT ? in auction for 150000.
[17:15:59] > Ashdubh1042 buy x4 Spruce sapling to subscrownic for $100.
[17:23:08] > x7 GO /pwarp go PvpArena to fight ppl in arena on sale by Cynishere has just expired, it goes in the inventory of expired items.
[17:23:08] > x64 /pwarp go RayotShop for fireworks/books/food on sale by Kyslee has just expired, it goes in the inventory of expired items.
[17:25:08] > ImSneqkyy buy x1 §eᴡᴀʀᴅᴇɴ ꜱᴘᴀᴡɴᴇʀ to CeeJaiye for $350 000.
[17:32:39] > leafsmh added x1 Visit1WillowShoppls in auction for 9999999.
[17:33:16] > Lazyskip buy x1 Did someone say TNT ? to Zypher_0w0 for $150 000.
[17:33:28] > DNLGGY added x1 Bee nest in auction for 10000.
[17:33:35] > HPMR_GaMerz buy x1 Bee nest to DNLGGY for $10 000.
[17:46:42] > Lazyskip added x1 Villager spawn egg in auction for 100000.
[17:46:48] > Lazyskip added x1 Villager spawn egg in auction for 100000.
[17:46:50] > HPMR_GaMerz buy x1 Villager spawn egg to Lazyskip for $100 000.
[17:49:38] > HPMR_GaMerz added x1 Villager spawn egg in auction for 1000000.
[17:53:54] > HPMR_GaMerz added x10 §x§8§8§E§C§3§3§lV§x§8§2§E§B§4§8§lo§x§7§C§E§9§5§D§lt§x§7§6§E§8§7§2§le §x§6§B§E§5§9§B§lC§x§6§5§E§3§B§0§lr§x§5§F§E§2§C§5§la§x§6§6§E§4§A§D§lt§x§6§D§E§5§9§4§le §x§7§A§E§9§6§4§lK§x§8§1§E§A§4§B§le§x§8§8§E§C§3§3§ly in auction for 1500000.
[17:55:55] > HPMR_GaMerz remove x64 Bone block from storage
[17:55:59] > HPMR_GaMerz added x1 §x§F§F§3§E§0§0§lD§x§F§F§3§7§0§0§le§x§F§F§3§0§0§0§lm§x§F§F§2§9§0§0§lo§x§F§F§2§2§0§0§ln §x§F§F§1§5§0§0§lL§x§F§F§0§E§0§0§lo§x§F§F§0§7§0§0§lr§x§F§F§0§0§0§0§ld §x§F§F§0§E§0§0§lF§x§F§F§1§5§0§0§lr§x§F§F§1§C§0§0§la§x§F§F§2§2§0§0§lg§x§F§F§2§9§0§0§lm§x§F§F§3§0§0§0§le§x§F§F§3§7§0§0§ln§x§F§F§3§E§0§0§lt in auction for 150000.
[17:56:31] > HPMR_GaMerz remove x1 §x§F§F§3§E§0§0§lD§x§F§F§3§7§0§0§le§x§F§F§3§0§0§0§lm§x§F§F§2§9§0§0§lo§x§F§F§2§2§0§0§ln §x§F§F§1§5§0§0§lL§x§F§F§0§E§0§0§lo§x§F§F§0§7§0§0§lr§x§F§F§0§0§0§0§ld §x§F§F§0§E§0§0§lF§x§F§F§1§5§0§0§lr§x§F§F§1§C§0§0§la§x§F§F§2§2§0§0§lg§x§F§F§2§9§0§0§lm§x§F§F§3§0§0§0§le§x§F§F§3§7§0§0§ln§x§F§F§3§E§0§0§lt from storage
[17:56:32] > HPMR_GaMerz remove x10 §x§8§8§E§C§3§3§lV§x§8§2§E§B§4§8§lo§x§7§C§E§9§5§D§lt§x§7§6§E§8§7§2§le §x§6§B§E§5§9§B§lC§x§6§5§E§3§B§0§lr§x§5§F§E§2§C§5§la§x§6§6§E§4§A§D§lt§x§6§D§E§5§9§4§le §x§7§A§E§9§6§4§lK§x§8§1§E§A§4§B§le§x§8§8§E§C§3§3§ly from storage
[17:56:36] > HPMR_GaMerz added x1 §x§F§F§3§E§0§0§lD§x§F§F§3§7§0§0§le§x§F§F§3§0§0§0§lm§x§F§F§2§9§0§0§lo§x§F§F§2§2§0§0§ln §x§F§F§1§5§0§0§lL§x§F§F§0§E§0§0§lo§x§F§F§0§7§0§0§lr§x§F§F§0§0§0§0§ld §x§F§F§0§E§0§0§lF§x§F§F§1§5§0§0§lr§x§F§F§1§C§0§0§la§x§F§F§2§2§0§0§lg§x§F§F§2§9§0§0§lm§x§F§F§3§0§0§0§le§x§F§F§3§7§0§0§ln§x§F§F§3§E§0§0§lt in auction for 150000.
[18:19:58] > HPMR_GaMerz buy x1 Villager spawn egg to Lazyskip for $100 000.
[18:20:11] > HPMR_GaMerz added x1 Villager spawn egg in auction for 1000000.
[18:30:52] > celinesanrio remove x1 §x§F§0§7§A§5§4§lZombie Apocalyptic Axe form storage
[18:30:52] > celinesanrio remove x1 §x§5§9§A§1§D§9§lA§x§6§E§A§D§D§Er§x§8§3§B§9§E§3c§x§9§7§C§4§E§7h§x§A§C§D§0§E§Ca§x§C§1§D§C§F§1n§x§D§6§E§8§F§6g§x§E§A§F§3§F§Ae§fl §x§D§0§E§4§F§4H§x§B§8§D§7§E§Fa§x§A§0§C§9§E§9m§x§8§8§B§C§E§4m§x§7§1§A§E§D§Ee§x§5§9§A§1§D§9r form storage
[18:30:52] > celinesanrio remove x1 §x§F§0§7§A§5§4§lZombie Apocalyptic Shovel form storage
[18:30:52] > celinesanrio remove x1 §x§F§0§7§A§5§4§lZombie Apocalyptic Chestplate form storage
[18:30:52] > celinesanrio remove x1 §x§F§0§7§A§5§4§lZombie Apocalyptic Axe form storage
[18:30:52] > celinesanrio remove x1 §x§F§0§7§A§5§4§lZombie Apocalyptic Big Sword form storage
[18:30:52] > celinesanrio remove x1 §x§5§9§A§1§D§9§lA§x§6§E§A§D§D§Er§x§8§3§B§9§E§3c§x§9§7§C§4§E§7h§x§A§C§D§0§E§Ca§x§C§1§D§C§F§1n§x§D§6§E§8§F§6g§x§E§A§F§3§F§Ae§fl §x§D§0§E§4§F§4H§x§B§8§D§7§E§Fa§x§A§0§C§9§E§9m§x§8§8§B§C§E§4m§x§7§1§A§E§D§Ee§x§5§9§A§1§D§9r form storage
[18:30:52] > celinesanrio remove x1 §x§F§0§7§A§5§4§lZombie Apocalyptic Shovel form storage
[18:35:49] > celinesanrio remove x1 §x§F§0§7§A§5§4§lZombie Apocalyptic Leggings form storage
[18:35:55] > x1 Grass block, item of missingarchive, has just expired, the item is definitively deleted.
[18:35:55] > x1 Grass block, item of missingarchive, has just expired, the item is definitively deleted.
[18:35:55] > x1 Grass block, item of missingarchive, has just expired, the item is definitively deleted.
[18:35:55] > x1 Grass block, item of missingarchive, has just expired, the item is definitively deleted.
[18:35:55] > x1 Grass block, item of missingarchive, has just expired, the item is definitively deleted.
[18:35:55] > x1 §esᴘɪᴅᴇʀ sᴘᴀᴡɴᴇʀ, item of leafsmh, has just expired, the item is definitively deleted.
[19:14:19] > celinesanrio added x1 §x§F§0§7§A§5§4§lZombie Apocalyptic Chestplate in auction for 250000.
[19:14:34] > celinesanrio added x1 §x§F§0§7§A§5§4§lZombie Apocalyptic Leggings in auction for 250000.
[19:14:52] > celinesanrio added x1 §x§5§9§A§1§D§9§lA§x§6§E§A§D§D§Er§x§8§3§B§9§E§3c§x§9§7§C§4§E§7h§x§A§C§D§0§E§Ca§x§C§1§D§C§F§1n§x§D§6§E§8§F§6g§x§E§A§F§3§F§Ae§fl §x§D§0§E§4§F§4H§x§B§8§D§7§E§Fa§x§A§0§C§9§E§9m§x§8§8§B§C§E§4m§x§7§1§A§E§D§Ee§x§5§9§A§1§D§9r in auction for 200000.
[19:16:04] > celinesanrio added x1 §x§5§9§A§1§D§9§lA§x§6§E§A§D§D§Er§x§8§3§B§9§E§3c§x§9§7§C§4§E§7h§x§A§C§D§0§E§Ca§x§C§1§D§C§F§1n§x§D§6§E§8§F§6g§x§E§A§F§3§F§Ae§fl §x§D§0§E§4§F§4H§x§B§8§D§7§E§Fa§x§A§0§C§9§E§9m§x§8§8§B§C§E§4m§x§7§1§A§E§D§Ee§x§5§9§A§1§D§9r in auction for 200000.
[19:23:36] > x1 §fShogun Shield on sale by Abbadex has just expired, it goes in the inventory of expired items.
[19:24:13] > HPMR_GaMerz remove x1 §x§F§F§3§E§0§0§lD§x§F§F§3§7§0§0§le§x§F§F§3§0§0§0§lm§x§F§F§2§9§0§0§lo§x§F§F§2§2§0§0§ln §x§F§F§1§5§0§0§lL§x§F§F§0§E§0§0§lo§x§F§F§0§7§0§0§lr§x§F§F§0§0§0§0§ld §x§F§F§0§E§0§0§lF§x§F§F§1§5§0§0§lr§x§F§F§1§C§0§0§la§x§F§F§2§2§0§0§lg§x§F§F§2§9§0§0§lm§x§F§F§3§0§0§0§le§x§F§F§3§7§0§0§ln§x§F§F§3§E§0§0§lt from storage
[19:24:19] > HPMR_GaMerz added x1 §x§F§F§3§E§0§0§lD§x§F§F§3§7§0§0§le§x§F§F§3§0§0§0§lm§x§F§F§2§9§0§0§lo§x§F§F§2§2§0§0§ln §x§F§F§1§5§0§0§lL§x§F§F§0§E§0§0§lo§x§F§F§0§7§0§0§lr§x§F§F§0§0§0§0§ld §x§F§F§0§E§0§0§lF§x§F§F§1§5§0§0§lr§x§F§F§1§C§0§0§la§x§F§F§2§2§0§0§lg§x§F§F§2§9§0§0§lm§x§F§F§3§0§0§0§le§x§F§F§3§7§0§0§ln§x§F§F§3§E§0§0§lt in auction for 100000.
[19:24:25] > Abbadex buy x1 §x§F§F§3§E§0§0§lD§x§F§F§3§7§0§0§le§x§F§F§3§0§0§0§lm§x§F§F§2§9§0§0§lo§x§F§F§2§2§0§0§ln §x§F§F§1§5§0§0§lL§x§F§F§0§E§0§0§lo§x§F§F§0§7§0§0§lr§x§F§F§0§0§0§0§ld §x§F§F§0§E§0§0§lF§x§F§F§1§5§0§0§lr§x§F§F§1§C§0§0§la§x§F§F§2§2§0§0§lg§x§F§F§2§9§0§0§lm§x§F§F§3§0§0§0§le§x§F§F§3§7§0§0§ln§x§F§F§3§E§0§0§lt to HPMR_GaMerz for $100 000.
[19:24:31] > celinesanrio added x1 §x§F§0§7§A§5§4§lZombie Apocalyptic Shovel in auction for 225000.
[19:24:38] > celinesanrio added x1 §x§F§0§7§A§5§4§lZombie Apocalyptic Axe in auction for 225000.
[19:24:44] > celinesanrio added x1 §x§F§0§7§A§5§4§lZombie Apocalyptic Shovel in auction for 225000.
[19:24:49] > celinesanrio added x1 §x§F§0§7§A§5§4§lZombie Apocalyptic Axe in auction for 225000.
[19:25:07] > celinesanrio added x1 §x§F§0§7§A§5§4§lZombie Apocalyptic Halberd in auction for 250000.
[19:25:16] > celinesanrio added x1 §x§F§0§7§A§5§4§lZombie Apocalyptic Halberd in auction for 250000.
[19:50:27] > Rain_Reinn buy x1 §7Cemetery Hat to Khanetucky for $30 000.
[21:59:51] > Abbadex added x1 Enchanted book in auction for 50000.
[22:00:36] > .cruks5417 buy x1 Enchanted book to Abbadex for $50 000.
[02:23:40] > CrazyClown876 added x15 Slime block in auction for 150.
[02:24:01] > CrazyClown876 remove x15 Slime block from storage
[02:26:25] > subscrownic buy x1 §fShogun Pickaxe to Khanetucky for $80 000.
[03:01:55] > subscrownic added x1 Shulker shell in auction for 10.
[04:46:24] > Bestofphilipine added x1 Beacon in auction for 10000.
[04:48:46] > Bestofphilipine added x1 §x§F§F§5§5§0§0§lsᴇʟʟᴡᴀɴᴅ §6- 5.0x in auction for 50000.
[04:48:57] > azi buy x1 §x§F§F§5§5§0§0§lsᴇʟʟᴡᴀɴᴅ §6- 5.0x to Bestofphilipine for $50 000.
[04:53:26] > Bestofphilipine added x1 §x§F§F§5§5§0§0§lsᴇʟʟᴡᴀɴᴅ §6- 10.0x in auction for 100000.
[04:53:33] > azi buy x1 §x§F§F§5§5§0§0§lsᴇʟʟᴡᴀɴᴅ §6- 10.0x to Bestofphilipine for $100 000.
[06:38:46] > InternetCafeUser buy x1 §x§F§0§7§A§5§4§lZombie Apocalyptic Shield to PrezXie for $350 000.
[06:51:52] > azi added x1 §eᴡᴀʀᴅᴇɴ ꜱᴘᴀᴡɴᴇʀ in auction for 200000.
[06:52:13] > azi added x1 §eᴡɪᴛʜᴇʀ ꜱᴋᴇʟᴇᴛᴏɴ ꜱᴘᴀᴡɴᴇʀ in auction for 165000.
[07:20:29] > celinesanrio buy x1 §eᴡɪᴛʜᴇʀ ꜱᴋᴇʟᴇᴛᴏɴ ꜱᴘᴀᴡɴᴇʀ to azi for $165 000.
[07:20:31] > celinesanrio buy x1 §eᴡᴀʀᴅᴇɴ ꜱᴘᴀᴡɴᴇʀ to azi for $200 000.
[07:25:08] > MrGh0st1y added x1 §x§F§0§7§A§5§4§lZombie Apocalyptic Pickaxe in auction for 100000.
[07:25:13] > celinesanrio buy x1 §x§F§0§7§A§5§4§lZombie Apocalyptic Pickaxe to MrGh0st1y for $100 000.
[07:25:22] > celinesanrio buy x1 Shulker shell to subscrownic for $10.
[07:32:15] > Abbadex added x1 §x§F§F§3§E§0§0§lD§x§F§F§3§6§0§0§le§x§F§F§2§F§0§0§lm§x§F§F§2§7§0§0§lo§x§F§F§1§F§0§0§ln §x§F§F§1§0§0§0§lL§x§F§F§0§8§0§0§lo§x§F§F§0§0§0§0§lr§x§F§F§0§8§0§0§ld §x§F§F§1§7§0§0§lS§x§F§F§1§F§0§0§lh§x§F§F§2§7§0§0§lo§x§F§F§2§F§0§0§lv§x§F§F§3§6§0§0§le§x§F§F§3§E§0§0§ll in auction for 250000.
[07:32:21] > InternetCafeUser buy x1 §x§F§F§3§E§0§0§lD§x§F§F§3§6§0§0§le§x§F§F§2§F§0§0§lm§x§F§F§2§7§0§0§lo§x§F§F§1§F§0§0§ln §x§F§F§1§0§0§0§lL§x§F§F§0§8§0§0§lo§x§F§F§0§0§0§0§lr§x§F§F§0§8§0§0§ld §x§F§F§1§7§0§0§lS§x§F§F§1§F§0§0§lh§x§F§F§2§7§0§0§lo§x§F§F§2§F§0§0§lv§x§F§F§3§6§0§0§le§x§F§F§3§E§0§0§ll to Abbadex for $250 000.
[07:37:08] > x1 §x§6§0§0§0§F§F§lɢᴏᴅʟʏ ɪᴛᴇᴍ on sale by KnownasTravis has just expired, it goes in the inventory of expired items.
[07:37:24] > ELITEAtlas added x1 §eᴢᴏᴍʙɪᴇ sᴘᴀᴡɴᴇʀ in auction for 300000.
[07:37:41] > ELITEAtlas added x1 §eᴄʜɪᴄᴋᴇɴ sᴘᴀᴡɴᴇʀ in auction for 50000.
[07:37:46] > celinesanrio buy x1 §eᴄʜɪᴄᴋᴇɴ sᴘᴀᴡɴᴇʀ to ELITEAtlas for $50 000.
[07:37:48] > celinesanrio buy x1 §eᴢᴏᴍʙɪᴇ sᴘᴀᴡɴᴇʀ to ELITEAtlas for $300 000.
[07:38:58] > ELITEAtlas added x1 §esᴘɪᴅᴇʀ sᴘᴀᴡɴᴇʀ in auction for 300000.
[07:39:10] > celinesanrio buy x1 §esᴘɪᴅᴇʀ sᴘᴀᴡɴᴇʀ to ELITEAtlas for $300 000.
[07:41:51] > x1 §x§F§0§7§A§5§4§lZombie Apocalyptic Boots on sale by softlattee has just expired, it goes in the inventory of expired items.
[07:42:41] > celinesanrio remove x1 §x§F§0§7§A§5§4§lZombie Apocalyptic Chestplate form storage
[07:42:41] > celinesanrio remove x1 §x§F§0§7§A§5§4§lZombie Apocalyptic Shovel form storage
[07:42:41] > celinesanrio remove x1 §x§5§9§A§1§D§9§lA§x§6§E§A§D§D§Er§x§8§3§B§9§E§3c§x§9§7§C§4§E§7h§x§A§C§D§0§E§Ca§x§C§1§D§C§F§1n§x§D§6§E§8§F§6g§x§E§A§F§3§F§Ae§fl §x§D§0§E§4§F§4H§x§B§8§D§7§E§Fa§x§A§0§C§9§E§9m§x§8§8§B§C§E§4m§x§7§1§A§E§D§Ee§x§5§9§A§1§D§9r form storage
[07:42:41] > x1 §x§F§0§7§A§5§4§lZombie Apocalyptic Boots on sale by ImSneqkyy has just expired, it goes in the inventory of expired items.
[07:42:41] > celinesanrio remove x1 §x§F§0§7§A§5§4§lZombie Apocalyptic Axe form storage
[07:42:41] > celinesanrio remove x1 §x§F§0§7§A§5§4§lZombie Apocalyptic Halberd form storage
[07:42:41] > celinesanrio remove x1 §x§F§0§7§A§5§4§lZombie Apocalyptic Halberd form storage
[07:42:41] > celinesanrio remove x1 §x§F§0§7§A§5§4§lZombie Apocalyptic Leggings form storage
[07:42:41] > celinesanrio remove x1 §x§5§9§A§1§D§9§lA§x§6§E§A§D§D§Er§x§8§3§B§9§E§3c§x§9§7§C§4§E§7h§x§A§C§D§0§E§Ca§x§C§1§D§C§F§1n§x§D§6§E§8§F§6g§x§E§A§F§3§F§Ae§fl §x§D§0§E§4§F§4H§x§B§8§D§7§E§Fa§x§A§0§C§9§E§9m§x§8§8§B§C§E§4m§x§7§1§A§E§D§Ee§x§5§9§A§1§D§9r form storage
[07:42:41] > celinesanrio remove x1 §x§F§0§7§A§5§4§lZombie Apocalyptic Shovel form storage
[07:42:41] > celinesanrio remove x1 §x§F§0§7§A§5§4§lZombie Apocalyptic Axe form storage
[07:43:53] > celinesanrio added x1 ZA crate in auction for 3000000.
[07:47:45] > x1 §x§F§0§7§A§5§4§lZombie Apocalyptic SMG on sale by ImSneqkyy has just expired, it goes in the inventory of expired items.
[07:50:24] > ELITEAtlas buy x1 §x§F§F§3§E§0§0§lD§x§F§F§3§5§0§0§le§x§F§F§2§C§0§0§lm§x§F§F§2§3§0§0§lo§x§F§F§1§B§0§0§ln §x§F§F§0§9§0§0§lL§x§F§F§0§0§0§0§lo§x§F§F§0§A§0§0§lr§x§F§F§1§5§0§0§ld §x§F§F§2§9§0§0§lK§x§F§F§3§4§0§0§le§x§F§F§3§E§0§0§ly to Abbadex for $300 000.
[07:50:29] > ELITEAtlas buy x1 §x§F§F§3§E§0§0§lD§x§F§F§3§5§0§0§le§x§F§F§2§C§0§0§lm§x§F§F§2§3§0§0§lo§x§F§F§1§B§0§0§ln §x§F§F§0§9§0§0§lL§x§F§F§0§0§0§0§lo§x§F§F§0§A§0§0§lr§x§F§F§1§5§0§0§ld §x§F§F§2§9§0§0§lK§x§F§F§3§4§0§0§le§x§F§F§3§E§0§0§ly to Abbadex for $300 000.
[07:57:19] > Zen0969 added x1 §x§F§C§9§0§5§C§lE§x§E§6§9§C§6§B§lp§x§C§F§A§7§7§A§li§x§B§9§B§3§8§9§lc §x§8§C§C§B§A§7§lC§x§7§5§D§6§B§6§lr§x§5§F§E§2§C§5§la§x§7§9§D§4§B§4§lt§x§9§3§C§7§A§2§le §x§C§8§A§B§7§F§lK§x§E§2§9§E§6§E§le§x§F§C§9§0§5§C§ly in auction for 10.
[07:57:25] > celinesanrio buy x1 §x§F§C§9§0§5§C§lE§x§E§6§9§C§6§B§lp§x§C§F§A§7§7§A§li§x§B§9§B§3§8§9§lc §x§8§C§C§B§A§7§lC§x§7§5§D§6§B§6§lr§x§5§F§E§2§C§5§la§x§7§9§D§4§B§4§lt§x§9§3§C§7§A§2§le §x§C§8§A§B§7§F§lK§x§E§2§9§E§6§E§le§x§F§C§9§0§5§C§ly to Zen0969 for $10.
[07:57:33] > celinesanrio added x4 §x§F§C§9§0§5§C§lE§x§E§6§9§C§6§B§lp§x§C§F§A§7§7§A§li§x§B§9§B§3§8§9§lc §x§8§C§C§B§A§7§lC§x§7§5§D§6§B§6§lr§x§5§F§E§2§C§5§la§x§7§9§D§4§B§4§lt§x§9§3§C§7§A§2§le §x§C§8§A§B§7§F§lK§x§E§2§9§E§6§E§le§x§F§C§9§0§5§C§ly in auction for 4000.
[07:57:40] > celinesanrio remove x1 ZA crate from storage
[07:57:47] > celinesanrio added x1 ZA crate in auction for 2000000.
[08:09:50] > celinesanrio remove x1 ZA crate from storage
[08:09:55] > celinesanrio added x1 ZA crate in auction for 1900000.
[08:28:20] > x1 Nether star, item of Desdo, has just expired, the item is definitively deleted.
[08:32:16] > Zypher_0w0 added x1 Gun ......... pew pew in auction for 150000.