
[03:32:58] > Zypher_0w0 added x1 §x§E§3§A§F§4§F§lʟᴇɢᴇɴᴅᴀʀʏ ɪᴛᴇᴍ in auction for 250000.
[03:33:07] > Zypher_0w0 added x1 §x§E§3§A§F§4§F§lʟᴇɢᴇɴᴅᴀʀʏ ɪᴛᴇᴍ in auction for 250000.
[10:03:05] > Piploploop added x1 §x§3§1§3§7§F§F§lS§x§3§7§4§C§F§8§lp§x§3§D§6§2§F§1§la§x§4§2§7§7§E§9§lw§x§4§8§8§D§E§2§ln§x§4§E§A§2§D§B§le§x§5§4§B§7§D§4§lr §x§5§F§E§2§C§5§lC§x§5§9§C§D§C§C§lr§x§5§4§B§7§D§4§la§x§4§E§A§2§D§B§lt§x§4§8§8§D§E§2§le §x§3§D§6§2§F§1§lK§x§3§7§4§C§F§8§le§x§3§1§3§7§F§F§ly in auction for 10.
[10:03:16] > ItsPolaris buy x1 §x§3§1§3§7§F§F§lS§x§3§7§4§C§F§8§lp§x§3§D§6§2§F§1§la§x§4§2§7§7§E§9§lw§x§4§8§8§D§E§2§ln§x§4§E§A§2§D§B§le§x§5§4§B§7§D§4§lr §x§5§F§E§2§C§5§lC§x§5§9§C§D§C§C§lr§x§5§4§B§7§D§4§la§x§4§E§A§2§D§B§lt§x§4§8§8§D§E§2§le §x§3§D§6§2§F§1§lK§x§3§7§4§C§F§8§le§x§3§1§3§7§F§F§ly to Piploploop for $10.
[10:03:32] > Piploploop added x20 §x§8§8§E§C§3§3§lV§x§8§2§E§B§4§8§lo§x§7§C§E§9§5§D§lt§x§7§6§E§8§7§2§le §x§6§B§E§5§9§B§lC§x§6§5§E§3§B§0§lr§x§5§F§E§2§C§5§la§x§6§6§E§4§A§D§lt§x§6§D§E§5§9§4§le §x§7§A§E§9§6§4§lK§x§8§1§E§A§4§B§le§x§8§8§E§C§3§3§ly in auction for 200000.
[10:03:39] > ItsPolaris buy x20 §x§8§8§E§C§3§3§lV§x§8§2§E§B§4§8§lo§x§7§C§E§9§5§D§lt§x§7§6§E§8§7§2§le §x§6§B§E§5§9§B§lC§x§6§5§E§3§B§0§lr§x§5§F§E§2§C§5§la§x§6§6§E§4§A§D§lt§x§6§D§E§5§9§4§le §x§7§A§E§9§6§4§lK§x§8§1§E§A§4§B§le§x§8§8§E§C§3§3§ly to Piploploop for $200 000.
[11:33:30] > Zypher_0w0 remove x1 §x§E§3§A§F§4§F§lʟᴇɢᴇɴᴅᴀʀʏ ɪᴛᴇᴍ from storage
[11:33:31] > Zypher_0w0 remove x1 §x§E§3§A§F§4§F§lʟᴇɢᴇɴᴅᴀʀʏ ɪᴛᴇᴍ from storage
[11:33:33] > Zypher_0w0 remove x1 §x§E§3§A§F§4§F§lʟᴇɢᴇɴᴅᴀʀʏ ɪᴛᴇᴍ from storage
[11:33:44] > Zypher_0w0 added x1 §fGhost Hat in auction for 100000.
[11:33:51] > Zypher_0w0 added x1 §fFarmer Hat in auction for 100000.
[11:33:57] > Zypher_0w0 added x1 §f§x§F§9§A§2§0§DP§x§F§2§9§E§0§Du§x§E§B§9§9§0§Dm§x§E§3§9§5§0§Dp§x§D§C§9§0§0§Dk§x§D§5§8§C§0§Di§x§C§E§8§7§0§Dn§x§C§7§8§3§0§D §x§B§F§7§E§0§DH§x§B§8§7§A§0§Da§x§B§1§7§5§0§Dt in auction for 100000.
[11:33:58] > ItsPolaris buy x1 §fGhost Hat to Zypher_0w0 for $100 000.
[11:34:06] > ItsPolaris buy x1 §f§x§F§9§A§2§0§DP§x§F§2§9§E§0§Du§x§E§B§9§9§0§Dm§x§E§3§9§5§0§Dp§x§D§C§9§0§0§Dk§x§D§5§8§C§0§Di§x§C§E§8§7§0§Dn§x§C§7§8§3§0§D §x§B§F§7§E§0§DH§x§B§8§7§A§0§Da§x§B§1§7§5§0§Dt to Zypher_0w0 for $100 000.
[13:42:40] > Kyslee added x64 Iron ingot in auction for 10.
[13:44:38] > Chrisslynn buy x64 Iron ingot to Kyslee for $10.
[14:04:33] > Shyloooh added x1 §x§E§3§A§F§4§F§lʟᴇɢᴇɴᴅᴀʀʏ ɪᴛᴇᴍ in auction for 10000.
[14:05:14] > Kyslee added x1 §x§6§0§0§0§F§F§lɢᴏᴅʟʏ ɪᴛᴇᴍ in auction for 50000.
[14:05:41] > Shyloooh added x1 §x§E§3§A§F§4§F§lʟᴇɢᴇɴᴅᴀʀʏ ɪᴛᴇᴍ in auction for 15000.
[15:22:54] > x1 Beacon on sale by AnonymousHav has just expired, it goes in the inventory of expired items.
[15:23:08] > celinesanrio remove x1 §x§E§3§A§F§4§F§lʟᴇɢᴇɴᴅᴀʀʏ ɪᴛᴇᴍ from storage
[15:35:07] > celinesanrio added x1 §x§E§3§A§F§4§F§lʟᴇɢᴇɴᴅᴀʀʏ ɪᴛᴇᴍ in auction for 1000.
[15:45:51] > x1 §x§A§5§8§0§D§D§lᴇᴘɪᴄ ɪᴛᴇᴍ on sale by AnonymousHav has just expired, it goes in the inventory of expired items.
[15:51:23] > x3 Nether star on sale by AnonymousHav has just expired, it goes in the inventory of expired items.
[16:24:06] > x1 §fMedieval Hat, item of fun_pun, has just expired, the item is definitively deleted.
[16:24:06] > x1 §fPanda Hat, item of fun_pun, has just expired, the item is definitively deleted.
[16:32:44] > celinesanrio remove x1 §x§E§3§A§F§4§F§lʟᴇɢᴇɴᴅᴀʀʏ ɪᴛᴇᴍ form storage
[16:32:44] > celinesanrio remove x1 §x§E§3§A§F§4§F§lʟᴇɢᴇɴᴅᴀʀʏ ɪᴛᴇᴍ form storage
[16:32:44] > celinesanrio remove x1 §x§F§F§3§E§0§0§lD§x§F§F§3§6§0§0§le§x§F§F§2§F§0§0§lm§x§F§F§2§7§0§0§lo§x§F§F§1§F§0§0§ln §x§F§F§1§0§0§0§lL§x§F§F§0§8§0§0§lo§x§F§F§0§0§0§0§lr§x§F§F§0§9§0§0§ld §x§F§F§1§B§0§0§lS§x§F§F§2§3§0§0§lw§x§F§F§2§C§0§0§lo§x§F§F§3§5§0§0§lr§x§F§F§3§E§0§0§ld form storage
[16:32:44] > celinesanrio remove x1 §x§E§3§A§F§4§F§lʟᴇɢᴇɴᴅᴀʀʏ ɪᴛᴇᴍ form storage
[16:32:44] > celinesanrio remove x1 §x§F§F§3§E§0§0§lD§x§F§F§3§6§0§0§le§x§F§F§2§F§0§0§lm§x§F§F§2§7§0§0§lo§x§F§F§1§F§0§0§ln §x§F§F§1§0§0§0§lL§x§F§F§0§8§0§0§lo§x§F§F§0§0§0§0§lr§x§F§F§0§9§0§0§ld §x§F§F§1§B§0§0§lS§x§F§F§2§3§0§0§lw§x§F§F§2§C§0§0§lo§x§F§F§3§5§0§0§lr§x§F§F§3§E§0§0§ld form storage
[16:40:20] > celinesanrio added x1 §x§F§F§3§E§0§0§lD§x§F§F§3§6§0§0§le§x§F§F§2§F§0§0§lm§x§F§F§2§7§0§0§lo§x§F§F§1§F§0§0§ln §x§F§F§1§0§0§0§lL§x§F§F§0§8§0§0§lo§x§F§F§0§0§0§0§lr§x§F§F§0§9§0§0§ld §x§F§F§1§B§0§0§lS§x§F§F§2§3§0§0§lw§x§F§F§2§C§0§0§lo§x§F§F§3§5§0§0§lr§x§F§F§3§E§0§0§ld in auction for 1000000.
[16:40:30] > celinesanrio added x1 §x§F§F§3§E§0§0§lD§x§F§F§3§6§0§0§le§x§F§F§2§F§0§0§lm§x§F§F§2§7§0§0§lo§x§F§F§1§F§0§0§ln §x§F§F§1§0§0§0§lL§x§F§F§0§8§0§0§lo§x§F§F§0§0§0§0§lr§x§F§F§0§9§0§0§ld §x§F§F§1§B§0§0§lS§x§F§F§2§3§0§0§lw§x§F§F§2§C§0§0§lo§x§F§F§3§5§0§0§lr§x§F§F§3§E§0§0§ld in auction for 1000000.
[17:05:15] > Cynishere added x1 §x§E§E§0§0§0§0§lᴜɴʟɪᴍɪᴛᴇᴅ sᴇʟʟᴡᴀɴᴅ in auction for 1000000.
[17:09:46] > Cynishere remove x1 §x§E§E§0§0§0§0§lᴜɴʟɪᴍɪᴛᴇᴅ sᴇʟʟᴡᴀɴᴅ from storage
[17:09:51] > x1 §fOrange Hat, item of low_taperfade, has just expired, the item is definitively deleted.
[17:09:51] > x1 Shulker box, item of Peanutroaster, has just expired, the item is definitively deleted.
[17:09:52] > Cynishere remove x1 §x§E§E§0§0§0§0§lᴜɴʟɪᴍɪᴛᴇᴅ sᴇʟʟᴡᴀɴᴅ from expire
[17:15:06] > Icon_Skully buy x1 §fFarmer Hat to Zypher_0w0 for $100 000.
[17:33:54] > x1 §x§A§5§8§0§D§D§lᴇᴘɪᴄ ɪᴛᴇᴍ on sale by AnonymousHav has just expired, it goes in the inventory of expired items.
[17:55:06] > celinesanrio added x2 §x§F§2§C§6§D§E§lP§x§E§0§C§A§D§B§li§x§C§D§C§D§D§8§ln§x§B§B§D§1§D§5§la§x§A§9§D§4§D§2§lt§x§9§6§D§8§C§E§la §x§7§1§D§F§C§8§lC§x§5§F§E§2§C§5§lr§x§7§4§D§E§C§9§la§x§8§9§D§A§C§C§lt§x§9§E§D§6§D§0§le §x§C§8§C§E§D§7§lK§x§D§D§C§A§D§A§le§x§F§2§C§6§D§E§ly in auction for 200000.
[17:55:14] > Shyloooh buy x2 §x§F§2§C§6§D§E§lP§x§E§0§C§A§D§B§li§x§C§D§C§D§D§8§ln§x§B§B§D§1§D§5§la§x§A§9§D§4§D§2§lt§x§9§6§D§8§C§E§la §x§7§1§D§F§C§8§lC§x§5§F§E§2§C§5§lr§x§7§4§D§E§C§9§la§x§8§9§D§A§C§C§lt§x§9§E§D§6§D§0§le §x§C§8§C§E§D§7§lK§x§D§D§C§A§D§A§le§x§F§2§C§6§D§E§ly to celinesanrio for $200 000.
[18:03:07] > Zypher_0w0 remove x1 §fShogun Crossbow form storage
[18:03:07] > Zypher_0w0 remove x1 §x§5§9§A§1§D§9§lA§x§6§B§A§B§D§Dr§x§7§E§B§6§E§1c§x§9§0§C§0§E§6h§x§A§3§C§B§E§Aa§x§B§5§D§5§E§En§x§C§8§E§0§F§2g§x§D§A§E§A§F§7e§x§E§D§F§5§F§Bl §x§E§A§F§3§F§AB§x§D§6§E§8§F§6a§x§C§1§D§C§F§1c§x§A§C§D§0§E§Ck§x§9§7§C§4§E§7p§x§8§3§B§9§E§3a§x§6§E§A§D§D§Ec§x§5§9§A§1§D§9k form storage
[18:03:26] > Zypher_0w0 added x1 §x§5§9§A§1§D§9§lA§x§6§B§A§B§D§Dr§x§7§E§B§6§E§1c§x§9§0§C§0§E§6h§x§A§3§C§B§E§Aa§x§B§5§D§5§E§En§x§C§8§E§0§F§2g§x§D§A§E§A§F§7e§x§E§D§F§5§F§Bl §x§E§A§F§3§F§AB§x§D§6§E§8§F§6a§x§C§1§D§C§F§1c§x§A§C§D§0§E§Ck§x§9§7§C§4§E§7p§x§8§3§B§9§E§3a§x§6§E§A§D§D§Ec§x§5§9§A§1§D§9k in auction for 350000.
[18:03:54] > Ryz buy x1 §x§5§9§A§1§D§9§lA§x§6§B§A§B§D§Dr§x§7§E§B§6§E§1c§x§9§0§C§0§E§6h§x§A§3§C§B§E§Aa§x§B§5§D§5§E§En§x§C§8§E§0§F§2g§x§D§A§E§A§F§7e§x§E§D§F§5§F§Bl §x§E§A§F§3§F§AB§x§D§6§E§8§F§6a§x§C§1§D§C§F§1c§x§A§C§D§0§E§Ck§x§9§7§C§4§E§7p§x§8§3§B§9§E§3a§x§6§E§A§D§D§Ec§x§5§9§A§1§D§9k to Zypher_0w0 for $350 000.
[18:24:46] > CarlSui remove x1 §x§5§9§A§1§D§9§lA§x§7§1§A§E§D§Er§x§8§8§B§C§E§4c§x§A§0§C§9§E§9h§x§B§8§D§7§E§Fa§x§D§0§E§4§F§4n§x§E§7§F§2§F§Ag§fe§x§E§3§E§F§F§9l §x§A§C§D§0§E§CM§x§9§0§C§0§E§6a§x§7§5§B§1§D§Fc§x§5§9§A§1§D§9e from storage
[18:24:55] > CarlSui remove x1 §x§5§9§A§1§D§9§lA§x§7§1§A§E§D§Er§x§8§8§B§C§E§4c§x§A§0§C§9§E§9h§x§B§8§D§7§E§Fa§x§D§0§E§4§F§4n§x§E§7§F§2§F§Ag§fe§x§E§3§E§F§F§9l §x§A§C§D§0§E§CM§x§9§0§C§0§E§6a§x§7§5§B§1§D§Fc§x§5§9§A§1§D§9e from expire
[18:25:11] > CarlSui added x1 §x§5§9§A§1§D§9§lA§x§7§1§A§E§D§Er§x§8§8§B§C§E§4c§x§A§0§C§9§E§9h§x§B§8§D§7§E§Fa§x§D§0§E§4§F§4n§x§E§7§F§2§F§Ag§fe§x§E§3§E§F§F§9l §x§A§C§D§0§E§CM§x§9§0§C§0§E§6a§x§7§5§B§1§D§Fc§x§5§9§A§1§D§9e in auction for 1000000.
[18:25:23] > 701 buy x1 §x§5§9§A§1§D§9§lA§x§7§1§A§E§D§Er§x§8§8§B§C§E§4c§x§A§0§C§9§E§9h§x§B§8§D§7§E§Fa§x§D§0§E§4§F§4n§x§E§7§F§2§F§Ag§fe§x§E§3§E§F§F§9l §x§A§C§D§0§E§CM§x§9§0§C§0§E§6a§x§7§5§B§1§D§Fc§x§5§9§A§1§D§9e to CarlSui for $1 000 000.
[19:07:08] > CarlSui added x1 §esᴘɪᴅᴇʀ sᴘᴀᴡɴᴇʀ in auction for 1000000.
[19:15:54] > celinesanrio added x1 Silence armor trim smithing template in auction for 1000000.
[19:17:16] > celinesanrio remove x1 Silence armor trim smithing template from storage
[19:17:21] > celinesanrio remove x1 Silence armor trim smithing template from expire
[19:17:30] > celinesanrio added x1 Silence armor trim smithing template in auction for 500000.
[19:17:43] > Lanchan68 buy x1 Silence armor trim smithing template to celinesanrio for $500 000.
[19:18:03] > celinesanrio added x1 Silence armor trim smithing template in auction for 500000.
[19:18:10] > CarlSui buy x1 Silence armor trim smithing template to celinesanrio for $500 000.
[19:18:16] > celinesanrio added x1 Silence armor trim smithing template in auction for 500000.
[19:19:23] > Shyloooh buy x1 Silence armor trim smithing template to celinesanrio for $500 000.
[19:20:42] > CarlSui remove x1 §x§6§0§0§0§F§F§lɢᴏᴅʟʏ ɪᴛᴇᴍ from storage
[19:20:57] > CarlSui added x4 Silence armor trim smithing template in auction for 500000.
[19:21:54] > Zypher_0w0 added x1 Silence armor trim smithing template in auction for 400000.
[19:22:23] > Zypher_0w0 added x1 Flow armor trim smithing template in auction for 400000.
[19:23:19] > Zypher_0w0 added x1 Flow armor trim smithing template in auction for 400000.
[19:30:52] > Zypher_0w0 added x64 Iron block in auction for 150000.
[19:37:00] > celinesanrio added x10 §x§8§8§E§C§3§3§lV§x§8§2§E§B§4§8§lo§x§7§C§E§9§5§D§lt§x§7§6§E§8§7§2§le §x§6§B§E§5§9§B§lC§x§6§5§E§3§B§0§lr§x§5§F§E§2§C§5§la§x§6§6§E§4§A§D§lt§x§6§D§E§5§9§4§le §x§7§A§E§9§6§4§lK§x§8§1§E§A§4§B§le§x§8§8§E§C§3§3§ly in auction for 1000000.
[19:37:32] > celinesanrio added x1 §x§E§4§3§A§9§6§lW§x§E§7§5§3§A§3§lI§x§E§B§6§B§B§0§lN§x§E§E§8§4§B§D§lG§x§F§2§9§D§C§B§lS §x§F§8§C§E§E§5§lO§x§F§C§E§6§F§2§lF §x§F§C§E§6§F§2§lE§x§F§8§C§E§E§5§lT§x§F§5§B§5§D§8§lE§x§F§2§9§D§C§B§lR§x§E§E§8§4§B§D§lN§x§E§B§6§B§B§0§lI§x§E§7§5§3§A§3§lT§x§E§4§3§A§9§6§lY in auction for 1000000.
[19:37:42] > Zypher_0w0 added x1 Enchanted book in auction for 10000.
[19:37:46] > celinesanrio buy x1 Enchanted book to Zypher_0w0 for $10 000.
[19:38:21] > celinesanrio remove x1 §x§E§4§3§A§9§6§lW§x§E§7§5§3§A§3§lI§x§E§B§6§B§B§0§lN§x§E§E§8§4§B§D§lG§x§F§2§9§D§C§B§lS §x§F§8§C§E§E§5§lO§x§F§C§E§6§F§2§lF §x§F§C§E§6§F§2§lE§x§F§8§C§E§E§5§lT§x§F§5§B§5§D§8§lE§x§F§2§9§D§C§B§lR§x§E§E§8§4§B§D§lN§x§E§B§6§B§B§0§lI§x§E§7§5§3§A§3§lT§x§E§4§3§A§9§6§lY from storage
[19:38:53] > celinesanrio added x1 §x§F§C§9§0§5§C§lE§x§E§6§9§C§6§B§lp§x§C§F§A§7§7§A§li§x§B§9§B§3§8§9§lc §x§8§C§C§B§A§7§lC§x§7§5§D§6§B§6§lr§x§5§F§E§2§C§5§la§x§7§9§D§4§B§4§lt§x§9§3§C§7§A§2§le §x§C§8§A§B§7§F§lK§x§E§2§9§E§6§E§le§x§F§C§9§0§5§C§ly in auction for 15000.
[20:03:23] > celinesanrio added x1 Diamond shovel in auction for 5000.
[20:13:36] > ItsPolaris added x1 Creaking heart in auction for 250000.
[20:24:28] > x1 Totem of undying on sale by Raylii has just expired, it goes in the inventory of expired items.
[20:24:28] > x1 Totem of undying on sale by Raylii has just expired, it goes in the inventory of expired items.
[20:24:40] > Zypher_0w0 added x1 §x§F§F§0§0§0§0§lS§x§F§F§1§B§0§0§lh§x§F§F§3§6§0§0§lo§x§F§F§5§0§0§0§lg§x§F§F§6§B§0§0§lu§x§F§F§8§6§0§0§ln §x§F§F§4§3§0§0§lK§x§F§F§2§2§0§0§le§x§F§F§0§0§0§0§ly in auction for 500000.
[20:25:08] > Zypher_0w0 remove x1 §x§F§F§0§0§0§0§lS§x§F§F§1§B§0§0§lh§x§F§F§3§6§0§0§lo§x§F§F§5§0§0§0§lg§x§F§F§6§B§0§0§lu§x§F§F§8§6§0§0§ln §x§F§F§4§3§0§0§lK§x§F§F§2§2§0§0§le§x§F§F§0§0§0§0§ly from storage
[20:25:18] > Zypher_0w0 added x1 §fShogun Pickaxe in auction for 500000.
[20:52:25] > CarlSui remove x4 Silence armor trim smithing template from storage
[20:52:40] > CarlSui added x4 Silence armor trim smithing template in auction for 200000.
[21:41:22] > Kyslee added x1 Enchanted book in auction for 3100.
[21:41:27] > Kyslee added x1 Enchanted book in auction for 3100.
[21:41:52] > Kyslee remove x1 Filled map from storage
[21:41:53] > Kyslee remove x1 Filled map from storage
[22:22:17] > Cynishere added x1 §x§E§3§A§F§4§F§lʟᴇɢᴇɴᴅᴀʀʏ ɪᴛᴇᴍ in auction for 10.
[22:22:24] > Cynishere added x1 §x§E§3§A§F§4§F§lʟᴇɢᴇɴᴅᴀʀʏ ɪᴛᴇᴍ in auction for 10.
[22:22:32] > Cynishere added x1 §x§E§3§A§F§4§F§lʟᴇɢᴇɴᴅᴀʀʏ ɪᴛᴇᴍ in auction for 10.
[22:49:53] > Cynishere buy x10 §x§8§8§E§C§3§3§lV§x§8§2§E§B§4§8§lo§x§7§C§E§9§5§D§lt§x§7§6§E§8§7§2§le §x§6§B§E§5§9§B§lC§x§6§5§E§3§B§0§lr§x§5§F§E§2§C§5§la§x§6§6§E§4§A§D§lt§x§6§D§E§5§9§4§le §x§7§A§E§9§6§4§lK§x§8§1§E§A§4§B§le§x§8§8§E§C§3§3§ly to celinesanrio for $1 000 000.
[22:57:40] > celinesanrio added x2 Netherite ingot in auction for 20000.
[22:57:45] > Cynishere buy x2 Netherite ingot to celinesanrio for $20 000.
[23:08:39] > celinesanrio added x1 §x§F§C§9§0§5§C§lE§x§E§6§9§C§6§B§lp§x§C§F§A§7§7§A§li§x§B§9§B§3§8§9§lc §x§8§C§C§B§A§7§lC§x§7§5§D§6§B§6§lr§x§5§F§E§2§C§5§la§x§7§9§D§4§B§4§lt§x§9§3§C§7§A§2§le §x§C§8§A§B§7§F§lK§x§E§2§9§E§6§E§le§x§F§C§9§0§5§C§ly in auction for 15000.
[23:08:43] > celinesanrio remove x1 §x§F§C§9§0§5§C§lE§x§E§6§9§C§6§B§lp§x§C§F§A§7§7§A§li§x§B§9§B§3§8§9§lc §x§8§C§C§B§A§7§lC§x§7§5§D§6§B§6§lr§x§5§F§E§2§C§5§la§x§7§9§D§4§B§4§lt§x§9§3§C§7§A§2§le §x§C§8§A§B§7§F§lK§x§E§2§9§E§6§E§le§x§F§C§9§0§5§C§ly from storage
[23:08:44] > celinesanrio remove x1 §x§F§C§9§0§5§C§lE§x§E§6§9§C§6§B§lp§x§C§F§A§7§7§A§li§x§B§9§B§3§8§9§lc §x§8§C§C§B§A§7§lC§x§7§5§D§6§B§6§lr§x§5§F§E§2§C§5§la§x§7§9§D§4§B§4§lt§x§9§3§C§7§A§2§le §x§C§8§A§B§7§F§lK§x§E§2§9§E§6§E§le§x§F§C§9§0§5§C§ly from storage
[23:08:48] > celinesanrio added x2 §x§F§C§9§0§5§C§lE§x§E§6§9§C§6§B§lp§x§C§F§A§7§7§A§li§x§B§9§B§3§8§9§lc §x§8§C§C§B§A§7§lC§x§7§5§D§6§B§6§lr§x§5§F§E§2§C§5§la§x§7§9§D§4§B§4§lt§x§9§3§C§7§A§2§le §x§C§8§A§B§7§F§lK§x§E§2§9§E§6§E§le§x§F§C§9§0§5§C§ly in auction for 25000.
[23:09:54] > Zypher_0w0 remove x1 Flow armor trim smithing template from storage
[23:10:03] > Zypher_0w0 added x1 Totem of undying in auction for 10000.
[23:10:11] > Cynishere added x1 Enchanted book in auction for 100000.
[23:10:17] > Cynishere buy x1 Totem of undying to Zypher_0w0 for $10 000.
[23:10:32] > Cynishere remove x1 Enchanted book from storage
[23:10:37] > Zypher_0w0 added x1 Totem of undying in auction for 10000.
[23:10:38] > Cynishere remove x1 Enchanted book from expire
[23:10:44] > Cynishere added x1 Enchanted book in auction for 10.
[23:10:48] > celinesanrio buy x1 Enchanted book to Cynishere for $10.
[23:18:43] > celinesanrio added x1 Enchanted book in auction for 50000.
[23:19:27] > celinesanrio remove x1 Diamond shovel from storage
[23:19:35] > celinesanrio added x1 §fShogun Head in auction for 50000.
[23:19:46] > ItsPolaris buy x1 §fShogun Head to celinesanrio for $50 000.
[23:19:50] > celinesanrio added x1 Diamond shovel in auction for 5000.
[23:20:31] > celinesanrio remove x1 §x§F§F§3§E§0§0§lD§x§F§F§3§6§0§0§le§x§F§F§2§F§0§0§lm§x§F§F§2§7§0§0§lo§x§F§F§1§F§0§0§ln §x§F§F§1§0§0§0§lL§x§F§F§0§8§0§0§lo§x§F§F§0§0§0§0§lr§x§F§F§0§9§0§0§ld §x§F§F§1§B§0§0§lS§x§F§F§2§3§0§0§lw§x§F§F§2§C§0§0§lo§x§F§F§3§5§0§0§lr§x§F§F§3§E§0§0§ld from storage
[23:20:32] > celinesanrio remove x1 §x§F§F§3§E§0§0§lD§x§F§F§3§6§0§0§le§x§F§F§2§F§0§0§lm§x§F§F§2§7§0§0§lo§x§F§F§1§F§0§0§ln §x§F§F§1§0§0§0§lL§x§F§F§0§8§0§0§lo§x§F§F§0§0§0§0§lr§x§F§F§0§9§0§0§ld §x§F§F§1§B§0§0§lS§x§F§F§2§3§0§0§lw§x§F§F§2§C§0§0§lo§x§F§F§3§5§0§0§lr§x§F§F§3§E§0§0§ld from storage
[23:20:57] > celinesanrio added x1 Cosmetic crate in auction for 250000.
[23:21:10] > Cynishere buy x1 Cosmetic crate to celinesanrio for $250 000.
[23:21:28] > celinesanrio added x1 §x§F§F§3§E§0§0§lD§x§F§F§3§6§0§0§le§x§F§F§2§F§0§0§lm§x§F§F§2§7§0§0§lo§x§F§F§1§F§0§0§ln §x§F§F§1§0§0§0§lL§x§F§F§0§8§0§0§lo§x§F§F§0§0§0§0§lr§x§F§F§0§9§0§0§ld §x§F§F§1§B§0§0§lS§x§F§F§2§3§0§0§lw§x§F§F§2§C§0§0§lo§x§F§F§3§5§0§0§lr§x§F§F§3§E§0§0§ld in auction for 750000.
[23:21:34] > celinesanrio added x1 §x§F§F§3§E§0§0§lD§x§F§F§3§6§0§0§le§x§F§F§2§F§0§0§lm§x§F§F§2§7§0§0§lo§x§F§F§1§F§0§0§ln §x§F§F§1§0§0§0§lL§x§F§F§0§8§0§0§lo§x§F§F§0§0§0§0§lr§x§F§F§0§9§0§0§ld §x§F§F§1§B§0§0§lS§x§F§F§2§3§0§0§lw§x§F§F§2§C§0§0§lo§x§F§F§3§5§0§0§lr§x§F§F§3§E§0§0§ld in auction for 750000.
[23:26:35] > Shyloooh added x1 §x§E§3§A§F§4§F§lʟᴇɢᴇɴᴅᴀʀʏ ɪᴛᴇᴍ in auction for 15000.
[23:26:44] > Shyloooh added x1 §x§E§3§A§F§4§F§lʟᴇɢᴇɴᴅᴀʀʏ ɪᴛᴇᴍ in auction for 15000.
[23:26:53] > celinesanrio buy x1 §x§E§3§A§F§4§F§lʟᴇɢᴇɴᴅᴀʀʏ ɪᴛᴇᴍ to Shyloooh for $15 000.
[23:27:20] > celinesanrio remove x1 Diamond shovel form storage
[23:27:20] > celinesanrio remove x1 Enchanted book form storage
[23:27:20] > celinesanrio remove x1 §x§F§F§3§E§0§0§lD§x§F§F§3§6§0§0§le§x§F§F§2§F§0§0§lm§x§F§F§2§7§0§0§lo§x§F§F§1§F§0§0§ln §x§F§F§1§0§0§0§lL§x§F§F§0§8§0§0§lo§x§F§F§0§0§0§0§lr§x§F§F§0§9§0§0§ld §x§F§F§1§B§0§0§lS§x§F§F§2§3§0§0§lw§x§F§F§2§C§0§0§lo§x§F§F§3§5§0§0§lr§x§F§F§3§E§0§0§ld form storage
[23:27:20] > celinesanrio remove x2 §x§F§C§9§0§5§C§lE§x§E§6§9§C§6§B§lp§x§C§F§A§7§7§A§li§x§B§9§B§3§8§9§lc §x§8§C§C§B§A§7§lC§x§7§5§D§6§B§6§lr§x§5§F§E§2§C§5§la§x§7§9§D§4§B§4§lt§x§9§3§C§7§A§2§le §x§C§8§A§B§7§F§lK§x§E§2§9§E§6§E§le§x§F§C§9§0§5§C§ly form storage
[23:27:20] > celinesanrio remove x1 §x§F§F§3§E§0§0§lD§x§F§F§3§6§0§0§le§x§F§F§2§F§0§0§lm§x§F§F§2§7§0§0§lo§x§F§F§1§F§0§0§ln §x§F§F§1§0§0§0§lL§x§F§F§0§8§0§0§lo§x§F§F§0§0§0§0§lr§x§F§F§0§9§0§0§ld §x§F§F§1§B§0§0§lS§x§F§F§2§3§0§0§lw§x§F§F§2§C§0§0§lo§x§F§F§3§5§0§0§lr§x§F§F§3§E§0§0§ld form storage
[23:27:30] > celinesanrio added x1 Diamond shovel in auction for 5000.
[23:27:36] > celinesanrio added x1 Enchanted book in auction for 50000.
[23:27:42] > celinesanrio added x2 §x§F§C§9§0§5§C§lE§x§E§6§9§C§6§B§lp§x§C§F§A§7§7§A§li§x§B§9§B§3§8§9§lc §x§8§C§C§B§A§7§lC§x§7§5§D§6§B§6§lr§x§5§F§E§2§C§5§la§x§7§9§D§4§B§4§lt§x§9§3§C§7§A§2§le §x§C§8§A§B§7§F§lK§x§E§2§9§E§6§E§le§x§F§C§9§0§5§C§ly in auction for 20000.
[23:27:47] > Cynishere buy x1 Totem of undying to Zypher_0w0 for $10 000.
[23:27:49] > celinesanrio added x1 §x§F§F§3§E§0§0§lD§x§F§F§3§6§0§0§le§x§F§F§2§F§0§0§lm§x§F§F§2§7§0§0§lo§x§F§F§1§F§0§0§ln §x§F§F§1§0§0§0§lL§x§F§F§0§8§0§0§lo§x§F§F§0§0§0§0§lr§x§F§F§0§9§0§0§ld §x§F§F§1§B§0§0§lS§x§F§F§2§3§0§0§lw§x§F§F§2§C§0§0§lo§x§F§F§3§5§0§0§lr§x§F§F§3§E§0§0§ld in auction for 750000.
[23:27:55] > celinesanrio added x1 §x§F§F§3§E§0§0§lD§x§F§F§3§6§0§0§le§x§F§F§2§F§0§0§lm§x§F§F§2§7§0§0§lo§x§F§F§1§F§0§0§ln §x§F§F§1§0§0§0§lL§x§F§F§0§8§0§0§lo§x§F§F§0§0§0§0§lr§x§F§F§0§9§0§0§ld §x§F§F§1§B§0§0§lS§x§F§F§2§3§0§0§lw§x§F§F§2§C§0§0§lo§x§F§F§3§5§0§0§lr§x§F§F§3§E§0§0§ld in auction for 750000.
[23:28:15] > Lanchan68 buy x1 Enchanted book to celinesanrio for $50 000.
[23:28:41] > Cynishere added x1 §x§E§E§0§0§0§0§lᴜɴʟɪᴍɪᴛᴇᴅ sᴇʟʟᴡᴀɴᴅ in auction for 1000000.
[23:28:59] > Cynishere remove x1 §x§E§E§0§0§0§0§lᴜɴʟɪᴍɪᴛᴇᴅ sᴇʟʟᴡᴀɴᴅ from storage
[23:29:09] > Cynishere remove x1 §x§E§E§0§0§0§0§lᴜɴʟɪᴍɪᴛᴇᴅ sᴇʟʟᴡᴀɴᴅ from expire
[23:35:23] > celinesanrio added x48 Breeze rod in auction for 48000.
[23:35:29] > ItsPolaris buy x48 Breeze rod to celinesanrio for $48 000.
[23:35:33] > celinesanrio added x64 Wind charge in auction for 32000.
[23:35:37] > celinesanrio remove x64 Wind charge from storage
[23:35:41] > celinesanrio remove x64 Wind charge from expire
[23:35:58] > celinesanrio added x64 Wind charge in auction for 16000.
[23:36:05] > Cynishere buy x64 Wind charge to celinesanrio for $16 000.
[23:36:34] > Cynishere remove x1 §x§E§3§A§F§4§F§lʟᴇɢᴇɴᴅᴀʀʏ ɪᴛᴇᴍ form storage
[23:36:34] > Cynishere remove x1 §x§E§3§A§F§4§F§lʟᴇɢᴇɴᴅᴀʀʏ ɪᴛᴇᴍ form storage
[23:36:34] > Cynishere remove x1 §x§E§3§A§F§4§F§lʟᴇɢᴇɴᴅᴀʀʏ ɪᴛᴇᴍ form storage
[23:37:03] > celinesanrio added x1 §x§F§F§5§5§0§0§lsᴇʟʟᴡᴀɴᴅ §6- 20.0 in auction for 1000000.
[23:37:10] > ItsPolaris buy x1 §x§F§F§5§5§0§0§lsᴇʟʟᴡᴀɴᴅ §6- 20.0 to celinesanrio for $1 000 000.
[23:38:14] > celinesanrio added x1 §x§F§F§5§5§0§0§lsᴇʟʟᴡᴀɴᴅ §6- 20.0 in auction for 1000000.
[23:38:21] > Cynishere buy x1 §x§F§F§5§5§0§0§lsᴇʟʟᴡᴀɴᴅ §6- 20.0 to celinesanrio for $1 000 000.
[23:38:23] > celinesanrio added x1 §x§F§F§5§5§0§0§lsᴇʟʟᴡᴀɴᴅ §6- 20.0 in auction for 1000000.
[23:38:46] > celinesanrio remove x1 §x§F§F§5§5§0§0§lsᴇʟʟᴡᴀɴᴅ §6- 20.0 from storage
[23:39:04] > celinesanrio added x3 §x§F§F§5§5§0§0§lsᴇʟʟᴡᴀɴᴅ §6- 20.0 in auction for 3000000.
[23:43:17] > celinesanrio remove x3 §x§F§F§5§5§0§0§lsᴇʟʟᴡᴀɴᴅ §6- 20.0 from storage
[23:43:21] > celinesanrio added x1 §x§E§3§A§F§4§F§lʟᴇɢᴇɴᴅᴀʀʏ ɪᴛᴇᴍ in auction for 5000.
[23:44:37] > Zypher_0w0 remove x64 Iron block from storage
[23:44:40] > Zypher_0w0 remove x1 §fShogun Pickaxe from storage
[23:45:05] > Zypher_0w0 added x1 §x§F§F§5§5§0§0§lsᴇʟʟᴡᴀɴᴅ §6- 5.0 in auction for 100000.
[23:45:21] > celinesanrio buy x1 §x§F§F§5§5§0§0§lsᴇʟʟᴡᴀɴᴅ §6- 5.0 to Zypher_0w0 for $100 000.
[23:50:04] > Shyloooh remove x1 §x§E§3§A§F§4§F§lʟᴇɢᴇɴᴅᴀʀʏ ɪᴛᴇᴍ form storage
[23:50:04] > Shyloooh remove x1 §x§E§3§A§F§4§F§lʟᴇɢᴇɴᴅᴀʀʏ ɪᴛᴇᴍ form storage
[23:50:04] > Shyloooh remove x1 §x§E§3§A§F§4§F§lʟᴇɢᴇɴᴅᴀʀʏ ɪᴛᴇᴍ form storage
[23:52:57] > Zypher_0w0 added x16 Ominous bottle in auction for 300000.
[23:54:32] > celinesanrio remove x2 §x§F§C§9§0§5§C§lE§x§E§6§9§C§6§B§lp§x§C§F§A§7§7§A§li§x§B§9§B§3§8§9§lc §x§8§C§C§B§A§7§lC§x§7§5§D§6§B§6§lr§x§5§F§E§2§C§5§la§x§7§9§D§4§B§4§lt§x§9§3§C§7§A§2§le §x§C§8§A§B§7§F§lK§x§E§2§9§E§6§E§le§x§F§C§9§0§5§C§ly from storage
[23:54:35] > celinesanrio added x3 §x§F§F§5§5§0§0§lsᴇʟʟᴡᴀɴᴅ §6- 20.0 in auction for 6000000.
[23:58:28] > Cynishere buy x3 §x§F§F§5§5§0§0§lsᴇʟʟᴡᴀɴᴅ §6- 20.0 to celinesanrio for $6 000 000.