
[12:10:12] > dejuugarr added x1 §x§F§E§B§E§C§A§lSeason 3 Celebration Cake <3 in auction for 500000.
[12:12:41] > Edabis added x1 §x§F§F§7§C§0§0§lSteamsparks Wings in auction for 2500000.
[12:19:01] > dearestyumeko added x1 Sniffer egg in auction for 150000.
[12:19:13] > dearestyumeko added x1 Sniffer egg in auction for 150000.
[12:30:22] > Enyara remove x1 §x§F§F§5§5§0§0§lsᴇʟʟᴡᴀɴᴅ §6- 5.0x from storage
[12:30:42] > Enyara remove x1 §x§F§F§5§5§0§0§lsᴇʟʟᴡᴀɴᴅ §6- 5.0x from expire
[12:30:50] > Enyara added x1 §x§F§F§5§5§0§0§lsᴇʟʟᴡᴀɴᴅ §6- 5.0x in auction for 350000.
[12:38:07] > Cynishere added x3 §x§9§8§6§3§E§7§lG§x§9§0§7§5§E§2§lo§x§8§8§8§7§D§D§ld§x§8§0§9§9§D§8§ll§x§7§7§A§C§D§4§ly §x§6§7§D§0§C§A§lC§x§5§F§E§2§C§5§lr§x§6§7§D§0§C§A§la§x§6§F§B§E§C§F§lt§x§7§7§A§C§D§4§le §x§8§8§8§7§D§D§lK§x§9§0§7§5§E§2§le§x§9§8§6§3§E§7§ly in auction for 600000.
[13:21:56] > Wemmbuo remove x1 §fZoglin Plushie §6(#98/101) from storage
[13:21:57] > Wemmbuo remove x1 §fHusk Plushie §6(#50/101) from storage
[13:21:58] > Wemmbuo remove x1 §fBreeze Plushie §6(#11/101) from storage
[13:21:59] > Wemmbuo remove x1 §fParrot Plushie (Cyan) §6(#59/101) from storage
[13:24:27] > Trapers1 added x1 §fHusk Plushie §6(#50/101) in auction for 10000.
[13:24:32] > JinSoul15 buy x1 §fHusk Plushie §6(#50/101) to Trapers1 for $10,000.
[13:24:40] > Trapers1 added x1 §fZoglin Plushie §6(#98/101) in auction for 10000.
[13:24:43] > kysicx buy x1 §fZoglin Plushie §6(#98/101) to Trapers1 for $10,000.
[13:26:12] > Wemmbuo buy x1 §x§3§4§9§8§D§Bᴡɪᴛʜᴇʀ ꜱᴋᴇʟᴇᴛᴏɴ ꜱᴘᴀᴡɴᴇʀ to Cynishere for $1,000,000.
[13:26:39] > Wemmbuo remove x1 §x§3§4§9§8§D§Bᴡɪᴛʜᴇʀ ꜱᴋᴇʟᴇᴛᴏɴ ꜱᴘᴀᴡɴᴇʀ from buy
[13:36:40] > johnowenz1 added x1 §f§l§8B§x§6§2§6§2§6§2a§x§6§F§6§F§6§Fh§x§7§C§7§C§7§Ca§x§8§9§8§9§8§9m§x§9§6§9§6§9§6u§x§A§3§A§3§A§3t §x§9§6§9§6§9§6P§x§8§9§8§9§8§9i§x§7§C§7§C§7§Cc§x§6§F§6§F§6§Fa§x§6§2§6§2§6§2x§8e in auction for 300000.
[13:44:34] > Trapers1 added x2 §x§3§4§9§8§D§Bᴄᴏᴡ ꜱᴘᴀᴡɴᴇʀ in auction for 1000000.
[13:44:57] > Trapers1 remove x2 §x§3§4§9§8§D§Bᴄᴏᴡ ꜱᴘᴀᴡɴᴇʀ form storage
[14:10:18] > Trapers1 added x1 §x§3§4§9§8§D§Bᴡɪᴛʜᴇʀ ꜱᴋᴇʟᴇᴛᴏɴ ꜱᴘᴀᴡɴᴇʀ in auction for 1000000.
[14:10:22] > VortexZayne buy x1 §x§3§4§9§8§D§Bᴡɪᴛʜᴇʀ ꜱᴋᴇʟᴇᴛᴏɴ ꜱᴘᴀᴡɴᴇʀ to Trapers1 for $1,000,000.
[14:13:51] > Trapers1 added x1 §x§3§4§9§8§D§Bᴄᴏᴡ ꜱᴘᴀᴡɴᴇʀ in auction for 400000.
[14:13:54] > SenjuKawaragi buy x1 §x§3§4§9§8§D§Bᴄᴏᴡ ꜱᴘᴀᴡɴᴇʀ to Trapers1 for $400,000.
[14:14:12] > SenjuKawaragi remove x1 §x§3§4§9§8§D§Bᴄᴏᴡ ꜱᴘᴀᴡɴᴇʀ from buy
[14:15:37] > VortexZayne remove x1 §x§3§4§9§8§D§Bᴡɪᴛʜᴇʀ ꜱᴋᴇʟᴇᴛᴏɴ ꜱᴘᴀᴡɴᴇʀ from buy
[14:19:16] > .Allxnzv remove x1 §x§F§F§3§E§0§0§lSellwand Voucher from storage
[14:19:18] > .Allxnzv remove x1 Trident from storage
[14:19:34] > .Allxnzv added x1 §x§F§F§3§E§0§0§lSellwand Voucher in auction for 1500000.
[14:19:52] > .Allxnzv added x1 Trident in auction for 200000.
[14:42:06] > Hunter_Sung remove x1 §f§l§8B§x§6§0§6§0§6§0a§x§6§C§6§C§6§Ch§x§7§7§7§7§7§7a§x§8§2§8§2§8§2m§x§8§E§8§E§8§Eu§x§9§9§9§9§9§9t§x§A§4§A§4§A§4 G§x§9§9§9§9§9§9a§x§8§E§8§E§8§Eu§x§8§2§8§2§8§2n§x§7§7§7§7§7§7t§x§6§C§6§C§6§Cl§x§6§0§6§0§6§0e§8t form storage
[14:50:23] > qu4sar remove x1 §x§F§F§5§5§0§0§lsᴇʟʟᴡᴀɴᴅ §6- 5.0x form storage
[14:50:23] > qu4sar remove x1 §x§F§F§5§5§0§0§lsᴇʟʟᴡᴀɴᴅ §6- 5.0x form storage
[14:56:39] > cart224 buy x1 Sniffer egg to dearestyumeko for $150,000.
[14:57:17] > cart224 buy x1 Trident to .Allxnzv for $200,000.
[14:57:25] > cart224 remove x1 Trident from buy
[14:57:25] > cart224 remove x1 Sniffer egg from buy
[14:59:50] > Broodie remove x1 §x§5§9§A§1§D§9§lA§x§6§E§A§D§D§Er§x§8§3§B§9§E§3c§x§9§7§C§4§E§7h§x§A§C§D§0§E§Ca§x§C§1§D§C§F§1n§x§D§6§E§8§F§6g§x§E§A§F§3§F§Ae§fl §x§D§0§E§4§F§4D§x§B§8§D§7§E§Fa§x§A§0§C§9§E§9g§x§8§8§B§C§E§4g§x§7§1§A§E§D§Ee§x§5§9§A§1§D§9r from storage
[15:00:11] > Broodie added x1 §x§5§9§A§1§D§9§lA§x§6§E§A§D§D§Er§x§8§3§B§9§E§3c§x§9§7§C§4§E§7h§x§A§C§D§0§E§Ca§x§C§1§D§C§F§1n§x§D§6§E§8§F§6g§x§E§A§F§3§F§Ae§fl §x§D§0§E§4§F§4D§x§B§8§D§7§E§Fa§x§A§0§C§9§E§9g§x§8§8§B§C§E§4g§x§7§1§A§E§D§Ee§x§5§9§A§1§D§9r in auction for 350000.
[15:00:34] > YchannR buy x1 §x§F§F§5§5§0§0§lsᴇʟʟᴡᴀɴᴅ §6- 5.0x to Enyara for $350,000.
[15:01:15] > x16 Ender pearl, bought by .JakeTheMiner457, has just expired, the item is definitively deleted.
[15:01:16] > YchannR remove x1 §x§F§F§5§5§0§0§lsᴇʟʟᴡᴀɴᴅ §6- 5.0x form buy
[15:29:48] > scarlettti added x1 §x§F§F§3§E§0§0§lSellwand Voucher in auction for 1500000.
[15:30:02] > Edabis added x1 §x§F§F§5§5§0§0§lsᴇʟʟᴡᴀɴᴅ §6- 5.0x in auction for 400000.
[15:30:41] > Broodie added x1 §x§F§F§5§5§0§0§lsᴇʟʟᴡᴀɴᴅ §6- 5.0x in auction for 400000.
[15:30:52] > NoClarity added x1 §x§F§F§3§E§0§0§lSellwand Voucher in auction for 750000.
[15:30:55] > Wemmbuo added x1 §x§F§F§3§E§0§0§lSellwand Voucher in auction for 5000.
[15:30:57] > Fogstrap buy x1 §x§F§F§3§E§0§0§lSellwand Voucher to Wemmbuo for $5,000.
[15:31:04] > Fogstrap remove x1 §x§F§F§3§E§0§0§lSellwand Voucher from buy
[15:31:10] > EnderDragon0120 added x1 §x§F§F§3§E§0§0§lSellwand Voucher in auction for 1500000.
[15:31:44] > Broodie remove x1 §x§F§F§5§5§0§0§lsᴇʟʟᴡᴀɴᴅ §6- 5.0x from storage
[15:31:55] > Broodie added x1 §x§F§F§5§5§0§0§lsᴇʟʟᴡᴀɴᴅ §6- 5.0x in auction for 350000.
[15:32:08] > lorxie added x1 §x§F§F§3§E§0§0§lSellwand Voucher in auction for 10.
[15:32:11] > Broodie buy x1 §x§F§F§3§E§0§0§lSellwand Voucher to lorxie for $10.
[15:32:25] > M1CH45L added x1 §x§F§F§5§5§0§0§lsᴇʟʟᴡᴀɴᴅ §6- 5.0x in auction for 150000.
[15:32:28] > EnderDragon0120 buy x1 §x§F§F§5§5§0§0§lsᴇʟʟᴡᴀɴᴅ §6- 5.0x to M1CH45L for $150,000.
[15:32:29] > nnorv1 buy x1 §x§F§F§3§E§0§0§lSellwand Voucher to NoClarity for $750,000.
[15:32:36] > nnorv1 remove x1 §x§F§F§3§E§0§0§lSellwand Voucher from buy
[15:32:55] > Broodie remove x1 §x§F§F§3§E§0§0§lSellwand Voucher from buy
[15:32:56] > M1CH45L added x1 §x§F§F§5§5§0§0§lsᴇʟʟᴡᴀɴᴅ §6- 10.0x in auction for 900000.
[15:33:00] > Edabis buy x1 §x§F§F§5§5§0§0§lsᴇʟʟᴡᴀɴᴅ §6- 10.0x to M1CH45L for $900,000.
[15:33:38] > Edabis added x1 §x§F§F§5§5§0§0§lsᴇʟʟᴡᴀɴᴅ §6- 10.0x in auction for 1200000.
[15:34:00] > Padjibarr added x1 §9§lCrab Claw in auction for 20000.
[15:34:14] > Padjibarr added x1 §e§lCrab Scale in auction for 20000.
[15:34:21] > Fogstrap buy x1 §9§lCrab Claw to Padjibarr for $20,000.
[15:34:25] > Fogstrap buy x1 §e§lCrab Scale to Padjibarr for $20,000.
[15:35:07] > Cynishere remove x3 §x§9§8§6§3§E§7§lG§x§9§0§7§5§E§2§lo§x§8§8§8§7§D§D§ld§x§8§0§9§9§D§8§ll§x§7§7§A§C§D§4§ly §x§6§7§D§0§C§A§lC§x§5§F§E§2§C§5§lr§x§6§7§D§0§C§A§la§x§6§F§B§E§C§F§lt§x§7§7§A§C§D§4§le §x§8§8§8§7§D§D§lK§x§9§0§7§5§E§2§le§x§9§8§6§3§E§7§ly from storage
[15:35:46] > Icon_Skully added x1 §x§F§F§5§5§0§0§lsᴇʟʟᴡᴀɴᴅ §6- 20.0x in auction for 1850000.
[15:35:50] > Fogstrap buy x1 §x§F§F§5§5§0§0§lsᴇʟʟᴡᴀɴᴅ §6- 20.0x to Icon_Skully for $1,850,000.
[15:36:05] > Edabis remove x1 §x§F§F§7§C§0§0§lSteamsparks Wings from storage
[15:36:11] > Icon_Skully added x1 §x§F§F§5§5§0§0§lsᴇʟʟᴡᴀɴᴅ §6- 10.0x in auction for 950000.
[15:36:30] > Icon_Skully added x1 §x§F§F§5§5§0§0§lsᴇʟʟᴡᴀɴᴅ §6- 10.0x in auction for 950000.
[15:36:56] > Edabis added x1 §x§F§F§7§C§0§0§lSteamsparks Wings in auction for 2500000.
[15:37:10] > Icon_Skully added x1 §x§F§F§5§5§0§0§lsᴇʟʟᴡᴀɴᴅ §6- 10.0x in auction for 950000.
[15:37:13] > Edabis remove x1 §x§E§5§1§B§1§B§lDracula Dagger form storage
[15:37:13] > Edabis remove x1 §x§F§F§7§C§0§0§lSteamsparks Wings form storage
[15:37:13] > Edabis remove x1 §x§F§F§5§5§0§0§lsᴇʟʟᴡᴀɴᴅ §6- 5.0x form storage
[15:37:13] > Edabis remove x1 §x§F§F§5§5§0§0§lsᴇʟʟᴡᴀɴᴅ §6- 10.0x form storage
[15:38:23] > Edabis added x1 §x§F§F§7§C§0§0§lSteamsparks Wings in auction for 2500000.
[15:39:46] > HwanYo remove x1 §x§F§F§5§5§0§0§lsᴇʟʟᴡᴀɴᴅ §6- 10.0x from buy
[15:39:52] > Trapers1 added x5 §x§3§4§9§8§D§Bᴄᴏᴡ ꜱᴘᴀᴡɴᴇʀ in auction for 1500000.
[15:40:14] > EnderDragon0120 remove x1 §x§E§5§1§B§1§B§lDracula Halberd from storage
[15:40:19] > Trapers1 remove x5 §x§3§4§9§8§D§Bᴄᴏᴡ ꜱᴘᴀᴡɴᴇʀ form storage
[15:40:28] > EnderDragon0120 added x1 §x§F§F§7§C§0§0§lSteamsparks Wings in auction for 900000.
[15:40:31] > Broodie added x1 §x§F§F§5§5§0§0§lsᴇʟʟᴡᴀɴᴅ §6- 20.0x in auction for 3800000.
[15:40:54] > aroraru remove x1 §x§F§F§5§5§0§0§lsᴇʟʟᴡᴀɴᴅ §6- 20.0x from storage
[15:41:14] > Broodie remove x1 §x§F§F§5§5§0§0§lsᴇʟʟᴡᴀɴᴅ §6- 5.0x from storage
[15:41:16] > Broodie remove x1 §x§F§F§5§5§0§0§lsᴇʟʟᴡᴀɴᴅ §6- 20.0x from storage
[15:41:17] > aroraru added x1 §x§F§F§5§5§0§0§lsᴇʟʟᴡᴀɴᴅ §6- 20.0x in auction for 4000000.
[15:41:38] > Broodie added x1 §x§F§F§5§5§0§0§lsᴇʟʟᴡᴀɴᴅ §6- 5.0x in auction for 250000.
[15:41:50] > EnderDragon0120 buy x1 §x§F§F§5§5§0§0§lsᴇʟʟᴡᴀɴᴅ §6- 5.0x to Broodie for $250,000.
[15:41:55] > EnderDragon0120 remove x1 §x§F§F§5§5§0§0§lsᴇʟʟᴡᴀɴᴅ §6- 5.0x form buy
[15:41:55] > EnderDragon0120 remove x1 Axolotl bucket form buy
[15:41:55] > EnderDragon0120 remove x1 §x§F§F§5§5§0§0§lsᴇʟʟᴡᴀɴᴅ §6- 5.0x form buy
[15:42:13] > Broodie added x1 §x§F§F§5§5§0§0§lsᴇʟʟᴡᴀɴᴅ §6- 20.0x in auction for 3800000.
[15:42:18] > bqnnyy buy x1 Heavy core to EXEZUNO for $350,000.
[15:43:06] > EXEZUNO added x1 Heavy core in auction for 350000.
[15:43:40] > bqnnyy remove x1 Diamond pickaxe form buy
[15:43:40] > bqnnyy remove x1 Enchanted book form buy
[15:43:40] > bqnnyy remove x1 Diamond pickaxe form buy
[15:43:40] > bqnnyy remove x1 Enchanted book form buy
[15:43:40] > bqnnyy remove x1 Heavy core form buy
[15:44:11] > Trapers1 added x10 Netherite upgrade smithing template in auction for 900000.
[15:46:30] > nnorv1 remove x1 §x§F§F§5§5§0§0§lsᴇʟʟᴡᴀɴᴅ §6- 10.0x from buy
[15:46:31] > nnorv1 remove x1 §x§F§F§5§5§0§0§lsᴇʟʟᴡᴀɴᴅ §6- 10.0x from buy
[15:48:47] > EXEZUNO added x11 §bEntropy Crystal §8(§310,000§8) in auction for 820000.
[15:49:02] > kiyomiuu1 buy x1 §fSun Visor Hat to kysicx for $50,000.
[15:50:47] > RebornKimmy buy x11 §bEntropy Crystal §8(§310,000§8) to EXEZUNO for $820,000.
[15:52:40] > RebornKimmy remove x11 §bEntropy Crystal §8(§310,000§8) from buy
[15:52:51] > EXEZUNO buy x1 §x§F§F§7§C§0§0§lSteamsparks Wings to EnderDragon0120 for $900,000.
[15:53:04] > EXEZUNO remove x1 §x§F§F§7§C§0§0§lSteamsparks Wings from buy
[15:54:49] > kiyomiuu1 remove x1 §fSun Visor Hat from buy
[15:54:50] > kiyomiuu1 remove x2 §x§5§C§C§F§F§C§lC§x§5§C§D§1§F§5§lo§x§5§D§D§4§E§E§ls§x§5§D§D§6§E§7§lm§x§5§E§D§9§E§1§le§x§5§E§D§B§D§A§lt§x§5§E§D§D§D§3§li§x§5§F§E§0§C§C§lc §x§5§F§E§0§C§C§lH§x§5§E§D§D§D§3§la§x§5§E§D§B§D§A§lt§x§5§E§D§9§E§1§ls §x§5§D§D§4§E§E§lK§x§5§C§D§1§F§5§le§x§5§C§C§F§F§C§ly from buy
[15:54:51] > kiyomiuu1 remove x1 §5Witch Hat from buy
[15:55:57] > EXEZUNO added x6 §bEntropy Crystal §8(§310,000§8) in auction for 450000.
[15:56:16] > Trapers1 remove x10 Netherite upgrade smithing template form storage
[16:05:39] > johnowenz1 remove x5 Trial key from storage
[16:05:39] > johnowenz1 remove x5 Trial key from storage
[16:10:35] > RebornKimmy remove x2 Enchanted golden apple from buy
[16:10:36] > RebornKimmy remove x2 Enchanted golden apple from buy
[16:10:37] > RebornKimmy remove x1 Enchanted golden apple from buy
[16:10:43] > RebornKimmy remove x1 §9§lCrab Claw from buy
[16:10:43] > RebornKimmy remove x1 §e§lCrab Scale from buy
[16:12:02] > johnowenz1 added x1 Ominous trial key in auction for 20000.
[16:13:06] > Malachkite remove x1 Enchanted book from storage
[16:23:29] > Broodie buy x1 §x§F§F§7§C§0§0§lSteamsparks Shield to Uratakiz for $200,000.
[16:23:41] > Broodie remove x1 §x§F§F§7§C§0§0§lSteamsparks Shield from buy
[16:38:06] > sinigang_nababoy added x64 Iron ingot in auction for 40000.
[16:38:17] > sinigang_nababoy added x64 Iron ingot in auction for 40000.
[16:40:11] > johnowenz1 buy x5 §x§F§C§9§0§5§C§lE§x§E§6§9§C§6§B§lp§x§C§F§A§7§7§A§li§x§B§9§B§3§8§9§lc §x§8§C§C§B§A§7§lC§x§7§5§D§6§B§6§lr§x§5§F§E§2§C§5§la§x§7§9§D§4§B§4§lt§x§9§3§C§7§A§2§le §x§C§8§A§B§7§F§lK§x§E§2§9§E§6§E§le§x§F§C§9§0§5§C§ly to rreij for $150,000.
[16:40:20] > johnowenz1 buy x5 §x§F§C§9§0§5§C§lE§x§E§6§9§C§6§B§lp§x§C§F§A§7§7§A§li§x§B§9§B§3§8§9§lc §x§8§C§C§B§A§7§lC§x§7§5§D§6§B§6§lr§x§5§F§E§2§C§5§la§x§7§9§D§4§B§4§lt§x§9§3§C§7§A§2§le §x§C§8§A§B§7§F§lK§x§E§2§9§E§6§E§le§x§F§C§9§0§5§C§ly to 3xdmge for $150,000.
[16:40:27] > johnowenz1 remove x5 §x§F§C§9§0§5§C§lE§x§E§6§9§C§6§B§lp§x§C§F§A§7§7§A§li§x§B§9§B§3§8§9§lc §x§8§C§C§B§A§7§lC§x§7§5§D§6§B§6§lr§x§5§F§E§2§C§5§la§x§7§9§D§4§B§4§lt§x§9§3§C§7§A§2§le §x§C§8§A§B§7§F§lK§x§E§2§9§E§6§E§le§x§F§C§9§0§5§C§ly from buy
[16:40:27] > johnowenz1 remove x5 §x§F§C§9§0§5§C§lE§x§E§6§9§C§6§B§lp§x§C§F§A§7§7§A§li§x§B§9§B§3§8§9§lc §x§8§C§C§B§A§7§lC§x§7§5§D§6§B§6§lr§x§5§F§E§2§C§5§la§x§7§9§D§4§B§4§lt§x§9§3§C§7§A§2§le §x§C§8§A§B§7§F§lK§x§E§2§9§E§6§E§le§x§F§C§9§0§5§C§ly from buy
[16:40:56] > johnowenz1 added x3 §x§F§C§9§0§5§C§lE§x§E§6§9§C§6§B§lp§x§C§F§A§7§7§A§li§x§B§9§B§3§8§9§lc §x§8§C§C§B§A§7§lC§x§7§5§D§6§B§6§lr§x§5§F§E§2§C§5§la§x§7§9§D§4§B§4§lt§x§9§3§C§7§A§2§le §x§C§8§A§B§7§F§lK§x§E§2§9§E§6§E§le§x§F§C§9§0§5§C§ly in auction for 40000.
[16:41:01] > EnderDragon0120 buy x3 §x§F§C§9§0§5§C§lE§x§E§6§9§C§6§B§lp§x§C§F§A§7§7§A§li§x§B§9§B§3§8§9§lc §x§8§C§C§B§A§7§lC§x§7§5§D§6§B§6§lr§x§5§F§E§2§C§5§la§x§7§9§D§4§B§4§lt§x§9§3§C§7§A§2§le §x§C§8§A§B§7§F§lK§x§E§2§9§E§6§E§le§x§F§C§9§0§5§C§ly to johnowenz1 for $40,000.
[16:42:21] > johnowenz1 added x1 §x§F§F§7§C§0§0§lSteamsparks Pickaxe in auction for 250000.
[16:42:44] > Geoffinhs buy x1 §x§F§F§7§C§0§0§lSteamsparks Pickaxe to johnowenz1 for $250,000.
[16:43:02] > Geoffinhs remove x1 §x§F§F§7§C§0§0§lSteamsparks Pickaxe from buy
[16:44:07] > johnowenz1 buy x4 Coast armor trim smithing template to KaijuWard for $50,000.
[16:44:16] > johnowenz1 remove x4 Coast armor trim smithing template from buy
[16:46:19] > x1 §f§l§x§8§A§0§0§F§FS§x§9§9§0§0§D§Bh§x§A§8§0§0§B§6i§x§B§7§0§0§9§2n§x§C§6§0§0§6§De§x§D§5§0§0§4§9 §x§E§4§0§0§2§4O§x§F§3§0§0§0§0n§x§E§4§0§0§2§4i§x§D§5§0§0§4§9 §x§C§6§0§0§6§DS§x§B§7§0§0§9§2p§x§A§8§0§0§B§6e§x§9§9§0§0§D§Ba§x§8§A§0§0§F§Fr on sale by nebula12321 has just expired, it goes in the inventory of expired items.
[16:46:19] > x1 §x§F§F§3§E§0§0§lD§x§F§F§3§5§0§0§le§x§F§F§2§C§0§0§lm§x§F§F§2§3§0§0§lo§x§F§F§1§B§0§0§ln §x§F§F§0§9§0§0§lL§x§F§F§0§0§0§0§lo§x§F§F§0§A§0§0§lr§x§F§F§1§5§0§0§ld §x§F§F§2§9§0§0§lB§x§F§F§3§4§0§0§lo§x§F§F§3§E§0§0§lw on sale by nebula12321 has just expired, it goes in the inventory of expired items.
[16:47:35] > x1 §x§E§5§1§B§1§B§lDracula Bow on sale by nebula12321 has just expired, it goes in the inventory of expired items.
[16:47:52] > Broodie remove x1 §x§F§F§5§5§0§0§lsᴇʟʟᴡᴀɴᴅ §6- 20.0x from storage
[16:48:43] > Broodie remove x1 §x§5§9§A§1§D§9§lA§x§6§E§A§D§D§Er§x§8§3§B§9§E§3c§x§9§7§C§4§E§7h§x§A§C§D§0§E§Ca§x§C§1§D§C§F§1n§x§D§6§E§8§F§6g§x§E§A§F§3§F§Ae§fl §x§D§0§E§4§F§4D§x§B§8§D§7§E§Fa§x§A§0§C§9§E§9g§x§8§8§B§C§E§4g§x§7§1§A§E§D§Ee§x§5§9§A§1§D§9r form storage
[16:48:52] > Broodie remove x1 §x§F§F§5§5§0§0§lsᴇʟʟᴡᴀɴᴅ §6- 20.0x from expire
[16:49:24] > Broodie added x1 §x§F§F§5§5§0§0§lsᴇʟʟᴡᴀɴᴅ §6- 20.0x in auction for 3500000.
[16:49:56] > Broodie remove x1 §x§F§F§5§5§0§0§lsᴇʟʟᴡᴀɴᴅ §6- 20.0x from storage
[16:50:17] > Broodie added x1 §x§5§9§A§1§D§9§lA§x§6§E§A§D§D§Er§x§8§3§B§9§E§3c§x§9§7§C§4§E§7h§x§A§C§D§0§E§Ca§x§C§1§D§C§F§1n§x§D§6§E§8§F§6g§x§E§A§F§3§F§Ae§fl §x§D§0§E§4§F§4D§x§B§8§D§7§E§Fa§x§A§0§C§9§E§9g§x§8§8§B§C§E§4g§x§7§1§A§E§D§Ee§x§5§9§A§1§D§9r in auction for 405000.
[16:50:30] > Broodie added x1 §x§F§F§5§5§0§0§lsᴇʟʟᴡᴀɴᴅ §6- 20.0x in auction for 3240000.
[17:00:54] > NoClarity added x1 Mace in auction for 450000.
[17:02:02] > Edabis remove x1 §x§F§F§7§C§0§0§lSteamsparks Wings from storage
[17:02:09] > Edabis added x1 §x§F§F§7§C§0§0§lSteamsparks Wings in auction for 2000000.
[17:04:31] > Broodie remove x1 §x§5§9§A§1§D§9§lA§x§6§E§A§D§D§Er§x§8§3§B§9§E§3c§x§9§7§C§4§E§7h§x§A§C§D§0§E§Ca§x§C§1§D§C§F§1n§x§D§6§E§8§F§6g§x§E§A§F§3§F§Ae§fl §x§D§0§E§4§F§4D§x§B§8§D§7§E§Fa§x§A§0§C§9§E§9g§x§8§8§B§C§E§4g§x§7§1§A§E§D§Ee§x§5§9§A§1§D§9r from storage
[17:04:32] > Broodie remove x1 §x§F§F§5§5§0§0§lsᴇʟʟᴡᴀɴᴅ §6- 20.0x from storage
[17:04:49] > Broodie added x1 §x§5§9§A§1§D§9§lA§x§6§E§A§D§D§Er§x§8§3§B§9§E§3c§x§9§7§C§4§E§7h§x§A§C§D§0§E§Ca§x§C§1§D§C§F§1n§x§D§6§E§8§F§6g§x§E§A§F§3§F§Ae§fl §x§D§0§E§4§F§4D§x§B§8§D§7§E§Fa§x§A§0§C§9§E§9g§x§8§8§B§C§E§4g§x§7§1§A§E§D§Ee§x§5§9§A§1§D§9r in auction for 360000.
[17:05:17] > Broodie added x1 §x§F§F§5§5§0§0§lsᴇʟʟᴡᴀɴᴅ §6- 20.0x in auction for 3150000.
[17:06:33] > Broodie remove x1 §x§5§9§A§1§D§9§lA§x§6§E§A§D§D§Er§x§8§3§B§9§E§3c§x§9§7§C§4§E§7h§x§A§C§D§0§E§Ca§x§C§1§D§C§F§1n§x§D§6§E§8§F§6g§x§E§A§F§3§F§Ae§fl §x§D§0§E§4§F§4D§x§B§8§D§7§E§Fa§x§A§0§C§9§E§9g§x§8§8§B§C§E§4g§x§7§1§A§E§D§Ee§x§5§9§A§1§D§9r from storage
[17:06:34] > Broodie remove x1 §x§F§F§5§5§0§0§lsᴇʟʟᴡᴀɴᴅ §6- 20.0x from storage
[17:06:44] > Broodie added x1 §x§5§9§A§1§D§9§lA§x§6§E§A§D§D§Er§x§8§3§B§9§E§3c§x§9§7§C§4§E§7h§x§A§C§D§0§E§Ca§x§C§1§D§C§F§1n§x§D§6§E§8§F§6g§x§E§A§F§3§F§Ae§fl §x§D§0§E§4§F§4D§x§B§8§D§7§E§Fa§x§A§0§C§9§E§9g§x§8§8§B§C§E§4g§x§7§1§A§E§D§Ee§x§5§9§A§1§D§9r in auction for 250000.
[17:07:01] > Broodie added x1 §x§F§F§5§5§0§0§lsᴇʟʟᴡᴀɴᴅ §6- 20.0x in auction for 3000100.
[17:12:28] > NoClarity remove x1 Mace from storage
[17:12:38] > NoClarity added x1 Mace in auction for 200000.
[17:12:39] > Weeiyne added x1 §x§E§5§1§B§1§B§lDracula Halberd in auction for 150000.
[17:12:50] > EnderDragon0120 buy x1 Mace to NoClarity for $200,000.
[17:12:54] > EnderDragon0120 remove x3 §x§F§C§9§0§5§C§lE§x§E§6§9§C§6§B§lp§x§C§F§A§7§7§A§li§x§B§9§B§3§8§9§lc §x§8§C§C§B§A§7§lC§x§7§5§D§6§B§6§lr§x§5§F§E§2§C§5§la§x§7§9§D§4§B§4§lt§x§9§3§C§7§A§2§le §x§C§8§A§B§7§F§lK§x§E§2§9§E§6§E§le§x§F§C§9§0§5§C§ly from buy
[17:12:55] > EnderDragon0120 remove x1 Mace from buy
[17:16:03] > Julene added x1 §fFarmer Hat in auction for 15000.
[17:16:09] > .AppriXD buy x1 §fFarmer Hat to Julene for $15,000.
[17:16:15] > .AppriXD remove x1 §fFarmer Hat from buy
[17:16:15] > .AppriXD remove x63 Sweet berries from buy
[17:31:32] > Edabis remove x1 §x§F§F§7§C§0§0§lSteamsparks Wings from storage
[17:32:01] > x1 Enchanted book, bought by .JakeTheMiner457, has just expired, the item is definitively deleted.
[17:32:01] > x1 Enchanted book, bought by .JakeTheMiner457, has just expired, the item is definitively deleted.
[17:32:03] > Edabis remove x1 §x§F§F§5§5§0§0§lsᴇʟʟᴡᴀɴᴅ §6- 10.0x from buy
[17:35:41] > Edabis remove x1 §x§F§F§7§C§0§0§lSteamsparks Wings from expire
[17:56:57] > mumbowe777 remove x1 §x§E§5§1§B§1§B§lDracula Staff from expire
[17:57:04] > x1 §f§l§8B§x§6§4§6§4§6§4a§x§7§4§7§4§7§4h§x§8§3§8§3§8§3a§x§9§3§9§3§9§3m§x§A§2§A§2§A§2ut§x§9§3§9§3§9§3 §x§8§3§8§3§8§3C§x§7§4§7§4§7§4l§x§6§4§6§4§6§4u§8b on sale by auvicious has just expired, it goes in the inventory of expired items.
[17:57:04] > x1 §f§l§8B§x§6§4§6§4§6§4a§x§7§4§7§4§7§4h§x§8§3§8§3§8§3a§x§9§3§9§3§9§3m§x§A§2§A§2§A§2ut§x§9§3§9§3§9§3 §x§8§3§8§3§8§3C§x§7§4§7§4§7§4l§x§6§4§6§4§6§4u§8b on sale by auvicious has just expired, it goes in the inventory of expired items.
[17:57:06] > mumbowe777 added x1 §x§E§5§1§B§1§B§lDracula Staff in auction for 200000.
[18:02:43] > Broodie remove x1 §x§F§F§5§5§0§0§lsᴇʟʟᴡᴀɴᴅ §6- 20.0x from storage
[18:09:45] > Typeshe added x1 §x§F§F§3§E§0§0§lSellwand Voucher in auction for 1320000.
[18:12:47] > nebula12321 buy x1 §f§l§8B§x§6§6§6§6§6§6a§x§7§7§7§7§7§7h§x§8§8§8§8§8§8a§x§9§9§9§9§9§9m§7u§x§9§9§9§9§9§9t§x§8§8§8§8§8§8 §x§7§7§7§7§7§7K§x§6§6§6§6§6§6e§8y to Takeremu for $400,000.
[18:14:53] > nebula12321 remove x64 Experience bottle from buy
[18:14:54] > nebula12321 remove x1 §f§l§8B§x§6§6§6§6§6§6a§x§7§7§7§7§7§7h§x§8§8§8§8§8§8a§x§9§9§9§9§9§9m§7u§x§9§9§9§9§9§9t§x§8§8§8§8§8§8 §x§7§7§7§7§7§7K§x§6§6§6§6§6§6e§8y from buy
[18:32:48] > Julene added x1 Lodestone in auction for 10000.
[18:35:13] > Blinkrzz added x14 Redstone in auction for 10.
[18:47:45] > HwanYo buy x1 §x§F§F§3§E§0§0§lSellwand Voucher to Typeshe for $1,320,000.
[18:47:53] > HwanYo buy x1 §x§F§F§5§5§0§0§lsᴇʟʟᴡᴀɴᴅ §6- 10.0x to Icon_Skully for $950,000.
[18:47:56] > HwanYo buy x1 §x§F§F§5§5§0§0§lsᴇʟʟᴡᴀɴᴅ §6- 10.0x to Icon_Skully for $950,000.
[18:47:58] > HwanYo buy x1 §x§F§F§5§5§0§0§lsᴇʟʟᴡᴀɴᴅ §6- 10.0x to Icon_Skully for $950,000.
[18:48:06] > HwanYo remove x1 §x§F§F§3§E§0§0§lSellwand Voucher from buy
[18:49:32] > HwanYo remove x1 §x§F§F§5§5§0§0§lsᴇʟʟᴡᴀɴᴅ §6- 10.0x from buy
[18:59:19] > Blinkrzz remove x14 Redstone from storage
[18:59:30] > Blinkrzz added x64 Experience bottle in auction for 110000.
[18:59:40] > nebula12321 buy x64 Experience bottle to Blinkrzz for $110,000.
[19:06:25] > x1 §x§F§F§7§C§0§0§lSteamsparks Battle Axe on sale by Renzy01 has just expired, it goes in the inventory of expired items.
[19:06:25] > x1 §x§F§F§7§C§0§0§lSteamsparks Bow on sale by Renzy01 has just expired, it goes in the inventory of expired items.
[19:08:28] > warenjay123 added x1 Emerald in auction for 12000.
[19:08:38] > Typeshe added x2 §c§lPlatinum Lure in auction for 1250000.
[19:08:58] > Edabis added x1 §x§F§F§7§C§0§0§lSteamsparks Wings in auction for 2000000.
[19:09:52] > warenjay123 remove x1 Emerald from storage
[19:10:42] > warenjay123 added x1 Emerald in auction for 1000.
[19:18:01] > x1 §x§F§F§7§C§0§0§lSteamsparks Staff on sale by auvicious has just expired, it goes in the inventory of expired items.
[19:18:01] > x1 §x§E§5§1§B§1§B§lDracula Staff on sale by auvicious has just expired, it goes in the inventory of expired items.
[19:23:23] > x1 /msg Mooshroom Enchant Services on sale by Zypher_0w0 has just expired, it goes in the inventory of expired items.
[19:26:46] > x1 §x§F§F§7§C§0§0§lSteamsparks Leggings on sale by .C0HEMM has just expired, it goes in the inventory of expired items.
[19:55:43] > younglion1224 buy x1 Ominous trial key to johnowenz1 for $20,000.
[19:55:46] > x1 §fWitch Plushie §6(#94/101), bought by dat_boi, has just expired, the item is definitively deleted.
[19:55:46] > x1 §fPolar Bear Plushie §6(#67/101), bought by dat_boi, has just expired, the item is definitively deleted.
[19:55:48] > younglion1224 remove x1 Ominous trial key from buy
[19:55:56] > YooRushy remove x1 §x§F§F§5§5§0§0§lsᴇʟʟᴡᴀɴᴅ §6- 10.0x form storage
[19:55:56] > YooRushy remove x25 Deepslate diamond ore form storage
[19:55:56] > YooRushy remove x25 Deepslate diamond ore form storage
[19:57:01] > YooRushy added x1 §x§F§F§5§5§0§0§lsᴇʟʟᴡᴀɴᴅ §6- 10.0x in auction for 2000000.
[20:06:48] > YooRushy remove x1 Diamond sword form buy
[20:06:48] > YooRushy remove x1 §x§E§5§1§B§1§B§lDracula Staff form buy
[20:18:17] > younglion1224 added x1 Shulker box in auction for 100000.
[20:20:07] > 3xdmge added x2 §c§lPlatinum Lure in auction for 990000.
[20:27:38] > Edabis remove x1 §x§F§F§7§C§0§0§lSteamsparks Wings form storage
[20:27:51] > Edabis added x1 §x§F§F§7§C§0§0§lSteamsparks Wings in auction for 1500000.
[20:29:01] > Typeshe remove x2 §c§lPlatinum Lure form storage
[20:29:12] > Typeshe added x2 §c§lPlatinum Lure in auction for 1250000.
[20:37:10] > Typeshe added x1 §x§F§F§3§E§0§0§lSellwand Voucher in auction for 1250000.
[20:37:20] > SP3CC_ added x1 §x§5§C§C§F§F§C§lC§x§5§C§D§1§F§5§lo§x§5§D§D§4§E§E§ls§x§5§D§D§6§E§7§lm§x§5§E§D§9§E§1§le§x§5§E§D§B§D§A§lt§x§5§E§D§D§D§3§li§x§5§F§E§0§C§C§lc §x§5§F§E§0§C§C§lH§x§5§E§D§D§D§3§la§x§5§E§D§B§D§A§lt§x§5§E§D§9§E§1§ls §x§5§D§D§4§E§E§lK§x§5§C§D§1§F§5§le§x§5§C§C§F§F§C§ly in auction for 100000.
[20:37:31] > Blinkrzz buy x1 §x§5§C§C§F§F§C§lC§x§5§C§D§1§F§5§lo§x§5§D§D§4§E§E§ls§x§5§D§D§6§E§7§lm§x§5§E§D§9§E§1§le§x§5§E§D§B§D§A§lt§x§5§E§D§D§D§3§li§x§5§F§E§0§C§C§lc §x§5§F§E§0§C§C§lH§x§5§E§D§D§D§3§la§x§5§E§D§B§D§A§lt§x§5§E§D§9§E§1§ls §x§5§D§D§4§E§E§lK§x§5§C§D§1§F§5§le§x§5§C§C§F§F§C§ly to SP3CC_ for $100,000.
[20:37:37] > Blinkrzz remove x1 §x§5§C§C§F§F§C§lC§x§5§C§D§1§F§5§lo§x§5§D§D§4§E§E§ls§x§5§D§D§6§E§7§lm§x§5§E§D§9§E§1§le§x§5§E§D§B§D§A§lt§x§5§E§D§D§D§3§li§x§5§F§E§0§C§C§lc §x§5§F§E§0§C§C§lH§x§5§E§D§D§D§3§la§x§5§E§D§B§D§A§lt§x§5§E§D§9§E§1§ls §x§5§D§D§4§E§E§lK§x§5§C§D§1§F§5§le§x§5§C§C§F§F§C§ly from buy
[20:38:19] > Blinkrzz added x1 §2Cauldron Hat in auction for 100000.
[20:38:28] > micailatot added x1 §x§F§F§5§5§0§0§lsᴇʟʟᴡᴀɴᴅ §6- 5.0x in auction for 520000.
[20:38:43] > SP3CC_ buy x1 §x§F§F§5§5§0§0§lsᴇʟʟᴡᴀɴᴅ §6- 5.0x to Applegod9 for $400,000.
[20:38:46] > Blinkrzz remove x64 Quartz block from storage
[20:38:47] > Biloo added x1 §x§F§F§5§5§0§0§lsᴇʟʟᴡᴀɴᴅ §6- 5.0x in auction for 450000.
[20:38:50] > Blinkrzz remove x1 §2Cauldron Hat from storage
[20:38:51] > Blinkrzz remove x1 IDEK from storage
[20:38:54] > SP3CC_ buy x1 §x§F§F§5§5§0§0§lsᴇʟʟᴡᴀɴᴅ §6- 5.0x to Ryzxc for $400,000.
[20:39:06] > SP3CC_ buy x1 §x§F§F§5§5§0§0§lsᴇʟʟᴡᴀɴᴅ §6- 5.0x to Biloo for $450,000.
[20:39:09] > Blinkrzz added x64 Quartz block in auction for 50000.
[20:39:09] > SP3CC_ buy x1 §x§F§F§5§5§0§0§lsᴇʟʟᴡᴀɴᴅ §6- 5.0x to micailatot for $520,000.
[20:39:19] > NoClarity added x1 §x§F§F§7§C§0§0§lSteamsparks Shield in auction for 120000.
[20:39:32] > SP3CC_ buy x1 §x§F§F§5§5§0§0§lsᴇʟʟᴡᴀɴᴅ §6- 10.0x to zDamixx for $1,300,000.
[20:39:42] > Blinkrzz added x1 SELLWAND AND OTHERS in auction for 2300000.
[20:39:53] > Biloo added x1 §x§F§F§5§5§0§0§lsᴇʟʟᴡᴀɴᴅ §6- 5.0x in auction for 499999.
[20:40:07] > SP3CC_ buy x1 §x§F§F§5§5§0§0§lsᴇʟʟᴡᴀɴᴅ §6- 5.0x to Biloo for $499,999.
[20:40:10] > SEAN4528 added x1 §x§F§F§3§E§0§0§lSellwand Voucher in auction for 1000000.
[20:40:32] > .EradTzy19 added x1 §x§F§F§5§5§0§0§lsᴇʟʟᴡᴀɴᴅ §6- 5.0x in auction for 399999.
[20:40:39] > johnowenz1 remove x1 §f§l§8B§x§6§2§6§2§6§2a§x§6§F§6§F§6§Fh§x§7§C§7§C§7§Ca§x§8§9§8§9§8§9m§x§9§6§9§6§9§6u§x§A§3§A§3§A§3t §x§9§6§9§6§9§6P§x§8§9§8§9§8§9i§x§7§C§7§C§7§Cc§x§6§F§6§F§6§Fa§x§6§2§6§2§6§2x§8e from storage
[20:40:43] > Biloo added x1 §x§E§5§1§B§1§B§lDracula Hoe in auction for 150000.
[20:40:44] > SP3CC_ buy x1 §x§F§F§5§5§0§0§lsᴇʟʟᴡᴀɴᴅ §6- 5.0x to .EradTzy19 for $399,999.
[20:40:50] > johnowenz1 added x1 §f§l§8B§x§6§2§6§2§6§2a§x§6§F§6§F§6§Fh§x§7§C§7§C§7§Ca§x§8§9§8§9§8§9m§x§9§6§9§6§9§6u§x§A§3§A§3§A§3t §x§9§6§9§6§9§6P§x§8§9§8§9§8§9i§x§7§C§7§C§7§Cc§x§6§F§6§F§6§Fa§x§6§2§6§2§6§2x§8e in auction for 200000.
[20:40:51] > Izumi added x1 §x§F§F§7§C§0§0§lSteamsparks Shield in auction for 300000.
[20:40:59] > Fogstrap buy x1 §f§l§8B§x§6§2§6§2§6§2a§x§6§F§6§F§6§Fh§x§7§C§7§C§7§Ca§x§8§9§8§9§8§9m§x§9§6§9§6§9§6u§x§A§3§A§3§A§3t §x§9§6§9§6§9§6P§x§8§9§8§9§8§9i§x§7§C§7§C§7§Cc§x§6§F§6§F§6§Fa§x§6§2§6§2§6§2x§8e to johnowenz1 for $200,000.
[20:41:08] > .EradTzy19 added x1 §x§F§F§5§5§0§0§lsᴇʟʟᴡᴀɴᴅ §6- 5.0x in auction for 500000.
[20:41:13] > Trapers1 added x1 §x§F§F§5§5§0§0§lsᴇʟʟᴡᴀɴᴅ §6- 10.0x in auction for 1000000.
[20:41:14] > SP3CC_ buy x1 §x§F§F§5§5§0§0§lsᴇʟʟᴡᴀɴᴅ §6- 5.0x to .EradTzy19 for $500,000.
[20:41:20] > SenjuKawaragi buy x1 §x§F§F§5§5§0§0§lsᴇʟʟᴡᴀɴᴅ §6- 10.0x to Trapers1 for $1,000,000.
[20:41:20] > johnowenz1 buy x4 Flow armor trim smithing template to KaijuWard for $100,000.
[20:41:26] > Trapers1 added x1 §x§F§F§5§5§0§0§lsᴇʟʟᴡᴀɴᴅ §6- 5.0x in auction for 380000.
[20:41:29] > SenjuKawaragi remove x1 §x§F§F§5§5§0§0§lsᴇʟʟᴡᴀɴᴅ §6- 10.0x from buy
[20:41:38] > SP3CC_ buy x1 §x§F§F§5§5§0§0§lsᴇʟʟᴡᴀɴᴅ §6- 5.0x to Trapers1 for $380,000.
[20:41:47] > johnowenz1 remove x4 Flow armor trim smithing template from buy
[20:41:53] > Typeshe added x1 §x§F§F§5§5§0§0§lsᴇʟʟᴡᴀɴᴅ §6- 20.0x in auction for 1250000.
[20:41:58] > Fogstrap buy x1 §x§F§F§5§5§0§0§lsᴇʟʟᴡᴀɴᴅ §6- 20.0x to Typeshe for $1,250,000.
[20:42:07] > NoClarity added x1 §x§F§F§3§E§0§0§lSellwand Voucher in auction for 750000.
[20:42:13] > Fogstrap remove x1 §x§F§F§5§5§0§0§lsᴇʟʟᴡᴀɴᴅ §6- 20.0x from buy
[20:42:14] > Fogstrap remove x1 §x§F§F§5§5§0§0§lsᴇʟʟᴡᴀɴᴅ §6- 20.0x from buy
[20:42:31] > SP3CC_ buy x1 §x§F§F§3§E§0§0§lSellwand Voucher to NoClarity for $750,000.
[20:42:32] > Fogstrap remove x1 §f§l§8B§x§6§2§6§2§6§2a§x§6§F§6§F§6§Fh§x§7§C§7§C§7§Ca§x§8§9§8§9§8§9m§x§9§6§9§6§9§6u§x§A§3§A§3§A§3t §x§9§6§9§6§9§6P§x§8§9§8§9§8§9i§x§7§C§7§C§7§Cc§x§6§F§6§F§6§Fa§x§6§2§6§2§6§2x§8e from buy
[20:42:40] > SP3CC_ remove x1 §x§F§F§3§E§0§0§lSellwand Voucher from buy
[20:42:52] > SP3CC_ remove x1 §x§F§F§5§5§0§0§lsᴇʟʟᴡᴀɴᴅ §6- 5.0x form buy
[20:42:52] > SP3CC_ remove x1 §x§F§F§5§5§0§0§lsᴇʟʟᴡᴀɴᴅ §6- 5.0x form buy
[20:42:52] > SP3CC_ remove x1 §x§F§F§5§5§0§0§lsᴇʟʟᴡᴀɴᴅ §6- 5.0x form buy
[20:42:52] > SP3CC_ remove x1 §x§F§F§5§5§0§0§lsᴇʟʟᴡᴀɴᴅ §6- 5.0x form buy
[20:42:52] > SP3CC_ remove x1 §x§F§F§5§5§0§0§lsᴇʟʟᴡᴀɴᴅ §6- 10.0x form buy
[20:42:52] > SP3CC_ remove x1 §x§F§F§5§5§0§0§lsᴇʟʟᴡᴀɴᴅ §6- 5.0x form buy
[20:42:52] > SP3CC_ remove x1 §x§F§F§5§5§0§0§lsᴇʟʟᴡᴀɴᴅ §6- 5.0x form buy
[20:42:52] > SP3CC_ remove x1 §x§F§F§5§5§0§0§lsᴇʟʟᴡᴀɴᴅ §6- 5.0x form buy
[20:42:52] > SP3CC_ remove x1 §x§F§F§5§5§0§0§lsᴇʟʟᴡᴀɴᴅ §6- 5.0x form buy
[20:43:05] > SEAN4528 remove x1 §x§F§F§3§E§0§0§lSellwand Voucher from storage
[20:43:18] > SEAN4528 added x1 §x§F§F§3§E§0§0§lSellwand Voucher in auction for 500000.
[20:43:21] > ravencabansay buy x1 §x§F§F§3§E§0§0§lSellwand Voucher to SEAN4528 for $500,000.
[20:43:33] > ravencabansay remove x1 §x§F§F§3§E§0§0§lSellwand Voucher from buy
[20:43:49] > PlayTexts added x1 §x§F§F§5§5§0§0§lsᴇʟʟᴡᴀɴᴅ §6- 10.0x in auction for 1000000.
[20:43:55] > SP3CC_ buy x1 §x§F§F§5§5§0§0§lsᴇʟʟᴡᴀɴᴅ §6- 10.0x to PlayTexts for $1,000,000.
[20:43:55] > ravencabansay added x1 §x§F§F§5§5§0§0§lsᴇʟʟᴡᴀɴᴅ §6- 5.0x in auction for 340000.
[20:43:59] > SP3CC_ buy x1 §x§F§F§5§5§0§0§lsᴇʟʟᴡᴀɴᴅ §6- 5.0x to ravencabansay for $340,000.
[20:44:54] > _Daek added x1 §x§F§F§5§5§0§0§lsᴇʟʟᴡᴀɴᴅ §6- 5.0x in auction for 500000.
[20:44:59] > SP3CC_ buy x1 §x§F§F§5§5§0§0§lsᴇʟʟᴡᴀɴᴅ §6- 5.0x to _Daek for $500,000.
[20:45:05] > _Daek added x1 §x§F§F§5§5§0§0§lsᴇʟʟᴡᴀɴᴅ §6- 5.0x in auction for 500000.
[20:45:10] > SP3CC_ buy x1 §x§F§F§5§5§0§0§lsᴇʟʟᴡᴀɴᴅ §6- 5.0x to _Daek for $500,000.
[20:45:24] > ravencabansay added x1 §x§E§5§1§B§1§B§lDracula Wings in auction for 1000000.
[20:46:24] > SP3CC_ remove x1 §x§F§F§5§5§0§0§lsᴇʟʟᴡᴀɴᴅ §6- 10.0x form buy
[20:46:24] > SP3CC_ remove x1 §x§F§F§5§5§0§0§lsᴇʟʟᴡᴀɴᴅ §6- 5.0x form buy
[20:46:24] > SP3CC_ remove x1 §x§F§F§5§5§0§0§lsᴇʟʟᴡᴀɴᴅ §6- 5.0x form buy
[20:46:24] > SP3CC_ remove x1 §x§F§F§5§5§0§0§lsᴇʟʟᴡᴀɴᴅ §6- 5.0x form buy
[20:46:30] > johnowenz1 added x2 Coast armor trim smithing template in auction for 100000.
[20:46:53] > ravencabansay added x2 Flow armor trim smithing template in auction for 200000.
[20:47:04] > johnowenz1 remove x2 Coast armor trim smithing template from storage
[20:47:05] > SenjuKawaragi added x1 §x§F§F§5§5§0§0§lsᴇʟʟᴡᴀɴᴅ §6- 5.0x in auction for 750000.
[20:48:47] > ravencabansay added x2 §c§lPlatinum Lure in auction for 850000.
[20:50:43] > NastyPepperoni added x1 Enchanted book in auction for 900.
[20:50:47] > EnderDragon0120 buy x1 Enchanted book to NastyPepperoni for $900.
[20:51:14] > NastyPepperoni added x1 Enchanted book in auction for 200.
[20:51:33] > EnderDragon0120 remove x1 Enchanted book form buy
[21:03:46] > .Allxnzv remove x1 §x§F§F§3§E§0§0§lSellwand Voucher from storage
[21:04:00] > .Allxnzv added x1 §x§F§F§3§E§0§0§lSellwand Voucher in auction for 1250000.
[21:06:11] > NastyPepperoni added x1 Enchanted book in auction for 400.
[21:06:21] > Trapers1 buy x1 Enchanted book to NastyPepperoni for $400.
[21:12:50] > HwanYo buy x1 §x§F§F§3§E§0§0§lSellwand Voucher to .Allxnzv for $1,250,000.
[21:16:30] > .Allxnzv added x1 Trident in auction for 200000.
[21:16:34] > johnowenz1 added x1 §x§5§F§E§2§C§5Darkworld Fishing rod in auction for 300000.
[21:16:36] > ThatMidnight buy x1 Trident to .Allxnzv for $200,000.
[21:18:21] > johnowenz1 remove x1 §x§5§F§E§2§C§5Darkworld Fishing rod from storage
[21:28:18] > x1 Enchanted book on sale by Johng10910 has just expired, it goes in the inventory of expired items.
[21:28:57] > Trapers1 added x1 §f§bElder Guardian Plushie §6(#31/101) in auction for 15000.
[21:29:09] > .Allxnzv buy x1 §f§bElder Guardian Plushie §6(#31/101) to Trapers1 for $15,000.
[21:29:43] > Trapers1 added x1 §fVindicator Plushie §6(#91/101) in auction for 10000.
[21:29:49] > _Daek buy x1 §fVindicator Plushie §6(#91/101) to Trapers1 for $10,000.
[21:29:54] > Trapers1 added x1 §fSkeleton Horse Plushie §6(#80/101) in auction for 10000.
[21:29:59] > _Daek buy x1 §fSkeleton Horse Plushie §6(#80/101) to Trapers1 for $10,000.
[21:30:06] > Trapers1 added x1 §fPillager Plushie §6(#66/101) in auction for 10000.
[21:30:16] > _Daek buy x1 §fPillager Plushie §6(#66/101) to Trapers1 for $10,000.
[21:30:29] > .Allxnzv remove x1 §f§bElder Guardian Plushie §6(#31/101) from buy
[21:39:51] > .Allxnzv added x1 §f§l§8B§x§6§6§6§6§6§6a§x§7§7§7§7§7§7h§x§8§8§8§8§8§8a§x§9§9§9§9§9§9m§7u§x§9§9§9§9§9§9t§x§8§8§8§8§8§8 §x§7§7§7§7§7§7H§x§6§6§6§6§6§6o§8e in auction for 200000.
[21:43:32] > x1 §x§E§5§1§B§1§B§lDracula Bow on sale by 3xdmge has just expired, it goes in the inventory of expired items.
[21:50:37] > HwanYo buy x1 §x§F§F§3§E§0§0§lSellwand Voucher to Typeshe for $1,250,000.
[21:50:55] > HwanYo remove x1 §x§F§F§3§E§0§0§lSellwand Voucher from buy
[21:50:56] > HwanYo remove x1 §x§F§F§3§E§0§0§lSellwand Voucher from buy
[22:04:58] > YIXILYX buy x1 Enchanted book to NastyPepperoni for $200.
[22:05:50] > YIXILYX added x1 §x§E§5§1§B§1§B§lDracula Halberd in auction for 150000.
[22:10:12] > Broodie added x1 §x§F§F§5§5§0§0§lsᴇʟʟᴡᴀɴᴅ §6- 20.0x in auction for 2500000.
[22:12:07] > PlayTexts buy x1 §x§F§F§7§C§0§0§lSteamsparks Shield to NoClarity for $120,000.
[22:16:10] > PlayTexts remove x1 §x§F§F§7§C§0§0§lSteamsparks Shield from buy
[22:23:26] > EnderDragon0120 buy x1 Diamond chestplate to Ryzxc for $2,000.
[22:23:30] > EnderDragon0120 remove x1 Diamond chestplate from buy
[22:40:09] > x1 §x§9§8§6§3§E§7§lG§x§9§0§7§5§E§2§lo§x§8§8§8§7§D§D§ld§x§8§0§9§9§D§8§ll§x§7§7§A§C§D§4§ly §x§6§7§D§0§C§A§lC§x§5§F§E§2§C§5§lr§x§6§7§D§0§C§A§la§x§6§F§B§E§C§F§lt§x§7§7§A§C§D§4§le §x§8§8§8§7§D§D§lK§x§9§0§7§5§E§2§le§x§9§8§6§3§E§7§ly, item of HwanYo, has just expired, the item is definitively deleted.
[22:40:09] > x1 §x§9§8§6§3§E§7§lG§x§9§0§7§5§E§2§lo§x§8§8§8§7§D§D§ld§x§8§0§9§9§D§8§ll§x§7§7§A§C§D§4§ly §x§6§7§D§0§C§A§lC§x§5§F§E§2§C§5§lr§x§6§7§D§0§C§A§la§x§6§F§B§E§C§F§lt§x§7§7§A§C§D§4§le §x§8§8§8§7§D§D§lK§x§9§0§7§5§E§2§le§x§9§8§6§3§E§7§ly, item of HwanYo, has just expired, the item is definitively deleted.
[22:40:09] > x1 §x§9§8§6§3§E§7§lG§x§9§0§7§5§E§2§lo§x§8§8§8§7§D§D§ld§x§8§0§9§9§D§8§ll§x§7§7§A§C§D§4§ly §x§6§7§D§0§C§A§lC§x§5§F§E§2§C§5§lr§x§6§7§D§0§C§A§la§x§6§F§B§E§C§F§lt§x§7§7§A§C§D§4§le §x§8§8§8§7§D§D§lK§x§9§0§7§5§E§2§le§x§9§8§6§3§E§7§ly, item of HwanYo, has just expired, the item is definitively deleted.
[22:40:09] > x1 §x§9§8§6§3§E§7§lG§x§9§0§7§5§E§2§lo§x§8§8§8§7§D§D§ld§x§8§0§9§9§D§8§ll§x§7§7§A§C§D§4§ly §x§6§7§D§0§C§A§lC§x§5§F§E§2§C§5§lr§x§6§7§D§0§C§A§la§x§6§F§B§E§C§F§lt§x§7§7§A§C§D§4§le §x§8§8§8§7§D§D§lK§x§9§0§7§5§E§2§le§x§9§8§6§3§E§7§ly, item of HwanYo, has just expired, the item is definitively deleted.
[22:40:09] > x1 §x§9§8§6§3§E§7§lG§x§9§0§7§5§E§2§lo§x§8§8§8§7§D§D§ld§x§8§0§9§9§D§8§ll§x§7§7§A§C§D§4§ly §x§6§7§D§0§C§A§lC§x§5§F§E§2§C§5§lr§x§6§7§D§0§C§A§la§x§6§F§B§E§C§F§lt§x§7§7§A§C§D§4§le §x§8§8§8§7§D§D§lK§x§9§0§7§5§E§2§le§x§9§8§6§3§E§7§ly, item of HwanYo, has just expired, the item is definitively deleted.
[22:42:22] > Blinkrzz added x64 Experience bottle in auction for 150000.
[22:43:09] > zDamixx buy x64 Experience bottle to Blinkrzz for $150,000.
[22:43:17] > zDamixx remove x64 Experience bottle from buy
[22:44:07] > Blinkrzz added x64 Experience bottle in auction for 150000.
[22:48:45] > zDamixx buy x64 Experience bottle to Blinkrzz for $150,000.
[22:48:58] > Broodie remove x1 §x§F§F§5§5§0§0§lsᴇʟʟᴡᴀɴᴅ §6- 20.0x from storage
[22:49:59] > Blinkrzz added x64 Experience bottle in auction for 150000.
[22:50:20] > zDamixx remove x64 Experience bottle from buy
[22:51:28] > zDamixx buy x64 Experience bottle to Blinkrzz for $150,000.
[22:51:34] > zDamixx remove x64 Experience bottle from buy
[22:57:21] > SenjuKawaragi remove x1 §x§F§F§5§5§0§0§lsᴇʟʟᴡᴀɴᴅ §6- 5.0x from storage
[22:57:31] > SenjuKawaragi remove x1 §x§F§F§5§5§0§0§lsᴇʟʟᴡᴀɴᴅ §6- 5.0x from expire
[23:01:23] > Blinkrzz added x64 Experience bottle in auction for 150000.
[23:08:21] > .Allxnzv remove x1 §f§l§8B§x§6§6§6§6§6§6a§x§7§7§7§7§7§7h§x§8§8§8§8§8§8a§x§9§9§9§9§9§9m§7u§x§9§9§9§9§9§9t§x§8§8§8§8§8§8 §x§7§7§7§7§7§7H§x§6§6§6§6§6§6o§8e from storage
[23:08:33] > .Allxnzv added x1 §f§l§8B§x§6§6§6§6§6§6a§x§7§7§7§7§7§7h§x§8§8§8§8§8§8a§x§9§9§9§9§9§9m§7u§x§9§9§9§9§9§9t§x§8§8§8§8§8§8 §x§7§7§7§7§7§7H§x§6§6§6§6§6§6o§8e in auction for 150000.
[23:09:56] > zDamixx buy x64 Experience bottle to Blinkrzz for $150,000.
[23:10:33] > zDamixx remove x64 Experience bottle from buy
[23:18:46] > Broodie remove x1 §x§5§9§A§1§D§9§lA§x§6§E§A§D§D§Er§x§8§3§B§9§E§3c§x§9§7§C§4§E§7h§x§A§C§D§0§E§Ca§x§C§1§D§C§F§1n§x§D§6§E§8§F§6g§x§E§A§F§3§F§Ae§fl §x§D§0§E§4§F§4D§x§B§8§D§7§E§Fa§x§A§0§C§9§E§9g§x§8§8§B§C§E§4g§x§7§1§A§E§D§Ee§x§5§9§A§1§D§9r from storage
[23:35:00] > johnowenz1 added x4 Ominous trial key in auction for 200000.
[23:35:59] > belvi__ buy x1 Heavy core to EXEZUNO for $350,000.
[23:36:11] > belvi__ remove x1 Heavy core from buy
[23:39:23] > Trapers1 added x1 §x§E§4§3§A§9§6§lW§x§E§7§5§3§A§3§lI§x§E§B§6§B§B§0§lN§x§E§E§8§4§B§D§lG§x§F§2§9§D§C§B§lS §x§F§8§C§E§E§5§lO§x§F§C§E§6§F§2§lF §x§F§C§E§6§F§2§lE§x§F§8§C§E§E§5§lT§x§F§5§B§5§D§8§lE§x§F§2§9§D§C§B§lR§x§E§E§8§4§B§D§lN§x§E§B§6§B§B§0§lI§x§E§7§5§3§A§3§lT§x§E§4§3§A§9§6§lY in auction for 10000000.
[23:39:56] > Trapers1 remove x1 §x§E§4§3§A§9§6§lW§x§E§7§5§3§A§3§lI§x§E§B§6§B§B§0§lN§x§E§E§8§4§B§D§lG§x§F§2§9§D§C§B§lS §x§F§8§C§E§E§5§lO§x§F§C§E§6§F§2§lF §x§F§C§E§6§F§2§lE§x§F§8§C§E§E§5§lT§x§F§5§B§5§D§8§lE§x§F§2§9§D§C§B§lR§x§E§E§8§4§B§D§lN§x§E§B§6§B§B§0§lI§x§E§7§5§3§A§3§lT§x§E§4§3§A§9§6§lY form storage
[23:41:50] > HwanYo remove x1 §x§F§F§5§5§0§0§lsᴇʟʟᴡᴀɴᴅ §6- 10.0x from buy
[23:41:59] > HwanYo remove x1 §x§F§F§5§5§0§0§lsᴇʟʟᴡᴀɴᴅ §6- 5.0x from buy
[23:42:01] > HwanYo remove x64 Diamond from buy
[23:42:01] > HwanYo remove x1 §x§F§F§5§5§0§0§lsᴇʟʟᴡᴀɴᴅ §6- 5.0x from buy
[23:43:12] > Blinkrzz added x64 Experience bottle in auction for 200000.
[23:43:12] > .Allxnzv added x1 Enchanted book in auction for 900000.
[23:43:36] > x1 Enchanted book on sale by .Kharrrrrr9859 has just expired, it goes in the inventory of expired items.
[23:43:49] > HwanYo added x64 Experience bottle in auction for 100000.
[23:43:52] > EnderDragon0120 buy x1 Enchanted book to .Allxnzv for $900,000.
[23:44:01] > EnderDragon0120 remove x1 Enchanted book from buy
[23:44:07] > HwanYo added x64 Experience bottle in auction for 100000.
[23:46:18] > HwanYo added x64 Redstone block in auction for 45000.
[23:46:29] > HwanYo added x64 Redstone block in auction for 45000.
[23:46:50] > HwanYo added x64 Redstone block in auction for 45000.
[23:47:47] > HwanYo added x64 Redstone block in auction for 45000.
[23:49:08] > Wemmbuo added x1 §x§3§4§9§8§D§Bᴢᴏᴍʙɪᴇ ꜱᴘᴀᴡɴᴇʀ in auction for 1100000.
[23:54:38] > Blinkrzz remove x64 Experience bottle from storage
[23:54:42] > Blinkrzz remove x2 §c§lPlatinum Lure from storage
[23:54:57] > Blinkrzz added x64 Experience bottle in auction for 150000.
[23:55:14] > Blinkrzz added x2 §c§lPlatinum Lure in auction for 300000.
[23:55:20] > king_ARK buy x2 §c§lPlatinum Lure to Blinkrzz for $300,000.
[23:56:16] > Blinkrzz added x20 Wet sponge in auction for 1100000.
[23:59:03] > EXEZUNO added x64 Redstone block in auction for 25000.
[23:59:21] > EXEZUNO added x64 Redstone block in auction for 25000.
[00:03:32] > zDamixx buy x64 Experience bottle to HwanYo for $100,000.
[00:03:34] > zDamixx buy x64 Experience bottle to HwanYo for $100,000.
[00:03:42] > zDamixx buy x64 Experience bottle to Blinkrzz for $150,000.
[00:11:17] > Blinkrzz added x1 Netherite sword in auction for 1200000.
[00:16:52] > Wemmbuo remove x1 §x§3§4§9§8§D§Bᴢᴏᴍʙɪᴇ ꜱᴘᴀᴡɴᴇʀ from storage
[00:22:02] > ReKYee remove x1 4 in 1 from buy
[00:22:17] > Blinkrzz remove x1 Netherite sword from storage
[00:22:26] > Blinkrzz added x1 Netherite sword in auction for 1200000.
[00:23:59] > ReKYee added x1 §x§E§5§1§B§1§B§lDracula Helmet in auction for 100000.
[00:35:41] > EXEZUNO buy x1 §x§E§5§1§B§1§B§lDracula Helmet to ReKYee for $100,000.
[00:36:09] > EXEZUNO remove x1 §x§E§5§1§B§1§B§lDracula Helmet from buy
[00:37:34] > EXEZUNO added x1 §x§E§5§1§B§1§B§lDracula Helmet in auction for 20000.
[00:37:42] > Weeiyne buy x1 §x§E§5§1§B§1§B§lDracula Helmet to EXEZUNO for $20,000.
[00:38:00] > Weeiyne remove x1 §x§E§5§1§B§1§B§lDracula Halberd form storage
[00:38:29] > Weeiyne remove x1 §x§E§5§1§B§1§B§lDracula Helmet from buy
[00:38:39] > EXEZUNO added x1 Enchanted book in auction for 100000.
[00:41:52] > Weeiyne added x1 §x§E§5§1§B§1§B§lDracula Halberd in auction for 100000.
[00:57:14] > qu4sar added x1 §x§F§F§5§5§0§0§lsᴇʟʟᴡᴀɴᴅ §6- 5.0x in auction for 500000.
[00:57:27] > qu4sar added x1 §x§F§F§5§5§0§0§lsᴇʟʟᴡᴀɴᴅ §6- 5.0x in auction for 500000.
[01:10:37] > SEAN4528 buy x1 §f§l§8B§x§6§4§6§4§6§4a§x§7§4§7§4§7§4h§x§8§3§8§3§8§3a§x§9§3§9§3§9§3m§x§A§2§A§2§A§2ut§x§9§3§9§3§9§3 §x§8§3§8§3§8§3M§x§7§4§7§4§7§4a§x§6§4§6§4§6§4c§8e to Uratakiz for $800,000.
[01:11:37] > x1 §x§E§E§0§0§0§0§lᴜɴʟɪᴍɪᴛᴇᴅ sᴇʟʟᴡᴀɴᴅ, bought by shelby, has just expired, the item is definitively deleted.
[01:11:43] > SEAN4528 remove x1 §f§l§8B§x§6§4§6§4§6§4a§x§7§4§7§4§7§4h§x§8§3§8§3§8§3a§x§9§3§9§3§9§3m§x§A§2§A§2§A§2ut§x§9§3§9§3§9§3 §x§8§3§8§3§8§3M§x§7§4§7§4§7§4a§x§6§4§6§4§6§4c§8e from buy
[01:17:48] > Blinkrzz remove x20 Wet sponge from storage
[01:17:50] > Blinkrzz remove x64 Quartz block from storage
[01:18:05] > Blinkrzz added x58 Diamond block in auction for 5000000.
[01:24:13] > xcapan buy x2 §x§F§0§7§A§5§4§lZombie Apocalyptic Key to ReKYee for $600,000.
[01:24:21] > xcapan remove x2 §x§F§0§7§A§5§4§lZombie Apocalyptic Key from buy
[01:29:28] > Blinkrzz added x64 Experience bottle in auction for 150000.
[01:32:48] > .Allxnzv buy x64 Experience bottle to Blinkrzz for $150,000.
[01:32:57] > .Allxnzv remove x64 Experience bottle from buy
[01:35:35] > Ryzxc added x1 Mace in auction for 1000000.
[01:35:50] > Ryzxc remove x1 Mace from storage
[01:36:12] > Ryzxc added x1 Mace in auction for 1000000.
[01:37:13] > qu4sar remove x1 §x§F§F§5§5§0§0§lsᴇʟʟᴡᴀɴᴅ §6- 5.0x form storage
[01:37:13] > qu4sar remove x1 §x§F§F§5§5§0§0§lsᴇʟʟᴡᴀɴᴅ §6- 5.0x form storage
[01:37:25] > qu4sar added x1 §x§F§F§5§5§0§0§lsᴇʟʟᴡᴀɴᴅ §6- 5.0x in auction for 400000.
[01:37:43] > qu4sar added x1 §x§F§F§5§5§0§0§lsᴇʟʟᴡᴀɴᴅ §6- 5.0x in auction for 400000.
[01:38:05] > Julene remove x1 §x§E§5§1§B§1§B§lDracula Wings from storage
[01:38:22] > Julene added x1 §x§E§5§1§B§1§B§lDracula Wings in auction for 850000.
[01:42:16] > Blinkrzz added x64 Experience bottle in auction for 150000.
[01:42:33] > Blinkrzz remove x1 §x§F§F§3§E§0§0§lSellwand Voucher from storage
[01:42:34] > Blinkrzz remove x1 Netherite sword from storage
[01:42:35] > Blinkrzz remove x1 §x§5§9§A§1§D§9§lA§x§7§1§A§E§D§Er§x§8§8§B§C§E§4c§x§A§0§C§9§E§9h§x§B§8§D§7§E§Fa§x§D§0§E§4§F§4n§x§E§7§F§2§F§Ag§fe§x§E§7§F§2§F§Al §x§B§8§D§7§E§FB§x§A§0§C§9§E§9o§x§8§8§B§C§E§4o§x§7§1§A§E§D§Et§x§5§9§A§1§D§9s from storage
[01:42:36] > Blinkrzz remove x58 Diamond block from storage
[01:42:55] > Blinkrzz added x55 Diamond block in auction for 4000000.
[01:43:03] > .AppriXD buy x1 §x§E§5§1§B§1§B§lDracula Wings to Julene for $850,000.
[01:43:08] > Blinkrzz added x1 §x§5§9§A§1§D§9§lA§x§7§1§A§E§D§Er§x§8§8§B§C§E§4c§x§A§0§C§9§E§9h§x§B§8§D§7§E§Fa§x§D§0§E§4§F§4n§x§E§7§F§2§F§Ag§fe§x§E§7§F§2§F§Al §x§B§8§D§7§E§FB§x§A§0§C§9§E§9o§x§8§8§B§C§E§4o§x§7§1§A§E§D§Et§x§5§9§A§1§D§9s in auction for 3600999.
[01:43:08] > .AppriXD remove x1 §x§E§5§1§B§1§B§lDracula Wings from buy
[01:43:30] > Blinkrzz added x1 Netherite sword in auction for 1200000.
[01:43:59] > Blinkrzz added x1 §x§F§F§3§E§0§0§lSellwand Voucher in auction for 1444444.
[01:52:53] > Ryzxc added x1 Shulker box in auction for 100000.
[02:04:20] > EXEZUNO remove x6 §bEntropy Crystal §8(§310,000§8) from storage
[02:04:50] > EXEZUNO added x6 §bEntropy Crystal §8(§310,000§8) in auction for 300000.
[02:17:59] > Ryzxc added x64 Potato in auction for 500.
[02:18:16] > Ryzxc added x64 Potato in auction for 500.
[02:39:34] > x64 Spruce log, item of .Vikisczfn, has just expired, the item is definitively deleted.
[02:39:34] > x64 Oak log, item of .Vikisczfn, has just expired, the item is definitively deleted.
[02:39:37] > MasterElrel remove x1 §x§F§F§5§5§0§0§lsᴇʟʟᴡᴀɴᴅ §6- 5.0x from expire
[02:39:38] > MasterElrel remove x1 §2Franck from expire
[03:07:21] > azuyeca buy x1 §x§5§F§E§2§C§5Dread Knight Fishing rod to nachfaust for $800,000.
[03:07:27] > azuyeca remove x1 §x§5§F§E§2§C§5Dread Knight Fishing rod from buy
[03:30:49] > 701 added x1 Shulker box in auction for 4000000.
[03:30:58] > 701 remove x1 Shulker box from storage
[03:31:28] > 701 added x1 Shulker box in auction for 4000000.
[03:36:40] > Ryzxc buy x1 §x§F§F§5§5§0§0§lsᴇʟʟᴡᴀɴᴅ §6- 5.0x to qu4sar for $400,000.
[03:37:13] > Ryzxc remove x1 §x§F§F§5§5§0§0§lsᴇʟʟᴡᴀɴᴅ §6- 5.0x from buy
[03:44:45] > zDamixx buy x1 §x§F§F§5§5§0§0§lsᴇʟʟᴡᴀɴᴅ §6- 5.0x to qu4sar for $400,000.
[03:44:52] > zDamixx remove x1 §x§F§F§5§5§0§0§lsᴇʟʟᴡᴀɴᴅ §6- 5.0x from buy
[03:45:50] > Ryzxc added x64 Beef in auction for 200.
[03:47:36] > zDamixx remove x64 Experience bottle from buy
[03:47:37] > zDamixx remove x64 Experience bottle from buy
[03:47:38] > zDamixx remove x64 Experience bottle from buy
[04:09:13] > Fogstrap buy x64 Redstone block to EXEZUNO for $25,000.
[04:09:15] > Fogstrap buy x64 Redstone block to EXEZUNO for $25,000.
[04:09:21] > Fogstrap remove x64 Redstone block from buy
[04:09:22] > Fogstrap remove x64 Redstone block from buy
[04:13:11] > Fogstrap buy x64 Redstone block to HwanYo for $45,000.
[04:13:13] > Fogstrap buy x64 Redstone block to HwanYo for $45,000.
[04:13:15] > Fogstrap buy x64 Redstone block to HwanYo for $45,000.
[04:13:16] > Fogstrap buy x64 Redstone block to HwanYo for $45,000.
[04:13:21] > Fogstrap remove x64 Redstone block from buy
[04:13:21] > Fogstrap remove x64 Redstone block from buy
[04:13:22] > Fogstrap remove x64 Redstone block from buy
[04:13:25] > Fogstrap remove x64 Redstone block from buy
[04:17:27] > magolek_09 buy x1 Zombie Spawner to giyahnpogi for $1,000,000.
[04:17:37] > magolek_09 remove x1 Speed Pots from buy
[04:17:37] > magolek_09 remove x1 Zombie Spawner from buy
[04:23:36] > magolek_09 added x1 §f§bEnder Dragon Plushie §6(#32/101) in auction for 3000000.
[04:25:39] > Panda_Nooba buy x64 Potato to Ryzxc for $500.
[04:25:41] > Panda_Nooba buy x64 Potato to Ryzxc for $500.
[04:25:58] > Panda_Nooba remove x64 Potato from buy
[04:25:58] > Panda_Nooba remove x64 Potato from buy
[04:30:59] > magolek_09 remove x1 §f§bEnder Dragon Plushie §6(#32/101) from storage
[04:58:49] > Panda_Nooba added x1 §fGuardian Plushie §6(#43/101) in auction for 2000.
[04:58:53] > magolek_09 buy x1 §fGuardian Plushie §6(#43/101) to Panda_Nooba for $2,000.
[04:59:01] > Panda_Nooba added x1 §fShulker Plushie §6(#78/101) in auction for 2000.
[04:59:11] > Ryzxc buy x1 §fShulker Plushie §6(#78/101) to Panda_Nooba for $2,000.
[04:59:34] > Ryzxc remove x1 §fShulker Plushie §6(#78/101) from buy
[05:02:10] > .AppriXD buy x1 Shulker box to 701 for $4,000,000.
[05:02:37] > .AppriXD remove x1 Shulker box from buy
[05:15:34] > .AppriXD buy x6 §bEntropy Crystal §8(§310,000§8) to EXEZUNO for $300,000.
[05:16:00] > .AppriXD remove x6 §bEntropy Crystal §8(§310,000§8) from buy
[06:21:59] > .AppriXD added x1 §x§F§F§5§5§0§0§lsᴇʟʟᴡᴀɴᴅ §6- 5.0x in auction for 350000.
[06:22:30] > M1kasa0 added x1 §x§F§F§5§5§0§0§lsᴇʟʟᴡᴀɴᴅ §6- 5.0x in auction for 490000.
[06:22:55] > Izumi added x1 §x§F§F§5§5§0§0§lsᴇʟʟᴡᴀɴᴅ §6- 5.0x in auction for 500000.
[06:23:19] > NoClarity added x3 §x§F§F§3§E§0§0§lSellwand Voucher in auction for 2000000.
[06:23:29] > .AppriXD added x1 §f§l§8B§x§6§4§6§4§6§4a§x§7§4§7§4§7§4h§x§8§3§8§3§8§3a§x§9§3§9§3§9§3m§x§A§2§A§2§A§2ut§x§9§3§9§3§9§3 §x§8§3§8§3§8§3C§x§7§4§7§4§7§4l§x§6§4§6§4§6§4u§8b in auction for 100000.
[06:23:47] > NoClarity remove x3 §x§F§F§3§E§0§0§lSellwand Voucher form storage
[06:23:59] > NoClarity added x1 §x§F§F§3§E§0§0§lSellwand Voucher in auction for 750000.
[06:24:49] > NoClarity added x1 §x§F§F§3§E§0§0§lSellwand Voucher in auction for 750000.
[06:25:07] > NoClarity added x1 §x§F§F§3§E§0§0§lSellwand Voucher in auction for 750000.
[06:25:13] > Biloo added x1 §fFlower Crown Hat in auction for 450000.
[06:28:08] > .AppriXD buy x1 §x§F§F§3§E§0§0§lSellwand Voucher to NoClarity for $750,000.
[06:31:54] > NoClarity remove x1 §x§F§F§3§E§0§0§lSellwand Voucher from storage
[06:32:58] > .AppriXD remove x1 §x§F§F§3§E§0§0§lSellwand Voucher from buy
[06:33:32] > NoClarity remove x1 §x§F§F§3§E§0§0§lSellwand Voucher from storage
[06:54:36] > NoClarity added x1 §x§F§F§3§E§0§0§lSellwand Voucher in auction for 700000.
[06:54:39] > .AppriXD buy x1 §x§F§F§3§E§0§0§lSellwand Voucher to NoClarity for $700,000.
[07:07:03] > .AppriXD remove x1 §x§F§F§3§E§0§0§lSellwand Voucher from buy
[07:09:33] > .AppriXD added x1 §x§F§F§5§5§0§0§lsᴇʟʟᴡᴀɴᴅ §6- 5.0x in auction for 350000.
[07:13:15] > Biloo remove x1 §x§E§5§1§B§1§B§lDracula Hoe from storage
[07:13:21] > Biloo remove x1 §fFlower Crown Hat form storage
[07:13:33] > Biloo added x1 §fFlower Crown Hat in auction for 150000.
[07:14:14] > Biloo remove x1 §fFlower Crown Hat form storage
[07:14:23] > Biloo added x1 §fFlower Crown Hat in auction for 150000.
[07:15:24] > Biloo remove x1 §fFlower Crown Hat form storage
[07:15:32] > Biloo added x1 §fFlower Crown Hat in auction for 150000.
[07:25:24] > Xavier881 added x1 Diamond leggings in auction for 5000.
[07:25:38] > Xavier881 added x1 Diamond boots in auction for 5000.
[07:28:29] > zDamixx buy x64 Experience bottle to Blinkrzz for $150,000.
[07:28:35] > zDamixx remove x64 Experience bottle from buy
[08:31:09] > zDamixx added x1 marihuana in auction for 299999.
[08:31:17] > zDamixx remove x1 marihuana from storage
[08:50:52] > .AppriXD buy x1 Diamond leggings to Xavier881 for $5,000.
[08:50:56] > .AppriXD buy x1 Diamond boots to Xavier881 for $5,000.
[08:51:02] > .AppriXD remove x1 Diamond leggings from buy
[08:51:03] > .AppriXD remove x1 Diamond boots from buy
[08:53:41] > NoClarity added x1 marihuana in auction for 500000900.
[08:54:00] > NoClarity remove x1 marihuana from storage
[09:08:55] > x2 Emerald, item of esri80, has just expired, the item is definitively deleted.
[09:08:55] > x2 Emerald, item of esri80, has just expired, the item is definitively deleted.
[09:08:58] > nebula12321 remove x1 §x§F§F§3§E§0§0§lD§x§F§F§3§5§0§0§le§x§F§F§2§C§0§0§lm§x§F§F§2§3§0§0§lo§x§F§F§1§B§0§0§ln §x§F§F§0§9§0§0§lL§x§F§F§0§0§0§0§lo§x§F§F§0§A§0§0§lr§x§F§F§1§5§0§0§ld §x§F§F§2§9§0§0§lB§x§F§F§3§4§0§0§lo§x§F§F§3§E§0§0§lw from expire
[09:08:58] > nebula12321 remove x1 §f§l§x§8§A§0§0§F§FS§x§9§9§0§0§D§Bh§x§A§8§0§0§B§6i§x§B§7§0§0§9§2n§x§C§6§0§0§6§De§x§D§5§0§0§4§9 §x§E§4§0§0§2§4O§x§F§3§0§0§0§0n§x§E§4§0§0§2§4i§x§D§5§0§0§4§9 §x§C§6§0§0§6§DS§x§B§7§0§0§9§2p§x§A§8§0§0§B§6e§x§9§9§0§0§D§Ba§x§8§A§0§0§F§Fr from expire
[09:08:59] > nebula12321 remove x1 §x§E§5§1§B§1§B§lDracula Bow from expire
[09:09:08] > nebula12321 added x1 §f§l§x§8§A§0§0§F§FS§x§9§9§0§0§D§Bh§x§A§8§0§0§B§6i§x§B§7§0§0§9§2n§x§C§6§0§0§6§De§x§D§5§0§0§4§9 §x§E§4§0§0§2§4O§x§F§3§0§0§0§0n§x§E§4§0§0§2§4i§x§D§5§0§0§4§9 §x§C§6§0§0§6§DS§x§B§7§0§0§9§2p§x§A§8§0§0§B§6e§x§9§9§0§0§D§Ba§x§8§A§0§0§F§Fr in auction for 1700000.
[09:09:16] > nachfaust added x1 §f§l§x§8§A§0§0§F§FS§x§9§9§0§0§D§Bh§x§A§8§0§0§B§6i§x§B§7§0§0§9§2n§x§C§6§0§0§6§De§x§D§5§0§0§4§9 §x§E§4§0§0§2§4O§x§F§3§0§0§0§0n§x§E§4§0§0§2§4i§x§D§5§0§0§4§9 §x§C§6§0§0§6§DW§x§B§7§0§0§9§2i§x§A§8§0§0§B§6n§x§9§9§0§0§D§Bg§x§8§A§0§0§F§Fs in auction for 6000000.
[09:09:29] > nebula12321 added x1 §x§F§F§3§E§0§0§lD§x§F§F§3§5§0§0§le§x§F§F§2§C§0§0§lm§x§F§F§2§3§0§0§lo§x§F§F§1§B§0§0§ln §x§F§F§0§9§0§0§lL§x§F§F§0§0§0§0§lo§x§F§F§0§A§0§0§lr§x§F§F§1§5§0§0§ld §x§F§F§2§9§0§0§lB§x§F§F§3§4§0§0§lo§x§F§F§3§E§0§0§lw in auction for 750000.
[09:09:33] > nachfaust added x1 Diamond chestplate in auction for 20000.
[09:09:43] > nebula12321 added x1 §x§E§5§1§B§1§B§lDracula Bow in auction for 450000.
[09:10:14] > nachfaust added x1 Diamond boots in auction for 20000.
[09:10:16] > Christian buy x64 Deepslate diamond ore to KaijuWard for $500,000.
[09:11:21] > nebula12321 remove x64 Experience bottle from buy
[09:11:24] > Christian remove x64 Deepslate diamond ore from buy
[09:14:29] > nachfaust added x1 Enchanted book in auction for 30000.
[09:14:46] > nachfaust added x1 Enchanted book in auction for 30000.
[09:22:54] > .AppriXD added x1 Powder snow bucket in auction for 6969.
[09:23:06] > .AppriXD added x1 Powder snow bucket in auction for 6969.
[09:23:22] > .AppriXD added x1 Powder snow bucket in auction for 69.
[09:23:35] > nebula12321 buy x1 Powder snow bucket to .AppriXD for $69.
[09:23:40] > .AppriXD remove x1 Powder snow bucket from storage
[09:23:41] > .AppriXD remove x1 Powder snow bucket from storage
[09:23:49] > .AppriXD added x1 Powder snow bucket in auction for 69.
[09:23:58] > Fogstrap buy x1 Powder snow bucket to .AppriXD for $69.
[09:24:00] > .AppriXD added x1 Powder snow bucket in auction for 69.
[09:24:12] > .AppriXD added x1 Powder snow bucket in auction for 69.
[09:25:14] > .AppriXD added x10 Raw iron in auction for 69.
[09:25:24] > .AppriXD remove x10 Raw iron from storage
[09:25:30] > .AppriXD remove x10 Raw iron from expire
[09:25:35] > .AppriXD added x13 Raw iron in auction for 69.
[09:27:29] > OoferGamezYT buy x1 Enchanted book to nachfaust for $30,000.
[09:28:26] > OoferGamezYT buy x37 Cobbled deepslate to warenjay123 for $1,000.
[09:29:39] > zDamixx added x1 marihuana in auction for 6900000000.
[09:29:43] > zDamixx remove x1 marihuana from storage
[09:59:17] > PlayTexts buy x1 Diamond boots to nachfaust for $20,000.
[09:59:19] > PlayTexts buy x1 Diamond chestplate to nachfaust for $20,000.
[09:59:26] > PlayTexts remove x1 Diamond chestplate from buy
[09:59:26] > PlayTexts remove x1 Diamond boots from buy
[10:16:11] > Renzy01 remove x1 §x§F§F§7§C§0§0§lSteamsparks Bow from expire
[10:16:11] > Renzy01 remove x1 §x§F§F§7§C§0§0§lSteamsparks Battle Axe from expire
[10:16:22] > Renzy01 added x1 §x§F§F§7§C§0§0§lSteamsparks Bow in auction for 200000.
[10:16:39] > Renzy01 added x1 §x§F§F§7§C§0§0§lSteamsparks Battle Axe in auction for 200000.
[10:25:01] > x10 §x§F§C§9§0§5§C§lE§x§E§6§9§C§6§B§lp§x§C§F§A§7§7§A§li§x§B§9§B§3§8§9§lc §x§8§C§C§B§A§7§lC§x§7§5§D§6§B§6§lr§x§5§F§E§2§C§5§la§x§7§9§D§4§B§4§lt§x§9§3§C§7§A§2§le §x§C§8§A§B§7§F§lK§x§E§2§9§E§6§E§le§x§F§C§9§0§5§C§ly, item of NOGOLIOS, has just expired, the item is definitively deleted.
[10:33:06] > Matthew buy x1 §x§F§F§7§C§0§0§lSteamsparks Key to k000k444k for $200,000.
[10:33:28] > Matthew remove x1 §x§F§F§7§C§0§0§lSteamsparks Key from buy
[10:44:34] > .JakeTheMiner457 remove x5 Dune armor trim smithing template from storage
[10:46:17] > .JakeTheMiner457 remove x5 Dune armor trim smithing template from expire
[10:46:42] > .JakeTheMiner457 added x1 Dune armor trim smithing template in auction for 80000.
[10:47:01] > .JakeTheMiner457 added x1 Dune armor trim smithing template in auction for 80000.
[10:47:19] > .JakeTheMiner457 added x1 Dune armor trim smithing template in auction for 80000.
[10:47:36] > .JakeTheMiner457 added x1 Dune armor trim smithing template in auction for 80000.
[10:47:51] > .JakeTheMiner457 added x1 Dune armor trim smithing template in auction for 80000.
[10:54:44] > HwanYo remove x1 §x§F§F§5§5§0§0§lsᴇʟʟᴡᴀɴᴅ §6- 10.0x from buy
[10:55:28] > HwanYo added x1 §f§l§x§8§A§0§0§F§FS§x§9§6§0§0§E§3h§x§A§1§0§0§C§6i§x§A§D§0§0§A§An§x§B§9§0§0§8§Ee§x§C§4§0§0§7§1 §x§D§0§0§0§5§5O§x§D§C§0§0§3§9n§x§E§7§0§0§1§Ci§x§F§3§0§0§0§0 §x§E§7§0§0§1§CB§x§D§C§0§0§3§9i§x§D§0§0§0§5§5g§x§C§4§0§0§7§1 §x§B§9§0§0§8§ES§x§A§D§0§0§A§Aw§x§A§1§0§0§C§6o§x§9§6§0§0§E§3r§x§8§A§0§0§F§Fd in auction for 2000000.
[10:58:02] > kiyomiuu1 buy x1 §2Franck to zopell10 for $50,000.
[10:59:41] > kiyomiuu1 remove x1 §2Franck from buy