
[01:27:28] > RAY buy x1 Full of Trisha pics to Cynishere for $50 000.
[11:47:36] > AnonymousHav buy x1 Diamond pickaxe to celinesanrio for $25 000.
[12:18:31] > AnonymousHav buy x1 §x§6§0§0§0§F§F§lɢᴏᴅʟʏ ɪᴛᴇᴍ to celinesanrio for $15 000.
[12:40:16] > Zypher_0w0 added x1 Enchanted book in auction for 100.
[12:40:21] > Zypher_0w0 added x1 Enchanted book in auction for 100.
[12:40:27] > Zypher_0w0 added x1 Enchanted book in auction for 100.
[12:40:32] > Zypher_0w0 added x1 Enchanted book in auction for 100.
[12:40:42] > Zypher_0w0 added x1 Enchanted book in auction for 100.
[13:33:46] > Zypher_0w0 remove x1 Enchanted book form storage
[13:33:46] > Zypher_0w0 remove x1 Enchanted book form storage
[13:33:46] > Zypher_0w0 remove x1 Enchanted book form storage
[13:33:46] > Zypher_0w0 remove x1 Enchanted book form storage
[13:33:46] > Zypher_0w0 remove x1 Enchanted book form storage
[13:34:50] > Zypher_0w0 added x1 Enchanted book in auction for 6700.
[13:34:55] > Zypher_0w0 added x1 Enchanted book in auction for 6700.
[13:35:07] > Zypher_0w0 added x1 Enchanted book in auction for 6700.
[13:35:14] > Zypher_0w0 added x1 Enchanted book in auction for 6700.
[13:35:28] > AnonymousHav buy x1 Enchanted book to Zypher_0w0 for $6 700.
[13:35:34] > AnonymousHav buy x1 Enchanted book to Zypher_0w0 for $6 700.
[13:35:42] > AnonymousHav buy x1 Enchanted book to Zypher_0w0 for $6 700.
[13:35:47] > AnonymousHav buy x1 Enchanted book to Zypher_0w0 for $6 700.
[13:37:48] > Zypher_0w0 added x1 Enchanted book in auction for 6700.
[13:37:57] > Zypher_0w0 added x1 Enchanted book in auction for 6700.
[13:38:05] > Zypher_0w0 added x1 Enchanted book in auction for 6700.
[13:38:11] > Zypher_0w0 added x1 Enchanted book in auction for 6700.
[13:38:18] > Zypher_0w0 added x1 Enchanted book in auction for 6700.
[13:38:21] > AnonymousHav buy x1 Enchanted book to Zypher_0w0 for $6 700.
[13:38:26] > AnonymousHav buy x1 Enchanted book to Zypher_0w0 for $6 700.
[13:38:32] > AnonymousHav buy x1 Enchanted book to Zypher_0w0 for $6 700.
[13:39:38] > Zypher_0w0 added x1 Enchanted book in auction for 6700.
[15:05:23] > AnonymousHav added x1 Beacon in auction for 100000.
[15:45:31] > AnonymousHav added x1 §x§A§5§8§0§D§D§lᴇᴘɪᴄ ɪᴛᴇᴍ in auction for 15000.
[15:45:52] > AnonymousHav added x3 Nether star in auction for 100000.
[16:23:09] > x1 §fShogun Spear on sale by Jackzly has just expired, it goes in the inventory of expired items.
[17:00:18] > Kyslee added x1 §x§A§5§8§0§D§D§lᴇᴘɪᴄ ɪᴛᴇᴍ in auction for 5000.
[17:00:49] > Kyslee added x1 §x§A§5§8§0§D§D§lᴇᴘɪᴄ ɪᴛᴇᴍ in auction for 5000.
[17:07:28] > Kyslee added x1 §x§6§0§0§0§F§F§lɢᴏᴅʟʏ ɪᴛᴇᴍ in auction for 1000000.
[17:07:58] > Kyslee remove x1 §x§6§0§0§0§F§F§lɢᴏᴅʟʏ ɪᴛᴇᴍ from storage
[17:08:07] > Kyslee remove x1 §x§A§5§8§0§D§D§lᴇᴘɪᴄ ɪᴛᴇᴍ form storage
[17:08:07] > Kyslee remove x1 §x§A§5§8§0§D§D§lᴇᴘɪᴄ ɪᴛᴇᴍ form storage
[17:08:07] > Kyslee remove x1 §x§A§5§8§0§D§D§lᴇᴘɪᴄ ɪᴛᴇᴍ form storage
[17:08:19] > Kyslee added x1 §x§A§5§8§0§D§D§lᴇᴘɪᴄ ɪᴛᴇᴍ in auction for 1000.
[17:08:27] > Kyslee added x1 §x§A§5§8§0§D§D§lᴇᴘɪᴄ ɪᴛᴇᴍ in auction for 1000.
[17:08:32] > Kyslee added x1 §x§A§5§8§0§D§D§lᴇᴘɪᴄ ɪᴛᴇᴍ in auction for 1000.
[17:08:52] > x1 Enchanted book, item of ImSneqkyy, has just expired, the item is definitively deleted.
[17:08:52] > x1 §fDemon Lord Spear, item of low_taperfade, has just expired, the item is definitively deleted.
[17:08:54] > Kyslee remove x1 §fShogun Leggings from expire
[17:08:54] > Kyslee remove x1 §x§6§0§0§0§F§F§lɢᴏᴅʟʏ ɪᴛᴇᴍ from expire
[17:15:49] > AnonymousHav added x1 §x§A§5§8§0§D§D§lᴇᴘɪᴄ ɪᴛᴇᴍ in auction for 5000.
[17:16:06] > CarlSui remove x1 §x§E§4§3§A§9§6§lW§x§E§7§5§3§A§3§lI§x§E§B§6§B§B§0§lN§x§E§E§8§4§B§D§lG§x§F§2§9§D§C§B§lS §x§F§8§C§E§E§5§lO§x§F§C§E§6§F§2§lF §x§F§C§E§6§F§2§lE§x§F§8§C§E§E§5§lT§x§F§5§B§5§D§8§lE§x§F§2§9§D§C§B§lR§x§E§E§8§4§B§D§lN§x§E§B§6§B§B§0§lI§x§E§7§5§3§A§3§lT§x§E§4§3§A§9§6§lY from storage
[17:16:14] > CarlSui added x1 §x§E§4§3§A§9§6§lW§x§E§7§5§3§A§3§lI§x§E§B§6§B§B§0§lN§x§E§E§8§4§B§D§lG§x§F§2§9§D§C§B§lS §x§F§8§C§E§E§5§lO§x§F§C§E§6§F§2§lF §x§F§C§E§6§F§2§lE§x§F§8§C§E§E§5§lT§x§F§5§B§5§D§8§lE§x§F§2§9§D§C§B§lR§x§E§E§8§4§B§D§lN§x§E§B§6§B§B§0§lI§x§E§7§5§3§A§3§lT§x§E§4§3§A§9§6§lY in auction for 600000.
[17:52:53] > Cynishere added x1 Nezuko Chan~ Sword kit in auction for 10000000.
[17:54:35] > Cynishere remove x1 Nezuko Chan~ Sword kit from storage
[17:54:42] > Cynishere remove x1 Nezuko Chan~ Sword kit from expire
[18:09:40] > Kyslee added x1 §x§E§3§A§F§4§F§lʟᴇɢᴇɴᴅᴀʀʏ ɪᴛᴇᴍ in auction for 10000.
[19:46:58] > Kyslee added x1 §x§A§5§8§0§D§D§lᴇᴘɪᴄ ɪᴛᴇᴍ in auction for 1000.
[20:16:30] > Raylii added x1 Totem of undying in auction for 1000000.
[20:17:02] > Raylii added x1 Totem of undying in auction for 900000.
[21:12:41] > .Khanetucky buy x1 §x§E§3§A§F§4§F§lʟᴇɢᴇɴᴅᴀʀʏ ɪᴛᴇᴍ to celinesanrio for $15 000.
[22:20:45] > 701 added x1 Godly weapons in auction for 7500000.
[22:21:03] > 701 added x2 §eᴡᴀʀᴅᴇɴ ꜱᴘᴀᴡɴᴇʀ in auction for 15000000.
[22:25:26] > 701 remove x1 Godly weapons from storage
[22:25:32] > 701 remove x2 §eᴡᴀʀᴅᴇɴ ꜱᴘᴀᴡɴᴇʀ form storage
[22:26:01] > 701 remove x1 Godly weapons from expire
[22:58:35] > Kyslee remove x1 §x§A§5§8§0§D§D§lᴇᴘɪᴄ ɪᴛᴇᴍ from storage
[22:58:35] > Kyslee remove x1 §x§E§3§A§F§4§F§lʟᴇɢᴇɴᴅᴀʀʏ ɪᴛᴇᴍ from storage
[22:58:35] > Kyslee remove x1 §x§A§5§8§0§D§D§lᴇᴘɪᴄ ɪᴛᴇᴍ from storage
[22:58:36] > Kyslee remove x1 §x§A§5§8§0§D§D§lᴇᴘɪᴄ ɪᴛᴇᴍ from storage
[22:58:36] > Kyslee remove x1 §x§A§5§8§0§D§D§lᴇᴘɪᴄ ɪᴛᴇᴍ from storage
[22:58:43] > Kyslee added x1 Totem of undying in auction for 500.