
[12:20:21] > x1 Sniffer egg on sale by dearestyumeko has just expired, it goes in the inventory of expired items.
[12:52:13] > nachfaust added x1 §f§l§x§E§4§3§A§3§AM§x§D§5§4§9§3§Ae§x§C§6§5§9§3§Ar§x§B§7§6§8§3§9r§x§A§8§7§8§3§9y§x§9§9§8§7§3§9 §x§8§9§9§6§3§9C§x§7§A§A§6§3§9h§x§6§B§B§5§3§8r§x§5§C§C§5§3§8i§x§4§D§D§4§3§8s§x§5§C§C§5§3§8t§x§6§B§B§5§3§8m§x§7§A§A§6§3§9a§x§8§9§9§6§3§9s§x§9§9§8§7§3§9 §x§A§8§7§8§3§9S§x§B§7§6§8§3§9t§x§C§6§5§9§3§Aa§x§D§5§4§9§3§Af§x§E§4§3§A§3§Af in auction for 1000000.
[12:59:35] > Arthur buy x1 Enchanted book to nachfaust for $25,000.
[13:14:08] > aroraru added x64 Wind charge in auction for 64646.
[13:19:34] > Izumi remove x1 §x§F§F§7§C§0§0§lSteamsparks Shield form storage
[13:19:34] > Izumi remove x1 §x§F§F§5§5§0§0§lsᴇʟʟᴡᴀɴᴅ §6- 10.0x form storage
[13:19:50] > Izumi added x1 §x§F§F§5§5§0§0§lsᴇʟʟᴡᴀɴᴅ §6- 10.0x in auction for 1000000.
[13:20:01] > SenjuKawaragi buy x1 §x§F§F§5§5§0§0§lsᴇʟʟᴡᴀɴᴅ §6- 10.0x to Izumi for $1,000,000.
[13:20:06] > x1 Enchanted book, bought by nachfaust, has just expired, the item is definitively deleted.
[13:20:07] > SenjuKawaragi remove x1 §x§F§F§5§5§0§0§lsᴇʟʟᴡᴀɴᴅ §6- 10.0x from buy
[13:20:08] > Izumi added x1 §x§F§F§7§C§0§0§lSteamsparks Shield in auction for 100000.
[14:01:15] > Horheee added x1 §f§l§x§E§4§3§A§3§AM§x§D§5§4§9§3§Ae§x§C§6§5§9§3§Ar§x§B§7§6§8§3§9r§x§A§8§7§8§3§9y§x§9§9§8§7§3§9 §x§8§9§9§6§3§9C§x§7§A§A§6§3§9h§x§6§B§B§5§3§8r§x§5§C§C§5§3§8i§x§4§D§D§4§3§8s§x§5§C§C§5§3§8t§x§6§B§B§5§3§8m§x§7§A§A§6§3§9a§x§8§9§9§6§3§9s§x§9§9§8§7§3§9 §x§A§8§7§8§3§9B§x§B§7§6§8§3§9o§x§C§6§5§9§3§Ao§x§D§5§4§9§3§At§x§E§4§3§A§3§As in auction for 100000.
[14:01:28] > nagiiish buy x1 §f§l§x§E§4§3§A§3§AM§x§D§5§4§9§3§Ae§x§C§6§5§9§3§Ar§x§B§7§6§8§3§9r§x§A§8§7§8§3§9y§x§9§9§8§7§3§9 §x§8§9§9§6§3§9C§x§7§A§A§6§3§9h§x§6§B§B§5§3§8r§x§5§C§C§5§3§8i§x§4§D§D§4§3§8s§x§5§C§C§5§3§8t§x§6§B§B§5§3§8m§x§7§A§A§6§3§9a§x§8§9§9§6§3§9s§x§9§9§8§7§3§9 §x§A§8§7§8§3§9B§x§B§7§6§8§3§9o§x§C§6§5§9§3§Ao§x§D§5§4§9§3§At§x§E§4§3§A§3§As to Horheee for $100,000.
[14:01:40] > nagiiish remove x1 §f§l§x§E§4§3§A§3§AM§x§D§5§4§9§3§Ae§x§C§6§5§9§3§Ar§x§B§7§6§8§3§9r§x§A§8§7§8§3§9y§x§9§9§8§7§3§9 §x§8§9§9§6§3§9C§x§7§A§A§6§3§9h§x§6§B§B§5§3§8r§x§5§C§C§5§3§8i§x§4§D§D§4§3§8s§x§5§C§C§5§3§8t§x§6§B§B§5§3§8m§x§7§A§A§6§3§9a§x§8§9§9§6§3§9s§x§9§9§8§7§3§9 §x§A§8§7§8§3§9B§x§B§7§6§8§3§9o§x§C§6§5§9§3§Ao§x§D§5§4§9§3§At§x§E§4§3§A§3§As from buy
[14:02:36] > Horheee added x1 §f§l§8B§x§6§3§6§3§6§3a§x§7§1§7§1§7§1h§x§8§0§8§0§8§0a§x§8§E§8§E§8§Em§x§9§C§9§C§9§Cu§7t§x§9§C§9§C§9§C §x§8§E§8§E§8§EB§x§8§0§8§0§8§0o§x§7§1§7§1§7§1o§x§6§3§6§3§6§3t§8s in auction for 200000.
[14:03:01] > Kodakoda added x1 §f§l§x§E§4§3§A§3§AM§x§D§8§4§6§3§Ae§x§C§C§5§3§3§Ar§x§C§0§5§F§3§Ar§x§B§4§6§B§3§9y§x§A§8§7§8§3§9 §x§9§C§8§4§3§9C§x§8§F§9§0§3§9h§x§8§3§9§D§3§9r§x§7§7§A§9§3§9i§x§6§B§B§5§3§8s§x§5§F§C§2§3§8t§x§5§3§C§E§3§8ma§x§5§F§C§2§3§8s§x§6§B§B§5§3§8 §x§7§7§A§9§3§9C§x§8§3§9§D§3§9h§x§8§F§9§0§3§9e§x§9§C§8§4§3§9s§x§A§8§7§8§3§9t§x§B§4§6§B§3§9p§x§C§0§5§F§3§Al§x§C§C§5§3§3§Aa§x§D§8§4§6§3§At§x§E§4§3§A§3§Ae in auction for 1000000.
[14:03:07] > Horheee added x1 §f§l§x§F§C§D§0§5§CW§x§F§A§A§2§4§8u§x§F§8§7§4§3§3k§x§F§6§4§5§1§Fo§x§F§4§1§7§0§Ang§x§F§6§4§5§1§F §x§F§8§7§4§3§3H§x§F§A§A§2§4§8o§x§F§C§D§0§5§Ce in auction for 500000.
[14:06:17] > Horheee remove x1 §f§l§8B§x§6§3§6§3§6§3a§x§7§1§7§1§7§1h§x§8§0§8§0§8§0a§x§8§E§8§E§8§Em§x§9§C§9§C§9§Cu§7t§x§9§C§9§C§9§C §x§8§E§8§E§8§EB§x§8§0§8§0§8§0o§x§7§1§7§1§7§1o§x§6§3§6§3§6§3t§8s form storage
[14:06:17] > Horheee remove x1 §f§l§x§F§C§D§0§5§CW§x§F§A§A§2§4§8u§x§F§8§7§4§3§3k§x§F§6§4§5§1§Fo§x§F§4§1§7§0§Ang§x§F§6§4§5§1§F §x§F§8§7§4§3§3H§x§F§A§A§2§4§8o§x§F§C§D§0§5§Ce form storage
[14:06:38] > Horheee added x1 §f§l§8B§x§6§3§6§3§6§3a§x§7§1§7§1§7§1h§x§8§0§8§0§8§0a§x§8§E§8§E§8§Em§x§9§C§9§C§9§Cu§7t§x§9§C§9§C§9§C §x§8§E§8§E§8§EB§x§8§0§8§0§8§0o§x§7§1§7§1§7§1o§x§6§3§6§3§6§3t§8s in auction for 300000.
[14:06:54] > Horheee added x1 §f§l§x§F§C§D§0§5§CW§x§F§A§A§2§4§8u§x§F§8§7§4§3§3k§x§F§6§4§5§1§Fo§x§F§4§1§7§0§Ang§x§F§6§4§5§1§F §x§F§8§7§4§3§3H§x§F§A§A§2§4§8o§x§F§C§D§0§5§Ce in auction for 300000.
[14:10:57] > Icon_Skully buy x1 §f§l§x§E§4§3§A§3§AM§x§D§8§4§6§3§Ae§x§C§C§5§3§3§Ar§x§C§0§5§F§3§Ar§x§B§4§6§B§3§9y§x§A§8§7§8§3§9 §x§9§C§8§4§3§9C§x§8§F§9§0§3§9h§x§8§3§9§D§3§9r§x§7§7§A§9§3§9i§x§6§B§B§5§3§8s§x§5§F§C§2§3§8t§x§5§3§C§E§3§8ma§x§5§F§C§2§3§8s§x§6§B§B§5§3§8 §x§7§7§A§9§3§9C§x§8§3§9§D§3§9h§x§8§F§9§0§3§9e§x§9§C§8§4§3§9s§x§A§8§7§8§3§9t§x§B§4§6§B§3§9p§x§C§0§5§F§3§Al§x§C§C§5§3§3§Aa§x§D§8§4§6§3§At§x§E§4§3§A§3§Ae to Kodakoda for $1,000,000.
[14:18:42] > Arthur buy x1 §x§E§5§1§B§1§B§lDracula Helmet to .AppriXD for $80,000.
[14:19:07] > dejuugarr remove x1 §x§F§F§7§C§0§0§lSteamsparks Helmet from storage
[14:19:22] > dejuugarr added x1 §x§F§F§7§C§0§0§lSteamsparks Helmet in auction for 100000.
[14:19:32] > Arthur remove x1 §x§E§5§1§B§1§B§lDracula Helmet from buy
[14:34:47] > SenjuKawaragi added x1 Enchanted book in auction for 50000.
[14:34:58] > SenjuKawaragi added x1 Enchanted book in auction for 50000.
[14:35:07] > SenjuKawaragi remove x64 Coal ore from expire
[14:35:14] > SenjuKawaragi added x1 Enchanted book in auction for 50000.
[14:35:27] > SenjuKawaragi added x1 Enchanted book in auction for 50000.
[14:38:36] > nachfaust added x2 Coast armor trim smithing template in auction for 50000.
[14:38:47] > nachfaust added x64 Firework rocket in auction for 25000.
[14:39:02] > nachfaust added x64 Firework rocket in auction for 30000.
[14:39:16] > nachfaust added x64 Firework rocket in auction for 35000.
[14:51:20] > Kodakoda buy x64 Wither skeleton skull to Zypher_0w0 for $320,000.
[14:51:28] > Kodakoda remove x64 Wither skeleton skull form buy
[14:51:41] > dejuugarr buy x1 Diamond pickaxe to YooRushy for $150,000.
[14:52:15] > dejuugarr remove x1 Enchanted book from buy
[14:52:16] > dejuugarr remove x1 Diamond pickaxe from buy
[14:53:11] > dejuugarr added x1 Enchanted book in auction for 100000.
[14:58:32] > Gin buy x1 §f§l§x§8§A§0§0§F§FS§x§9§9§0§0§D§Bh§x§A§8§0§0§B§6i§x§B§7§0§0§9§2n§x§C§6§0§0§6§De§x§D§5§0§0§4§9 §x§E§4§0§0§2§4O§x§F§3§0§0§0§0n§x§E§4§0§0§2§4i§x§D§5§0§0§4§9 §x§C§6§0§0§6§DS§x§B§7§0§0§9§2p§x§A§8§0§0§B§6e§x§9§9§0§0§D§Ba§x§8§A§0§0§F§Fr to nebula12321 for $1,700,000.
[14:58:44] > Gin buy x1 §f§l§x§8§A§0§0§F§FS§x§9§5§0§0§E§4h§x§A§0§0§0§C§9i§x§A§B§0§0§A§En§x§B§6§0§0§9§4e§x§C§1§0§0§7§9 §x§C§C§0§0§5§EO§x§D§7§0§0§4§3n§x§E§2§0§0§2§8i§x§E§D§0§0§0§D B§x§E§2§0§0§2§8a§x§D§7§0§0§4§3t§x§C§C§0§0§5§Et§x§C§1§0§0§7§9l§x§B§6§0§0§9§4e§x§A§B§0§0§A§E §x§A§0§0§0§C§9A§x§9§5§0§0§E§4x§x§8§A§0§0§F§Fe to .Allxnzv for $3,000,000.
[14:58:49] > cheeseburgerx buy x1 §f§l§x§F§C§D§0§5§CW§x§F§B§B§D§5§4u§x§F§A§A§A§4§Bk§x§F§A§9§7§4§3o§x§F§9§8§4§3§Bn§x§F§8§7§1§3§2g§x§F§7§5§F§2§A §x§F§6§4§C§2§1B§x§F§5§3§9§1§9o§x§F§5§2§6§1§1o§x§F§4§1§3§0§8t§x§F§3§0§0§0§0s to Icon_Skully for $250,000.
[14:58:57] > cheeseburgerx remove x1 §f§l§x§F§C§D§0§5§CW§x§F§B§B§D§5§4u§x§F§A§A§A§4§Bk§x§F§A§9§7§4§3o§x§F§9§8§4§3§Bn§x§F§8§7§1§3§2g§x§F§7§5§F§2§A §x§F§6§4§C§2§1B§x§F§5§3§9§1§9o§x§F§5§2§6§1§1o§x§F§4§1§3§0§8t§x§F§3§0§0§0§0s from buy
[14:59:00] > Wemmbuo remove x1 Shulker box from storage
[14:59:08] > Wemmbuo added x1 Shulker box in auction for 200000.
[14:59:18] > Wemmbuo remove x1 §x§F§F§7§C§0§0§lSteamsparks Axe from storage
[14:59:20] > Gin buy x1 §f§l§x§8§A§0§0§F§FS§x§9§9§0§0§D§Bh§x§A§8§0§0§B§6i§x§B§7§0§0§9§2n§x§C§6§0§0§6§De§x§D§5§0§0§4§9 §x§E§4§0§0§2§4O§x§F§3§0§0§0§0n§x§E§4§0§0§2§4i§x§D§5§0§0§4§9 §x§C§6§0§0§6§DB§x§B§7§0§0§9§2o§x§A§8§0§0§B§6o§x§9§9§0§0§D§Bt§x§8§A§0§0§F§Fs to qu4sar for $2,000,000.
[14:59:23] > Gin buy x1 §f§l§x§8§A§0§0§F§FS§x§9§6§0§0§E§3h§x§A§1§0§0§C§6i§x§A§D§0§0§A§An§x§B§9§0§0§8§Ee§x§C§4§0§0§7§1 §x§D§0§0§0§5§5O§x§D§C§0§0§3§9n§x§E§7§0§0§1§Ci§x§F§3§0§0§0§0 §x§E§7§0§0§1§CB§x§D§C§0§0§3§9i§x§D§0§0§0§5§5g§x§C§4§0§0§7§1 §x§B§9§0§0§8§ES§x§A§D§0§0§A§Aw§x§A§1§0§0§C§6o§x§9§6§0§0§E§3r§x§8§A§0§0§F§Fd to blueheadedzwager for $1,200,000.
[14:59:25] > Wemmbuo added x1 §x§F§F§7§C§0§0§lSteamsparks Axe in auction for 700000.
[15:00:28] > ravencabansay added x1 §x§E§4§3§A§3§A§lC§x§C§E§5§0§3§A§lh§x§B§9§6§6§3§9§lr§x§A§3§7§C§3§9§li§x§8§E§9§2§3§9§ls§x§7§8§A§8§3§9§lt§x§6§3§B§E§3§8§lm§x§4§D§D§4§3§8§la§x§6§3§B§E§3§8§ls §x§8§E§9§2§3§9§lG§x§A§3§7§C§3§9§ll§x§B§9§6§6§3§9§lo§x§C§E§5§0§3§A§lb§x§E§4§3§A§3§A§le in auction for 10000000.
[15:00:46] > Gin remove x1 §f§l§x§8§A§0§0§F§FS§x§9§9§0§0§D§Bh§x§A§8§0§0§B§6i§x§B§7§0§0§9§2n§x§C§6§0§0§6§De§x§D§5§0§0§4§9 §x§E§4§0§0§2§4O§x§F§3§0§0§0§0n§x§E§4§0§0§2§4i§x§D§5§0§0§4§9 §x§C§6§0§0§6§DB§x§B§7§0§0§9§2o§x§A§8§0§0§B§6o§x§9§9§0§0§D§Bt§x§8§A§0§0§F§Fs form buy
[15:00:46] > Gin remove x1 §f§l§x§8§A§0§0§F§FS§x§9§6§0§0§E§3h§x§A§1§0§0§C§6i§x§A§D§0§0§A§An§x§B§9§0§0§8§Ee§x§C§4§0§0§7§1 §x§D§0§0§0§5§5O§x§D§C§0§0§3§9n§x§E§7§0§0§1§Ci§x§F§3§0§0§0§0 §x§E§7§0§0§1§CB§x§D§C§0§0§3§9i§x§D§0§0§0§5§5g§x§C§4§0§0§7§1 §x§B§9§0§0§8§ES§x§A§D§0§0§A§Aw§x§A§1§0§0§C§6o§x§9§6§0§0§E§3r§x§8§A§0§0§F§Fd form buy
[15:00:46] > Gin remove x1 §f§l§x§8§A§0§0§F§FS§x§9§9§0§0§D§Bh§x§A§8§0§0§B§6i§x§B§7§0§0§9§2n§x§C§6§0§0§6§De§x§D§5§0§0§4§9 §x§E§4§0§0§2§4O§x§F§3§0§0§0§0n§x§E§4§0§0§2§4i§x§D§5§0§0§4§9 §x§C§6§0§0§6§DS§x§B§7§0§0§9§2p§x§A§8§0§0§B§6e§x§9§9§0§0§D§Ba§x§8§A§0§0§F§Fr form buy
[15:00:46] > Gin remove x1 §f§l§x§8§A§0§0§F§FS§x§9§5§0§0§E§4h§x§A§0§0§0§C§9i§x§A§B§0§0§A§En§x§B§6§0§0§9§4e§x§C§1§0§0§7§9 §x§C§C§0§0§5§EO§x§D§7§0§0§4§3n§x§E§2§0§0§2§8i§x§E§D§0§0§0§D B§x§E§2§0§0§2§8a§x§D§7§0§0§4§3t§x§C§C§0§0§5§Et§x§C§1§0§0§7§9l§x§B§6§0§0§9§4e§x§A§B§0§0§A§E §x§A§0§0§0§C§9A§x§9§5§0§0§E§4x§x§8§A§0§0§F§Fe form buy
[15:00:47] > ravencabansay remove x1 §x§E§4§3§A§3§A§lC§x§C§E§5§0§3§A§lh§x§B§9§6§6§3§9§lr§x§A§3§7§C§3§9§li§x§8§E§9§2§3§9§ls§x§7§8§A§8§3§9§lt§x§6§3§B§E§3§8§lm§x§4§D§D§4§3§8§la§x§6§3§B§E§3§8§ls §x§8§E§9§2§3§9§lG§x§A§3§7§C§3§9§ll§x§B§9§6§6§3§9§lo§x§C§E§5§0§3§A§lb§x§E§4§3§A§3§A§le from storage
[15:00:48] > ravencabansay remove x2 §c§lPlatinum Lure from storage
[15:01:01] > ravencabansay added x2 §c§lPlatinum Lure in auction for 10.
[15:01:03] > Fogstrap buy x2 §c§lPlatinum Lure to ravencabansay for $10.
[15:01:24] > Icon_Skully remove x1 §f§l§x§E§4§3§A§3§AM§x§D§5§4§9§3§Ae§x§C§6§5§9§3§Ar§x§B§7§6§8§3§9r§x§A§8§7§8§3§9y§x§9§9§8§7§3§9 §x§8§9§9§6§3§9C§x§7§A§A§6§3§9h§x§6§B§B§5§3§8r§x§5§C§C§5§3§8i§x§4§D§D§4§3§8s§x§5§C§C§5§3§8t§x§6§B§B§5§3§8m§x§7§A§A§6§3§9a§x§8§9§9§6§3§9s§x§9§9§8§7§3§9 §x§A§8§7§8§3§9S§x§B§7§6§8§3§9p§x§C§6§5§9§3§Ae§x§D§5§4§9§3§Aa§x§E§4§3§A§3§Ar from storage
[15:01:51] > Icon_Skully added x1 §f§l§x§E§4§3§A§3§AM§x§D§5§4§9§3§Ae§x§C§6§5§9§3§Ar§x§B§7§6§8§3§9r§x§A§8§7§8§3§9y§x§9§9§8§7§3§9 §x§8§9§9§6§3§9C§x§7§A§A§6§3§9h§x§6§B§B§5§3§8r§x§5§C§C§5§3§8i§x§4§D§D§4§3§8s§x§5§C§C§5§3§8t§x§6§B§B§5§3§8m§x§7§A§A§6§3§9a§x§8§9§9§6§3§9s§x§9§9§8§7§3§9 §x§A§8§7§8§3§9S§x§B§7§6§8§3§9p§x§C§6§5§9§3§Ae§x§D§5§4§9§3§Aa§x§E§4§3§A§3§Ar in auction for 600000.
[15:06:55] > RebornKimmy added x1 Cooked beef in auction for 5000000.
[15:07:01] > RebornKimmy remove x1 Cooked beef from storage
[15:09:03] > RebornKimmy added x1 §f§l§x§8§A§0§0§F§FS§x§9§7§0§0§D§Fh§x§A§4§0§0§B§Fi§x§B§1§0§0§9§Fn§x§B§F§0§0§8§0e§x§C§C§0§0§6§0 §x§D§9§0§0§4§0O§x§E§6§0§0§2§0n§x§F§3§0§0§0§0i§x§E§6§0§0§2§0 §x§D§9§0§0§4§0P§x§C§C§0§0§6§0i§x§B§F§0§0§8§0c§x§B§1§0§0§9§Fk§x§A§4§0§0§B§Fa§x§9§7§0§0§D§Fx§x§8§A§0§0§F§Fe in auction for 5000000.
[15:09:25] > micailatot added x1 §x§F§F§3§E§0§0§lSellwand Voucher in auction for 950000.
[15:09:31] > Izumi added x1 §x§F§F§5§5§0§0§lsᴇʟʟᴡᴀɴᴅ §6- 10.0x in auction for 1500000.
[15:09:54] > ravencabansay added x1 §f§l§8B§x§6§6§6§6§6§6a§x§7§7§7§7§7§7h§x§8§8§8§8§8§8a§x§9§9§9§9§9§9m§7u§x§9§9§9§9§9§9t§x§8§8§8§8§8§8 §x§7§7§7§7§7§7K§x§6§6§6§6§6§6e§8y in auction for 1000000.
[15:10:04] > Horheee added x1 §x§F§F§5§5§0§0§lsᴇʟʟᴡᴀɴᴅ §6- 5.0x in auction for 800000.
[15:10:06] > Icon_Skully remove x1 §f§l§x§E§4§3§A§3§AM§x§D§5§4§9§3§Ae§x§C§6§5§9§3§Ar§x§B§7§6§8§3§9r§x§A§8§7§8§3§9y§x§9§9§8§7§3§9 §x§8§9§9§6§3§9C§x§7§A§A§6§3§9h§x§6§B§B§5§3§8r§x§5§C§C§5§3§8i§x§4§D§D§4§3§8s§x§5§C§C§5§3§8t§x§6§B§B§5§3§8m§x§7§A§A§6§3§9a§x§8§9§9§6§3§9s§x§9§9§8§7§3§9 §x§A§8§7§8§3§9S§x§B§7§6§8§3§9p§x§C§6§5§9§3§Ae§x§D§5§4§9§3§Aa§x§E§4§3§A§3§Ar from storage
[15:10:23] > 3xdmge added x1 §f§l§8B§x§6§6§6§6§6§6a§x§7§7§7§7§7§7h§x§8§8§8§8§8§8a§x§9§9§9§9§9§9m§7u§x§9§9§9§9§9§9t§x§8§8§8§8§8§8 §x§7§7§7§7§7§7K§x§6§6§6§6§6§6e§8y in auction for 500000.
[15:10:24] > ravencabansay remove x1 §f§l§8B§x§6§6§6§6§6§6a§x§7§7§7§7§7§7h§x§8§8§8§8§8§8a§x§9§9§9§9§9§9m§7u§x§9§9§9§9§9§9t§x§8§8§8§8§8§8 §x§7§7§7§7§7§7K§x§6§6§6§6§6§6e§8y from storage
[15:13:30] > Wemmbuo remove x1 Shulker box from storage
[15:13:39] > Wemmbuo added x1 Shulker box in auction for 150000.
[15:13:53] > EXEZUNO added x5 §x§F§C§D§0§5§C§lB§x§E§6§D§3§6§B§la§x§C§F§D§5§7§A§ls§x§B§9§D§8§8§9§li§x§A§2§D§A§9§8§lc §x§7§5§D§F§B§6§lC§x§5§F§E§2§C§5§lr§x§7§5§D§F§B§6§la§x§8§C§D§D§A§7§lt§x§A§2§D§A§9§8§le §x§C§F§D§5§7§A§lK§x§E§6§D§3§6§B§le§x§F§C§D§0§5§C§ly in auction for 80000.
[15:14:54] > 3xdmge added x1 §x§F§F§5§5§0§0§lsᴇʟʟᴡᴀɴᴅ §6- 5.0x in auction for 500000.
[15:15:10] > Wemmbuo remove x1 §x§F§F§7§C§0§0§lSteamsparks Axe from storage
[15:15:27] > Wemmbuo added x1 §x§F§F§7§C§0§0§lSteamsparks Axe in auction for 720000.
[15:15:27] > Icon_Skully added x1 §f§l§x§E§4§3§A§3§AM§x§D§5§4§9§3§Ae§x§C§6§5§9§3§Ar§x§B§7§6§8§3§9r§x§A§8§7§8§3§9y§x§9§9§8§7§3§9 §x§8§9§9§6§3§9C§x§7§A§A§6§3§9h§x§6§B§B§5§3§8r§x§5§C§C§5§3§8i§x§4§D§D§4§3§8s§x§5§C§C§5§3§8t§x§6§B§B§5§3§8m§x§7§A§A§6§3§9a§x§8§9§9§6§3§9s§x§9§9§8§7§3§9 §x§A§8§7§8§3§9S§x§B§7§6§8§3§9p§x§C§6§5§9§3§Ae§x§D§5§4§9§3§Aa§x§E§4§3§A§3§Ar in auction for 300000.
[15:15:38] > Broodie buy x1 §f§l§x§E§4§3§A§3§AM§x§D§5§4§9§3§Ae§x§C§6§5§9§3§Ar§x§B§7§6§8§3§9r§x§A§8§7§8§3§9y§x§9§9§8§7§3§9 §x§8§9§9§6§3§9C§x§7§A§A§6§3§9h§x§6§B§B§5§3§8r§x§5§C§C§5§3§8i§x§4§D§D§4§3§8s§x§5§C§C§5§3§8t§x§6§B§B§5§3§8m§x§7§A§A§6§3§9a§x§8§9§9§6§3§9s§x§9§9§8§7§3§9 §x§A§8§7§8§3§9S§x§B§7§6§8§3§9p§x§C§6§5§9§3§Ae§x§D§5§4§9§3§Aa§x§E§4§3§A§3§Ar to Icon_Skully for $300,000.
[15:15:42] > octopus_01 buy x1 §x§F§F§3§E§0§0§lSellwand Voucher to micailatot for $950,000.
[15:15:49] > Broodie remove x1 §f§l§x§E§4§3§A§3§AM§x§D§5§4§9§3§Ae§x§C§6§5§9§3§Ar§x§B§7§6§8§3§9r§x§A§8§7§8§3§9y§x§9§9§8§7§3§9 §x§8§9§9§6§3§9C§x§7§A§A§6§3§9h§x§6§B§B§5§3§8r§x§5§C§C§5§3§8i§x§4§D§D§4§3§8s§x§5§C§C§5§3§8t§x§6§B§B§5§3§8m§x§7§A§A§6§3§9a§x§8§9§9§6§3§9s§x§9§9§8§7§3§9 §x§A§8§7§8§3§9S§x§B§7§6§8§3§9p§x§C§6§5§9§3§Ae§x§D§5§4§9§3§Aa§x§E§4§3§A§3§Ar from buy
[15:15:53] > octopus_01 remove x1 §x§F§F§3§E§0§0§lSellwand Voucher from buy
[15:16:28] > Broodie added x1 §f§l§x§E§4§3§A§3§AM§x§D§5§4§9§3§Ae§x§C§6§5§9§3§Ar§x§B§7§6§8§3§9r§x§A§8§7§8§3§9y§x§9§9§8§7§3§9 §x§8§9§9§6§3§9C§x§7§A§A§6§3§9h§x§6§B§B§5§3§8r§x§5§C§C§5§3§8i§x§4§D§D§4§3§8s§x§5§C§C§5§3§8t§x§6§B§B§5§3§8m§x§7§A§A§6§3§9a§x§8§9§9§6§3§9s§x§9§9§8§7§3§9 §x§A§8§7§8§3§9S§x§B§7§6§8§3§9p§x§C§6§5§9§3§Ae§x§D§5§4§9§3§Aa§x§E§4§3§A§3§Ar in auction for 1500000.
[15:16:41] > Trapers1 added x1 §x§F§F§5§5§0§0§lsᴇʟʟᴡᴀɴᴅ §6- 20.0x in auction for 3000000.
[15:17:05] > Trapers1 remove x1 §x§F§F§5§5§0§0§lsᴇʟʟᴡᴀɴᴅ §6- 20.0x form storage
[15:17:20] > Trapers1 added x1 §x§F§F§5§5§0§0§lsᴇʟʟᴡᴀɴᴅ §6- 20.0x in auction for 2850000.
[15:18:08] > Trapers1 remove x1 §x§F§F§5§5§0§0§lsᴇʟʟᴡᴀɴᴅ §6- 20.0x form storage
[15:18:27] > Wemmbuo remove x1 Shulker box from storage
[15:18:36] > Wemmbuo added x1 Shulker box in auction for 100000.
[15:18:48] > dejuugarr buy x1 Shulker box to Wemmbuo for $100,000.
[15:19:02] > dejuugarr remove x1 Shulker box from buy
[15:21:39] > nagiiish added x1 Shulker box in auction for 810000.
[15:21:55] > Icon_Skully added x1 §f§l§8B§x§6§2§6§2§6§2a§x§6§F§6§F§6§Fh§x§7§C§7§C§7§Ca§x§8§9§8§9§8§9m§x§9§6§9§6§9§6u§x§A§3§A§3§A§3t §x§9§6§9§6§9§6P§x§8§9§8§9§8§9i§x§7§C§7§C§7§Cc§x§6§F§6§F§6§Fa§x§6§2§6§2§6§2x§8e in auction for 150000.
[15:22:00] > Fogstrap buy x1 §f§l§8B§x§6§2§6§2§6§2a§x§6§F§6§F§6§Fh§x§7§C§7§C§7§Ca§x§8§9§8§9§8§9m§x§9§6§9§6§9§6u§x§A§3§A§3§A§3t §x§9§6§9§6§9§6P§x§8§9§8§9§8§9i§x§7§C§7§C§7§Cc§x§6§F§6§F§6§Fa§x§6§2§6§2§6§2x§8e to Icon_Skully for $150,000.
[15:22:08] > Icon_Skully added x1 §f§l§x§F§A§0§0§0§AD§x§F§A§1§E§1§6a§x§F§B§3§B§2§1r§x§F§B§5§9§2§Dk§x§F§B§7§7§3§9f§x§F§B§9§5§4§5l§x§F§C§B§2§5§0a§x§F§C§D§0§5§Cm§x§F§C§B§2§5§0e§x§F§B§9§5§4§5 §x§F§B§7§7§3§9S§x§F§B§5§9§2§Dp§x§F§B§3§B§2§1e§x§F§A§1§E§1§6a§x§F§A§0§0§0§Ar in auction for 350000.
[15:22:18] > Icon_Skully added x1 §fShogun Bow in auction for 150000.
[15:23:13] > Icon_Skully remove x1 §f§l§x§E§4§3§A§3§AM§x§D§8§4§6§3§Ae§x§C§C§5§3§3§Ar§x§C§0§5§F§3§Ar§x§B§4§6§B§3§9y§x§A§8§7§8§3§9 §x§9§C§8§4§3§9C§x§8§F§9§0§3§9h§x§8§3§9§D§3§9r§x§7§7§A§9§3§9i§x§6§B§B§5§3§8s§x§5§F§C§2§3§8t§x§5§3§C§E§3§8ma§x§5§F§C§2§3§8s§x§6§B§B§5§3§8 §x§7§7§A§9§3§9C§x§8§3§9§D§3§9h§x§8§F§9§0§3§9e§x§9§C§8§4§3§9s§x§A§8§7§8§3§9t§x§B§4§6§B§3§9p§x§C§0§5§F§3§Al§x§C§C§5§3§3§Aa§x§D§8§4§6§3§At§x§E§4§3§A§3§Ae from buy
[15:23:23] > Apprintance added x1 §f§l§8B§x§6§2§6§2§6§2a§x§6§F§6§F§6§Fh§x§7§C§7§C§7§Ca§x§8§9§8§9§8§9m§x§9§6§9§6§9§6u§x§A§3§A§3§A§3t §x§9§6§9§6§9§6H§x§8§9§8§9§8§9a§x§7§C§7§C§7§Cm§x§6§F§6§F§6§Fm§x§6§2§6§2§6§2e§8r in auction for 350000.
[15:23:23] > Icon_Skully added x1 §x§5§9§A§1§D§9§lA§x§6§A§A§A§D§Dr§x§7§A§B§4§E§1c§x§8§B§B§D§E§4h§x§9§B§C§7§E§8a§x§A§C§D§0§E§Cn§x§B§D§D§9§F§0g§x§C§D§E§3§F§4e§x§D§E§E§C§F§7l §fC§x§E§D§F§5§F§Bh§x§D§A§E§A§F§7e§x§C§8§E§0§F§2s§x§B§5§D§5§E§Et§x§A§3§C§B§E§Ap§x§9§0§C§0§E§6l§x§7§E§B§6§E§1a§x§6§B§A§B§D§Dt§x§5§9§A§1§D§9e in auction for 350000.
[15:23:27] > Trapers1 buy x1 §x§5§9§A§1§D§9§lA§x§6§A§A§A§D§Dr§x§7§A§B§4§E§1c§x§8§B§B§D§E§4h§x§9§B§C§7§E§8a§x§A§C§D§0§E§Cn§x§B§D§D§9§F§0g§x§C§D§E§3§F§4e§x§D§E§E§C§F§7l §fC§x§E§D§F§5§F§Bh§x§D§A§E§A§F§7e§x§C§8§E§0§F§2s§x§B§5§D§5§E§Et§x§A§3§C§B§E§Ap§x§9§0§C§0§E§6l§x§7§E§B§6§E§1a§x§6§B§A§B§D§Dt§x§5§9§A§1§D§9e to Icon_Skully for $350,000.
[15:23:34] > Broodie buy x1 §f§l§8B§x§6§2§6§2§6§2a§x§6§F§6§F§6§Fh§x§7§C§7§C§7§Ca§x§8§9§8§9§8§9m§x§9§6§9§6§9§6u§x§A§3§A§3§A§3t §x§9§6§9§6§9§6H§x§8§9§8§9§8§9a§x§7§C§7§C§7§Cm§x§6§F§6§F§6§Fm§x§6§2§6§2§6§2e§8r to Apprintance for $350,000.
[15:23:35] > Trapers1 remove x1 §x§5§9§A§1§D§9§lA§x§6§A§A§A§D§Dr§x§7§A§B§4§E§1c§x§8§B§B§D§E§4h§x§9§B§C§7§E§8a§x§A§C§D§0§E§Cn§x§B§D§D§9§F§0g§x§C§D§E§3§F§4e§x§D§E§E§C§F§7l §fC§x§E§D§F§5§F§Bh§x§D§A§E§A§F§7e§x§C§8§E§0§F§2s§x§B§5§D§5§E§Et§x§A§3§C§B§E§Ap§x§9§0§C§0§E§6l§x§7§E§B§6§E§1a§x§6§B§A§B§D§Dt§x§5§9§A§1§D§9e form buy
[15:23:41] > Broodie remove x1 §f§l§8B§x§6§2§6§2§6§2a§x§6§F§6§F§6§Fh§x§7§C§7§C§7§Ca§x§8§9§8§9§8§9m§x§9§6§9§6§9§6u§x§A§3§A§3§A§3t §x§9§6§9§6§9§6H§x§8§9§8§9§8§9a§x§7§C§7§C§7§Cm§x§6§F§6§F§6§Fm§x§6§2§6§2§6§2e§8r from buy
[15:24:20] > Trapers1 added x1 §x§5§9§A§1§D§9§lA§x§6§A§A§A§D§Dr§x§7§A§B§4§E§1c§x§8§B§B§D§E§4h§x§9§B§C§7§E§8a§x§A§C§D§0§E§Cn§x§B§D§D§9§F§0g§x§C§D§E§3§F§4e§x§D§E§E§C§F§7l §fC§x§E§D§F§5§F§Bh§x§D§A§E§A§F§7e§x§C§8§E§0§F§2s§x§B§5§D§5§E§Et§x§A§3§C§B§E§Ap§x§9§0§C§0§E§6l§x§7§E§B§6§E§1a§x§6§B§A§B§D§Dt§x§5§9§A§1§D§9e in auction for 400000.
[15:24:22] > Icon_Skully added x1 §x§5§9§A§1§D§9§lA§x§7§1§A§E§D§Er§x§8§8§B§C§E§4c§x§A§0§C§9§E§9h§x§B§8§D§7§E§Fa§x§D§0§E§4§F§4n§x§E§7§F§2§F§Ag§fe§x§E§7§F§2§F§Al §x§B§8§D§7§E§FW§x§A§0§C§9§E§9i§x§8§8§B§C§E§4n§x§7§1§A§E§D§Eg§x§5§9§A§1§D§9s in auction for 2500000.
[15:24:34] > Edabis remove x1 §x§F§F§7§C§0§0§lSteamsparks Wings from storage
[15:24:39] > Edabis remove x1 §x§F§F§7§C§0§0§lSteamsparks Wings form expire
[15:24:49] > Edabis added x1 §x§F§F§7§C§0§0§lSteamsparks Wings in auction for 1500000.
[15:25:27] > Wemmbuo added x1 §f§l§x§E§4§3§A§3§AM§x§D§8§4§6§3§Ae§x§C§C§5§3§3§Ar§x§C§0§5§F§3§Ar§x§B§4§6§B§3§9y§x§A§8§7§8§3§9 §x§9§C§8§4§3§9C§x§8§F§9§0§3§9h§x§8§3§9§D§3§9r§x§7§7§A§9§3§9i§x§6§B§B§5§3§8s§x§5§F§C§2§3§8t§x§5§3§C§E§3§8ma§x§5§F§C§2§3§8s§x§6§B§B§5§3§8 §x§7§7§A§9§3§9C§x§8§3§9§D§3§9h§x§8§F§9§0§3§9e§x§9§C§8§4§3§9s§x§A§8§7§8§3§9t§x§B§4§6§B§3§9p§x§C§0§5§F§3§Al§x§C§C§5§3§3§Aa§x§D§8§4§6§3§At§x§E§4§3§A§3§Ae in auction for 1500000.
[15:26:42] > Trapers1 remove x1 §x§5§9§A§1§D§9§lA§x§6§A§A§A§D§Dr§x§7§A§B§4§E§1c§x§8§B§B§D§E§4h§x§9§B§C§7§E§8a§x§A§C§D§0§E§Cn§x§B§D§D§9§F§0g§x§C§D§E§3§F§4e§x§D§E§E§C§F§7l §fC§x§E§D§F§5§F§Bh§x§D§A§E§A§F§7e§x§C§8§E§0§F§2s§x§B§5§D§5§E§Et§x§A§3§C§B§E§Ap§x§9§0§C§0§E§6l§x§7§E§B§6§E§1a§x§6§B§A§B§D§Dt§x§5§9§A§1§D§9e form storage
[15:26:43] > Apprintance added x1 Elytra in auction for 3000000.
[15:27:03] > Trapers1 added x1 §x§5§9§A§1§D§9§lA§x§6§A§A§A§D§Dr§x§7§A§B§4§E§1c§x§8§B§B§D§E§4h§x§9§B§C§7§E§8a§x§A§C§D§0§E§Cn§x§B§D§D§9§F§0g§x§C§D§E§3§F§4e§x§D§E§E§C§F§7l §fC§x§E§D§F§5§F§Bh§x§D§A§E§A§F§7e§x§C§8§E§0§F§2s§x§B§5§D§5§E§Et§x§A§3§C§B§E§Ap§x§9§0§C§0§E§6l§x§7§E§B§6§E§1a§x§6§B§A§B§D§Dt§x§5§9§A§1§D§9e in auction for 350000.
[15:27:20] > Apprintance buy x1 §x§5§9§A§1§D§9§lA§x§6§A§A§A§D§Dr§x§7§A§B§4§E§1c§x§8§B§B§D§E§4h§x§9§B§C§7§E§8a§x§A§C§D§0§E§Cn§x§B§D§D§9§F§0g§x§C§D§E§3§F§4e§x§D§E§E§C§F§7l §fC§x§E§D§F§5§F§Bh§x§D§A§E§A§F§7e§x§C§8§E§0§F§2s§x§B§5§D§5§E§Et§x§A§3§C§B§E§Ap§x§9§0§C§0§E§6l§x§7§E§B§6§E§1a§x§6§B§A§B§D§Dt§x§5§9§A§1§D§9e to Trapers1 for $350,000.
[15:28:34] > Apprintance remove x1 Elytra from storage
[15:28:55] > Apprintance added x1 Elytra in auction for 2700000.
[15:29:01] > Wemmbuo buy x1 Elytra to Apprintance for $2,700,000.
[15:29:04] > Apprintance buy x1 §f§l§x§E§4§3§A§3§AM§x§D§8§4§6§3§Ae§x§C§C§5§3§3§Ar§x§C§0§5§F§3§Ar§x§B§4§6§B§3§9y§x§A§8§7§8§3§9 §x§9§C§8§4§3§9C§x§8§F§9§0§3§9h§x§8§3§9§D§3§9r§x§7§7§A§9§3§9i§x§6§B§B§5§3§8s§x§5§F§C§2§3§8t§x§5§3§C§E§3§8ma§x§5§F§C§2§3§8s§x§6§B§B§5§3§8 §x§7§7§A§9§3§9C§x§8§3§9§D§3§9h§x§8§F§9§0§3§9e§x§9§C§8§4§3§9s§x§A§8§7§8§3§9t§x§B§4§6§B§3§9p§x§C§0§5§F§3§Al§x§C§C§5§3§3§Aa§x§D§8§4§6§3§At§x§E§4§3§A§3§Ae to Wemmbuo for $1,500,000.
[15:29:09] > octopus_01 buy x1 §f§l§x§E§4§3§A§3§AM§x§D§5§4§9§3§Ae§x§C§6§5§9§3§Ar§x§B§7§6§8§3§9r§x§A§8§7§8§3§9y§x§9§9§8§7§3§9 §x§8§9§9§6§3§9C§x§7§A§A§6§3§9h§x§6§B§B§5§3§8r§x§5§C§C§5§3§8i§x§4§D§D§4§3§8s§x§5§C§C§5§3§8t§x§6§B§B§5§3§8m§x§7§A§A§6§3§9a§x§8§9§9§6§3§9s§x§9§9§8§7§3§9 §x§A§8§7§8§3§9S§x§B§7§6§8§3§9t§x§C§6§5§9§3§Aa§x§D§5§4§9§3§Af§x§E§4§3§A§3§Af to nachfaust for $1,000,000.
[15:29:13] > octopus_01 remove x1 §f§l§x§E§4§3§A§3§AM§x§D§5§4§9§3§Ae§x§C§6§5§9§3§Ar§x§B§7§6§8§3§9r§x§A§8§7§8§3§9y§x§9§9§8§7§3§9 §x§8§9§9§6§3§9C§x§7§A§A§6§3§9h§x§6§B§B§5§3§8r§x§5§C§C§5§3§8i§x§4§D§D§4§3§8s§x§5§C§C§5§3§8t§x§6§B§B§5§3§8m§x§7§A§A§6§3§9a§x§8§9§9§6§3§9s§x§9§9§8§7§3§9 §x§A§8§7§8§3§9S§x§B§7§6§8§3§9t§x§C§6§5§9§3§Aa§x§D§5§4§9§3§Af§x§E§4§3§A§3§Af form buy
[15:29:16] > Apprintance remove x1 §f§l§x§E§4§3§A§3§AM§x§D§8§4§6§3§Ae§x§C§C§5§3§3§Ar§x§C§0§5§F§3§Ar§x§B§4§6§B§3§9y§x§A§8§7§8§3§9 §x§9§C§8§4§3§9C§x§8§F§9§0§3§9h§x§8§3§9§D§3§9r§x§7§7§A§9§3§9i§x§6§B§B§5§3§8s§x§5§F§C§2§3§8t§x§5§3§C§E§3§8ma§x§5§F§C§2§3§8s§x§6§B§B§5§3§8 §x§7§7§A§9§3§9C§x§8§3§9§D§3§9h§x§8§F§9§0§3§9e§x§9§C§8§4§3§9s§x§A§8§7§8§3§9t§x§B§4§6§B§3§9p§x§C§0§5§F§3§Al§x§C§C§5§3§3§Aa§x§D§8§4§6§3§At§x§E§4§3§A§3§Ae from buy
[15:29:16] > Apprintance remove x1 §x§5§9§A§1§D§9§lA§x§6§A§A§A§D§Dr§x§7§A§B§4§E§1c§x§8§B§B§D§E§4h§x§9§B§C§7§E§8a§x§A§C§D§0§E§Cn§x§B§D§D§9§F§0g§x§C§D§E§3§F§4e§x§D§E§E§C§F§7l §fC§x§E§D§F§5§F§Bh§x§D§A§E§A§F§7e§x§C§8§E§0§F§2s§x§B§5§D§5§E§Et§x§A§3§C§B§E§Ap§x§9§0§C§0§E§6l§x§7§E§B§6§E§1a§x§6§B§A§B§D§Dt§x§5§9§A§1§D§9e from buy
[15:29:36] > Wemmbuo remove x1 Elytra from buy
[15:31:18] > Wemmbuo buy x64 Firework rocket to nachfaust for $25,000.
[15:31:20] > Wemmbuo buy x64 Firework rocket to nachfaust for $30,000.
[15:31:22] > Wemmbuo buy x64 Firework rocket to nachfaust for $35,000.
[15:32:07] > Icon_Skully added x1 §x§5§9§A§1§D§9§lA§x§6§E§A§D§D§Er§x§8§3§B§9§E§3c§x§9§7§C§4§E§7h§x§A§C§D§0§E§Ca§x§C§1§D§C§F§1n§x§D§6§E§8§F§6g§x§E§A§F§3§F§Ae§fl §x§D§0§E§4§F§4H§x§B§8§D§7§E§Fe§x§A§0§C§9§E§9l§x§8§8§B§C§E§4m§x§7§1§A§E§D§Ee§x§5§9§A§1§D§9t in auction for 250000.
[15:32:15] > Apprintance buy x1 §x§5§9§A§1§D§9§lA§x§6§E§A§D§D§Er§x§8§3§B§9§E§3c§x§9§7§C§4§E§7h§x§A§C§D§0§E§Ca§x§C§1§D§C§F§1n§x§D§6§E§8§F§6g§x§E§A§F§3§F§Ae§fl §x§D§0§E§4§F§4H§x§B§8§D§7§E§Fe§x§A§0§C§9§E§9l§x§8§8§B§C§E§4m§x§7§1§A§E§D§Ee§x§5§9§A§1§D§9t to Icon_Skully for $250,000.
[15:33:30] > Apprintance added x1 §x§F§F§5§5§0§0§lsᴇʟʟᴡᴀɴᴅ §6- 10.0x in auction for 1300000.
[15:33:56] > Wemmbuo remove x64 Firework rocket from buy
[15:34:52] > Izumi remove x1 §x§F§F§5§5§0§0§lsᴇʟʟᴡᴀɴᴅ §6- 10.0x from storage
[15:35:02] > Apprintance remove x1 §x§F§F§5§5§0§0§lsᴇʟʟᴡᴀɴᴅ §6- 10.0x from storage
[15:35:04] > Izumi added x1 §x§F§F§5§5§0§0§lsᴇʟʟᴡᴀɴᴅ §6- 10.0x in auction for 1000000.
[15:35:49] > Trapers1 added x1 §x§F§F§5§5§0§0§lsᴇʟʟᴡᴀɴᴅ §6- 20.0x in auction for 2800000.
[15:36:29] > Icon_Skully remove x1 §x§5§9§A§1§D§9§lA§x§7§1§A§E§D§Er§x§8§8§B§C§E§4c§x§A§0§C§9§E§9h§x§B§8§D§7§E§Fa§x§D§0§E§4§F§4n§x§E§7§F§2§F§Ag§fe§x§E§7§F§2§F§Al §x§B§8§D§7§E§FW§x§A§0§C§9§E§9i§x§8§8§B§C§E§4n§x§7§1§A§E§D§Eg§x§5§9§A§1§D§9s from storage
[15:37:34] > kiyomiuu1 buy x5 §x§F§C§D§0§5§C§lB§x§E§6§D§3§6§B§la§x§C§F§D§5§7§A§ls§x§B§9§D§8§8§9§li§x§A§2§D§A§9§8§lc §x§7§5§D§F§B§6§lC§x§5§F§E§2§C§5§lr§x§7§5§D§F§B§6§la§x§8§C§D§D§A§7§lt§x§A§2§D§A§9§8§le §x§C§F§D§5§7§A§lK§x§E§6§D§3§6§B§le§x§F§C§D§0§5§C§ly to EXEZUNO for $80,000.
[15:37:41] > kiyomiuu1 remove x5 §x§F§C§D§0§5§C§lB§x§E§6§D§3§6§B§la§x§C§F§D§5§7§A§ls§x§B§9§D§8§8§9§li§x§A§2§D§A§9§8§lc §x§7§5§D§F§B§6§lC§x§5§F§E§2§C§5§lr§x§7§5§D§F§B§6§la§x§8§C§D§D§A§7§lt§x§A§2§D§A§9§8§le §x§C§F§D§5§7§A§lK§x§E§6§D§3§6§B§le§x§F§C§D§0§5§C§ly from buy
[15:38:37] > nnorv1 added x1 §f§l§x§8§A§0§0§F§FS§x§9§8§0§0§D§Dh§x§A§6§0§0§B§Bi§x§B§4§0§0§9§9n§x§C§2§0§0§7§7e§x§D§0§0§0§5§5 §x§D§E§0§0§3§3O§x§E§C§0§0§1§1ni§x§D§E§0§0§3§3 §x§D§0§0§0§5§5S§x§C§2§0§0§7§7i§x§B§4§0§0§9§9c§x§A§6§0§0§B§Bk§x§9§8§0§0§D§Dl§x§8§A§0§0§F§Fe in auction for 2500000.
[15:38:46] > kiyomiuu1 added x1 §x§E§5§1§B§1§B§lDracula Helmet in auction for 300000.
[15:39:38] > Apprintance remove x1 §x§5§9§A§1§D§9§lA§x§6§E§A§D§D§Er§x§8§3§B§9§E§3c§x§9§7§C§4§E§7h§x§A§C§D§0§E§Ca§x§C§1§D§C§F§1n§x§D§6§E§8§F§6g§x§E§A§F§3§F§Ae§fl §x§D§0§E§4§F§4H§x§B§8§D§7§E§Fe§x§A§0§C§9§E§9l§x§8§8§B§C§E§4m§x§7§1§A§E§D§Ee§x§5§9§A§1§D§9t from buy
[15:42:30] > Fogstrap added x4 Netherite ingot in auction for 440000.
[15:42:37] > Icon_Skully added x1 §x§5§9§A§1§D§9§lA§x§7§1§A§E§D§Er§x§8§8§B§C§E§4c§x§A§0§C§9§E§9h§x§B§8§D§7§E§Fa§x§D§0§E§4§F§4n§x§E§7§F§2§F§Ag§fe§x§E§7§F§2§F§Al §x§B§8§D§7§E§FS§x§A§0§C§9§E§9t§x§8§8§B§C§E§4a§x§7§1§A§E§D§Ef§x§5§9§A§1§D§9f in auction for 350000.
[15:42:45] > Fogstrap added x4 Netherite ingot in auction for 440000.
[15:42:50] > Ilyxr buy x1 §x§5§9§A§1§D§9§lA§x§7§1§A§E§D§Er§x§8§8§B§C§E§4c§x§A§0§C§9§E§9h§x§B§8§D§7§E§Fa§x§D§0§E§4§F§4n§x§E§7§F§2§F§Ag§fe§x§E§7§F§2§F§Al §x§B§8§D§7§E§FS§x§A§0§C§9§E§9t§x§8§8§B§C§E§4a§x§7§1§A§E§D§Ef§x§5§9§A§1§D§9f to Icon_Skully for $350,000.
[15:43:33] > Fogstrap added x2 Netherite ingot in auction for 220000.
[15:43:41] > dejuugarr added x1 Netherite upgrade smithing template in auction for 100000.
[15:43:52] > dejuugarr buy x2 Netherite ingot to Fogstrap for $220,000.
[15:44:27] > dejuugarr remove x2 Netherite ingot from buy
[15:44:55] > dejuugarr added x64 Sugar cane in auction for 50000.
[15:45:09] > dejuugarr added x64 Sugar cane in auction for 50000.
[15:58:43] > Zypher_0w0 added x1 §x§F§F§3§E§0§0§lD§x§F§F§3§7§0§0§le§x§F§F§3§0§0§0§lm§x§F§F§2§9§0§0§lo§x§F§F§2§2§0§0§ln §x§F§F§1§5§0§0§lL§x§F§F§0§E§0§0§lo§x§F§F§0§7§0§0§lr§x§F§F§0§0§0§0§ld §x§F§F§0§E§0§0§lL§x§F§F§1§5§0§0§le§x§F§F§1§C§0§0§lg§x§F§F§2§2§0§0§lg§x§F§F§2§9§0§0§li§x§F§F§3§0§0§0§ln§x§F§F§3§7§0§0§lg§x§F§F§3§E§0§0§ls in auction for 850000.
[16:01:46] > warenjay123 remove x1 Emerald from storage
[16:03:01] > Zypher_0w0 added x64 Rabbit foot in auction for 1344.
[16:03:08] > Trapers1 buy x64 Rabbit foot to Zypher_0w0 for $1,344.
[16:03:16] > Trapers1 remove x64 Rabbit foot form buy
[16:03:26] > Trapers1 added x64 Rabbit foot in auction for 1444.
[16:03:30] > Wemmbuo buy x64 Rabbit foot to Trapers1 for $1,444.
[16:03:39] > Akiesha buy x1 §x§E§5§1§B§1§B§lDracula Pickaxe to mumbowe777 for $200,000.
[16:04:07] > Akiesha remove x1 §x§E§5§1§B§1§B§lDracula Pickaxe from buy
[16:04:47] > Zypher_0w0 added x64 Rabbit foot in auction for 1344.
[16:04:55] > PlayTexts buy x64 Rabbit foot to Zypher_0w0 for $1,344.
[16:05:16] > PlayTexts remove x64 Rabbit foot from buy
[16:12:37] > Zypher_0w0 added x1 Enchanted book in auction for 2200.
[16:12:48] > Biloo buy x1 Enchanted book to Zypher_0w0 for $2,200.
[16:12:57] > Biloo remove x1 Enchanted book from buy
[16:13:03] > Zypher_0w0 added x1 Enchanted book in auction for 2200.
[16:13:07] > PlayTexts buy x1 Enchanted book to Zypher_0w0 for $2,200.
[16:13:08] > dejuugarr remove x1 Netherite upgrade smithing template from storage
[16:14:22] > PlayTexts remove x1 Enchanted book from buy
[16:17:24] > sinigang_nababoy buy x1 Enchanted book to nachfaust for $25,000.
[16:21:54] > sinigang_nababoy buy x1 Enchanted book to nachfaust for $25,000.
[16:29:39] > TheCursedMoon buy x1 Enchanted book to nachfaust for $70,000.
[16:29:44] > TheCursedMoon remove x1 Enchanted book from buy
[16:30:11] > Apprintance added x1 §f§l§x§8§A§0§0§F§FS§x§9§7§0§0§D§Fh§x§A§4§0§0§B§Fi§x§B§1§0§0§9§Fn§x§B§F§0§0§8§0e§x§C§C§0§0§6§0 §x§D§9§0§0§4§0O§x§E§6§0§0§2§0n§x§F§3§0§0§0§0i§x§E§6§0§0§2§0 §x§D§9§0§0§4§0P§x§C§C§0§0§6§0i§x§B§F§0§0§8§0c§x§B§1§0§0§9§Fk§x§A§4§0§0§B§Fa§x§9§7§0§0§D§Fx§x§8§A§0§0§F§Fe in auction for 4000000.
[16:31:27] > Apprintance added x1 §x§E§5§1§B§1§B§lDracula Fishing in auction for 69696.
[16:31:43] > Zypher_0w0 added x1 Heavy core in auction for 350000.
[16:31:51] > PlayTexts buy x1 Heavy core to Zypher_0w0 for $350,000.
[16:32:02] > Apprintance added x1 §x§F§F§7§C§0§0§lSteamsparks Shovel in auction for 6969.
[16:32:33] > Icon_Skully added x1 §x§6§0§0§0§F§F§lɢᴏᴅʟʏ ɪᴛᴇᴍ in auction for 2350000.
[16:33:39] > dejuugarr added x5 §x§F§C§9§0§5§C§lE§x§E§6§9§C§6§B§lp§x§C§F§A§7§7§A§li§x§B§9§B§3§8§9§lc §x§8§C§C§B§A§7§lC§x§7§5§D§6§B§6§lr§x§5§F§E§2§C§5§la§x§7§9§D§4§B§4§lt§x§9§3§C§7§A§2§le §x§C§8§A§B§7§F§lK§x§E§2§9§E§6§E§le§x§F§C§9§0§5§C§ly in auction for 100000.
[16:33:53] > Zypher_0w0 added x1 §x§5§F§E§2§C§5Forest Fishing rod in auction for 250000.
[16:33:58] > dejuugarr remove x64 Sugar cane from storage
[16:33:59] > dejuugarr remove x64 Sugar cane from storage
[16:34:08] > dejuugarr added x5 §x§F§C§D§0§5§C§lB§x§E§6§D§3§6§B§la§x§C§F§D§5§7§A§ls§x§B§9§D§8§8§9§li§x§A§2§D§A§9§8§lc §x§7§5§D§F§B§6§lC§x§5§F§E§2§C§5§lr§x§7§5§D§F§B§6§la§x§8§C§D§D§A§7§lt§x§A§2§D§A§9§8§le §x§C§F§D§5§7§A§lK§x§E§6§D§3§6§B§le§x§F§C§D§0§5§C§ly in auction for 50000.
[16:34:11] > Zypher_0w0 buy x1 §x§F§F§5§5§0§0§lsᴇʟʟᴡᴀɴᴅ §6- 10.0x to Izumi for $1,000,000.
[16:34:16] > Zypher_0w0 buy x1 §x§F§F§5§5§0§0§lsᴇʟʟᴡᴀɴᴅ §6- 5.0x to 3xdmge for $500,000.
[16:35:02] > Zypher_0w0 remove x1 §x§F§F§5§5§0§0§lsᴇʟʟᴡᴀɴᴅ §6- 10.0x form buy
[16:35:02] > Zypher_0w0 remove x1 §x§F§F§5§5§0§0§lsᴇʟʟᴡᴀɴᴅ §6- 5.0x form buy
[16:36:24] > dejuugarr remove x1 §x§F§F§7§C§0§0§lSteamsparks Helmet from storage
[16:39:34] > Ilyxr buy x5 §x§F§C§D§0§5§C§lB§x§E§6§D§3§6§B§la§x§C§F§D§5§7§A§ls§x§B§9§D§8§8§9§li§x§A§2§D§A§9§8§lc §x§7§5§D§F§B§6§lC§x§5§F§E§2§C§5§lr§x§7§5§D§F§B§6§la§x§8§C§D§D§A§7§lt§x§A§2§D§A§9§8§le §x§C§F§D§5§7§A§lK§x§E§6§D§3§6§B§le§x§F§C§D§0§5§C§ly to dejuugarr for $50,000.
[16:39:48] > FRANZ_JOSEF0 added x3 Golden apple in auction for 500.
[16:39:53] > YchannR buy x3 Golden apple to FRANZ_JOSEF0 for $500.
[16:40:03] > nagiiish added x1 Elytra in auction for 3500000.
[16:40:18] > Apprintance added x1 §x§F§F§7§C§0§0§lSteamsparks Hammer in auction for 69696.
[16:40:21] > Edabis buy x1 §x§F§F§7§C§0§0§lSteamsparks Hammer to Apprintance for $69,696.
[16:40:38] > Edabis remove x1 §x§F§F§7§C§0§0§lSteamsparks Hammer from buy
[16:41:42] > nagiiish remove x1 Elytra from storage
[16:42:14] > Apprintance added x1 §x§E§5§1§B§1§B§lDracula Battleaxe in auction for 6969.
[16:42:20] > ravencabansay buy x1 §x§E§5§1§B§1§B§lDracula Battleaxe to Apprintance for $6,969.
[16:43:06] > FRANZ_JOSEF0 buy x1 §f§l§8B§x§6§6§6§6§6§6a§x§7§7§7§7§7§7h§x§8§8§8§8§8§8a§x§9§9§9§9§9§9m§7u§x§9§9§9§9§9§9t§x§8§8§8§8§8§8 §x§7§7§7§7§7§7K§x§6§6§6§6§6§6e§8y to 3xdmge for $500,000.
[16:43:15] > FRANZ_JOSEF0 remove x1 §f§l§8B§x§6§6§6§6§6§6a§x§7§7§7§7§7§7h§x§8§8§8§8§8§8a§x§9§9§9§9§9§9m§7u§x§9§9§9§9§9§9t§x§8§8§8§8§8§8 §x§7§7§7§7§7§7K§x§6§6§6§6§6§6e§8y from buy
[16:43:35] > Apprintance added x1 §x§6§0§0§0§F§F§lɢᴏᴅʟʏ ɪᴛᴇᴍ in auction for 69696.
[16:44:03] > Apprintance remove x1 §x§6§0§0§0§F§F§lɢᴏᴅʟʏ ɪᴛᴇᴍ from storage
[16:44:08] > Apprintance remove x1 §x§E§5§1§B§1§B§lDracula Fishing from storage
[16:44:09] > Apprintance remove x1 §x§F§F§7§C§0§0§lSteamsparks Shovel from storage
[16:44:15] > Apprintance added x1 §x§6§0§0§0§F§F§lɢᴏᴅʟʏ ɪᴛᴇᴍ in auction for 6969.
[16:44:20] > Fogstrap buy x1 §x§6§0§0§0§F§F§lɢᴏᴅʟʏ ɪᴛᴇᴍ to Apprintance for $6,969.
[16:44:47] > Apprintance added x1 §x§E§5§1§B§1§B§lDracula Fishing in auction for 16969.
[16:45:00] > Apprintance added x1 §x§F§F§7§C§0§0§lSteamsparks Shovel in auction for 16969.
[16:45:00] > MhicksGaming buy x1 §x§E§5§1§B§1§B§lDracula Fishing to Apprintance for $16,969.
[16:45:08] > MhicksGaming buy x1 §x§F§F§7§C§0§0§lSteamsparks Shovel to Apprintance for $16,969.
[16:45:14] > Edabis added x1 §x§F§F§7§C§0§0§lSteamsparks Hammer in auction for 250000.
[16:46:23] > Apprintance added x1 §x§6§0§0§0§F§F§lɢᴏᴅʟʏ ɪᴛᴇᴍ in auction for 8000000.
[16:48:35] > x1 Forgive me.., item of micailatot, has just expired, the item is definitively deleted.
[16:48:35] > x1 /Pwarp Go BonesValley !, item of Palietass, has just expired, the item is definitively deleted.
[16:48:35] > x1 §x§E§5§1§B§1§B§lDracula Staff, item of Trapers1, has just expired, the item is definitively deleted.
[16:49:07] > Apprintance added x1 §x§E§3§A§F§4§F§lʟᴇɢᴇɴᴅᴀʀʏ ɪᴛᴇᴍ in auction for 1000000.
[16:55:44] > Edabis remove x1 §x§F§F§7§C§0§0§lSteamsparks Wings from storage
[16:55:49] > Edabis remove x1 §x§F§F§7§C§0§0§lSteamsparks Wings form expire
[17:02:42] > Edabis added x1 §x§F§F§7§C§0§0§lSteamsparks Wings in auction for 1500000.
[17:03:05] > nebula12321 remove x1 §x§F§F§3§E§0§0§lD§x§F§F§3§5§0§0§le§x§F§F§2§C§0§0§lm§x§F§F§2§3§0§0§lo§x§F§F§1§B§0§0§ln §x§F§F§0§9§0§0§lL§x§F§F§0§0§0§0§lo§x§F§F§0§A§0§0§lr§x§F§F§1§5§0§0§ld §x§F§F§2§9§0§0§lB§x§F§F§3§4§0§0§lo§x§F§F§3§E§0§0§lw form storage
[17:03:05] > nebula12321 remove x1 §x§E§5§1§B§1§B§lDracula Bow form storage
[17:03:12] > nebula12321 added x1 §x§F§F§3§E§0§0§lD§x§F§F§3§5§0§0§le§x§F§F§2§C§0§0§lm§x§F§F§2§3§0§0§lo§x§F§F§1§B§0§0§ln §x§F§F§0§9§0§0§lL§x§F§F§0§0§0§0§lo§x§F§F§0§A§0§0§lr§x§F§F§1§5§0§0§ld §x§F§F§2§9§0§0§lB§x§F§F§3§4§0§0§lo§x§F§F§3§E§0§0§lw in auction for 750000.
[17:03:28] > nebula12321 added x1 §x§E§5§1§B§1§B§lDracula Bow in auction for 200000.
[17:09:52] > Wemmbuo remove x64 Firework rocket from buy
[17:44:56] > nebula12321 added x1 Shulker box in auction for 9500000.
[17:47:51] > EXEZUNO added x10 §bEntropy Crystal §8(§310,000§8) in auction for 750000.
[18:03:49] > Wemmbuo remove x64 Firework rocket from buy
[18:04:10] > Wemmbuo buy x1 §x§5§F§E§2§C§5Forest Fishing rod to Zypher_0w0 for $250,000.
[18:04:18] > Wemmbuo remove x1 §x§5§F§E§2§C§5Forest Fishing rod from buy
[18:07:39] > alecczzz added x1 §x§F§F§7§C§0§0§lSteamsparks Boots in auction for 70000.
[18:08:21] > Ryzxc buy x1 §f§l§x§8§A§0§0§F§FS§x§9§7§0§0§D§Fh§x§A§4§0§0§B§Fi§x§B§1§0§0§9§Fn§x§B§F§0§0§8§0e§x§C§C§0§0§6§0 §x§D§9§0§0§4§0O§x§E§6§0§0§2§0n§x§F§3§0§0§0§0i§x§E§6§0§0§2§0 §x§D§9§0§0§4§0P§x§C§C§0§0§6§0i§x§B§F§0§0§8§0c§x§B§1§0§0§9§Fk§x§A§4§0§0§B§Fa§x§9§7§0§0§D§Fx§x§8§A§0§0§F§Fe to Apprintance for $4,000,000.
[18:08:32] > Ryzxc added x1 §x§F§F§7§C§0§0§lSteamsparks Pickaxe in auction for 2000000.
[18:08:40] > Ryzxc remove x1 §f§l§x§8§A§0§0§F§FS§x§9§7§0§0§D§Fh§x§A§4§0§0§B§Fi§x§B§1§0§0§9§Fn§x§B§F§0§0§8§0e§x§C§C§0§0§6§0 §x§D§9§0§0§4§0O§x§E§6§0§0§2§0n§x§F§3§0§0§0§0i§x§E§6§0§0§2§0 §x§D§9§0§0§4§0P§x§C§C§0§0§6§0i§x§B§F§0§0§8§0c§x§B§1§0§0§9§Fk§x§A§4§0§0§B§Fa§x§9§7§0§0§D§Fx§x§8§A§0§0§F§Fe from buy
[18:36:15] > Ryzxc added x1 Diamond pickaxe in auction for 200000.
[18:36:38] > lorxie buy x1 §x§F§F§5§5§0§0§lsᴇʟʟᴡᴀɴᴅ §6- 20.0x to Trapers1 for $2,800,000.
[18:36:51] > lorxie remove x1 §x§F§F§5§5§0§0§lsᴇʟʟᴡᴀɴᴅ §6- 20.0x from buy
[18:48:00] > Ryzxc added x6 Flow armor trim smithing template in auction for 400000.
[18:50:54] > Ryzxc remove x1 §x§F§F§7§C§0§0§lSteamsparks Pickaxe from storage
[19:06:04] > mumbowe777 added x1 §f§l§x§8§A§0§0§F§FS§x§9§8§0§0§D§Dh§x§A§6§0§0§B§Bi§x§B§4§0§0§9§9n§x§C§2§0§0§7§7e§x§D§0§0§0§5§5 §x§D§E§0§0§3§3O§x§E§C§0§0§1§1ni§x§D§E§0§0§3§3 §x§D§0§0§0§5§5H§x§C§2§0§0§7§7e§x§B§4§0§0§9§9l§x§A§6§0§0§B§Bm§x§9§8§0§0§D§De§x§8§A§0§0§F§Ft in auction for 1500000.
[19:06:13] > nagiiish buy x1 §f§l§x§8§A§0§0§F§FS§x§9§8§0§0§D§Dh§x§A§6§0§0§B§Bi§x§B§4§0§0§9§9n§x§C§2§0§0§7§7e§x§D§0§0§0§5§5 §x§D§E§0§0§3§3O§x§E§C§0§0§1§1ni§x§D§E§0§0§3§3 §x§D§0§0§0§5§5H§x§C§2§0§0§7§7e§x§B§4§0§0§9§9l§x§A§6§0§0§B§Bm§x§9§8§0§0§D§De§x§8§A§0§0§F§Ft to mumbowe777 for $1,500,000.
[19:06:30] > nagiiish remove x1 §f§l§x§8§A§0§0§F§FS§x§9§8§0§0§D§Dh§x§A§6§0§0§B§Bi§x§B§4§0§0§9§9n§x§C§2§0§0§7§7e§x§D§0§0§0§5§5 §x§D§E§0§0§3§3O§x§E§C§0§0§1§1ni§x§D§E§0§0§3§3 §x§D§0§0§0§5§5H§x§C§2§0§0§7§7e§x§B§4§0§0§9§9l§x§A§6§0§0§B§Bm§x§9§8§0§0§D§De§x§8§A§0§0§F§Ft from buy
[19:06:57] > mumbowe777 added x1 §f§l§8B§x§5§F§5§F§5§Fa§x§6§9§6§9§6§9h§x§7§3§7§3§7§3a§x§7§D§7§D§7§Dm§x§8§7§8§7§8§7u§x§9§1§9§1§9§1t§x§9§B§9§B§9§B §x§A§5§A§5§A§5Gr§x§9§B§9§B§9§Be§x§9§1§9§1§9§1a§x§8§7§8§7§8§7t§x§7§D§7§D§7§Ds§x§7§3§7§3§7§3w§x§6§9§6§9§6§9o§x§5§F§5§F§5§Fr§8d in auction for 500000.
[19:32:13] > Crayzixks added x1 §x§F§F§7§C§0§0§lSteamsparks Chestplate in auction for 200000.
[19:34:16] > ReKYee buy x1 Fishing rod to .AppriXD for $80,000.
[19:34:42] > ReKYee remove x1 Fishing rod from buy
[19:39:15] > .Allxnzv added x1 §x§F§F§3§E§0§0§lSellwand Voucher in auction for 1500000.
[19:45:44] > Wemmbuo added x1 Nether star in auction for 150000.
[19:58:20] > x1 §x§F§F§5§5§0§0§lsᴇʟʟᴡᴀɴᴅ §6- 10.0x on sale by YooRushy has just expired, it goes in the inventory of expired items.
[20:03:00] > aznaaa added x64 Cooked beef in auction for 1000.
[20:03:18] > Trapers1 buy x64 Cooked beef to aznaaa for $1,000.
[20:08:07] > cart224 buy x1 §f§l§8B§x§6§6§6§6§6§6a§x§7§7§7§7§7§7h§x§8§8§8§8§8§8a§x§9§9§9§9§9§9m§7u§x§9§9§9§9§9§9t§x§8§8§8§8§8§8 §x§7§7§7§7§7§7A§x§6§6§6§6§6§6x§8e to belvi__ for $400,000.
[20:08:12] > cart224 remove x1 §f§l§8B§x§6§6§6§6§6§6a§x§7§7§7§7§7§7h§x§8§8§8§8§8§8a§x§9§9§9§9§9§9m§7u§x§9§9§9§9§9§9t§x§8§8§8§8§8§8 §x§7§7§7§7§7§7A§x§6§6§6§6§6§6x§8e from buy
[20:08:44] > cart224 buy x1 §x§E§5§1§B§1§B§lDracula Helmet to kiyomiuu1 for $300,000.
[20:08:49] > cart224 remove x1 §x§E§5§1§B§1§B§lDracula Helmet from buy
[20:13:24] > Kenamin remove x1 Enchanted book form storage
[20:13:24] > Kenamin remove x1 Enchanted book form storage
[20:13:24] > Kenamin remove x1 Enchanted book form storage
[20:17:46] > Kenamin remove x5 §x§F§C§9§0§5§C§lE§x§E§6§9§C§6§B§lp§x§C§F§A§7§7§A§li§x§B§9§B§3§8§9§lc §x§8§C§C§B§A§7§lC§x§7§5§D§6§B§6§lr§x§5§F§E§2§C§5§la§x§7§9§D§4§B§4§lt§x§9§3§C§7§A§2§le §x§C§8§A§B§7§F§lK§x§E§2§9§E§6§E§le§x§F§C§9§0§5§C§ly from buy
[20:17:48] > Kenamin remove x5 §x§F§C§9§0§5§C§lE§x§E§6§9§C§6§B§lp§x§C§F§A§7§7§A§li§x§B§9§B§3§8§9§lc §x§8§C§C§B§A§7§lC§x§7§5§D§6§B§6§lr§x§5§F§E§2§C§5§la§x§7§9§D§4§B§4§lt§x§9§3§C§7§A§2§le §x§C§8§A§B§7§F§lK§x§E§2§9§E§6§E§le§x§F§C§9§0§5§C§ly from buy
[20:25:38] > Cynishere buy x1 §f§l§x§E§4§3§A§3§AM§x§D§5§4§9§3§Ae§x§C§6§5§9§3§Ar§x§B§7§6§8§3§9r§x§A§8§7§8§3§9y§x§9§9§8§7§3§9 §x§8§9§9§6§3§9C§x§7§A§A§6§3§9h§x§6§B§B§5§3§8r§x§5§C§C§5§3§8i§x§4§D§D§4§3§8s§x§5§C§C§5§3§8t§x§6§B§B§5§3§8m§x§7§A§A§6§3§9a§x§8§9§9§6§3§9s§x§9§9§8§7§3§9 §x§A§8§7§8§3§9S§x§B§7§6§8§3§9p§x§C§6§5§9§3§Ae§x§D§5§4§9§3§Aa§x§E§4§3§A§3§Ar to Broodie for $1,500,000.
[20:25:48] > Cynishere remove x1 §f§l§x§E§4§3§A§3§AM§x§D§5§4§9§3§Ae§x§C§6§5§9§3§Ar§x§B§7§6§8§3§9r§x§A§8§7§8§3§9y§x§9§9§8§7§3§9 §x§8§9§9§6§3§9C§x§7§A§A§6§3§9h§x§6§B§B§5§3§8r§x§5§C§C§5§3§8i§x§4§D§D§4§3§8s§x§5§C§C§5§3§8t§x§6§B§B§5§3§8m§x§7§A§A§6§3§9a§x§8§9§9§6§3§9s§x§9§9§8§7§3§9 §x§A§8§7§8§3§9S§x§B§7§6§8§3§9p§x§C§6§5§9§3§Ae§x§D§5§4§9§3§Aa§x§E§4§3§A§3§Ar from buy
[20:29:19] > x2 §c§lPlatinum Lure on sale by Typeshe has just expired, it goes in the inventory of expired items.
[20:29:42] > Cynishere added x1 §x§F§F§5§5§0§0§lsᴇʟʟᴡᴀɴᴅ §6- 5.0x in auction for 400000.
[20:32:03] > Biloo added x1 §x§E§5§1§B§1§B§lDracula Battleaxe in auction for 200000.
[20:39:42] > x1 SELLWAND AND OTHERS on sale by Blinkrzz has just expired, it goes in the inventory of expired items.
[20:40:57] > EnderDragon0120 added x1 §x§E§5§1§B§1§B§lDracula Halberd in auction for 1330000.
[20:41:13] > EnderDragon0120 added x1 §x§E§5§1§B§1§B§lDracula Shovel in auction for 100000.
[20:41:35] > EnderDragon0120 added x1 §x§F§F§7§C§0§0§lSteamsparks Axe in auction for 150000.
[21:01:29] > .Allxnzv added x1 §f§l§x§F§C§D§0§5§CW§x§F§A§A§6§4§Au§x§F§8§7§D§3§7k§x§F§7§5§3§2§5o§x§F§5§2§A§1§2n§x§F§3§0§0§0§0g§x§F§5§2§A§1§2 §x§F§7§5§3§2§5C§x§F§8§7§D§3§7l§x§F§A§A§6§4§Au§x§F§C§D§0§5§Cb in auction for 500000.
[21:01:44] > .Allxnzv added x1 §f§l§x§F§C§D§0§5§CW§x§F§A§A§2§4§8u§x§F§8§7§4§3§3k§x§F§6§4§5§1§Fo§x§F§4§1§7§0§Ang§x§F§6§4§5§1§F §x§F§8§7§4§3§3A§x§F§A§A§2§4§8x§x§F§C§D§0§5§Ce in auction for 250000.
[21:01:57] > .Allxnzv added x1 §f§l§x§F§C§D§0§5§CW§x§F§B§A§D§4§Du§x§F§9§8§B§3§Dk§x§F§8§6§8§2§Eo§x§F§6§4§5§1§Fn§x§F§5§2§3§0§Fg§x§F§3§0§0§0§0 §x§F§5§2§3§0§FS§x§F§6§4§5§1§Fh§x§F§8§6§8§2§Eo§x§F§9§8§B§3§Dv§x§F§B§A§D§4§De§x§F§C§D§0§5§Cl in auction for 100000.
[21:02:03] > Broodie buy x1 §f§l§x§F§C§D§0§5§CW§x§F§A§A§6§4§Au§x§F§8§7§D§3§7k§x§F§7§5§3§2§5o§x§F§5§2§A§1§2n§x§F§3§0§0§0§0g§x§F§5§2§A§1§2 §x§F§7§5§3§2§5C§x§F§8§7§D§3§7l§x§F§A§A§6§4§Au§x§F§C§D§0§5§Cb to .Allxnzv for $500,000.
[21:02:59] > SEAN4528 buy x1 §f§l§x§F§C§D§0§5§CW§x§F§A§A§2§4§8u§x§F§8§7§4§3§3k§x§F§6§4§5§1§Fo§x§F§4§1§7§0§Ang§x§F§6§4§5§1§F §x§F§8§7§4§3§3A§x§F§A§A§2§4§8x§x§F§C§D§0§5§Ce to .Allxnzv for $250,000.
[21:03:04] > dejuugarr remove x5 §x§F§C§9§0§5§C§lE§x§E§6§9§C§6§B§lp§x§C§F§A§7§7§A§li§x§B§9§B§3§8§9§lc §x§8§C§C§B§A§7§lC§x§7§5§D§6§B§6§lr§x§5§F§E§2§C§5§la§x§7§9§D§4§B§4§lt§x§9§3§C§7§A§2§le §x§C§8§A§B§7§F§lK§x§E§2§9§E§6§E§le§x§F§C§9§0§5§C§ly from storage
[21:03:04] > dejuugarr remove x1 Enchanted book from storage
[21:03:15] > dejuugarr added x1 Enchanted book in auction for 20000.
[21:03:28] > dejuugarr added x5 §x§F§C§9§0§5§C§lE§x§E§6§9§C§6§B§lp§x§C§F§A§7§7§A§li§x§B§9§B§3§8§9§lc §x§8§C§C§B§A§7§lC§x§7§5§D§6§B§6§lr§x§5§F§E§2§C§5§la§x§7§9§D§4§B§4§lt§x§9§3§C§7§A§2§le §x§C§8§A§B§7§F§lK§x§E§2§9§E§6§E§le§x§F§C§9§0§5§C§ly in auction for 50000.
[21:04:06] > x1 §x§F§F§7§C§0§0§lSteamsparks Boots, bought by Icon_Skully, has just expired, the item is definitively deleted.
[21:04:06] > x1 §x§F§F§7§C§0§0§lSteamsparks Halberd, bought by Icon_Skully, has just expired, the item is definitively deleted.
[21:04:19] > SEAN4528 remove x1 §f§l§x§F§C§D§0§5§CW§x§F§A§A§2§4§8u§x§F§8§7§4§3§3k§x§F§6§4§5§1§Fo§x§F§4§1§7§0§Ang§x§F§6§4§5§1§F §x§F§8§7§4§3§3A§x§F§A§A§2§4§8x§x§F§C§D§0§5§Ce from buy
[21:04:20] > .Allxnzv remove x1 §x§F§F§3§E§0§0§lSellwand Voucher from storage
[21:04:33] > .Allxnzv added x1 §x§F§F§3§E§0§0§lSellwand Voucher in auction for 1200000.
[21:21:07] > NastyPepperoni added x64 Experience bottle in auction for 32000.
[21:21:12] > Apprintance buy x64 Experience bottle to NastyPepperoni for $32,000.
[21:21:18] > Apprintance remove x64 Experience bottle from buy
[21:21:33] > NastyPepperoni added x1 Enchanted book in auction for 1200.
[21:21:49] > NastyPepperoni added x1 Enchanted book in auction for 1200.
[21:21:53] > Apprintance buy x1 Enchanted book to NastyPepperoni for $1,200.
[21:21:56] > Apprintance buy x1 Enchanted book to NastyPepperoni for $1,200.
[21:31:27] > reymark buy x1 Diamond pickaxe to Ryzxc for $200,000.
[21:31:29] > 3xdmge added x15 §x§F§C§D§0§5§C§lB§x§E§6§D§3§6§B§la§x§C§F§D§5§7§A§ls§x§B§9§D§8§8§9§li§x§A§2§D§A§9§8§lc §x§7§5§D§F§B§6§lC§x§5§F§E§2§C§5§lr§x§7§5§D§F§B§6§la§x§8§C§D§D§A§7§lt§x§A§2§D§A§9§8§le §x§C§F§D§5§7§A§lK§x§E§6§D§3§6§B§le§x§F§C§D§0§5§C§ly in auction for 150000.
[21:33:27] > reymark remove x1 Diamond pickaxe from buy
[21:41:37] > MasterElrel buy x15 §x§F§C§D§0§5§C§lB§x§E§6§D§3§6§B§la§x§C§F§D§5§7§A§ls§x§B§9§D§8§8§9§li§x§A§2§D§A§9§8§lc §x§7§5§D§F§B§6§lC§x§5§F§E§2§C§5§lr§x§7§5§D§F§B§6§la§x§8§C§D§D§A§7§lt§x§A§2§D§A§9§8§le §x§C§F§D§5§7§A§lK§x§E§6§D§3§6§B§le§x§F§C§D§0§5§C§ly to 3xdmge for $150,000.
[21:41:41] > x64 Firework rocket, bought by .VisedSauce5790, has just expired, the item is definitively deleted.
[21:41:42] > MasterElrel remove x15 §x§F§C§D§0§5§C§lB§x§E§6§D§3§6§B§la§x§C§F§D§5§7§A§ls§x§B§9§D§8§8§9§li§x§A§2§D§A§9§8§lc §x§7§5§D§F§B§6§lC§x§5§F§E§2§C§5§lr§x§7§5§D§F§B§6§la§x§8§C§D§D§A§7§lt§x§A§2§D§A§9§8§le §x§C§F§D§5§7§A§lK§x§E§6§D§3§6§B§le§x§F§C§D§0§5§C§ly from buy
[21:42:52] > MasterElrel added x1 §x§E§5§1§B§1§B§lDracula Chestplate in auction for 50000.
[21:43:01] > tic_sz buy x1 §x§E§5§1§B§1§B§lDracula Chestplate to MasterElrel for $50,000.
[21:49:17] > x1 §f§l§8B§x§6§6§6§6§6§6a§x§7§7§7§7§7§7h§x§8§8§8§8§8§8a§x§9§9§9§9§9§9m§7u§x§9§9§9§9§9§9t§x§8§8§8§8§8§8 §x§7§7§7§7§7§7K§x§6§6§6§6§6§6e§8y, item of Johng10910, has just expired, the item is definitively deleted.
[21:49:17] > x1 Enchanted book, item of lthohijfi2014, has just expired, the item is definitively deleted.
[21:49:17] > x1 Enchanted book, item of lthohijfi2014, has just expired, the item is definitively deleted.
[21:49:17] > x1 Music disc 13, item of Kyle, has just expired, the item is definitively deleted.
[21:49:17] > x1 Enchanted book, item of lthohijfi2014, has just expired, the item is definitively deleted.
[21:49:17] > x1 Light weighted pressure plate, item of Kyle, has just expired, the item is definitively deleted.
[21:49:17] > x1 Music disc 13, item of Kyle, has just expired, the item is definitively deleted.
[21:49:17] > x11 §x§F§C§D§0§5§C§lB§x§E§6§D§3§6§B§la§x§C§F§D§5§7§A§ls§x§B§9§D§8§8§9§li§x§A§2§D§A§9§8§lc §x§7§5§D§F§B§6§lC§x§5§F§E§2§C§5§lr§x§7§5§D§F§B§6§la§x§8§C§D§D§A§7§lt§x§A§2§D§A§9§8§le §x§C§F§D§5§7§A§lK§x§E§6§D§3§6§B§le§x§F§C§D§0§5§C§ly, item of Callistrix, has just expired, the item is definitively deleted.
[21:58:52] > Edabis added x1 §x§E§5§1§B§1§B§lDracula Dagger in auction for 100000.
[21:59:03] > Edabis added x1 §x§E§5§1§B§1§B§lDracula Axe in auction for 100000.
[22:01:04] > Edabis added x1 §x§E§5§1§B§1§B§lDracula Sword in auction for 100000.
[22:01:30] > NoClarity added x1 §x§F§F§7§C§0§0§lSteamsparks Shield in auction for 99999.
[22:01:46] > Edabis remove x1 §x§F§F§7§C§0§0§lSteamsparks Hammer from storage
[22:02:00] > Edabis added x1 §x§F§F§7§C§0§0§lSteamsparks Hammer in auction for 500000.
[22:03:25] > NastyPepperoni added x64 Experience bottle in auction for 32000.
[22:03:36] > tic_sz buy x64 Experience bottle to NastyPepperoni for $32,000.
[22:03:48] > NastyPepperoni added x64 Experience bottle in auction for 32000.
[22:07:46] > x1 §x§E§5§1§B§1§B§lDracula Halberd on sale by YIXILYX has just expired, it goes in the inventory of expired items.
[22:07:50] > Fogstrap remove x4 Netherite ingot from storage
[22:07:50] > Fogstrap remove x4 Netherite ingot from storage
[22:08:03] > Fogstrap added x4 Netherite ingot in auction for 400000.
[22:08:09] > Zen0969 buy x64 Experience bottle to NastyPepperoni for $32,000.
[22:08:24] > Fogstrap added x2 Netherite ingot in auction for 200000.
[22:08:38] > NastyPepperoni added x64 Experience bottle in auction for 32000.
[22:08:45] > 3xdmge buy x64 Experience bottle to NastyPepperoni for $32,000.
[22:08:48] > Fogstrap added x2 Netherite ingot in auction for 200000.
[22:08:55] > 3xdmge remove x64 Experience bottle from buy
[22:09:43] > EXEZUNO remove x10 §bEntropy Crystal §8(§310,000§8) form storage
[22:10:00] > EXEZUNO added x10 §bEntropy Crystal §8(§310,000§8) in auction for 620000.
[22:13:21] > NastyPepperoni added x64 Experience bottle in auction for 32000.
[22:13:26] > 3xdmge buy x64 Experience bottle to NastyPepperoni for $32,000.
[22:13:30] > 3xdmge remove x64 Experience bottle from buy
[22:16:56] > EXEZUNO added x1 Netherite ingot in auction for 120000.
[22:18:13] > EXEZUNO remove x10 §bEntropy Crystal §8(§310,000§8) from storage
[22:18:30] > EXEZUNO added x10 §bEntropy Crystal §8(§310,000§8) in auction for 520000.
[22:18:34] > Apprintance buy x10 §bEntropy Crystal §8(§310,000§8) to EXEZUNO for $520,000.
[22:18:41] > Apprintance remove x10 §bEntropy Crystal §8(§310,000§8) from buy
[22:18:41] > Apprintance remove x1 Enchanted book from buy
[22:18:42] > Apprintance remove x1 Enchanted book from buy
[22:19:03] > EXEZUNO added x1 Netherite upgrade smithing template in auction for 50000.
[22:21:33] > Fogstrap remove x1 §f§l§8B§x§6§6§6§6§6§6a§x§7§7§7§7§7§7h§x§8§8§8§8§8§8a§x§9§9§9§9§9§9m§7u§x§9§9§9§9§9§9t§x§8§8§8§8§8§8 §x§7§7§7§7§7§7K§x§6§6§6§6§6§6e§8y from storage
[22:21:34] > Fogstrap remove x1 §f§l§8B§x§6§6§6§6§6§6a§x§7§7§7§7§7§7h§x§8§8§8§8§8§8a§x§9§9§9§9§9§9m§7u§x§9§9§9§9§9§9t§x§8§8§8§8§8§8 §x§7§7§7§7§7§7K§x§6§6§6§6§6§6e§8y from storage
[22:21:42] > Fogstrap remove x4 Netherite ingot from storage
[22:21:49] > Typeshe added x1 §x§F§F§3§E§0§0§lSellwand Voucher in auction for 1500000.
[22:22:00] > Typeshe added x1 §x§F§F§3§E§0§0§lSellwand Voucher in auction for 1500000.
[22:22:05] > EXEZUNO added x1 §x§F§F§3§E§0§0§lSellwand Voucher in auction for 850000.
[22:22:09] > Fogstrap added x4 Netherite ingot in auction for 350000.
[22:22:24] > kiyomiuu1 added x1 §x§F§F§3§E§0§0§lSellwand Voucher in auction for 1500000.
[22:22:43] > SEAN4528 buy x4 Netherite ingot to Fogstrap for $350,000.
[22:23:11] > SEAN4528 added x1 §x§F§F§5§5§0§0§lsᴇʟʟᴡᴀɴᴅ §6- 5.0x in auction for 600000.
[22:23:19] > NastyPepperoni added x64 Experience bottle in auction for 32000.
[22:23:25] > SEAN4528 buy x64 Experience bottle to NastyPepperoni for $32,000.
[22:24:03] > Antonie657 added x1 §x§F§F§5§5§0§0§lsᴇʟʟᴡᴀɴᴅ §6- 5.0x in auction for 500000.
[22:24:03] > EXEZUNO remove x1 §x§F§F§3§E§0§0§lSellwand Voucher from storage
[22:24:14] > SEAN4528 remove x1 §x§F§F§5§5§0§0§lsᴇʟʟᴡᴀɴᴅ §6- 5.0x from storage
[22:24:37] > SEAN4528 added x1 §x§F§F§5§5§0§0§lsᴇʟʟᴡᴀɴᴅ §6- 5.0x in auction for 450000.
[22:26:04] > EXEZUNO added x1 §x§F§F§5§5§0§0§lsᴇʟʟᴡᴀɴᴅ §6- 20.0x in auction for 2000000.
[22:26:09] > king_ARK buy x1 §x§F§F§5§5§0§0§lsᴇʟʟᴡᴀɴᴅ §6- 20.0x to EXEZUNO for $2,000,000.
[22:27:31] > Wemmbuo added x1 §x§F§F§5§5§0§0§lsᴇʟʟᴡᴀɴᴅ §6- 5.0x in auction for 250000.
[22:27:40] > frenchhee buy x1 §x§F§F§5§5§0§0§lsᴇʟʟᴡᴀɴᴅ §6- 5.0x to Wemmbuo for $250,000.
[22:27:40] > NastyPepperoni added x64 Experience bottle in auction for 32000.
[22:27:45] > x3 Name tag, bought by k000k444k, has just expired, the item is definitively deleted.
[22:27:47] > frenchhee remove x1 §x§F§F§5§5§0§0§lsᴇʟʟᴡᴀɴᴅ §6- 5.0x from buy
[22:28:31] > Wemmbuo added x1 §x§F§F§5§5§0§0§lsᴇʟʟᴡᴀɴᴅ §6- 10.0x in auction for 1000010.
[22:29:22] > Wemmbuo remove x1 §x§F§F§5§5§0§0§lsᴇʟʟᴡᴀɴᴅ §6- 10.0x from storage
[22:29:24] > Wemmbuo remove x1 Nether star from storage
[22:29:36] > Wemmbuo added x1 §x§F§F§5§5§0§0§lsᴇʟʟᴡᴀɴᴅ §6- 10.0x in auction for 920000.
[22:29:48] > NastyPepperoni added x1 Enchanted book in auction for 1300.
[22:29:53] > Apprintance buy x1 Enchanted book to NastyPepperoni for $1,300.
[22:29:56] > Wemmbuo added x1 Nether star in auction for 100000.
[22:29:58] > Apprintance buy x64 Experience bottle to NastyPepperoni for $32,000.
[22:30:06] > NastyPepperoni added x1 Enchanted book in auction for 1300.
[22:30:20] > 3xdmge buy x1 Enchanted book to NastyPepperoni for $1,300.
[22:30:22] > NastyPepperoni added x1 Enchanted book in auction for 1300.
[22:30:23] > x1 §x§E§5§1§B§1§B§lDracula Battleaxe, bought by NoClarity, has just expired, the item is definitively deleted.
[22:30:24] > 3xdmge remove x1 Enchanted book from buy
[22:30:30] > Apprintance buy x1 Enchanted book to NastyPepperoni for $1,300.
[22:33:35] > Antonie657 added x5 §x§F§C§D§0§5§C§lB§x§E§6§D§3§6§B§la§x§C§F§D§5§7§A§ls§x§B§9§D§8§8§9§li§x§A§2§D§A§9§8§lc §x§7§5§D§F§B§6§lC§x§5§F§E§2§C§5§lr§x§7§5§D§F§B§6§la§x§8§C§D§D§A§7§lt§x§A§2§D§A§9§8§le §x§C§F§D§5§7§A§lK§x§E§6§D§3§6§B§le§x§F§C§D§0§5§C§ly in auction for 2500.
[22:33:41] > Apprintance buy x5 §x§F§C§D§0§5§C§lB§x§E§6§D§3§6§B§la§x§C§F§D§5§7§A§ls§x§B§9§D§8§8§9§li§x§A§2§D§A§9§8§lc §x§7§5§D§F§B§6§lC§x§5§F§E§2§C§5§lr§x§7§5§D§F§B§6§la§x§8§C§D§D§A§7§lt§x§A§2§D§A§9§8§le §x§C§F§D§5§7§A§lK§x§E§6§D§3§6§B§le§x§F§C§D§0§5§C§ly to Antonie657 for $2,500.
[22:33:45] > NastyPepperoni added x64 Experience bottle in auction for 32000.
[22:33:48] > Antonie657 added x5 §x§F§C§9§0§5§C§lE§x§E§6§9§C§6§B§lp§x§C§F§A§7§7§A§li§x§B§9§B§3§8§9§lc §x§8§C§C§B§A§7§lC§x§7§5§D§6§B§6§lr§x§5§F§E§2§C§5§la§x§7§9§D§4§B§4§lt§x§9§3§C§7§A§2§le §x§C§8§A§B§7§F§lK§x§E§2§9§E§6§E§le§x§F§C§9§0§5§C§ly in auction for 5000.
[22:33:51] > Wemmbuo remove x1 §x§F§F§7§C§0§0§lSteamsparks Axe from storage
[22:33:53] > Apprintance buy x5 §x§F§C§9§0§5§C§lE§x§E§6§9§C§6§B§lp§x§C§F§A§7§7§A§li§x§B§9§B§3§8§9§lc §x§8§C§C§B§A§7§lC§x§7§5§D§6§B§6§lr§x§5§F§E§2§C§5§la§x§7§9§D§4§B§4§lt§x§9§3§C§7§A§2§le §x§C§8§A§B§7§F§lK§x§E§2§9§E§6§E§le§x§F§C§9§0§5§C§ly to Antonie657 for $5,000.
[22:33:53] > Wemmbuo remove x1 §x§F§F§5§5§0§0§lsᴇʟʟᴡᴀɴᴅ §6- 10.0x from storage
[22:34:03] > Wemmbuo added x1 §x§F§F§7§C§0§0§lSteamsparks Axe in auction for 450000.
[22:34:18] > Wemmbuo added x1 §x§F§F§5§5§0§0§lsᴇʟʟᴡᴀɴᴅ §6- 10.0x in auction for 850000.
[22:36:04] > NastyPepperoni added x64 Experience bottle in auction for 32000.
[22:36:16] > Wemmbuo buy x64 Experience bottle to NastyPepperoni for $32,000.
[22:36:19] > Wemmbuo buy x64 Experience bottle to NastyPepperoni for $32,000.
[22:37:06] > NastyPepperoni added x1 Thank you  in auction for 10.
[22:37:12] > Apprintance buy x1 Thank you  to NastyPepperoni for $10.
[22:37:58] > R4YVEN added x1 §x§F§F§5§5§0§0§lsᴇʟʟᴡᴀɴᴅ §6- 5.0x in auction for 500000.
[22:37:59] > Wemmbuo remove x1 §x§F§F§5§5§0§0§lsᴇʟʟᴡᴀɴᴅ §6- 10.0x from storage
[23:03:36] > x1 §x§E§5§1§B§1§B§lDracula Bow, bought by Callistrix, has just expired, the item is definitively deleted.
[23:03:36] > x64 Oak log, bought by .Marcusflep4, has just expired, the item is definitively deleted.
[23:03:37] > Apprintance remove x1 Enchanted book from buy
[23:03:37] > Apprintance remove x64 Experience bottle from buy
[23:03:37] > Apprintance remove x1 Enchanted book from buy
[23:03:37] > Apprintance remove x5 §x§F§C§D§0§5§C§lB§x§E§6§D§3§6§B§la§x§C§F§D§5§7§A§ls§x§B§9§D§8§8§9§li§x§A§2§D§A§9§8§lc §x§7§5§D§F§B§6§lC§x§5§F§E§2§C§5§lr§x§7§5§D§F§B§6§la§x§8§C§D§D§A§7§lt§x§A§2§D§A§9§8§le §x§C§F§D§5§7§A§lK§x§E§6§D§3§6§B§le§x§F§C§D§0§5§C§ly from buy
[23:03:37] > Apprintance remove x5 §x§F§C§9§0§5§C§lE§x§E§6§9§C§6§B§lp§x§C§F§A§7§7§A§li§x§B§9§B§3§8§9§lc §x§8§C§C§B§A§7§lC§x§7§5§D§6§B§6§lr§x§5§F§E§2§C§5§la§x§7§9§D§4§B§4§lt§x§9§3§C§7§A§2§le §x§C§8§A§B§7§F§lK§x§E§2§9§E§6§E§le§x§F§C§9§0§5§C§ly from buy
[23:03:38] > Apprintance remove x1 Thank you  from buy
[23:30:51] > shelby remove x1 §x§F§F§3§E§0§0§lDemon Lord Wings form storage
[23:36:46] > Zypher_0w0 buy x1 §x§F§F§5§5§0§0§lsᴇʟʟᴡᴀɴᴅ §6- 5.0x to R4YVEN for $500,000.
[23:36:50] > Zypher_0w0 buy x1 §x§F§F§5§5§0§0§lsᴇʟʟᴡᴀɴᴅ §6- 5.0x to SEAN4528 for $450,000.
[23:36:58] > Zypher_0w0 buy x1 §x§F§F§5§5§0§0§lsᴇʟʟᴡᴀɴᴅ §6- 5.0x to Antonie657 for $500,000.
[23:37:09] > Zypher_0w0 remove x1 §x§F§F§5§5§0§0§lsᴇʟʟᴡᴀɴᴅ §6- 5.0x form buy
[23:37:09] > Zypher_0w0 remove x1 §x§F§F§5§5§0§0§lsᴇʟʟᴡᴀɴᴅ §6- 5.0x form buy
[23:37:09] > Zypher_0w0 remove x1 §x§F§F§5§5§0§0§lsᴇʟʟᴡᴀɴᴅ §6- 5.0x form buy
[23:37:17] > Zypher_0w0 buy x1 §x§F§F§5§5§0§0§lsᴇʟʟᴡᴀɴᴅ §6- 5.0x to Cynishere for $400,000.
[23:37:40] > Zypher_0w0 remove x1 §x§F§F§5§5§0§0§lsᴇʟʟᴡᴀɴᴅ §6- 5.0x from buy
[23:44:27] > sigman added x1 §f§l§x§E§4§3§A§3§AM§x§D§7§4§7§3§Ae§x§C§A§5§5§3§Ar§x§B§D§6§2§3§9r§x§A§F§7§0§3§9y§x§A§2§7§D§3§9 §x§9§5§8§A§3§9C§x§8§8§9§8§3§9h§x§7§B§A§5§3§9r§x§6§E§B§3§3§8i§x§6§1§C§0§3§8s§x§5§4§C§D§3§8tm§x§6§1§C§0§3§8a§x§6§E§B§3§3§8s§x§7§B§A§5§3§9 §x§8§8§9§8§3§9C§x§9§5§8§A§3§9r§x§A§2§7§D§3§9o§x§A§F§7§0§3§9s§x§B§D§6§2§3§9s§x§C§A§5§5§3§Ab§x§D§7§4§7§3§Ao§x§E§4§3§A§3§Aw in auction for 700000.
[23:52:47] > Antonie657 remove x64 Iron block from buy
[23:52:48] > Antonie657 remove x64 Iron block from buy
[23:52:49] > Antonie657 remove x1 §f§l§8B§x§6§0§6§0§6§0a§x§6§C§6§C§6§Ch§x§7§7§7§7§7§7a§x§8§2§8§2§8§2m§x§8§E§8§E§8§Eu§x§9§9§9§9§9§9t§x§A§4§A§4§A§4 L§x§9§9§9§9§9§9e§x§8§E§8§E§8§Eg§x§8§2§8§2§8§2g§x§7§7§7§7§7§7i§x§6§C§6§C§6§Cn§x§6§0§6§0§6§0g§8s from buy
[23:52:49] > Antonie657 remove x1 §f§l§8B§x§6§3§6§3§6§3a§x§7§1§7§1§7§1h§x§8§0§8§0§8§0a§x§8§E§8§E§8§Em§x§9§C§9§C§9§Cu§7t§x§9§C§9§C§9§C §x§8§E§8§E§8§ES§x§8§0§8§0§8§0t§x§7§1§7§1§7§1a§x§6§3§6§3§6§3f§8f from buy
[23:52:50] > Antonie657 remove x49 Experience bottle from buy
[23:56:46] > .Allxnzv added x1 §x§F§0§7§A§5§4§lZombie Apocalyptic Helmet in auction for 1000000.
[23:57:20] > shelby added x1 §x§F§F§3§E§0§0§lDemon Lord Wings in auction for 9000000.
[23:58:51] > shelby remove x1 §x§F§F§3§E§0§0§lDemon Lord Wings form storage
[23:59:01] > shelby added x1 §x§F§F§3§E§0§0§lDemon Lord Wings in auction for 9000000.
[23:59:13] > Zypher_0w0 added x1 §x§E§5§1§B§1§B§lDracula Key in auction for 80000.
[23:59:28] > Zypher_0w0 added x1 §x§E§5§1§B§1§B§lDracula Key in auction for 80000.
[23:59:39] > Zypher_0w0 added x1 §x§F§F§7§C§0§0§lSteamsparks Key in auction for 100000.
[23:59:59] > ReKYee buy x1 §x§E§5§1§B§1§B§lDracula Key to Zypher_0w0 for $80,000.
[00:00:01] > ReKYee buy x1 §x§E§5§1§B§1§B§lDracula Key to Zypher_0w0 for $80,000.
[00:00:05] > aroraru added x1 Enchanted book in auction for 1010101.
[00:00:21] > aroraru added x1 Enchanted book in auction for 101010.
[00:01:26] > Cynishere added x1 §f§l§x§E§4§3§A§3§AM§x§D§5§4§9§3§Ae§x§C§6§5§9§3§Ar§x§B§7§6§8§3§9r§x§A§8§7§8§3§9y§x§9§9§8§7§3§9 §x§8§9§9§6§3§9C§x§7§A§A§6§3§9h§x§6§B§B§5§3§8r§x§5§C§C§5§3§8i§x§4§D§D§4§3§8s§x§5§C§C§5§3§8t§x§6§B§B§5§3§8m§x§7§A§A§6§3§9a§x§8§9§9§6§3§9s§x§9§9§8§7§3§9 §x§A§8§7§8§3§9S§x§B§7§6§8§3§9w§x§C§6§5§9§3§Ao§x§D§5§4§9§3§Ar§x§E§4§3§A§3§Ad in auction for 1500000.
[00:01:55] > aroraru added x1 Enchanted book in auction for 101010.
[00:04:16] > Icon_Skully added x1 §f§l§x§E§4§3§A§3§AM§x§D§6§4§9§3§Ae§x§C§7§5§7§3§Ar§x§B§9§6§6§3§9r§x§A§A§7§5§3§9y§x§9§C§8§3§3§9 §x§8§E§9§2§3§9C§x§7§F§A§1§3§9h§x§7§1§A§F§3§8r§x§6§3§B§E§3§8i§x§5§4§C§D§3§8st§x§6§3§B§E§3§8m§x§7§1§A§F§3§8a§x§7§F§A§1§3§9s§x§8§E§9§2§3§9 §x§9§C§8§3§3§9H§x§A§A§7§5§3§9a§x§B§9§6§6§3§9m§x§C§7§5§7§3§Am§x§D§6§4§9§3§Ae§x§E§4§3§A§3§Ar in auction for 550000.
[00:04:29] > frenchhee buy x1 §f§l§x§E§4§3§A§3§AM§x§D§6§4§9§3§Ae§x§C§7§5§7§3§Ar§x§B§9§6§6§3§9r§x§A§A§7§5§3§9y§x§9§C§8§3§3§9 §x§8§E§9§2§3§9C§x§7§F§A§1§3§9h§x§7§1§A§F§3§8r§x§6§3§B§E§3§8i§x§5§4§C§D§3§8st§x§6§3§B§E§3§8m§x§7§1§A§F§3§8a§x§7§F§A§1§3§9s§x§8§E§9§2§3§9 §x§9§C§8§3§3§9H§x§A§A§7§5§3§9a§x§B§9§6§6§3§9m§x§C§7§5§7§3§Am§x§D§6§4§9§3§Ae§x§E§4§3§A§3§Ar to Icon_Skully for $550,000.
[00:04:35] > frenchhee remove x1 §f§l§x§E§4§3§A§3§AM§x§D§6§4§9§3§Ae§x§C§7§5§7§3§Ar§x§B§9§6§6§3§9r§x§A§A§7§5§3§9y§x§9§C§8§3§3§9 §x§8§E§9§2§3§9C§x§7§F§A§1§3§9h§x§7§1§A§F§3§8r§x§6§3§B§E§3§8i§x§5§4§C§D§3§8st§x§6§3§B§E§3§8m§x§7§1§A§F§3§8a§x§7§F§A§1§3§9s§x§8§E§9§2§3§9 §x§9§C§8§3§3§9H§x§A§A§7§5§3§9a§x§B§9§6§6§3§9m§x§C§7§5§7§3§Am§x§D§6§4§9§3§Ae§x§E§4§3§A§3§Ar from buy
[00:05:13] > aroraru remove x1 Enchanted book from storage
[00:06:16] > Cynishere remove x1 §f§l§x§E§4§3§A§3§AM§x§D§5§4§9§3§Ae§x§C§6§5§9§3§Ar§x§B§7§6§8§3§9r§x§A§8§7§8§3§9y§x§9§9§8§7§3§9 §x§8§9§9§6§3§9C§x§7§A§A§6§3§9h§x§6§B§B§5§3§8r§x§5§C§C§5§3§8i§x§4§D§D§4§3§8s§x§5§C§C§5§3§8t§x§6§B§B§5§3§8m§x§7§A§A§6§3§9a§x§8§9§9§6§3§9s§x§9§9§8§7§3§9 §x§A§8§7§8§3§9S§x§B§7§6§8§3§9w§x§C§6§5§9§3§Ao§x§D§5§4§9§3§Ar§x§E§4§3§A§3§Ad from storage
[00:06:26] > x1 /PWARP GO PASTRIES, item of Kwienn, has just expired, the item is definitively deleted.
[00:06:26] > x1 §x§9§8§6§3§E§7§lG§x§9§0§7§5§E§2§lo§x§8§8§8§7§D§D§ld§x§8§0§9§9§D§8§ll§x§7§7§A§C§D§4§ly §x§6§7§D§0§C§A§lC§x§5§F§E§2§C§5§lr§x§6§7§D§0§C§A§la§x§6§F§B§E§C§F§lt§x§7§7§A§C§D§4§le §x§8§8§8§7§D§D§lK§x§9§0§7§5§E§2§le§x§9§8§6§3§E§7§ly, item of BlINDSTEELS, has just expired, the item is definitively deleted.
[00:06:27] > Cynishere remove x1 §f§l§x§E§4§3§A§3§AM§x§D§5§4§9§3§Ae§x§C§6§5§9§3§Ar§x§B§7§6§8§3§9r§x§A§8§7§8§3§9y§x§9§9§8§7§3§9 §x§8§9§9§6§3§9C§x§7§A§A§6§3§9h§x§6§B§B§5§3§8r§x§5§C§C§5§3§8i§x§4§D§D§4§3§8s§x§5§C§C§5§3§8t§x§6§B§B§5§3§8m§x§7§A§A§6§3§9a§x§8§9§9§6§3§9s§x§9§9§8§7§3§9 §x§A§8§7§8§3§9S§x§B§7§6§8§3§9w§x§C§6§5§9§3§Ao§x§D§5§4§9§3§Ar§x§E§4§3§A§3§Ad from expire
[00:06:37] > Cynishere added x1 §f§l§x§E§4§3§A§3§AM§x§D§5§4§9§3§Ae§x§C§6§5§9§3§Ar§x§B§7§6§8§3§9r§x§A§8§7§8§3§9y§x§9§9§8§7§3§9 §x§8§9§9§6§3§9C§x§7§A§A§6§3§9h§x§6§B§B§5§3§8r§x§5§C§C§5§3§8i§x§4§D§D§4§3§8s§x§5§C§C§5§3§8t§x§6§B§B§5§3§8m§x§7§A§A§6§3§9a§x§8§9§9§6§3§9s§x§9§9§8§7§3§9 §x§A§8§7§8§3§9S§x§B§7§6§8§3§9w§x§C§6§5§9§3§Ao§x§D§5§4§9§3§Ar§x§E§4§3§A§3§Ad in auction for 500000.
[00:12:44] > Fogstrap added x1 §x§F§F§5§5§0§0§lsᴇʟʟᴡᴀɴᴅ §6- 10.0x in auction for 1500000.
[00:12:57] > Fogstrap added x1 §x§F§F§5§5§0§0§lsᴇʟʟᴡᴀɴᴅ §6- 10.0x in auction for 1500000.
[00:14:16] > Icon_Skully remove x1 §x§5§9§A§1§D§9§lA§x§7§1§A§E§D§Er§x§8§8§B§C§E§4c§x§A§0§C§9§E§9h§x§B§8§D§7§E§Fa§x§D§0§E§4§F§4n§x§E§7§F§2§F§Ag§fe§x§E§7§F§2§F§Al §x§B§8§D§7§E§FS§x§A§0§C§9§E§9t§x§8§8§B§C§E§4a§x§7§1§A§E§D§Ef§x§5§9§A§1§D§9f from storage
[00:14:17] > Icon_Skully remove x1 §f§l§x§F§A§0§0§0§AD§x§F§A§1§E§1§6a§x§F§B§3§B§2§1r§x§F§B§5§9§2§Dk§x§F§B§7§7§3§9f§x§F§B§9§5§4§5l§x§F§C§B§2§5§0a§x§F§C§D§0§5§Cm§x§F§C§B§2§5§0e§x§F§B§9§5§4§5 §x§F§B§7§7§3§9S§x§F§B§5§9§2§Dp§x§F§B§3§B§2§1e§x§F§A§1§E§1§6a§x§F§A§0§0§0§Ar from storage
[00:14:18] > Icon_Skully remove x1 §fShogun Bow from storage
[00:14:19] > Icon_Skully remove x1 §x§6§0§0§0§F§F§lɢᴏᴅʟʏ ɪᴛᴇᴍ from storage
[00:14:47] > Icon_Skully added x1 §x§6§0§0§0§F§F§lɢᴏᴅʟʏ ɪᴛᴇᴍ in auction for 2000000.
[00:14:58] > Icon_Skully added x1 §fShogun Bow in auction for 75000.
[00:15:13] > Icon_Skully added x1 §f§l§x§F§A§0§0§0§AD§x§F§A§1§E§1§6a§x§F§B§3§B§2§1r§x§F§B§5§9§2§Dk§x§F§B§7§7§3§9f§x§F§B§9§5§4§5l§x§F§C§B§2§5§0a§x§F§C§D§0§5§Cm§x§F§C§B§2§5§0e§x§F§B§9§5§4§5 §x§F§B§7§7§3§9S§x§F§B§5§9§2§Dp§x§F§B§3§B§2§1e§x§F§A§1§E§1§6a§x§F§A§0§0§0§Ar in auction for 175000.
[00:15:34] > Icon_Skully added x1 §x§5§9§A§1§D§9§lA§x§7§1§A§E§D§Er§x§8§8§B§C§E§4c§x§A§0§C§9§E§9h§x§B§8§D§7§E§Fa§x§D§0§E§4§F§4n§x§E§7§F§2§F§Ag§fe§x§E§7§F§2§F§Al §x§B§8§D§7§E§FS§x§A§0§C§9§E§9t§x§8§8§B§C§E§4a§x§7§1§A§E§D§Ef§x§5§9§A§1§D§9f in auction for 150000.
[00:15:36] > ReKYee buy x1 §f§l§x§F§A§0§0§0§AD§x§F§A§1§E§1§6a§x§F§B§3§B§2§1r§x§F§B§5§9§2§Dk§x§F§B§7§7§3§9f§x§F§B§9§5§4§5l§x§F§C§B§2§5§0a§x§F§C§D§0§5§Cm§x§F§C§B§2§5§0e§x§F§B§9§5§4§5 §x§F§B§7§7§3§9S§x§F§B§5§9§2§Dp§x§F§B§3§B§2§1e§x§F§A§1§E§1§6a§x§F§A§0§0§0§Ar to Icon_Skully for $175,000.
[00:15:41] > Antonie657 buy x1 §x§5§9§A§1§D§9§lA§x§7§1§A§E§D§Er§x§8§8§B§C§E§4c§x§A§0§C§9§E§9h§x§B§8§D§7§E§Fa§x§D§0§E§4§F§4n§x§E§7§F§2§F§Ag§fe§x§E§7§F§2§F§Al §x§B§8§D§7§E§FS§x§A§0§C§9§E§9t§x§8§8§B§C§E§4a§x§7§1§A§E§D§Ef§x§5§9§A§1§D§9f to Icon_Skully for $150,000.
[00:16:25] > Cynishere added x1 §x§3§4§9§8§D§Bʙʟᴀᴢᴇ ꜱᴘᴀᴡɴᴇʀ in auction for 1500000.
[00:18:13] > Icon_Skully remove x1 §x§6§0§0§0§F§F§lɢᴏᴅʟʏ ɪᴛᴇᴍ from storage
[00:18:33] > Icon_Skully added x1 §x§6§0§0§0§F§F§lɢᴏᴅʟʏ ɪᴛᴇᴍ in auction for 1500000.
[00:19:10] > Cynishere remove x1 §x§3§4§9§8§D§Bʙʟᴀᴢᴇ ꜱᴘᴀᴡɴᴇʀ from storage
[00:19:16] > Cynishere remove x1 §x§3§4§9§8§D§Bʙʟᴀᴢᴇ ꜱᴘᴀᴡɴᴇʀ from expire
[00:19:22] > Cynishere added x1 §x§3§4§9§8§D§Bʙʟᴀᴢᴇ ꜱᴘᴀᴡɴᴇʀ in auction for 600000.
[00:19:31] > Antonie657 buy x1 §x§3§4§9§8§D§Bʙʟᴀᴢᴇ ꜱᴘᴀᴡɴᴇʀ to Cynishere for $600,000.
[00:19:37] > Antonie657 remove x1 §x§3§4§9§8§D§Bʙʟᴀᴢᴇ ꜱᴘᴀᴡɴᴇʀ from buy
[00:19:38] > Antonie657 remove x1 §x§5§9§A§1§D§9§lA§x§7§1§A§E§D§Er§x§8§8§B§C§E§4c§x§A§0§C§9§E§9h§x§B§8§D§7§E§Fa§x§D§0§E§4§F§4n§x§E§7§F§2§F§Ag§fe§x§E§7§F§2§F§Al §x§B§8§D§7§E§FS§x§A§0§C§9§E§9t§x§8§8§B§C§E§4a§x§7§1§A§E§D§Ef§x§5§9§A§1§D§9f from buy
[00:20:37] > Cynishere added x2 §x§3§4§9§8§D§Bʙʟᴀᴢᴇ ꜱᴘᴀᴡɴᴇʀ in auction for 1200000.
[00:20:54] > Fogstrap buy x2 §x§3§4§9§8§D§Bʙʟᴀᴢᴇ ꜱᴘᴀᴡɴᴇʀ to Cynishere for $1,200,000.
[00:21:49] > Cynishere added x4 §x§3§4§9§8§D§Bʙʟᴀᴢᴇ ꜱᴘᴀᴡɴᴇʀ in auction for 2400000.
[00:22:54] > Cynishere added x1 §x§3§4§9§8§D§Bʙʟᴀᴢᴇ ꜱᴘᴀᴡɴᴇʀ in auction for 600000.
[00:23:02] > ReKYee buy x1 §x§3§4§9§8§D§Bʙʟᴀᴢᴇ ꜱᴘᴀᴡɴᴇʀ to Cynishere for $600,000.
[00:23:12] > Cynishere remove x4 §x§3§4§9§8§D§Bʙʟᴀᴢᴇ ꜱᴘᴀᴡɴᴇʀ from storage
[00:23:16] > Cynishere remove x4 §x§3§4§9§8§D§Bʙʟᴀᴢᴇ ꜱᴘᴀᴡɴᴇʀ from expire
[00:23:24] > ReKYee remove x1 §x§E§5§1§B§1§B§lDracula Key from buy
[00:23:24] > ReKYee remove x1 §f§l§x§F§A§0§0§0§AD§x§F§A§1§E§1§6a§x§F§B§3§B§2§1r§x§F§B§5§9§2§Dk§x§F§B§7§7§3§9f§x§F§B§9§5§4§5l§x§F§C§B§2§5§0a§x§F§C§D§0§5§Cm§x§F§C§B§2§5§0e§x§F§B§9§5§4§5 §x§F§B§7§7§3§9S§x§F§B§5§9§2§Dp§x§F§B§3§B§2§1e§x§F§A§1§E§1§6a§x§F§A§0§0§0§Ar from buy
[00:23:25] > ReKYee remove x1 §x§E§5§1§B§1§B§lDracula Key from buy
[00:23:25] > Cynishere added x4 §x§3§4§9§8§D§Bʙʟᴀᴢᴇ ꜱᴘᴀᴡɴᴇʀ in auction for 1600000.
[00:23:26] > ReKYee remove x1 §x§3§4§9§8§D§Bʙʟᴀᴢᴇ ꜱᴘᴀᴡɴᴇʀ from buy
[00:23:33] > Zypher_0w0 buy x4 §x§3§4§9§8§D§Bʙʟᴀᴢᴇ ꜱᴘᴀᴡɴᴇʀ to Cynishere for $1,600,000.
[00:24:33] > Cynishere added x1 §f§l§x§8§A§0§0§F§FS§x§9§9§0§0§D§Bh§x§A§8§0§0§B§6i§x§B§7§0§0§9§2n§x§C§6§0§0§6§De§x§D§5§0§0§4§9 §x§E§4§0§0§2§4O§x§F§3§0§0§0§0n§x§E§4§0§0§2§4i§x§D§5§0§0§4§9 §x§C§6§0§0§6§DB§x§B§7§0§0§9§2o§x§A§8§0§0§B§6o§x§9§9§0§0§D§Bt§x§8§A§0§0§F§Fs in auction for 1500000.
[00:24:41] > Zypher_0w0 remove x4 §x§3§4§9§8§D§Bʙʟᴀᴢᴇ ꜱᴘᴀᴡɴᴇʀ from buy
[00:25:41] > Cynishere added x1 §f§l§x§8§A§0§0§F§FS§x§9§C§0§0§D§5h§x§A§D§0§0§A§Ai§x§B§F§0§0§8§0n§x§D§0§0§0§5§5e§x§E§2§0§0§2§B §x§F§3§0§0§0§0O§x§E§2§0§0§2§An§x§D§0§0§0§5§5i§x§B§F§0§0§8§0 §x§A§D§0§0§A§AB§x§9§C§0§0§D§5o§x§8§A§0§0§F§Fw in auction for 2000000.
[00:27:50] > .Allxnzv added x1 §f§l§x§8§A§0§0§F§FS§x§9§C§0§0§D§5h§x§A§D§0§0§A§Ai§x§B§F§0§0§8§0n§x§D§0§0§0§5§5e§x§E§2§0§0§2§B §x§F§3§0§0§0§0O§x§E§2§0§0§2§An§x§D§0§0§0§5§5i§x§B§F§0§0§8§0 §x§A§D§0§0§A§AB§x§9§C§0§0§D§5o§x§8§A§0§0§F§Fw in auction for 2500000.
[00:30:07] > Cynishere added x3 §x§9§8§6§3§E§7§lG§x§9§0§7§5§E§2§lo§x§8§8§8§7§D§D§ld§x§8§0§9§9§D§8§ll§x§7§7§A§C§D§4§ly §x§6§7§D§0§C§A§lC§x§5§F§E§2§C§5§lr§x§6§7§D§0§C§A§la§x§6§F§B§E§C§F§lt§x§7§7§A§C§D§4§le §x§8§8§8§7§D§D§lK§x§9§0§7§5§E§2§le§x§9§8§6§3§E§7§ly in auction for 600000.
[00:30:44] > Cynishere added x1 §x§5§9§A§1§D§9§lA§x§7§1§A§E§D§Er§x§8§8§B§C§E§4c§x§A§0§C§9§E§9h§x§B§8§D§7§E§Fa§x§D§0§E§4§F§4n§x§E§7§F§2§F§Ag§fe§x§E§7§F§2§F§Al §x§B§8§D§7§E§FW§x§A§0§C§9§E§9i§x§8§8§B§C§E§4n§x§7§1§A§E§D§Eg§x§5§9§A§1§D§9s in auction for 3000000.
[00:32:29] > Cynishere remove x1 §x§5§9§A§1§D§9§lA§x§7§1§A§E§D§Er§x§8§8§B§C§E§4c§x§A§0§C§9§E§9h§x§B§8§D§7§E§Fa§x§D§0§E§4§F§4n§x§E§7§F§2§F§Ag§fe§x§E§7§F§2§F§Al §x§B§8§D§7§E§FW§x§A§0§C§9§E§9i§x§8§8§B§C§E§4n§x§7§1§A§E§D§Eg§x§5§9§A§1§D§9s from storage
[00:32:36] > Cynishere remove x1 §x§5§9§A§1§D§9§lA§x§7§1§A§E§D§Er§x§8§8§B§C§E§4c§x§A§0§C§9§E§9h§x§B§8§D§7§E§Fa§x§D§0§E§4§F§4n§x§E§7§F§2§F§Ag§fe§x§E§7§F§2§F§Al §x§B§8§D§7§E§FW§x§A§0§C§9§E§9i§x§8§8§B§C§E§4n§x§7§1§A§E§D§Eg§x§5§9§A§1§D§9s from expire
[00:36:10] > x64 Coal block, bought by Zypher_0w0, has just expired, the item is definitively deleted.
[00:36:11] > Fogstrap remove x2 §x§3§4§9§8§D§Bʙʟᴀᴢᴇ ꜱᴘᴀᴡɴᴇʀ from buy
[00:36:15] > Fogstrap remove x1 §x§6§0§0§0§F§F§lɢᴏᴅʟʏ ɪᴛᴇᴍ from buy
[00:36:22] > Fogstrap remove x1 §f§l§8B§x§6§2§6§2§6§2a§x§6§F§6§F§6§Fh§x§7§C§7§C§7§Ca§x§8§9§8§9§8§9m§x§9§6§9§6§9§6u§x§A§3§A§3§A§3t §x§9§6§9§6§9§6P§x§8§9§8§9§8§9i§x§7§C§7§C§7§Cc§x§6§F§6§F§6§Fa§x§6§2§6§2§6§2x§8e from buy
[00:36:23] > Fogstrap remove x2 §c§lPlatinum Lure from buy
[00:39:42] > Cynishere added x1 §f§l§x§8§A§0§0§F§FS§x§9§5§0§0§E§4h§x§A§0§0§0§C§9i§x§A§B§0§0§A§En§x§B§6§0§0§9§4e§x§C§1§0§0§7§9 §x§C§C§0§0§5§EO§x§D§7§0§0§4§3n§x§E§2§0§0§2§8i§x§E§D§0§0§0§D C§x§E§2§0§0§2§8h§x§D§7§0§0§4§3e§x§C§C§0§0§5§Es§x§C§1§0§0§7§9t§x§B§6§0§0§9§4p§x§A§B§0§0§A§El§x§A§0§0§0§C§9a§x§9§5§0§0§E§4t§x§8§A§0§0§F§Fe in auction for 1500000.
[00:39:54] > Cynishere added x1 §f§l§x§8§A§0§0§F§FS§x§9§6§0§0§E§1h§x§A§3§0§0§C§3i§x§A§F§0§0§A§5n§x§B§B§0§0§8§7e§x§C§8§0§0§6§9 §x§D§4§0§0§4§BO§x§E§0§0§0§2§Dn§x§E§D§0§0§0§Fi §x§E§0§0§0§2§DL§x§D§4§0§0§4§Be§x§C§8§0§0§6§9g§x§B§B§0§0§8§7g§x§A§F§0§0§A§5i§x§A§3§0§0§C§3n§x§9§6§0§0§E§1g§x§8§A§0§0§F§Fs in auction for 2000000.
[00:40:13] > Cynishere added x1 §f§l§x§8§A§0§0§F§FS§x§9§9§0§0§D§Bh§x§A§8§0§0§B§6i§x§B§7§0§0§9§2n§x§C§6§0§0§6§De§x§D§5§0§0§4§9 §x§E§4§0§0§2§4O§x§F§3§0§0§0§0n§x§E§4§0§0§2§4i§x§D§5§0§0§4§9 §x§C§6§0§0§6§DB§x§B§7§0§0§9§2o§x§A§8§0§0§B§6o§x§9§9§0§0§D§Bt§x§8§A§0§0§F§Fs in auction for 1000000.
[00:41:48] > aroraru added x1 §x§F§F§5§5§0§0§lsᴇʟʟᴡᴀɴᴅ §6- 10.0x in auction for 1500000.
[00:41:52] > x1 §x§E§5§1§B§1§B§lDracula Halberd on sale by Weeiyne has just expired, it goes in the inventory of expired items.
[00:42:13] > aroraru added x1 §x§F§F§5§5§0§0§lsᴇʟʟᴡᴀɴᴅ §6- 5.0x in auction for 750000.
[00:43:00] > ItzRealMe added x1 Diamond block in auction for 100000.
[00:50:28] > Cynishere remove x1 §f§l§x§8§A§0§0§F§FS§x§9§9§0§0§D§Bh§x§A§8§0§0§B§6i§x§B§7§0§0§9§2n§x§C§6§0§0§6§De§x§D§5§0§0§4§9 §x§E§4§0§0§2§4O§x§F§3§0§0§0§0n§x§E§4§0§0§2§4i§x§D§5§0§0§4§9 §x§C§6§0§0§6§DB§x§B§7§0§0§9§2o§x§A§8§0§0§B§6o§x§9§9§0§0§D§Bt§x§8§A§0§0§F§Fs from storage
[00:50:29] > Cynishere remove x1 §f§l§x§8§A§0§0§F§FS§x§9§6§0§0§E§1h§x§A§3§0§0§C§3i§x§A§F§0§0§A§5n§x§B§B§0§0§8§7e§x§C§8§0§0§6§9 §x§D§4§0§0§4§BO§x§E§0§0§0§2§Dn§x§E§D§0§0§0§Fi §x§E§0§0§0§2§DL§x§D§4§0§0§4§Be§x§C§8§0§0§6§9g§x§B§B§0§0§8§7g§x§A§F§0§0§A§5i§x§A§3§0§0§C§3n§x§9§6§0§0§E§1g§x§8§A§0§0§F§Fs from storage
[00:50:31] > Cynishere remove x1 §f§l§x§8§A§0§0§F§FS§x§9§5§0§0§E§4h§x§A§0§0§0§C§9i§x§A§B§0§0§A§En§x§B§6§0§0§9§4e§x§C§1§0§0§7§9 §x§C§C§0§0§5§EO§x§D§7§0§0§4§3n§x§E§2§0§0§2§8i§x§E§D§0§0§0§D C§x§E§2§0§0§2§8h§x§D§7§0§0§4§3e§x§C§C§0§0§5§Es§x§C§1§0§0§7§9t§x§B§6§0§0§9§4p§x§A§B§0§0§A§El§x§A§0§0§0§C§9a§x§9§5§0§0§E§4t§x§8§A§0§0§F§Fe from storage
[00:50:35] > Cynishere remove x1 §f§l§x§8§A§0§0§F§FS§x§9§5§0§0§E§4h§x§A§0§0§0§C§9i§x§A§B§0§0§A§En§x§B§6§0§0§9§4e§x§C§1§0§0§7§9 §x§C§C§0§0§5§EO§x§D§7§0§0§4§3n§x§E§2§0§0§2§8i§x§E§D§0§0§0§D C§x§E§2§0§0§2§8h§x§D§7§0§0§4§3e§x§C§C§0§0§5§Es§x§C§1§0§0§7§9t§x§B§6§0§0§9§4p§x§A§B§0§0§A§El§x§A§0§0§0§C§9a§x§9§5§0§0§E§4t§x§8§A§0§0§F§Fe from expire
[00:50:35] > Cynishere remove x1 §f§l§x§8§A§0§0§F§FS§x§9§6§0§0§E§1h§x§A§3§0§0§C§3i§x§A§F§0§0§A§5n§x§B§B§0§0§8§7e§x§C§8§0§0§6§9 §x§D§4§0§0§4§BO§x§E§0§0§0§2§Dn§x§E§D§0§0§0§Fi §x§E§0§0§0§2§DL§x§D§4§0§0§4§Be§x§C§8§0§0§6§9g§x§B§B§0§0§8§7g§x§A§F§0§0§A§5i§x§A§3§0§0§C§3n§x§9§6§0§0§E§1g§x§8§A§0§0§F§Fs from expire
[00:50:36] > Cynishere remove x1 §f§l§x§8§A§0§0§F§FS§x§9§9§0§0§D§Bh§x§A§8§0§0§B§6i§x§B§7§0§0§9§2n§x§C§6§0§0§6§De§x§D§5§0§0§4§9 §x§E§4§0§0§2§4O§x§F§3§0§0§0§0n§x§E§4§0§0§2§4i§x§D§5§0§0§4§9 §x§C§6§0§0§6§DB§x§B§7§0§0§9§2o§x§A§8§0§0§B§6o§x§9§9§0§0§D§Bt§x§8§A§0§0§F§Fs from expire
[00:53:25] > Panda_Nooba buy x1 §x§F§F§7§C§0§0§lSteamsparks Key to Zypher_0w0 for $100,000.
[00:53:54] > Panda_Nooba remove x1 §x§F§F§7§C§0§0§lSteamsparks Key from buy
[01:12:26] > Panda_Nooba buy x1 §fShogun Bow to Icon_Skully for $75,000.
[01:12:30] > Panda_Nooba remove x1 §fShogun Bow from buy
[01:15:54] > SenjuKawaragi added x64 Firework rocket in auction for 30000.
[01:48:04] > Antonie657 added x1 §9§lSquid Tentacle in auction for 10000.
[01:48:04] > x55 Diamond block on sale by Blinkrzz has just expired, it goes in the inventory of expired items.
[01:48:12] > king_ARK buy x1 §9§lSquid Tentacle to Antonie657 for $10,000.
[02:37:37] > Icon_Skully remove x1 §x§6§0§0§0§F§F§lɢᴏᴅʟʏ ɪᴛᴇᴍ from storage
[02:40:23] > Icon_Skully added x1 §f§l§x§8§A§0§0§F§FS§x§9§8§0§0§D§Dh§x§A§6§0§0§B§Bi§x§B§4§0§0§9§9n§x§C§2§0§0§7§7e§x§D§0§0§0§5§5 §x§D§E§0§0§3§3O§x§E§C§0§0§1§1ni§x§D§E§0§0§3§3 §x§D§0§0§0§5§5S§x§C§2§0§0§7§7h§x§B§4§0§0§9§9i§x§A§6§0§0§B§Be§x§9§8§0§0§D§Dl§x§8§A§0§0§F§Fd in auction for 150000.
[02:40:35] > Icon_Skully added x1 §f§l§8B§x§6§2§6§2§6§2a§x§6§F§6§F§6§Fh§x§7§C§7§C§7§Ca§x§8§9§8§9§8§9m§x§9§6§9§6§9§6u§x§A§3§A§3§A§3t §x§9§6§9§6§9§6S§x§8§9§8§9§8§9h§x§7§C§7§C§7§Ci§x§6§F§6§F§6§Fe§x§6§2§6§2§6§2l§8d in auction for 75000.
[02:40:50] > Icon_Skully added x1 §x§F§F§7§C§0§0§lSteamsparks Hammer in auction for 45000.
[02:40:54] > Panda_Nooba buy x1 §f§l§x§8§A§0§0§F§FS§x§9§8§0§0§D§Dh§x§A§6§0§0§B§Bi§x§B§4§0§0§9§9n§x§C§2§0§0§7§7e§x§D§0§0§0§5§5 §x§D§E§0§0§3§3O§x§E§C§0§0§1§1ni§x§D§E§0§0§3§3 §x§D§0§0§0§5§5S§x§C§2§0§0§7§7h§x§B§4§0§0§9§9i§x§A§6§0§0§B§Be§x§9§8§0§0§D§Dl§x§8§A§0§0§F§Fd to Icon_Skully for $150,000.
[02:40:58] > Panda_Nooba remove x1 §f§l§x§8§A§0§0§F§FS§x§9§8§0§0§D§Dh§x§A§6§0§0§B§Bi§x§B§4§0§0§9§9n§x§C§2§0§0§7§7e§x§D§0§0§0§5§5 §x§D§E§0§0§3§3O§x§E§C§0§0§1§1ni§x§D§E§0§0§3§3 §x§D§0§0§0§5§5S§x§C§2§0§0§7§7h§x§B§4§0§0§9§9i§x§A§6§0§0§B§Be§x§9§8§0§0§D§Dl§x§8§A§0§0§F§Fd from buy
[02:41:03] > Icon_Skully added x1 §x§F§F§7§C§0§0§lSteamsparks Shovel in auction for 45000.
[02:41:16] > Icon_Skully added x1 §x§F§F§7§C§0§0§lSteamsparks Pickaxe in auction for 45000.
[02:41:27] > Icon_Skully added x1 §x§F§F§7§C§0§0§lSteamsparks Battle Axe in auction for 45000.
[02:42:58] > Icon_Skully added x1 §x§E§5§1§B§1§B§lDracula Sword in auction for 25000.
[02:44:17] > Icon_Skully added x1 §fEnder Eye Knife in auction for 150000.
[02:44:50] > Icon_Skully added x1 Shulker box in auction for 550000.
[02:45:49] > Icon_Skully remove x1 §f§l§8B§x§6§2§6§2§6§2a§x§6§F§6§F§6§Fh§x§7§C§7§C§7§Ca§x§8§9§8§9§8§9m§x§9§6§9§6§9§6u§x§A§3§A§3§A§3t §x§9§6§9§6§9§6S§x§8§9§8§9§8§9h§x§7§C§7§C§7§Ci§x§6§F§6§F§6§Fe§x§6§2§6§2§6§2l§8d from storage
[02:46:06] > Icon_Skully added x1 §x§F§F§5§5§0§0§lsᴇʟʟᴡᴀɴᴅ §6- 10.0x in auction for 925000.
[03:12:34] > Xavier881 buy x1 §x§F§F§7§C§0§0§lSteamsparks Hammer to Icon_Skully for $45,000.
[03:25:14] > ReKYee buy x1 §fEnder Eye Knife to Icon_Skully for $150,000.
[03:25:36] > ReKYee remove x1 §fEnder Eye Knife from buy
[03:52:40] > Xavier881 remove x1 §x§F§F§7§C§0§0§lSteamsparks Hammer from buy
[03:52:41] > Xavier881 remove x2 §b§lCrab Lure from buy
[04:12:58] > Icon_Skully remove x1 §x§F§F§5§5§0§0§lsᴇʟʟᴡᴀɴᴅ §6- 10.0x from storage
[04:41:56] > Antonie657 added x1 §x§F§F§5§5§0§0§lsᴇʟʟᴡᴀɴᴅ §6- 10.0x in auction for 1200000.
[04:42:31] > Icon_Skully remove x1 Shulker box from storage
[04:42:39] > Icon_Skully added x1 Shulker box in auction for 450000.
[04:44:31] > zDamixx added x1 §f§l§8B§x§6§6§6§6§6§6a§x§7§7§7§7§7§7h§x§8§8§8§8§8§8a§x§9§9§9§9§9§9m§7u§x§9§9§9§9§9§9t§x§8§8§8§8§8§8 §x§7§7§7§7§7§7K§x§6§6§6§6§6§6e§8y in auction for 350000.
[04:44:57] > zDamixx added x1 §x§F§F§3§E§0§0§lSellwand Voucher in auction for 1400000.
[04:45:04] > zDamixx remove x1 §f§l§8B§x§6§6§6§6§6§6a§x§7§7§7§7§7§7h§x§8§8§8§8§8§8a§x§9§9§9§9§9§9m§7u§x§9§9§9§9§9§9t§x§8§8§8§8§8§8 §x§7§7§7§7§7§7K§x§6§6§6§6§6§6e§8y from storage
[04:46:45] > zDamixx added x1 §f§l§8B§x§6§2§6§2§6§2a§x§6§F§6§F§6§Fh§x§7§C§7§C§7§Ca§x§8§9§8§9§8§9m§x§9§6§9§6§9§6u§x§A§3§A§3§A§3t §x§9§6§9§6§9§6H§x§8§9§8§9§8§9e§x§7§C§7§C§7§Cl§x§6§F§6§F§6§Fm§x§6§2§6§2§6§2e§8t in auction for 400000.
[04:49:22] > zDamixx added x4 §x§C§9§A§7§F§C§lL§x§B§D§A§E§F§6§le§x§B§1§B§4§F§0§lg§x§A§6§B§B§E§A§le§x§9§A§C§1§E§4§ln§x§8§E§C§8§D§D§ld§x§8§2§C§E§D§7§la§x§7§7§D§5§D§1§lr§x§6§B§D§B§C§B§ly §x§6§B§D§B§C§B§lC§x§7§7§D§5§D§1§lr§x§8§2§C§E§D§7§la§x§8§E§C§8§D§D§lt§x§9§A§C§1§E§4§le §x§B§1§B§4§F§0§lK§x§B§D§A§E§F§6§le§x§C§9§A§7§F§C§ly in auction for 400000.
[04:51:20] > zDamixx added x5 §x§F§C§9§0§5§C§lE§x§E§6§9§C§6§B§lp§x§C§F§A§7§7§A§li§x§B§9§B§3§8§9§lc §x§8§C§C§B§A§7§lC§x§7§5§D§6§B§6§lr§x§5§F§E§2§C§5§la§x§7§9§D§4§B§4§lt§x§9§3§C§7§A§2§le §x§C§8§A§B§7§F§lK§x§E§2§9§E§6§E§le§x§F§C§9§0§5§C§ly in auction for 1000000.
[04:51:59] > zDamixx added x1 §x§E§5§1§B§1§B§lDracula Shovel in auction for 200000.
[05:09:06] > belvi__ buy x1 Netherite ingot to EXEZUNO for $120,000.
[05:09:09] > belvi__ buy x2 Netherite ingot to Fogstrap for $200,000.
[05:09:12] > belvi__ buy x2 Netherite ingot to Fogstrap for $200,000.
[05:09:29] > belvi__ remove x1 Netherite ingot from buy
[05:09:30] > belvi__ remove x2 Netherite ingot from buy
[05:09:30] > belvi__ remove x2 Netherite ingot from buy
[05:09:36] > belvi__ remove x1 §fPanda Hat from buy
[05:09:42] > belvi__ added x1 §fPanda Hat in auction for 10000.
[05:47:06] > Kenamin added x1 §f§l§x§E§4§3§A§3§AM§x§D§7§4§7§3§Ae§x§C§A§5§5§3§Ar§x§B§D§6§2§3§9r§x§A§F§7§0§3§9y§x§A§2§7§D§3§9 §x§9§5§8§A§3§9C§x§8§8§9§8§3§9h§x§7§B§A§5§3§9r§x§6§E§B§3§3§8i§x§6§1§C§0§3§8s§x§5§4§C§D§3§8tm§x§6§1§C§0§3§8a§x§6§E§B§3§3§8s§x§7§B§A§5§3§9 §x§8§8§9§8§3§9B§x§9§5§8§A§3§9a§x§A§2§7§D§3§9c§x§A§F§7§0§3§9k§x§B§D§6§2§3§9p§x§C§A§5§5§3§Aa§x§D§7§4§7§3§Ac§x§E§4§3§A§3§Ak in auction for 500000.
[06:47:45] > zDamixx remove x4 §x§C§9§A§7§F§C§lL§x§B§D§A§E§F§6§le§x§B§1§B§4§F§0§lg§x§A§6§B§B§E§A§le§x§9§A§C§1§E§4§ln§x§8§E§C§8§D§D§ld§x§8§2§C§E§D§7§la§x§7§7§D§5§D§1§lr§x§6§B§D§B§C§B§ly §x§6§B§D§B§C§B§lC§x§7§7§D§5§D§1§lr§x§8§2§C§E§D§7§la§x§8§E§C§8§D§D§lt§x§9§A§C§1§E§4§le §x§B§1§B§4§F§0§lK§x§B§D§A§E§F§6§le§x§C§9§A§7§F§C§ly from storage
[06:47:59] > zDamixx added x1 marihuana in auction for 9999999999.
[06:48:04] > zDamixx remove x1 §x§F§F§3§E§0§0§lSellwand Voucher from storage
[06:48:05] > zDamixx remove x1 marihuana from storage
[06:49:13] > zDamixx added x1 §x§F§F§3§E§0§0§lSellwand Voucher in auction for 1400000.
[06:49:26] > zDamixx added x4 §x§C§9§A§7§F§C§lL§x§B§D§A§E§F§6§le§x§B§1§B§4§F§0§lg§x§A§6§B§B§E§A§le§x§9§A§C§1§E§4§ln§x§8§E§C§8§D§D§ld§x§8§2§C§E§D§7§la§x§7§7§D§5§D§1§lr§x§6§B§D§B§C§B§ly §x§6§B§D§B§C§B§lC§x§7§7§D§5§D§1§lr§x§8§2§C§E§D§7§la§x§8§E§C§8§D§D§lt§x§9§A§C§1§E§4§le §x§B§1§B§4§F§0§lK§x§B§D§A§E§F§6§le§x§C§9§A§7§F§C§ly in auction for 1000000.
[06:50:02] > RebornKimmy buy x1 §f§l§x§E§4§3§A§3§AM§x§D§7§4§7§3§Ae§x§C§A§5§5§3§Ar§x§B§D§6§2§3§9r§x§A§F§7§0§3§9y§x§A§2§7§D§3§9 §x§9§5§8§A§3§9C§x§8§8§9§8§3§9h§x§7§B§A§5§3§9r§x§6§E§B§3§3§8i§x§6§1§C§0§3§8s§x§5§4§C§D§3§8tm§x§6§1§C§0§3§8a§x§6§E§B§3§3§8s§x§7§B§A§5§3§9 §x§8§8§9§8§3§9B§x§9§5§8§A§3§9a§x§A§2§7§D§3§9c§x§A§F§7§0§3§9k§x§B§D§6§2§3§9p§x§C§A§5§5§3§Aa§x§D§7§4§7§3§Ac§x§E§4§3§A§3§Ak to Kenamin for $500,000.
[06:50:12] > RebornKimmy remove x1 §x§E§5§1§B§1§B§lDracula Hoe form buy
[06:50:12] > RebornKimmy remove x1 §f§l§8B§x§6§0§6§0§6§0a§x§6§C§6§C§6§Ch§x§7§7§7§7§7§7a§x§8§2§8§2§8§2m§x§8§E§8§E§8§Eu§x§9§9§9§9§9§9t§x§A§4§A§4§A§4 L§x§9§9§9§9§9§9e§x§8§E§8§E§8§Eg§x§8§2§8§2§8§2g§x§7§7§7§7§7§7i§x§6§C§6§C§6§Cn§x§6§0§6§0§6§0g§8s form buy
[06:50:12] > RebornKimmy remove x1 §x§F§F§7§C§0§0§lSteamsparks Boots form buy
[06:50:12] > RebornKimmy remove x1 §f§l§8B§x§6§2§6§2§6§2a§x§6§F§6§F§6§Fh§x§7§C§7§C§7§Ca§x§8§9§8§9§8§9m§x§9§6§9§6§9§6u§x§A§3§A§3§A§3t §x§9§6§9§6§9§6H§x§8§9§8§9§8§9e§x§7§C§7§C§7§Cl§x§6§F§6§F§6§Fm§x§6§2§6§2§6§2e§8t form buy
[06:50:12] > RebornKimmy remove x1 §f§l§8B§x§6§2§6§2§6§2a§x§6§F§6§F§6§Fh§x§7§C§7§C§7§Ca§x§8§9§8§9§8§9m§x§9§6§9§6§9§6u§x§A§3§A§3§A§3t §x§9§6§9§6§9§6H§x§8§9§8§9§8§9e§x§7§C§7§C§7§Cl§x§6§F§6§F§6§Fm§x§6§2§6§2§6§2e§8t form buy
[06:50:12] > RebornKimmy remove x1 §x§E§5§1§B§1§B§lDracula Spear form buy
[06:50:12] > RebornKimmy remove x1 §x§F§F§3§E§0§0§lDemon Lord Hoe form buy
[06:50:12] > RebornKimmy remove x1 §x§E§5§1§B§1§B§lDracula Shield form buy
[06:50:12] > RebornKimmy remove x1 §fGhost Hat form buy
[06:50:12] > RebornKimmy remove x1 §fMagician Hat form buy
[06:50:12] > RebornKimmy remove x1 §x§F§F§3§E§0§0§lD§x§F§F§3§5§0§0§le§x§F§F§2§C§0§0§lm§x§F§F§2§3§0§0§lo§x§F§F§1§B§0§0§ln §x§F§F§0§9§0§0§lL§x§F§F§0§0§0§0§lo§x§F§F§0§A§0§0§lr§x§F§F§1§5§0§0§ld §x§F§F§2§9§0§0§lH§x§F§F§3§4§0§0§lo§x§F§F§3§E§0§0§le form buy
[06:50:12] > RebornKimmy remove x1 §fFarmer Hat form buy
[06:50:12] > RebornKimmy remove x1 §x§5§9§A§1§D§9§lA§x§6§A§A§A§D§Dr§x§7§A§B§4§E§1c§x§8§B§B§D§E§4h§x§9§B§C§7§E§8a§x§A§C§D§0§E§Cn§x§B§D§D§9§F§0g§x§C§D§E§3§F§4e§x§D§E§E§C§F§7l §fC§x§E§D§F§5§F§Bh§x§D§A§E§A§F§7e§x§C§8§E§0§F§2s§x§B§5§D§5§E§Et§x§A§3§C§B§E§Ap§x§9§0§C§0§E§6l§x§7§E§B§6§E§1a§x§6§B§A§B§D§Dt§x§5§9§A§1§D§9e form buy
[06:50:12] > RebornKimmy remove x1 §x§F§F§7§C§0§0§lSteamsparks Helmet form buy
[06:50:12] > RebornKimmy remove x1 §x§F§F§7§C§0§0§lSteamsparks Fishing Rod form buy
[06:50:12] > RebornKimmy remove x1 §f§l§x§E§4§3§A§3§AM§x§D§7§4§7§3§Ae§x§C§A§5§5§3§Ar§x§B§D§6§2§3§9r§x§A§F§7§0§3§9y§x§A§2§7§D§3§9 §x§9§5§8§A§3§9C§x§8§8§9§8§3§9h§x§7§B§A§5§3§9r§x§6§E§B§3§3§8i§x§6§1§C§0§3§8s§x§5§4§C§D§3§8tm§x§6§1§C§0§3§8a§x§6§E§B§3§3§8s§x§7§B§A§5§3§9 §x§8§8§9§8§3§9B§x§9§5§8§A§3§9a§x§A§2§7§D§3§9c§x§A§F§7§0§3§9k§x§B§D§6§2§3§9p§x§C§A§5§5§3§Aa§x§D§7§4§7§3§Ac§x§E§4§3§A§3§Ak form buy
[06:50:12] > RebornKimmy remove x5 Heart of the sea form buy
[08:56:01] > qu4sar added x1 §x§F§F§5§5§0§0§lsᴇʟʟᴡᴀɴᴅ §6- 20.0x in auction for 2500000.
[08:56:06] > SenjuKawaragi buy x1 §x§F§F§5§5§0§0§lsᴇʟʟᴡᴀɴᴅ §6- 20.0x to qu4sar for $2,500,000.
[09:01:47] > MasterElrel added x1 §x§F§F§5§5§0§0§lsᴇʟʟᴡᴀɴᴅ §6- 20.0x in auction for 2500000.
[09:01:54] > SenjuKawaragi buy x1 §x§F§F§5§5§0§0§lsᴇʟʟᴡᴀɴᴅ §6- 20.0x to MasterElrel for $2,500,000.
[09:02:05] > SenjuKawaragi remove x1 §x§F§F§5§5§0§0§lsᴇʟʟᴡᴀɴᴅ §6- 20.0x from buy
[09:02:05] > SenjuKawaragi remove x1 §x§F§F§5§5§0§0§lsᴇʟʟᴡᴀɴᴅ §6- 20.0x from buy
[09:16:25] > x1 Enchanted book on sale by nachfaust has just expired, it goes in the inventory of expired items.
[09:30:29] > zDamixx remove x1 §f§l§8B§x§6§2§6§2§6§2a§x§6§F§6§F§6§Fh§x§7§C§7§C§7§Ca§x§8§9§8§9§8§9m§x§9§6§9§6§9§6u§x§A§3§A§3§A§3t §x§9§6§9§6§9§6H§x§8§9§8§9§8§9e§x§7§C§7§C§7§Cl§x§6§F§6§F§6§Fm§x§6§2§6§2§6§2e§8t from storage
[09:30:31] > zDamixx remove x5 §x§F§C§9§0§5§C§lE§x§E§6§9§C§6§B§lp§x§C§F§A§7§7§A§li§x§B§9§B§3§8§9§lc §x§8§C§C§B§A§7§lC§x§7§5§D§6§B§6§lr§x§5§F§E§2§C§5§la§x§7§9§D§4§B§4§lt§x§9§3§C§7§A§2§le §x§C§8§A§B§7§F§lK§x§E§2§9§E§6§E§le§x§F§C§9§0§5§C§ly from storage
[09:30:31] > zDamixx remove x1 §x§E§5§1§B§1§B§lDracula Shovel from storage
[09:30:32] > zDamixx remove x1 §x§F§F§3§E§0§0§lSellwand Voucher from storage
[09:30:33] > zDamixx remove x4 §x§C§9§A§7§F§C§lL§x§B§D§A§E§F§6§le§x§B§1§B§4§F§0§lg§x§A§6§B§B§E§A§le§x§9§A§C§1§E§4§ln§x§8§E§C§8§D§D§ld§x§8§2§C§E§D§7§la§x§7§7§D§5§D§1§lr§x§6§B§D§B§C§B§ly §x§6§B§D§B§C§B§lC§x§7§7§D§5§D§1§lr§x§8§2§C§E§D§7§la§x§8§E§C§8§D§D§lt§x§9§A§C§1§E§4§le §x§B§1§B§4§F§0§lK§x§B§D§A§E§F§6§le§x§C§9§A§7§F§C§ly from storage
[09:32:10] > zDamixx added x1 trading for elytras msg zxdamii if interested in auction for 19191919191919.
[09:33:16] > Apprintance buy x1 §fPanda Hat to belvi__ for $10,000.
[09:33:44] > Apprintance buy x1 Shulker box to Icon_Skully for $450,000.
[09:44:18] > .JakeTheMiner457 added x1 §f§l§x§E§4§3§A§3§AM§x§D§6§4§9§3§Ae§x§C§7§5§7§3§Ar§x§B§9§6§6§3§9r§x§A§A§7§5§3§9y§x§9§C§8§3§3§9 §x§8§E§9§2§3§9C§x§7§F§A§1§3§9h§x§7§1§A§F§3§8r§x§6§3§B§E§3§8i§x§5§4§C§D§3§8st§x§6§3§B§E§3§8m§x§7§1§A§F§3§8a§x§7§F§A§1§3§9s§x§8§E§9§2§3§9 §x§9§C§8§3§3§9H§x§A§A§7§5§3§9a§x§B§9§6§6§3§9m§x§C§7§5§7§3§Am§x§D§6§4§9§3§Ae§x§E§4§3§A§3§Ar in auction for 500000.
[09:45:11] > .JakeTheMiner457 buy x1 Enchanted book to aroraru for $101,010.
[09:53:06] > .JakeTheMiner457 remove x1 Enchanted book from buy
[10:21:55] > x1 §x§F§F§7§C§0§0§lSteamsparks Bow on sale by Renzy01 has just expired, it goes in the inventory of expired items.
[10:24:58] > octopus_01 buy x1 §x§F§F§5§5§0§0§lsᴇʟʟᴡᴀɴᴅ §6- 10.0x to Antonie657 for $1,200,000.
[10:25:16] > octopus_01 buy x1 §x§F§F§5§5§0§0§lsᴇʟʟᴡᴀɴᴅ §6- 10.0x to aroraru for $1,500,000.
[10:27:02] > octopus_01 buy x1 §x§F§F§3§E§0§0§lSellwand Voucher to .Allxnzv for $1,200,000.
[10:27:06] > octopus_01 buy x1 §x§F§F§3§E§0§0§lSellwand Voucher to kiyomiuu1 for $1,500,000.
[10:27:10] > octopus_01 remove x1 §x§F§F§5§5§0§0§lsᴇʟʟᴡᴀɴᴅ §6- 10.0x form buy
[10:27:10] > octopus_01 remove x1 §x§F§F§3§E§0§0§lSellwand Voucher form buy
[10:27:10] > octopus_01 remove x1 §x§F§F§5§5§0§0§lsᴇʟʟᴡᴀɴᴅ §6- 10.0x form buy
[10:27:10] > octopus_01 remove x1 §x§F§F§3§E§0§0§lSellwand Voucher form buy
[10:28:47] > ohiogtg added x1 §x§F§F§3§E§0§0§lSellwand Voucher in auction for 1000000.
[10:29:12] > ohiogtg added x1 §x§F§F§3§E§0§0§lSellwand Voucher in auction for 1000000.
[10:29:25] > octopus_01 buy x1 §x§F§F§3§E§0§0§lSellwand Voucher to ohiogtg for $1,000,000.
[10:29:27] > octopus_01 buy x1 §x§F§F§3§E§0§0§lSellwand Voucher to ohiogtg for $1,000,000.
[10:29:32] > octopus_01 remove x1 §x§F§F§3§E§0§0§lSellwand Voucher form buy
[10:29:32] > octopus_01 remove x1 §x§F§F§3§E§0§0§lSellwand Voucher form buy
[10:30:03] > Apprintance buy x1 §f§l§x§E§4§3§A§3§AM§x§D§6§4§9§3§Ae§x§C§7§5§7§3§Ar§x§B§9§6§6§3§9r§x§A§A§7§5§3§9y§x§9§C§8§3§3§9 §x§8§E§9§2§3§9C§x§7§F§A§1§3§9h§x§7§1§A§F§3§8r§x§6§3§B§E§3§8i§x§5§4§C§D§3§8st§x§6§3§B§E§3§8m§x§7§1§A§F§3§8a§x§7§F§A§1§3§9s§x§8§E§9§2§3§9 §x§9§C§8§3§3§9H§x§A§A§7§5§3§9a§x§B§9§6§6§3§9m§x§C§7§5§7§3§Am§x§D§6§4§9§3§Ae§x§E§4§3§A§3§Ar to .JakeTheMiner457 for $500,000.
[10:34:07] > ohiogtg buy x1 §x§F§F§7§C§0§0§lSteamsparks Wings to Edabis for $1,500,000.
[10:34:16] > ohiogtg remove x1 §x§F§F§7§C§0§0§lSteamsparks Wings from buy
[10:57:47] > x1 Dune armor trim smithing template on sale by .JakeTheMiner457 has just expired, it goes in the inventory of expired items.
[10:57:47] > x1 Dune armor trim smithing template on sale by .JakeTheMiner457 has just expired, it goes in the inventory of expired items.
[11:01:39] > ohiogtg buy x1 §x§F§F§7§C§0§0§lSteamsparks Pickaxe to Icon_Skully for $45,000.
[11:01:47] > ohiogtg remove x1 §x§F§F§7§C§0§0§lSteamsparks Pickaxe from buy
[11:15:04] > ohiogtg buy x1 §x§F§F§7§C§0§0§lSteamsparks Battle Axe to Icon_Skully for $45,000.
[11:15:21] > ohiogtg remove x1 §x§F§F§7§C§0§0§lSteamsparks Battle Axe from buy