
[12:11:12] > HPMR_GaMerz buy x1 §eɪʀᴏɴ ɢᴏʟᴇᴍ sᴘᴀᴡɴᴇʀ to scarlettti for $850,000.
[12:11:21] > HPMR_GaMerz buy x1 §eʙʟᴀᴢᴇ sᴘᴀᴡɴᴇʀ to Unforce01 for $400,000.
[12:11:26] > HPMR_GaMerz buy x3 Enchanted golden apple to dennnnn for $45,000.
[12:17:12] > x1 §f§l§8B§x§6§3§6§3§6§3a§x§7§1§7§1§7§1h§x§8§0§8§0§8§0a§x§8§E§8§E§8§Em§x§9§C§9§C§9§Cu§7t§x§9§C§9§C§9§C §x§8§E§8§E§8§EB§x§8§0§8§0§8§0o§x§7§1§7§1§7§1o§x§6§3§6§3§6§3t§8s on sale by Zee_ has just expired, it goes in the inventory of expired items.
[12:17:50] > BushSeat buy x1 §esᴋᴇʟᴇᴛᴏɴ sᴘᴀᴡɴᴇʀ to Unforce01 for $250,000.
[12:56:53] > YchannR remove x1 §f§l§8B§x§6§6§6§6§6§6a§x§7§7§7§7§7§7h§x§8§8§8§8§8§8a§x§9§9§9§9§9§9m§7u§x§9§9§9§9§9§9t§x§8§8§8§8§8§8 §x§7§7§7§7§7§7K§x§6§6§6§6§6§6e§8y form storage
[13:15:57] > Keeos added x64 Golden apple in auction for 300000.
[13:16:11] > Keeos added x64 Golden apple in auction for 300000.
[13:16:30] > Keeos added x64 Golden apple in auction for 250000.
[13:16:55] > Keeos added x64 Golden apple in auction for 250000.
[13:17:12] > Keeos added x64 Golden apple in auction for 250000.
[13:17:23] > Keeos added x64 Golden apple in auction for 250000.
[13:17:34] > Keeos added x64 Golden apple in auction for 250000.
[13:17:46] > Keeos added x64 Golden apple in auction for 250000.
[13:17:56] > Keeos added x64 Golden apple in auction for 250000.
[13:34:36] > x1 §x§5§C§C§F§F§C§lC§x§5§C§D§1§F§5§lo§x§5§D§D§4§E§E§ls§x§5§D§D§6§E§7§lm§x§5§E§D§9§E§1§le§x§5§E§D§B§D§A§lt§x§5§E§D§D§D§3§li§x§5§F§E§0§C§C§lc §x§5§F§E§0§C§C§lH§x§5§E§D§D§D§3§la§x§5§E§D§B§D§A§lt§x§5§E§D§9§E§1§ls §x§5§D§D§4§E§E§lK§x§5§C§D§1§F§5§le§x§5§C§C§F§F§C§ly on sale by SP3CC_ has just expired, it goes in the inventory of expired items.
[13:34:36] > llhxnce added x1 Trident in auction for 100000.
[13:38:17] > kabayooo remove x1 Diamond leggings form storage
[13:55:26] > dennnnn added x1 Enchanted golden apple in auction for 15000.
[14:03:49] > HPMR_GaMerz added x1 Wither rose in auction for 100000.
[14:03:51] > aznaaa remove x15 Wither skeleton skull from storage
[14:04:06] > aznaaa added x15 Wither skeleton skull in auction for 250000.
[14:04:22] > kabayooo added x1 Golden shovel in auction for 100.
[14:32:06] > DanRaiv added x1 Shulker of Strength in auction for 150000.
[14:33:16] > DanRaiv remove x1 §x§F§F§3§E§0§0§lD§x§F§F§3§8§0§0§le§x§F§F§3§2§0§0§lm§x§F§F§2§B§0§0§lo§x§F§F§2§5§0§0§ln §x§F§F§1§9§0§0§lL§x§F§F§1§3§0§0§lo§x§F§F§0§C§0§0§lr§x§F§F§0§6§0§0§ld §x§F§F§0§6§0§0§lB§x§F§F§0§C§0§0§la§x§F§F§1§3§0§0§lt§x§F§F§1§9§0§0§lt§x§F§F§1§F§0§0§ll§x§F§F§2§5§0§0§le §x§F§F§3§2§0§0§lA§x§F§F§3§8§0§0§lx§x§F§F§3§E§0§0§le from storage
[14:33:16] > DanRaiv remove x1 §x§F§F§3§E§0§0§lD§x§F§F§3§6§0§0§le§x§F§F§2§F§0§0§lm§x§F§F§2§7§0§0§lo§x§F§F§1§F§0§0§ln §x§F§F§1§0§0§0§lL§x§F§F§0§8§0§0§lo§x§F§F§0§0§0§0§lr§x§F§F§0§8§0§0§ld §x§F§F§1§7§0§0§lS§x§F§F§1§F§0§0§lh§x§F§F§2§7§0§0§li§x§F§F§2§F§0§0§le§x§F§F§3§6§0§0§ll§x§F§F§3§E§0§0§ld from storage
[14:33:17] > DanRaiv remove x1 §f§l§8B§x§6§2§6§2§6§2a§x§6§F§6§F§6§Fh§x§7§C§7§C§7§Ca§x§8§9§8§9§8§9m§x§9§6§9§6§9§6u§x§A§3§A§3§A§3t §x§9§6§9§6§9§6S§x§8§9§8§9§8§9h§x§7§C§7§C§7§Ci§x§6§F§6§F§6§Fe§x§6§2§6§2§6§2l§8d from storage
[14:33:18] > DanRaiv remove x1 §f§l§8B§x§6§2§6§2§6§2a§x§6§F§6§F§6§Fh§x§7§C§7§C§7§Ca§x§8§9§8§9§8§9m§x§9§6§9§6§9§6u§x§A§3§A§3§A§3t §x§9§6§9§6§9§6H§x§8§9§8§9§8§9a§x§7§C§7§C§7§Ct§x§6§F§6§F§6§F §x§6§2§6§2§6§2V§82 from storage
[14:40:40] > x1 §f§l§8B§x§6§0§6§0§6§0a§x§6§C§6§C§6§Ch§x§7§7§7§7§7§7a§x§8§2§8§2§8§2m§x§8§E§8§E§8§Eu§x§9§9§9§9§9§9t§x§A§4§A§4§A§4 G§x§9§9§9§9§9§9a§x§8§E§8§E§8§Eu§x§8§2§8§2§8§2n§x§7§7§7§7§7§7t§x§6§C§6§C§6§Cl§x§6§0§6§0§6§0e§8t on sale by Kyotots has just expired, it goes in the inventory of expired items.
[14:45:12] > scarlettti added x1 §esᴘɪᴅᴇʀ sᴘᴀᴡɴᴇʀ in auction for 450000.
[14:48:18] > monggol buy x3 §bEntropy Crystal §8(§310,000§8) to HwanYo for $350,000.
[14:48:22] > x1 Enchanted book, bought by Seris00, has just expired, the item is definitively deleted.
[14:48:22] > monggol remove x3 §bEntropy Crystal §8(§310,000§8) from buy
[14:52:51] > AxoLittle remove x1 Ominous bottle form storage
[14:54:53] > x1 §x§F§F§3§E§0§0§lD§x§F§F§3§6§0§0§le§x§F§F§2§F§0§0§lm§x§F§F§2§7§0§0§lo§x§F§F§1§F§0§0§ln §x§F§F§1§0§0§0§lL§x§F§F§0§8§0§0§lo§x§F§F§0§0§0§0§lr§x§F§F§0§9§0§0§ld §x§F§F§1§B§0§0§lS§x§F§F§2§3§0§0§lt§x§F§F§2§C§0§0§la§x§F§F§3§5§0§0§lf§x§F§F§3§E§0§0§lf on sale by Skwylie has just expired, it goes in the inventory of expired items.
[15:02:03] > Yalujin buy x1 Enchanted book to TostyZura for $1,000,000.
[15:02:23] > Yalujin remove x1 Enchanted book from buy
[15:02:23] > Yalujin remove x10 Gold nugget from buy
[15:13:26] > Keeos remove x10 Golden apple from storage
[15:13:27] > Keeos remove x10 Golden apple from storage
[15:13:28] > Keeos remove x10 Golden apple from storage
[15:13:28] > Keeos remove x10 Golden apple from storage
[15:13:37] > Keeos added x64 Golden apple in auction for 250000.
[15:13:48] > Keeos added x64 Golden apple in auction for 250000.
[15:14:19] > Keeos added x64 Golden apple in auction for 250000.
[15:14:46] > Keeos added x64 Golden apple in auction for 250000.
[15:16:51] > x1 §f§l§x§F§A§0§0§0§AD§x§F§A§1§E§1§6a§x§F§B§3§B§2§1r§x§F§B§5§9§2§Dk§x§F§B§7§7§3§9f§x§F§B§9§5§4§5l§x§F§C§B§2§5§0a§x§F§C§D§0§5§Cm§x§F§C§B§2§5§0e§x§F§B§9§5§4§5 §x§F§B§7§7§3§9S§x§F§B§5§9§2§Dp§x§F§B§3§B§2§1e§x§F§A§1§E§1§6a§x§F§A§0§0§0§Ar on sale by frenchhee has just expired, it goes in the inventory of expired items.
[15:21:30] > AxoLittle buy x64 Glowstone to Zypher_0w0 for $640.
[16:10:37] > x1 §x§5§C§C§F§F§C§lC§x§5§C§D§1§F§5§lo§x§5§D§D§4§E§E§ls§x§5§D§D§6§E§7§lm§x§5§E§D§9§E§1§le§x§5§E§D§B§D§A§lt§x§5§E§D§D§D§3§li§x§5§F§E§0§C§C§lc §x§5§F§E§0§C§C§lH§x§5§E§D§D§D§3§la§x§5§E§D§B§D§A§lt§x§5§E§D§9§E§1§ls §x§5§D§D§4§E§E§lK§x§5§C§D§1§F§5§le§x§5§C§C§F§F§C§ly on sale by SP3CC_ has just expired, it goes in the inventory of expired items.
[16:16:44] > x1 §x§F§F§3§E§0§0§lD§x§F§F§3§6§0§0§le§x§F§F§2§F§0§0§lm§x§F§F§2§7§0§0§lo§x§F§F§1§F§0§0§ln §x§F§F§1§0§0§0§lL§x§F§F§0§8§0§0§lo§x§F§F§0§0§0§0§lr§x§F§F§0§8§0§0§ld §x§F§F§1§7§0§0§lS§x§F§F§1§F§0§0§lh§x§F§F§2§7§0§0§lo§x§F§F§2§F§0§0§lv§x§F§F§3§6§0§0§le§x§F§F§3§E§0§0§ll on sale by nnorv1 has just expired, it goes in the inventory of expired items.
[16:29:32] > anneyong buy x64 Golden apple to Keeos for $250,000.
[16:29:40] > anneyong buy x64 Golden apple to Keeos for $250,000.
[16:29:53] > anneyong remove x13 Deepslate redstone ore form buy
[16:29:53] > anneyong remove x1 §x§F§C§D§0§5§C§lB§x§E§6§D§3§6§B§la§x§C§F§D§5§7§A§ls§x§B§9§D§8§8§9§li§x§A§2§D§A§9§8§lc §x§7§5§D§F§B§6§lC§x§5§F§E§2§C§5§lr§x§7§5§D§F§B§6§la§x§8§C§D§D§A§7§lt§x§A§2§D§A§9§8§le §x§C§F§D§5§7§A§lK§x§E§6§D§3§6§B§le§x§F§C§D§0§5§C§ly form buy
[16:29:53] > anneyong remove x1 §f§l§x§8§A§0§0§F§FS§x§9§8§0§0§D§Dh§x§A§6§0§0§B§Bi§x§B§4§0§0§9§9n§x§C§2§0§0§7§7e§x§D§0§0§0§5§5 §x§D§E§0§0§3§3O§x§E§C§0§0§1§1ni§x§D§E§0§0§3§3 §x§D§0§0§0§5§5S§x§C§2§0§0§7§7h§x§B§4§0§0§9§9i§x§A§6§0§0§B§Be§x§9§8§0§0§D§Dl§x§8§A§0§0§F§Fd form buy
[16:29:53] > anneyong remove x53 Sculk catalyst form buy
[16:29:53] > anneyong remove x1 §f§l§x§F§A§0§0§0§AD§x§F§A§1§A§1§4a§x§F§B§3§4§1§Fr§x§F§B§4§E§2§9k§x§F§B§6§8§3§3f§x§F§B§8§2§3§Dl§x§F§C§9§C§4§8a§x§F§C§B§6§5§2m§x§F§C§D§0§5§Ce§x§F§C§B§6§5§2 §x§F§C§9§C§4§8P§x§F§B§8§2§3§Di§x§F§B§6§8§3§3c§x§F§B§4§E§2§9k§x§F§B§3§4§1§Fa§x§F§A§1§A§1§4x§x§F§A§0§0§0§Ae form buy
[16:29:53] > anneyong remove x1 §x§5§9§A§1§D§9§lA§x§6§A§A§A§D§Dr§x§7§A§B§4§E§1c§x§8§B§B§D§E§4h§x§9§B§C§7§E§8a§x§A§C§D§0§E§Cn§x§B§D§D§9§F§0g§x§C§D§E§3§F§4e§x§D§E§E§C§F§7l §fF§x§E§E§F§6§F§Bi§x§D§E§E§C§F§7s§x§C§D§E§3§F§4h§x§B§D§D§9§F§0i§x§A§C§D§0§E§Cn§x§9§B§C§7§E§8g §x§7§A§B§4§E§1R§x§6§A§A§A§D§Do§x§5§9§A§1§D§9d form buy
[16:29:53] > anneyong remove x1 §x§F§F§3§E§0§0§lD§x§F§F§3§5§0§0§le§x§F§F§2§C§0§0§lm§x§F§F§2§3§0§0§lo§x§F§F§1§B§0§0§ln §x§F§F§0§9§0§0§lL§x§F§F§0§0§0§0§lo§x§F§F§0§A§0§0§lr§x§F§F§1§5§0§0§ld §x§F§F§2§9§0§0§lB§x§F§F§3§4§0§0§lo§x§F§F§3§E§0§0§lw form buy
[16:31:38] > anneyong remove x64 Golden apple form buy
[16:31:38] > anneyong remove x64 Golden apple form buy
[16:31:42] > x1 buying godly/oni bow & boots, item of MrGh0st1y, has just expired, the item is definitively deleted.
[16:31:42] > x1 §f§l§x§F§C§D§0§5§CW§x§F§A§A§A§4§Bu§x§F§9§8§4§3§Bk§x§F§7§5§F§2§Ao§x§F§5§3§9§1§9n§x§F§4§1§3§0§8g §x§F§5§3§9§1§9S§x§F§7§5§F§2§At§x§F§9§8§4§3§Ba§x§F§A§A§A§4§Bf§x§F§C§D§0§5§Cf, item of Pewpew, has just expired, the item is definitively deleted.
[16:31:42] > x1 §x§F§F§7§C§0§0§lSteamsparks Helmet, item of Fr4gzzz, has just expired, the item is definitively deleted.
[16:31:47] > anneyong remove x1 §f§l§x§8§A§0§0§F§FS§x§9§8§0§0§D§Dh§x§A§6§0§0§B§Bi§x§B§4§0§0§9§9n§x§C§2§0§0§7§7e§x§D§0§0§0§5§5 §x§D§E§0§0§3§3O§x§E§C§0§0§1§1ni§x§D§E§0§0§3§3 §x§D§0§0§0§5§5S§x§C§2§0§0§7§7h§x§B§4§0§0§9§9i§x§A§6§0§0§B§Be§x§9§8§0§0§D§Dl§x§8§A§0§0§F§Fd form expire
[16:31:47] > anneyong remove x1 Shulker box form expire
[16:32:10] > anneyong added x1 Shulker box in auction for 4000000.
[16:45:38] > Keenorana added x1 §x§F§F§7§C§0§0§lSteamsparks Boots in auction for 10000.
[16:45:49] > Keenorana added x1 §x§E§5§1§B§1§B§lDracula Sword in auction for 10000.
[16:46:22] > Keenorana added x1 §f§l§8B§x§6§6§6§6§6§6a§x§7§7§7§7§7§7h§x§8§8§8§8§8§8a§x§9§9§9§9§9§9m§7u§x§9§9§9§9§9§9t§x§8§8§8§8§8§8 §x§7§7§7§7§7§7B§x§6§6§6§6§6§6o§8w in auction for 1000000.
[17:06:36] > imnectarfr buy x1 §f§l§8B§x§6§3§6§3§6§3a§x§7§1§7§1§7§1h§x§8§0§8§0§8§0a§x§8§E§8§E§8§Em§x§9§C§9§C§9§Cu§7t§x§9§C§9§C§9§C §x§8§E§8§E§8§ES§x§8§0§8§0§8§0p§x§7§1§7§1§7§1e§x§6§3§6§3§6§3a§8r to koshie for $500,000.
[17:07:05] > imnectarfr buy x1 §f§l§8B§x§6§6§6§6§6§6a§x§7§7§7§7§7§7h§x§8§8§8§8§8§8a§x§9§9§9§9§9§9m§7u§x§9§9§9§9§9§9t§x§8§8§8§8§8§8 §x§7§7§7§7§7§7K§x§6§6§6§6§6§6e§8y to El3ctric_Ey3 for $1,000,000.
[17:07:20] > imnectarfr remove x1 §f§l§8B§x§6§6§6§6§6§6a§x§7§7§7§7§7§7h§x§8§8§8§8§8§8a§x§9§9§9§9§9§9m§7u§x§9§9§9§9§9§9t§x§8§8§8§8§8§8 §x§7§7§7§7§7§7K§x§6§6§6§6§6§6e§8y from buy
[17:07:20] > imnectarfr remove x1 §f§l§8B§x§6§3§6§3§6§3a§x§7§1§7§1§7§1h§x§8§0§8§0§8§0a§x§8§E§8§E§8§Em§x§9§C§9§C§9§Cu§7t§x§9§C§9§C§9§C §x§8§E§8§E§8§ES§x§8§0§8§0§8§0p§x§7§1§7§1§7§1e§x§6§3§6§3§6§3a§8r from buy
[17:20:57] > kabayooo buy x64 Experience bottle to HwanYo for $140,000.
[17:21:03] > kabayooo remove x64 Experience bottle from buy
[17:21:27] > kabayooo buy x64 Experience bottle to HwanYo for $140,000.
[17:21:35] > kabayooo remove x64 Experience bottle from buy
[17:22:35] > BushSeat buy x1 §x§F§F§7§C§0§0§lSteamsparks Boots to Keenorana for $10,000.
[17:23:06] > BushSeat remove x1 §esᴋᴇʟᴇᴛᴏɴ sᴘᴀᴡɴᴇʀ from buy
[17:23:07] > BushSeat remove x1 §x§F§F§7§C§0§0§lSteamsparks Boots from buy
[17:27:16] > BushSeat buy x1 Trident to llhxnce for $100,000.
[17:29:36] > kysicx remove x1 §x§F§F§3§E§0§0§lDemon Lord Wings from buy
[17:29:37] > kysicx remove x1 Totem of undying from buy
[17:29:38] > kysicx remove x64 Iron block from buy
[17:29:53] > kysicx added x1 §x§F§F§3§E§0§0§lDemon Lord Wings in auction for 1200000.
[17:41:11] > kysicx remove x1 §x§F§F§3§E§0§0§lDemon Lord Wings from storage
[17:41:12] > .Minnie6576 added x1 Diamond helmet in auction for 10000.
[17:41:20] > kysicx remove x1 §x§F§F§3§E§0§0§lDemon Lord Wings from expire
[17:41:28] > kysicx added x1 §x§F§F§3§E§0§0§lDemon Lord Wings in auction for 1000000.
[17:41:37] > kabayooo buy x1 §x§F§F§3§E§0§0§lDemon Lord Wings to kysicx for $1,000,000.
[17:41:43] > kabayooo remove x1 §x§F§F§3§E§0§0§lDemon Lord Wings from buy
[17:52:15] > ELITEAtlas remove x1 §esᴋᴇʟᴇᴛᴏɴ sᴘᴀᴡɴᴇʀ from expire
[17:52:16] > ELITEAtlas remove x1 §f§l§x§8§A§0§0§F§FS§x§9§6§0§0§E§3h§x§A§1§0§0§C§6i§x§A§D§0§0§A§An§x§B§9§0§0§8§Ee§x§C§4§0§0§7§1 §x§D§0§0§0§5§5O§x§D§C§0§0§3§9n§x§E§7§0§0§1§Ci§x§F§3§0§0§0§0 §x§E§7§0§0§1§CB§x§D§C§0§0§3§9i§x§D§0§0§0§5§5g§x§C§4§0§0§7§1 §x§B§9§0§0§8§ES§x§A§D§0§0§A§Aw§x§A§1§0§0§C§6o§x§9§6§0§0§E§3r§x§8§A§0§0§F§Fd from expire
[17:52:31] > ELITEAtlas added x1 §esᴋᴇʟᴇᴛᴏɴ sᴘᴀᴡɴᴇʀ in auction for 500000.
[17:52:41] > ELITEAtlas added x1 §f§l§x§8§A§0§0§F§FS§x§9§6§0§0§E§3h§x§A§1§0§0§C§6i§x§A§D§0§0§A§An§x§B§9§0§0§8§Ee§x§C§4§0§0§7§1 §x§D§0§0§0§5§5O§x§D§C§0§0§3§9n§x§E§7§0§0§1§Ci§x§F§3§0§0§0§0 §x§E§7§0§0§1§CB§x§D§C§0§0§3§9i§x§D§0§0§0§5§5g§x§C§4§0§0§7§1 §x§B§9§0§0§8§ES§x§A§D§0§0§A§Aw§x§A§1§0§0§C§6o§x§9§6§0§0§E§3r§x§8§A§0§0§F§Fd in auction for 3000000.
[17:54:54] > Unforce01 added x1 §esᴘɪᴅᴇʀ sᴘᴀᴡɴᴇʀ in auction for 400000.
[17:59:21] > BushSeat buy x1 §esᴋᴇʟᴇᴛᴏɴ sᴘᴀᴡɴᴇʀ to ELITEAtlas for $500,000.
[18:02:33] > ELITEAtlas added x1 §esᴘɪᴅᴇʀ sᴘᴀᴡɴᴇʀ in auction for 500000.
[18:03:35] > ELITEAtlas remove x1 §esᴘɪᴅᴇʀ sᴘᴀᴡɴᴇʀ from storage
[18:03:41] > ELITEAtlas remove x1 §esᴘɪᴅᴇʀ sᴘᴀᴡɴᴇʀ from expire
[18:03:56] > ELITEAtlas added x1 §esᴘɪᴅᴇʀ sᴘᴀᴡɴᴇʀ in auction for 350000.
[18:16:29] > Wemmbu__ buy x1 §x§F§F§3§E§0§0§lD§x§F§F§3§8§0§0§le§x§F§F§3§2§0§0§lm§x§F§F§2§B§0§0§lo§x§F§F§2§5§0§0§ln §x§F§F§1§9§0§0§lL§x§F§F§1§3§0§0§lo§x§F§F§0§C§0§0§lr§x§F§F§0§6§0§0§ld §x§F§F§0§6§0§0§lB§x§F§F§0§C§0§0§la§x§F§F§1§3§0§0§lt§x§F§F§1§9§0§0§lt§x§F§F§1§F§0§0§ll§x§F§F§2§5§0§0§le §x§F§F§3§2§0§0§lA§x§F§F§3§8§0§0§lx§x§F§F§3§E§0§0§le to EnderDragon0120 for $145,000.
[18:52:49] > nebula12321 added x64 Chorus fruit in auction for 100000.
[18:53:03] > nebula12321 added x64 Chorus fruit in auction for 100000.
[18:53:19] > nebula12321 added x64 Chorus fruit in auction for 100000.
[19:02:43] > x1 Splash potion on sale by Alexfromhere has just expired, it goes in the inventory of expired items.
[19:02:43] > x1 Splash potion on sale by Alexfromhere has just expired, it goes in the inventory of expired items.
[19:03:28] > x1 Splash potion on sale by Alexfromhere has just expired, it goes in the inventory of expired items.
[19:03:28] > x1 Splash potion on sale by Alexfromhere has just expired, it goes in the inventory of expired items.
[19:10:24] > kabayooo added x1 TOMBOY SMASHER;]🥶 in auction for 500000.
[19:11:32] > nebula12321 added x1 Music disc lava chicken in auction for 1000000.
[19:24:40] > TostyZura buy x64 Golden apple to Keeos for $250,000.
[19:24:42] > TostyZura buy x64 Golden apple to Keeos for $250,000.
[19:24:47] > TostyZura buy x64 Golden apple to Keeos for $250,000.
[19:24:50] > TostyZura buy x64 Golden apple to Keeos for $250,000.
[19:24:52] > TostyZura buy x64 Golden apple to Keeos for $250,000.
[19:31:35] > kabayooo remove x1 §esᴘɪᴅᴇʀ sᴘᴀᴡɴᴇʀ from storage
[19:31:40] > mincerap buy x1 TOMBOY SMASHER;]🥶 to kabayooo for $500,000.
[19:31:45] > mincerap remove x1 TOMBOY SMASHER;]🥶 from buy
[19:31:46] > mincerap remove x19 Firework rocket from buy
[19:31:47] > mincerap remove x19 Firework rocket from buy
[19:42:47] > x1 §f§l§x§F§A§0§0§0§AD§x§F§A§2§A§1§Aa§x§F§B§5§3§2§Br§x§F§B§7§D§3§Bk§x§F§C§A§6§4§Cf§x§F§C§D§0§5§Cl§x§F§C§D§0§5§Ca§x§F§C§A§D§4§Em§x§F§B§8§B§4§1e§x§F§B§6§8§3§3 §x§F§B§4§5§2§5B§x§F§A§2§3§1§8o§x§F§A§0§0§0§Aw on sale by BlackKnight has just expired, it goes in the inventory of expired items.
[19:42:47] > x1 §f§l§8B§x§5§F§5§F§5§Fa§x§6§9§6§9§6§9h§x§7§3§7§3§7§3a§x§7§D§7§D§7§Dm§x§8§7§8§7§8§7u§x§9§1§9§1§9§1t§x§9§B§9§B§9§B §x§A§5§A§5§A§5Ch§x§9§B§9§B§9§Be§x§9§1§9§1§9§1s§x§8§7§8§7§8§7t§x§7§D§7§D§7§Dp§x§7§3§7§3§7§3l§x§6§9§6§9§6§9a§x§5§F§5§F§5§Ft§8e on sale by BlackKnight has just expired, it goes in the inventory of expired items.
[19:42:47] > x1 §f§l§8B§x§6§6§6§6§6§6a§x§7§7§7§7§7§7h§x§8§8§8§8§8§8a§x§9§9§9§9§9§9m§7u§x§9§9§9§9§9§9t§x§8§8§8§8§8§8 §x§7§7§7§7§7§7H§x§6§6§6§6§6§6o§8e on sale by BlackKnight has just expired, it goes in the inventory of expired items.
[19:42:47] > x1 §x§E§5§1§B§1§B§lDracula Spear on sale by sigman has just expired, it goes in the inventory of expired items.
[19:42:47] > x1 §x§F§F§7§C§0§0§lSteamsparks Blade on sale by sigman has just expired, it goes in the inventory of expired items.
[19:44:46] > Hunter_Sung remove x1 §x§F§F§3§E§0§0§lD§x§F§F§3§8§0§0§le§x§F§F§3§2§0§0§lm§x§F§F§2§B§0§0§lo§x§F§F§2§5§0§0§ln §x§F§F§1§9§0§0§lL§x§F§F§1§3§0§0§lo§x§F§F§0§C§0§0§lr§x§F§F§0§6§0§0§ld §x§F§F§0§6§0§0§lB§x§F§F§0§C§0§0§la§x§F§F§1§3§0§0§lt§x§F§F§1§9§0§0§lt§x§F§F§1§F§0§0§ll§x§F§F§2§5§0§0§le §x§F§F§3§2§0§0§lA§x§F§F§3§8§0§0§lx§x§F§F§3§E§0§0§le form storage
[19:44:46] > Hunter_Sung remove x1 §x§F§F§3§E§0§0§lD§x§F§F§3§5§0§0§le§x§F§F§2§C§0§0§lm§x§F§F§2§3§0§0§lo§x§F§F§1§B§0§0§ln §x§F§F§0§9§0§0§lL§x§F§F§0§0§0§0§lo§x§F§F§0§A§0§0§lr§x§F§F§1§5§0§0§ld §x§F§F§2§9§0§0§lA§x§F§F§3§4§0§0§lx§x§F§F§3§E§0§0§le form storage
[19:45:25] > Hunter_Sung added x1 §x§F§F§3§E§0§0§lD§x§F§F§3§8§0§0§le§x§F§F§3§2§0§0§lm§x§F§F§2§B§0§0§lo§x§F§F§2§5§0§0§ln §x§F§F§1§9§0§0§lL§x§F§F§1§3§0§0§lo§x§F§F§0§C§0§0§lr§x§F§F§0§6§0§0§ld §x§F§F§0§6§0§0§lB§x§F§F§0§C§0§0§la§x§F§F§1§3§0§0§lt§x§F§F§1§9§0§0§lt§x§F§F§1§F§0§0§ll§x§F§F§2§5§0§0§le §x§F§F§3§2§0§0§lA§x§F§F§3§8§0§0§lx§x§F§F§3§E§0§0§le in auction for 1000000.
[19:45:35] > Hunter_Sung added x1 §x§F§F§3§E§0§0§lD§x§F§F§3§5§0§0§le§x§F§F§2§C§0§0§lm§x§F§F§2§3§0§0§lo§x§F§F§1§B§0§0§ln §x§F§F§0§9§0§0§lL§x§F§F§0§0§0§0§lo§x§F§F§0§A§0§0§lr§x§F§F§1§5§0§0§ld §x§F§F§2§9§0§0§lA§x§F§F§3§4§0§0§lx§x§F§F§3§E§0§0§le in auction for 1000000.
[19:53:10] > x1 §x§5§C§C§F§F§C§lC§x§5§C§D§1§F§5§lo§x§5§D§D§4§E§E§ls§x§5§D§D§6§E§7§lm§x§5§E§D§9§E§1§le§x§5§E§D§B§D§A§lt§x§5§E§D§D§D§3§li§x§5§F§E§0§C§C§lc §x§5§F§E§0§C§C§lH§x§5§E§D§D§D§3§la§x§5§E§D§B§D§A§lt§x§5§E§D§9§E§1§ls §x§5§D§D§4§E§E§lK§x§5§C§D§1§F§5§le§x§5§C§C§F§F§C§ly on sale by SP3CC_ has just expired, it goes in the inventory of expired items.
[20:05:43] > BushSeat remove x1 Trident from buy
[20:05:43] > BushSeat remove x1 §esᴋᴇʟᴇᴛᴏɴ sᴘᴀᴡɴᴇʀ from buy
[20:36:20] > x1 Diamond leggings on sale by kabayooo has just expired, it goes in the inventory of expired items.
[20:37:34] > SydneySweetie added x64 Experience bottle in auction for 50000.
[20:37:57] > SydneySweetie added x64 Experience bottle in auction for 50000.
[20:38:45] > SydneySweetie added x64 Firework rocket in auction for 3500.
[20:39:01] > SydneySweetie added x64 Firework rocket in auction for 3500.
[20:39:21] > SydneySweetie added x64 Firework rocket in auction for 3500.
[20:40:31] > aznaaa buy x1 §x§F§F§3§E§0§0§lD§x§F§F§3§5§0§0§le§x§F§F§2§C§0§0§lm§x§F§F§2§3§0§0§lo§x§F§F§1§B§0§0§ln §x§F§F§0§9§0§0§lL§x§F§F§0§0§0§0§lo§x§F§F§0§A§0§0§lr§x§F§F§1§5§0§0§ld §x§F§F§2§9§0§0§lA§x§F§F§3§4§0§0§lx§x§F§F§3§E§0§0§le to Hunter_Sung for $1,000,000.
[20:40:48] > x1 Diamond chestplate, bought by llhxnce, has just expired, the item is definitively deleted.
[20:40:49] > aznaaa remove x1 §x§F§F§3§E§0§0§lD§x§F§F§3§5§0§0§le§x§F§F§2§C§0§0§lm§x§F§F§2§3§0§0§lo§x§F§F§1§B§0§0§ln §x§F§F§0§9§0§0§lL§x§F§F§0§0§0§0§lo§x§F§F§0§A§0§0§lr§x§F§F§1§5§0§0§ld §x§F§F§2§9§0§0§lA§x§F§F§3§4§0§0§lx§x§F§F§3§E§0§0§le from buy
[20:46:10] > aznaaa buy x1 §f§l§x§8§A§0§0§F§FS§x§9§C§0§0§D§5h§x§A§D§0§0§A§Ai§x§B§F§0§0§8§0n§x§D§0§0§0§5§5e§x§E§2§0§0§2§B §x§F§3§0§0§0§0O§x§E§2§0§0§2§An§x§D§0§0§0§5§5i§x§B§F§0§0§8§0 §x§A§D§0§0§A§AH§x§9§C§0§0§D§5o§x§8§A§0§0§F§Fe to ry9191 for $1,000,000.
[20:46:15] > aznaaa remove x1 §f§l§x§8§A§0§0§F§FS§x§9§C§0§0§D§5h§x§A§D§0§0§A§Ai§x§B§F§0§0§8§0n§x§D§0§0§0§5§5e§x§E§2§0§0§2§B §x§F§3§0§0§0§0O§x§E§2§0§0§2§An§x§D§0§0§0§5§5i§x§B§F§0§0§8§0 §x§A§D§0§0§A§AH§x§9§C§0§0§D§5o§x§8§A§0§0§F§Fe from buy
[21:12:06] > _BAAM buy x64 Experience bottle to SydneySweetie for $50,000.
[21:12:56] > x1 §f§x§F§B§B§6§1§DC§x§F§0§A§F§1§Ca§x§E§5§A§8§1§Bp§x§D§B§A§0§1§9y§x§D§0§9§9§1§8b§x§C§5§9§2§1§7a§x§B§A§8§B§1§6r§x§A§F§8§4§1§5a§x§A§4§7§D§1§4 §x§9§A§7§5§1§2H§x§8§F§6§E§1§1a§x§8§4§6§7§1§0t, bought by FRANZ_JOSEF0, has just expired, the item is definitively deleted.
[21:12:57] > _BAAM remove x64 Experience bottle from buy
[21:20:53] > giyahnpogi added x3 §x§8§8§E§C§3§3§lV§x§8§2§E§B§4§8§lo§x§7§C§E§9§5§D§lt§x§7§6§E§8§7§2§le §x§6§B§E§5§9§B§lC§x§6§5§E§3§B§0§lr§x§5§F§E§2§C§5§la§x§6§6§E§4§A§D§lt§x§6§D§E§5§9§4§le §x§7§A§E§9§6§4§lK§x§8§1§E§A§4§B§le§x§8§8§E§C§3§3§ly in auction for 300000.
[21:50:40] > x2 Villager spawn egg on sale by koshie has just expired, it goes in the inventory of expired items.
[21:51:50] > dennnnn buy x64 Firework rocket to SydneySweetie for $3,500.
[21:51:54] > dennnnn buy x64 Firework rocket to SydneySweetie for $3,500.
[21:51:56] > dennnnn buy x64 Firework rocket to SydneySweetie for $3,500.
[21:52:41] > dennnnn remove x64 Firework rocket from buy
[21:52:41] > dennnnn remove x64 Firework rocket from buy
[21:52:42] > dennnnn remove x64 Firework rocket from buy
[21:57:31] > x1 GUYS BUY FROM DIAMON SHOP 850 DOLLARS ONLY on sale by kabayooo has just expired, it goes in the inventory of expired items.
[21:57:49] > Cynishere added x2 §x§F§2§C§6§D§E§lP§x§E§0§C§A§D§B§li§x§C§D§C§D§D§8§ln§x§B§B§D§1§D§5§la§x§A§9§D§4§D§2§lt§x§9§6§D§8§C§E§la §x§7§1§D§F§C§8§lC§x§5§F§E§2§C§5§lr§x§7§4§D§E§C§9§la§x§8§9§D§A§C§C§lt§x§9§E§D§6§D§0§le §x§C§8§C§E§D§7§lK§x§D§D§C§A§D§A§le§x§F§2§C§6§D§E§ly in auction for 300000.
[21:58:57] > Cynishere remove x2 §x§F§2§C§6§D§E§lP§x§E§0§C§A§D§B§li§x§C§D§C§D§D§8§ln§x§B§B§D§1§D§5§la§x§A§9§D§4§D§2§lt§x§9§6§D§8§C§E§la §x§7§1§D§F§C§8§lC§x§5§F§E§2§C§5§lr§x§7§4§D§E§C§9§la§x§8§9§D§A§C§C§lt§x§9§E§D§6§D§0§le §x§C§8§C§E§D§7§lK§x§D§D§C§A§D§A§le§x§F§2§C§6§D§E§ly from storage
[21:59:06] > Cynishere added x2 §x§F§2§C§6§D§E§lP§x§E§0§C§A§D§B§li§x§C§D§C§D§D§8§ln§x§B§B§D§1§D§5§la§x§A§9§D§4§D§2§lt§x§9§6§D§8§C§E§la §x§7§1§D§F§C§8§lC§x§5§F§E§2§C§5§lr§x§7§4§D§E§C§9§la§x§8§9§D§A§C§C§lt§x§9§E§D§6§D§0§le §x§C§8§C§E§D§7§lK§x§D§D§C§A§D§A§le§x§F§2§C§6§D§E§ly in auction for 200000.
[22:01:37] > HPMR_GaMerz added x1 Enchanted book in auction for 500000.
[22:01:53] > HPMR_GaMerz buy x64 Experience bottle to SydneySweetie for $50,000.
[22:02:13] > HPMR_GaMerz buy x1 Enchanted golden apple to dennnnn for $15,000.
[22:03:00] > Cynishere remove x2 §x§F§2§C§6§D§E§lP§x§E§0§C§A§D§B§li§x§C§D§C§D§D§8§ln§x§B§B§D§1§D§5§la§x§A§9§D§4§D§2§lt§x§9§6§D§8§C§E§la §x§7§1§D§F§C§8§lC§x§5§F§E§2§C§5§lr§x§7§4§D§E§C§9§la§x§8§9§D§A§C§C§lt§x§9§E§D§6§D§0§le §x§C§8§C§E§D§7§lK§x§D§D§C§A§D§A§le§x§F§2§C§6§D§E§ly form storage
[22:03:10] > Cynishere added x2 §x§F§2§C§6§D§E§lP§x§E§0§C§A§D§B§li§x§C§D§C§D§D§8§ln§x§B§B§D§1§D§5§la§x§A§9§D§4§D§2§lt§x§9§6§D§8§C§E§la §x§7§1§D§F§C§8§lC§x§5§F§E§2§C§5§lr§x§7§4§D§E§C§9§la§x§8§9§D§A§C§C§lt§x§9§E§D§6§D§0§le §x§C§8§C§E§D§7§lK§x§D§D§C§A§D§A§le§x§F§2§C§6§D§E§ly in auction for 200000.
[22:03:39] > HPMR_GaMerz remove x1 Enchanted book from storage
[22:03:45] > HPMR_GaMerz added x1 Enchanted book in auction for 250000.
[22:07:38] > Johng10910 buy x64 Experience bottle to HwanYo for $140,000.
[22:07:43] > Johng10910 remove x64 Experience bottle from buy
[22:15:07] > x1 §x§5§C§C§F§F§C§lC§x§5§C§D§1§F§5§lo§x§5§D§D§4§E§E§ls§x§5§D§D§6§E§7§lm§x§5§E§D§9§E§1§le§x§5§E§D§B§D§A§lt§x§5§E§D§D§D§3§li§x§5§F§E§0§C§C§lc §x§5§F§E§0§C§C§lH§x§5§E§D§D§D§3§la§x§5§E§D§B§D§A§lt§x§5§E§D§9§E§1§ls §x§5§D§D§4§E§E§lK§x§5§C§D§1§F§5§le§x§5§C§C§F§F§C§ly on sale by QG_Akiuwu has just expired, it goes in the inventory of expired items.
[22:16:11] > SydneySweetie added x64 Experience bottle in auction for 50000.
[22:16:31] > SydneySweetie added x64 Experience bottle in auction for 50000.
[22:16:41] > SydneySweetie added x64 Experience bottle in auction for 50000.
[22:17:17] > Unforce01 buy x1 §x§9§8§6§3§E§7§lG§x§9§0§7§5§E§2§lo§x§8§8§8§7§D§D§ld§x§8§0§9§9§D§8§ll§x§7§7§A§C§D§4§ly §x§6§7§D§0§C§A§lC§x§5§F§E§2§C§5§lr§x§6§7§D§0§C§A§la§x§6§F§B§E§C§F§lt§x§7§7§A§C§D§4§le §x§8§8§8§7§D§D§lK§x§9§0§7§5§E§2§le§x§9§8§6§3§E§7§ly to mauserdart for $550,000.
[22:17:30] > Unforce01 remove x1 §x§9§8§6§3§E§7§lG§x§9§0§7§5§E§2§lo§x§8§8§8§7§D§D§ld§x§8§0§9§9§D§8§ll§x§7§7§A§C§D§4§ly §x§6§7§D§0§C§A§lC§x§5§F§E§2§C§5§lr§x§6§7§D§0§C§A§la§x§6§F§B§E§C§F§lt§x§7§7§A§C§D§4§le §x§8§8§8§7§D§D§lK§x§9§0§7§5§E§2§le§x§9§8§6§3§E§7§ly form buy
[22:17:35] > SydneySweetie added x64 Firework rocket in auction for 3500.
[22:17:49] > SydneySweetie added x64 Firework rocket in auction for 3500.
[22:18:51] > x1 §x§F§F§3§E§0§0§lD§x§F§F§3§5§0§0§le§x§F§F§2§C§0§0§lm§x§F§F§2§3§0§0§lo§x§F§F§1§B§0§0§ln §x§F§F§0§9§0§0§lL§x§F§F§0§0§0§0§lo§x§F§F§0§A§0§0§lr§x§F§F§1§5§0§0§ld §x§F§F§2§9§0§0§lH§x§F§F§3§4§0§0§lo§x§F§F§3§E§0§0§le on sale by sean_kirby has just expired, it goes in the inventory of expired items.
[22:18:51] > Julene added x1 §eᴡɪᴛᴄʜ ꜱᴘᴀᴡɴᴇʀ in auction for 300000.
[22:21:10] > DanRaiv added x1 §f§l§8B§x§6§2§6§2§6§2a§x§6§F§6§F§6§Fh§x§7§C§7§C§7§Ca§x§8§9§8§9§8§9m§x§9§6§9§6§9§6u§x§A§3§A§3§A§3t §x§9§6§9§6§9§6D§x§8§9§8§9§8§9a§x§7§C§7§C§7§Cg§x§6§F§6§F§6§Fg§x§6§2§6§2§6§2e§8r in auction for 1200000.
[22:25:55] > x1 §f§l§8B§x§6§6§6§6§6§6a§x§7§7§7§7§7§7h§x§8§8§8§8§8§8a§x§9§9§9§9§9§9m§7u§x§9§9§9§9§9§9t§x§8§8§8§8§8§8 §x§7§7§7§7§7§7B§x§6§6§6§6§6§6o§8w on sale by lorxie has just expired, it goes in the inventory of expired items.
[22:26:19] > TostyZura remove x1 §x§E§4§3§A§9§6§lW§x§E§7§5§3§A§3§lI§x§E§B§6§B§B§0§lN§x§E§E§8§4§B§D§lG§x§F§2§9§D§C§B§lS §x§F§8§C§E§E§5§lO§x§F§C§E§6§F§2§lF §x§F§C§E§6§F§2§lE§x§F§8§C§E§E§5§lT§x§F§5§B§5§D§8§lE§x§F§2§9§D§C§B§lR§x§E§E§8§4§B§D§lN§x§E§B§6§B§B§0§lI§x§E§7§5§3§A§3§lT§x§E§4§3§A§9§6§lY from storage
[22:26:25] > TostyZura added x1 §x§E§4§3§A§9§6§lW§x§E§7§5§3§A§3§lI§x§E§B§6§B§B§0§lN§x§E§E§8§4§B§D§lG§x§F§2§9§D§C§B§lS §x§F§8§C§E§E§5§lO§x§F§C§E§6§F§2§lF §x§F§C§E§6§F§2§lE§x§F§8§C§E§E§5§lT§x§F§5§B§5§D§8§lE§x§F§2§9§D§C§B§lR§x§E§E§8§4§B§D§lN§x§E§B§6§B§B§0§lI§x§E§7§5§3§A§3§lT§x§E§4§3§A§9§6§lY in auction for 10000000.
[22:27:48] > Unforce01 buy x1 §eᴡɪᴛᴄʜ ꜱᴘᴀᴡɴᴇʀ to Julene for $300,000.
[22:27:58] > Unforce01 remove x1 §eᴡɪᴛᴄʜ ꜱᴘᴀᴡɴᴇʀ form buy
[22:29:17] > octopus_01 buy x1 §x§E§5§1§B§1§B§lDracula Helmet to Seris00 for $100,000.
[22:29:25] > octopus_01 buy x1 §x§E§5§1§B§1§B§lDracula Chestplate to EnderDragon0120 for $250,000.
[22:29:41] > octopus_01 remove x1 §x§E§5§1§B§1§B§lDracula Helmet from buy
[22:29:41] > octopus_01 remove x1 §x§E§5§1§B§1§B§lDracula Chestplate from buy
[22:33:18] > MrZyrus7228 added x1 §f§l§x§8§A§0§0§F§FS§x§9§C§0§0§D§5h§x§A§D§0§0§A§Ai§x§B§F§0§0§8§0n§x§D§0§0§0§5§5e§x§E§2§0§0§2§B §x§F§3§0§0§0§0O§x§E§2§0§0§2§An§x§D§0§0§0§5§5i§x§B§F§0§0§8§0 §x§A§D§0§0§A§AA§x§9§C§0§0§D§5x§x§8§A§0§0§F§Fe in auction for 1500000.
[22:34:08] > DanRaiv added x1 §f§l§x§8§A§0§0§F§FS§x§9§9§0§0§D§Bh§x§A§8§0§0§B§6i§x§B§7§0§0§9§2n§x§C§6§0§0§6§De§x§D§5§0§0§4§9 §x§E§4§0§0§2§4O§x§F§3§0§0§0§0n§x§E§4§0§0§2§4i§x§D§5§0§0§4§9 §x§C§6§0§0§6§DS§x§B§7§0§0§9§2p§x§A§8§0§0§B§6e§x§9§9§0§0§D§Ba§x§8§A§0§0§F§Fr in auction for 2000000.
[22:34:25] > DanRaiv remove x1 Shulker of Strength from storage
[22:34:47] > MrZyrus7228 remove x1 §f§l§x§8§A§0§0§F§FS§x§9§C§0§0§D§5h§x§A§D§0§0§A§Ai§x§B§F§0§0§8§0n§x§D§0§0§0§5§5e§x§E§2§0§0§2§B §x§F§3§0§0§0§0O§x§E§2§0§0§2§An§x§D§0§0§0§5§5i§x§B§F§0§0§8§0 §x§A§D§0§0§A§AA§x§9§C§0§0§D§5x§x§8§A§0§0§F§Fe from storage
[22:35:20] > DanRaiv added x1 Shulker of Strength in auction for 125000.
[22:35:53] > VortexZayne added x1 §f§l§x§8§A§0§0§F§FS§x§9§6§0§0§E§1h§x§A§3§0§0§C§3i§x§A§F§0§0§A§5n§x§B§B§0§0§8§7e§x§C§8§0§0§6§9 §x§D§4§0§0§4§BO§x§E§0§0§0§2§Dn§x§E§D§0§0§0§Fi §x§E§0§0§0§2§DL§x§D§4§0§0§4§Be§x§C§8§0§0§6§9g§x§B§B§0§0§8§7g§x§A§F§0§0§A§5i§x§A§3§0§0§C§3n§x§9§6§0§0§E§1g§x§8§A§0§0§F§Fs in auction for 1500000.
[22:36:04] > melgrsy buy x64 Experience bottle to SydneySweetie for $50,000.
[22:36:07] > melgrsy buy x64 Experience bottle to SydneySweetie for $50,000.
[22:36:19] > giyahnpogi added x1 §f§l§8B§x§6§6§6§6§6§6a§x§7§7§7§7§7§7h§x§8§8§8§8§8§8a§x§9§9§9§9§9§9m§7u§x§9§9§9§9§9§9t§x§8§8§8§8§8§8 §x§7§7§7§7§7§7K§x§6§6§6§6§6§6e§8y in auction for 1500000.
[22:36:38] > giyahnpogi added x1 §f§l§8B§x§6§3§6§3§6§3a§x§7§1§7§1§7§1h§x§8§0§8§0§8§0a§x§8§E§8§E§8§Em§x§9§C§9§C§9§Cu§7t§x§9§C§9§C§9§C §x§8§E§8§E§8§ES§x§8§0§8§0§8§0w§x§7§1§7§1§7§1o§x§6§3§6§3§6§3r§8d in auction for 800000.
[22:36:59] > PrezXie buy x1 §f§l§x§8§A§0§0§F§FS§x§9§6§0§0§E§1h§x§A§3§0§0§C§3i§x§A§F§0§0§A§5n§x§B§B§0§0§8§7e§x§C§8§0§0§6§9 §x§D§4§0§0§4§BO§x§E§0§0§0§2§Dn§x§E§D§0§0§0§Fi §x§E§0§0§0§2§DL§x§D§4§0§0§4§Be§x§C§8§0§0§6§9g§x§B§B§0§0§8§7g§x§A§F§0§0§A§5i§x§A§3§0§0§C§3n§x§9§6§0§0§E§1g§x§8§A§0§0§F§Fs to VortexZayne for $1,500,000.
[22:37:09] > VortexZayne added x1 §f§l§x§8§A§0§0§F§FS§x§9§8§0§0§D§Dh§x§A§6§0§0§B§Bi§x§B§4§0§0§9§9n§x§C§2§0§0§7§7e§x§D§0§0§0§5§5 §x§D§E§0§0§3§3O§x§E§C§0§0§1§1ni§x§D§E§0§0§3§3 §x§D§0§0§0§5§5S§x§C§2§0§0§7§7i§x§B§4§0§0§9§9c§x§A§6§0§0§B§Bk§x§9§8§0§0§D§Dl§x§8§A§0§0§F§Fe in auction for 1500000.
[22:37:22] > x1 Diamond chestplate, bought by Technoblad7869, has just expired, the item is definitively deleted.
[22:37:24] > PrezXie remove x1 §f§l§x§8§A§0§0§F§FS§x§9§6§0§0§E§1h§x§A§3§0§0§C§3i§x§A§F§0§0§A§5n§x§B§B§0§0§8§7e§x§C§8§0§0§6§9 §x§D§4§0§0§4§BO§x§E§0§0§0§2§Dn§x§E§D§0§0§0§Fi §x§E§0§0§0§2§DL§x§D§4§0§0§4§Be§x§C§8§0§0§6§9g§x§B§B§0§0§8§7g§x§A§F§0§0§A§5i§x§A§3§0§0§C§3n§x§9§6§0§0§E§1g§x§8§A§0§0§F§Fs from buy
[22:39:49] > VortexZayne added x1 §f§l§8B§x§6§2§6§2§6§2a§x§6§F§6§F§6§Fh§x§7§C§7§C§7§Ca§x§8§9§8§9§8§9m§x§9§6§9§6§9§6u§x§A§3§A§3§A§3t §x§9§6§9§6§9§6H§x§8§9§8§9§8§9e§x§7§C§7§C§7§Cl§x§6§F§6§F§6§Fm§x§6§2§6§2§6§2e§8t in auction for 500000.
[22:39:51] > giyahnpogi added x1 §x§F§F§5§5§0§0§lsᴇʟʟᴡᴀɴᴅ §6- 20.0x in auction for 1800000.
[22:40:04] > VortexZayne added x1 §f§l§8B§x§6§0§6§0§6§0a§x§6§C§6§C§6§Ch§x§7§7§7§7§7§7a§x§8§2§8§2§8§2m§x§8§E§8§E§8§Eu§x§9§9§9§9§9§9t§x§A§4§A§4§A§4 L§x§9§9§9§9§9§9e§x§8§E§8§E§8§Eg§x§8§2§8§2§8§2g§x§7§7§7§7§7§7i§x§6§C§6§C§6§Cn§x§6§0§6§0§6§0g§8s in auction for 500000.
[22:40:13] > Unforce01 added x1 §esᴘɪᴅᴇʀ sᴘᴀᴡɴᴇʀ in auction for 350000.
[22:40:26] > VortexZayne remove x1 §aCthulhu from storage
[22:40:36] > VortexZayne remove x1 §f§l§x§8§A§0§0§F§FS§x§9§8§0§0§D§Dh§x§A§6§0§0§B§Bi§x§B§4§0§0§9§9n§x§C§2§0§0§7§7e§x§D§0§0§0§5§5 §x§D§E§0§0§3§3O§x§E§C§0§0§1§1ni§x§D§E§0§0§3§3 §x§D§0§0§0§5§5S§x§C§2§0§0§7§7i§x§B§4§0§0§9§9c§x§A§6§0§0§B§Bk§x§9§8§0§0§D§Dl§x§8§A§0§0§F§Fe from storage
[22:40:49] > VortexZayne added x1 §f§l§x§8§A§0§0§F§FS§x§9§8§0§0§D§Dh§x§A§6§0§0§B§Bi§x§B§4§0§0§9§9n§x§C§2§0§0§7§7e§x§D§0§0§0§5§5 §x§D§E§0§0§3§3O§x§E§C§0§0§1§1ni§x§D§E§0§0§3§3 §x§D§0§0§0§5§5S§x§C§2§0§0§7§7i§x§B§4§0§0§9§9c§x§A§6§0§0§B§Bk§x§9§8§0§0§D§Dl§x§8§A§0§0§F§Fe in auction for 1200000.
[22:40:57] > sigman added x1 §f§l§x§F§C§D§0§5§CW§x§F§A§A§A§4§Bu§x§F§9§8§4§3§Bk§x§F§7§5§F§2§Ao§x§F§5§3§9§1§9n§x§F§4§1§3§0§8g §x§F§5§3§9§1§9S§x§F§7§5§F§2§Aw§x§F§9§8§4§3§Bo§x§F§A§A§A§4§Br§x§F§C§D§0§5§Cd in auction for 550000.
[22:41:20] > VortexZayne added x1 §f§l§8B§x§6§1§6§1§6§1a§x§6§D§6§D§6§Dh§x§7§9§7§9§7§9a§x§8§6§8§6§8§6m§x§9§2§9§2§9§2u§x§9§E§9§E§9§Et§7 §x§9§E§9§E§9§EH§x§9§2§9§2§9§2a§x§8§6§8§6§8§6l§x§7§9§7§9§7§9b§x§6§D§6§D§6§De§x§6§1§6§1§6§1r§8d in auction for 300000.
[22:41:23] > giyahnpogi added x1 §fBat Plushie §6(#8/101) in auction for 600000.
[22:41:38] > VortexZayne added x1 §f§l§8B§x§6§2§6§2§6§2a§x§6§F§6§F§6§Fh§x§7§C§7§C§7§Ca§x§8§9§8§9§8§9m§x§9§6§9§6§9§6u§x§A§3§A§3§A§3t §x§9§6§9§6§9§6H§x§8§9§8§9§8§9a§x§7§C§7§C§7§Cm§x§6§F§6§F§6§Fm§x§6§2§6§2§6§2e§8r in auction for 300000.
[22:41:52] > giyahnpogi added x1 §fSniffer Plushie §6(#82/101) in auction for 1118111.
[22:43:35] > VortexZayne remove x1 §f§l§8B§x§6§0§6§0§6§0a§x§6§C§6§C§6§Ch§x§7§7§7§7§7§7a§x§8§2§8§2§8§2m§x§8§E§8§E§8§Eu§x§9§9§9§9§9§9t§x§A§4§A§4§A§4 L§x§9§9§9§9§9§9e§x§8§E§8§E§8§Eg§x§8§2§8§2§8§2g§x§7§7§7§7§7§7i§x§6§C§6§C§6§Cn§x§6§0§6§0§6§0g§8s from storage
[22:43:35] > VortexZayne remove x1 §f§l§8B§x§6§2§6§2§6§2a§x§6§F§6§F§6§Fh§x§7§C§7§C§7§Ca§x§8§9§8§9§8§9m§x§9§6§9§6§9§6u§x§A§3§A§3§A§3t §x§9§6§9§6§9§6H§x§8§9§8§9§8§9e§x§7§C§7§C§7§Cl§x§6§F§6§F§6§Fm§x§6§2§6§2§6§2e§8t from storage
[22:43:36] > VortexZayne remove x1 §f§l§8B§x§6§2§6§2§6§2a§x§6§F§6§F§6§Fh§x§7§C§7§C§7§Ca§x§8§9§8§9§8§9m§x§9§6§9§6§9§6u§x§A§3§A§3§A§3t §x§9§6§9§6§9§6H§x§8§9§8§9§8§9a§x§7§C§7§C§7§Cm§x§6§F§6§F§6§Fm§x§6§2§6§2§6§2e§8r from storage
[22:43:37] > VortexZayne remove x1 §f§l§8B§x§6§1§6§1§6§1a§x§6§D§6§D§6§Dh§x§7§9§7§9§7§9a§x§8§6§8§6§8§6m§x§9§2§9§2§9§2u§x§9§E§9§E§9§Et§7 §x§9§E§9§E§9§EH§x§9§2§9§2§9§2a§x§8§6§8§6§8§6l§x§7§9§7§9§7§9b§x§6§D§6§D§6§De§x§6§1§6§1§6§1r§8d from storage
[22:43:52] > VortexZayne added x1 §f§l§8B§x§6§0§6§0§6§0a§x§6§C§6§C§6§Ch§x§7§7§7§7§7§7a§x§8§2§8§2§8§2m§x§8§E§8§E§8§Eu§x§9§9§9§9§9§9t§x§A§4§A§4§A§4 L§x§9§9§9§9§9§9e§x§8§E§8§E§8§Eg§x§8§2§8§2§8§2g§x§7§7§7§7§7§7i§x§6§C§6§C§6§Cn§x§6§0§6§0§6§0g§8s in auction for 100000.
[22:44:09] > VortexZayne added x1 §f§l§8B§x§6§2§6§2§6§2a§x§6§F§6§F§6§Fh§x§7§C§7§C§7§Ca§x§8§9§8§9§8§9m§x§9§6§9§6§9§6u§x§A§3§A§3§A§3t §x§9§6§9§6§9§6H§x§8§9§8§9§8§9e§x§7§C§7§C§7§Cl§x§6§F§6§F§6§Fm§x§6§2§6§2§6§2e§8t in auction for 1000000.
[22:44:37] > VortexZayne added x1 §f§l§8B§x§6§2§6§2§6§2a§x§6§F§6§F§6§Fh§x§7§C§7§C§7§Ca§x§8§9§8§9§8§9m§x§9§6§9§6§9§6u§x§A§3§A§3§A§3t §x§9§6§9§6§9§6H§x§8§9§8§9§8§9a§x§7§C§7§C§7§Cm§x§6§F§6§F§6§Fm§x§6§2§6§2§6§2e§8r in auction for 100000.
[22:44:54] > VortexZayne added x1 §f§l§8B§x§6§1§6§1§6§1a§x§6§D§6§D§6§Dh§x§7§9§7§9§7§9a§x§8§6§8§6§8§6m§x§9§2§9§2§9§2u§x§9§E§9§E§9§Et§7 §x§9§E§9§E§9§EH§x§9§2§9§2§9§2a§x§8§6§8§6§8§6l§x§7§9§7§9§7§9b§x§6§D§6§D§6§De§x§6§1§6§1§6§1r§8d in auction for 100000.
[22:47:49] > Unforce01 buy x1 §f§l§8B§x§6§0§6§0§6§0a§x§6§C§6§C§6§Ch§x§7§7§7§7§7§7a§x§8§2§8§2§8§2m§x§8§E§8§E§8§Eu§x§9§9§9§9§9§9t§x§A§4§A§4§A§4 L§x§9§9§9§9§9§9e§x§8§E§8§E§8§Eg§x§8§2§8§2§8§2g§x§7§7§7§7§7§7i§x§6§C§6§C§6§Cn§x§6§0§6§0§6§0g§8s to VortexZayne for $100,000.
[22:49:21] > Unforce01 remove x1 §f§l§8B§x§6§0§6§0§6§0a§x§6§C§6§C§6§Ch§x§7§7§7§7§7§7a§x§8§2§8§2§8§2m§x§8§E§8§E§8§Eu§x§9§9§9§9§9§9t§x§A§4§A§4§A§4 L§x§9§9§9§9§9§9e§x§8§E§8§E§8§Eg§x§8§2§8§2§8§2g§x§7§7§7§7§7§7i§x§6§C§6§C§6§Cn§x§6§0§6§0§6§0g§8s form buy
[22:54:16] > dennnnn remove x1 §x§F§F§3§E§0§0§lD§x§F§F§3§5§0§0§le§x§F§F§2§C§0§0§lm§x§F§F§2§3§0§0§lo§x§F§F§1§B§0§0§ln §x§F§F§0§9§0§0§lL§x§F§F§0§0§0§0§lo§x§F§F§0§A§0§0§lr§x§F§F§1§5§0§0§ld §x§F§F§2§9§0§0§lB§x§F§F§3§4§0§0§lo§x§F§F§3§E§0§0§lw form storage
[22:55:04] > RebornKimmy buy x1 Diamond helmet to .Minnie6576 for $10,000.
[22:55:08] > VortexZayne remove x1 §f§l§8B§x§6§1§6§1§6§1a§x§6§D§6§D§6§Dh§x§7§9§7§9§7§9a§x§8§6§8§6§8§6m§x§9§2§9§2§9§2u§x§9§E§9§E§9§Et§7 §x§9§E§9§E§9§EH§x§9§2§9§2§9§2a§x§8§6§8§6§8§6l§x§7§9§7§9§7§9b§x§6§D§6§D§6§De§x§6§1§6§1§6§1r§8d from storage
[22:55:09] > VortexZayne remove x1 §f§l§8B§x§6§2§6§2§6§2a§x§6§F§6§F§6§Fh§x§7§C§7§C§7§Ca§x§8§9§8§9§8§9m§x§9§6§9§6§9§6u§x§A§3§A§3§A§3t §x§9§6§9§6§9§6H§x§8§9§8§9§8§9a§x§7§C§7§C§7§Cm§x§6§F§6§F§6§Fm§x§6§2§6§2§6§2e§8r from storage
[22:55:10] > VortexZayne remove x1 §f§l§8B§x§6§2§6§2§6§2a§x§6§F§6§F§6§Fh§x§7§C§7§C§7§Ca§x§8§9§8§9§8§9m§x§9§6§9§6§9§6u§x§A§3§A§3§A§3t §x§9§6§9§6§9§6H§x§8§9§8§9§8§9e§x§7§C§7§C§7§Cl§x§6§F§6§F§6§Fm§x§6§2§6§2§6§2e§8t from storage
[22:56:07] > HPMR_GaMerz remove x1 Enchanted golden apple from buy
[22:56:07] > HPMR_GaMerz remove x64 Experience bottle from buy
[22:56:08] > HPMR_GaMerz remove x3 Enchanted golden apple from buy
[22:56:08] > HPMR_GaMerz remove x1 §eʙʟᴀᴢᴇ sᴘᴀᴡɴᴇʀ from buy
[22:56:09] > HPMR_GaMerz remove x1 §eɪʀᴏɴ ɢᴏʟᴇᴍ sᴘᴀᴡɴᴇʀ from buy
[22:58:28] > mae added x1 §f§l§x§8§A§0§0§F§FS§x§9§5§0§0§E§4h§x§A§0§0§0§C§9i§x§A§B§0§0§A§En§x§B§6§0§0§9§4e§x§C§1§0§0§7§9 §x§C§C§0§0§5§EO§x§D§7§0§0§4§3n§x§E§2§0§0§2§8i§x§E§D§0§0§0§D C§x§E§2§0§0§2§8h§x§D§7§0§0§4§3e§x§C§C§0§0§5§Es§x§C§1§0§0§7§9t§x§B§6§0§0§9§4p§x§A§B§0§0§A§El§x§A§0§0§0§C§9a§x§9§5§0§0§E§4t§x§8§A§0§0§F§Fe in auction for 8000000.
[22:58:35] > VortexZayne added x1 Dracula,Steamsparks,Wukong Items in auction for 1000000.
[22:58:53] > VortexZayne remove x1 Dracula,Steamsparks,Wukong Items from storage
[22:59:45] > VortexZayne added x1 Dracula,Steamsparks,Wukong Items in auction for 1000000.
[23:00:10] > VortexZayne remove x1 Dracula,Steamsparks,Wukong Items from storage
[23:00:29] > VortexZayne added x1 Dracula,Steamsparks,Wukong Items in auction for 450000.
[23:01:12] > VortexZayne added x1 Bahamut Shulker in auction for 500000.
[23:03:17] > Unforce01 buy x1 Bahamut Shulker to VortexZayne for $500,000.
[23:03:23] > Unforce01 remove x1 Bahamut Shulker form buy
[23:04:16] > x1 §x§F§F§7§C§0§0§lSteamsparks Halberd on sale by SSinKin has just expired, it goes in the inventory of expired items.
[23:04:36] > .AyakoKoru buy x3 §x§8§8§E§C§3§3§lV§x§8§2§E§B§4§8§lo§x§7§C§E§9§5§D§lt§x§7§6§E§8§7§2§le §x§6§B§E§5§9§B§lC§x§6§5§E§3§B§0§lr§x§5§F§E§2§C§5§la§x§6§6§E§4§A§D§lt§x§6§D§E§5§9§4§le §x§7§A§E§9§6§4§lK§x§8§1§E§A§4§B§le§x§8§8§E§C§3§3§ly to giyahnpogi for $300,000.
[23:04:36] > x1 §x§E§5§1§B§1§B§lDracula Spear on sale by SSinKin has just expired, it goes in the inventory of expired items.
[23:04:48] > .AyakoKoru remove x3 §x§8§8§E§C§3§3§lV§x§8§2§E§B§4§8§lo§x§7§C§E§9§5§D§lt§x§7§6§E§8§7§2§le §x§6§B§E§5§9§B§lC§x§6§5§E§3§B§0§lr§x§5§F§E§2§C§5§la§x§6§6§E§4§A§D§lt§x§6§D§E§5§9§4§le §x§7§A§E§9§6§4§lK§x§8§1§E§A§4§B§le§x§8§8§E§C§3§3§ly from buy
[23:15:08] > dennnnn added x2 Enchanted golden apple in auction for 30000.
[23:16:10] > SydneySweetie added x64 Experience bottle in auction for 50000.
[23:16:29] > SydneySweetie added x64 Experience bottle in auction for 50000.
[23:33:06] > Cynishere added x1 §eᴄʜɪᴄᴋᴇɴ sᴘᴀᴡɴᴇʀ in auction for 100000.
[23:33:17] > Cynishere added x1 §eᴄᴏᴡ sᴘᴀᴡɴᴇʀ in auction for 100000.
[23:33:27] > Cynishere added x1 §eᴘɪɢ sᴘᴀᴡɴᴇʀ in auction for 100000.
[23:37:46] > Dentatsu buy x1 Dracula,Steamsparks,Wukong Items to VortexZayne for $450,000.
[23:39:39] > Dentatsu remove x1 Dracula,Steamsparks,Wukong Items from buy
[23:41:08] > Unforce01 remove x1 §x§F§F§7§C§0§0§lSteamsparks Wings from storage
[23:41:09] > Unforce01 remove x1 §esᴘɪᴅᴇʀ sᴘᴀᴡɴᴇʀ from storage
[23:41:10] > Unforce01 remove x1 §esᴘɪᴅᴇʀ sᴘᴀᴡɴᴇʀ from storage
[23:42:14] > Odyessy added x64 Oak log in auction for 200.
[23:45:45] > Cynishere remove x2 §x§F§2§C§6§D§E§lP§x§E§0§C§A§D§B§li§x§C§D§C§D§D§8§ln§x§B§B§D§1§D§5§la§x§A§9§D§4§D§2§lt§x§9§6§D§8§C§E§la §x§7§1§D§F§C§8§lC§x§5§F§E§2§C§5§lr§x§7§4§D§E§C§9§la§x§8§9§D§A§C§C§lt§x§9§E§D§6§D§0§le §x§C§8§C§E§D§7§lK§x§D§D§C§A§D§A§le§x§F§2§C§6§D§E§ly from storage
[23:48:03] > dennnnn added x1 §x§3§1§3§7§F§F§lS§x§3§7§4§C§F§8§lp§x§3§D§6§2§F§1§la§x§4§2§7§7§E§9§lw§x§4§8§8§D§E§2§ln§x§4§E§A§2§D§B§le§x§5§4§B§7§D§4§lr §x§5§F§E§2§C§5§lC§x§5§9§C§D§C§C§lr§x§5§4§B§7§D§4§la§x§4§E§A§2§D§B§lt§x§4§8§8§D§E§2§le §x§3§D§6§2§F§1§lK§x§3§7§4§C§F§8§le§x§3§1§3§7§F§F§ly in auction for 1000000.
[23:48:12] > octopus_01 added x1 §eᴄᴏᴡ sᴘᴀᴡɴᴇʀ in auction for 100000.
[23:48:44] > _Sutrix_ added x1 §fMushroom Hat in auction for 5000.
[23:49:20] > Unforce01 added x1 §eʙʟᴀᴢᴇ sᴘᴀᴡɴᴇʀ in auction for 400000.
[23:49:34] > Unforce01 added x1 §eʙʟᴀᴢᴇ sᴘᴀᴡɴᴇʀ in auction for 400000.
[23:50:29] > x1 §f§l§x§F§C§D§0§5§CW§x§F§A§A§2§4§8u§x§F§8§7§4§3§3k§x§F§6§4§5§1§Fo§x§F§4§1§7§0§Ang§x§F§6§4§5§1§F §x§F§8§7§4§3§3H§x§F§A§A§2§4§8o§x§F§C§D§0§5§Ce, item of SP3CC_, has just expired, the item is definitively deleted.
[23:50:29] > x1 §esʜᴇᴇᴘ sᴘᴀᴡɴᴇʀ, item of Pewpew, has just expired, the item is definitively deleted.
[23:50:52] > Reviash added x2 §x§F§F§3§E§0§0§lD§x§F§F§3§7§0§0§le§x§F§F§3§0§0§0§lm§x§F§F§2§9§0§0§lo§x§F§F§2§2§0§0§ln §x§F§F§1§5§0§0§lL§x§F§F§0§E§0§0§lo§x§F§F§0§7§0§0§lr§x§F§F§0§0§0§0§ld §x§F§F§0§E§0§0§lF§x§F§F§1§5§0§0§lr§x§F§F§1§C§0§0§la§x§F§F§2§2§0§0§lg§x§F§F§2§9§0§0§lm§x§F§F§3§0§0§0§le§x§F§F§3§7§0§0§ln§x§F§F§3§E§0§0§lt in auction for 300000.
[23:55:10] > nnorv1 buy x1 Shulker of Strength to DanRaiv for $125,000.
[23:55:16] > nnorv1 remove x1 Shulker of Strength from buy
[23:57:15] > Odyessy added x64 Oak log in auction for 400.
[23:57:51] > Odyessy added x64 Oak log in auction for 400.
[23:58:23] > Odyessy added x64 Oak log in auction for 500.
[00:07:19] > Nyxie added x1 §f§l§x§F§C§D§0§5§CW§x§F§A§A§2§4§8u§x§F§8§7§4§3§3k§x§F§6§4§5§1§Fo§x§F§4§1§7§0§Ang§x§F§6§4§5§1§F §x§F§8§7§4§3§3H§x§F§A§A§2§4§8o§x§F§C§D§0§5§Ce in auction for 120000.
[00:07:32] > Nyxie added x1 §f§l§x§8§A§0§0§F§FS§x§9§C§0§0§D§5h§x§A§D§0§0§A§Ai§x§B§F§0§0§8§0n§x§D§0§0§0§5§5e§x§E§2§0§0§2§B §x§F§3§0§0§0§0O§x§E§2§0§0§2§An§x§D§0§0§0§5§5i§x§B§F§0§0§8§0 §x§A§D§0§0§A§AA§x§9§C§0§0§D§5x§x§8§A§0§0§F§Fe in auction for 1200000.
[00:08:33] > Nyxie added x10 §x§F§C§9§0§5§C§lE§x§E§6§9§C§6§B§lp§x§C§F§A§7§7§A§li§x§B§9§B§3§8§9§lc §x§8§C§C§B§A§7§lC§x§7§5§D§6§B§6§lr§x§5§F§E§2§C§5§la§x§7§9§D§4§B§4§lt§x§9§3§C§7§A§2§le §x§C§8§A§B§7§F§lK§x§E§2§9§E§6§E§le§x§F§C§9§0§5§C§ly in auction for 50000.
[00:08:44] > Nyxie added x10 §x§F§C§D§0§5§C§lB§x§E§6§D§3§6§B§la§x§C§F§D§5§7§A§ls§x§B§9§D§8§8§9§li§x§A§2§D§A§9§8§lc §x§7§5§D§F§B§6§lC§x§5§F§E§2§C§5§lr§x§7§5§D§F§B§6§la§x§8§C§D§D§A§7§lt§x§A§2§D§A§9§8§le §x§C§F§D§5§7§A§lK§x§E§6§D§3§6§B§le§x§F§C§D§0§5§C§ly in auction for 50000.
[00:10:07] > Nyxie buy x1 §fMushroom Hat to _Sutrix_ for $5,000.
[00:10:13] > Unforce01 remove x1 §eʙʟᴀᴢᴇ sᴘᴀᴡɴᴇʀ from storage
[00:10:14] > Unforce01 remove x1 §eʙʟᴀᴢᴇ sᴘᴀᴡɴᴇʀ from storage
[00:10:25] > Unforce01 added x1 §eʙʟᴀᴢᴇ sᴘᴀᴡɴᴇʀ in auction for 350000.
[00:10:37] > Unforce01 added x1 §eʙʟᴀᴢᴇ sᴘᴀᴡɴᴇʀ in auction for 350000.
[00:12:37] > Kyslee buy x1 §eʙʟᴀᴢᴇ sᴘᴀᴡɴᴇʀ to Unforce01 for $350,000.
[00:12:39] > Kyslee buy x1 §eʙʟᴀᴢᴇ sᴘᴀᴡɴᴇʀ to Unforce01 for $350,000.
[00:13:22] > Kyslee remove x1 §eʙʟᴀᴢᴇ sᴘᴀᴡɴᴇʀ from buy
[00:13:23] > Kyslee remove x1 §eʙʟᴀᴢᴇ sᴘᴀᴡɴᴇʀ from buy
[00:13:27] > Unforce01 added x1 §esᴘɪᴅᴇʀ sᴘᴀᴡɴᴇʀ in auction for 350000.
[00:13:39] > Unforce01 added x1 §esᴘɪᴅᴇʀ sᴘᴀᴡɴᴇʀ in auction for 350000.
[00:15:47] > Unforce01 added x1 §x§F§F§7§C§0§0§lSteamsparks Wings in auction for 400000.
[00:17:37] > Unforce01 added x1 Enchanted book in auction for 1500000.
[00:20:08] > Unforce01 added x1 Shulker box in auction for 150000.
[00:22:44] > SydneySweetie added x64 Experience bottle in auction for 50000.
[00:24:11] > Unforce01 remove x1 Enchanted book from storage
[00:24:19] > _Sutrix_ added x1 §x§E§5§1§B§1§B§lDracula Hoe in auction for 50000.
[00:24:22] > Unforce01 added x1 Enchanted book in auction for 1000000.
[00:26:11] > Unforce01 added x64 Diamond in auction for 50000.
[00:26:39] > dennnnn remove x1 §x§3§1§3§7§F§F§lS§x§3§7§4§C§F§8§lp§x§3§D§6§2§F§1§la§x§4§2§7§7§E§9§lw§x§4§8§8§D§E§2§ln§x§4§E§A§2§D§B§le§x§5§4§B§7§D§4§lr §x§5§F§E§2§C§5§lC§x§5§9§C§D§C§C§lr§x§5§4§B§7§D§4§la§x§4§E§A§2§D§B§lt§x§4§8§8§D§E§2§le §x§3§D§6§2§F§1§lK§x§3§7§4§C§F§8§le§x§3§1§3§7§F§F§ly from storage
[00:29:44] > _Sutrix_ remove x1 §x§E§5§1§B§1§B§lDracula Hoe form storage
[00:29:55] > _Sutrix_ added x1 §x§E§5§1§B§1§B§lDracula Hoe in auction for 50000.
[00:30:33] > Unforce01 buy x1 §f§l§x§8§A§0§0§F§FS§x§9§C§0§0§D§5h§x§A§D§0§0§A§Ai§x§B§F§0§0§8§0n§x§D§0§0§0§5§5e§x§E§2§0§0§2§B §x§F§3§0§0§0§0O§x§E§2§0§0§2§An§x§D§0§0§0§5§5i§x§B§F§0§0§8§0 §x§A§D§0§0§A§AA§x§9§C§0§0§D§5x§x§8§A§0§0§F§Fe to Nyxie for $1,200,000.
[00:30:38] > Unforce01 remove x1 §f§l§x§8§A§0§0§F§FS§x§9§C§0§0§D§5h§x§A§D§0§0§A§Ai§x§B§F§0§0§8§0n§x§D§0§0§0§5§5e§x§E§2§0§0§2§B §x§F§3§0§0§0§0O§x§E§2§0§0§2§An§x§D§0§0§0§5§5i§x§B§F§0§0§8§0 §x§A§D§0§0§A§AA§x§9§C§0§0§D§5x§x§8§A§0§0§F§Fe form buy
[00:30:44] > _Sutrix_ buy x1 §x§E§5§1§B§1§B§lDracula Sword to Keenorana for $10,000.
[00:30:50] > _Sutrix_ remove x1 §x§E§5§1§B§1§B§lDracula Hoe form storage
[00:31:05] > _Sutrix_ added x1 §x§E§5§1§B§1§B§lDracula Hoe in auction for 50000.
[00:31:19] > dennnnn remove x2 Enchanted golden apple from storage
[00:31:47] > dennnnn added x4 Enchanted golden apple in auction for 60000.
[00:33:35] > Unforce01 remove x1 Enchanted book from storage
[00:33:36] > Unforce01 remove x64 Diamond from storage
[00:34:03] > Unforce01 added x1 Enchanted book in auction for 2000000.
[00:34:41] > Ch4r_380 added x1 Elytra in auction for 2000000.
[00:40:14] > Ch4r_380 remove x1 Elytra from storage
[00:40:25] > Ch4r_380 remove x1 Elytra form expire
[00:40:53] > dennnnn added x1 §eɪʀᴏɴ ɢᴏʟᴇᴍ sᴘᴀᴡɴᴇʀ in auction for 850000.
[00:41:30] > _Sutrix_ remove x1 §x§E§5§1§B§1§B§lDracula Hoe from storage
[00:49:28] > baba buy x64 Experience bottle to SydneySweetie for $50,000.
[00:49:31] > baba buy x64 Experience bottle to SydneySweetie for $50,000.
[00:49:33] > baba buy x64 Experience bottle to SydneySweetie for $50,000.
[00:49:39] > baba remove x64 Experience bottle from buy
[00:49:39] > baba remove x64 Experience bottle from buy
[00:49:40] > baba remove x64 Experience bottle from buy
[00:53:41] > _Sutrix_ remove x1 §x§E§5§1§B§1§B§lDracula Sword from buy
[01:05:05] > dennnnn added x1 §x§E§5§1§B§1§B§lDracula Wings in auction for 100000.
[01:13:01] > Jaiki buy x1 §eᴄᴏᴡ sᴘᴀᴡɴᴇʀ to octopus_01 for $100,000.
[01:13:03] > Jaiki buy x1 §eᴄᴏᴡ sᴘᴀᴡɴᴇʀ to Cynishere for $100,000.
[01:45:25] > YchannR added x1 §f§l§8B§x§6§6§6§6§6§6a§x§7§7§7§7§7§7h§x§8§8§8§8§8§8a§x§9§9§9§9§9§9m§7u§x§9§9§9§9§9§9t§x§8§8§8§8§8§8 §x§7§7§7§7§7§7K§x§6§6§6§6§6§6e§8y in auction for 700000.
[01:56:50] > BlackKnight buy x1 §x§E§5§1§B§1§B§lDracula Wings to dennnnn for $100,000.
[01:57:37] > x1 Enchanted book, bought by Seris00, has just expired, the item is definitively deleted.
[02:09:07] > _Sutrix_ buy x10 §x§F§C§D§0§5§C§lB§x§E§6§D§3§6§B§la§x§C§F§D§5§7§A§ls§x§B§9§D§8§8§9§li§x§A§2§D§A§9§8§lc §x§7§5§D§F§B§6§lC§x§5§F§E§2§C§5§lr§x§7§5§D§F§B§6§la§x§8§C§D§D§A§7§lt§x§A§2§D§A§9§8§le §x§C§F§D§5§7§A§lK§x§E§6§D§3§6§B§le§x§F§C§D§0§5§C§ly to Nyxie for $50,000.
[02:09:19] > _Sutrix_ remove x10 §x§F§C§D§0§5§C§lB§x§E§6§D§3§6§B§la§x§C§F§D§5§7§A§ls§x§B§9§D§8§8§9§li§x§A§2§D§A§9§8§lc §x§7§5§D§F§B§6§lC§x§5§F§E§2§C§5§lr§x§7§5§D§F§B§6§la§x§8§C§D§D§A§7§lt§x§A§2§D§A§9§8§le §x§C§F§D§5§7§A§lK§x§E§6§D§3§6§B§le§x§F§C§D§0§5§C§ly from buy
[02:10:24] > Alexfromhere remove x1 Splash potion from expire
[02:10:25] > Alexfromhere remove x1 Splash potion from expire
[02:10:25] > Alexfromhere remove x1 Splash potion from expire
[02:10:25] > Alexfromhere remove x1 Splash potion from expire
[02:10:29] > _Sutrix_ added x1 §x§E§5§1§B§1§B§lDracula Sword in auction for 25000.
[02:10:38] > Alexfromhere added x1 Splash potion in auction for 9500.
[02:10:42] > mae remove x1 §f§l§x§8§A§0§0§F§FS§x§9§5§0§0§E§4h§x§A§0§0§0§C§9i§x§A§B§0§0§A§En§x§B§6§0§0§9§4e§x§C§1§0§0§7§9 §x§C§C§0§0§5§EO§x§D§7§0§0§4§3n§x§E§2§0§0§2§8i§x§E§D§0§0§0§D C§x§E§2§0§0§2§8h§x§D§7§0§0§4§3e§x§C§C§0§0§5§Es§x§C§1§0§0§7§9t§x§B§6§0§0§9§4p§x§A§B§0§0§A§El§x§A§0§0§0§C§9a§x§9§5§0§0§E§4t§x§8§A§0§0§F§Fe from storage
[02:10:54] > ManePear__ buy x1 §f§l§x§F§C§D§0§5§CW§x§F§B§A§D§4§Du§x§F§9§8§B§3§Dk§x§F§8§6§8§2§Eo§x§F§6§4§5§1§Fn§x§F§5§2§3§0§Fg§x§F§3§0§0§0§0 §x§F§5§2§3§0§FH§x§F§6§4§5§1§Fa§x§F§8§6§8§2§Em§x§F§9§8§B§3§Dm§x§F§B§A§D§4§De§x§F§C§D§0§5§Cr to koshie for $700,000.
[02:11:05] > ManePear__ remove x1 §f§l§x§F§C§D§0§5§CW§x§F§B§A§D§4§Du§x§F§9§8§B§3§Dk§x§F§8§6§8§2§Eo§x§F§6§4§5§1§Fn§x§F§5§2§3§0§Fg§x§F§3§0§0§0§0 §x§F§5§2§3§0§FH§x§F§6§4§5§1§Fa§x§F§8§6§8§2§Em§x§F§9§8§B§3§Dm§x§F§B§A§D§4§De§x§F§C§D§0§5§Cr from buy
[02:11:06] > mae added x1 §f§l§x§8§A§0§0§F§FS§x§9§5§0§0§E§4h§x§A§0§0§0§C§9i§x§A§B§0§0§A§En§x§B§6§0§0§9§4e§x§C§1§0§0§7§9 §x§C§C§0§0§5§EO§x§D§7§0§0§4§3n§x§E§2§0§0§2§8i§x§E§D§0§0§0§D C§x§E§2§0§0§2§8h§x§D§7§0§0§4§3e§x§C§C§0§0§5§Es§x§C§1§0§0§7§9t§x§B§6§0§0§9§4p§x§A§B§0§0§A§El§x§A§0§0§0§C§9a§x§9§5§0§0§E§4t§x§8§A§0§0§F§Fe in auction for 5500000.
[02:21:34] > ManePear__ buy x1 Enchanted book to Unforce01 for $2,000,000.
[02:21:42] > ManePear__ remove x1 Enchanted book from buy
[02:24:03] > sigman added x1 §x§F§F§3§E§0§0§lDemon Lord Wings in auction for 4000000.
[02:31:53] > Xavier987 added x1 §x§8§8§E§C§3§3§lV§x§8§2§E§B§4§8§lo§x§7§C§E§9§5§D§lt§x§7§6§E§8§7§2§le §x§6§B§E§5§9§B§lC§x§6§5§E§3§B§0§lr§x§5§F§E§2§C§5§la§x§6§6§E§4§A§D§lt§x§6§D§E§5§9§4§le §x§7§A§E§9§6§4§lK§x§8§1§E§A§4§B§le§x§8§8§E§C§3§3§ly in auction for 1000.
[02:32:15] > Xavier881 buy x1 §x§8§8§E§C§3§3§lV§x§8§2§E§B§4§8§lo§x§7§C§E§9§5§D§lt§x§7§6§E§8§7§2§le §x§6§B§E§5§9§B§lC§x§6§5§E§3§B§0§lr§x§5§F§E§2§C§5§la§x§6§6§E§4§A§D§lt§x§6§D§E§5§9§4§le §x§7§A§E§9§6§4§lK§x§8§1§E§A§4§B§le§x§8§8§E§C§3§3§ly to Xavier987 for $1,000.
[02:32:36] > Xavier881 buy x10 §x§F§C§9§0§5§C§lE§x§E§6§9§C§6§B§lp§x§C§F§A§7§7§A§li§x§B§9§B§3§8§9§lc §x§8§C§C§B§A§7§lC§x§7§5§D§6§B§6§lr§x§5§F§E§2§C§5§la§x§7§9§D§4§B§4§lt§x§9§3§C§7§A§2§le §x§C§8§A§B§7§F§lK§x§E§2§9§E§6§E§le§x§F§C§9§0§5§C§ly to Nyxie for $50,000.
[02:32:46] > Xavier881 remove x10 §x§F§C§9§0§5§C§lE§x§E§6§9§C§6§B§lp§x§C§F§A§7§7§A§li§x§B§9§B§3§8§9§lc §x§8§C§C§B§A§7§lC§x§7§5§D§6§B§6§lr§x§5§F§E§2§C§5§la§x§7§9§D§4§B§4§lt§x§9§3§C§7§A§2§le §x§C§8§A§B§7§F§lK§x§E§2§9§E§6§E§le§x§F§C§9§0§5§C§ly form buy
[02:32:46] > Xavier881 remove x1 §x§8§8§E§C§3§3§lV§x§8§2§E§B§4§8§lo§x§7§C§E§9§5§D§lt§x§7§6§E§8§7§2§le §x§6§B§E§5§9§B§lC§x§6§5§E§3§B§0§lr§x§5§F§E§2§C§5§la§x§6§6§E§4§A§D§lt§x§6§D§E§5§9§4§le §x§7§A§E§9§6§4§lK§x§8§1§E§A§4§B§le§x§8§8§E§C§3§3§ly form buy
[02:40:21] > SydneySweetie remove x1 §x§F§F§3§E§0§0§lD§x§F§F§3§7§0§0§le§x§F§F§3§0§0§0§lm§x§F§F§2§9§0§0§lo§x§F§F§2§2§0§0§ln §x§F§F§1§5§0§0§lL§x§F§F§0§E§0§0§lo§x§F§F§0§7§0§0§lr§x§F§F§0§0§0§0§ld §x§F§F§1§0§0§0§lP§x§F§F§1§7§0§0§li§x§F§F§1§F§0§0§lc§x§F§F§2§7§0§0§lk§x§F§F§2§F§0§0§la§x§F§F§3§6§0§0§lx§x§F§F§3§E§0§0§le from storage
[02:40:32] > SydneySweetie added x1 §x§F§F§3§E§0§0§lD§x§F§F§3§7§0§0§le§x§F§F§3§0§0§0§lm§x§F§F§2§9§0§0§lo§x§F§F§2§2§0§0§ln §x§F§F§1§5§0§0§lL§x§F§F§0§E§0§0§lo§x§F§F§0§7§0§0§lr§x§F§F§0§0§0§0§ld §x§F§F§1§0§0§0§lP§x§F§F§1§7§0§0§li§x§F§F§1§F§0§0§lc§x§F§F§2§7§0§0§lk§x§F§F§2§F§0§0§la§x§F§F§3§6§0§0§lx§x§F§F§3§E§0§0§le in auction for 250000.
[02:41:57] > SydneySweetie added x64 Experience bottle in auction for 50000.
[02:47:05] > SydneySweetie added x64 Experience bottle in auction for 50000.
[02:47:25] > Doomday152 buy x1 Enchanted book to HPMR_GaMerz for $250,000.
[02:48:11] > Doomday152 buy x1 Shulker box to Unforce01 for $150,000.
[02:48:17] > Doomday152 remove x1 Shulker box from buy
[02:48:18] > Doomday152 remove x1 Enchanted book from buy
[03:13:10] > Ch4r_380 buy x48 Tnt to .Kabayooo for $50,000.
[03:13:32] > Ch4r_380 remove x48 Tnt form buy
[04:08:10] > BlackKnight buy x1 §x§F§F§5§5§0§0§lsᴇʟʟᴡᴀɴᴅ §6- 20.0x to giyahnpogi for $1,800,000.
[04:08:15] > BlackKnight remove x1 §x§F§F§5§5§0§0§lsᴇʟʟᴡᴀɴᴅ §6- 20.0x from buy
[07:04:54] > Callistrix added x1 §f§l§x§F§C§D§0§5§CW§x§F§B§A§D§4§Du§x§F§9§8§B§3§Dk§x§F§8§6§8§2§Eo§x§F§6§4§5§1§Fn§x§F§5§2§3§0§Fg§x§F§3§0§0§0§0 §x§F§5§2§3§0§FS§x§F§6§4§5§1§Fh§x§F§8§6§8§2§Eo§x§F§9§8§B§3§Dv§x§F§B§A§D§4§De§x§F§C§D§0§5§Cl in auction for 200000.
[08:05:01] > HwanYo added x64 Experience bottle in auction for 140000.
[08:05:14] > HwanYo added x64 Experience bottle in auction for 140000.
[08:05:30] > HwanYo added x64 Experience bottle in auction for 140000.
[08:05:40] > HwanYo added x64 Experience bottle in auction for 140000.
[08:06:01] > HwanYo added x64 Experience bottle in auction for 140000.
[08:08:50] > PrinceBGC added x1 §x§F§F§7§C§0§0§lSteamsparks Hammer in auction for 300000.
[08:09:04] > PrinceBGC added x1 §x§F§F§7§C§0§0§lSteamsparks Hammer in auction for 300000.
[09:04:56] > HwanYo buy x1 §eᴘɪɢ sᴘᴀᴡɴᴇʀ to Cynishere for $100,000.
[09:05:43] > HwanYo buy x1 §eᴘɪɢ sᴘᴀᴡɴᴇʀ to jettskyiee for $300,000.
[09:06:26] > HwanYo remove x1 §eᴘɪɢ sᴘᴀᴡɴᴇʀ from buy
[09:06:26] > HwanYo remove x1 §eᴘɪɢ sᴘᴀᴡɴᴇʀ from buy
[09:29:42] > Takeremu added x18 §x§C§9§A§7§F§C§lL§x§B§D§A§E§F§6§le§x§B§1§B§4§F§0§lg§x§A§6§B§B§E§A§le§x§9§A§C§1§E§4§ln§x§8§E§C§8§D§D§ld§x§8§2§C§E§D§7§la§x§7§7§D§5§D§1§lr§x§6§B§D§B§C§B§ly §x§6§B§D§B§C§B§lC§x§7§7§D§5§D§1§lr§x§8§2§C§E§D§7§la§x§8§E§C§8§D§D§lt§x§9§A§C§1§E§4§le §x§B§1§B§4§F§0§lK§x§B§D§A§E§F§6§le§x§C§9§A§7§F§C§ly in auction for 1800000.
[09:29:54] > Takeremu added x10 §x§F§C§D§0§5§C§lB§x§E§6§D§3§6§B§la§x§C§F§D§5§7§A§ls§x§B§9§D§8§8§9§li§x§A§2§D§A§9§8§lc §x§7§5§D§F§B§6§lC§x§5§F§E§2§C§5§lr§x§7§5§D§F§B§6§la§x§8§C§D§D§A§7§lt§x§A§2§D§A§9§8§le §x§C§F§D§5§7§A§lK§x§E§6§D§3§6§B§le§x§F§C§D§0§5§C§ly in auction for 100000.
[09:30:21] > Takeremu added x36 §x§F§C§9§0§5§C§lE§x§E§6§9§C§6§B§lp§x§C§F§A§7§7§A§li§x§B§9§B§3§8§9§lc §x§8§C§C§B§A§7§lC§x§7§5§D§6§B§6§lr§x§5§F§E§2§C§5§la§x§7§9§D§4§B§4§lt§x§9§3§C§7§A§2§le §x§C§8§A§B§7§F§lK§x§E§2§9§E§6§E§le§x§F§C§9§0§5§C§ly in auction for 2880000.
[09:30:32] > Takeremu added x1 §x§5§C§C§F§F§C§lC§x§5§C§D§1§F§5§lo§x§5§D§D§4§E§E§ls§x§5§D§D§6§E§7§lm§x§5§E§D§9§E§1§le§x§5§E§D§B§D§A§lt§x§5§E§D§D§D§3§li§x§5§F§E§0§C§C§lc §x§5§F§E§0§C§C§lH§x§5§E§D§D§D§3§la§x§5§E§D§B§D§A§lt§x§5§E§D§9§E§1§ls §x§5§D§D§4§E§E§lK§x§5§C§D§1§F§5§le§x§5§C§C§F§F§C§ly in auction for 10000.
[09:30:51] > Takeremu added x1 §x§F§F§3§E§0§0§lDemon Lord Wings in auction for 100000.
[09:42:01] > .Dia6809 buy x64 Oak log to Odyessy for $500.
[09:42:18] > .Dia6809 buy x64 Oak log to Odyessy for $400.
[09:43:10] > Chezzy buy x1 §x§F§F§3§E§0§0§lDemon Lord Wings to Takeremu for $100,000.
[09:43:16] > Chezzy remove x1 §x§F§F§3§E§0§0§lDemon Lord Wings from buy
[10:26:54] > ELITEAtlas remove x1 §f§l§x§8§A§0§0§F§FS§x§9§6§0§0§E§3h§x§A§1§0§0§C§6i§x§A§D§0§0§A§An§x§B§9§0§0§8§Ee§x§C§4§0§0§7§1 §x§D§0§0§0§5§5O§x§D§C§0§0§3§9n§x§E§7§0§0§1§Ci§x§F§3§0§0§0§0 §x§E§7§0§0§1§CB§x§D§C§0§0§3§9i§x§D§0§0§0§5§5g§x§C§4§0§0§7§1 §x§B§9§0§0§8§ES§x§A§D§0§0§A§Aw§x§A§1§0§0§C§6o§x§9§6§0§0§E§3r§x§8§A§0§0§F§Fd from storage
[10:26:56] > ELITEAtlas buy x1 §eɪʀᴏɴ ɢᴏʟᴇᴍ sᴘᴀᴡɴᴇʀ to dennnnn for $850,000.
[10:27:08] > ELITEAtlas remove x1 §esᴘɪᴅᴇʀ sᴘᴀᴡɴᴇʀ from storage
[10:27:22] > ELITEAtlas remove x1 §f§l§x§8§A§0§0§F§FS§x§9§6§0§0§E§3h§x§A§1§0§0§C§6i§x§A§D§0§0§A§An§x§B§9§0§0§8§Ee§x§C§4§0§0§7§1 §x§D§0§0§0§5§5O§x§D§C§0§0§3§9n§x§E§7§0§0§1§Ci§x§F§3§0§0§0§0 §x§E§7§0§0§1§CB§x§D§C§0§0§3§9i§x§D§0§0§0§5§5g§x§C§4§0§0§7§1 §x§B§9§0§0§8§ES§x§A§D§0§0§A§Aw§x§A§1§0§0§C§6o§x§9§6§0§0§E§3r§x§8§A§0§0§F§Fd from expire
[10:27:23] > ELITEAtlas remove x1 §esᴘɪᴅᴇʀ sᴘᴀᴡɴᴇʀ from expire
[10:27:29] > ELITEAtlas remove x1 §eɪʀᴏɴ ɢᴏʟᴇᴍ sᴘᴀᴡɴᴇʀ from buy
[10:27:48] > ELITEAtlas added x1 §eɪʀᴏɴ ɢᴏʟᴇᴍ sᴘᴀᴡɴᴇʀ in auction for 600000.
[10:28:02] > ELITEAtlas added x1 §esᴘɪᴅᴇʀ sᴘᴀᴡɴᴇʀ in auction for 450000.
[10:28:15] > ELITEAtlas added x1 §f§l§x§8§A§0§0§F§FS§x§9§6§0§0§E§3h§x§A§1§0§0§C§6i§x§A§D§0§0§A§An§x§B§9§0§0§8§Ee§x§C§4§0§0§7§1 §x§D§0§0§0§5§5O§x§D§C§0§0§3§9n§x§E§7§0§0§1§Ci§x§F§3§0§0§0§0 §x§E§7§0§0§1§CB§x§D§C§0§0§3§9i§x§D§0§0§0§5§5g§x§C§4§0§0§7§1 §x§B§9§0§0§8§ES§x§A§D§0§0§A§Aw§x§A§1§0§0§C§6o§x§9§6§0§0§E§3r§x§8§A§0§0§F§Fd in auction for 2500000.
[10:53:36] > Keeos remove x64 Golden apple from storage
[10:53:40] > Keeos remove x6 Golden apple from storage
[10:53:53] > Keeos added x64 Golden apple in auction for 250000.
[10:54:03] > Keeos added x64 Golden apple in auction for 250000.
[10:54:20] > Keeos added x64 Golden apple in auction for 250000.
[10:54:31] > Keeos added x64 Golden apple in auction for 250000.
[10:54:46] > Keeos added x64 Golden apple in auction for 250000.
[10:54:59] > Keeos added x64 Golden apple in auction for 250000.
[10:55:29] > Keeos added x64 Golden apple in auction for 250000.
[10:55:40] > Keeos added x64 Golden apple in auction for 250000.
[10:55:55] > Keeos added x64 Golden apple in auction for 250000.
[10:58:21] > celinesanrio added x1 §f§l§8B§x§6§6§6§6§6§6a§x§7§7§7§7§7§7h§x§8§8§8§8§8§8a§x§9§9§9§9§9§9m§7u§x§9§9§9§9§9§9t§x§8§8§8§8§8§8 §x§7§7§7§7§7§7K§x§6§6§6§6§6§6e§8y in auction for 1000000.
[10:58:42] > Dentatsu buy x64 Experience bottle to SydneySweetie for $50,000.
[10:58:56] > Dentatsu remove x64 Experience bottle from buy
[10:59:29] > celinesanrio added x1 §x§5§C§C§F§F§C§lC§x§5§C§D§1§F§5§lo§x§5§D§D§4§E§E§ls§x§5§D§D§6§E§7§lm§x§5§E§D§9§E§1§le§x§5§E§D§B§D§A§lt§x§5§E§D§D§D§3§li§x§5§F§E§0§C§C§lc §x§5§F§E§0§C§C§lH§x§5§E§D§D§D§3§la§x§5§E§D§B§D§A§lt§x§5§E§D§9§E§1§ls §x§5§D§D§4§E§E§lK§x§5§C§D§1§F§5§le§x§5§C§C§F§F§C§ly in auction for 10000.
[11:00:24] > celinesanrio added x2 Shulker shell in auction for 5000.
[11:07:49] > Celeste01 added x1 §x§E§5§1§B§1§B§lDracula Leggings in auction for 100000.
[11:25:56] > TostyZura remove x1 §x§E§4§3§A§9§6§lW§x§E§7§5§3§A§3§lI§x§E§B§6§B§B§0§lN§x§E§E§8§4§B§D§lG§x§F§2§9§D§C§B§lS §x§F§8§C§E§E§5§lO§x§F§C§E§6§F§2§lF §x§F§C§E§6§F§2§lE§x§F§8§C§E§E§5§lT§x§F§5§B§5§D§8§lE§x§F§2§9§D§C§B§lR§x§E§E§8§4§B§D§lN§x§E§B§6§B§B§0§lI§x§E§7§5§3§A§3§lT§x§E§4§3§A§9§6§lY from storage
[11:29:28] > HEYkay27 buy x1 §f§l§8B§x§6§6§6§6§6§6a§x§7§7§7§7§7§7h§x§8§8§8§8§8§8a§x§9§9§9§9§9§9m§7u§x§9§9§9§9§9§9t§x§8§8§8§8§8§8 §x§7§7§7§7§7§7K§x§6§6§6§6§6§6e§8y to YchannR for $700,000.
[11:30:05] > HEYkay27 remove x1 §f§l§8B§x§6§6§6§6§6§6a§x§7§7§7§7§7§7h§x§8§8§8§8§8§8a§x§9§9§9§9§9§9m§7u§x§9§9§9§9§9§9t§x§8§8§8§8§8§8 §x§7§7§7§7§7§7K§x§6§6§6§6§6§6e§8y from buy
[11:43:51] > dennnnn buy x1 §eɪʀᴏɴ ɢᴏʟᴇᴍ sᴘᴀᴡɴᴇʀ to ELITEAtlas for $600,000.
[11:44:09] > dennnnn remove x1 §eɪʀᴏɴ ɢᴏʟᴇᴍ sᴘᴀᴡɴᴇʀ from buy
[11:44:23] > dennnnn added x1 §eɪʀᴏɴ ɢᴏʟᴇᴍ sᴘᴀᴡɴᴇʀ in auction for 850000.
[11:46:58] > dennnnn added x1 Saddle in auction for 100000.