
[02:37:12] > x1 Netherite pickaxe on sale by melgrsy has just expired, it goes in the inventory of expired items.
[02:37:14] > .Acon1te4773 added x1 §fShogun Pickaxe in auction for 300000.
[11:42:11] > x1 §x§E§3§A§F§4§F§lʟᴇɢᴇɴᴅᴀʀʏ ɪᴛᴇᴍ on sale by Seirione has just expired, it goes in the inventory of expired items.
[15:19:40] > celinesanrio remove x1 §x§F§F§3§E§0§0§lD§x§F§F§3§6§0§0§le§x§F§F§2§F§0§0§lm§x§F§F§2§7§0§0§lo§x§F§F§1§F§0§0§ln §x§F§F§1§0§0§0§lL§x§F§F§0§8§0§0§lo§x§F§F§0§0§0§0§lr§x§F§F§0§9§0§0§ld §x§F§F§1§B§0§0§lS§x§F§F§2§3§0§0§lw§x§F§F§2§C§0§0§lo§x§F§F§3§5§0§0§lr§x§F§F§3§E§0§0§ld from storage
[15:19:40] > celinesanrio remove x1 §fEnder Eye Shovel from storage
[15:19:50] > celinesanrio added x1 §x§E§3§A§F§4§F§lʟᴇɢᴇɴᴅᴀʀʏ ɪᴛᴇᴍ in auction for 25000.
[15:19:57] > celinesanrio added x3 §x§F§F§0§0§0§0§lS§x§F§F§1§3§0§0§lh§x§F§F§2§6§0§0§lo§x§F§F§3§9§0§0§lg§x§F§F§4§D§0§0§lu§x§F§F§6§0§0§0§ln §x§F§F§8§6§0§0§lF§x§F§F§7§3§0§0§lr§x§F§F§6§0§0§0§la§x§F§F§4§D§0§0§lg§x§F§F§3§9§0§0§lm§x§F§F§2§6§0§0§le§x§F§F§1§3§0§0§ln§x§F§F§0§0§0§0§lt in auction for 150000.
[15:20:11] > celinesanrio remove x1 §x§E§3§A§F§4§F§lʟᴇɢᴇɴᴅᴀʀʏ ɪᴛᴇᴍ from storage
[15:20:15] > celinesanrio added x1 §x§E§3§A§F§4§F§lʟᴇɢᴇɴᴅᴀʀʏ ɪᴛᴇᴍ in auction for 15000.
[17:47:04] > ELITEAtlas added x1 Potion in auction for 10000.
[17:47:12] > ELITEAtlas added x1 Potion in auction for 10000.
[18:14:38] > CarlSui remove x1 §x§E§4§3§A§9§6§lW§x§E§7§5§3§A§3§lI§x§E§B§6§B§B§0§lN§x§E§E§8§4§B§D§lG§x§F§2§9§D§C§B§lS §x§F§8§C§E§E§5§lO§x§F§C§E§6§F§2§lF §x§F§C§E§6§F§2§lE§x§F§8§C§E§E§5§lT§x§F§5§B§5§D§8§lE§x§F§2§9§D§C§B§lR§x§E§E§8§4§B§D§lN§x§E§B§6§B§B§0§lI§x§E§7§5§3§A§3§lT§x§E§4§3§A§9§6§lY form expire
[18:14:38] > CarlSui remove x16 Iron block form expire
[18:14:54] > CarlSui added x1 §x§E§4§3§A§9§6§lW§x§E§7§5§3§A§3§lI§x§E§B§6§B§B§0§lN§x§E§E§8§4§B§D§lG§x§F§2§9§D§C§B§lS §x§F§8§C§E§E§5§lO§x§F§C§E§6§F§2§lF §x§F§C§E§6§F§2§lE§x§F§8§C§E§E§5§lT§x§F§5§B§5§D§8§lE§x§F§2§9§D§C§B§lR§x§E§E§8§4§B§D§lN§x§E§B§6§B§B§0§lI§x§E§7§5§3§A§3§lT§x§E§4§3§A§9§6§lY in auction for 700000.
[18:15:05] > CarlSui added x64 Iron block in auction for 100000.
[18:17:33] > Raylii buy x3 §x§F§F§0§0§0§0§lS§x§F§F§1§3§0§0§lh§x§F§F§2§6§0§0§lo§x§F§F§3§9§0§0§lg§x§F§F§4§D§0§0§lu§x§F§F§6§0§0§0§ln §x§F§F§8§6§0§0§lF§x§F§F§7§3§0§0§lr§x§F§F§6§0§0§0§la§x§F§F§4§D§0§0§lg§x§F§F§3§9§0§0§lm§x§F§F§2§6§0§0§le§x§F§F§1§3§0§0§ln§x§F§F§0§0§0§0§lt to celinesanrio for $150 000.
[18:39:42] > ELITEAtlas buy x1 §x§E§3§A§F§4§F§lʟᴇɢᴇɴᴅᴀʀʏ ɪᴛᴇᴍ to Raylii for $100 000.
[19:43:27] > celinesanrio added x1 §fEnder Eye Shovel in auction for 250000.
[20:03:26] > celinesanrio remove x1 §x§6§0§0§0§F§F§lɢᴏᴅʟʏ ɪᴛᴇᴍ from storage
[20:03:31] > celinesanrio added x1 §x§6§0§0§0§F§F§lɢᴏᴅʟʏ ɪᴛᴇᴍ in auction for 15000.
[20:03:38] > Cynishere buy x1 §x§6§0§0§0§F§F§lɢᴏᴅʟʏ ɪᴛᴇᴍ to celinesanrio for $15 000.
[20:09:19] > Cynishere added x1 Ate Trisha Picture :0 in auction for 10.
[20:09:26] > CarlSui buy x1 Ate Trisha Picture :0 to Cynishere for $10.
[20:17:36] > celinesanrio added x1 §x§6§0§0§0§F§F§lɢᴏᴅʟʏ ɪᴛᴇᴍ in auction for 15000.
[20:28:57] > Cynishere added x1 Full of Trisha pics in auction for 100000.
[20:29:32] > Cynishere remove x1 Full of Trisha pics from storage
[20:29:38] > Cynishere remove x1 Full of Trisha pics from expire
[20:29:49] > Cynishere added x1 Full of Trisha pics in auction for 50000.
[22:08:04] > Kyslee added x1 §x§A§5§8§0§D§D§lᴇᴘɪᴄ ɪᴛᴇᴍ in auction for 10000.
[23:30:22] > Pedroo80 added x1 sigma sigma boy in auction for 1000.
[23:30:33] > Pedroo80 remove x1 sigma sigma boy from storage
[23:30:44] > Pedroo80 remove x3 Wither skeleton skull from storage
[23:57:49] > ELITEAtlas buy x1 §x§E§3§A§F§4§F§lʟᴇɢᴇɴᴅᴀʀʏ ɪᴛᴇᴍ to celinesanrio for $25 000.