
[12:03:18] > PlayTexts added x1 §x§E§5§1§B§1§B§lDracula Shovel in auction for 250000.
[12:21:19] > YIXILYX buy x1 Mace to EnderDragon0120 for $10.
[12:21:35] > YIXILYX remove x1 Mace form buy
[12:22:36] > YIXILYX buy x1 Enchanted book to _MANEPEAR_ for $30,000.
[12:47:56] > sky_edits buy x1 §x§E§5§1§B§1§B§lDracula Shovel to kentchalin for $75,000.
[12:48:14] > sky_edits remove x1 §x§E§5§1§B§1§B§lDracula Shovel from buy
[12:55:05] > Horheee remove x1 §x§F§F§7§C§0§0§lSteamsparks Blade from storage
[12:55:06] > Horheee remove x1 §x§5§F§E§2§C§5Sunred Fishing rod from storage
[12:55:06] > Horheee remove x1 §x§E§5§1§B§1§B§lDracula Staff from storage
[12:55:07] > Horheee remove x1 §f§l§8B§x§6§4§6§4§6§4a§x§7§4§7§4§7§4h§x§8§3§8§3§8§3a§x§9§3§9§3§9§3m§x§A§2§A§2§A§2ut§x§9§3§9§3§9§3 §x§8§3§8§3§8§3M§x§7§4§7§4§7§4a§x§6§4§6§4§6§4c§8e from storage
[12:55:07] > Horheee remove x1 Potion from storage
[12:55:17] > Horheee added x1 §f§l§8B§x§6§4§6§4§6§4a§x§7§4§7§4§7§4h§x§8§3§8§3§8§3a§x§9§3§9§3§9§3m§x§A§2§A§2§A§2ut§x§9§3§9§3§9§3 §x§8§3§8§3§8§3M§x§7§4§7§4§7§4a§x§6§4§6§4§6§4c§8e in auction for 90000.
[12:55:24] > Horheee remove x1 §f§l§8B§x§6§4§6§4§6§4a§x§7§4§7§4§7§4h§x§8§3§8§3§8§3a§x§9§3§9§3§9§3m§x§A§2§A§2§A§2ut§x§9§3§9§3§9§3 §x§8§3§8§3§8§3M§x§7§4§7§4§7§4a§x§6§4§6§4§6§4c§8e from storage
[12:55:32] > Horheee added x1 §f§l§8B§x§6§4§6§4§6§4a§x§7§4§7§4§7§4h§x§8§3§8§3§8§3a§x§9§3§9§3§9§3m§x§A§2§A§2§A§2ut§x§9§3§9§3§9§3 §x§8§3§8§3§8§3M§x§7§4§7§4§7§4a§x§6§4§6§4§6§4c§8e in auction for 900000.
[12:55:44] > Arthur remove x64 Redstone block form storage
[12:55:44] > Horheee added x1 Potion in auction for 10000.
[12:56:00] > Arthur added x64 Redstone block in auction for 100000.
[12:56:08] > Horheee added x1 §x§F§F§7§C§0§0§lSteamsparks Blade in auction for 200000.
[12:56:21] > Horheee added x1 §x§5§F§E§2§C§5Sunred Fishing rod in auction for 200000.
[12:56:34] > Horheee added x1 §x§E§5§1§B§1§B§lDracula Staff in auction for 200000.
[13:06:24] > Horheee added x1 §x§F§F§3§E§0§0§lSellwand Voucher in auction for 1000000.
[13:08:44] > Horheee remove x1 Potion from storage
[13:09:02] > Horheee added x1 §x§F§F§5§5§0§0§lsᴇʟʟᴡᴀɴᴅ §6- 5.0x in auction for 500000.
[13:09:15] > Horheee remove x1 §x§F§F§3§E§0§0§lSellwand Voucher from storage
[13:09:19] > Horheee added x1 §x§F§F§3§E§0§0§lSellwand Voucher in auction for 900000.
[13:21:30] > imnectarfr added x1 §f§l§x§E§4§3§A§3§AM§x§D§6§4§9§3§Ae§x§C§7§5§7§3§Ar§x§B§9§6§6§3§9r§x§A§A§7§5§3§9y§x§9§C§8§3§3§9 §x§8§E§9§2§3§9C§x§7§F§A§1§3§9h§x§7§1§A§F§3§8r§x§6§3§B§E§3§8i§x§5§4§C§D§3§8st§x§6§3§B§E§3§8m§x§7§1§A§F§3§8a§x§7§F§A§1§3§9s§x§8§E§9§2§3§9 §x§9§C§8§3§3§9H§x§A§A§7§5§3§9a§x§B§9§6§6§3§9m§x§C§7§5§7§3§Am§x§D§6§4§9§3§Ae§x§E§4§3§A§3§Ar in auction for 1000000.
[13:22:28] > Horheee remove x1 §f§l§8B§x§6§4§6§4§6§4a§x§7§4§7§4§7§4h§x§8§3§8§3§8§3a§x§9§3§9§3§9§3m§x§A§2§A§2§A§2ut§x§9§3§9§3§9§3 §x§8§3§8§3§8§3M§x§7§4§7§4§7§4a§x§6§4§6§4§6§4c§8e from storage
[13:22:37] > Horheee added x1 §f§l§8B§x§6§4§6§4§6§4a§x§7§4§7§4§7§4h§x§8§3§8§3§8§3a§x§9§3§9§3§9§3m§x§A§2§A§2§A§2ut§x§9§3§9§3§9§3 §x§8§3§8§3§8§3M§x§7§4§7§4§7§4a§x§6§4§6§4§6§4c§8e in auction for 800000.
[13:28:05] > Horheee remove x1 §x§F§F§3§E§0§0§lSellwand Voucher from storage
[13:28:16] > Horheee added x1 §x§F§F§3§E§0§0§lSellwand Voucher in auction for 900000.
[13:38:25] > micailatot added x1 §f§l§x§E§4§3§A§3§AM§x§D§5§4§9§3§Ae§x§C§6§5§9§3§Ar§x§B§7§6§8§3§9r§x§A§8§7§8§3§9y§x§9§9§8§7§3§9 §x§8§9§9§6§3§9C§x§7§A§A§6§3§9h§x§6§B§B§5§3§8r§x§5§C§C§5§3§8i§x§4§D§D§4§3§8s§x§5§C§C§5§3§8t§x§6§B§B§5§3§8m§x§7§A§A§6§3§9a§x§8§9§9§6§3§9s§x§9§9§8§7§3§9 §x§A§8§7§8§3§9S§x§B§7§6§8§3§9p§x§C§6§5§9§3§Ae§x§D§5§4§9§3§Aa§x§E§4§3§A§3§Ar in auction for 800000.
[13:38:36] > Horheee remove x1 §x§E§5§1§B§1§B§lDracula Staff from storage
[13:38:37] > Horheee remove x1 §x§5§F§E§2§C§5Sunred Fishing rod from storage
[13:38:37] > Horheee remove x1 §x§F§F§7§C§0§0§lSteamsparks Blade from storage
[13:38:43] > Horheee added x1 §x§E§5§1§B§1§B§lDracula Staff in auction for 200000.
[13:39:05] > Horheee added x1 §x§5§F§E§2§C§5Sunred Fishing rod in auction for 160000.
[13:39:52] > Horheee added x1 §x§F§F§7§C§0§0§lSteamsparks Blade in auction for 200000.
[13:58:00] > x1 §x§F§F§7§C§0§0§lSteamsparks Halberd, item of FuwaLeaf, has just expired, the item is definitively deleted.
[13:58:01] > Renzy01 remove x1 §f§l§8B§x§6§3§6§3§6§3a§x§7§1§7§1§7§1h§x§8§0§8§0§8§0a§x§8§E§8§E§8§Em§x§9§C§9§C§9§Cu§7t§x§9§C§9§C§9§C §x§8§E§8§E§8§ES§x§8§0§8§0§8§0t§x§7§1§7§1§7§1a§x§6§3§6§3§6§3f§8f from expire
[13:58:01] > Renzy01 remove x1 §f§l§8B§x§6§6§6§6§6§6a§x§7§7§7§7§7§7h§x§8§8§8§8§8§8a§x§9§9§9§9§9§9m§7u§x§9§9§9§9§9§9t§x§8§8§8§8§8§8 §x§7§7§7§7§7§7H§x§6§6§6§6§6§6o§8e from expire
[13:58:07] > Renzy01 added x1 §f§l§8B§x§6§3§6§3§6§3a§x§7§1§7§1§7§1h§x§8§0§8§0§8§0a§x§8§E§8§E§8§Em§x§9§C§9§C§9§Cu§7t§x§9§C§9§C§9§C §x§8§E§8§E§8§ES§x§8§0§8§0§8§0t§x§7§1§7§1§7§1a§x§6§3§6§3§6§3f§8f in auction for 350000.
[13:58:19] > Arthur buy x1 Diamond leggings to Kodakoda for $30,000.
[13:58:23] > Renzy01 added x1 §f§l§8B§x§6§6§6§6§6§6a§x§7§7§7§7§7§7h§x§8§8§8§8§8§8a§x§9§9§9§9§9§9m§7u§x§9§9§9§9§9§9t§x§8§8§8§8§8§8 §x§7§7§7§7§7§7H§x§6§6§6§6§6§6o§8e in auction for 350000.
[13:58:27] > Arthur remove x1 Diamond leggings from buy
[13:58:32] > Renzy01 remove x1 §x§F§F§7§C§0§0§lSteamsparks Bow from expire
[13:58:39] > Renzy01 added x1 §x§F§F§7§C§0§0§lSteamsparks Bow in auction for 200000.
[14:00:54] > Horheee remove x1 §x§F§F§7§C§0§0§lSteamsparks Blade from storage
[14:00:59] > Renzy01 added x1 §f§l§8B§x§6§6§6§6§6§6a§x§7§7§7§7§7§7h§x§8§8§8§8§8§8a§x§9§9§9§9§9§9m§7u§x§9§9§9§9§9§9t§x§8§8§8§8§8§8 §x§7§7§7§7§7§7B§x§6§6§6§6§6§6o§8w in auction for 400000.
[14:01:01] > Horheee added x1 §x§F§F§7§C§0§0§lSteamsparks Blade in auction for 200000.
[14:01:15] > Renzy01 added x1 §x§E§5§1§B§1§B§lDracula Sickle in auction for 250000.
[14:21:46] > Horheee remove x1 §f§l§8B§x§6§4§6§4§6§4a§x§7§4§7§4§7§4h§x§8§3§8§3§8§3a§x§9§3§9§3§9§3m§x§A§2§A§2§A§2ut§x§9§3§9§3§9§3 §x§8§3§8§3§8§3M§x§7§4§7§4§7§4a§x§6§4§6§4§6§4c§8e from storage
[14:21:52] > Horheee added x1 §f§l§8B§x§6§4§6§4§6§4a§x§7§4§7§4§7§4h§x§8§3§8§3§8§3a§x§9§3§9§3§9§3m§x§A§2§A§2§A§2ut§x§9§3§9§3§9§3 §x§8§3§8§3§8§3M§x§7§4§7§4§7§4a§x§6§4§6§4§6§4c§8e in auction for 900000.
[14:22:17] > micailatot buy x1 Enchanted book to Kodakoda for $150,000.
[14:22:54] > Horheee remove x1 §x§5§F§E§2§C§5Sunred Fishing rod from storage
[14:22:59] > Horheee added x1 §x§5§F§E§2§C§5Sunred Fishing rod in auction for 130000.
[14:23:44] > micailatot remove x1 Enchanted book from buy
[14:26:11] > Edabis added x1 §x§E§4§3§A§9§6§lW§x§E§7§5§3§A§3§lI§x§E§B§6§B§B§0§lN§x§E§E§8§4§B§D§lG§x§F§2§9§D§C§B§lS §x§F§8§C§E§E§5§lO§x§F§C§E§6§F§2§lF §x§F§C§E§6§F§2§lE§x§F§8§C§E§E§5§lT§x§F§5§B§5§D§8§lE§x§F§2§9§D§C§B§lR§x§E§E§8§4§B§D§lN§x§E§B§6§B§B§0§lI§x§E§7§5§3§A§3§lT§x§E§4§3§A§9§6§lY in auction for 9000000.
[14:27:06] > Horheee remove x1 §f§l§8B§x§6§4§6§4§6§4a§x§7§4§7§4§7§4h§x§8§3§8§3§8§3a§x§9§3§9§3§9§3m§x§A§2§A§2§A§2ut§x§9§3§9§3§9§3 §x§8§3§8§3§8§3M§x§7§4§7§4§7§4a§x§6§4§6§4§6§4c§8e from storage
[14:27:14] > Horheee added x1 §f§l§8B§x§6§4§6§4§6§4a§x§7§4§7§4§7§4h§x§8§3§8§3§8§3a§x§9§3§9§3§9§3m§x§A§2§A§2§A§2ut§x§9§3§9§3§9§3 §x§8§3§8§3§8§3M§x§7§4§7§4§7§4a§x§6§4§6§4§6§4c§8e in auction for 900000.
[14:29:18] > sky_edits added x1 §f§bRavager Plushie §6(#76/101) in auction for 200000.
[14:32:38] > micailatot added x1 Nether star in auction for 200000.
[14:33:03] > micailatot remove x1 §f§x§F§9§A§2§0§DP§x§F§2§9§E§0§Du§x§E§B§9§9§0§Dm§x§E§3§9§5§0§Dp§x§D§C§9§0§0§Dk§x§D§5§8§C§0§Di§x§C§E§8§7§0§Dn§x§C§7§8§3§0§D §x§B§F§7§E§0§DH§x§B§8§7§A§0§Da§x§B§1§7§5§0§Dt from storage
[14:33:12] > micailatot added x1 §f§x§F§9§A§2§0§DP§x§F§2§9§E§0§Du§x§E§B§9§9§0§Dm§x§E§3§9§5§0§Dp§x§D§C§9§0§0§Dk§x§D§5§8§C§0§Di§x§C§E§8§7§0§Dn§x§C§7§8§3§0§D §x§B§F§7§E§0§DH§x§B§8§7§A§0§Da§x§B§1§7§5§0§Dt in auction for 200000.
[14:38:32] > Horheee remove x1 §x§F§F§5§5§0§0§lsᴇʟʟᴡᴀɴᴅ §6- 5.0x from storage
[14:38:35] > micailatot added x17 Wala lang im bored in auction for 100000.
[14:38:39] > Horheee added x1 §x§F§F§5§5§0§0§lsᴇʟʟᴡᴀɴᴅ §6- 5.0x in auction for 350000.
[14:39:47] > sky_edits added x1 §x§F§F§5§5§0§0§lsᴇʟʟᴡᴀɴᴅ §6- 10.0x in auction for 200000.
[14:39:52] > EnderDragon0120 buy x1 §x§F§F§5§5§0§0§lsᴇʟʟᴡᴀɴᴅ §6- 10.0x to sky_edits for $200,000.
[14:40:03] > EnderDragon0120 remove x1 §x§F§F§5§5§0§0§lsᴇʟʟᴡᴀɴᴅ §6- 10.0x from buy
[14:41:19] > sky_edits buy x1 §x§5§F§E§2§C§5Sunred Fishing rod to Horheee for $130,000.
[14:41:26] > sky_edits buy x1 §x§E§5§1§B§1§B§lDracula Battleaxe to NoClarity for $75,000.
[14:41:34] > sky_edits remove x1 §x§E§5§1§B§1§B§lDracula Battleaxe from buy
[14:41:35] > sky_edits remove x1 §x§5§F§E§2§C§5Sunred Fishing rod from buy
[14:41:52] > Horheee added x1 §x§F§F§3§E§0§0§lD§x§F§F§3§6§0§0§le§x§F§F§2§F§0§0§lm§x§F§F§2§7§0§0§lo§x§F§F§1§F§0§0§ln §x§F§F§1§0§0§0§lL§x§F§F§0§8§0§0§lo§x§F§F§0§0§0§0§lr§x§F§F§0§9§0§0§ld §x§F§F§1§B§0§0§lB§x§F§F§2§3§0§0§lo§x§F§F§2§C§0§0§lo§x§F§F§3§5§0§0§lt§x§F§F§3§E§0§0§ls in auction for 1000000.
[14:41:59] > Horheee remove x1 §x§F§F§3§E§0§0§lD§x§F§F§3§6§0§0§le§x§F§F§2§F§0§0§lm§x§F§F§2§7§0§0§lo§x§F§F§1§F§0§0§ln §x§F§F§1§0§0§0§lL§x§F§F§0§8§0§0§lo§x§F§F§0§0§0§0§lr§x§F§F§0§9§0§0§ld §x§F§F§1§B§0§0§lB§x§F§F§2§3§0§0§lo§x§F§F§2§C§0§0§lo§x§F§F§3§5§0§0§lt§x§F§F§3§E§0§0§ls from storage
[14:42:06] > Horheee added x1 §x§F§F§3§E§0§0§lD§x§F§F§3§6§0§0§le§x§F§F§2§F§0§0§lm§x§F§F§2§7§0§0§lo§x§F§F§1§F§0§0§ln §x§F§F§1§0§0§0§lL§x§F§F§0§8§0§0§lo§x§F§F§0§0§0§0§lr§x§F§F§0§9§0§0§ld §x§F§F§1§B§0§0§lB§x§F§F§2§3§0§0§lo§x§F§F§2§C§0§0§lo§x§F§F§3§5§0§0§lt§x§F§F§3§E§0§0§ls in auction for 1500000.
[14:42:41] > sky_edits added x1 §x§F§F§7§C§0§0§lSteamsparks Hoe in auction for 300000.
[14:46:15] > Horheee remove x1 §f§l§8B§x§6§4§6§4§6§4a§x§7§4§7§4§7§4h§x§8§3§8§3§8§3a§x§9§3§9§3§9§3m§x§A§2§A§2§A§2ut§x§9§3§9§3§9§3 §x§8§3§8§3§8§3M§x§7§4§7§4§7§4a§x§6§4§6§4§6§4c§8e from storage
[14:46:22] > Horheee added x1 §f§l§8B§x§6§4§6§4§6§4a§x§7§4§7§4§7§4h§x§8§3§8§3§8§3a§x§9§3§9§3§9§3m§x§A§2§A§2§A§2ut§x§9§3§9§3§9§3 §x§8§3§8§3§8§3M§x§7§4§7§4§7§4a§x§6§4§6§4§6§4c§8e in auction for 850000.
[14:53:56] > micailatot remove x17 Wala lang im bored from storage
[14:56:40] > micailatot added x8 Wala lang im bored in auction for 10000.
[14:57:01] > kentchalin buy x8 Wala lang im bored to micailatot for $10,000.
[14:57:47] > micailatot remove x1 §f§l§x§E§4§3§A§3§AM§x§D§5§4§9§3§Ae§x§C§6§5§9§3§Ar§x§B§7§6§8§3§9r§x§A§8§7§8§3§9y§x§9§9§8§7§3§9 §x§8§9§9§6§3§9C§x§7§A§A§6§3§9h§x§6§B§B§5§3§8r§x§5§C§C§5§3§8i§x§4§D§D§4§3§8s§x§5§C§C§5§3§8t§x§6§B§B§5§3§8m§x§7§A§A§6§3§9a§x§8§9§9§6§3§9s§x§9§9§8§7§3§9 §x§A§8§7§8§3§9S§x§B§7§6§8§3§9p§x§C§6§5§9§3§Ae§x§D§5§4§9§3§Aa§x§E§4§3§A§3§Ar from storage
[14:58:20] > Horheee remove x1 §x§F§F§5§5§0§0§lsᴇʟʟᴡᴀɴᴅ §6- 5.0x from storage
[14:58:27] > Horheee added x1 §x§F§F§5§5§0§0§lsᴇʟʟᴡᴀɴᴅ §6- 5.0x in auction for 300000.
[14:58:45] > Icon_Skully buy x1 §x§F§F§5§5§0§0§lsᴇʟʟᴡᴀɴᴅ §6- 5.0x to Horheee for $300,000.
[14:59:26] > Icon_Skully remove x1 Enchanted book from buy
[14:59:26] > Icon_Skully remove x1 §x§F§F§5§5§0§0§lsᴇʟʟᴡᴀɴᴅ §6- 5.0x from buy
[14:59:46] > Horheee remove x1 §x§F§F§3§E§0§0§lSellwand Voucher from storage
[14:59:53] > Horheee added x1 §x§F§F§3§E§0§0§lSellwand Voucher in auction for 800000.
[15:00:13] > Horheee added x1 §fMedieval Hat in auction for 50000.
[15:01:37] > Horheee remove x1 §fMedieval Hat from storage
[15:01:48] > Horheee added x1 Totem of undying in auction for 150000.
[15:01:57] > micailatot added x1 Enchanted book in auction for 10000.
[15:01:59] > Horheee remove x1 §x§F§F§3§E§0§0§lSellwand Voucher from storage
[15:02:13] > Horheee added x1 §x§F§F§5§5§0§0§lsᴇʟʟᴡᴀɴᴅ §6- 10.0x in auction for 800000.
[15:03:37] > Horheee remove x1 §f§l§8B§x§6§4§6§4§6§4a§x§7§4§7§4§7§4h§x§8§3§8§3§8§3a§x§9§3§9§3§9§3m§x§A§2§A§2§A§2ut§x§9§3§9§3§9§3 §x§8§3§8§3§8§3M§x§7§4§7§4§7§4a§x§6§4§6§4§6§4c§8e from storage
[15:03:49] > Horheee added x1 §f§l§8B§x§6§4§6§4§6§4a§x§7§4§7§4§7§4h§x§8§3§8§3§8§3a§x§9§3§9§3§9§3m§x§A§2§A§2§A§2ut§x§9§3§9§3§9§3 §x§8§3§8§3§8§3M§x§7§4§7§4§7§4a§x§6§4§6§4§6§4c§8e in auction for 850000.
[15:04:47] > Horheee remove x1 §x§F§F§5§5§0§0§lsᴇʟʟᴡᴀɴᴅ §6- 10.0x from storage
[15:05:06] > micailatot remove x1 Enchanted book from storage
[15:05:09] > Horheee added x1 §x§F§F§5§5§0§0§lsᴇʟʟᴡᴀɴᴅ §6- 10.0x in auction for 850000.
[15:06:00] > Horheee remove x1 §x§E§5§1§B§1§B§lDracula Staff from storage
[15:06:06] > Horheee added x1 §x§E§5§1§B§1§B§lDracula Staff in auction for 150000.
[15:09:06] > Horheee remove x1 §x§F§F§7§C§0§0§lSteamsparks Blade from storage
[15:09:14] > Horheee added x1 §x§F§F§7§C§0§0§lSteamsparks Blade in auction for 190000.
[15:09:47] > Horheee remove x1 §x§F§F§5§5§0§0§lsᴇʟʟᴡᴀɴᴅ §6- 10.0x from storage
[15:09:54] > Horheee added x1 §x§F§F§5§5§0§0§lsᴇʟʟᴡᴀɴᴅ §6- 10.0x in auction for 1000000.
[15:10:42] > Horheee remove x1 Totem of undying from storage
[15:10:43] > Horheee remove x1 §x§F§F§3§E§0§0§lD§x§F§F§3§6§0§0§le§x§F§F§2§F§0§0§lm§x§F§F§2§7§0§0§lo§x§F§F§1§F§0§0§ln §x§F§F§1§0§0§0§lL§x§F§F§0§8§0§0§lo§x§F§F§0§0§0§0§lr§x§F§F§0§9§0§0§ld §x§F§F§1§B§0§0§lB§x§F§F§2§3§0§0§lo§x§F§F§2§C§0§0§lo§x§F§F§3§5§0§0§lt§x§F§F§3§E§0§0§ls from storage
[15:10:44] > Horheee remove x1 §f§l§8B§x§6§4§6§4§6§4a§x§7§4§7§4§7§4h§x§8§3§8§3§8§3a§x§9§3§9§3§9§3m§x§A§2§A§2§A§2ut§x§9§3§9§3§9§3 §x§8§3§8§3§8§3M§x§7§4§7§4§7§4a§x§6§4§6§4§6§4c§8e from storage
[15:10:51] > Horheee added x1 §f§l§8B§x§6§4§6§4§6§4a§x§7§4§7§4§7§4h§x§8§3§8§3§8§3a§x§9§3§9§3§9§3m§x§A§2§A§2§A§2ut§x§9§3§9§3§9§3 §x§8§3§8§3§8§3M§x§7§4§7§4§7§4a§x§6§4§6§4§6§4c§8e in auction for 1100000.
[15:11:02] > Horheee added x1 §x§F§F§3§E§0§0§lD§x§F§F§3§6§0§0§le§x§F§F§2§F§0§0§lm§x§F§F§2§7§0§0§lo§x§F§F§1§F§0§0§ln §x§F§F§1§0§0§0§lL§x§F§F§0§8§0§0§lo§x§F§F§0§0§0§0§lr§x§F§F§0§9§0§0§ld §x§F§F§1§B§0§0§lB§x§F§F§2§3§0§0§lo§x§F§F§2§C§0§0§lo§x§F§F§3§5§0§0§lt§x§F§F§3§E§0§0§ls in auction for 1500000.
[15:12:41] > Horheee added x1 §7Cemetery Hat in auction for 50000.
[15:26:31] > Arthur buy x1 §f§l§8B§x§6§6§6§6§6§6a§x§7§7§7§7§7§7h§x§8§8§8§8§8§8a§x§9§9§9§9§9§9m§7u§x§9§9§9§9§9§9t§x§8§8§8§8§8§8 §x§7§7§7§7§7§7B§x§6§6§6§6§6§6o§8w to Renzy01 for $400,000.
[15:29:35] > Anc_Kyoto remove x1 §f§l§8B§x§6§3§6§3§6§3a§x§7§1§7§1§7§1h§x§8§0§8§0§8§0a§x§8§E§8§E§8§Em§x§9§C§9§C§9§Cu§7t§x§9§C§9§C§9§C §x§8§E§8§E§8§ES§x§8§0§8§0§8§0p§x§7§1§7§1§7§1e§x§6§3§6§3§6§3a§8r from storage
[15:29:36] > Anc_Kyoto remove x1 §f§l§x§E§4§3§A§3§AM§x§D§5§4§9§3§Ae§x§C§6§5§9§3§Ar§x§B§7§6§8§3§9r§x§A§8§7§8§3§9y§x§9§9§8§7§3§9 §x§8§9§9§6§3§9C§x§7§A§A§6§3§9h§x§6§B§B§5§3§8r§x§5§C§C§5§3§8i§x§4§D§D§4§3§8s§x§5§C§C§5§3§8t§x§6§B§B§5§3§8m§x§7§A§A§6§3§9a§x§8§9§9§6§3§9s§x§9§9§8§7§3§9 §x§A§8§7§8§3§9S§x§B§7§6§8§3§9p§x§C§6§5§9§3§Ae§x§D§5§4§9§3§Aa§x§E§4§3§A§3§Ar from storage
[15:29:42] > Arthur remove x1 §f§l§8B§x§6§6§6§6§6§6a§x§7§7§7§7§7§7h§x§8§8§8§8§8§8a§x§9§9§9§9§9§9m§7u§x§9§9§9§9§9§9t§x§8§8§8§8§8§8 §x§7§7§7§7§7§7B§x§6§6§6§6§6§6o§8w from buy
[15:30:12] > Anc_Kyoto added x1 §f§l§8B§x§6§3§6§3§6§3a§x§7§1§7§1§7§1h§x§8§0§8§0§8§0a§x§8§E§8§E§8§Em§x§9§C§9§C§9§Cu§7t§x§9§C§9§C§9§C §x§8§E§8§E§8§ES§x§8§0§8§0§8§0p§x§7§1§7§1§7§1e§x§6§3§6§3§6§3a§8r in auction for 2000000.
[15:30:27] > Anc_Kyoto added x1 §f§l§x§E§4§3§A§3§AM§x§D§5§4§9§3§Ae§x§C§6§5§9§3§Ar§x§B§7§6§8§3§9r§x§A§8§7§8§3§9y§x§9§9§8§7§3§9 §x§8§9§9§6§3§9C§x§7§A§A§6§3§9h§x§6§B§B§5§3§8r§x§5§C§C§5§3§8i§x§4§D§D§4§3§8s§x§5§C§C§5§3§8t§x§6§B§B§5§3§8m§x§7§A§A§6§3§9a§x§8§9§9§6§3§9s§x§9§9§8§7§3§9 §x§A§8§7§8§3§9S§x§B§7§6§8§3§9p§x§C§6§5§9§3§Ae§x§D§5§4§9§3§Aa§x§E§4§3§A§3§Ar in auction for 1500000.
[15:33:32] > _myboiyup buy x1 Diamond leggings to Kodakoda for $15,000.
[15:34:22] > _myboiyup remove x1 Diamond leggings from buy
[15:57:29] > quillking67 buy x1 Diamond leggings to .MARK48080 for $10,000.
[15:57:31] > quillking67 buy x1 Diamond boots to .MARK48080 for $10,000.
[15:57:56] > quillking67 remove x1 Diamond pickaxe from buy
[15:57:57] > quillking67 remove x1 Diamond shovel from buy
[15:57:58] > quillking67 remove x1 Diamond leggings from buy
[15:57:58] > quillking67 remove x1 Diamond boots from buy
[16:11:48] > tic_sz added x39 §bEntropy Crystal §8(§310,000§8) in auction for 20000000.
[17:32:05] > imnectarfr added x1 Enchanted book in auction for 10.
[17:32:21] > cart224 buy x1 Enchanted book to imnectarfr for $10.
[18:34:50] > x1 §f§l§x§8§A§0§0§F§FS§x§9§6§0§0§E§3h§x§A§1§0§0§C§6i§x§A§D§0§0§A§An§x§B§9§0§0§8§Ee§x§C§4§0§0§7§1 §x§D§0§0§0§5§5O§x§D§C§0§0§3§9n§x§E§7§0§0§1§Ci§x§F§3§0§0§0§0 §x§E§7§0§0§1§CB§x§D§C§0§0§3§9i§x§D§0§0§0§5§5g§x§C§4§0§0§7§1 §x§B§9§0§0§8§ES§x§A§D§0§0§A§Aw§x§A§1§0§0§C§6o§x§9§6§0§0§E§3r§x§8§A§0§0§F§Fd on sale by blueheadedzwager has just expired, it goes in the inventory of expired items.
[18:34:50] > x1 §f§l§x§8§A§0§0§F§FS§x§9§6§0§0§E§3h§x§A§1§0§0§C§6i§x§A§D§0§0§A§An§x§B§9§0§0§8§Ee§x§C§4§0§0§7§1 §x§D§0§0§0§5§5O§x§D§C§0§0§3§9n§x§E§7§0§0§1§Ci§x§F§3§0§0§0§0 §x§E§7§0§0§1§CB§x§D§C§0§0§3§9i§x§D§0§0§0§5§5g§x§C§4§0§0§7§1 §x§B§9§0§0§8§ES§x§A§D§0§0§A§Aw§x§A§1§0§0§C§6o§x§9§6§0§0§E§3r§x§8§A§0§0§F§Fd on sale by blueheadedzwager has just expired, it goes in the inventory of expired items.
[18:34:50] > x1 Enchanted book on sale by dejuugarr has just expired, it goes in the inventory of expired items.
[18:49:09] > x1 §x§F§F§5§5§0§0§lsᴇʟʟᴡᴀɴᴅ §6- 5.0x on sale by ravencabansay has just expired, it goes in the inventory of expired items.
[18:50:01] > PlayTexts added x1 Dried ghast in auction for 1000.
[18:50:07] > zappyduo buy x1 Dried ghast to PlayTexts for $1,000.
[18:50:16] > x64 Cooked beef, bought by Ryzxc, has just expired, the item is definitively deleted.
[18:50:16] > x1 Fishing rod, bought by nachfaust, has just expired, the item is definitively deleted.
[18:50:16] > x64 Cooked beef, bought by Ryzxc, has just expired, the item is definitively deleted.
[18:50:16] > x1 Enchanted book, bought by Ryzxc, has just expired, the item is definitively deleted.
[18:50:16] > x64 Cooked beef, bought by Ryzxc, has just expired, the item is definitively deleted.
[18:50:16] > x64 Cooked beef, bought by Ryzxc, has just expired, the item is definitively deleted.
[18:50:16] > x64 Cooked beef, bought by Ryzxc, has just expired, the item is definitively deleted.
[18:50:16] > x64 Cooked beef, bought by Ryzxc, has just expired, the item is definitively deleted.
[18:50:16] > x64 Cooked beef, bought by Ryzxc, has just expired, the item is definitively deleted.
[18:50:17] > zappyduo remove x1 Dried ghast form buy
[19:21:45] > McWhopper added x1 Totem of undying in auction for 100.
[19:21:49] > belvi__ buy x1 Totem of undying to McWhopper for $100.
[19:21:55] > belvi__ remove x1 Totem of undying from buy
[19:25:14] > Edabis remove x1 §x§E§4§3§A§9§6§lW§x§E§7§5§3§A§3§lI§x§E§B§6§B§B§0§lN§x§E§E§8§4§B§D§lG§x§F§2§9§D§C§B§lS §x§F§8§C§E§E§5§lO§x§F§C§E§6§F§2§lF §x§F§C§E§6§F§2§lE§x§F§8§C§E§E§5§lT§x§F§5§B§5§D§8§lE§x§F§2§9§D§C§B§lR§x§E§E§8§4§B§D§lN§x§E§B§6§B§B§0§lI§x§E§7§5§3§A§3§lT§x§E§4§3§A§9§6§lY from storage
[19:29:10] > McWhopper added x1 Diamond pickaxe in auction for 1000.
[19:32:49] > Icon_Skully added x1 §x§5§9§A§1§D§9§lA§x§7§5§B§1§D§Fr§x§9§0§C§0§E§6c§x§A§C§D§0§E§Ch§x§C§8§E§0§F§2a§x§E§3§E§F§F§9n§fg§x§E§3§E§F§F§9e§x§C§8§E§0§F§2l §x§9§0§C§0§E§6B§x§7§5§B§1§D§Fo§x§5§9§A§1§D§9w in auction for 200000.
[19:33:14] > Icon_Skully added x1 §fEnder Eye Axe in auction for 150000.
[19:33:26] > Icon_Skully added x1 §fEnder Eye Shovel in auction for 150000.
[19:33:38] > Icon_Skully added x1 §fEnder Eye Hoe in auction for 45000.
[19:34:41] > Icon_Skully added x1 Arcanegel Collection in auction for 500000.
[19:34:50] > belvi__ buy x1 Arcanegel Collection to Icon_Skully for $500,000.
[19:34:56] > belvi__ remove x1 Arcanegel Collection from buy
[19:40:42] > Icon_Skully added x1 §fEnder Eye Wings in auction for 3000000.
[19:41:20] > Icon_Skully added x1 §f§l§x§F§A§0§0§0§AD§x§F§A§1§E§1§6a§x§F§B§3§B§2§1r§x§F§B§5§9§2§Dk§x§F§B§7§7§3§9f§x§F§B§9§5§4§5l§x§F§C§B§2§5§0a§x§F§C§D§0§5§Cm§x§F§C§B§2§5§0e§x§F§B§9§5§4§5 §x§F§B§7§7§3§9S§x§F§B§5§9§2§Dp§x§F§B§3§B§2§1e§x§F§A§1§E§1§6a§x§F§A§0§0§0§Ar in auction for 250000.
[19:41:54] > Icon_Skully added x1 Shulker box in auction for 750000.
[19:43:53] > Icon_Skully added x1 §f§l§x§F§A§0§0§0§AD§x§F§A§1§E§1§6a§x§F§B§3§B§2§1r§x§F§B§5§9§2§Dk§x§F§B§7§7§3§9f§x§F§B§9§5§4§5l§x§F§C§B§2§5§0a§x§F§C§D§0§5§Cm§x§F§C§B§2§5§0e§x§F§B§9§5§4§5 §x§F§B§7§7§3§9W§x§F§B§5§9§2§Di§x§F§B§3§B§2§1n§x§F§A§1§E§1§6g§x§F§A§0§0§0§As in auction for 3000000.
[19:45:53] > Icon_Skully added x1 §f§l§x§F§A§0§0§0§AD§x§F§A§1§5§1§2a§x§F§A§2§A§1§Ar§x§F§B§3§E§2§3k§x§F§B§5§3§2§Bf§x§F§B§6§8§3§3l§x§F§B§7§D§3§Ba§x§F§B§9§2§4§3m§x§F§C§A§6§4§Ce§x§F§C§B§B§5§4 §x§F§C§D§0§5§CF§x§F§C§B§B§5§4i§x§F§C§A§6§4§Cs§x§F§B§9§2§4§3h§x§F§B§7§D§3§Bi§x§F§B§6§8§3§3n§x§F§B§5§3§2§Bg§x§F§B§3§E§2§3 §x§F§A§2§A§1§AR§x§F§A§1§5§1§2o§x§F§A§0§0§0§Ad in auction for 150000.
[19:47:37] > Icon_Skully remove x1 §f§l§x§F§A§0§0§0§AD§x§F§A§1§E§1§6a§x§F§B§3§B§2§1r§x§F§B§5§9§2§Dk§x§F§B§7§7§3§9f§x§F§B§9§5§4§5l§x§F§C§B§2§5§0a§x§F§C§D§0§5§Cm§x§F§C§B§2§5§0e§x§F§B§9§5§4§5 §x§F§B§7§7§3§9W§x§F§B§5§9§2§Di§x§F§B§3§B§2§1n§x§F§A§1§E§1§6g§x§F§A§0§0§0§As from storage
[19:47:55] > Icon_Skully added x1 §x§6§0§0§0§F§F§lɢᴏᴅʟʏ ɪᴛᴇᴍ in auction for 3000000.
[19:52:55] > Icon_Skully remove x1 §fEnder Eye Wings from storage
[20:09:20] > x1 Luruca Cat ver., item of Luruca, has just expired, the item is definitively deleted.
[20:09:20] > x1 D.I.Y. "Nebula", item of Luruca, has just expired, the item is definitively deleted.
[20:09:20] > x1 §x§E§5§1§B§1§B§lDracula Dagger, item of waldoo303, has just expired, the item is definitively deleted.
[20:09:20] > x1 Silence armor trim smithing template, item of Johng10910, has just expired, the item is definitively deleted.
[20:10:46] > Skwylie buy x1 §x§F§F§3§E§0§0§lD§x§F§F§3§6§0§0§le§x§F§F§2§F§0§0§lm§x§F§F§2§7§0§0§lo§x§F§F§1§F§0§0§ln §x§F§F§1§0§0§0§lL§x§F§F§0§8§0§0§lo§x§F§F§0§0§0§0§lr§x§F§F§0§9§0§0§ld §x§F§F§1§B§0§0§lB§x§F§F§2§3§0§0§lo§x§F§F§2§C§0§0§lo§x§F§F§3§5§0§0§lt§x§F§F§3§E§0§0§ls to Horheee for $1,500,000.
[20:12:57] > Skwylie remove x1 §x§F§F§3§E§0§0§lD§x§F§F§3§6§0§0§le§x§F§F§2§F§0§0§lm§x§F§F§2§7§0§0§lo§x§F§F§1§F§0§0§ln §x§F§F§1§0§0§0§lL§x§F§F§0§8§0§0§lo§x§F§F§0§0§0§0§lr§x§F§F§0§9§0§0§ld §x§F§F§1§B§0§0§lB§x§F§F§2§3§0§0§lo§x§F§F§2§C§0§0§lo§x§F§F§3§5§0§0§lt§x§F§F§3§E§0§0§ls from buy
[20:32:33] > ReKYee buy x1 §fEnder Eye Hoe to Icon_Skully for $45,000.
[20:32:35] > ReKYee buy x1 §fEnder Eye Axe to Icon_Skully for $150,000.
[20:33:05] > ReKYee buy x1 §fEnder Eye Shovel to Icon_Skully for $150,000.
[20:33:16] > ReKYee remove x1 §fEnder Eye Shovel from buy
[20:33:16] > ReKYee remove x1 §fEnder Eye Axe from buy
[20:33:16] > ReKYee remove x1 §fEnder Eye Hoe from buy
[20:35:44] > ReKYee buy x1 §x§5§9§A§1§D§9§lA§x§7§5§B§1§D§Fr§x§9§0§C§0§E§6c§x§A§C§D§0§E§Ch§x§C§8§E§0§F§2a§x§E§3§E§F§F§9n§fg§x§E§3§E§F§F§9e§x§C§8§E§0§F§2l §x§9§0§C§0§E§6B§x§7§5§B§1§D§Fo§x§5§9§A§1§D§9w to Icon_Skully for $200,000.
[20:49:34] > alecczzz added x1 §f§l§x§8§A§0§0§F§FS§x§9§9§0§0§D§Bh§x§A§8§0§0§B§6i§x§B§7§0§0§9§2n§x§C§6§0§0§6§De§x§D§5§0§0§4§9 §x§E§4§0§0§2§4O§x§F§3§0§0§0§0n§x§E§4§0§0§2§4i§x§D§5§0§0§4§9 §x§C§6§0§0§6§DS§x§B§7§0§0§9§2p§x§A§8§0§0§B§6e§x§9§9§0§0§D§Ba§x§8§A§0§0§F§Fr in auction for 10.
[20:49:38] > 8it5inn buy x1 §f§l§x§8§A§0§0§F§FS§x§9§9§0§0§D§Bh§x§A§8§0§0§B§6i§x§B§7§0§0§9§2n§x§C§6§0§0§6§De§x§D§5§0§0§4§9 §x§E§4§0§0§2§4O§x§F§3§0§0§0§0n§x§E§4§0§0§2§4i§x§D§5§0§0§4§9 §x§C§6§0§0§6§DS§x§B§7§0§0§9§2p§x§A§8§0§0§B§6e§x§9§9§0§0§D§Ba§x§8§A§0§0§F§Fr to alecczzz for $10.
[20:50:08] > kentchalin buy x1 §f§l§x§F§A§0§0§0§AD§x§F§A§1§5§1§2a§x§F§A§2§A§1§Ar§x§F§B§3§E§2§3k§x§F§B§5§3§2§Bf§x§F§B§6§8§3§3l§x§F§B§7§D§3§Ba§x§F§B§9§2§4§3m§x§F§C§A§6§4§Ce§x§F§C§B§B§5§4 §x§F§C§D§0§5§CF§x§F§C§B§B§5§4i§x§F§C§A§6§4§Cs§x§F§B§9§2§4§3h§x§F§B§7§D§3§Bi§x§F§B§6§8§3§3n§x§F§B§5§3§2§Bg§x§F§B§3§E§2§3 §x§F§A§2§A§1§AR§x§F§A§1§5§1§2o§x§F§A§0§0§0§Ad to Icon_Skully for $150,000.
[20:50:23] > x3 Porkchop, bought by Ryzxc, has just expired, the item is definitively deleted.
[20:50:24] > kentchalin remove x8 Wala lang im bored from buy
[20:50:26] > kentchalin remove x1 §f§l§x§F§A§0§0§0§AD§x§F§A§1§5§1§2a§x§F§A§2§A§1§Ar§x§F§B§3§E§2§3k§x§F§B§5§3§2§Bf§x§F§B§6§8§3§3l§x§F§B§7§D§3§Ba§x§F§B§9§2§4§3m§x§F§C§A§6§4§Ce§x§F§C§B§B§5§4 §x§F§C§D§0§5§CF§x§F§C§B§B§5§4i§x§F§C§A§6§4§Cs§x§F§B§9§2§4§3h§x§F§B§7§D§3§Bi§x§F§B§6§8§3§3n§x§F§B§5§3§2§Bg§x§F§B§3§E§2§3 §x§F§A§2§A§1§AR§x§F§A§1§5§1§2o§x§F§A§0§0§0§Ad from buy
[21:26:11] > x1 §x§5§9§A§1§D§9§lA§x§6§E§A§D§D§Er§x§8§3§B§9§E§3c§x§9§7§C§4§E§7h§x§A§C§D§0§E§Ca§x§C§1§D§C§F§1n§x§D§6§E§8§F§6g§x§E§A§F§3§F§Ae§fl §x§D§0§E§4§F§4D§x§B§8§D§7§E§Fa§x§A§0§C§9§E§9g§x§8§8§B§C§E§4g§x§7§1§A§E§D§Ee§x§5§9§A§1§D§9r on sale by mumbowe777 has just expired, it goes in the inventory of expired items.
[22:27:19] > blueheadedzwager buy x1 §f§bRavager Plushie §6(#76/101) to sky_edits for $200,000.
[22:27:52] > blueheadedzwager buy x1 §fPiglin Brute Plushie §6(#65/101) to Julene for $25,000.
[22:28:04] > blueheadedzwager remove x1 §fPiglin Brute Plushie §6(#65/101) from buy
[22:28:04] > blueheadedzwager remove x1 §f§bRavager Plushie §6(#76/101) from buy
[22:37:40] > Horheee remove x1 §f§l§8B§x§6§4§6§4§6§4a§x§7§4§7§4§7§4h§x§8§3§8§3§8§3a§x§9§3§9§3§9§3m§x§A§2§A§2§A§2ut§x§9§3§9§3§9§3 §x§8§3§8§3§8§3M§x§7§4§7§4§7§4a§x§6§4§6§4§6§4c§8e from storage
[22:37:48] > Horheee added x1 §f§l§8B§x§6§4§6§4§6§4a§x§7§4§7§4§7§4h§x§8§3§8§3§8§3a§x§9§3§9§3§9§3m§x§A§2§A§2§A§2ut§x§9§3§9§3§9§3 §x§8§3§8§3§8§3M§x§7§4§7§4§7§4a§x§6§4§6§4§6§4c§8e in auction for 800000.
[22:38:19] > Horheee remove x1 §x§E§5§1§B§1§B§lDracula Staff from storage
[22:38:21] > Horheee remove x1 §x§F§F§7§C§0§0§lSteamsparks Blade from storage
[22:38:28] > Horheee added x1 §x§E§5§1§B§1§B§lDracula Staff in auction for 200000.
[22:38:39] > Horheee added x1 §x§F§F§7§C§0§0§lSteamsparks Blade in auction for 200000.
[22:41:58] > Trapers1 added x1 §x§F§F§5§5§0§0§lsᴇʟʟᴡᴀɴᴅ §6- 10.0x in auction for 1000000.
[22:42:39] > Horheee added x1 §x§F§F§3§E§0§0§lSellwand Voucher in auction for 1200000.
[22:44:26] > PlayTexts added x1 §x§F§F§5§5§0§0§lsᴇʟʟᴡᴀɴᴅ §6- 5.0x in auction for 350000.
[22:44:41] > PlayTexts added x1 §x§F§F§5§5§0§0§lsᴇʟʟᴡᴀɴᴅ §6- 5.0x in auction for 350000.
[22:44:55] > Horheee remove x1 §x§F§F§3§E§0§0§lSellwand Voucher from storage
[22:45:09] > Horheee added x1 §x§F§F§3§E§0§0§lSellwand Voucher in auction for 1000000.
[22:46:20] > ochirsopvp added x1 Spectral arrow in auction for 500.
[22:47:46] > killergamerhihi added x64 Wind charge in auction for 128000.
[22:47:56] > PlayTexts buy x64 Wind charge to killergamerhihi for $128,000.
[22:49:18] > x1 §fZombified Piglin Plushie §6(#101/101), bought by Trapers1, has just expired, the item is definitively deleted.
[22:49:18] > x64 Experience bottle, bought by Takeremu, has just expired, the item is definitively deleted.
[22:49:18] > x1 §fHorse Plushie §6(#45/101), bought by scarlettti, has just expired, the item is definitively deleted.
[22:49:18] > x64 Experience bottle, bought by Takeremu, has just expired, the item is definitively deleted.
[22:49:20] > PlayTexts remove x11 Wind charge from buy
[22:49:20] > PlayTexts remove x33 Wind charge from buy
[22:49:21] > Horheee remove x1 §7Cemetery Hat from storage
[22:49:23] > Horheee remove x1 §x§F§F§5§5§0§0§lsᴇʟʟᴡᴀɴᴅ §6- 10.0x from storage
[22:49:30] > Horheee added x1 §x§F§F§5§5§0§0§lsᴇʟʟᴡᴀɴᴅ §6- 10.0x in auction for 950000.
[22:49:42] > Horheee added x1 §x§5§9§A§1§D§9§lA§x§6§A§A§A§D§Dr§x§7§A§B§4§E§1c§x§8§B§B§D§E§4h§x§9§B§C§7§E§8a§x§A§C§D§0§E§Cn§x§B§D§D§9§F§0g§x§C§D§E§3§F§4e§x§D§E§E§C§F§7l §fF§x§E§E§F§6§F§Bi§x§D§E§E§C§F§7s§x§C§D§E§3§F§4h§x§B§D§D§9§F§0i§x§A§C§D§0§E§Cn§x§9§B§C§7§E§8g §x§7§A§B§4§E§1R§x§6§A§A§A§D§Do§x§5§9§A§1§D§9d in auction for 300000.
[22:51:54] > Horheee remove x1 §x§F§F§3§E§0§0§lSellwand Voucher from storage
[22:52:09] > Horheee added x1 §x§F§F§3§E§0§0§lSellwand Voucher in auction for 800000.
[22:52:40] > Horheee remove x1 §x§5§9§A§1§D§9§lA§x§6§A§A§A§D§Dr§x§7§A§B§4§E§1c§x§8§B§B§D§E§4h§x§9§B§C§7§E§8a§x§A§C§D§0§E§Cn§x§B§D§D§9§F§0g§x§C§D§E§3§F§4e§x§D§E§E§C§F§7l §fF§x§E§E§F§6§F§Bi§x§D§E§E§C§F§7s§x§C§D§E§3§F§4h§x§B§D§D§9§F§0i§x§A§C§D§0§E§Cn§x§9§B§C§7§E§8g §x§7§A§B§4§E§1R§x§6§A§A§A§D§Do§x§5§9§A§1§D§9d from storage
[22:52:45] > Horheee added x1 §x§5§9§A§1§D§9§lA§x§6§A§A§A§D§Dr§x§7§A§B§4§E§1c§x§8§B§B§D§E§4h§x§9§B§C§7§E§8a§x§A§C§D§0§E§Cn§x§B§D§D§9§F§0g§x§C§D§E§3§F§4e§x§D§E§E§C§F§7l §fF§x§E§E§F§6§F§Bi§x§D§E§E§C§F§7s§x§C§D§E§3§F§4h§x§B§D§D§9§F§0i§x§A§C§D§0§E§Cn§x§9§B§C§7§E§8g §x§7§A§B§4§E§1R§x§6§A§A§A§D§Do§x§5§9§A§1§D§9d in auction for 250000.
[22:53:01] > rlya added x57 Diamond in auction for 2000.
[22:58:06] > Trapers1 remove x1 §x§F§F§5§5§0§0§lsᴇʟʟᴡᴀɴᴅ §6- 10.0x form storage
[23:10:08] > x1 §x§F§F§5§5§0§0§lsᴇʟʟᴡᴀɴᴅ §6- 5.0x on sale by SEAN4528 has just expired, it goes in the inventory of expired items.
[23:10:08] > x1 Heavy core on sale by SEAN4528 has just expired, it goes in the inventory of expired items.
[23:10:08] > Typeshe added x1 §x§F§F§7§C§0§0§lSteamsparks Pickaxe in auction for 250000.
[23:18:06] > Muirfaha15 buy x57 Diamond to rlya for $2,000.
[23:18:12] > Muirfaha15 remove x57 Diamond from buy
[23:22:14] > Horheee remove x1 §x§F§F§3§E§0§0§lSellwand Voucher from storage
[23:22:22] > Horheee added x1 §x§F§F§3§E§0§0§lSellwand Voucher in auction for 800000.
[23:25:54] > Horheee remove x1 §x§F§F§5§5§0§0§lsᴇʟʟᴡᴀɴᴅ §6- 10.0x from storage
[23:26:04] > Horheee added x1 §x§F§F§5§5§0§0§lsᴇʟʟᴡᴀɴᴅ §6- 10.0x in auction for 900000.
[23:37:28] > x64 Experience bottle, bought by Takeremu, has just expired, the item is definitively deleted.
[23:37:28] > x64 Experience bottle, bought by Takeremu, has just expired, the item is definitively deleted.
[23:37:28] > x1 Pitcher pod, bought by dearestyumeko, has just expired, the item is definitively deleted.
[23:39:34] > Horheee remove x1 §x§F§F§7§C§0§0§lSteamsparks Blade from storage
[23:39:39] > Horheee added x2 §c§lPlatinum Lure in auction for 400000.
[23:39:49] > ozkar2 buy x1 Diamond pickaxe to McWhopper for $1,000.
[23:40:10] > ozkar2 remove x1 Diamond pickaxe from buy
[23:40:15] > Horheee added x1 §x§E§5§1§B§1§B§lDracula Spear in auction for 200000.
[23:41:34] > Horheee remove x1 §x§F§F§3§E§0§0§lSellwand Voucher from storage
[23:41:40] > Horheee added x1 §x§F§F§3§E§0§0§lSellwand Voucher in auction for 750000.
[23:42:14] > Horheee remove x1 §f§l§8B§x§6§4§6§4§6§4a§x§7§4§7§4§7§4h§x§8§3§8§3§8§3a§x§9§3§9§3§9§3m§x§A§2§A§2§A§2ut§x§9§3§9§3§9§3 §x§8§3§8§3§8§3M§x§7§4§7§4§7§4a§x§6§4§6§4§6§4c§8e from storage
[23:42:18] > Horheee added x1 §f§l§8B§x§6§4§6§4§6§4a§x§7§4§7§4§7§4h§x§8§3§8§3§8§3a§x§9§3§9§3§9§3m§x§A§2§A§2§A§2ut§x§9§3§9§3§9§3 §x§8§3§8§3§8§3M§x§7§4§7§4§7§4a§x§6§4§6§4§6§4c§8e in auction for 700000.
[23:45:21] > Horheee remove x1 §x§5§9§A§1§D§9§lA§x§6§A§A§A§D§Dr§x§7§A§B§4§E§1c§x§8§B§B§D§E§4h§x§9§B§C§7§E§8a§x§A§C§D§0§E§Cn§x§B§D§D§9§F§0g§x§C§D§E§3§F§4e§x§D§E§E§C§F§7l §fF§x§E§E§F§6§F§Bi§x§D§E§E§C§F§7s§x§C§D§E§3§F§4h§x§B§D§D§9§F§0i§x§A§C§D§0§E§Cn§x§9§B§C§7§E§8g §x§7§A§B§4§E§1R§x§6§A§A§A§D§Do§x§5§9§A§1§D§9d from storage
[23:45:29] > Horheee added x1 §x§5§9§A§1§D§9§lA§x§6§A§A§A§D§Dr§x§7§A§B§4§E§1c§x§8§B§B§D§E§4h§x§9§B§C§7§E§8a§x§A§C§D§0§E§Cn§x§B§D§D§9§F§0g§x§C§D§E§3§F§4e§x§D§E§E§C§F§7l §fF§x§E§E§F§6§F§Bi§x§D§E§E§C§F§7s§x§C§D§E§3§F§4h§x§B§D§D§9§F§0i§x§A§C§D§0§E§Cn§x§9§B§C§7§E§8g §x§7§A§B§4§E§1R§x§6§A§A§A§D§Do§x§5§9§A§1§D§9d in auction for 500000.
[23:45:38] > Horheee remove x2 §c§lPlatinum Lure from storage
[23:45:44] > Horheee added x2 §c§lPlatinum Lure in auction for 350000.
[23:46:15] > Horheee remove x1 §x§F§F§5§5§0§0§lsᴇʟʟᴡᴀɴᴅ §6- 10.0x from storage
[23:46:20] > Horheee added x1 §x§F§F§5§5§0§0§lsᴇʟʟᴡᴀɴᴅ §6- 10.0x in auction for 850000.
[23:46:58] > Horheee remove x1 §f§l§8B§x§6§4§6§4§6§4a§x§7§4§7§4§7§4h§x§8§3§8§3§8§3a§x§9§3§9§3§9§3m§x§A§2§A§2§A§2ut§x§9§3§9§3§9§3 §x§8§3§8§3§8§3M§x§7§4§7§4§7§4a§x§6§4§6§4§6§4c§8e from storage
[23:47:03] > Horheee added x1 §f§l§8B§x§6§4§6§4§6§4a§x§7§4§7§4§7§4h§x§8§3§8§3§8§3a§x§9§3§9§3§9§3m§x§A§2§A§2§A§2ut§x§9§3§9§3§9§3 §x§8§3§8§3§8§3M§x§7§4§7§4§7§4a§x§6§4§6§4§6§4c§8e in auction for 750000.
[23:47:11] > ochirsopvp added x1 §x§F§F§5§5§0§0§lsᴇʟʟᴡᴀɴᴅ §6- 10.0x in auction for 500000.
[23:56:57] > Horheee remove x1 §x§F§F§5§5§0§0§lsᴇʟʟᴡᴀɴᴅ §6- 10.0x from storage
[23:57:17] > Horheee added x1 §x§F§F§5§5§0§0§lsᴇʟʟᴡᴀɴᴅ §6- 10.0x in auction for 750000.
[23:57:37] > Horheee remove x1 §x§F§F§3§E§0§0§lSellwand Voucher from storage
[23:57:51] > Horheee added x1 §x§F§F§5§5§0§0§lsᴇʟʟᴡᴀɴᴅ §6- 10.0x in auction for 500000.
[23:58:01] > Horheee remove x1 §x§F§F§5§5§0§0§lsᴇʟʟᴡᴀɴᴅ §6- 10.0x from storage
[23:58:02] > Horheee remove x1 §x§F§F§5§5§0§0§lsᴇʟʟᴡᴀɴᴅ §6- 10.0x from storage
[23:58:07] > Horheee added x1 §x§F§F§5§5§0§0§lsᴇʟʟᴡᴀɴᴅ §6- 10.0x in auction for 650000.
[23:58:14] > NoClarity buy x1 §x§F§F§5§5§0§0§lsᴇʟʟᴡᴀɴᴅ §6- 10.0x to aroraru for $2,000,000.
[23:58:19] > Horheee added x1 §x§F§F§5§5§0§0§lsᴇʟʟᴡᴀɴᴅ §6- 10.0x in auction for 650000.
[23:58:23] > NoClarity buy x1 §x§F§F§5§5§0§0§lsᴇʟʟᴡᴀɴᴅ §6- 10.0x to ochirsopvp for $500,000.
[23:58:35] > NoClarity buy x1 §x§F§F§5§5§0§0§lsᴇʟʟᴡᴀɴᴅ §6- 10.0x to Horheee for $650,000.
[23:58:40] > NoClarity buy x1 §x§F§F§5§5§0§0§lsᴇʟʟᴡᴀɴᴅ §6- 10.0x to Horheee for $650,000.
[23:59:06] > Horheee remove x1 §f§l§8B§x§6§4§6§4§6§4a§x§7§4§7§4§7§4h§x§8§3§8§3§8§3a§x§9§3§9§3§9§3m§x§A§2§A§2§A§2ut§x§9§3§9§3§9§3 §x§8§3§8§3§8§3M§x§7§4§7§4§7§4a§x§6§4§6§4§6§4c§8e from storage
[23:59:17] > Horheee added x1 §f§l§8B§x§6§4§6§4§6§4a§x§7§4§7§4§7§4h§x§8§3§8§3§8§3a§x§9§3§9§3§9§3m§x§A§2§A§2§A§2ut§x§9§3§9§3§9§3 §x§8§3§8§3§8§3M§x§7§4§7§4§7§4a§x§6§4§6§4§6§4c§8e in auction for 800000.
[23:59:47] > Horheee added x1 §x§5§9§A§1§D§9§lA§x§6§E§A§D§D§Er§x§8§3§B§9§E§3c§x§9§7§C§4§E§7h§x§A§C§D§0§E§Ca§x§C§1§D§C§F§1n§x§D§6§E§8§F§6g§x§E§A§F§3§F§Ae§fl §x§D§6§E§8§F§6P§x§C§1§D§C§F§1i§x§A§C§D§0§E§Cc§x§9§7§C§4§E§7k§x§8§3§B§9§E§3a§x§6§E§A§D§D§Ex§x§5§9§A§1§D§9e in auction for 500000.
[00:00:00] > Horheee added x1 §x§F§F§7§C§0§0§lSteamsparks Blade in auction for 200000.
[00:01:03] > Horheee remove x2 §c§lPlatinum Lure from storage
[00:01:08] > Horheee added x2 §c§lPlatinum Lure in auction for 300000.
[00:03:47] > Horheee remove x1 §x§E§5§1§B§1§B§lDracula Staff from storage
[00:04:01] > Horheee added x1 §x§E§5§1§B§1§B§lDracula Staff in auction for 150000.
[00:04:21] > Horheee remove x1 §x§5§9§A§1§D§9§lA§x§6§A§A§A§D§Dr§x§7§A§B§4§E§1c§x§8§B§B§D§E§4h§x§9§B§C§7§E§8a§x§A§C§D§0§E§Cn§x§B§D§D§9§F§0g§x§C§D§E§3§F§4e§x§D§E§E§C§F§7l §fF§x§E§E§F§6§F§Bi§x§D§E§E§C§F§7s§x§C§D§E§3§F§4h§x§B§D§D§9§F§0i§x§A§C§D§0§E§Cn§x§9§B§C§7§E§8g §x§7§A§B§4§E§1R§x§6§A§A§A§D§Do§x§5§9§A§1§D§9d from storage
[00:04:29] > Horheee added x1 §x§5§9§A§1§D§9§lA§x§6§A§A§A§D§Dr§x§7§A§B§4§E§1c§x§8§B§B§D§E§4h§x§9§B§C§7§E§8a§x§A§C§D§0§E§Cn§x§B§D§D§9§F§0g§x§C§D§E§3§F§4e§x§D§E§E§C§F§7l §fF§x§E§E§F§6§F§Bi§x§D§E§E§C§F§7s§x§C§D§E§3§F§4h§x§B§D§D§9§F§0i§x§A§C§D§0§E§Cn§x§9§B§C§7§E§8g §x§7§A§B§4§E§1R§x§6§A§A§A§D§Do§x§5§9§A§1§D§9d in auction for 350000.
[00:09:08] > Horheee remove x1 §x§E§5§1§B§1§B§lDracula Spear from storage
[00:09:09] > Horheee remove x1 §x§E§5§1§B§1§B§lDracula Staff from storage
[00:09:15] > Horheee added x1 §x§E§5§1§B§1§B§lDracula Spear in auction for 150000.
[00:09:27] > Horheee added x1 §x§E§5§1§B§1§B§lDracula Staff in auction for 150000.
[00:14:30] > Horheee remove x1 §f§l§8B§x§6§4§6§4§6§4a§x§7§4§7§4§7§4h§x§8§3§8§3§8§3a§x§9§3§9§3§9§3m§x§A§2§A§2§A§2ut§x§9§3§9§3§9§3 §x§8§3§8§3§8§3M§x§7§4§7§4§7§4a§x§6§4§6§4§6§4c§8e from storage
[00:14:41] > Horheee added x1 §f§l§8B§x§6§4§6§4§6§4a§x§7§4§7§4§7§4h§x§8§3§8§3§8§3a§x§9§3§9§3§9§3m§x§A§2§A§2§A§2ut§x§9§3§9§3§9§3 §x§8§3§8§3§8§3M§x§7§4§7§4§7§4a§x§6§4§6§4§6§4c§8e in auction for 750000.
[00:16:24] > Horheee remove x2 §c§lPlatinum Lure from storage
[00:16:36] > Horheee added x2 §c§lPlatinum Lure in auction for 200000.
[00:20:13] > ReKYee remove x1 §x§5§9§A§1§D§9§lA§x§7§5§B§1§D§Fr§x§9§0§C§0§E§6c§x§A§C§D§0§E§Ch§x§C§8§E§0§F§2a§x§E§3§E§F§F§9n§fg§x§E§3§E§F§F§9e§x§C§8§E§0§F§2l §x§9§0§C§0§E§6B§x§7§5§B§1§D§Fo§x§5§9§A§1§D§9w from buy
[00:20:33] > Horheee remove x2 §c§lPlatinum Lure from storage
[00:20:39] > Horheee added x1 §f§l§x§E§4§3§A§3§AM§x§D§3§4§B§3§Ae§x§C§2§5§C§3§Ar§x§B§2§6§D§3§9r§x§A§1§7§E§3§9y§x§9§0§9§0§3§9 §x§7§F§A§1§3§9C§x§6§F§B§2§3§8h§x§5§E§C§3§3§8r§x§4§D§D§4§3§8i§x§5§E§C§3§3§8s§x§6§F§B§2§3§8t§x§7§F§A§1§3§9m§x§9§0§9§0§3§9a§x§A§1§7§E§3§9s§x§B§2§6§D§3§9 §x§C§2§5§C§3§AH§x§D§3§4§B§3§Ao§x§E§4§3§A§3§Ae in auction for 400000.
[00:21:42] > Horheee remove x1 §x§E§5§1§B§1§B§lDracula Spear from storage
[00:21:47] > Horheee added x1 §c§lPlatinum Lure in auction for 50000.
[00:22:02] > Horheee remove x1 §c§lPlatinum Lure from storage
[00:22:10] > Horheee added x1 §x§E§5§1§B§1§B§lDracula Spear in auction for 150000.
[00:29:54] > Horheee remove x1 §f§l§x§E§4§3§A§3§AM§x§D§3§4§B§3§Ae§x§C§2§5§C§3§Ar§x§B§2§6§D§3§9r§x§A§1§7§E§3§9y§x§9§0§9§0§3§9 §x§7§F§A§1§3§9C§x§6§F§B§2§3§8h§x§5§E§C§3§3§8r§x§4§D§D§4§3§8i§x§5§E§C§3§3§8s§x§6§F§B§2§3§8t§x§7§F§A§1§3§9m§x§9§0§9§0§3§9a§x§A§1§7§E§3§9s§x§B§2§6§D§3§9 §x§C§2§5§C§3§AH§x§D§3§4§B§3§Ao§x§E§4§3§A§3§Ae from storage
[00:29:59] > Horheee added x1 Totem of undying in auction for 300000.
[01:15:02] > Horheee remove x1 Totem of undying from storage
[01:15:14] > Horheee added x1 Totem of undying in auction for 230000.
[01:30:03] > Horheee remove x1 §x§F§F§7§C§0§0§lSteamsparks Blade from storage
[01:30:10] > Horheee added x1 §x§F§F§7§C§0§0§lSteamsparks Blade in auction for 170000.
[01:30:58] > Horheee remove x1 §x§E§5§1§B§1§B§lDracula Staff from storage
[01:30:58] > Horheee remove x1 §x§E§5§1§B§1§B§lDracula Spear from storage
[01:31:14] > Horheee added x1 §x§E§5§1§B§1§B§lDracula Staff in auction for 100000.
[01:31:26] > Horheee added x1 §x§E§5§1§B§1§B§lDracula Spear in auction for 100000.
[01:35:31] > Ryzxc added x1 §x§5§F§E§2§C§5Forest Fishing rod in auction for 1500000.
[01:35:35] > Ryzxc remove x1 §x§5§F§E§2§C§5Forest Fishing rod from storage
[01:35:50] > Ryzxc added x1 §x§5§F§E§2§C§5Forest Fishing rod in auction for 150000.
[04:48:07] > x64 Sweet berries, bought by aroraru, has just expired, the item is definitively deleted.
[04:53:19] > Icon_Skully added x1 §fEnder Eye Wings in auction for 2500000.
[04:54:04] > makaylee added x1 §f§l§x§E§4§3§A§3§AM§x§D§7§4§7§3§Ae§x§C§A§5§5§3§Ar§x§B§D§6§2§3§9r§x§A§F§7§0§3§9y§x§A§2§7§D§3§9 §x§9§5§8§A§3§9C§x§8§8§9§8§3§9h§x§7§B§A§5§3§9r§x§6§E§B§3§3§8i§x§6§1§C§0§3§8s§x§5§4§C§D§3§8tm§x§6§1§C§0§3§8a§x§6§E§B§3§3§8s§x§7§B§A§5§3§9 §x§8§8§9§8§3§9C§x§9§5§8§A§3§9r§x§A§2§7§D§3§9o§x§A§F§7§0§3§9s§x§B§D§6§2§3§9s§x§C§A§5§5§3§Ab§x§D§7§4§7§3§Ao§x§E§4§3§A§3§Aw in auction for 80000.
[04:55:25] > Icon_Skully remove x1 §fEnder Eye Wings from storage
[04:55:28] > Icon_Skully remove x1 §x§6§0§0§0§F§F§lɢᴏᴅʟʏ ɪᴛᴇᴍ from storage
[04:55:30] > Icon_Skully remove x1 §f§l§x§F§A§0§0§0§AD§x§F§A§1§E§1§6a§x§F§B§3§B§2§1r§x§F§B§5§9§2§Dk§x§F§B§7§7§3§9f§x§F§B§9§5§4§5l§x§F§C§B§2§5§0a§x§F§C§D§0§5§Cm§x§F§C§B§2§5§0e§x§F§B§9§5§4§5 §x§F§B§7§7§3§9S§x§F§B§5§9§2§Dp§x§F§B§3§B§2§1e§x§F§A§1§E§1§6a§x§F§A§0§0§0§Ar from storage
[04:55:49] > Icon_Skully remove x1 Shulker box from storage
[04:56:00] > Icon_Skully added x1 §f§l§x§F§A§0§0§0§AD§x§F§A§1§E§1§6a§x§F§B§3§B§2§1r§x§F§B§5§9§2§Dk§x§F§B§7§7§3§9f§x§F§B§9§5§4§5l§x§F§C§B§2§5§0a§x§F§C§D§0§5§Cm§x§F§C§B§2§5§0e§x§F§B§9§5§4§5 §x§F§B§7§7§3§9S§x§F§B§5§9§2§Dp§x§F§B§3§B§2§1e§x§F§A§1§E§1§6a§x§F§A§0§0§0§Ar in auction for 200000.
[04:56:13] > Icon_Skully added x1 Shulker box in auction for 550000.
[04:57:13] > ochirsopvp buy x1 §f§l§x§F§A§0§0§0§AD§x§F§A§1§E§1§6a§x§F§B§3§B§2§1r§x§F§B§5§9§2§Dk§x§F§B§7§7§3§9f§x§F§B§9§5§4§5l§x§F§C§B§2§5§0a§x§F§C§D§0§5§Cm§x§F§C§B§2§5§0e§x§F§B§9§5§4§5 §x§F§B§7§7§3§9S§x§F§B§5§9§2§Dp§x§F§B§3§B§2§1e§x§F§A§1§E§1§6a§x§F§A§0§0§0§Ar to Icon_Skully for $200,000.
[04:57:54] > ochirsopvp remove x1 §f§l§x§F§A§0§0§0§AD§x§F§A§1§E§1§6a§x§F§B§3§B§2§1r§x§F§B§5§9§2§Dk§x§F§B§7§7§3§9f§x§F§B§9§5§4§5l§x§F§C§B§2§5§0a§x§F§C§D§0§5§Cm§x§F§C§B§2§5§0e§x§F§B§9§5§4§5 §x§F§B§7§7§3§9S§x§F§B§5§9§2§Dp§x§F§B§3§B§2§1e§x§F§A§1§E§1§6a§x§F§A§0§0§0§Ar from buy
[05:02:38] > Icon_Skully added x1 §f§l§x§E§4§3§A§3§AM§x§D§6§4§8§3§Ae§x§C§9§5§6§3§Ar§x§B§B§6§4§3§9r§x§A§D§7§2§3§9y§x§9§F§8§0§3§9 §x§9§2§8§E§3§9C§x§8§4§9§C§3§9h§x§7§6§A§A§3§9r§x§6§8§B§8§3§8i§x§5§B§C§6§3§8s§x§4§D§D§4§3§8t§x§5§B§C§6§3§8m§x§6§8§B§8§3§8a§x§7§6§A§A§3§9s§x§8§4§9§C§3§9 §x§9§2§8§E§3§9P§x§9§F§8§0§3§9i§x§A§D§7§2§3§9c§x§B§B§6§4§3§9k§x§C§9§5§6§3§Aa§x§D§6§4§8§3§Ax§x§E§4§3§A§3§Ae in auction for 150000.
[05:05:42] > NoClarity remove x1 100k/piece Neth armor form storage
[05:06:18] > NoClarity added x1 100k/piece Neth armor in auction for 899999999999999.
[05:08:36] > chineseA added x5 §x§F§C§9§0§5§C§lE§x§E§6§9§C§6§B§lp§x§C§F§A§7§7§A§li§x§B§9§B§3§8§9§lc §x§8§C§C§B§A§7§lC§x§7§5§D§6§B§6§lr§x§5§F§E§2§C§5§la§x§7§9§D§4§B§4§lt§x§9§3§C§7§A§2§le §x§C§8§A§B§7§F§lK§x§E§2§9§E§6§E§le§x§F§C§9§0§5§C§ly in auction for 10.
[05:10:37] > NoClarity remove x1 100k/piece Neth armor from storage
[05:11:08] > NoClarity added x1 100k/piece Neth armor in auction for 999999999999999.
[05:35:34] > Icon_Skully buy x5 §x§F§C§9§0§5§C§lE§x§E§6§9§C§6§B§lp§x§C§F§A§7§7§A§li§x§B§9§B§3§8§9§lc §x§8§C§C§B§A§7§lC§x§7§5§D§6§B§6§lr§x§5§F§E§2§C§5§la§x§7§9§D§4§B§4§lt§x§9§3§C§7§A§2§le §x§C§8§A§B§7§F§lK§x§E§2§9§E§6§E§le§x§F§C§9§0§5§C§ly to chineseA for $10.
[05:36:03] > Icon_Skully remove x5 §x§F§C§9§0§5§C§lE§x§E§6§9§C§6§B§lp§x§C§F§A§7§7§A§li§x§B§9§B§3§8§9§lc §x§8§C§C§B§A§7§lC§x§7§5§D§6§B§6§lr§x§5§F§E§2§C§5§la§x§7§9§D§4§B§4§lt§x§9§3§C§7§A§2§le §x§C§8§A§B§7§F§lK§x§E§2§9§E§6§E§le§x§F§C§9§0§5§C§ly from buy
[05:43:28] > .Allxnzv added x1 Nether star in auction for 150000.
[05:44:07] > ochirsopvp buy x1 Crossbow to Antonie657 for $1,000.
[05:44:16] > ochirsopvp remove x1 Crossbow from buy
[05:51:18] > NoClarity added x4 Name tag in auction for 200000.
[05:51:28] > .Allxnzv buy x4 Name tag to NoClarity for $200,000.
[05:51:36] > .Allxnzv remove x4 Name tag from buy
[06:25:53] > ochirsopvp added x1 Ancient debris in auction for 50000.
[09:06:09] > Horheee remove x1 §x§E§5§1§B§1§B§lDracula Staff from storage
[09:06:09] > Horheee remove x1 §x§E§5§1§B§1§B§lDracula Spear from storage
[09:06:14] > Horheee added x1 §x§E§5§1§B§1§B§lDracula Staff in auction for 100000.
[09:06:27] > Horheee added x1 §x§E§5§1§B§1§B§lDracula Spear in auction for 100000.
[09:47:06] > PlayTexts remove x1 §x§F§F§5§5§0§0§lsᴇʟʟᴡᴀɴᴅ §6- 5.0x from storage
[09:47:07] > PlayTexts remove x1 §x§F§F§5§5§0§0§lsᴇʟʟᴡᴀɴᴅ §6- 5.0x from storage
[11:42:24] > Horheee remove x1 §x§E§5§1§B§1§B§lDracula Staff from storage
[11:42:30] > Horheee added x1 §x§E§5§1§B§1§B§lDracula Staff in auction for 100000.