
[13:34:07] > x1 §fFrog Plushie (Temperate) §6(#38/101), item of sky_edits, has just expired, the item is definitively deleted.
[13:34:11] > micailatot remove x64 Firework rocket from storage
[13:39:21] > Clifford added x1 Strength II in auction for 90000.
[13:39:32] > Clifford added x1 Strength II in auction for 90000.
[14:44:53] > Clifford remove x1 Strength II from storage
[14:44:55] > Clifford remove x1 Strength II from storage
[14:45:02] > Clifford remove x1 Strength II from expire
[14:45:02] > Clifford remove x1 Strength II from expire
[14:45:11] > Clifford added x1 Strength II in auction for 85000.
[14:45:16] > Trashcan buy x1 Strength II to Clifford for $85,000.
[14:45:24] > Clifford added x1 Strength II in auction for 85000.
[15:07:46] > Its_MergenMC remove x6 Nether star from storage
[15:23:15] > x1 Trial key, bought by Muirfaha15, has just expired, the item is definitively deleted.
[15:36:56] > fuzzy_fae added x8 Trial key in auction for 10000.
[15:37:08] > Its_MergenMC buy x8 Trial key to fuzzy_fae for $10,000.
[15:53:20] > ryise added x1 Diamond in auction for 10.
[15:53:31] > Its_MergenMC buy x1 Diamond to ryise for $10.
[15:53:41] > ryise added x1 Diamond block in auction for 10.
[15:53:50] > zappyduo buy x1 Diamond block to ryise for $10.
[15:53:56] > zappyduo remove x1 Diamond block from buy
[15:56:12] > ryise added x1 Diamond block in auction for 10.
[15:56:17] > zappyduo buy x1 Diamond block to ryise for $10.
[16:03:36] > ryise added x1 Diamond block in auction for 10.
[16:03:39] > zappyduo buy x1 Diamond block to ryise for $10.
[16:03:44] > Trashcan buy x1 Strength II to Clifford for $85,000.
[16:03:44] > zappyduo remove x1 Diamond block from buy
[16:03:45] > zappyduo remove x1 Diamond block from buy
[16:03:47] > ryise added x1 Diamond block in auction for 10.
[16:03:54] > zappyduo buy x1 Diamond block to ryise for $10.
[16:04:02] > ryise added x1 Diamond block in auction for 10.
[16:04:11] > zappyduo buy x1 Diamond block to ryise for $10.
[16:04:14] > ryise added x8 Diamond in auction for 20.
[16:04:21] > Muirfaha15 buy x8 Diamond to ryise for $20.
[16:04:40] > Muirfaha15 remove x64 Cookie from buy
[16:04:41] > Muirfaha15 remove x8 Diamond from buy
[16:26:43] > ryise added x5 Diamond in auction for 100.
[16:26:51] > Matthew buy x5 Diamond to ryise for $100.
[16:26:56] > zappyduo remove x1 Diamond block from buy
[16:26:56] > zappyduo remove x1 Diamond block from buy
[16:27:20] > Matthew remove x5 Diamond from buy
[16:30:04] > Matthew added x4 Beacon in auction for 5000000.
[16:34:27] > ryise added x64 Raw iron in auction for 10.
[16:35:54] > ryise added x1 Netherite ingot in auction for 10000.
[16:35:59] > Matthew buy x1 Netherite ingot to ryise for $10,000.
[16:36:16] > ryise added x1 Netherite scrap in auction for 10000.
[16:36:29] > Trashcan buy x1 Netherite scrap to ryise for $10,000.
[16:47:26] > zappyduo added x1 Shulker box in auction for 1500.
[16:47:34] > Icon_Skully buy x1 Shulker box to zappyduo for $1,500.
[16:47:44] > Icon_Skully remove x1 Shulker box from buy
[16:47:52] > Muirfaha15 buy x64 Raw iron to ryise for $10.
[17:01:53] > Matthew remove x1 Netherite ingot from buy
[17:03:19] > fuzzy_fae added x10 Gold ingot in auction for 10000.
[17:03:26] > Matthew buy x10 Gold ingot to fuzzy_fae for $10,000.
[17:03:33] > Matthew remove x10 Gold ingot from buy
[17:03:44] > Its_MergenMC added x11 Gold ingot in auction for 10000.
[17:03:49] > Icon_Skully buy x11 Gold ingot to Its_MergenMC for $10,000.
[17:03:59] > Icon_Skully remove x11 Gold ingot from buy
[17:04:21] > Matthew added x32 Gold ingot in auction for 31000.
[17:04:48] > Icon_Skully buy x32 Gold ingot to Matthew for $31,000.
[17:04:48] > Matthew added x8 Gold ingot in auction for 6000.
[17:04:55] > Icon_Skully buy x8 Gold ingot to Matthew for $6,000.
[17:05:03] > Icon_Skully remove x32 Gold ingot form buy
[17:05:03] > Icon_Skully remove x8 Gold ingot form buy
[17:05:20] > Matthew added x4 Gold ingot in auction for 2000.
[17:06:10] > Matthew added x1 Netherite ingot in auction for 90000.
[17:06:16] > Trashcan buy x1 Netherite ingot to Matthew for $90,000.
[17:40:38] > ryise added x5 Iron block in auction for 10.
[17:42:15] > ryise remove x5 Iron block form storage
[17:42:25] > ryise added x5 Iron block in auction for 100.
[17:47:32] > ryise added x12 Diamond in auction for 1000.
[20:04:22] > x1 Beacon, bought by Horheee, has just expired, the item is definitively deleted.
[20:04:22] > x64 Blaze rod, bought by Zypher_0w0, has just expired, the item is definitively deleted.
[20:04:22] > x1 1m sponge, bought by Cooldoggiexd, has just expired, the item is definitively deleted.
[20:04:27] > Trashcan remove x1 Strength II from buy
[20:05:17] > Trashcan remove x1 Strength II from buy
[20:35:18] > hilmanpro88 added x1 Mace in auction for 1000000.
[20:35:41] > hilmanpro88 added x1 Mace in auction for 550000.
[20:45:39] > zappyduo added x1 Armor stand in auction for 15.
[20:45:52] > alecczzz buy x1 Armor stand to zappyduo for $15.
[20:46:01] > alecczzz remove x1 Armor stand from buy
[20:46:29] > Kodakoda added x26 Raw iron in auction for 10.
[21:12:40] > ovettkinder added x5 Trial key in auction for 1000.
[21:12:58] > ovettkinder buy x1 §x§E§5§1§B§1§B§lDracula Boots to num_lock123 for $110,000.
[21:13:17] > ovettkinder buy x1 §f§l§x§E§4§3§A§3§AM§x§D§8§4§6§3§Ae§x§C§C§5§3§3§Ar§x§C§0§5§F§3§Ar§x§B§4§6§B§3§9y§x§A§8§7§8§3§9 §x§9§C§8§4§3§9C§x§8§F§9§0§3§9h§x§8§3§9§D§3§9r§x§7§7§A§9§3§9i§x§6§B§B§5§3§8s§x§5§F§C§2§3§8t§x§5§3§C§E§3§8ma§x§5§F§C§2§3§8s§x§6§B§B§5§3§8 §x§7§7§A§9§3§9G§x§8§3§9§D§3§9r§x§8§F§9§0§3§9e§x§9§C§8§4§3§9a§x§A§8§7§8§3§9t§x§B§4§6§B§3§9S§x§C§0§5§F§3§Aw§x§C§C§5§3§3§Ao§x§D§8§4§6§3§Ar§x§E§4§3§A§3§Ad to fuzzy_fae for $500,000.
[21:14:57] > ovettkinder remove x1 §x§E§5§1§B§1§B§lDracula Boots from buy
[21:14:58] > ovettkinder remove x1 §f§l§x§E§4§3§A§3§AM§x§D§8§4§6§3§Ae§x§C§C§5§3§3§Ar§x§C§0§5§F§3§Ar§x§B§4§6§B§3§9y§x§A§8§7§8§3§9 §x§9§C§8§4§3§9C§x§8§F§9§0§3§9h§x§8§3§9§D§3§9r§x§7§7§A§9§3§9i§x§6§B§B§5§3§8s§x§5§F§C§2§3§8t§x§5§3§C§E§3§8ma§x§5§F§C§2§3§8s§x§6§B§B§5§3§8 §x§7§7§A§9§3§9G§x§8§3§9§D§3§9r§x§8§F§9§0§3§9e§x§9§C§8§4§3§9a§x§A§8§7§8§3§9t§x§B§4§6§B§3§9S§x§C§0§5§F§3§Aw§x§C§C§5§3§3§Ao§x§D§8§4§6§3§Ar§x§E§4§3§A§3§Ad from buy
[22:34:05] > hilmanpro88 added x2 zappyduo's balls in auction for 1000.
[22:34:46] > fuzzy_fae buy x2 zappyduo's balls to hilmanpro88 for $1,000.
[22:39:32] > Axioma added x1 Enchanted golden apple in auction for 100000.
[23:17:37] > zappyduo remove x1 Fleeko from storage
[23:17:41] > x1 §x§E§E§0§0§0§0§lᴜɴʟɪᴍɪᴛᴇᴅ sᴇʟʟᴡᴀɴᴅ, item of 701, has just expired, the item is definitively deleted.
[23:17:41] > x1 §f§l§x§E§4§3§A§3§AM§x§D§5§4§9§3§Ae§x§C§6§5§9§3§Ar§x§B§7§6§8§3§9r§x§A§8§7§8§3§9y§x§9§9§8§7§3§9 §x§8§9§9§6§3§9C§x§7§A§A§6§3§9h§x§6§B§B§5§3§8r§x§5§C§C§5§3§8i§x§4§D§D§4§3§8s§x§5§C§C§5§3§8t§x§6§B§B§5§3§8m§x§7§A§A§6§3§9a§x§8§9§9§6§3§9s§x§9§9§8§7§3§9 §x§A§8§7§8§3§9S§x§B§7§6§8§3§9w§x§C§6§5§9§3§Ao§x§D§5§4§9§3§Ar§x§E§4§3§A§3§Ad, item of nachfaust, has just expired, the item is definitively deleted.
[23:17:41] > x1 §f§bElder Guardian Plushie §6(#31/101), item of Julene, has just expired, the item is definitively deleted.
[23:17:42] > zappyduo remove x1 Fleeko from expire
[00:12:13] > seaaweed buy x1 §f§l§x§E§4§3§A§3§AM§x§D§5§4§9§3§Ae§x§C§6§5§9§3§Ar§x§B§7§6§8§3§9r§x§A§8§7§8§3§9y§x§9§9§8§7§3§9 §x§8§9§9§6§3§9C§x§7§A§A§6§3§9h§x§6§B§B§5§3§8r§x§5§C§C§5§3§8i§x§4§D§D§4§3§8s§x§5§C§C§5§3§8t§x§6§B§B§5§3§8m§x§7§A§A§6§3§9a§x§8§9§9§6§3§9s§x§9§9§8§7§3§9 §x§A§8§7§8§3§9S§x§B§7§6§8§3§9t§x§C§6§5§9§3§Aa§x§D§5§4§9§3§Af§x§E§4§3§A§3§Af to micailatot for $550,000.
[00:12:31] > seaaweed remove x1 §f§l§x§E§4§3§A§3§AM§x§D§5§4§9§3§Ae§x§C§6§5§9§3§Ar§x§B§7§6§8§3§9r§x§A§8§7§8§3§9y§x§9§9§8§7§3§9 §x§8§9§9§6§3§9C§x§7§A§A§6§3§9h§x§6§B§B§5§3§8r§x§5§C§C§5§3§8i§x§4§D§D§4§3§8s§x§5§C§C§5§3§8t§x§6§B§B§5§3§8m§x§7§A§A§6§3§9a§x§8§9§9§6§3§9s§x§9§9§8§7§3§9 §x§A§8§7§8§3§9S§x§B§7§6§8§3§9t§x§C§6§5§9§3§Aa§x§D§5§4§9§3§Af§x§E§4§3§A§3§Af from buy
[00:17:59] > seaaweed added x1 §f§l§x§E§4§3§A§3§AM§x§D§5§4§9§3§Ae§x§C§6§5§9§3§Ar§x§B§7§6§8§3§9r§x§A§8§7§8§3§9y§x§9§9§8§7§3§9 §x§8§9§9§6§3§9C§x§7§A§A§6§3§9h§x§6§B§B§5§3§8r§x§5§C§C§5§3§8i§x§4§D§D§4§3§8s§x§5§C§C§5§3§8t§x§6§B§B§5§3§8m§x§7§A§A§6§3§9a§x§8§9§9§6§3§9s§x§9§9§8§7§3§9 §x§A§8§7§8§3§9S§x§B§7§6§8§3§9t§x§C§6§5§9§3§Aa§x§D§5§4§9§3§Af§x§E§4§3§A§3§Af in auction for 600000.
[01:36:36] > svizec buy x5 Iron block to ryise for $100.
[01:37:50] > svizec remove x5 Iron block from buy
[01:39:26] > TiagoX buy x1 Mace to hilmanpro88 for $1,000,000.
[01:39:34] > TiagoX remove x1 Mace from buy
[01:39:44] > fuzzy_fae buy x5 Trial key to ovettkinder for $1,000.
[01:39:49] > fuzzy_fae remove x5 Trial key from buy
[01:39:50] > TiagoX buy x1 Mace to hilmanpro88 for $550,000.
[01:39:59] > TiagoX remove x1 Mace from buy
[03:42:44] > FireFragments001 buy x26 Raw iron to Kodakoda for $10.
[05:05:59] > VashleyProGamer buy x12 Diamond to ryise for $1,000.
[08:25:49] > Matthew remove x4 Beacon from storage
[08:26:34] > Matthew remove x4 Gold ingot from storage
[09:40:07] > Haru178 added x1 Beacon in auction for 500000.
[09:46:52] > Its_MergenMC added x1 Bolt armor trim smithing template in auction for 20000.
[09:55:06] > hilmanpro88 added x1 §x§F§F§3§E§0§0§lSellwand Voucher in auction for 950000.
[09:57:34] > hilmanpro88 added x1 §f§l§8B§x§6§4§6§4§6§4a§x§7§4§7§4§7§4h§x§8§3§8§3§8§3a§x§9§3§9§3§9§3m§x§A§2§A§2§A§2ut§x§9§3§9§3§9§3 §x§8§3§8§3§8§3M§x§7§4§7§4§7§4a§x§6§4§6§4§6§4c§8e in auction for 1000000.
[10:01:02] > Its_MergenMC remove x8 Trial key from buy
[10:01:05] > Its_MergenMC remove x1 Diamond from buy
[11:02:20] > Icon_Skully buy x1 §x§F§F§3§E§0§0§lSellwand Voucher to hilmanpro88 for $950,000.
[11:08:15] > Icon_Skully remove x1 §x§F§F§3§E§0§0§lSellwand Voucher from buy