
[12:28:15] > x1 /pwarp go Netherwart for carrots and netherwart!, item of DanRaiv, has just expired, the item is definitively deleted.
[12:39:58] > dennnnn added x2 Enchanted golden apple in auction for 30000.
[12:40:49] > PrinceBGC added x1 §f§l§8B§x§6§0§6§0§6§0a§x§6§C§6§C§6§Ch§x§7§7§7§7§7§7a§x§8§2§8§2§8§2m§x§8§E§8§E§8§Eu§x§9§9§9§9§9§9t§x§A§4§A§4§A§4 G§x§9§9§9§9§9§9a§x§8§E§8§E§8§Eu§x§8§2§8§2§8§2n§x§7§7§7§7§7§7t§x§6§C§6§C§6§Cl§x§6§0§6§0§6§0e§8t in auction for 300000.
[12:48:44] > x1 §f§l§x§F§C§D§0§5§CW§x§F§B§B§2§4§Fu§x§F§9§9§5§4§2k§x§F§8§7§7§3§5o§x§F§7§5§9§2§7n§x§F§6§3§B§1§Ag§x§F§4§1§E§0§D §x§F§3§0§0§0§0C§x§F§4§1§E§0§Dr§x§F§6§3§B§1§Ao§x§F§7§5§9§2§7s§x§F§8§7§7§3§5s§x§F§9§9§5§4§2b§x§F§B§B§2§4§Fo§x§F§C§D§0§5§Cw, bought by .Allxnzv, has just expired, the item is definitively deleted.
[12:48:47] > giyahnpogi remove x1 §f§l§x§F§C§D§0§5§CW§x§F§A§A§A§4§Bu§x§F§9§8§4§3§Bk§x§F§7§5§F§2§Ao§x§F§5§3§9§1§9n§x§F§4§1§3§0§8g §x§F§5§3§9§1§9S§x§F§7§5§F§2§At§x§F§9§8§4§3§Ba§x§F§A§A§A§4§Bf§x§F§C§D§0§5§Cf from expire
[13:13:30] > mincerap buy x1 Shulker box to Unforce01 for $150,000.
[13:13:39] > mincerap remove x1 Shulker box from buy
[13:24:29] > wemb added x1 §x§F§F§3§E§0§0§lD§x§F§F§3§7§0§0§le§x§F§F§3§0§0§0§lm§x§F§F§2§9§0§0§lo§x§F§F§2§2§0§0§ln §x§F§F§1§5§0§0§lL§x§F§F§0§E§0§0§lo§x§F§F§0§7§0§0§lr§x§F§F§0§0§0§0§ld §x§F§F§0§E§0§0§lF§x§F§F§1§5§0§0§lr§x§F§F§1§C§0§0§la§x§F§F§2§2§0§0§lg§x§F§F§2§9§0§0§lm§x§F§F§3§0§0§0§le§x§F§F§3§7§0§0§ln§x§F§F§3§E§0§0§lt in auction for 5000000.
[13:41:33] > Keeos buy x1 §x§9§8§6§3§E§7§lG§x§9§0§7§5§E§2§lo§x§8§8§8§7§D§D§ld§x§8§0§9§9§D§8§ll§x§7§7§A§C§D§4§ly §x§6§7§D§0§C§A§lC§x§5§F§E§2§C§5§lr§x§6§7§D§0§C§A§la§x§6§F§B§E§C§F§lt§x§7§7§A§C§D§4§le §x§8§8§8§7§D§D§lK§x§9§0§7§5§E§2§le§x§9§8§6§3§E§7§ly to mauserdart for $550,000.
[13:41:41] > Keeos remove x1 §x§9§8§6§3§E§7§lG§x§9§0§7§5§E§2§lo§x§8§8§8§7§D§D§ld§x§8§0§9§9§D§8§ll§x§7§7§A§C§D§4§ly §x§6§7§D§0§C§A§lC§x§5§F§E§2§C§5§lr§x§6§7§D§0§C§A§la§x§6§F§B§E§C§F§lt§x§7§7§A§C§D§4§le §x§8§8§8§7§D§D§lK§x§9§0§7§5§E§2§le§x§9§8§6§3§E§7§ly form buy
[13:43:00] > Keeos added x1 §f§l§x§8§A§0§0§F§FS§x§9§9§0§0§D§Bh§x§A§8§0§0§B§6i§x§B§7§0§0§9§2n§x§C§6§0§0§6§De§x§D§5§0§0§4§9 §x§E§4§0§0§2§4O§x§F§3§0§0§0§0n§x§E§4§0§0§2§4i§x§D§5§0§0§4§9 §x§C§6§0§0§6§DS§x§B§7§0§0§9§2t§x§A§8§0§0§B§6a§x§9§9§0§0§D§Bf§x§8§A§0§0§F§Ff in auction for 5000000.
[13:45:28] > Keeos added x1 §f§l§x§8§A§0§0§F§FS§x§9§6§0§0§E§1h§x§A§3§0§0§C§3i§x§A§F§0§0§A§5n§x§B§B§0§0§8§7e§x§C§8§0§0§6§9 §x§D§4§0§0§4§BO§x§E§0§0§0§2§Dn§x§E§D§0§0§0§Fi §x§E§0§0§0§2§DL§x§D§4§0§0§4§Be§x§C§8§0§0§6§9g§x§B§B§0§0§8§7g§x§A§F§0§0§A§5i§x§A§3§0§0§C§3n§x§9§6§0§0§E§1g§x§8§A§0§0§F§Fs in auction for 5500000.
[13:51:21] > Keeos remove x1 §f§l§x§8§A§0§0§F§FS§x§9§6§0§0§E§1h§x§A§3§0§0§C§3i§x§A§F§0§0§A§5n§x§B§B§0§0§8§7e§x§C§8§0§0§6§9 §x§D§4§0§0§4§BO§x§E§0§0§0§2§Dn§x§E§D§0§0§0§Fi §x§E§0§0§0§2§DL§x§D§4§0§0§4§Be§x§C§8§0§0§6§9g§x§B§B§0§0§8§7g§x§A§F§0§0§A§5i§x§A§3§0§0§C§3n§x§9§6§0§0§E§1g§x§8§A§0§0§F§Fs from storage
[13:51:46] > Keeos added x1 §f§l§x§8§A§0§0§F§FS§x§9§8§0§0§D§Dh§x§A§6§0§0§B§Bi§x§B§4§0§0§9§9n§x§C§2§0§0§7§7e§x§D§0§0§0§5§5 §x§D§E§0§0§3§3O§x§E§C§0§0§1§1ni§x§D§E§0§0§3§3 §x§D§0§0§0§5§5H§x§C§2§0§0§7§7e§x§B§4§0§0§9§9l§x§A§6§0§0§B§Bm§x§9§8§0§0§D§De§x§8§A§0§0§F§Ft in auction for 4500000.
[13:52:50] > Keeos remove x1 §f§l§x§8§A§0§0§F§FS§x§9§8§0§0§D§Dh§x§A§6§0§0§B§Bi§x§B§4§0§0§9§9n§x§C§2§0§0§7§7e§x§D§0§0§0§5§5 §x§D§E§0§0§3§3O§x§E§C§0§0§1§1ni§x§D§E§0§0§3§3 §x§D§0§0§0§5§5H§x§C§2§0§0§7§7e§x§B§4§0§0§9§9l§x§A§6§0§0§B§Bm§x§9§8§0§0§D§De§x§8§A§0§0§F§Ft from storage
[13:53:30] > YchannR remove x1 §f§l§8B§x§6§6§6§6§6§6a§x§7§7§7§7§7§7h§x§8§8§8§8§8§8a§x§9§9§9§9§9§9m§7u§x§9§9§9§9§9§9t§x§8§8§8§8§8§8 §x§7§7§7§7§7§7K§x§6§6§6§6§6§6e§8y form storage
[13:53:33] > KEITHTHEPRO added x32 Shulker shell in auction for 96000.
[13:53:39] > YchannR added x1 §f§l§8B§x§6§6§6§6§6§6a§x§7§7§7§7§7§7h§x§8§8§8§8§8§8a§x§9§9§9§9§9§9m§7u§x§9§9§9§9§9§9t§x§8§8§8§8§8§8 §x§7§7§7§7§7§7K§x§6§6§6§6§6§6e§8y in auction for 450000.
[13:53:42] > Takeremu buy x32 Shulker shell to KEITHTHEPRO for $96,000.
[13:53:49] > Takeremu remove x32 Shulker shell from buy
[13:55:45] > Keeos added x1 §f§l§x§8§A§0§0§F§FS§x§9§6§0§0§E§1h§x§A§3§0§0§C§3i§x§A§F§0§0§A§5n§x§B§B§0§0§8§7e§x§C§8§0§0§6§9 §x§D§4§0§0§4§BO§x§E§0§0§0§2§Dn§x§E§D§0§0§0§Fi §x§E§0§0§0§2§DL§x§D§4§0§0§4§Be§x§C§8§0§0§6§9g§x§B§B§0§0§8§7g§x§A§F§0§0§A§5i§x§A§3§0§0§C§3n§x§9§6§0§0§E§1g§x§8§A§0§0§F§Fs in auction for 4500000.
[13:57:54] > Keeos added x64 Golden apple in auction for 250000.
[13:58:16] > Keeos added x64 Golden apple in auction for 250000.
[13:58:30] > Keeos added x64 Golden apple in auction for 250000.
[13:58:43] > Keeos added x64 Golden apple in auction for 250000.
[13:59:24] > Keeos added x64 Golden apple in auction for 250000.
[13:59:38] > Keeos added x64 Golden apple in auction for 250000.
[14:07:12] > x1 Golden shovel on sale by kabayooo has just expired, it goes in the inventory of expired items.
[14:18:53] > giyahnpogi added x17 Wet sponge in auction for 8000.
[14:41:57] > mincerap buy x17 Wet sponge to giyahnpogi for $8,000.
[15:16:14] > nnorv1 buy x64 Experience bottle to SydneySweetie for $50,000.
[15:17:25] > nnorv1 remove x64 Experience bottle from buy
[15:18:03] > MochaFangs buy x64 Golden apple to Keeos for $250,000.
[15:18:06] > MochaFangs buy x64 Golden apple to Keeos for $250,000.
[15:18:08] > MochaFangs buy x64 Golden apple to Keeos for $250,000.
[15:18:10] > MochaFangs buy x64 Golden apple to Keeos for $250,000.
[15:18:21] > MochaFangs remove x64 Golden apple from buy
[15:18:22] > MochaFangs remove x64 Golden apple from buy
[15:18:22] > MochaFangs remove x64 Golden apple from buy
[15:18:22] > MochaFangs remove x64 Golden apple from buy
[15:32:06] > KEITHTHEPRO added x32 Shulker shell in auction for 96000.
[15:33:16] > Komi141 added x64 Oak log in auction for 2000.
[15:41:07] > Unforce01 remove x1 §f§l§x§F§C§D§0§5§CW§x§F§A§A§6§4§Au§x§F§8§7§D§3§7k§x§F§7§5§3§2§5o§x§F§5§2§A§1§2n§x§F§3§0§0§0§0g§x§F§5§2§A§1§2 §x§F§7§5§3§2§5C§x§F§8§7§D§3§7l§x§F§A§A§6§4§Au§x§F§C§D§0§5§Cb from storage
[15:41:08] > Unforce01 remove x1 §f§l§x§8§A§0§0§F§FS§x§9§C§0§0§D§5h§x§A§D§0§0§A§Ai§x§B§F§0§0§8§0n§x§D§0§0§0§5§5e§x§E§2§0§0§2§B §x§F§3§0§0§0§0O§x§E§2§0§0§2§An§x§D§0§0§0§5§5i§x§B§F§0§0§8§0 §x§A§D§0§0§A§AA§x§9§C§0§0§D§5x§x§8§A§0§0§F§Fe from storage
[15:44:13] > Cooldoggiexd added x4 Nether star in auction for 230000.
[15:57:52] > Wemmbu__ buy x64 Cooked porkchop to PrinceBGC for $100.
[16:03:58] > nnorv1 remove x11 Golden apple from buy
[16:22:45] > aznaaa buy x32 Shulker shell to KEITHTHEPRO for $96,000.
[16:26:14] > Zypher_0w0 remove x8 §x§5§C§C§F§F§C§lC§x§5§C§D§1§F§5§lo§x§5§D§D§4§E§E§ls§x§5§D§D§6§E§7§lm§x§5§E§D§9§E§1§le§x§5§E§D§B§D§A§lt§x§5§E§D§D§D§3§li§x§5§F§E§0§C§C§lc §x§5§F§E§0§C§C§lH§x§5§E§D§D§D§3§la§x§5§E§D§B§D§A§lt§x§5§E§D§9§E§1§ls §x§5§D§D§4§E§E§lK§x§5§C§D§1§F§5§le§x§5§C§C§F§F§C§ly form expire
[16:26:14] > Zypher_0w0 remove x8 §x§5§C§C§F§F§C§lC§x§5§C§D§1§F§5§lo§x§5§D§D§4§E§E§ls§x§5§D§D§6§E§7§lm§x§5§E§D§9§E§1§le§x§5§E§D§B§D§A§lt§x§5§E§D§D§D§3§li§x§5§F§E§0§C§C§lc §x§5§F§E§0§C§C§lH§x§5§E§D§D§D§3§la§x§5§E§D§B§D§A§lt§x§5§E§D§9§E§1§ls §x§5§D§D§4§E§E§lK§x§5§C§D§1§F§5§le§x§5§C§C§F§F§C§ly form expire
[16:26:38] > Zypher_0w0 added x8 §x§5§C§C§F§F§C§lC§x§5§C§D§1§F§5§lo§x§5§D§D§4§E§E§ls§x§5§D§D§6§E§7§lm§x§5§E§D§9§E§1§le§x§5§E§D§B§D§A§lt§x§5§E§D§D§D§3§li§x§5§F§E§0§C§C§lc §x§5§F§E§0§C§C§lH§x§5§E§D§D§D§3§la§x§5§E§D§B§D§A§lt§x§5§E§D§9§E§1§ls §x§5§D§D§4§E§E§lK§x§5§C§D§1§F§5§le§x§5§C§C§F§F§C§ly in auction for 300000.
[16:51:52] > .Ultron56567 added x64 Spruce log in auction for 2000.
[17:09:21] > kabayooo added x1 §esᴘɪᴅᴇʀ sᴘᴀᴡɴᴇʀ in auction for 399999.
[17:13:50] > dennnnn remove x1 §eɪʀᴏɴ ɢᴏʟᴇᴍ sᴘᴀᴡɴᴇʀ from storage
[17:14:01] > dennnnn added x1 §eɪʀᴏɴ ɢᴏʟᴇᴍ sᴘᴀᴡɴᴇʀ in auction for 850000.
[17:25:01] > kabayooo buy x1 §x§E§5§1§B§1§B§lDracula Shovel to monggol for $100,000.
[17:25:10] > kabayooo remove x1 §x§E§5§1§B§1§B§lDracula Shovel from buy
[17:25:12] > kabayooo remove x1 Netherite upgrade smithing template from buy
[17:26:58] > bqnnyy added x1 §esᴋᴇʟᴇᴛᴏɴ sᴘᴀᴡɴᴇʀ in auction for 450000.
[17:27:08] > bqnnyy added x1 §eᴡɪᴛᴄʜ ꜱᴘᴀᴡɴᴇʀ in auction for 350000.
[17:27:22] > bqnnyy added x1 §eᴄʀᴇᴇᴘᴇʀ sᴘᴀᴡɴᴇʀ in auction for 500000.
[17:28:40] > YchannR remove x1 §f§l§8B§x§6§6§6§6§6§6a§x§7§7§7§7§7§7h§x§8§8§8§8§8§8a§x§9§9§9§9§9§9m§7u§x§9§9§9§9§9§9t§x§8§8§8§8§8§8 §x§7§7§7§7§7§7K§x§6§6§6§6§6§6e§8y form storage
[17:30:46] > DanRaiv remove x1 §f§l§x§8§A§0§0§F§FS§x§9§9§0§0§D§Bh§x§A§8§0§0§B§6i§x§B§7§0§0§9§2n§x§C§6§0§0§6§De§x§D§5§0§0§4§9 §x§E§4§0§0§2§4O§x§F§3§0§0§0§0n§x§E§4§0§0§2§4i§x§D§5§0§0§4§9 §x§C§6§0§0§6§DS§x§B§7§0§0§9§2p§x§A§8§0§0§B§6e§x§9§9§0§0§D§Ba§x§8§A§0§0§F§Fr from storage
[17:30:47] > DanRaiv remove x1 §f§l§x§F§C§D§0§5§CW§x§F§B§B§6§5§1u§x§F§A§9§C§4§5k§x§F§9§8§2§3§Ao§x§F§8§6§8§2§En§x§F§6§4§E§2§3g§x§F§5§3§4§1§7 §x§F§4§1§A§0§CG§x§F§3§0§0§0§0r§x§F§4§1§A§0§Ce§x§F§5§3§4§1§7a§x§F§6§4§E§2§3t§x§F§8§6§8§2§Es§x§F§9§8§2§3§Aw§x§F§A§9§C§4§5o§x§F§B§B§6§5§1r§x§F§C§D§0§5§Cd from storage
[17:30:47] > DanRaiv remove x1 §f§l§8B§x§6§2§6§2§6§2a§x§6§F§6§F§6§Fh§x§7§C§7§C§7§Ca§x§8§9§8§9§8§9m§x§9§6§9§6§9§6u§x§A§3§A§3§A§3t §x§9§6§9§6§9§6D§x§8§9§8§9§8§9a§x§7§C§7§C§7§Cg§x§6§F§6§F§6§Fg§x§6§2§6§2§6§2e§8r from storage
[17:30:53] > DanRaiv added x1 §f§l§x§8§A§0§0§F§FS§x§9§9§0§0§D§Bh§x§A§8§0§0§B§6i§x§B§7§0§0§9§2n§x§C§6§0§0§6§De§x§D§5§0§0§4§9 §x§E§4§0§0§2§4O§x§F§3§0§0§0§0n§x§E§4§0§0§2§4i§x§D§5§0§0§4§9 §x§C§6§0§0§6§DS§x§B§7§0§0§9§2p§x§A§8§0§0§B§6e§x§9§9§0§0§D§Ba§x§8§A§0§0§F§Fr in auction for 2000000.
[17:32:58] > BushSeat buy x1 §eᴡɪᴛᴄʜ ꜱᴘᴀᴡɴᴇʀ to bqnnyy for $350,000.
[17:33:03] > cheflight added x1 §x§F§F§3§E§0§0§lD§x§F§F§3§7§0§0§le§x§F§F§3§0§0§0§lm§x§F§F§2§9§0§0§lo§x§F§F§2§2§0§0§ln §x§F§F§1§5§0§0§lL§x§F§F§0§E§0§0§lo§x§F§F§0§7§0§0§lr§x§F§F§0§0§0§0§ld §x§F§F§0§E§0§0§lF§x§F§F§1§5§0§0§lr§x§F§F§1§C§0§0§la§x§F§F§2§2§0§0§lg§x§F§F§2§9§0§0§lm§x§F§F§3§0§0§0§le§x§F§F§3§7§0§0§ln§x§F§F§3§E§0§0§lt in auction for 250000.
[17:34:00] > cheflight added x1 Nether star in auction for 10000.
[17:34:17] > cheflight remove x1 Nether star from storage
[17:34:41] > cheflight added x1 Nether star in auction for 1000000.
[17:39:27] > monggol added x9 §x§F§F§3§E§0§0§lD§x§F§F§3§7§0§0§le§x§F§F§3§0§0§0§lm§x§F§F§2§9§0§0§lo§x§F§F§2§2§0§0§ln §x§F§F§1§5§0§0§lL§x§F§F§0§E§0§0§lo§x§F§F§0§7§0§0§lr§x§F§F§0§0§0§0§ld §x§F§F§0§E§0§0§lF§x§F§F§1§5§0§0§lr§x§F§F§1§C§0§0§la§x§F§F§2§2§0§0§lg§x§F§F§2§9§0§0§lm§x§F§F§3§0§0§0§le§x§F§F§3§7§0§0§ln§x§F§F§3§E§0§0§lt in auction for 700000.
[17:39:49] > monggol added x1 §x§5§9§A§1§D§9§lA§x§7§5§B§1§D§Fr§x§9§0§C§0§E§6c§x§A§C§D§0§E§Ch§x§C§8§E§0§F§2a§x§E§3§E§F§F§9n§fg§x§E§3§E§F§F§9e§x§C§8§E§0§F§2l §x§9§0§C§0§E§6K§x§7§5§B§1§D§Fe§x§5§9§A§1§D§9y in auction for 700000.
[17:42:44] > BushSeat remove x1 §eᴡɪᴛᴄʜ ꜱᴘᴀᴡɴᴇʀ from buy
[18:05:20] > DanRaiv added x1 §f§l§x§8§A§0§0§F§FS§x§9§5§0§0§E§4h§x§A§0§0§0§C§9i§x§A§B§0§0§A§En§x§B§6§0§0§9§4e§x§C§1§0§0§7§9 §x§C§C§0§0§5§EO§x§D§7§0§0§4§3n§x§E§2§0§0§2§8i§x§E§D§0§0§0§D C§x§E§2§0§0§2§8h§x§D§7§0§0§4§3e§x§C§C§0§0§5§Es§x§C§1§0§0§7§9t§x§B§6§0§0§9§4p§x§A§B§0§0§A§El§x§A§0§0§0§C§9a§x§9§5§0§0§E§4t§x§8§A§0§0§F§Fe in auction for 2000000.
[18:06:08] > .FrankBAILON added x1 §x§F§F§5§5§0§0§lsᴇʟʟᴡᴀɴᴅ §6- 10.0x in auction for 1300000.
[18:06:12] > HwanYo buy x1 §x§F§F§5§5§0§0§lsᴇʟʟᴡᴀɴᴅ §6- 10.0x to .FrankBAILON for $1,300,000.
[18:08:31] > imnectarfr added x1 §x§E§5§1§B§1§B§lDracula Bow in auction for 300000.
[18:08:45] > kabayooo added x1 §x§F§F§5§5§0§0§lsᴇʟʟᴡᴀɴᴅ §6- 10.0x in auction for 900000.
[18:09:16] > YchannR added x4 Ominous trial key in auction for 150000.
[18:09:32] > imnectarfr added x1 §f§l§x§F§C§D§0§5§CW§x§F§B§C§1§5§5u§x§F§B§B§2§4§Fk§x§F§A§A§3§4§8o§x§F§9§9§5§4§2n§x§F§9§8§6§3§Bg§x§F§8§7§7§3§5 §x§F§8§6§8§2§EL§x§F§7§5§9§2§7e§x§F§6§4§A§2§1g§x§F§6§3§B§1§Ag§x§F§5§2§D§1§4i§x§F§4§1§E§0§Dn§x§F§4§0§F§0§7g§x§F§3§0§0§0§0s in auction for 600000.
[18:10:02] > YchannR remove x4 Ominous trial key from storage
[18:10:23] > HwanYo buy x1 §x§F§F§5§5§0§0§lsᴇʟʟᴡᴀɴᴅ §6- 10.0x to kabayooo for $900,000.
[18:10:38] > kabayooo added x1 §f§l§x§8§A§0§0§F§FS§x§9§6§0§0§E§3h§x§A§1§0§0§C§6i§x§A§D§0§0§A§An§x§B§9§0§0§8§Ee§x§C§4§0§0§7§1 §x§D§0§0§0§5§5O§x§D§C§0§0§3§9n§x§E§7§0§0§1§Ci§x§F§3§0§0§0§0 §x§E§7§0§0§1§CB§x§D§C§0§0§3§9i§x§D§0§0§0§5§5g§x§C§4§0§0§7§1 §x§B§9§0§0§8§ES§x§A§D§0§0§A§Aw§x§A§1§0§0§C§6o§x§9§6§0§0§E§3r§x§8§A§0§0§F§Fd in auction for 1400000.
[18:11:52] > ry9191 added x1 §f§l§8B§x§6§6§6§6§6§6a§x§7§7§7§7§7§7h§x§8§8§8§8§8§8a§x§9§9§9§9§9§9m§7u§x§9§9§9§9§9§9t§x§8§8§8§8§8§8 §x§7§7§7§7§7§7B§x§6§6§6§6§6§6o§8w in auction for 400000.
[18:12:04] > kabayooo buy x64 Experience bottle to SydneySweetie for $50,000.
[18:12:04] > HwanYo remove x1 §x§F§F§5§5§0§0§lsᴇʟʟᴡᴀɴᴅ §6- 10.0x from buy
[18:12:05] > HwanYo remove x1 §x§F§F§5§5§0§0§lsᴇʟʟᴡᴀɴᴅ §6- 10.0x from buy
[18:12:11] > kabayooo remove x64 Experience bottle from buy
[18:12:18] > HwanYo remove x1 §eᴘɪɢ sᴘᴀᴡɴᴇʀ from buy
[18:12:18] > HwanYo remove x1 §eᴄᴏᴡ sᴘᴀᴡɴᴇʀ from buy
[18:12:19] > HwanYo remove x64 Golden apple from buy
[18:12:21] > HwanYo remove x1 Enchanted book from buy
[18:12:22] > HwanYo remove x45 Firework rocket from buy
[18:12:22] > HwanYo remove x45 Firework rocket from buy
[18:12:22] > HwanYo remove x1 §esᴘɪᴅᴇʀ sᴘᴀᴡɴᴇʀ from buy
[18:12:23] > HwanYo remove x1 §esᴘɪᴅᴇʀ sᴘᴀᴡɴᴇʀ from buy
[18:12:23] > HwanYo remove x1 §eᴘɪɢ sᴘᴀᴡɴᴇʀ from buy
[18:14:20] > Zee_ added x1 §f§l§x§8§A§0§0§F§FS§x§9§7§0§0§D§Fh§x§A§4§0§0§B§Fi§x§B§1§0§0§9§Fn§x§B§F§0§0§8§0e§x§C§C§0§0§6§0 §x§D§9§0§0§4§0O§x§E§6§0§0§2§0n§x§F§3§0§0§0§0i§x§E§6§0§0§2§0 §x§D§9§0§0§4§0P§x§C§C§0§0§6§0i§x§B§F§0§0§8§0c§x§B§1§0§0§9§Fk§x§A§4§0§0§B§Fa§x§9§7§0§0§D§Fx§x§8§A§0§0§F§Fe in auction for 3000000.
[18:16:36] > DanRaiv added x1 §f§l§8B§x§6§6§6§6§6§6a§x§7§7§7§7§7§7h§x§8§8§8§8§8§8a§x§9§9§9§9§9§9m§7u§x§9§9§9§9§9§9t§x§8§8§8§8§8§8 §x§7§7§7§7§7§7B§x§6§6§6§6§6§6o§8w in auction for 1500000.
[18:17:37] > Abbadex added x1 §x§F§F§5§5§0§0§lsᴇʟʟᴡᴀɴᴅ §6- 10.0x in auction for 1200000.
[18:17:48] > ry9191 added x1 §f§l§x§8§A§0§0§F§FS§x§9§6§0§0§E§3h§x§A§1§0§0§C§6i§x§A§D§0§0§A§An§x§B§9§0§0§8§Ee§x§C§4§0§0§7§1 §x§D§0§0§0§5§5O§x§D§C§0§0§3§9n§x§E§7§0§0§1§Ci§x§F§3§0§0§0§0 §x§E§7§0§0§1§CB§x§D§C§0§0§3§9i§x§D§0§0§0§5§5g§x§C§4§0§0§7§1 §x§B§9§0§0§8§ES§x§A§D§0§0§A§Aw§x§A§1§0§0§C§6o§x§9§6§0§0§E§3r§x§8§A§0§0§F§Fd in auction for 1500000.
[18:17:59] > HwanYo buy x1 §x§F§F§5§5§0§0§lsᴇʟʟᴡᴀɴᴅ §6- 10.0x to Abbadex for $1,200,000.
[18:19:20] > InternetCafeUser added x1 §f§l§8B§x§6§6§6§6§6§6a§x§7§7§7§7§7§7h§x§8§8§8§8§8§8a§x§9§9§9§9§9§9m§7u§x§9§9§9§9§9§9t§x§8§8§8§8§8§8 §x§7§7§7§7§7§7K§x§6§6§6§6§6§6e§8y in auction for 400000.
[18:19:24] > llhxnce added x1 §f§l§8B§x§6§1§6§1§6§1a§x§6§D§6§D§6§Dh§x§7§9§7§9§7§9a§x§8§6§8§6§8§6m§x§9§2§9§2§9§2u§x§9§E§9§E§9§Et§7 §x§9§E§9§E§9§EH§x§9§2§9§2§9§2a§x§8§6§8§6§8§6l§x§7§9§7§9§7§9b§x§6§D§6§D§6§De§x§6§1§6§1§6§1r§8d in auction for 250000.
[18:19:41] > DanRaiv added x1 §x§F§F§5§5§0§0§lsᴇʟʟᴡᴀɴᴅ §6- 10.0x in auction for 1200000.
[18:20:15] > HwanYo buy x1 §x§F§F§5§5§0§0§lsᴇʟʟᴡᴀɴᴅ §6- 10.0x to DanRaiv for $1,200,000.
[18:21:25] > InternetCafeUser added x1 §x§F§F§5§5§0§0§lsᴇʟʟᴡᴀɴᴅ §6- 5.0x in auction for 600000.
[18:21:34] > HwanYo buy x1 §x§F§F§5§5§0§0§lsᴇʟʟᴡᴀɴᴅ §6- 5.0x to InternetCafeUser for $600,000.
[18:21:50] > HwanYo remove x1 §x§F§F§5§5§0§0§lsᴇʟʟᴡᴀɴᴅ §6- 10.0x from buy
[18:21:51] > HwanYo remove x1 §x§F§F§5§5§0§0§lsᴇʟʟᴡᴀɴᴅ §6- 10.0x from buy
[18:21:51] > HwanYo remove x1 §x§F§F§5§5§0§0§lsᴇʟʟᴡᴀɴᴅ §6- 5.0x from buy
[18:22:59] > DanRaiv remove x1 §f§l§x§8§A§0§0§F§FS§x§9§5§0§0§E§4h§x§A§0§0§0§C§9i§x§A§B§0§0§A§En§x§B§6§0§0§9§4e§x§C§1§0§0§7§9 §x§C§C§0§0§5§EO§x§D§7§0§0§4§3n§x§E§2§0§0§2§8i§x§E§D§0§0§0§D C§x§E§2§0§0§2§8h§x§D§7§0§0§4§3e§x§C§C§0§0§5§Es§x§C§1§0§0§7§9t§x§B§6§0§0§9§4p§x§A§B§0§0§A§El§x§A§0§0§0§C§9a§x§9§5§0§0§E§4t§x§8§A§0§0§F§Fe from storage
[18:23:56] > .SharkyisHungry buy x1 §f§l§8B§x§6§2§6§2§6§2a§x§6§F§6§F§6§Fh§x§7§C§7§C§7§Ca§x§8§9§8§9§8§9m§x§9§6§9§6§9§6u§x§A§3§A§3§A§3t §x§9§6§9§6§9§6H§x§8§9§8§9§8§9e§x§7§C§7§C§7§Cl§x§6§F§6§F§6§Fm§x§6§2§6§2§6§2e§8t to BlackKnight for $2,000,000.
[18:24:19] > .SharkyisHungry remove x1 §f§l§8B§x§6§2§6§2§6§2a§x§6§F§6§F§6§Fh§x§7§C§7§C§7§Ca§x§8§9§8§9§8§9m§x§9§6§9§6§9§6u§x§A§3§A§3§A§3t §x§9§6§9§6§9§6H§x§8§9§8§9§8§9e§x§7§C§7§C§7§Cl§x§6§F§6§F§6§Fm§x§6§2§6§2§6§2e§8t from buy
[18:24:37] > .FrankBAILON added x1 §f§l§8B§x§6§2§6§2§6§2a§x§6§F§6§F§6§Fh§x§7§C§7§C§7§Ca§x§8§9§8§9§8§9m§x§9§6§9§6§9§6u§x§A§3§A§3§A§3t §x§9§6§9§6§9§6P§x§8§9§8§9§8§9i§x§7§C§7§C§7§Cc§x§6§F§6§F§6§Fa§x§6§2§6§2§6§2x§8e in auction for 2000000.
[18:25:02] > .FrankBAILON added x1 §x§F§F§7§C§0§0§lSteamsparks Halberd in auction for 1200000.
[18:25:49] > Trv added x1 §x§F§F§5§5§0§0§lsᴇʟʟᴡᴀɴᴅ §6- 5.0x in auction for 500000.
[18:26:34] > Zen0969 buy x1 §x§F§F§5§5§0§0§lsᴇʟʟᴡᴀɴᴅ §6- 5.0x to Trv for $500,000.
[18:27:14] > .FrankBAILON added x1 Music disc lava chicken in auction for 500000.
[18:30:12] > sigman remove x1 §x§F§F§3§E§0§0§lDemon Lord Wings form storage
[18:30:12] > sigman remove x1 §f§l§x§F§C§D§0§5§CW§x§F§A§A§A§4§Bu§x§F§9§8§4§3§Bk§x§F§7§5§F§2§Ao§x§F§5§3§9§1§9n§x§F§4§1§3§0§8g §x§F§5§3§9§1§9S§x§F§7§5§F§2§Aw§x§F§9§8§4§3§Bo§x§F§A§A§A§4§Br§x§F§C§D§0§5§Cd form storage
[18:30:15] > ry9191 buy x1 §x§5§9§A§1§D§9§lA§x§7§5§B§1§D§Fr§x§9§0§C§0§E§6c§x§A§C§D§0§E§Ch§x§C§8§E§0§F§2a§x§E§3§E§F§F§9n§fg§x§E§3§E§F§F§9e§x§C§8§E§0§F§2l §x§9§0§C§0§E§6K§x§7§5§B§1§D§Fe§x§5§9§A§1§D§9y to monggol for $700,000.
[18:30:22] > ry9191 remove x1 §x§5§9§A§1§D§9§lA§x§7§5§B§1§D§Fr§x§9§0§C§0§E§6c§x§A§C§D§0§E§Ch§x§C§8§E§0§F§2a§x§E§3§E§F§F§9n§fg§x§E§3§E§F§F§9e§x§C§8§E§0§F§2l §x§9§0§C§0§E§6K§x§7§5§B§1§D§Fe§x§5§9§A§1§D§9y form buy
[18:30:22] > sigman added x1 §f§l§x§F§C§D§0§5§CW§x§F§A§A§A§4§Bu§x§F§9§8§4§3§Bk§x§F§7§5§F§2§Ao§x§F§5§3§9§1§9n§x§F§4§1§3§0§8g §x§F§5§3§9§1§9S§x§F§7§5§F§2§Aw§x§F§9§8§4§3§Bo§x§F§A§A§A§4§Br§x§F§C§D§0§5§Cd in auction for 450000.
[18:31:18] > sigman added x1 §x§F§F§3§E§0§0§lDemon Lord Wings in auction for 4000000.
[18:31:40] > ry9191 buy x1 §x§5§9§A§1§D§9§lA§x§7§5§B§1§D§Fr§x§9§0§C§0§E§6c§x§A§C§D§0§E§Ch§x§C§8§E§0§F§2a§x§E§3§E§F§F§9n§fg§x§E§3§E§F§F§9e§x§C§8§E§0§F§2l §x§9§0§C§0§E§6K§x§7§5§B§1§D§Fe§x§5§9§A§1§D§9y to El3ctric_Ey3 for $900,000.
[18:31:49] > ry9191 remove x1 §x§5§9§A§1§D§9§lA§x§7§5§B§1§D§Fr§x§9§0§C§0§E§6c§x§A§C§D§0§E§Ch§x§C§8§E§0§F§2a§x§E§3§E§F§F§9n§fg§x§E§3§E§F§F§9e§x§C§8§E§0§F§2l §x§9§0§C§0§E§6K§x§7§5§B§1§D§Fe§x§5§9§A§1§D§9y form buy
[18:31:55] > Komi141 added x64 Oak log in auction for 3000.
[18:33:24] > monggol added x1 §fCreeper Plushie §6(#27/101) in auction for 100000.
[18:33:45] > monggol added x1 §fBlaze Plushie §6(#10/101) in auction for 100000.
[18:35:43] > imnectarfr added x1 §f§l§8B§x§6§6§6§6§6§6a§x§7§7§7§7§7§7h§x§8§8§8§8§8§8a§x§9§9§9§9§9§9m§7u§x§9§9§9§9§9§9t§x§8§8§8§8§8§8 §x§7§7§7§7§7§7A§x§6§6§6§6§6§6x§8e in auction for 1000000.
[18:35:47] > monggol added x1 §f§l§x§F§C§D§0§5§CW§x§F§B§B§D§5§4u§x§F§A§A§A§4§Bk§x§F§A§9§7§4§3o§x§F§9§8§4§3§Bn§x§F§8§7§1§3§2g§x§F§7§5§F§2§A §x§F§6§4§C§2§1B§x§F§5§3§9§1§9o§x§F§5§2§6§1§1o§x§F§4§1§3§0§8t§x§F§3§0§0§0§0s in auction for 300000.
[18:36:48] > monggol remove x1 §fCreeper Plushie §6(#27/101) from storage
[18:36:49] > monggol remove x1 §fBlaze Plushie §6(#10/101) from storage
[18:36:53] > monggol added x1 §x§F§F§7§C§0§0§lSteamsparks Boots in auction for 400000.
[18:37:13] > monggol added x1 §x§F§F§3§E§0§0§lD§x§F§F§3§5§0§0§le§x§F§F§2§C§0§0§lm§x§F§F§2§3§0§0§lo§x§F§F§1§B§0§0§ln §x§F§F§0§9§0§0§lL§x§F§F§0§0§0§0§lo§x§F§F§0§A§0§0§lr§x§F§F§1§5§0§0§ld §x§F§F§2§9§0§0§lB§x§F§F§3§4§0§0§lo§x§F§F§3§E§0§0§lw in auction for 200000.
[18:43:47] > mae remove x1 §f§l§x§8§A§0§0§F§FS§x§9§5§0§0§E§4h§x§A§0§0§0§C§9i§x§A§B§0§0§A§En§x§B§6§0§0§9§4e§x§C§1§0§0§7§9 §x§C§C§0§0§5§EO§x§D§7§0§0§4§3n§x§E§2§0§0§2§8i§x§E§D§0§0§0§D C§x§E§2§0§0§2§8h§x§D§7§0§0§4§3e§x§C§C§0§0§5§Es§x§C§1§0§0§7§9t§x§B§6§0§0§9§4p§x§A§B§0§0§A§El§x§A§0§0§0§C§9a§x§9§5§0§0§E§4t§x§8§A§0§0§F§Fe from storage
[18:44:04] > mae added x1 §f§l§x§8§A§0§0§F§FS§x§9§5§0§0§E§4h§x§A§0§0§0§C§9i§x§A§B§0§0§A§En§x§B§6§0§0§9§4e§x§C§1§0§0§7§9 §x§C§C§0§0§5§EO§x§D§7§0§0§4§3n§x§E§2§0§0§2§8i§x§E§D§0§0§0§D C§x§E§2§0§0§2§8h§x§D§7§0§0§4§3e§x§C§C§0§0§5§Es§x§C§1§0§0§7§9t§x§B§6§0§0§9§4p§x§A§B§0§0§A§El§x§A§0§0§0§C§9a§x§9§5§0§0§E§4t§x§8§A§0§0§F§Fe in auction for 4000000.
[18:44:28] > Zen0969 buy x1 §f§l§x§8§A§0§0§F§FS§x§9§5§0§0§E§4h§x§A§0§0§0§C§9i§x§A§B§0§0§A§En§x§B§6§0§0§9§4e§x§C§1§0§0§7§9 §x§C§C§0§0§5§EO§x§D§7§0§0§4§3n§x§E§2§0§0§2§8i§x§E§D§0§0§0§D C§x§E§2§0§0§2§8h§x§D§7§0§0§4§3e§x§C§C§0§0§5§Es§x§C§1§0§0§7§9t§x§B§6§0§0§9§4p§x§A§B§0§0§A§El§x§A§0§0§0§C§9a§x§9§5§0§0§E§4t§x§8§A§0§0§F§Fe to mae for $4,000,000.
[18:44:35] > Zen0969 buy x1 §f§l§x§8§A§0§0§F§FS§x§9§6§0§0§E§1h§x§A§3§0§0§C§3i§x§A§F§0§0§A§5n§x§B§B§0§0§8§7e§x§C§8§0§0§6§9 §x§D§4§0§0§4§BO§x§E§0§0§0§2§Dn§x§E§D§0§0§0§Fi §x§E§0§0§0§2§DL§x§D§4§0§0§4§Be§x§C§8§0§0§6§9g§x§B§B§0§0§8§7g§x§A§F§0§0§A§5i§x§A§3§0§0§C§3n§x§9§6§0§0§E§1g§x§8§A§0§0§F§Fs to Keeos for $4,500,000.
[18:44:47] > Zen0969 remove x1 §f§l§x§8§A§0§0§F§FS§x§9§5§0§0§E§4h§x§A§0§0§0§C§9i§x§A§B§0§0§A§En§x§B§6§0§0§9§4e§x§C§1§0§0§7§9 §x§C§C§0§0§5§EO§x§D§7§0§0§4§3n§x§E§2§0§0§2§8i§x§E§D§0§0§0§D C§x§E§2§0§0§2§8h§x§D§7§0§0§4§3e§x§C§C§0§0§5§Es§x§C§1§0§0§7§9t§x§B§6§0§0§9§4p§x§A§B§0§0§A§El§x§A§0§0§0§C§9a§x§9§5§0§0§E§4t§x§8§A§0§0§F§Fe from buy
[18:44:48] > Zen0969 remove x1 §f§l§x§8§A§0§0§F§FS§x§9§6§0§0§E§1h§x§A§3§0§0§C§3i§x§A§F§0§0§A§5n§x§B§B§0§0§8§7e§x§C§8§0§0§6§9 §x§D§4§0§0§4§BO§x§E§0§0§0§2§Dn§x§E§D§0§0§0§Fi §x§E§0§0§0§2§DL§x§D§4§0§0§4§Be§x§C§8§0§0§6§9g§x§B§B§0§0§8§7g§x§A§F§0§0§A§5i§x§A§3§0§0§C§3n§x§9§6§0§0§E§1g§x§8§A§0§0§F§Fs from buy
[18:47:07] > sigman added x10 §x§F§C§D§0§5§C§lB§x§E§6§D§3§6§B§la§x§C§F§D§5§7§A§ls§x§B§9§D§8§8§9§li§x§A§2§D§A§9§8§lc §x§7§5§D§F§B§6§lC§x§5§F§E§2§C§5§lr§x§7§5§D§F§B§6§la§x§8§C§D§D§A§7§lt§x§A§2§D§A§9§8§le §x§C§F§D§5§7§A§lK§x§E§6§D§3§6§B§le§x§F§C§D§0§5§C§ly in auction for 45000.
[18:47:08] > imnectarfr added x1 §x§F§F§5§5§0§0§lsᴇʟʟᴡᴀɴᴅ §6- 10.0x in auction for 1200000.
[18:47:18] > sigman added x10 §x§F§C§9§0§5§C§lE§x§E§6§9§C§6§B§lp§x§C§F§A§7§7§A§li§x§B§9§B§3§8§9§lc §x§8§C§C§B§A§7§lC§x§7§5§D§6§B§6§lr§x§5§F§E§2§C§5§la§x§7§9§D§4§B§4§lt§x§9§3§C§7§A§2§le §x§C§8§A§B§7§F§lK§x§E§2§9§E§6§E§le§x§F§C§9§0§5§C§ly in auction for 45000.
[18:47:20] > HwanYo buy x1 §x§F§F§5§5§0§0§lsᴇʟʟᴡᴀɴᴅ §6- 10.0x to imnectarfr for $1,200,000.
[18:47:34] > lorxie added x1 §x§F§F§3§E§0§0§lSellwand Voucher in auction for 1500000.
[18:48:06] > lorxie added x1 §x§F§F§3§E§0§0§lSellwand Voucher in auction for 1500000.
[18:50:31] > _BAAM buy x64 Experience bottle to SydneySweetie for $50,000.
[18:50:38] > _BAAM remove x64 Experience bottle from buy
[18:51:03] > imnectarfr buy x1 Netherite upgrade smithing template to Xavier881 for $200,000.
[18:51:11] > imnectarfr buy x1 Netherite upgrade smithing template to Doomday152 for $250,000.
[18:51:12] > _BAAM buy x64 Experience bottle to SydneySweetie for $50,000.
[18:51:14] > _BAAM buy x64 Experience bottle to SydneySweetie for $50,000.
[18:51:19] > _BAAM remove x64 Experience bottle from buy
[18:51:28] > imnectarfr buy x1 §f§l§8B§x§6§6§6§6§6§6a§x§7§7§7§7§7§7h§x§8§8§8§8§8§8a§x§9§9§9§9§9§9m§7u§x§9§9§9§9§9§9t§x§8§8§8§8§8§8 §x§7§7§7§7§7§7K§x§6§6§6§6§6§6e§8y to InternetCafeUser for $400,000.
[18:51:35] > _BAAM remove x64 Experience bottle from buy
[18:51:49] > imnectarfr remove x1 §f§l§8B§x§6§6§6§6§6§6a§x§7§7§7§7§7§7h§x§8§8§8§8§8§8a§x§9§9§9§9§9§9m§7u§x§9§9§9§9§9§9t§x§8§8§8§8§8§8 §x§7§7§7§7§7§7K§x§6§6§6§6§6§6e§8y from buy
[18:51:49] > imnectarfr remove x1 Netherite upgrade smithing template from buy
[18:51:50] > imnectarfr remove x1 Netherite upgrade smithing template from buy
[18:55:12] > Komi141 remove x52 Oak log from storage
[18:55:23] > Komi141 added x64 Oak log in auction for 1000.
[18:55:27] > Julene buy x64 Experience bottle to SydneySweetie for $50,000.
[18:55:42] > Julene remove x64 Experience bottle from buy
[18:56:27] > Julene buy x64 Experience bottle to SydneySweetie for $50,000.
[18:56:57] > GoldEngine11 added x1 §x§F§F§5§5§0§0§lsᴇʟʟᴡᴀɴᴅ §6- 10.0x in auction for 100000.
[18:57:00] > Julene remove x64 Experience bottle from buy
[18:58:48] > sigman remove x10 §x§F§C§9§0§5§C§lE§x§E§6§9§C§6§B§lp§x§C§F§A§7§7§A§li§x§B§9§B§3§8§9§lc §x§8§C§C§B§A§7§lC§x§7§5§D§6§B§6§lr§x§5§F§E§2§C§5§la§x§7§9§D§4§B§4§lt§x§9§3§C§7§A§2§le §x§C§8§A§B§7§F§lK§x§E§2§9§E§6§E§le§x§F§C§9§0§5§C§ly from storage
[18:59:44] > sigman added x1 §x§F§F§7§C§0§0§lSteamsparks Blade in auction for 450000.
[19:02:55] > lorxie remove x1 §f§l§x§8§A§0§0§F§FS§x§9§7§0§0§D§Fh§x§A§4§0§0§B§Fi§x§B§1§0§0§9§Fn§x§B§F§0§0§8§0e§x§C§C§0§0§6§0 §x§D§9§0§0§4§0O§x§E§6§0§0§2§0n§x§F§3§0§0§0§0i§x§E§6§0§0§2§0 §x§D§9§0§0§4§0P§x§C§C§0§0§6§0i§x§B§F§0§0§8§0c§x§B§1§0§0§9§Fk§x§A§4§0§0§B§Fa§x§9§7§0§0§D§Fx§x§8§A§0§0§F§Fe from storage
[19:05:08] > .FrankBAILON buy x1 §esᴋᴇʟᴇᴛᴏɴ sᴘᴀᴡɴᴇʀ to bqnnyy for $450,000.
[19:05:21] > giyahnpogi added x1 §x§E§5§1§B§1§B§lDracula Pickaxe in auction for 100.
[19:05:25] > HermesKei buy x1 §x§E§5§1§B§1§B§lDracula Bow to Cooldoggiexd for $50,000.
[19:05:37] > giyahnpogi buy x1 §x§F§F§5§5§0§0§lsᴇʟʟᴡᴀɴᴅ §6- 10.0x to GoldEngine11 for $100,000.
[19:05:44] > giyahnpogi remove x1 §x§F§F§5§5§0§0§lsᴇʟʟᴡᴀɴᴅ §6- 10.0x from buy
[19:06:56] > .FrankBAILON buy x1 Netherite upgrade smithing template to Doomday152 for $250,000.
[19:07:12] > Trv added x1 §x§5§9§A§1§D§9§lA§x§7§5§B§1§D§Fr§x§9§0§C§0§E§6c§x§A§C§D§0§E§Ch§x§C§8§E§0§F§2a§x§E§3§E§F§F§9n§fg§x§E§3§E§F§F§9e§x§C§8§E§0§F§2l §x§9§0§C§0§E§6K§x§7§5§B§1§D§Fe§x§5§9§A§1§D§9y in auction for 500000.
[19:07:23] > HermesKei buy x1 §x§E§5§1§B§1§B§lDracula Pickaxe to giyahnpogi for $100.
[19:10:56] > HermesKei remove x1 §x§E§5§1§B§1§B§lDracula Pickaxe from buy
[19:10:58] > HermesKei remove x1 §x§E§5§1§B§1§B§lDracula Bow from buy
[19:13:02] > HwanYo buy x1 §x§F§F§3§E§0§0§lSellwand Voucher to lorxie for $1,500,000.
[19:13:04] > HwanYo buy x1 §x§F§F§3§E§0§0§lSellwand Voucher to lorxie for $1,500,000.
[19:13:12] > HwanYo remove x1 §x§F§F§3§E§0§0§lSellwand Voucher from buy
[19:13:13] > HwanYo remove x1 §x§F§F§3§E§0§0§lSellwand Voucher from buy
[19:13:14] > HwanYo remove x1 §x§F§F§5§5§0§0§lsᴇʟʟᴡᴀɴᴅ §6- 10.0x from buy
[19:17:50] > Cynishere added x1 §eᴢᴏᴍʙɪᴇ sᴘᴀᴡɴᴇʀ in auction for 300000.
[19:18:55] > HwanYo remove x64 Emerald block from storage
[19:19:01] > HwanYo added x64 Emerald block in auction for 400000.
[19:21:59] > HwanYo added x64 Experience bottle in auction for 80000.
[19:22:11] > HwanYo added x64 Experience bottle in auction for 80000.
[19:22:41] > GoldEngine11 added x1 §x§F§F§5§5§0§0§lsᴇʟʟᴡᴀɴᴅ §6- 10.0x in auction for 1200000.
[19:23:21] > HwanYo added x64 Experience bottle in auction for 80000.
[19:24:06] > HwanYo added x64 Experience bottle in auction for 80000.
[19:24:26] > HwanYo added x64 Experience bottle in auction for 80000.
[19:29:09] > dennnnn added x1 Elytra in auction for 1900500.
[19:31:46] > HermesKei added x1 §eᴄʜɪᴄᴋᴇɴ sᴘᴀᴡɴᴇʀ in auction for 20000.
[19:32:00] > HermesKei added x1 §eᴄᴏᴡ sᴘᴀᴡɴᴇʀ in auction for 100000.
[19:34:15] > HermesKei buy x10 §x§F§C§D§0§5§C§lB§x§E§6§D§3§6§B§la§x§C§F§D§5§7§A§ls§x§B§9§D§8§8§9§li§x§A§2§D§A§9§8§lc §x§7§5§D§F§B§6§lC§x§5§F§E§2§C§5§lr§x§7§5§D§F§B§6§la§x§8§C§D§D§A§7§lt§x§A§2§D§A§9§8§le §x§C§F§D§5§7§A§lK§x§E§6§D§3§6§B§le§x§F§C§D§0§5§C§ly to sigman for $45,000.
[19:34:48] > HermesKei remove x10 §x§F§C§D§0§5§C§lB§x§E§6§D§3§6§B§la§x§C§F§D§5§7§A§ls§x§B§9§D§8§8§9§li§x§A§2§D§A§9§8§lc §x§7§5§D§F§B§6§lC§x§5§F§E§2§C§5§lr§x§7§5§D§F§B§6§la§x§8§C§D§D§A§7§lt§x§A§2§D§A§9§8§le §x§C§F§D§5§7§A§lK§x§E§6§D§3§6§B§le§x§F§C§D§0§5§C§ly from buy
[19:46:20] > kysicx buy x1 §eᴢᴏᴍʙɪᴇ sᴘᴀᴡɴᴇʀ to Cynishere for $300,000.
[19:47:26] > kysicx buy x1 §eᴄʀᴇᴇᴘᴇʀ sᴘᴀᴡɴᴇʀ to bqnnyy for $500,000.
[19:47:31] > kysicx buy x1 §eɪʀᴏɴ ɢᴏʟᴇᴍ sᴘᴀᴡɴᴇʀ to dennnnn for $850,000.
[19:47:43] > kysicx remove x1 §eɪʀᴏɴ ɢᴏʟᴇᴍ sᴘᴀᴡɴᴇʀ from buy
[19:47:43] > kysicx remove x1 §eᴄʀᴇᴇᴘᴇʀ sᴘᴀᴡɴᴇʀ from buy
[19:47:43] > kysicx remove x1 §eᴢᴏᴍʙɪᴇ sᴘᴀᴡɴᴇʀ from buy
[19:48:09] > Julene added x1 §f§l§x§8§A§0§0§F§FS§x§9§8§0§0§D§Dh§x§A§6§0§0§B§Bi§x§B§4§0§0§9§9n§x§C§2§0§0§7§7e§x§D§0§0§0§5§5 §x§D§E§0§0§3§3O§x§E§C§0§0§1§1ni§x§D§E§0§0§3§3 §x§D§0§0§0§5§5S§x§C§2§0§0§7§7h§x§B§4§0§0§9§9i§x§A§6§0§0§B§Be§x§9§8§0§0§D§Dl§x§8§A§0§0§F§Fd in auction for 550000.
[19:50:37] > epufk added x1 §f§l§8B§x§6§2§6§2§6§2a§x§6§F§6§F§6§Fh§x§7§C§7§C§7§Ca§x§8§9§8§9§8§9m§x§9§6§9§6§9§6u§x§A§3§A§3§A§3t §x§9§6§9§6§9§6P§x§8§9§8§9§8§9i§x§7§C§7§C§7§Cc§x§6§F§6§F§6§Fa§x§6§2§6§2§6§2x§8e in auction for 1500000.
[19:53:56] > SydneySweetie added x64 Experience bottle in auction for 50000.
[19:54:10] > SydneySweetie added x64 Experience bottle in auction for 50000.
[19:55:14] > SydneySweetie added x64 Experience bottle in auction for 50000.
[19:55:45] > SydneySweetie added x64 Experience bottle in auction for 50000.
[20:00:11] > Cynishere buy x1 Splash potion to Alexfromhere for $9,500.
[20:04:58] > mincerap buy x64 Experience bottle to SydneySweetie for $50,000.
[20:05:01] > mincerap buy x64 Experience bottle to SydneySweetie for $50,000.
[20:05:45] > mincerap remove x64 Experience bottle from buy
[20:07:21] > Zypher_0w0 added x64 Hopper in auction for 128000.
[20:08:23] > x1 §x§F§F§3§E§0§0§lD§x§F§F§3§7§0§0§le§x§F§F§3§0§0§0§lm§x§F§F§2§9§0§0§lo§x§F§F§2§2§0§0§ln §x§F§F§1§5§0§0§lL§x§F§F§0§E§0§0§lo§x§F§F§0§7§0§0§lr§x§F§F§0§0§0§0§ld §x§F§F§0§E§0§0§lC§x§F§F§1§5§0§0§lr§x§F§F§1§C§0§0§lo§x§F§F§2§2§0§0§ls§x§F§F§2§9§0§0§ls§x§F§F§3§0§0§0§lb§x§F§F§3§7§0§0§lo§x§F§F§3§E§0§0§lw, item of nnorv1, has just expired, the item is definitively deleted.
[20:08:23] > x1 §x§E§5§1§B§1§B§lDracula Halberd, item of llhxnce, has just expired, the item is definitively deleted.
[20:10:35] > Zypher_0w0 added x64 Hopper in auction for 128000.
[20:10:52] > Zypher_0w0 added x64 Piston in auction for 153600.
[20:16:47] > RizzaIck added x1 §f§l§x§F§C§D§0§5§CW§x§F§A§A§2§4§8u§x§F§8§7§4§3§3k§x§F§6§4§5§1§Fo§x§F§4§1§7§0§Ang§x§F§6§4§5§1§F §x§F§8§7§4§3§3H§x§F§A§A§2§4§8o§x§F§C§D§0§5§Ce in auction for 100000.
[20:16:59] > RizzaIck remove x1 §f§l§8B§x§6§2§6§2§6§2a§x§6§F§6§F§6§Fh§x§7§C§7§C§7§Ca§x§8§9§8§9§8§9m§x§9§6§9§6§9§6u§x§A§3§A§3§A§3t §x§9§6§9§6§9§6S§x§8§9§8§9§8§9h§x§7§C§7§C§7§Co§x§6§F§6§F§6§Fv§x§6§2§6§2§6§2e§8l from expire
[20:17:30] > RizzaIck added x1 §f§l§8B§x§6§2§6§2§6§2a§x§6§F§6§F§6§Fh§x§7§C§7§C§7§Ca§x§8§9§8§9§8§9m§x§9§6§9§6§9§6u§x§A§3§A§3§A§3t §x§9§6§9§6§9§6S§x§8§9§8§9§8§9h§x§7§C§7§C§7§Co§x§6§F§6§F§6§Fv§x§6§2§6§2§6§2e§8l in auction for 1000000.
[20:17:44] > RizzaIck added x1 §f§l§x§F§C§D§0§5§CW§x§F§B§A§D§4§Du§x§F§9§8§B§3§Dk§x§F§8§6§8§2§Eo§x§F§6§4§5§1§Fn§x§F§5§2§3§0§Fg§x§F§3§0§0§0§0 §x§F§5§2§3§0§FS§x§F§6§4§5§1§Fh§x§F§8§6§8§2§Eo§x§F§9§8§B§3§Dv§x§F§B§A§D§4§De§x§F§C§D§0§5§Cl in auction for 200000.
[20:17:58] > RizzaIck added x1 Fishing rod in auction for 100000.
[20:26:11] > Julene added x1 §fRaining Cloud Hat in auction for 210000.
[20:27:54] > x1 §x§F§F§3§E§0§0§lD§x§F§F§3§6§0§0§le§x§F§F§2§F§0§0§lm§x§F§F§2§7§0§0§lo§x§F§F§1§F§0§0§ln §x§F§F§1§0§0§0§lL§x§F§F§0§8§0§0§lo§x§F§F§0§0§0§0§lr§x§F§F§0§8§0§0§ld §x§F§F§1§7§0§0§lH§x§F§F§1§F§0§0§le§x§F§F§2§7§0§0§ll§x§F§F§2§F§0§0§lm§x§F§F§3§6§0§0§le§x§F§F§3§E§0§0§lt, bought by TostyZura, has just expired, the item is definitively deleted.
[20:27:54] > x1 §x§F§F§3§E§0§0§lD§x§F§F§3§6§0§0§le§x§F§F§2§F§0§0§lm§x§F§F§2§7§0§0§lo§x§F§F§1§F§0§0§ln §x§F§F§1§0§0§0§lL§x§F§F§0§8§0§0§lo§x§F§F§0§0§0§0§lr§x§F§F§0§8§0§0§ld §x§F§F§1§7§0§0§lD§x§F§F§1§F§0§0§la§x§F§F§2§7§0§0§lg§x§F§F§2§F§0§0§lg§x§F§F§3§6§0§0§le§x§F§F§3§E§0§0§lr, bought by TostyZura, has just expired, the item is definitively deleted.
[20:29:32] > HwanYo buy x1 §x§F§F§5§5§0§0§lsᴇʟʟᴡᴀɴᴅ §6- 10.0x to GoldEngine11 for $1,200,000.
[20:29:50] > SydneySweetie added x64 Experience bottle in auction for 50000.
[20:30:05] > SydneySweetie added x64 Experience bottle in auction for 50000.
[20:30:52] > SydneySweetie added x64 Experience bottle in auction for 50000.
[20:31:33] > SydneySweetie added x64 Experience bottle in auction for 50000.
[20:31:56] > SydneySweetie added x64 Experience bottle in auction for 50000.
[20:38:30] > epufk remove x1 §f§l§8B§x§6§2§6§2§6§2a§x§6§F§6§F§6§Fh§x§7§C§7§C§7§Ca§x§8§9§8§9§8§9m§x§9§6§9§6§9§6u§x§A§3§A§3§A§3t §x§9§6§9§6§9§6P§x§8§9§8§9§8§9i§x§7§C§7§C§7§Cc§x§6§F§6§F§6§Fa§x§6§2§6§2§6§2x§8e form storage
[20:43:52] > Padjibarr buy x64 Experience bottle to SydneySweetie for $50,000.
[20:44:01] > x1 §eᴡɪᴛᴄʜ ꜱᴘᴀᴡɴᴇʀ, bought by Wemboooo, has just expired, the item is definitively deleted.
[20:44:02] > Padjibarr remove x64 Experience bottle form buy
[20:52:49] > aznaaa remove x32 Shulker shell from buy
[20:53:59] > InternetCafeUser buy x64 Experience bottle to HwanYo for $80,000.
[20:54:01] > InternetCafeUser buy x64 Experience bottle to HwanYo for $80,000.
[20:54:03] > InternetCafeUser buy x64 Experience bottle to HwanYo for $80,000.
[20:54:05] > InternetCafeUser buy x64 Experience bottle to HwanYo for $80,000.
[20:54:07] > InternetCafeUser buy x64 Experience bottle to HwanYo for $80,000.
[20:54:09] > InternetCafeUser buy x64 Experience bottle to SydneySweetie for $50,000.
[20:56:09] > BushSeat buy x1 §eᴄʜɪᴄᴋᴇɴ sᴘᴀᴡɴᴇʀ to HermesKei for $20,000.
[20:56:13] > Julene buy x5 §x§F§C§9§0§5§C§lE§x§E§6§9§C§6§B§lp§x§C§F§A§7§7§A§li§x§B§9§B§3§8§9§lc §x§8§C§C§B§A§7§lC§x§7§5§D§6§B§6§lr§x§5§F§E§2§C§5§la§x§7§9§D§4§B§4§lt§x§9§3§C§7§A§2§le §x§C§8§A§B§7§F§lK§x§E§2§9§E§6§E§le§x§F§C§9§0§5§C§ly to pijusas for $120,000.
[20:56:19] > Julene remove x5 §x§F§C§9§0§5§C§lE§x§E§6§9§C§6§B§lp§x§C§F§A§7§7§A§li§x§B§9§B§3§8§9§lc §x§8§C§C§B§A§7§lC§x§7§5§D§6§B§6§lr§x§5§F§E§2§C§5§la§x§7§9§D§4§B§4§lt§x§9§3§C§7§A§2§le §x§C§8§A§B§7§F§lK§x§E§2§9§E§6§E§le§x§F§C§9§0§5§C§ly from buy
[20:56:27] > mauserdart remove x1 Happy 20th Birthday to mauserdart.. from expire
[20:56:42] > BushSeat buy x1 §f§l§x§8§A§0§0§F§FS§x§9§8§0§0§D§Dh§x§A§6§0§0§B§Bi§x§B§4§0§0§9§9n§x§C§2§0§0§7§7e§x§D§0§0§0§5§5 §x§D§E§0§0§3§3O§x§E§C§0§0§1§1ni§x§D§E§0§0§3§3 §x§D§0§0§0§5§5S§x§C§2§0§0§7§7h§x§B§4§0§0§9§9i§x§A§6§0§0§B§Be§x§9§8§0§0§D§Dl§x§8§A§0§0§F§Fd to Julene for $550,000.
[20:57:00] > BushSeat remove x1 §eᴄʜɪᴄᴋᴇɴ sᴘᴀᴡɴᴇʀ from buy
[20:57:02] > BushSeat remove x1 §f§l§x§8§A§0§0§F§FS§x§9§8§0§0§D§Dh§x§A§6§0§0§B§Bi§x§B§4§0§0§9§9n§x§C§2§0§0§7§7e§x§D§0§0§0§5§5 §x§D§E§0§0§3§3O§x§E§C§0§0§1§1ni§x§D§E§0§0§3§3 §x§D§0§0§0§5§5S§x§C§2§0§0§7§7h§x§B§4§0§0§9§9i§x§A§6§0§0§B§Be§x§9§8§0§0§D§Dl§x§8§A§0§0§F§Fd from buy
[20:58:08] > Julene added x1 §x§F§F§7§C§0§0§lSteamsparks Blade in auction for 450000.
[20:59:41] > aznaaa added x1 §x§F§F§3§E§0§0§lD§x§F§F§3§6§0§0§le§x§F§F§2§F§0§0§lm§x§F§F§2§7§0§0§lo§x§F§F§1§F§0§0§ln §x§F§F§1§0§0§0§lL§x§F§F§0§8§0§0§lo§x§F§F§0§0§0§0§lr§x§F§F§0§9§0§0§ld §x§F§F§1§B§0§0§lB§x§F§F§2§3§0§0§lo§x§F§F§2§C§0§0§lo§x§F§F§3§5§0§0§lt§x§F§F§3§E§0§0§ls in auction for 250000.
[21:00:53] > Julene remove x1 §x§E§5§1§B§1§B§lDracula Spear from storage
[21:00:54] > Julene remove x1 §fRaining Cloud Hat from storage
[21:00:56] > Julene remove x1 Ender chest from storage
[21:01:10] > Julene added x1 §x§E§5§1§B§1§B§lDracula Spear in auction for 340000.
[21:01:21] > Julene added x1 Ender chest in auction for 100000.
[21:01:33] > Julene added x1 §fRaining Cloud Hat in auction for 110000.
[21:01:58] > Julene remove x1 Ender chest from storage
[21:02:37] > Julene added x1 Ender chest in auction for 45000.
[21:03:13] > Julene added x1 §eᴄʜɪᴄᴋᴇɴ sᴘᴀᴡɴᴇʀ in auction for 70000.
[21:03:32] > SydneySweetie added x64 Experience bottle in auction for 50000.
[21:04:57] > Julene remove x1 §x§F§F§7§C§0§0§lSteamsparks Blade from storage
[21:04:58] > Julene remove x1 §fRaining Cloud Hat from storage
[21:04:59] > Julene remove x1 §eᴄʜɪᴄᴋᴇɴ sᴘᴀᴡɴᴇʀ from storage
[21:05:00] > Julene remove x1 Ender chest from storage
[21:05:00] > Julene remove x1 §x§E§5§1§B§1§B§lDracula Spear from storage
[21:07:53] > HwanYo remove x64 Emerald block from storage
[21:08:31] > HwanYo added x64 Emerald block in auction for 350000.
[21:09:00] > HwanYo added x64 Experience bottle in auction for 70000.
[21:09:46] > HwanYo added x64 Experience bottle in auction for 70000.
[21:10:01] > HwanYo added x64 Experience bottle in auction for 70000.
[21:11:52] > mauserdart added x1 Silence armor trim smithing template in auction for 120000.
[21:21:10] > .AyakoKoru buy x64 Emerald block to HwanYo for $350,000.
[21:21:21] > .AyakoKoru remove x64 Emerald block from buy
[21:23:59] > Julene added x1 Ender chest in auction for 50000.
[21:34:55] > cart224 remove x1 §f§l§8B§x§6§1§6§1§6§1a§x§6§D§6§D§6§Dh§x§7§9§7§9§7§9a§x§8§6§8§6§8§6m§x§9§2§9§2§9§2u§x§9§E§9§E§9§Et§7 §x§9§E§9§E§9§EH§x§9§2§9§2§9§2a§x§8§6§8§6§8§6l§x§7§9§7§9§7§9b§x§6§D§6§D§6§De§x§6§1§6§1§6§1r§8d from storage
[21:35:14] > bqnnyy added x1 Nether star in auction for 550000.
[21:35:36] > cart224 remove x1 §f§l§8B§x§6§1§6§1§6§1a§x§6§D§6§D§6§Dh§x§7§9§7§9§7§9a§x§8§6§8§6§8§6m§x§9§2§9§2§9§2u§x§9§E§9§E§9§Et§7 §x§9§E§9§E§9§EH§x§9§2§9§2§9§2a§x§8§6§8§6§8§6l§x§7§9§7§9§7§9b§x§6§D§6§D§6§De§x§6§1§6§1§6§1r§8d from expire
[21:36:21] > bqnnyy buy x1 §eᴄᴏᴡ sᴘᴀᴡɴᴇʀ to HermesKei for $100,000.
[21:36:48] > bqnnyy remove x1 Nether star form storage
[21:37:09] > bqnnyy added x1 Nether star in auction for 550000.
[21:37:20] > Chezzy buy x1 Netherite upgrade smithing template to Doomday152 for $250,000.
[21:37:26] > Chezzy remove x1 Netherite upgrade smithing template from buy
[21:37:27] > sigman added x1 §esᴘɪᴅᴇʀ sᴘᴀᴡɴᴇʀ in auction for 500000.
[21:43:49] > RizzaIck added x1 §f§l§8B§x§6§4§6§4§6§4a§x§7§4§7§4§7§4h§x§8§3§8§3§8§3a§x§9§3§9§3§9§3m§x§A§2§A§2§A§2ut§x§9§3§9§3§9§3 §x§8§3§8§3§8§3C§x§7§4§7§4§7§4l§x§6§4§6§4§6§4u§8b in auction for 2000000.
[21:49:31] > sigman remove x1 §x§F§F§3§E§0§0§lDemon Lord Wings from storage
[21:55:48] > RizzaIck remove x1 Fishing rod from storage
[22:20:27] > Hunter_Sung added x1 §f§l§x§F§A§0§0§0§AD§x§F§A§1§5§1§2a§x§F§A§2§A§1§Ar§x§F§B§3§E§2§3k§x§F§B§5§3§2§Bf§x§F§B§6§8§3§3l§x§F§B§7§D§3§Ba§x§F§B§9§2§4§3m§x§F§C§A§6§4§Ce§x§F§C§B§B§5§4 §x§F§C§D§0§5§CF§x§F§C§B§B§5§4i§x§F§C§A§6§4§Cs§x§F§B§9§2§4§3h§x§F§B§7§D§3§Bi§x§F§B§6§8§3§3n§x§F§B§5§3§2§Bg§x§F§B§3§E§2§3 §x§F§A§2§A§1§AR§x§F§A§1§5§1§2o§x§F§A§0§0§0§Ad in auction for 2000000.
[22:29:00] > UnavailableTest buy x1 §x§5§9§A§1§D§9§lA§x§7§5§B§1§D§Fr§x§9§0§C§0§E§6c§x§A§C§D§0§E§Ch§x§C§8§E§0§F§2a§x§E§3§E§F§F§9n§fg§x§E§3§E§F§F§9e§x§C§8§E§0§F§2l §x§9§0§C§0§E§6K§x§7§5§B§1§D§Fe§x§5§9§A§1§D§9y to Trv for $500,000.
[22:29:10] > x1 Nether star, bought by SydneySweetie, has just expired, the item is definitively deleted.
[22:29:10] > x1 Nether star, bought by SydneySweetie, has just expired, the item is definitively deleted.
[22:29:11] > UnavailableTest remove x1 §x§5§9§A§1§D§9§lA§x§7§5§B§1§D§Fr§x§9§0§C§0§E§6c§x§A§C§D§0§E§Ch§x§C§8§E§0§F§2a§x§E§3§E§F§F§9n§fg§x§E§3§E§F§F§9e§x§C§8§E§0§F§2l §x§9§0§C§0§E§6K§x§7§5§B§1§D§Fe§x§5§9§A§1§D§9y form buy
[22:31:21] > TostyZura added x1 §eɪʀᴏɴ ɢᴏʟᴇᴍ sᴘᴀᴡɴᴇʀ in auction for 450000.
[22:31:25] > Unforce01 buy x1 §eɪʀᴏɴ ɢᴏʟᴇᴍ sᴘᴀᴡɴᴇʀ to TostyZura for $450,000.
[22:31:42] > Unforce01 added x1 §eʙʟᴀᴢᴇ sᴘᴀᴡɴᴇʀ in auction for 500000.
[22:32:08] > SussySuzy buy x1 §x§F§F§3§E§0§0§lD§x§F§F§3§6§0§0§le§x§F§F§2§F§0§0§lm§x§F§F§2§7§0§0§lo§x§F§F§1§F§0§0§ln §x§F§F§1§0§0§0§lL§x§F§F§0§8§0§0§lo§x§F§F§0§0§0§0§lr§x§F§F§0§9§0§0§ld §x§F§F§1§B§0§0§lB§x§F§F§2§3§0§0§lo§x§F§F§2§C§0§0§lo§x§F§F§3§5§0§0§lt§x§F§F§3§E§0§0§ls to aznaaa for $250,000.
[22:32:16] > SussySuzy remove x1 §x§F§F§3§E§0§0§lD§x§F§F§3§6§0§0§le§x§F§F§2§F§0§0§lm§x§F§F§2§7§0§0§lo§x§F§F§1§F§0§0§ln §x§F§F§1§0§0§0§lL§x§F§F§0§8§0§0§lo§x§F§F§0§0§0§0§lr§x§F§F§0§9§0§0§ld §x§F§F§1§B§0§0§lB§x§F§F§2§3§0§0§lo§x§F§F§2§C§0§0§lo§x§F§F§3§5§0§0§lt§x§F§F§3§E§0§0§ls from buy
[22:32:36] > Unforce01 remove x1 §eɪʀᴏɴ ɢᴏʟᴇᴍ sᴘᴀᴡɴᴇʀ form buy
[22:33:01] > ry9191 remove x1 §f§l§x§8§A§0§0§F§FS§x§9§6§0§0§E§3h§x§A§1§0§0§C§6i§x§A§D§0§0§A§An§x§B§9§0§0§8§Ee§x§C§4§0§0§7§1 §x§D§0§0§0§5§5O§x§D§C§0§0§3§9n§x§E§7§0§0§1§Ci§x§F§3§0§0§0§0 §x§E§7§0§0§1§CB§x§D§C§0§0§3§9i§x§D§0§0§0§5§5g§x§C§4§0§0§7§1 §x§B§9§0§0§8§ES§x§A§D§0§0§A§Aw§x§A§1§0§0§C§6o§x§9§6§0§0§E§3r§x§8§A§0§0§F§Fd from storage
[22:33:13] > sigman added x1 §eɪʀᴏɴ ɢᴏʟᴇᴍ sᴘᴀᴡɴᴇʀ in auction for 500000.
[22:33:13] > ry9191 added x1 §f§l§x§8§A§0§0§F§FS§x§9§6§0§0§E§3h§x§A§1§0§0§C§6i§x§A§D§0§0§A§An§x§B§9§0§0§8§Ee§x§C§4§0§0§7§1 §x§D§0§0§0§5§5O§x§D§C§0§0§3§9n§x§E§7§0§0§1§Ci§x§F§3§0§0§0§0 §x§E§7§0§0§1§CB§x§D§C§0§0§3§9i§x§D§0§0§0§5§5g§x§C§4§0§0§7§1 §x§B§9§0§0§8§ES§x§A§D§0§0§A§Aw§x§A§1§0§0§C§6o§x§9§6§0§0§E§3r§x§8§A§0§0§F§Fd in auction for 1000000.
[22:33:17] > Unforce01 buy x1 §eɪʀᴏɴ ɢᴏʟᴇᴍ sᴘᴀᴡɴᴇʀ to sigman for $500,000.
[22:33:25] > Unforce01 remove x1 §eɪʀᴏɴ ɢᴏʟᴇᴍ sᴘᴀᴡɴᴇʀ form buy
[22:37:08] > x1 §f§l§8B§x§6§3§6§3§6§3a§x§7§1§7§1§7§1h§x§8§0§8§0§8§0a§x§8§E§8§E§8§Em§x§9§C§9§C§9§Cu§7t§x§9§C§9§C§9§C §x§8§E§8§E§8§ES§x§8§0§8§0§8§0w§x§7§1§7§1§7§1o§x§6§3§6§3§6§3r§8d on sale by giyahnpogi has just expired, it goes in the inventory of expired items.
[22:41:59] > x1 §fBat Plushie §6(#8/101) on sale by giyahnpogi has just expired, it goes in the inventory of expired items.
[22:41:59] > x1 §fSniffer Plushie §6(#82/101) on sale by giyahnpogi has just expired, it goes in the inventory of expired items.
[22:42:03] > Quibz buy x64 Experience bottle to HwanYo for $70,000.
[22:42:06] > Quibz buy x64 Experience bottle to HwanYo for $70,000.
[22:42:08] > Quibz buy x64 Experience bottle to HwanYo for $70,000.
[22:42:12] > Quibz remove x64 Experience bottle from buy
[22:42:12] > Quibz remove x64 Experience bottle from buy
[22:42:13] > Quibz remove x64 Experience bottle from buy
[22:44:26] > TostyZura remove x58 Golden apple from buy
[22:44:26] > TostyZura remove x58 Golden apple from buy
[22:44:27] > TostyZura remove x58 Golden apple from buy
[22:44:27] > TostyZura remove x58 Golden apple from buy
[22:44:28] > TostyZura remove x1 Heavy core from buy
[22:45:35] > BlueTea_Official added x1 Name tag in auction for 50000.
[22:52:24] > Julene added x1 §esᴋᴇʟᴇᴛᴏɴ sᴘᴀᴡɴᴇʀ in auction for 310000.
[22:52:24] > HwanYo added x64 Emerald block in auction for 400000.
[22:53:17] > HwanYo added x64 Experience bottle in auction for 70000.
[22:53:39] > HwanYo remove x64 Emerald block from storage
[22:53:44] > octopus_01 buy x1 Silence armor trim smithing template to mauserdart for $120,000.
[22:53:50] > HwanYo added x64 Emerald block in auction for 350000.
[22:54:16] > octopus_01 added x1 §x§E§5§1§B§1§B§lDracula Dagger in auction for 100.
[22:54:26] > octopus_01 added x1 §x§E§5§1§B§1§B§lDracula Halberd in auction for 100.
[22:54:38] > octopus_01 added x1 §x§E§5§1§B§1§B§lDracula Pickaxe in auction for 100.
[22:54:50] > octopus_01 added x1 §f§l§x§F§C§D§0§5§CW§x§F§B§A§D§4§Du§x§F§9§8§B§3§Dk§x§F§8§6§8§2§Eo§x§F§6§4§5§1§Fn§x§F§5§2§3§0§Fg§x§F§3§0§0§0§0 §x§F§5§2§3§0§FD§x§F§6§4§5§1§Fa§x§F§8§6§8§2§Eg§x§F§9§8§B§3§Dg§x§F§B§A§D§4§De§x§F§C§D§0§5§Cr in auction for 100.
[22:55:55] > HwanYo added x1 §eᴡᴀʀᴅᴇɴ ꜱᴘᴀᴡɴᴇʀ in auction for 1000000.
[22:56:32] > HwanYo added x1 §eᴡɪᴛʜᴇʀ ꜱᴋᴇʟᴇᴛᴏɴ ꜱᴘᴀᴡɴᴇʀ in auction for 750000.
[22:58:01] > HwanYo added x1 §eᴄʀᴇᴇᴘᴇʀ sᴘᴀᴡɴᴇʀ in auction for 400000.
[22:58:08] > cart224 buy x1 §x§E§5§1§B§1§B§lDracula Pickaxe to octopus_01 for $100.
[22:58:11] > cart224 buy x1 §x§E§5§1§B§1§B§lDracula Halberd to octopus_01 for $100.
[22:58:14] > cart224 buy x1 §x§E§5§1§B§1§B§lDracula Dagger to octopus_01 for $100.
[22:58:17] > cart224 buy x1 §f§l§x§F§C§D§0§5§CW§x§F§B§A§D§4§Du§x§F§9§8§B§3§Dk§x§F§8§6§8§2§Eo§x§F§6§4§5§1§Fn§x§F§5§2§3§0§Fg§x§F§3§0§0§0§0 §x§F§5§2§3§0§FD§x§F§6§4§5§1§Fa§x§F§8§6§8§2§Eg§x§F§9§8§B§3§Dg§x§F§B§A§D§4§De§x§F§C§D§0§5§Cr to octopus_01 for $100.
[22:58:57] > cart224 remove x1 §f§l§x§F§C§D§0§5§CW§x§F§B§A§D§4§Du§x§F§9§8§B§3§Dk§x§F§8§6§8§2§Eo§x§F§6§4§5§1§Fn§x§F§5§2§3§0§Fg§x§F§3§0§0§0§0 §x§F§5§2§3§0§FD§x§F§6§4§5§1§Fa§x§F§8§6§8§2§Eg§x§F§9§8§B§3§Dg§x§F§B§A§D§4§De§x§F§C§D§0§5§Cr from buy
[22:58:58] > cart224 remove x1 §x§E§5§1§B§1§B§lDracula Dagger from buy
[22:58:58] > cart224 remove x1 §x§E§5§1§B§1§B§lDracula Halberd from buy
[22:58:59] > cart224 remove x1 §x§E§5§1§B§1§B§lDracula Pickaxe from buy
[23:31:23] > Takeremu added x4 Sculk catalyst in auction for 280000.
[23:31:56] > Takeremu added x1 Sculk catalyst in auction for 70000.
[23:32:04] > CGcamo added x1 Cactus flower in auction for 100.
[23:32:18] > sean_kirby buy x1 Sculk catalyst to Takeremu for $70,000.
[23:32:25] > sean_kirby buy x4 Sculk catalyst to Takeremu for $280,000.
[23:33:08] > sean_kirby added x2 Shulker shell in auction for 100.
[23:33:10] > x1 my dih, bought by MrZyrus7228, has just expired, the item is definitively deleted.
[23:33:11] > sean_kirby remove x4 Sculk catalyst from buy
[23:33:13] > sean_kirby remove x1 Sculk catalyst from buy
[23:35:16] > Takeremu added x20 Sculk catalyst in auction for 1400000.
[23:51:32] > x2 §x§F§F§3§E§0§0§lD§x§F§F§3§7§0§0§le§x§F§F§3§0§0§0§lm§x§F§F§2§9§0§0§lo§x§F§F§2§2§0§0§ln §x§F§F§1§5§0§0§lL§x§F§F§0§E§0§0§lo§x§F§F§0§7§0§0§lr§x§F§F§0§0§0§0§ld §x§F§F§0§E§0§0§lF§x§F§F§1§5§0§0§lr§x§F§F§1§C§0§0§la§x§F§F§2§2§0§0§lg§x§F§F§2§9§0§0§lm§x§F§F§3§0§0§0§le§x§F§F§3§7§0§0§ln§x§F§F§3§E§0§0§lt on sale by Reviash has just expired, it goes in the inventory of expired items.
[23:51:32] > SydneySweetie added x1 §x§F§F§3§E§0§0§lD§x§F§F§3§6§0§0§le§x§F§F§2§F§0§0§lm§x§F§F§2§7§0§0§lo§x§F§F§1§F§0§0§ln §x§F§F§1§0§0§0§lL§x§F§F§0§8§0§0§lo§x§F§F§0§0§0§0§lr§x§F§F§0§9§0§0§ld §x§F§F§1§B§0§0§lS§x§F§F§2§3§0§0§lt§x§F§F§2§C§0§0§la§x§F§F§3§5§0§0§lf§x§F§F§3§E§0§0§lf in auction for 250000.
[23:52:05] > SydneySweetie remove x1 §x§F§F§3§E§0§0§lD§x§F§F§3§6§0§0§le§x§F§F§2§F§0§0§lm§x§F§F§2§7§0§0§lo§x§F§F§1§F§0§0§ln §x§F§F§1§0§0§0§lL§x§F§F§0§8§0§0§lo§x§F§F§0§0§0§0§lr§x§F§F§0§9§0§0§ld §x§F§F§1§B§0§0§lS§x§F§F§2§3§0§0§lt§x§F§F§2§C§0§0§la§x§F§F§3§5§0§0§lf§x§F§F§3§E§0§0§lf from storage
[23:52:33] > SydneySweetie added x1 §x§F§F§3§E§0§0§lD§x§F§F§3§6§0§0§le§x§F§F§2§F§0§0§lm§x§F§F§2§7§0§0§lo§x§F§F§1§F§0§0§ln §x§F§F§1§0§0§0§lL§x§F§F§0§8§0§0§lo§x§F§F§0§0§0§0§lr§x§F§F§0§9§0§0§ld §x§F§F§1§B§0§0§lS§x§F§F§2§3§0§0§lt§x§F§F§2§C§0§0§la§x§F§F§3§5§0§0§lf§x§F§F§3§E§0§0§lf in auction for 500000.
[23:59:40] > .Allxnzv added x10 §x§F§C§D§0§5§C§lB§x§E§6§D§3§6§B§la§x§C§F§D§5§7§A§ls§x§B§9§D§8§8§9§li§x§A§2§D§A§9§8§lc §x§7§5§D§F§B§6§lC§x§5§F§E§2§C§5§lr§x§7§5§D§F§B§6§la§x§8§C§D§D§A§7§lt§x§A§2§D§A§9§8§le §x§C§F§D§5§7§A§lK§x§E§6§D§3§6§B§le§x§F§C§D§0§5§C§ly in auction for 50000.
[00:00:02] > .Allxnzv added x10 §x§F§C§9§0§5§C§lE§x§E§6§9§C§6§B§lp§x§C§F§A§7§7§A§li§x§B§9§B§3§8§9§lc §x§8§C§C§B§A§7§lC§x§7§5§D§6§B§6§lr§x§5§F§E§2§C§5§la§x§7§9§D§4§B§4§lt§x§9§3§C§7§A§2§le §x§C§8§A§B§7§F§lK§x§E§2§9§E§6§E§le§x§F§C§9§0§5§C§ly in auction for 50000.
[00:24:09] > x1 §f§l§x§F§C§D§0§5§CW§x§F§A§A§2§4§8u§x§F§8§7§4§3§3k§x§F§6§4§5§1§Fo§x§F§4§1§7§0§Ang§x§F§6§4§5§1§F §x§F§8§7§4§3§3H§x§F§A§A§2§4§8o§x§F§C§D§0§5§Ce on sale by Nyxie has just expired, it goes in the inventory of expired items.
[00:24:09] > Julene added x1 §eᴄʜɪᴄᴋᴇɴ sᴘᴀᴡɴᴇʀ in auction for 120000.
[00:24:51] > HPMR_GaMerz buy x2 Shulker shell to sean_kirby for $100.
[00:24:57] > HPMR_GaMerz buy x64 Emerald block to HwanYo for $350,000.
[00:32:44] > x2 my dih, bought by DanRaiv, has just expired, the item is definitively deleted.
[00:33:01] > nnorv1 buy x64 Experience bottle to SydneySweetie for $50,000.
[00:33:04] > nnorv1 buy x64 Experience bottle to SydneySweetie for $50,000.
[00:33:16] > nnorv1 remove x64 Experience bottle from buy
[00:43:16] > GoldEngine11 buy x1 Ender chest to Julene for $50,000.
[00:48:58] > GoldEngine11 buy x10 §x§F§C§D§0§5§C§lB§x§E§6§D§3§6§B§la§x§C§F§D§5§7§A§ls§x§B§9§D§8§8§9§li§x§A§2§D§A§9§8§lc §x§7§5§D§F§B§6§lC§x§5§F§E§2§C§5§lr§x§7§5§D§F§B§6§la§x§8§C§D§D§A§7§lt§x§A§2§D§A§9§8§le §x§C§F§D§5§7§A§lK§x§E§6§D§3§6§B§le§x§F§C§D§0§5§C§ly to .Allxnzv for $50,000.
[00:49:32] > Julene added x1 §x§E§5§1§B§1§B§lDracula Spear in auction for 270000.
[00:49:56] > SussySuzy added x3 Nether star in auction for 400000.
[00:57:42] > SussySuzy buy x1 §eᴄʜɪᴄᴋᴇɴ sᴘᴀᴡɴᴇʀ to Julene for $120,000.
[00:57:48] > SussySuzy remove x1 §eᴄʜɪᴄᴋᴇɴ sᴘᴀᴡɴᴇʀ from buy
[00:58:20] > Julene added x1 §x§F§F§7§C§0§0§lSteamsparks Blade in auction for 210000.
[01:33:23] > VortexZayne added x1 §f§l§x§8§A§0§0§F§FS§x§9§9§0§0§D§Bh§x§A§8§0§0§B§6i§x§B§7§0§0§9§2n§x§C§6§0§0§6§De§x§D§5§0§0§4§9 §x§E§4§0§0§2§4O§x§F§3§0§0§0§0n§x§E§4§0§0§2§4i§x§D§5§0§0§4§9 §x§C§6§0§0§6§DS§x§B§7§0§0§9§2p§x§A§8§0§0§B§6e§x§9§9§0§0§D§Ba§x§8§A§0§0§F§Fr in auction for 1800000.
[01:33:33] > VortexZayne remove x1 §f§l§x§8§A§0§0§F§FS§x§9§9§0§0§D§Bh§x§A§8§0§0§B§6i§x§B§7§0§0§9§2n§x§C§6§0§0§6§De§x§D§5§0§0§4§9 §x§E§4§0§0§2§4O§x§F§3§0§0§0§0n§x§E§4§0§0§2§4i§x§D§5§0§0§4§9 §x§C§6§0§0§6§DS§x§B§7§0§0§9§2p§x§A§8§0§0§B§6e§x§9§9§0§0§D§Ba§x§8§A§0§0§F§Fr from storage
[01:33:46] > VortexZayne added x1 §f§l§x§8§A§0§0§F§FS§x§9§8§0§0§D§Dh§x§A§6§0§0§B§Bi§x§B§4§0§0§9§9n§x§C§2§0§0§7§7e§x§D§0§0§0§5§5 §x§D§E§0§0§3§3O§x§E§C§0§0§1§1ni§x§D§E§0§0§3§3 §x§D§0§0§0§5§5S§x§C§2§0§0§7§7i§x§B§4§0§0§9§9c§x§A§6§0§0§B§Bk§x§9§8§0§0§D§Dl§x§8§A§0§0§F§Fe in auction for 1800000.
[01:35:26] > Abbadex buy x64 Golden apple to Keeos for $250,000.
[01:36:34] > VortexZayne remove x1 §f§l§x§8§A§0§0§F§FS§x§9§8§0§0§D§Dh§x§A§6§0§0§B§Bi§x§B§4§0§0§9§9n§x§C§2§0§0§7§7e§x§D§0§0§0§5§5 §x§D§E§0§0§3§3O§x§E§C§0§0§1§1ni§x§D§E§0§0§3§3 §x§D§0§0§0§5§5S§x§C§2§0§0§7§7i§x§B§4§0§0§9§9c§x§A§6§0§0§B§Bk§x§9§8§0§0§D§Dl§x§8§A§0§0§F§Fe from storage
[01:36:46] > VortexZayne added x1 §f§l§x§8§A§0§0§F§FS§x§9§9§0§0§D§Bh§x§A§8§0§0§B§6i§x§B§7§0§0§9§2n§x§C§6§0§0§6§De§x§D§5§0§0§4§9 §x§E§4§0§0§2§4O§x§F§3§0§0§0§0n§x§E§4§0§0§2§4i§x§D§5§0§0§4§9 §x§C§6§0§0§6§DS§x§B§7§0§0§9§2t§x§A§8§0§0§B§6a§x§9§9§0§0§D§Bf§x§8§A§0§0§F§Ff in auction for 1800000.
[01:44:17] > Abbadex remove x64 Golden apple from buy
[01:45:59] > Abbadex added x1 §f§l§8B§x§6§4§6§4§6§4a§x§7§4§7§4§7§4h§x§8§3§8§3§8§3a§x§9§3§9§3§9§3m§x§A§2§A§2§A§2ut§x§9§3§9§3§9§3 §x§8§3§8§3§8§3M§x§7§4§7§4§7§4a§x§6§4§6§4§6§4c§8e in auction for 50000000.
[01:46:09] > Abbadex remove x1 §f§l§8B§x§6§4§6§4§6§4a§x§7§4§7§4§7§4h§x§8§3§8§3§8§3a§x§9§3§9§3§9§3m§x§A§2§A§2§A§2ut§x§9§3§9§3§9§3 §x§8§3§8§3§8§3M§x§7§4§7§4§7§4a§x§6§4§6§4§6§4c§8e from storage
[01:46:23] > Abbadex added x1 §f§l§8B§x§6§4§6§4§6§4a§x§7§4§7§4§7§4h§x§8§3§8§3§8§3a§x§9§3§9§3§9§3m§x§A§2§A§2§A§2ut§x§9§3§9§3§9§3 §x§8§3§8§3§8§3M§x§7§4§7§4§7§4a§x§6§4§6§4§6§4c§8e in auction for 5000000.
[02:35:20] > SydneySweetie added x64 Experience bottle in auction for 50000.
[02:35:30] > SydneySweetie added x64 Experience bottle in auction for 50000.
[02:59:20] > dennnnn added x1 §eɪʀᴏɴ ɢᴏʟᴇᴍ sᴘᴀᴡɴᴇʀ in auction for 920000.
[03:20:47] > shelby added x1 Enchanted book in auction for 1300000.
[03:21:25] > shelby added x1 Shulker box in auction for 1400000.
[03:38:21] > PrinceBGC added x2 §esʜᴇᴇᴘ sᴘᴀᴡɴᴇʀ in auction for 500000.
[03:38:49] > SydneySweetie added x1 Everything must GO!!! Shop Closing  1StopShop in auction for 100000000000.
[03:48:45] > Julene added x1 §eᴄʀᴇᴇᴘᴇʀ sᴘᴀᴡɴᴇʀ in auction for 450000.
[03:50:14] > Julene added x1 Ender chest in auction for 50000.
[03:54:04] > ParkourDisaster buy x10 §x§F§C§9§0§5§C§lE§x§E§6§9§C§6§B§lp§x§C§F§A§7§7§A§li§x§B§9§B§3§8§9§lc §x§8§C§C§B§A§7§lC§x§7§5§D§6§B§6§lr§x§5§F§E§2§C§5§la§x§7§9§D§4§B§4§lt§x§9§3§C§7§A§2§le §x§C§8§A§B§7§F§lK§x§E§2§9§E§6§E§le§x§F§C§9§0§5§C§ly to .Allxnzv for $50,000.
[04:01:19] > shelby remove x1 Enchanted book from storage
[04:06:08] > shelby added x6 Netherite upgrade smithing template in auction for 1100000.
[05:06:10] > Ch4r_380 remove x1 Mace from storage
[05:06:18] > Ch4r_380 remove x1 Mace form expire
[05:06:32] > Ch4r_380 added x1 Mace in auction for 250000.
[05:36:27] > _Sutrix_ added x1 §fTurtle Plushie §6(#88/101) in auction for 2500000.
[05:36:48] > _Sutrix_ remove x1 §fTurtle Plushie §6(#88/101) from storage
[05:36:57] > _Sutrix_ added x1 §fTurtle Plushie §6(#88/101) in auction for 10000000.
[06:21:47] > _Sutrix_ remove x1 §fTurtle Plushie §6(#88/101) from storage
[06:21:56] > _Sutrix_ added x1 §fTurtle Plushie §6(#88/101) in auction for 5000000.
[06:26:31] > .FrankBAILON buy x1 §esᴋᴇʟᴇᴛᴏɴ sᴘᴀᴡɴᴇʀ to Julene for $310,000.
[06:27:14] > mauserdart added x10 §bEntropy Crystal §8(§310,000§8) in auction for 950000.
[06:33:50] > Xavier881 added x1 Heavy core in auction for 200000.
[06:50:50] > mauserdart added x1 §x§F§F§5§5§0§0§lsᴇʟʟᴡᴀɴᴅ §6- 20.0x in auction for 2000000.
[06:51:13] > mauserdart remove x1 §x§F§F§5§5§0§0§lsᴇʟʟᴡᴀɴᴅ §6- 20.0x from storage
[06:51:14] > mauserdart remove x10 §bEntropy Crystal §8(§310,000§8) from storage
[07:17:03] > x1 §f§l§x§F§C§D§0§5§CW§x§F§B§A§D§4§Du§x§F§9§8§B§3§Dk§x§F§8§6§8§2§Eo§x§F§6§4§5§1§Fn§x§F§5§2§3§0§Fg§x§F§3§0§0§0§0 §x§F§5§2§3§0§FS§x§F§6§4§5§1§Fh§x§F§8§6§8§2§Eo§x§F§9§8§B§3§Dv§x§F§B§A§D§4§De§x§F§C§D§0§5§Cl on sale by Callistrix has just expired, it goes in the inventory of expired items.
[07:28:28] > Doomday152 added x10 Netherite upgrade smithing template in auction for 1250000000.
[08:03:13] > sean_kirby added x3 Sculk shrieker in auction for 1000.
[08:12:48] > mauserdart added x1 §x§F§F§5§5§0§0§lsᴇʟʟᴡᴀɴᴅ §6- 10.0x in auction for 1000000.
[08:29:06] > HwanYo buy x1 §x§F§F§5§5§0§0§lsᴇʟʟᴡᴀɴᴅ §6- 10.0x to mauserdart for $1,000,000.
[08:35:19] > HwanYo added x64 Experience bottle in auction for 80000.
[08:35:29] > HwanYo added x64 Experience bottle in auction for 80000.
[08:35:41] > HwanYo added x64 Experience bottle in auction for 80000.
[08:35:52] > HwanYo added x64 Experience bottle in auction for 80000.
[08:38:09] > HwanYo added x64 Emerald block in auction for 350000.
[08:44:37] > DanRaiv remove x1 §f§l§x§8§A§0§0§F§FS§x§9§9§0§0§D§Bh§x§A§8§0§0§B§6i§x§B§7§0§0§9§2n§x§C§6§0§0§6§De§x§D§5§0§0§4§9 §x§E§4§0§0§2§4O§x§F§3§0§0§0§0n§x§E§4§0§0§2§4i§x§D§5§0§0§4§9 §x§C§6§0§0§6§DS§x§B§7§0§0§9§2p§x§A§8§0§0§B§6e§x§9§9§0§0§D§Ba§x§8§A§0§0§F§Fr from storage
[08:44:37] > DanRaiv remove x1 §f§l§8B§x§6§6§6§6§6§6a§x§7§7§7§7§7§7h§x§8§8§8§8§8§8a§x§9§9§9§9§9§9m§7u§x§9§9§9§9§9§9t§x§8§8§8§8§8§8 §x§7§7§7§7§7§7B§x§6§6§6§6§6§6o§8w from storage
[08:54:16] > Celeste01 added x1 §x§F§F§7§C§0§0§lSteamsparks Boots in auction for 200000.
[08:54:35] > kabayooo added x1 §f§l§x§F§A§0§0§0§AD§x§F§A§1§E§1§6a§x§F§B§3§B§2§1r§x§F§B§5§9§2§Dk§x§F§B§7§7§3§9f§x§F§B§9§5§4§5l§x§F§C§B§2§5§0a§x§F§C§D§0§5§Cm§x§F§C§B§2§5§0e§x§F§B§9§5§4§5 §x§F§B§7§7§3§9S§x§F§B§5§9§2§Dp§x§F§B§3§B§2§1e§x§F§A§1§E§1§6a§x§F§A§0§0§0§Ar in auction for 200000.
[08:54:41] > GoldEngine11 added x1 §f§l§8B§x§6§2§6§2§6§2a§x§6§F§6§F§6§Fh§x§7§C§7§C§7§Ca§x§8§9§8§9§8§9m§x§9§6§9§6§9§6u§x§A§3§A§3§A§3t §x§9§6§9§6§9§6H§x§8§9§8§9§8§9e§x§7§C§7§C§7§Cl§x§6§F§6§F§6§Fm§x§6§2§6§2§6§2e§8t in auction for 1200000.
[08:54:51] > kabayooo added x1 §x§E§5§1§B§1§B§lDracula Blade in auction for 100000.
[08:55:01] > GoldEngine11 added x1 §f§l§x§F§A§0§0§0§AD§x§F§A§1§C§1§5a§x§F§B§3§7§2§0r§x§F§B§5§3§2§Bk§x§F§B§6§F§3§6f§x§F§B§8§B§4§1l§x§F§C§A§6§4§Ca§x§F§C§C§2§5§7me§x§F§C§A§6§4§C §x§F§B§8§B§4§1S§x§F§B§6§F§3§6h§x§F§B§5§3§2§Bi§x§F§B§3§7§2§0e§x§F§A§1§C§1§5l§x§F§A§0§0§0§Ad in auction for 500000.
[08:55:05] > kabayooo added x1 §f§l§8B§x§6§2§6§2§6§2a§x§6§F§6§F§6§Fh§x§7§C§7§C§7§Ca§x§8§9§8§9§8§9m§x§9§6§9§6§9§6u§x§A§3§A§3§A§3t §x§9§6§9§6§9§6D§x§8§9§8§9§8§9a§x§7§C§7§C§7§Cg§x§6§F§6§F§6§Fg§x§6§2§6§2§6§2e§8r in auction for 100000.
[08:55:13] > kabayooo remove x1 §x§E§5§1§B§1§B§lDracula Blade from storage
[08:55:15] > kabayooo remove x1 §f§l§8B§x§6§2§6§2§6§2a§x§6§F§6§F§6§Fh§x§7§C§7§C§7§Ca§x§8§9§8§9§8§9m§x§9§6§9§6§9§6u§x§A§3§A§3§A§3t §x§9§6§9§6§9§6D§x§8§9§8§9§8§9a§x§7§C§7§C§7§Cg§x§6§F§6§F§6§Fg§x§6§2§6§2§6§2e§8r from storage
[08:55:32] > x1 Enchanted golden apple, item of Kanzie20, has just expired, the item is definitively deleted.
[08:55:35] > kabayooo remove x1 BUY FROM ME 850 DIAMOND AND 850 GOLD at DIAMOND from expire
[08:55:35] > kabayooo remove x1 GUYS BUY FROM DIAMON SHOP 850 DOLLARS ONLY from expire
[08:55:37] > kabayooo remove x1 §x§E§5§1§B§1§B§lDracula Blade from expire
[08:55:38] > kabayooo remove x1 §f§l§8B§x§6§2§6§2§6§2a§x§6§F§6§F§6§Fh§x§7§C§7§C§7§Ca§x§8§9§8§9§8§9m§x§9§6§9§6§9§6u§x§A§3§A§3§A§3t §x§9§6§9§6§9§6D§x§8§9§8§9§8§9a§x§7§C§7§C§7§Cg§x§6§F§6§F§6§Fg§x§6§2§6§2§6§2e§8r from expire
[08:55:51] > kabayooo added x1 §x§E§5§1§B§1§B§lDracula Blade in auction for 200000.
[08:56:03] > kabayooo added x1 §f§l§8B§x§6§2§6§2§6§2a§x§6§F§6§F§6§Fh§x§7§C§7§C§7§Ca§x§8§9§8§9§8§9m§x§9§6§9§6§9§6u§x§A§3§A§3§A§3t §x§9§6§9§6§9§6D§x§8§9§8§9§8§9a§x§7§C§7§C§7§Cg§x§6§F§6§F§6§Fg§x§6§2§6§2§6§2e§8r in auction for 200000.
[09:01:56] > Kenku1001 added x1 §f§l§8B§x§6§6§6§6§6§6a§x§7§7§7§7§7§7h§x§8§8§8§8§8§8a§x§9§9§9§9§9§9m§7u§x§9§9§9§9§9§9t§x§8§8§8§8§8§8 §x§7§7§7§7§7§7K§x§6§6§6§6§6§6e§8y in auction for 1500000.
[09:02:24] > mauserdart added x10 §bEntropy Crystal §8(§310,000§8) in auction for 950000.
[09:02:55] > mauserdart added x5 §bEntropy Crystal §8(§310,000§8) in auction for 450000.
[09:03:06] > monggol buy x5 §bEntropy Crystal §8(§310,000§8) to mauserdart for $450,000.
[09:03:11] > monggol buy x10 §bEntropy Crystal §8(§310,000§8) to mauserdart for $950,000.
[09:03:26] > monggol remove x10 §bEntropy Crystal §8(§310,000§8) from buy
[09:03:26] > monggol remove x5 §bEntropy Crystal §8(§310,000§8) from buy
[09:25:22] > bedrock_enjoy3r buy x1 Heavy core to Xavier881 for $200,000.
[09:25:39] > DanRaiv added x1 §f§l§8B§x§6§6§6§6§6§6a§x§7§7§7§7§7§7h§x§8§8§8§8§8§8a§x§9§9§9§9§9§9m§7u§x§9§9§9§9§9§9t§x§8§8§8§8§8§8 §x§7§7§7§7§7§7H§x§6§6§6§6§6§6a§8t in auction for 800000.
[09:26:24] > Kenku1001 added x1 §f§l§8B§x§6§6§6§6§6§6a§x§7§7§7§7§7§7h§x§8§8§8§8§8§8a§x§9§9§9§9§9§9m§7u§x§9§9§9§9§9§9t§x§8§8§8§8§8§8 §x§7§7§7§7§7§7K§x§6§6§6§6§6§6e§8y in auction for 1000000.
[09:26:33] > bedrock_enjoy3r buy x1 §f§l§8B§x§6§2§6§2§6§2a§x§6§F§6§F§6§Fh§x§7§C§7§C§7§Ca§x§8§9§8§9§8§9m§x§9§6§9§6§9§6u§x§A§3§A§3§A§3t §x§9§6§9§6§9§6D§x§8§9§8§9§8§9a§x§7§C§7§C§7§Cg§x§6§F§6§F§6§Fg§x§6§2§6§2§6§2e§8r to kabayooo for $200,000.
[09:26:42] > bedrock_enjoy3r remove x1 Heavy core from buy
[09:26:43] > bedrock_enjoy3r remove x1 §f§l§8B§x§6§2§6§2§6§2a§x§6§F§6§F§6§Fh§x§7§C§7§C§7§Ca§x§8§9§8§9§8§9m§x§9§6§9§6§9§6u§x§A§3§A§3§A§3t §x§9§6§9§6§9§6D§x§8§9§8§9§8§9a§x§7§C§7§C§7§Cg§x§6§F§6§F§6§Fg§x§6§2§6§2§6§2e§8r from buy
[09:27:10] > Ch4r_380 remove x1 Mace from storage
[09:27:36] > Ch4r_380 remove x1 Mace form expire
[09:30:03] > x18 §x§C§9§A§7§F§C§lL§x§B§D§A§E§F§6§le§x§B§1§B§4§F§0§lg§x§A§6§B§B§E§A§le§x§9§A§C§1§E§4§ln§x§8§E§C§8§D§D§ld§x§8§2§C§E§D§7§la§x§7§7§D§5§D§1§lr§x§6§B§D§B§C§B§ly §x§6§B§D§B§C§B§lC§x§7§7§D§5§D§1§lr§x§8§2§C§E§D§7§la§x§8§E§C§8§D§D§lt§x§9§A§C§1§E§4§le §x§B§1§B§4§F§0§lK§x§B§D§A§E§F§6§le§x§C§9§A§7§F§C§ly on sale by Takeremu has just expired, it goes in the inventory of expired items.
[09:31:19] > x36 §x§F§C§9§0§5§C§lE§x§E§6§9§C§6§B§lp§x§C§F§A§7§7§A§li§x§B§9§B§3§8§9§lc §x§8§C§C§B§A§7§lC§x§7§5§D§6§B§6§lr§x§5§F§E§2§C§5§la§x§7§9§D§4§B§4§lt§x§9§3§C§7§A§2§le §x§C§8§A§B§7§F§lK§x§E§2§9§E§6§E§le§x§F§C§9§0§5§C§ly on sale by Takeremu has just expired, it goes in the inventory of expired items.
[09:51:16] > Frog_Frince added x1 §x§5§9§A§1§D§9§lA§x§7§5§B§1§D§Fr§x§9§0§C§0§E§6c§x§A§C§D§0§E§Ch§x§C§8§E§0§F§2a§x§E§3§E§F§F§9n§fg§x§E§3§E§F§F§9e§x§C§8§E§0§F§2l §x§9§0§C§0§E§6K§x§7§5§B§1§D§Fe§x§5§9§A§1§D§9y in auction for 100000.
[10:07:37] > DanRaiv remove x1 §f§l§8B§x§6§6§6§6§6§6a§x§7§7§7§7§7§7h§x§8§8§8§8§8§8a§x§9§9§9§9§9§9m§7u§x§9§9§9§9§9§9t§x§8§8§8§8§8§8 §x§7§7§7§7§7§7H§x§6§6§6§6§6§6a§8t form storage
[10:07:48] > DanRaiv added x1 §f§l§8B§x§6§6§6§6§6§6a§x§7§7§7§7§7§7h§x§8§8§8§8§8§8a§x§9§9§9§9§9§9m§7u§x§9§9§9§9§9§9t§x§8§8§8§8§8§8 §x§7§7§7§7§7§7H§x§6§6§6§6§6§6a§8t in auction for 750000.
[10:13:53] > El3ctric_Ey3 remove x2 §x§F§F§3§E§0§0§lD§x§F§F§3§7§0§0§le§x§F§F§3§0§0§0§lm§x§F§F§2§9§0§0§lo§x§F§F§2§2§0§0§ln §x§F§F§1§5§0§0§lL§x§F§F§0§E§0§0§lo§x§F§F§0§7§0§0§lr§x§F§F§0§0§0§0§ld §x§F§F§0§E§0§0§lF§x§F§F§1§5§0§0§lr§x§F§F§1§C§0§0§la§x§F§F§2§2§0§0§lg§x§F§F§2§9§0§0§lm§x§F§F§3§0§0§0§le§x§F§F§3§7§0§0§ln§x§F§F§3§E§0§0§lt from storage
[10:13:54] > El3ctric_Ey3 remove x1 §eʙʟᴀᴢᴇ sᴘᴀᴡɴᴇʀ from storage
[10:13:54] > El3ctric_Ey3 remove x2 §x§F§F§3§E§0§0§lD§x§F§F§3§7§0§0§le§x§F§F§3§0§0§0§lm§x§F§F§2§9§0§0§lo§x§F§F§2§2§0§0§ln §x§F§F§1§5§0§0§lL§x§F§F§0§E§0§0§lo§x§F§F§0§7§0§0§lr§x§F§F§0§0§0§0§ld §x§F§F§0§E§0§0§lF§x§F§F§1§5§0§0§lr§x§F§F§1§C§0§0§la§x§F§F§2§2§0§0§lg§x§F§F§2§9§0§0§lm§x§F§F§3§0§0§0§le§x§F§F§3§7§0§0§ln§x§F§F§3§E§0§0§lt from storage
[10:13:55] > El3ctric_Ey3 remove x1 §f§l§8B§x§6§3§6§3§6§3a§x§7§1§7§1§7§1h§x§8§0§8§0§8§0a§x§8§E§8§E§8§Em§x§9§C§9§C§9§Cu§7t§x§9§C§9§C§9§C §x§8§E§8§E§8§ES§x§8§0§8§0§8§0w§x§7§1§7§1§7§1o§x§6§3§6§3§6§3r§8d from storage
[10:14:24] > El3ctric_Ey3 added x1 §f§l§8B§x§6§6§6§6§6§6a§x§7§7§7§7§7§7h§x§8§8§8§8§8§8a§x§9§9§9§9§9§9m§7u§x§9§9§9§9§9§9t§x§8§8§8§8§8§8 §x§7§7§7§7§7§7K§x§6§6§6§6§6§6e§8y in auction for 1200000.
[10:14:48] > El3ctric_Ey3 buy x1 §x§5§9§A§1§D§9§lA§x§7§5§B§1§D§Fr§x§9§0§C§0§E§6c§x§A§C§D§0§E§Ch§x§C§8§E§0§F§2a§x§E§3§E§F§F§9n§fg§x§E§3§E§F§F§9e§x§C§8§E§0§F§2l §x§9§0§C§0§E§6K§x§7§5§B§1§D§Fe§x§5§9§A§1§D§9y to Frog_Frince for $100,000.
[10:14:56] > El3ctric_Ey3 remove x1 §x§5§9§A§1§D§9§lA§x§7§5§B§1§D§Fr§x§9§0§C§0§E§6c§x§A§C§D§0§E§Ch§x§C§8§E§0§F§2a§x§E§3§E§F§F§9n§fg§x§E§3§E§F§F§9e§x§C§8§E§0§F§2l §x§9§0§C§0§E§6K§x§7§5§B§1§D§Fe§x§5§9§A§1§D§9y from buy
[10:15:11] > El3ctric_Ey3 added x1 §eʙʟᴀᴢᴇ sᴘᴀᴡɴᴇʀ in auction for 850000.
[10:18:10] > El3ctric_Ey3 added x1 §f§l§x§8§A§0§0§F§FS§x§9§8§0§0§D§Dh§x§A§6§0§0§B§Bi§x§B§4§0§0§9§9n§x§C§2§0§0§7§7e§x§D§0§0§0§5§5 §x§D§E§0§0§3§3O§x§E§C§0§0§1§1ni§x§D§E§0§0§3§3 §x§D§0§0§0§5§5S§x§C§2§0§0§7§7i§x§B§4§0§0§9§9c§x§A§6§0§0§B§Bk§x§9§8§0§0§D§Dl§x§8§A§0§0§F§Fe in auction for 2500000.
[10:18:48] > El3ctric_Ey3 added x1 §f§l§x§F§C§D§0§5§CW§x§F§A§A§2§4§8u§x§F§8§7§4§3§3k§x§F§6§4§5§1§Fo§x§F§4§1§7§0§Ang§x§F§6§4§5§1§F §x§F§8§7§4§3§3H§x§F§A§A§2§4§8o§x§F§C§D§0§5§Ce in auction for 80000.
[10:20:26] > El3ctric_Ey3 added x1 §x§5§9§A§1§D§9§lA§x§6§E§A§D§D§Er§x§8§3§B§9§E§3c§x§9§7§C§4§E§7h§x§A§C§D§0§E§Ca§x§C§1§D§C§F§1n§x§D§6§E§8§F§6g§x§E§A§F§3§F§Ae§fl §x§D§0§E§4§F§4H§x§B§8§D§7§E§Fa§x§A§0§C§9§E§9m§x§8§8§B§C§E§4m§x§7§1§A§E§D§Ee§x§5§9§A§1§D§9r in auction for 1000000.
[10:20:36] > El3ctric_Ey3 added x1 §x§F§F§3§E§0§0§lSellwand Voucher in auction for 1000000.
[10:22:52] > El3ctric_Ey3 added x1 §f§l§8B§x§6§3§6§3§6§3a§x§7§1§7§1§7§1h§x§8§0§8§0§8§0a§x§8§E§8§E§8§Em§x§9§C§9§C§9§Cu§7t§x§9§C§9§C§9§C §x§8§E§8§E§8§ES§x§8§0§8§0§8§0w§x§7§1§7§1§7§1o§x§6§3§6§3§6§3r§8d in auction for 700000.
[10:23:04] > El3ctric_Ey3 added x1 §x§E§5§1§B§1§B§lDracula Key in auction for 25000.
[10:23:17] > El3ctric_Ey3 added x1 §x§F§F§7§C§0§0§lSteamsparks Key in auction for 25000.
[10:34:10] > x1 §esᴘɪᴅᴇʀ sᴘᴀᴡɴᴇʀ on sale by ELITEAtlas has just expired, it goes in the inventory of expired items.
[10:34:10] > x1 §f§l§x§8§A§0§0§F§FS§x§9§6§0§0§E§3h§x§A§1§0§0§C§6i§x§A§D§0§0§A§An§x§B§9§0§0§8§Ee§x§C§4§0§0§7§1 §x§D§0§0§0§5§5O§x§D§C§0§0§3§9n§x§E§7§0§0§1§Ci§x§F§3§0§0§0§0 §x§E§7§0§0§1§CB§x§D§C§0§0§3§9i§x§D§0§0§0§5§5g§x§C§4§0§0§7§1 §x§B§9§0§0§8§ES§x§A§D§0§0§A§Aw§x§A§1§0§0§C§6o§x§9§6§0§0§E§3r§x§8§A§0§0§F§Fd on sale by ELITEAtlas has just expired, it goes in the inventory of expired items.
[10:38:15] > Seirione buy x1 §eᴄʀᴇᴇᴘᴇʀ sᴘᴀᴡɴᴇʀ to Julene for $450,000.
[10:38:57] > Seirione remove x1 §eᴄʀᴇᴇᴘᴇʀ sᴘᴀᴡɴᴇʀ from buy
[11:01:11] > Lanchan68 remove x1 §x§E§4§3§A§9§6§lW§x§E§7§5§3§A§3§lI§x§E§B§6§B§B§0§lN§x§E§E§8§4§B§D§lG§x§F§2§9§D§C§B§lS §x§F§8§C§E§E§5§lO§x§F§C§E§6§F§2§lF §x§F§C§E§6§F§2§lE§x§F§8§C§E§E§5§lT§x§F§5§B§5§D§8§lE§x§F§2§9§D§C§B§lR§x§E§E§8§4§B§D§lN§x§E§B§6§B§B§0§lI§x§E§7§5§3§A§3§lT§x§E§4§3§A§9§6§lY from buy
[11:04:09] > HwanYo buy x1 §x§F§F§3§E§0§0§lSellwand Voucher to El3ctric_Ey3 for $1,000,000.
[11:04:17] > HwanYo remove x1 §x§F§F§3§E§0§0§lSellwand Voucher from buy
[11:08:45] > Kenku1001 remove x1 §f§l§8B§x§6§6§6§6§6§6a§x§7§7§7§7§7§7h§x§8§8§8§8§8§8a§x§9§9§9§9§9§9m§7u§x§9§9§9§9§9§9t§x§8§8§8§8§8§8 §x§7§7§7§7§7§7K§x§6§6§6§6§6§6e§8y from storage
[11:08:46] > Kenku1001 remove x1 §f§l§8B§x§6§6§6§6§6§6a§x§7§7§7§7§7§7h§x§8§8§8§8§8§8a§x§9§9§9§9§9§9m§7u§x§9§9§9§9§9§9t§x§8§8§8§8§8§8 §x§7§7§7§7§7§7K§x§6§6§6§6§6§6e§8y from storage
[11:25:18] > Frog_Frince buy x1 §x§F§F§7§C§0§0§lSteamsparks Key to El3ctric_Ey3 for $25,000.
[11:28:01] > x64 Cookie, bought by Sezemi, has just expired, the item is definitively deleted.
[11:28:03] > Frog_Frince remove x1 §x§F§F§7§C§0§0§lSteamsparks Key from buy
[11:30:52] > Seirione added x1 §x§E§4§3§A§9§6§lW§x§E§7§5§3§A§3§lI§x§E§B§6§B§B§0§lN§x§E§E§8§4§B§D§lG§x§F§2§9§D§C§B§lS §x§F§8§C§E§E§5§lO§x§F§C§E§6§F§2§lF §x§F§C§E§6§F§2§lE§x§F§8§C§E§E§5§lT§x§F§5§B§5§D§8§lE§x§F§2§9§D§C§B§lR§x§E§E§8§4§B§D§lN§x§E§B§6§B§B§0§lI§x§E§7§5§3§A§3§lT§x§E§4§3§A§9§6§lY in auction for 1000000.
[11:31:15] > Kenku1001 buy x1 §x§E§4§3§A§9§6§lW§x§E§7§5§3§A§3§lI§x§E§B§6§B§B§0§lN§x§E§E§8§4§B§D§lG§x§F§2§9§D§C§B§lS §x§F§8§C§E§E§5§lO§x§F§C§E§6§F§2§lF §x§F§C§E§6§F§2§lE§x§F§8§C§E§E§5§lT§x§F§5§B§5§D§8§lE§x§F§2§9§D§C§B§lR§x§E§E§8§4§B§D§lN§x§E§B§6§B§B§0§lI§x§E§7§5§3§A§3§lT§x§E§4§3§A§9§6§lY to Seirione for $1,000,000.
[11:31:18] > Kenku1001 buy x64 Experience bottle to HwanYo for $80,000.
[11:31:19] > Kenku1001 buy x64 Experience bottle to HwanYo for $80,000.
[11:31:21] > Kenku1001 buy x64 Experience bottle to HwanYo for $80,000.
[11:31:22] > Kenku1001 buy x64 Experience bottle to HwanYo for $80,000.
[11:31:25] > Kenku1001 buy x64 Experience bottle to SydneySweetie for $50,000.
[11:31:26] > Kenku1001 buy x64 Experience bottle to SydneySweetie for $50,000.
[11:32:22] > Kenku1001 buy x64 Experience bottle to SydneySweetie for $50,000.
[11:32:25] > Kenku1001 buy x64 Experience bottle to SydneySweetie for $50,000.
[11:32:28] > Kenku1001 buy x64 Experience bottle to SydneySweetie for $50,000.
[11:32:31] > Kenku1001 buy x64 Experience bottle to SydneySweetie for $50,000.
[11:32:47] > Kenku1001 buy x64 Golden apple to Keeos for $250,000.
[11:32:55] > Kenku1001 buy x2 Enchanted golden apple to dennnnn for $30,000.
[11:33:11] > Kenku1001 buy x1 §f§l§8B§x§6§1§6§1§6§1a§x§6§D§6§D§6§Dh§x§7§9§7§9§7§9a§x§8§6§8§6§8§6m§x§9§2§9§2§9§2u§x§9§E§9§E§9§Et§7 §x§9§E§9§E§9§EH§x§9§2§9§2§9§2a§x§8§6§8§6§8§6l§x§7§9§7§9§7§9b§x§6§D§6§D§6§De§x§6§1§6§1§6§1r§8d to llhxnce for $250,000.
[11:33:47] > Kenku1001 buy x64 Experience bottle to HwanYo for $70,000.
[11:33:52] > Kenku1001 buy x1 §f§l§x§8§A§0§0§F§FS§x§9§6§0§0§E§3h§x§A§1§0§0§C§6i§x§A§D§0§0§A§An§x§B§9§0§0§8§Ee§x§C§4§0§0§7§1 §x§D§0§0§0§5§5O§x§D§C§0§0§3§9n§x§E§7§0§0§1§Ci§x§F§3§0§0§0§0 §x§E§7§0§0§1§CB§x§D§C§0§0§3§9i§x§D§0§0§0§5§5g§x§C§4§0§0§7§1 §x§B§9§0§0§8§ES§x§A§D§0§0§A§Aw§x§A§1§0§0§C§6o§x§9§6§0§0§E§3r§x§8§A§0§0§F§Fd to ry9191 for $1,000,000.
[11:33:57] > Kenku1001 remove x64 Experience bottle from buy
[11:35:11] > Kenku1001 remove x64 Experience bottle from buy
[11:35:11] > Kenku1001 remove x64 Experience bottle from buy
[11:35:11] > Kenku1001 remove x64 Experience bottle from buy
[11:35:12] > Kenku1001 remove x64 Experience bottle from buy
[11:35:12] > Kenku1001 remove x64 Experience bottle from buy
[11:35:12] > Kenku1001 remove x64 Experience bottle from buy
[11:35:13] > Kenku1001 remove x64 Experience bottle from buy
[11:35:13] > Kenku1001 remove x64 Experience bottle from buy
[11:35:13] > Kenku1001 remove x64 Experience bottle from buy
[11:35:14] > Kenku1001 remove x64 Experience bottle from buy
[11:36:48] > mincerap remove x64 Experience bottle from buy
[11:37:52] > kysicx buy x1 Elytra to dennnnn for $1,900,500.
[11:37:54] > kabayooo added x1 go to kabayooo shopfor gudies in auction for 99999999.
[11:38:21] > kysicx remove x1 Elytra from buy
[11:41:03] > Kenku1001 remove x1 §x§E§4§3§A§9§6§lW§x§E§7§5§3§A§3§lI§x§E§B§6§B§B§0§lN§x§E§E§8§4§B§D§lG§x§F§2§9§D§C§B§lS §x§F§8§C§E§E§5§lO§x§F§C§E§6§F§2§lF §x§F§C§E§6§F§2§lE§x§F§8§C§E§E§5§lT§x§F§5§B§5§D§8§lE§x§F§2§9§D§C§B§lR§x§E§E§8§4§B§D§lN§x§E§B§6§B§B§0§lI§x§E§7§5§3§A§3§lT§x§E§4§3§A§9§6§lY from buy
[11:41:03] > Kenku1001 remove x64 Golden apple from buy
[11:41:03] > Kenku1001 remove x2 Enchanted golden apple from buy
[11:41:03] > Kenku1001 remove x1 §f§l§8B§x§6§1§6§1§6§1a§x§6§D§6§D§6§Dh§x§7§9§7§9§7§9a§x§8§6§8§6§8§6m§x§9§2§9§2§9§2u§x§9§E§9§E§9§Et§7 §x§9§E§9§E§9§EH§x§9§2§9§2§9§2a§x§8§6§8§6§8§6l§x§7§9§7§9§7§9b§x§6§D§6§D§6§De§x§6§1§6§1§6§1r§8d from buy
[11:41:04] > Kenku1001 remove x1 §f§l§x§8§A§0§0§F§FS§x§9§6§0§0§E§3h§x§A§1§0§0§C§6i§x§A§D§0§0§A§An§x§B§9§0§0§8§Ee§x§C§4§0§0§7§1 §x§D§0§0§0§5§5O§x§D§C§0§0§3§9n§x§E§7§0§0§1§Ci§x§F§3§0§0§0§0 §x§E§7§0§0§1§CB§x§D§C§0§0§3§9i§x§D§0§0§0§5§5g§x§C§4§0§0§7§1 §x§B§9§0§0§8§ES§x§A§D§0§0§A§Aw§x§A§1§0§0§C§6o§x§9§6§0§0§E§3r§x§8§A§0§0§F§Fd from buy
[11:47:15] > AveryTheMayo buy x64 Oak log to Komi141 for $1,000.
[11:47:25] > AveryTheMayo buy x64 Oak log to Komi141 for $3,000.
[11:48:13] > AveryTheMayo buy x1 §x§E§5§1§B§1§B§lDracula Key to El3ctric_Ey3 for $25,000.
[11:49:38] > AveryTheMayo remove x64 Oak log from buy
[11:49:39] > AveryTheMayo remove x1 §x§E§5§1§B§1§B§lDracula Key from buy
[11:49:40] > AveryTheMayo remove x64 Oak log from buy
[11:50:56] > Seirione added x1 §fDetective Hat in auction for 2000000.
[11:57:07] > AveryTheMayo added x1 §x§E§5§1§B§1§B§lDracula Staff in auction for 150000.
[11:57:37] > Seirione added x1 §fShogun Flag Backpack in auction for 5000000.
[11:57:50] > Seirione added x1 §fShogun Hammer in auction for 5000000.
[11:58:03] > Seirione added x1 §fShogun Tanto in auction for 5000000.
[11:58:20] > Seirione added x1 §fShogun Spear in auction for 5000000.
[11:58:45] > Seirione added x1 §fShogun Fishing Rod in auction for 5000000.
[11:59:25] > Takeremu added x48 Pale oak sapling in auction for 1000.
[11:59:33] > Seirione added x1 §x§E§4§3§A§9§6§lW§x§E§7§5§3§A§3§lI§x§E§B§6§B§B§0§lN§x§E§E§8§4§B§D§lG§x§F§2§9§D§C§B§lS §x§F§8§C§E§E§5§lO§x§F§C§E§6§F§2§lF §x§F§C§E§6§F§2§lE§x§F§8§C§E§E§5§lT§x§F§5§B§5§D§8§lE§x§F§2§9§D§C§B§lR§x§E§E§8§4§B§D§lN§x§E§B§6§B§B§0§lI§x§E§7§5§3§A§3§lT§x§E§4§3§A§9§6§lY in auction for 10000000.