
[11:55:20] > Trapers1 added x5 §x§3§4§9§8§D§Bᴄᴏᴡ ꜱᴘᴀᴡɴᴇʀ in auction for 1000000.
[11:55:33] > Trapers1 added x5 §x§3§4§9§8§D§Bᴄᴏᴡ ꜱᴘᴀᴡɴᴇʀ in auction for 1000000.
[11:56:10] > Trapers1 remove x5 §x§3§4§9§8§D§Bᴄᴏᴡ ꜱᴘᴀᴡɴᴇʀ form storage
[11:56:10] > Trapers1 remove x5 §x§3§4§9§8§D§Bᴄᴏᴡ ꜱᴘᴀᴡɴᴇʀ form storage
[12:23:44] > x1 Enchanted book on sale by Cooldoggiexd has just expired, it goes in the inventory of expired items.
[12:23:44] > mauserdart added x5 §bEntropy Crystal §8(§310,000§8) in auction for 450000.
[12:23:59] > mauserdart added x5 §bEntropy Crystal §8(§310,000§8) in auction for 450000.
[12:24:07] > x1 §f§l§8B§x§6§3§6§3§6§3a§x§7§1§7§1§7§1h§x§8§0§8§0§8§0a§x§8§E§8§E§8§Em§x§9§C§9§C§9§Cu§7t§x§9§C§9§C§9§C §x§8§E§8§E§8§ES§x§8§0§8§0§8§0t§x§7§1§7§1§7§1a§x§6§3§6§3§6§3f§8f, item of Fogstrap, has just expired, the item is definitively deleted.
[12:24:08] > mauserdart remove x10 §bEntropy Crystal §8(§310,000§8) from expire
[12:24:38] > mauserdart added x5 §bEntropy Crystal §8(§310,000§8) in auction for 450000.
[12:24:51] > mauserdart added x5 §bEntropy Crystal §8(§310,000§8) in auction for 450000.
[12:34:36] > dearestyumeko buy x1 Powder snow bucket to .AppriXD for $69.
[12:34:39] > dearestyumeko buy x1 Powder snow bucket to .AppriXD for $69.
[12:43:55] > iiYang added x1 §x§F§F§5§5§0§0§lsᴇʟʟᴡᴀɴᴅ §6- 5.0x in auction for 150000.
[12:44:01] > RebornKimmy buy x1 §x§F§F§5§5§0§0§lsᴇʟʟᴡᴀɴᴅ §6- 5.0x to iiYang for $150,000.
[12:44:41] > Ryzxc buy x1 §x§F§F§5§5§0§0§lsᴇʟʟᴡᴀɴᴅ §6- 5.0x to .AppriXD for $350,000.
[12:52:15] > Ryzxc remove x1 Mace from storage
[12:53:56] > Ryzxc remove x1 §x§F§F§5§5§0§0§lsᴇʟʟᴡᴀɴᴅ §6- 5.0x from buy
[13:07:13] > Malachkite remove x1 §x§F§F§5§5§0§0§lsᴇʟʟᴡᴀɴᴅ §6- 5.0x from buy
[13:08:27] > Arthur added x37 Redstone block in auction for 20000.
[13:31:18] > cart224 buy x1 §x§F§F§5§5§0§0§lsᴇʟʟᴡᴀɴᴅ §6- 5.0x to .AppriXD for $350,000.
[13:31:24] > cart224 remove x1 §x§F§F§5§5§0§0§lsᴇʟʟᴡᴀɴᴅ §6- 5.0x from buy
[13:36:40] > x1 Enchanted book, bought by Kaynn, has just expired, the item is definitively deleted.
[13:36:43] > Gabyy remove x64 Experience bottle from buy
[13:44:17] > imnectarfr added x1 §f§l§8B§x§6§6§6§6§6§6a§x§7§7§7§7§7§7h§x§8§8§8§8§8§8a§x§9§9§9§9§9§9m§7u§x§9§9§9§9§9§9t§x§8§8§8§8§8§8 §x§7§7§7§7§7§7B§x§6§6§6§6§6§6o§8w in auction for 10.
[13:44:22] > Weeiyne buy x1 §f§l§8B§x§6§6§6§6§6§6a§x§7§7§7§7§7§7h§x§8§8§8§8§8§8a§x§9§9§9§9§9§9m§7u§x§9§9§9§9§9§9t§x§8§8§8§8§8§8 §x§7§7§7§7§7§7B§x§6§6§6§6§6§6o§8w to imnectarfr for $10.
[13:45:00] > imnectarfr added x1 §f§l§x§F§A§0§0§0§AD§x§F§A§1§C§1§5a§x§F§B§3§7§2§0r§x§F§B§5§3§2§Bk§x§F§B§6§F§3§6f§x§F§B§8§B§4§1l§x§F§C§A§6§4§Ca§x§F§C§C§2§5§7me§x§F§C§A§6§4§C §x§F§B§8§B§4§1S§x§F§B§6§F§3§6h§x§F§B§5§3§2§Bi§x§F§B§3§7§2§0e§x§F§A§1§C§1§5l§x§F§A§0§0§0§Ad in auction for 10.
[13:45:04] > Trapers1 buy x1 §f§l§x§F§A§0§0§0§AD§x§F§A§1§C§1§5a§x§F§B§3§7§2§0r§x§F§B§5§3§2§Bk§x§F§B§6§F§3§6f§x§F§B§8§B§4§1l§x§F§C§A§6§4§Ca§x§F§C§C§2§5§7me§x§F§C§A§6§4§C §x§F§B§8§B§4§1S§x§F§B§6§F§3§6h§x§F§B§5§3§2§Bi§x§F§B§3§7§2§0e§x§F§A§1§C§1§5l§x§F§A§0§0§0§Ad to imnectarfr for $10.
[13:45:13] > imnectarfr added x1 §x§5§9§A§1§D§9§lA§x§6§E§A§D§D§Er§x§8§3§B§9§E§3c§x§9§7§C§4§E§7h§x§A§C§D§0§E§Ca§x§C§1§D§C§F§1n§x§D§6§E§8§F§6g§x§E§A§F§3§F§Ae§fl §x§D§0§E§4§F§4S§x§B§8§D§7§E§Fh§x§A§0§C§9§E§9i§x§8§8§B§C§E§4e§x§7§1§A§E§D§El§x§5§9§A§1§D§9d in auction for 100.
[13:45:15] > Trapers1 buy x1 §x§5§9§A§1§D§9§lA§x§6§E§A§D§D§Er§x§8§3§B§9§E§3c§x§9§7§C§4§E§7h§x§A§C§D§0§E§Ca§x§C§1§D§C§F§1n§x§D§6§E§8§F§6g§x§E§A§F§3§F§Ae§fl §x§D§0§E§4§F§4S§x§B§8§D§7§E§Fh§x§A§0§C§9§E§9i§x§8§8§B§C§E§4e§x§7§1§A§E§D§El§x§5§9§A§1§D§9d to imnectarfr for $100.
[13:45:18] > aroraru buy x13 Raw iron to .AppriXD for $69.
[13:45:47] > Trapers1 remove x1 Enchanted book form buy
[13:45:47] > Trapers1 remove x1 §f§l§x§F§A§0§0§0§AD§x§F§A§1§C§1§5a§x§F§B§3§7§2§0r§x§F§B§5§3§2§Bk§x§F§B§6§F§3§6f§x§F§B§8§B§4§1l§x§F§C§A§6§4§Ca§x§F§C§C§2§5§7me§x§F§C§A§6§4§C §x§F§B§8§B§4§1S§x§F§B§6§F§3§6h§x§F§B§5§3§2§Bi§x§F§B§3§7§2§0e§x§F§A§1§C§1§5l§x§F§A§0§0§0§Ad form buy
[13:45:47] > Trapers1 remove x1 §x§5§9§A§1§D§9§lA§x§6§E§A§D§D§Er§x§8§3§B§9§E§3c§x§9§7§C§4§E§7h§x§A§C§D§0§E§Ca§x§C§1§D§C§F§1n§x§D§6§E§8§F§6g§x§E§A§F§3§F§Ae§fl §x§D§0§E§4§F§4S§x§B§8§D§7§E§Fh§x§A§0§C§9§E§9i§x§8§8§B§C§E§4e§x§7§1§A§E§D§El§x§5§9§A§1§D§9d form buy
[13:46:03] > aroraru remove x64 Beef from buy
[13:46:14] > aroraru buy x64 Beef to Ryzxc for $200.
[13:46:16] > imnectarfr added x1 §f§l§8B§x§5§F§5§F§5§Fa§x§6§9§6§9§6§9h§x§7§3§7§3§7§3a§x§7§D§7§D§7§Dm§x§8§7§8§7§8§7u§x§9§1§9§1§9§1t§x§9§B§9§B§9§B §x§A§5§A§5§A§5Gr§x§9§B§9§B§9§Be§x§9§1§9§1§9§1a§x§8§7§8§7§8§7t§x§7§D§7§D§7§Ds§x§7§3§7§3§7§3w§x§6§9§6§9§6§9o§x§5§F§5§F§5§Fr§8d in auction for 1000000.
[13:49:14] > imnectarfr remove x1 §f§l§8B§x§5§F§5§F§5§Fa§x§6§9§6§9§6§9h§x§7§3§7§3§7§3a§x§7§D§7§D§7§Dm§x§8§7§8§7§8§7u§x§9§1§9§1§9§1t§x§9§B§9§B§9§B §x§A§5§A§5§A§5Gr§x§9§B§9§B§9§Be§x§9§1§9§1§9§1a§x§8§7§8§7§8§7t§x§7§D§7§D§7§Ds§x§7§3§7§3§7§3w§x§6§9§6§9§6§9o§x§5§F§5§F§5§Fr§8d from storage
[13:49:25] > imnectarfr added x1 §f§l§8B§x§5§F§5§F§5§Fa§x§6§9§6§9§6§9h§x§7§3§7§3§7§3a§x§7§D§7§D§7§Dm§x§8§7§8§7§8§7u§x§9§1§9§1§9§1t§x§9§B§9§B§9§B §x§A§5§A§5§A§5Gr§x§9§B§9§B§9§Be§x§9§1§9§1§9§1a§x§8§7§8§7§8§7t§x§7§D§7§D§7§Ds§x§7§3§7§3§7§3w§x§6§9§6§9§6§9o§x§5§F§5§F§5§Fr§8d in auction for 100000.
[13:49:30] > Nxwaf buy x1 §f§l§8B§x§5§F§5§F§5§Fa§x§6§9§6§9§6§9h§x§7§3§7§3§7§3a§x§7§D§7§D§7§Dm§x§8§7§8§7§8§7u§x§9§1§9§1§9§1t§x§9§B§9§B§9§B §x§A§5§A§5§A§5Gr§x§9§B§9§B§9§Be§x§9§1§9§1§9§1a§x§8§7§8§7§8§7t§x§7§D§7§D§7§Ds§x§7§3§7§3§7§3w§x§6§9§6§9§6§9o§x§5§F§5§F§5§Fr§8d to imnectarfr for $100,000.
[13:49:44] > Nxwaf remove x1 §f§l§8B§x§5§F§5§F§5§Fa§x§6§9§6§9§6§9h§x§7§3§7§3§7§3a§x§7§D§7§D§7§Dm§x§8§7§8§7§8§7u§x§9§1§9§1§9§1t§x§9§B§9§B§9§B §x§A§5§A§5§A§5Gr§x§9§B§9§B§9§Be§x§9§1§9§1§9§1a§x§8§7§8§7§8§7t§x§7§D§7§D§7§Ds§x§7§3§7§3§7§3w§x§6§9§6§9§6§9o§x§5§F§5§F§5§Fr§8d from buy
[13:53:23] > Ryzxc remove x1 Shulker box from storage
[13:53:37] > InternetCafeUser added x1 §x§6§0§0§0§F§F§lɢᴏᴅʟʏ ɪᴛᴇᴍ in auction for 100000.
[13:53:41] > Trapers1 buy x1 §x§6§0§0§0§F§F§lɢᴏᴅʟʏ ɪᴛᴇᴍ to InternetCafeUser for $100,000.
[13:53:52] > Trapers1 remove x1 §x§6§0§0§0§F§F§lɢᴏᴅʟʏ ɪᴛᴇᴍ form buy
[13:53:54] > InternetCafeUser added x1 §x§A§5§8§0§D§D§lᴇᴘɪᴄ ɪᴛᴇᴍ in auction for 100000.
[14:13:14] > johnowenz1 buy x1 Dune armor trim smithing template to .JakeTheMiner457 for $80,000.
[14:13:23] > x1 §fCat Plushie (Black) §6(#14/101), bought by auvicious, has just expired, the item is definitively deleted.
[14:13:24] > johnowenz1 remove x1 Dune armor trim smithing template from buy
[14:15:17] > johnowenz1 added x6 Trial key in auction for 100000.
[14:15:17] > SenjuKawaragi added x64 Cooked beef in auction for 1500.
[14:15:21] > RebornKimmy buy x64 Cooked beef to SenjuKawaragi for $1,500.
[14:15:33] > SenjuKawaragi added x64 Cooked beef in auction for 1500.
[14:15:44] > Cooldoggiexd added x1 Enchanted golden apple in auction for 10.
[14:15:48] > Trapers1 buy x1 Enchanted golden apple to Cooldoggiexd for $10.
[14:16:02] > younglion1224 added x64 Iron block in auction for 10000.
[14:16:08] > SenjuKawaragi added x64 Cooked beef in auction for 1500.
[14:16:15] > younglion1224 added x64 Iron block in auction for 10000.
[14:16:20] > Malachkite buy x64 Iron block to younglion1224 for $10,000.
[14:16:28] > younglion1224 buy x64 Cooked beef to SenjuKawaragi for $1,500.
[14:16:30] > younglion1224 buy x64 Cooked beef to SenjuKawaragi for $1,500.
[14:16:36] > younglion1224 remove x21 Cooked beef form buy
[14:16:36] > younglion1224 remove x21 Cooked beef form buy
[14:16:51] > Biloo buy x64 Iron block to younglion1224 for $10,000.
[14:18:50] > Biloo remove x64 Iron block from buy
[14:19:27] > SP3CC_ buy x1 §x§F§F§5§5§0§0§lsᴇʟʟᴡᴀɴᴅ §6- 5.0x to Izumi for $500,000.
[14:19:31] > SP3CC_ buy x1 §x§F§F§5§5§0§0§lsᴇʟʟᴡᴀɴᴅ §6- 5.0x to M1kasa0 for $490,000.
[14:20:32] > johnowenz1 added x4 Flow armor trim smithing template in auction for 150000.
[14:25:41] > Trapers1 remove x1 Enchanted golden apple form buy
[14:26:08] > NoClarity added x1 §x§F§F§7§C§0§0§lSteamsparks Bow in auction for 99999.
[14:26:15] > RebornKimmy buy x1 §x§F§F§7§C§0§0§lSteamsparks Bow to NoClarity for $99,999.
[14:29:56] > nebula12321 added x1 Shulker box in auction for 9500000.
[14:30:00] > Icon_Skully buy x1 §f§l§x§8§A§0§0§F§FS§x§9§9§0§0§D§Bh§x§A§8§0§0§B§6i§x§B§7§0§0§9§2n§x§C§6§0§0§6§De§x§D§5§0§0§4§9 §x§E§4§0§0§2§4O§x§F§3§0§0§0§0n§x§E§4§0§0§2§4i§x§D§5§0§0§4§9 §x§C§6§0§0§6§DW§x§B§7§0§0§9§2i§x§A§8§0§0§B§6n§x§9§9§0§0§D§Bg§x§8§A§0§0§F§Fs to nachfaust for $6,000,000.
[14:30:10] > Icon_Skully remove x1 §f§l§x§8§A§0§0§F§FS§x§9§9§0§0§D§Bh§x§A§8§0§0§B§6i§x§B§7§0§0§9§2n§x§C§6§0§0§6§De§x§D§5§0§0§4§9 §x§E§4§0§0§2§4O§x§F§3§0§0§0§0n§x§E§4§0§0§2§4i§x§D§5§0§0§4§9 §x§C§6§0§0§6§DW§x§B§7§0§0§9§2i§x§A§8§0§0§B§6n§x§9§9§0§0§D§Bg§x§8§A§0§0§F§Fs from buy
[14:30:11] > Icon_Skully remove x1 Enchanted book from buy
[14:30:12] > Icon_Skully remove x1 §x§5§F§E§2§C§5Forest Fishing rod from buy
[14:37:23] > sinigang_nababoy remove x64 Iron ingot from storage
[14:37:26] > sinigang_nababoy remove x64 Iron ingot from storage
[14:39:52] > Malachkite added x1 §x§F§F§5§5§0§0§lsᴇʟʟᴡᴀɴᴅ §6- 5.0x in auction for 700000.
[14:40:24] > Malachkite remove x1 §x§F§F§5§5§0§0§lsᴇʟʟᴡᴀɴᴅ §6- 5.0x from storage
[14:40:26] > Gabyy added x1 §x§F§F§3§E§0§0§lSellwand Voucher in auction for 1000000.
[14:40:29] > Izumi added x1 §x§F§F§5§5§0§0§lsᴇʟʟᴡᴀɴᴅ §6- 5.0x in auction for 200000.
[14:40:30] > qu4sar added x1 §x§F§F§5§5§0§0§lsᴇʟʟᴡᴀɴᴅ §6- 5.0x in auction for 500000.
[14:40:34] > Cooldoggiexd buy x1 §x§F§F§5§5§0§0§lsᴇʟʟᴡᴀɴᴅ §6- 5.0x to Izumi for $200,000.
[14:40:34] > Malachkite added x1 §x§F§F§5§5§0§0§lsᴇʟʟᴡᴀɴᴅ §6- 5.0x in auction for 1000000.
[14:40:40] > Cooldoggiexd remove x1 §x§F§F§5§5§0§0§lsᴇʟʟᴡᴀɴᴅ §6- 5.0x from buy
[14:40:47] > Malachkite remove x1 §x§F§F§5§5§0§0§lsᴇʟʟᴡᴀɴᴅ §6- 5.0x from storage
[14:40:49] > Arthur added x1 §x§F§F§5§5§0§0§lsᴇʟʟᴡᴀɴᴅ §6- 10.0x in auction for 900000.
[14:40:51] > Malachkite remove x1 §x§F§F§5§5§0§0§lsᴇʟʟᴡᴀɴᴅ §6- 5.0x from expire
[14:40:53] > Malachkite remove x1 §f§l§8B§x§6§3§6§3§6§3a§x§7§1§7§1§7§1h§x§8§0§8§0§8§0a§x§8§E§8§E§8§Em§x§9§C§9§C§9§Cu§7t§x§9§C§9§C§9§C §x§8§E§8§E§8§ES§x§8§0§8§0§8§0t§x§7§1§7§1§7§1a§x§6§3§6§3§6§3f§8f from expire
[14:41:00] > HPMR_GaMerz buy x37 Redstone block to Arthur for $20,000.
[14:41:02] > Malachkite added x1 §x§F§F§5§5§0§0§lsᴇʟʟᴡᴀɴᴅ §6- 5.0x in auction for 700000.
[14:41:03] > SP3CC_ buy x1 §x§F§F§5§5§0§0§lsᴇʟʟᴡᴀɴᴅ §6- 10.0x to Arthur for $900,000.
[14:41:10] > Ryzxc added x1 §x§F§F§5§5§0§0§lsᴇʟʟᴡᴀɴᴅ §6- 5.0x in auction for 400000.
[14:41:14] > nebula12321 buy x5 §bEntropy Crystal §8(§310,000§8) to mauserdart for $450,000.
[14:41:17] > nebula12321 remove x1 Powder snow bucket from buy
[14:41:18] > sinigang_nababoy added x1 §x§F§F§5§5§0§0§lsᴇʟʟᴡᴀɴᴅ §6- 5.0x in auction for 500000.
[14:41:21] > nebula12321 remove x5 §bEntropy Crystal §8(§310,000§8) form buy
[14:42:15] > NoClarity added x1 §f§l§8B§x§6§2§6§2§6§2a§x§6§F§6§F§6§Fh§x§7§C§7§C§7§Ca§x§8§9§8§9§8§9m§x§9§6§9§6§9§6u§x§A§3§A§3§A§3t §x§9§6§9§6§9§6S§x§8§9§8§9§8§9h§x§7§C§7§C§7§Ci§x§6§F§6§F§6§Fe§x§6§2§6§2§6§2l§8d in auction for 150000.
[14:42:21] > nebula12321 buy x1 §f§l§8B§x§6§2§6§2§6§2a§x§6§F§6§F§6§Fh§x§7§C§7§C§7§Ca§x§8§9§8§9§8§9m§x§9§6§9§6§9§6u§x§A§3§A§3§A§3t §x§9§6§9§6§9§6S§x§8§9§8§9§8§9h§x§7§C§7§C§7§Ci§x§6§F§6§F§6§Fe§x§6§2§6§2§6§2l§8d to NoClarity for $150,000.
[14:42:27] > nebula12321 remove x1 §f§l§8B§x§6§2§6§2§6§2a§x§6§F§6§F§6§Fh§x§7§C§7§C§7§Ca§x§8§9§8§9§8§9m§x§9§6§9§6§9§6u§x§A§3§A§3§A§3t §x§9§6§9§6§9§6S§x§8§9§8§9§8§9h§x§7§C§7§C§7§Ci§x§6§F§6§F§6§Fe§x§6§2§6§2§6§2l§8d from buy
[14:42:27] > NoClarity added x1 §x§F§F§3§E§0§0§lSellwand Voucher in auction for 750000.
[14:42:39] > Malachkite remove x1 §x§F§F§5§5§0§0§lsᴇʟʟᴡᴀɴᴅ §6- 5.0x from storage
[14:42:53] > Malachkite added x1 §x§F§F§5§5§0§0§lsᴇʟʟᴡᴀɴᴅ §6- 5.0x in auction for 450000.
[14:43:30] > Julene remove x1 Lodestone from storage
[14:43:30] > Arthur buy x1 §x§F§F§7§C§0§0§lSteamsparks Pickaxe to auvicious for $300,000.
[14:43:31] > Julene remove x2 Lodestone from storage
[14:43:32] > Julene remove x1 Golden horse armor from storage
[14:43:33] > Julene remove x1 Golden horse armor from storage
[14:43:34] > Julene remove x1 §x§F§F§7§C§0§0§lSteamsparks Hoe from storage
[14:43:35] > Julene remove x1 Ominous trial key from storage
[14:43:36] > Julene remove x1 Phantom membrane from storage
[14:43:39] > Arthur buy x1 §x§F§F§7§C§0§0§lSteamsparks Battle Axe to Renzy01 for $200,000.
[14:43:47] > Julene added x1 Lodestone in auction for 10000.
[14:43:54] > Malachkite added x64 Emerald in auction for 10000.
[14:44:01] > Julene added x1 Lodestone in auction for 10000.
[14:44:02] > JinSoul15 buy x64 Emerald to Malachkite for $10,000.
[14:44:08] > dejuugarr remove x10 §x§F§C§9§0§5§C§lE§x§E§6§9§C§6§B§lp§x§C§F§A§7§7§A§li§x§B§9§B§3§8§9§lc §x§8§C§C§B§A§7§lC§x§7§5§D§6§B§6§lr§x§5§F§E§2§C§5§la§x§7§9§D§4§B§4§lt§x§9§3§C§7§A§2§le §x§C§8§A§B§7§F§lK§x§E§2§9§E§6§E§le§x§F§C§9§0§5§C§ly from storage
[14:44:09] > dejuugarr remove x1 §x§F§E§B§E§C§A§lSeason 3 Celebration Cake <3 from storage
[14:44:14] > Julene added x1 Lodestone in auction for 10000.
[14:44:19] > dejuugarr added x10 §x§F§C§9§0§5§C§lE§x§E§6§9§C§6§B§lp§x§C§F§A§7§7§A§li§x§B§9§B§3§8§9§lc §x§8§C§C§B§A§7§lC§x§7§5§D§6§B§6§lr§x§5§F§E§2§C§5§la§x§7§9§D§4§B§4§lt§x§9§3§C§7§A§2§le §x§C§8§A§B§7§F§lK§x§E§2§9§E§6§E§le§x§F§C§9§0§5§C§ly in auction for 300000.
[14:44:20] > Malachkite added x1 §f§l§8B§x§6§3§6§3§6§3a§x§7§1§7§1§7§1h§x§8§0§8§0§8§0a§x§8§E§8§E§8§Em§x§9§C§9§C§9§Cu§7t§x§9§C§9§C§9§C §x§8§E§8§E§8§ES§x§8§0§8§0§8§0t§x§7§1§7§1§7§1a§x§6§3§6§3§6§3f§8f in auction for 100000.
[14:44:36] > Julene added x1 Ominous trial key in auction for 55000.
[14:44:42] > dejuugarr added x1 §x§F§E§B§E§C§A§lSeason 3 Celebration Cake <3 in auction for 100000.
[14:44:51] > Broodie added x1 §x§5§9§A§1§D§9§lA§x§6§E§A§D§D§Er§x§8§3§B§9§E§3c§x§9§7§C§4§E§7h§x§A§C§D§0§E§Ca§x§C§1§D§C§F§1n§x§D§6§E§8§F§6g§x§E§A§F§3§F§Ae§fl §x§D§0§E§4§F§4D§x§B§8§D§7§E§Fa§x§A§0§C§9§E§9g§x§8§8§B§C§E§4g§x§7§1§A§E§D§Ee§x§5§9§A§1§D§9r in auction for 250000.
[14:44:53] > Julene added x1 Phantom membrane in auction for 1000.
[14:45:08] > Julene added x1 Ominous bottle in auction for 75000.
[14:45:34] > Broodie remove x1 §x§5§9§A§1§D§9§lA§x§6§E§A§D§D§Er§x§8§3§B§9§E§3c§x§9§7§C§4§E§7h§x§A§C§D§0§E§Ca§x§C§1§D§C§F§1n§x§D§6§E§8§F§6g§x§E§A§F§3§F§Ae§fl §x§D§0§E§4§F§4D§x§B§8§D§7§E§Fa§x§A§0§C§9§E§9g§x§8§8§B§C§E§4g§x§7§1§A§E§D§Ee§x§5§9§A§1§D§9r from storage
[14:45:41] > Julene added x1 Golden horse armor in auction for 1500.
[14:45:49] > Broodie added x1 §x§5§9§A§1§D§9§lA§x§6§E§A§D§D§Er§x§8§3§B§9§E§3c§x§9§7§C§4§E§7h§x§A§C§D§0§E§Ca§x§C§1§D§C§F§1n§x§D§6§E§8§F§6g§x§E§A§F§3§F§Ae§fl §x§D§0§E§4§F§4D§x§B§8§D§7§E§Fa§x§A§0§C§9§E§9g§x§8§8§B§C§E§4g§x§7§1§A§E§D§Ee§x§5§9§A§1§D§9r in auction for 250000.
[14:45:55] > Julene added x1 Golden horse armor in auction for 1500.
[14:46:16] > Broodie remove x1 §x§5§9§A§1§D§9§lA§x§6§E§A§D§D§Er§x§8§3§B§9§E§3c§x§9§7§C§4§E§7h§x§A§C§D§0§E§Ca§x§C§1§D§C§F§1n§x§D§6§E§8§F§6g§x§E§A§F§3§F§Ae§fl §x§D§0§E§4§F§4D§x§B§8§D§7§E§Fa§x§A§0§C§9§E§9g§x§8§8§B§C§E§4g§x§7§1§A§E§D§Ee§x§5§9§A§1§D§9r from storage
[14:46:53] > Arthur remove x1 §x§F§F§7§C§0§0§lSteamsparks Battle Axe from buy
[14:46:53] > Arthur remove x1 §x§F§F§7§C§0§0§lSteamsparks Pickaxe from buy
[14:57:56] > NoClarity added x5 Heart of the sea in auction for 50000.
[14:58:01] > RebornKimmy buy x5 Heart of the sea to NoClarity for $50,000.
[15:03:39] > micailatot added x2 Trial key in auction for 50000.
[15:08:12] > x1 Sniffer egg on sale by kysicx has just expired, it goes in the inventory of expired items.
[15:11:03] > Julene buy x4 Flow armor trim smithing template to johnowenz1 for $150,000.
[15:11:38] > Julene remove x4 Flow armor trim smithing template from buy
[15:12:23] > Julene remove x1 Phantom membrane from storage
[15:12:35] > Julene added x1 Water bucket in auction for 10.
[15:13:20] > Matthew buy x1 Water bucket to Julene for $10.
[15:13:42] > Matthew remove x1 Water bucket from buy
[15:19:36] > YchannR added x1 Silkest in auction for 300000.
[15:22:36] > YchannR added x1 §f§l§x§8§A§0§0§F§FS§x§9§7§0§0§D§Fh§x§A§4§0§0§B§Fi§x§B§1§0§0§9§Fn§x§B§F§0§0§8§0e§x§C§C§0§0§6§0 §x§D§9§0§0§4§0O§x§E§6§0§0§2§0n§x§F§3§0§0§0§0i§x§E§6§0§0§2§0 §x§D§9§0§0§4§0P§x§C§C§0§0§6§0i§x§B§F§0§0§8§0c§x§B§1§0§0§9§Fk§x§A§4§0§0§B§Fa§x§9§7§0§0§D§Fx§x§8§A§0§0§F§Fe in auction for 3500000.
[15:23:02] > YchannR remove x1 §f§l§x§8§A§0§0§F§FS§x§9§7§0§0§D§Fh§x§A§4§0§0§B§Fi§x§B§1§0§0§9§Fn§x§B§F§0§0§8§0e§x§C§C§0§0§6§0 §x§D§9§0§0§4§0O§x§E§6§0§0§2§0n§x§F§3§0§0§0§0i§x§E§6§0§0§2§0 §x§D§9§0§0§4§0P§x§C§C§0§0§6§0i§x§B§F§0§0§8§0c§x§B§1§0§0§9§Fk§x§A§4§0§0§B§Fa§x§9§7§0§0§D§Fx§x§8§A§0§0§F§Fe from storage
[15:23:12] > YchannR added x1 §f§l§x§8§A§0§0§F§FS§x§9§7§0§0§D§Fh§x§A§4§0§0§B§Fi§x§B§1§0§0§9§Fn§x§B§F§0§0§8§0e§x§C§C§0§0§6§0 §x§D§9§0§0§4§0O§x§E§6§0§0§2§0n§x§F§3§0§0§0§0i§x§E§6§0§0§2§0 §x§D§9§0§0§4§0P§x§C§C§0§0§6§0i§x§B§F§0§0§8§0c§x§B§1§0§0§9§Fk§x§A§4§0§0§B§Fa§x§9§7§0§0§D§Fx§x§8§A§0§0§F§Fe in auction for 4000000.
[15:26:25] > .AppriXD buy x5 §bEntropy Crystal §8(§310,000§8) to mauserdart for $450,000.
[15:26:28] > .AppriXD buy x5 §bEntropy Crystal §8(§310,000§8) to mauserdart for $450,000.
[15:26:31] > .AppriXD buy x5 §bEntropy Crystal §8(§310,000§8) to mauserdart for $450,000.
[15:26:42] > .AppriXD remove x5 §bEntropy Crystal §8(§310,000§8) from buy
[15:26:43] > .AppriXD remove x5 §bEntropy Crystal §8(§310,000§8) from buy
[15:26:43] > .AppriXD remove x5 §bEntropy Crystal §8(§310,000§8) from buy
[15:27:45] > aroraru added x1 Enchanted book in auction for 100000.
[15:27:51] > Takeremu remove x1 §f§l§x§8§A§0§0§F§FS§x§9§9§0§0§D§Bh§x§A§8§0§0§B§6i§x§B§7§0§0§9§2n§x§C§6§0§0§6§De§x§D§5§0§0§4§9 §x§E§4§0§0§2§4O§x§F§3§0§0§0§0n§x§E§4§0§0§2§4i§x§D§5§0§0§4§9 §x§C§6§0§0§6§DS§x§B§7§0§0§9§2p§x§A§8§0§0§B§6e§x§9§9§0§0§D§Ba§x§8§A§0§0§F§Fr from storage
[15:27:58] > Takeremu added x1 §f§l§x§8§A§0§0§F§FS§x§9§9§0§0§D§Bh§x§A§8§0§0§B§6i§x§B§7§0§0§9§2n§x§C§6§0§0§6§De§x§D§5§0§0§4§9 §x§E§4§0§0§2§4O§x§F§3§0§0§0§0n§x§E§4§0§0§2§4i§x§D§5§0§0§4§9 §x§C§6§0§0§6§DS§x§B§7§0§0§9§2p§x§A§8§0§0§B§6e§x§9§9§0§0§D§Ba§x§8§A§0§0§F§Fr in auction for 2000000.
[15:28:18] > aroraru remove x1 Enchanted book from storage
[15:28:19] > aroraru remove x1 §x§F§F§5§5§0§0§lsᴇʟʟᴡᴀɴᴅ §6- 20.0x from storage
[15:28:37] > aroraru added x1 Enchanted book in auction for 20000.
[15:31:30] > dejuugarr remove x1 §x§F§E§B§E§C§A§lSeason 3 Celebration Cake <3 form storage
[15:31:30] > dejuugarr remove x10 §x§F§C§9§0§5§C§lE§x§E§6§9§C§6§B§lp§x§C§F§A§7§7§A§li§x§B§9§B§3§8§9§lc §x§8§C§C§B§A§7§lC§x§7§5§D§6§B§6§lr§x§5§F§E§2§C§5§la§x§7§9§D§4§B§4§lt§x§9§3§C§7§A§2§le §x§C§8§A§B§7§F§lK§x§E§2§9§E§6§E§le§x§F§C§9§0§5§C§ly form storage
[15:31:41] > dejuugarr added x10 §x§F§C§9§0§5§C§lE§x§E§6§9§C§6§B§lp§x§C§F§A§7§7§A§li§x§B§9§B§3§8§9§lc §x§8§C§C§B§A§7§lC§x§7§5§D§6§B§6§lr§x§5§F§E§2§C§5§la§x§7§9§D§4§B§4§lt§x§9§3§C§7§A§2§le §x§C§8§A§B§7§F§lK§x§E§2§9§E§6§E§le§x§F§C§9§0§5§C§ly in auction for 300000.
[15:31:54] > dejuugarr added x1 §x§F§E§B§E§C§A§lSeason 3 Celebration Cake <3 in auction for 50000.
[15:34:06] > aroraru added x64 Wind charge in auction for 64646.
[15:38:17] > Takeremu added x64 Experience bottle in auction for 80000.
[15:38:25] > JinSoul15 buy x64 Experience bottle to Takeremu for $80,000.
[15:38:34] > Takeremu added x64 Experience bottle in auction for 80000.
[15:38:44] > Takeremu added x64 Experience bottle in auction for 80000.
[15:38:51] > JinSoul15 buy x64 Experience bottle to Takeremu for $80,000.
[15:39:42] > JinSoul15 buy x64 Experience bottle to Takeremu for $80,000.
[15:40:08] > Antonie657 remove x1 Enchanted book from storage
[15:40:08] > Antonie657 remove x1 §f§l§x§F§C§D§0§5§CW§x§F§B§B§0§4§Eu§x§F§9§9§0§4§0k§x§F§8§7§0§3§2o§x§F§6§5§0§2§3n§x§F§5§3§0§1§5g§x§F§4§1§0§0§7 H§x§F§5§3§0§1§5a§x§F§6§5§0§2§3l§x§F§8§7§0§3§2b§x§F§9§9§0§4§0e§x§F§B§B§0§4§Er§x§F§C§D§0§5§Cd from storage
[15:40:12] > Takeremu added x64 Experience bottle in auction for 80000.
[15:40:18] > JinSoul15 buy x64 Experience bottle to Takeremu for $80,000.
[15:40:19] > Antonie657 added x1 Enchanted book in auction for 10000.
[15:40:25] > Takeremu added x64 Experience bottle in auction for 80000.
[15:40:31] > Antonie657 added x1 §f§l§x§F§C§D§0§5§CW§x§F§B§B§0§4§Eu§x§F§9§9§0§4§0k§x§F§8§7§0§3§2o§x§F§6§5§0§2§3n§x§F§5§3§0§1§5g§x§F§4§1§0§0§7 H§x§F§5§3§0§1§5a§x§F§6§5§0§2§3l§x§F§8§7§0§3§2b§x§F§9§9§0§4§0e§x§F§B§B§0§4§Er§x§F§C§D§0§5§Cd in auction for 300000.
[15:40:37] > younglion1224 buy x64 Experience bottle to Takeremu for $80,000.
[15:40:54] > younglion1224 buy x64 Wind charge to aroraru for $64,646.
[15:41:12] > younglion1224 remove x64 Experience bottle form buy
[15:41:12] > younglion1224 remove x6 Wind charge form buy
[15:44:49] > JinSoul15 remove x64 Experience bottle from buy
[15:45:22] > JinSoul15 remove x64 Experience bottle from buy
[15:45:35] > Julene remove x1 Lodestone from storage
[15:45:36] > Julene remove x1 Lodestone from storage
[15:45:37] > Julene remove x1 Lodestone from storage
[15:45:40] > Julene remove x1 Ominous trial key from storage
[15:46:19] > Julene added x1 §f§l§x§F§C§D§0§5§CW§x§F§B§A§D§4§Du§x§F§9§8§B§3§Dk§x§F§8§6§8§2§Eo§x§F§6§4§5§1§Fn§x§F§5§2§3§0§Fg§x§F§3§0§0§0§0 §x§F§5§2§3§0§FH§x§F§6§4§5§1§Fe§x§F§8§6§8§2§El§x§F§9§8§B§3§Dm§x§F§B§A§D§4§De§x§F§C§D§0§5§Ct in auction for 350000.
[15:46:24] > Fogstrap buy x1 §f§l§x§F§C§D§0§5§CW§x§F§B§B§0§4§Eu§x§F§9§9§0§4§0k§x§F§8§7§0§3§2o§x§F§6§5§0§2§3n§x§F§5§3§0§1§5g§x§F§4§1§0§0§7 H§x§F§5§3§0§1§5a§x§F§6§5§0§2§3l§x§F§8§7§0§3§2b§x§F§9§9§0§4§0e§x§F§B§B§0§4§Er§x§F§C§D§0§5§Cd to Antonie657 for $300,000.
[15:46:32] > Julene added x1 §f§l§x§F§C§D§0§5§CW§x§F§B§C§1§5§5u§x§F§B§B§2§4§Fk§x§F§A§A§3§4§8o§x§F§9§9§5§4§2n§x§F§9§8§6§3§Bg§x§F§8§7§7§3§5 §x§F§8§6§8§2§EL§x§F§7§5§9§2§7e§x§F§6§4§A§2§1g§x§F§6§3§B§1§Ag§x§F§5§2§D§1§4i§x§F§4§1§E§0§Dn§x§F§4§0§F§0§7g§x§F§3§0§0§0§0s in auction for 400000.
[15:46:33] > Fogstrap buy x1 §f§l§x§F§C§D§0§5§CW§x§F§B§A§D§4§Du§x§F§9§8§B§3§Dk§x§F§8§6§8§2§Eo§x§F§6§4§5§1§Fn§x§F§5§2§3§0§Fg§x§F§3§0§0§0§0 §x§F§5§2§3§0§FH§x§F§6§4§5§1§Fe§x§F§8§6§8§2§El§x§F§9§8§B§3§Dm§x§F§B§A§D§4§De§x§F§C§D§0§5§Ct to Julene for $350,000.
[15:46:48] > Julene added x1 §f§l§x§F§C§D§0§5§CW§x§F§B§C§3§5§6u§x§F§B§B§6§5§1k§x§F§A§A§9§4§Bo§x§F§A§9§C§4§5n§x§F§9§8§F§3§Fg§x§F§9§8§2§3§A §x§F§8§7§5§3§4C§x§F§8§6§8§2§Eh§x§F§7§5§B§2§8e§x§F§6§4§E§2§3s§x§F§6§4§1§1§Dt§x§F§5§3§4§1§7p§x§F§5§2§7§1§1l§x§F§4§1§A§0§Ca§x§F§4§0§D§0§6t§x§F§3§0§0§0§0e in auction for 500000.
[15:47:03] > Julene added x1 §f§l§x§F§C§D§0§5§CW§x§F§B§B§D§5§4u§x§F§A§A§A§4§Bk§x§F§A§9§7§4§3o§x§F§9§8§4§3§Bn§x§F§8§7§1§3§2g§x§F§7§5§F§2§A §x§F§6§4§C§2§1B§x§F§5§3§9§1§9o§x§F§5§2§6§1§1o§x§F§4§1§3§0§8t§x§F§3§0§0§0§0s in auction for 275000.
[15:47:47] > Julene added x1 Ominous trial key in auction for 45000.
[15:48:12] > Takeremu added x64 Experience bottle in auction for 80000.
[15:48:18] > JinSoul15 buy x64 Experience bottle to Takeremu for $80,000.
[15:48:22] > Takeremu added x64 Experience bottle in auction for 80000.
[15:48:25] > JinSoul15 buy x64 Experience bottle to Takeremu for $80,000.
[15:48:47] > Antonie657 added x1 §f§l§x§F§C§D§0§5§CW§x§F§A§A§2§4§8u§x§F§8§7§4§3§3k§x§F§6§4§5§1§Fo§x§F§4§1§7§0§Ang§x§F§6§4§5§1§F §x§F§8§7§4§3§3H§x§F§A§A§2§4§8o§x§F§C§D§0§5§Ce in auction for 300000.
[15:49:43] > Julene added x3 Lodestone in auction for 10000.
[15:51:52] > Takeremu added x64 Experience bottle in auction for 80000.
[15:51:58] > JinSoul15 buy x64 Experience bottle to Takeremu for $80,000.
[15:52:02] > Takeremu added x64 Experience bottle in auction for 80000.
[15:52:03] > JinSoul15 buy x3 Lodestone to Julene for $10,000.
[15:52:06] > JinSoul15 buy x64 Experience bottle to Takeremu for $80,000.
[16:02:39] > HwanYo buy x1 §x§F§F§3§E§0§0§lSellwand Voucher to NoClarity for $750,000.
[16:02:45] > HwanYo buy x1 §x§F§F§3§E§0§0§lSellwand Voucher to Gabyy for $1,000,000.
[16:02:55] > HwanYo remove x1 §x§F§F§3§E§0§0§lSellwand Voucher from buy
[16:02:55] > HwanYo remove x1 §x§F§F§3§E§0§0§lSellwand Voucher from buy
[16:11:25] > Malachkite remove x1 §x§F§F§5§5§0§0§lsᴇʟʟᴡᴀɴᴅ §6- 5.0x from storage
[16:11:26] > Malachkite remove x1 §f§l§8B§x§6§3§6§3§6§3a§x§7§1§7§1§7§1h§x§8§0§8§0§8§0a§x§8§E§8§E§8§Em§x§9§C§9§C§9§Cu§7t§x§9§C§9§C§9§C §x§8§E§8§E§8§ES§x§8§0§8§0§8§0t§x§7§1§7§1§7§1a§x§6§3§6§3§6§3f§8f from storage
[16:11:38] > Malachkite added x1 §x§F§F§5§5§0§0§lsᴇʟʟᴡᴀɴᴅ §6- 5.0x in auction for 500000.
[16:11:48] > JinSoul15 remove x64 Experience bottle from buy
[16:11:49] > JinSoul15 remove x64 Experience bottle from buy
[16:12:14] > EXEZUNO added x1 Bow in auction for 620000.
[16:21:35] > micailatot remove x2 Trial key form storage
[16:21:47] > micailatot added x2 Trial key in auction for 25000.
[16:22:12] > Antonie657 added x1 §x§F§C§9§0§5§C§lE§x§E§6§9§C§6§B§lp§x§C§F§A§7§7§A§li§x§B§9§B§3§8§9§lc §x§8§C§C§B§A§7§lC§x§7§5§D§6§B§6§lr§x§5§F§E§2§C§5§la§x§7§9§D§4§B§4§lt§x§9§3§C§7§A§2§le §x§C§8§A§B§7§F§lK§x§E§2§9§E§6§E§le§x§F§C§9§0§5§C§ly in auction for 7000.
[16:22:21] > Antonie657 remove x1 §x§F§C§9§0§5§C§lE§x§E§6§9§C§6§B§lp§x§C§F§A§7§7§A§li§x§B§9§B§3§8§9§lc §x§8§C§C§B§A§7§lC§x§7§5§D§6§B§6§lr§x§5§F§E§2§C§5§la§x§7§9§D§4§B§4§lt§x§9§3§C§7§A§2§le §x§C§8§A§B§7§F§lK§x§E§2§9§E§6§E§le§x§F§C§9§0§5§C§ly from storage
[16:22:29] > Antonie657 remove x1 §x§F§C§9§0§5§C§lE§x§E§6§9§C§6§B§lp§x§C§F§A§7§7§A§li§x§B§9§B§3§8§9§lc §x§8§C§C§B§A§7§lC§x§7§5§D§6§B§6§lr§x§5§F§E§2§C§5§la§x§7§9§D§4§B§4§lt§x§9§3§C§7§A§2§le §x§C§8§A§B§7§F§lK§x§E§2§9§E§6§E§le§x§F§C§9§0§5§C§ly from expire
[16:22:42] > Antonie657 added x5 §x§F§C§9§0§5§C§lE§x§E§6§9§C§6§B§lp§x§C§F§A§7§7§A§li§x§B§9§B§3§8§9§lc §x§8§C§C§B§A§7§lC§x§7§5§D§6§B§6§lr§x§5§F§E§2§C§5§la§x§7§9§D§4§B§4§lt§x§9§3§C§7§A§2§le §x§C§8§A§B§7§F§lK§x§E§2§9§E§6§E§le§x§F§C§9§0§5§C§ly in auction for 7000.
[16:22:46] > JinSoul15 buy x5 §x§F§C§9§0§5§C§lE§x§E§6§9§C§6§B§lp§x§C§F§A§7§7§A§li§x§B§9§B§3§8§9§lc §x§8§C§C§B§A§7§lC§x§7§5§D§6§B§6§lr§x§5§F§E§2§C§5§la§x§7§9§D§4§B§4§lt§x§9§3§C§7§A§2§le §x§C§8§A§B§7§F§lK§x§E§2§9§E§6§E§le§x§F§C§9§0§5§C§ly to Antonie657 for $7,000.
[16:22:55] > Antonie657 added x5 §x§F§C§D§0§5§C§lB§x§E§6§D§3§6§B§la§x§C§F§D§5§7§A§ls§x§B§9§D§8§8§9§li§x§A§2§D§A§9§8§lc §x§7§5§D§F§B§6§lC§x§5§F§E§2§C§5§lr§x§7§5§D§F§B§6§la§x§8§C§D§D§A§7§lt§x§A§2§D§A§9§8§le §x§C§F§D§5§7§A§lK§x§E§6§D§3§6§B§le§x§F§C§D§0§5§C§ly in auction for 5000.
[16:26:51] > Takeremu added x64 Experience bottle in auction for 80000.
[16:26:57] > JinSoul15 buy x64 Experience bottle to Takeremu for $80,000.
[16:27:10] > .AppriXD buy x5 §x§F§C§D§0§5§C§lB§x§E§6§D§3§6§B§la§x§C§F§D§5§7§A§ls§x§B§9§D§8§8§9§li§x§A§2§D§A§9§8§lc §x§7§5§D§F§B§6§lC§x§5§F§E§2§C§5§lr§x§7§5§D§F§B§6§la§x§8§C§D§D§A§7§lt§x§A§2§D§A§9§8§le §x§C§F§D§5§7§A§lK§x§E§6§D§3§6§B§le§x§F§C§D§0§5§C§ly to Antonie657 for $5,000.
[16:28:58] > Takeremu added x64 Experience bottle in auction for 80000.
[16:29:04] > JinSoul15 buy x64 Experience bottle to Takeremu for $80,000.
[16:31:41] > JinSoul15 remove x64 Experience bottle from buy
[16:31:41] > JinSoul15 remove x64 Experience bottle from buy
[16:32:13] > JinSoul15 remove x64 Experience bottle from buy
[16:34:40] > JinSoul15 remove x64 Experience bottle from buy
[16:34:40] > JinSoul15 remove x64 Experience bottle from buy
[16:34:40] > JinSoul15 remove x3 Lodestone from buy
[16:34:41] > JinSoul15 remove x64 Experience bottle from buy
[16:35:01] > nachfaust added x1 Enchanted book in auction for 20000.
[16:35:16] > nachfaust added x1 Enchanted book in auction for 20000.
[16:35:27] > nachfaust added x1 Enchanted book in auction for 20000.
[16:35:37] > nachfaust added x1 Enchanted book in auction for 20000.
[16:38:02] > Julene added x1 §f§l§x§F§C§D§0§5§CW§x§F§B§B§0§4§Eu§x§F§9§9§0§4§0k§x§F§8§7§0§3§2o§x§F§6§5§0§2§3n§x§F§5§3§0§1§5g§x§F§4§1§0§0§7 H§x§F§5§3§0§1§5a§x§F§6§5§0§2§3l§x§F§8§7§0§3§2b§x§F§9§9§0§4§0e§x§F§B§B§0§4§Er§x§F§C§D§0§5§Cd in auction for 1300000.
[16:38:09] > Fogstrap remove x1 §f§l§x§F§C§D§0§5§CW§x§F§B§A§D§4§Du§x§F§9§8§B§3§Dk§x§F§8§6§8§2§Eo§x§F§6§4§5§1§Fn§x§F§5§2§3§0§Fg§x§F§3§0§0§0§0 §x§F§5§2§3§0§FH§x§F§6§4§5§1§Fe§x§F§8§6§8§2§El§x§F§9§8§B§3§Dm§x§F§B§A§D§4§De§x§F§C§D§0§5§Ct from buy
[16:38:10] > Fogstrap remove x1 §f§l§x§F§C§D§0§5§CW§x§F§B§B§0§4§Eu§x§F§9§9§0§4§0k§x§F§8§7§0§3§2o§x§F§6§5§0§2§3n§x§F§5§3§0§1§5g§x§F§4§1§0§0§7 H§x§F§5§3§0§1§5a§x§F§6§5§0§2§3l§x§F§8§7§0§3§2b§x§F§9§9§0§4§0e§x§F§B§B§0§4§Er§x§F§C§D§0§5§Cd from buy
[16:38:12] > Fogstrap remove x1 Powder snow bucket from buy
[16:38:12] > Fogstrap remove x1 §e§lCrab Scale from buy
[16:38:12] > Fogstrap remove x1 §9§lCrab Claw from buy
[16:41:55] > Takeremu added x64 Experience bottle in auction for 80000.
[16:41:57] > KiiviNyx remove x1 §fRabbit Plushie (Salt & Pepper) §6(#73/101) from buy
[16:41:58] > KiiviNyx remove x1 §fWandering Trader Plushie §6(#92/101) from buy
[16:41:59] > KiiviNyx remove x1 §fSpider Plushie §6(#83/101) from buy
[16:42:04] > JinSoul15 buy x64 Experience bottle to Takeremu for $80,000.
[16:42:05] > Takeremu added x64 Experience bottle in auction for 80000.
[16:42:38] > nagiiish added x1 Elytra in auction for 3500000.
[16:42:41] > Antonie657 buy x1 Elytra to nagiiish for $3,500,000.
[16:42:43] > JinSoul15 buy x64 Experience bottle to Takeremu for $80,000.
[16:42:48] > Antonie657 remove x1 Elytra from buy
[16:44:45] > KiiviNyx buy x1 Enchanted book to aroraru for $20,000.
[16:44:49] > KiiviNyx buy x1 Enchanted book to nachfaust for $20,000.
[16:44:58] > KiiviNyx remove x1 Enchanted book from buy
[16:44:59] > KiiviNyx remove x1 Enchanted book from buy
[16:52:22] > Takeremu added x64 Experience bottle in auction for 80000.
[16:52:26] > JinSoul15 buy x64 Experience bottle to Takeremu for $80,000.
[16:52:29] > x1 §x§F§F§7§C§0§0§lSteamsparks Chestplate on sale by EnderDragon0120 has just expired, it goes in the inventory of expired items.
[16:53:29] > dejuugarr remove x10 §x§F§C§9§0§5§C§lE§x§E§6§9§C§6§B§lp§x§C§F§A§7§7§A§li§x§B§9§B§3§8§9§lc §x§8§C§C§B§A§7§lC§x§7§5§D§6§B§6§lr§x§5§F§E§2§C§5§la§x§7§9§D§4§B§4§lt§x§9§3§C§7§A§2§le §x§C§8§A§B§7§F§lK§x§E§2§9§E§6§E§le§x§F§C§9§0§5§C§ly from storage
[16:53:31] > dejuugarr remove x1 §x§F§E§B§E§C§A§lSeason 3 Celebration Cake <3 form storage
[16:53:40] > x1 §x§F§F§7§C§0§0§lSteamsparks Sword on sale by EnderDragon0120 has just expired, it goes in the inventory of expired items.
[16:55:13] > x1 §x§F§F§7§C§0§0§lSteamsparks Staff on sale by EnderDragon0120 has just expired, it goes in the inventory of expired items.
[16:55:29] > NoClarity added x1 Goat horn in auction for 50000.
[16:55:42] > dejuugarr buy x5 §x§F§C§9§0§5§C§lE§x§E§6§9§C§6§B§lp§x§C§F§A§7§7§A§li§x§B§9§B§3§8§9§lc §x§8§C§C§B§A§7§lC§x§7§5§D§6§B§6§lr§x§5§F§E§2§C§5§la§x§7§9§D§4§B§4§lt§x§9§3§C§7§A§2§le §x§C§8§A§B§7§F§lK§x§E§2§9§E§6§E§le§x§F§C§9§0§5§C§ly to Uratakiz for $200,000.
[16:55:45] > Julene buy x1 Goat horn to NoClarity for $50,000.
[16:55:50] > Takeremu added x64 Experience bottle in auction for 80000.
[16:55:50] > Julene remove x1 Goat horn from buy
[16:55:55] > Antonie657 buy x64 Experience bottle to Takeremu for $80,000.
[16:56:12] > Antonie657 remove x64 Experience bottle from buy
[16:58:10] > Takeremu added x64 Experience bottle in auction for 80000.
[16:58:15] > Antonie657 buy x64 Experience bottle to Takeremu for $80,000.
[16:58:24] > Takeremu added x64 Experience bottle in auction for 80000.
[16:58:28] > JinSoul15 buy x64 Experience bottle to Takeremu for $80,000.
[16:58:46] > Takeremu added x64 Experience bottle in auction for 80000.
[16:58:49] > JinSoul15 buy x64 Experience bottle to Takeremu for $80,000.
[16:59:21] > Takeremu added x64 Experience bottle in auction for 80000.
[16:59:29] > sky_edits remove x1 §fSun Hat from storage
[16:59:35] > JinSoul15 buy x64 Experience bottle to Takeremu for $80,000.
[17:00:13] > dejuugarr buy x1 Dune armor trim smithing template to .JakeTheMiner457 for $80,000.
[17:05:20] > JinSoul15 remove x64 Experience bottle from buy
[17:05:20] > JinSoul15 remove x64 Experience bottle from buy
[17:11:48] > Archoblivion buy x1 §f§l§8B§x§6§4§6§4§6§4a§x§7§4§7§4§7§4h§x§8§3§8§3§8§3a§x§9§3§9§3§9§3m§x§A§2§A§2§A§2ut§x§9§3§9§3§9§3 §x§8§3§8§3§8§3C§x§7§4§7§4§7§4l§x§6§4§6§4§6§4u§8b to .AppriXD for $100,000.
[17:11:58] > Don_Peanuts added x1 §x§F§F§7§C§0§0§lSteamsparks Chestplate in auction for 100000.
[17:13:43] > Archoblivion remove x1 §f§l§8B§x§6§4§6§4§6§4a§x§7§4§7§4§7§4h§x§8§3§8§3§8§3a§x§9§3§9§3§9§3m§x§A§2§A§2§A§2ut§x§9§3§9§3§9§3 §x§8§3§8§3§8§3C§x§7§4§7§4§7§4l§x§6§4§6§4§6§4u§8b from buy
[17:14:50] > dejuugarr remove x1 Dune armor trim smithing template from buy
[17:14:51] > dejuugarr remove x5 §x§F§C§9§0§5§C§lE§x§E§6§9§C§6§B§lp§x§C§F§A§7§7§A§li§x§B§9§B§3§8§9§lc §x§8§C§C§B§A§7§lC§x§7§5§D§6§B§6§lr§x§5§F§E§2§C§5§la§x§7§9§D§4§B§4§lt§x§9§3§C§7§A§2§le §x§C§8§A§B§7§F§lK§x§E§2§9§E§6§E§le§x§F§C§9§0§5§C§ly from buy
[17:18:29] > dejuugarr added x1 §x§F§F§7§C§0§0§lSteamsparks Key in auction for 550000.
[17:20:13] > Takeremu added x64 Experience bottle in auction for 80000.
[17:20:16] > JinSoul15 buy x64 Experience bottle to Takeremu for $80,000.
[17:20:26] > Takeremu added x64 Experience bottle in auction for 80000.
[17:20:30] > nagiiish buy x64 Experience bottle to Takeremu for $80,000.
[17:20:40] > nagiiish remove x64 Experience bottle from buy
[17:23:58] > Takeremu added x64 Experience bottle in auction for 80000.
[17:24:03] > JinSoul15 buy x64 Experience bottle to Takeremu for $80,000.
[17:28:49] > Takeremu added x64 Experience bottle in auction for 80000.
[17:28:53] > nagiiish buy x64 Experience bottle to Takeremu for $80,000.
[17:29:01] > Takeremu added x64 Experience bottle in auction for 80000.
[17:29:35] > sinigang_nababoy remove x1 §x§F§F§5§5§0§0§lsᴇʟʟᴡᴀɴᴅ §6- 5.0x from storage
[17:30:34] > Takeremu added x64 Experience bottle in auction for 80000.
[17:31:51] > sinigang_nababoy added x1 §f§x§6§B§2§C§C§6G§x§7§0§3§2§C§Ca§x§7§5§3§8§D§2l§x§7§A§3§E§D§8a§x§7§F§4§4§D§Ex§x§8§4§4§9§E§5y§x§8§9§4§F§E§B §x§8§E§5§5§F§1H§x§9§3§5§B§F§7a§x§9§8§6§1§F§Dt in auction for 50000.
[17:32:03] > sky_edits buy x1 §f§x§6§B§2§C§C§6G§x§7§0§3§2§C§Ca§x§7§5§3§8§D§2l§x§7§A§3§E§D§8a§x§7§F§4§4§D§Ex§x§8§4§4§9§E§5y§x§8§9§4§F§E§B §x§8§E§5§5§F§1H§x§9§3§5§B§F§7a§x§9§8§6§1§F§Dt to sinigang_nababoy for $50,000.
[17:32:16] > sky_edits remove x1 §f§x§6§B§2§C§C§6G§x§7§0§3§2§C§Ca§x§7§5§3§8§D§2l§x§7§A§3§E§D§8a§x§7§F§4§4§D§Ex§x§8§4§4§9§E§5y§x§8§9§4§F§E§B §x§8§E§5§5§F§1H§x§9§3§5§B§F§7a§x§9§8§6§1§F§Dt from buy
[17:32:58] > Takeremu added x64 Experience bottle in auction for 80000.
[17:33:02] > nagiiish buy x64 Experience bottle to Takeremu for $80,000.
[17:33:03] > nagiiish buy x64 Experience bottle to Takeremu for $80,000.
[17:33:04] > JinSoul15 buy x64 Experience bottle to Takeremu for $80,000.
[17:33:10] > Takeremu added x64 Experience bottle in auction for 80000.
[17:33:22] > JinSoul15 buy x64 Experience bottle to Takeremu for $80,000.
[17:33:26] > EnderDragon0120 buy x2 Trial key to micailatot for $25,000.
[17:34:00] > sinigang_nababoy added x1 Shulker box in auction for 200000.
[17:34:32] > sinigang_nababoy remove x1 Shulker box from storage
[17:40:48] > x4 §x§5§C§C§F§F§C§lC§x§5§C§D§1§F§5§lo§x§5§D§D§4§E§E§ls§x§5§D§D§6§E§7§lm§x§5§E§D§9§E§1§le§x§5§E§D§B§D§A§lt§x§5§E§D§D§D§3§li§x§5§F§E§0§C§C§lc §x§5§F§E§0§C§C§lH§x§5§E§D§D§D§3§la§x§5§E§D§B§D§A§lt§x§5§E§D§9§E§1§ls §x§5§D§D§4§E§E§lK§x§5§C§D§1§F§5§le§x§5§C§C§F§F§C§ly on sale by mae has just expired, it goes in the inventory of expired items.
[17:43:35] > EnderDragon0120 remove x2 Trial key from buy
[17:46:34] > Takeremu added x64 Experience bottle in auction for 80000.
[17:46:41] > JinSoul15 buy x64 Experience bottle to Takeremu for $80,000.
[17:47:56] > aroraru added x36 Wind charge in auction for 36363.
[17:51:00] > JinSoul15 remove x64 Experience bottle from buy
[17:51:00] > JinSoul15 remove x64 Experience bottle from buy
[17:51:01] > JinSoul15 remove x64 Experience bottle from buy
[17:53:08] > JinSoul15 added x1 Ender chest in auction for 20000.
[17:53:13] > nagiiish buy x1 Ender chest to JinSoul15 for $20,000.
[17:53:50] > nagiiish remove x1 Ender chest from buy
[17:54:13] > x64 Tipped arrow on sale by namerikangel has just expired, it goes in the inventory of expired items.
[17:54:25] > nagiiish buy x1 §f§l§x§8§A§0§0§F§FS§x§9§6§0§0§E§3h§x§A§1§0§0§C§6i§x§A§D§0§0§A§An§x§B§9§0§0§8§Ee§x§C§4§0§0§7§1 §x§D§0§0§0§5§5O§x§D§C§0§0§3§9n§x§E§7§0§0§1§Ci§x§F§3§0§0§0§0 §x§E§7§0§0§1§CB§x§D§C§0§0§3§9i§x§D§0§0§0§5§5g§x§C§4§0§0§7§1 §x§B§9§0§0§8§ES§x§A§D§0§0§A§Aw§x§A§1§0§0§C§6o§x§9§6§0§0§E§3r§x§8§A§0§0§F§Fd to HwanYo for $2,000,000.
[17:54:29] > nagiiish remove x1 §f§l§x§8§A§0§0§F§FS§x§9§6§0§0§E§3h§x§A§1§0§0§C§6i§x§A§D§0§0§A§An§x§B§9§0§0§8§Ee§x§C§4§0§0§7§1 §x§D§0§0§0§5§5O§x§D§C§0§0§3§9n§x§E§7§0§0§1§Ci§x§F§3§0§0§0§0 §x§E§7§0§0§1§CB§x§D§C§0§0§3§9i§x§D§0§0§0§5§5g§x§C§4§0§0§7§1 §x§B§9§0§0§8§ES§x§A§D§0§0§A§Aw§x§A§1§0§0§C§6o§x§9§6§0§0§E§3r§x§8§A§0§0§F§Fd from buy
[18:03:13] > JinSoul15 remove x64 Experience bottle from buy
[18:19:13] > aroraru remove x16 Wind charge from storage
[18:19:25] > aroraru added x64 Wind charge in auction for 64646.
[18:23:36] > Wemmbuo added x2 Netherite ingot in auction for 200000.
[18:23:39] > aroraru added x64 Wind charge in auction for 64646.
[18:24:13] > Wemmbuo remove x2 Netherite ingot from storage
[18:24:29] > Wemmbuo added x1 Netherite ingot in auction for 90000.
[18:24:43] > Wemmbuo added x1 Netherite ingot in auction for 90000.
[18:26:44] > ShadowOfFear buy x1 Enchanted book to Zypher_0w0 for $300,000.
[18:31:15] > Wemmbuo added x1 §fPiglin Brute Plushie §6(#65/101) in auction for 30000.
[18:31:43] > Wemmbuo added x1 §fWolf Plushie §6(#97/101) in auction for 30000.
[18:34:50] > Julene remove x1 Ominous trial key from storage
[18:36:52] > NastyPepperoni added x1 §c§lPower stick v2 in auction for 10000.
[18:36:56] > Trapers1 buy x1 §c§lPower stick v2 to NastyPepperoni for $10,000.
[18:37:03] > Trapers1 remove x1 §c§lPower stick v2 form buy
[18:38:02] > Julene buy x4 Ominous trial key to johnowenz1 for $200,000.
[18:38:12] > Julene buy x6 Trial key to johnowenz1 for $100,000.
[18:38:22] > Julene remove x6 Trial key from buy
[18:38:23] > Julene remove x4 Ominous trial key from buy
[18:39:50] > Wemmbuo added x64 Dark oak log in auction for 10000.
[18:40:43] > SEAN4528 buy x1 Netherite ingot to Wemmbuo for $90,000.
[18:40:45] > SEAN4528 buy x1 Netherite ingot to Wemmbuo for $90,000.
[18:41:40] > SEAN4528 added x1 §x§F§F§5§5§0§0§lsᴇʟʟᴡᴀɴᴅ §6- 10.0x in auction for 750000.
[18:41:46] > Trapers1 buy x1 §x§F§F§5§5§0§0§lsᴇʟʟᴡᴀɴᴅ §6- 10.0x to SEAN4528 for $750,000.
[18:41:55] > Trapers1 remove x1 §x§F§F§5§5§0§0§lsᴇʟʟᴡᴀɴᴅ §6- 10.0x form buy
[18:42:11] > Trapers1 added x1 §x§F§F§5§5§0§0§lsᴇʟʟᴡᴀɴᴅ §6- 10.0x in auction for 1380000.
[18:42:40] > Trapers1 remove x1 §x§F§F§5§5§0§0§lsᴇʟʟᴡᴀɴᴅ §6- 10.0x form storage
[18:42:48] > Trapers1 added x1 §x§F§F§5§5§0§0§lsᴇʟʟᴡᴀɴᴅ §6- 10.0x in auction for 1300000.
[18:43:06] > Trapers1 remove x1 §x§F§F§5§5§0§0§lsᴇʟʟᴡᴀɴᴅ §6- 10.0x form storage
[18:43:14] > Trapers1 added x1 §x§F§F§5§5§0§0§lsᴇʟʟᴡᴀɴᴅ §6- 10.0x in auction for 1250000.
[18:43:19] > SP3CC_ buy x1 §x§F§F§5§5§0§0§lsᴇʟʟᴡᴀɴᴅ §6- 10.0x to Trapers1 for $1,250,000.
[18:43:30] > SP3CC_ remove x1 §x§F§F§5§5§0§0§lsᴇʟʟᴡᴀɴᴅ §6- 5.0x form buy
[18:43:30] > SP3CC_ remove x1 §x§F§F§5§5§0§0§lsᴇʟʟᴡᴀɴᴅ §6- 10.0x form buy
[18:43:30] > SP3CC_ remove x1 §x§F§F§5§5§0§0§lsᴇʟʟᴡᴀɴᴅ §6- 10.0x form buy
[18:43:30] > SP3CC_ remove x1 §x§F§F§5§5§0§0§lsᴇʟʟᴡᴀɴᴅ §6- 5.0x form buy
[18:45:04] > PlayTexts buy x1 §fFlower Crown Hat to Biloo for $150,000.
[18:45:41] > PlayTexts added x1 §f§l§8B§x§6§6§6§6§6§6a§x§7§7§7§7§7§7h§x§8§8§8§8§8§8a§x§9§9§9§9§9§9m§7u§x§9§9§9§9§9§9t§x§8§8§8§8§8§8 §x§7§7§7§7§7§7H§x§6§6§6§6§6§6a§8t in auction for 400000.
[18:46:06] > PlayTexts remove x1 §fFlower Crown Hat from buy
[18:46:53] > SEAN4528 added x1 §x§E§5§1§B§1§B§lDracula Halberd in auction for 1000000.
[18:49:28] > x9 Quartz, bought by ace, has just expired, the item is definitively deleted.
[18:49:34] > PlayTexts remove x1 §f§l§8B§x§6§6§6§6§6§6a§x§7§7§7§7§7§7h§x§8§8§8§8§8§8a§x§9§9§9§9§9§9m§7u§x§9§9§9§9§9§9t§x§8§8§8§8§8§8 §x§7§7§7§7§7§7H§x§6§6§6§6§6§6a§8t from storage
[18:52:53] > PlayTexts added x1 §f§l§8B§x§6§6§6§6§6§6a§x§7§7§7§7§7§7h§x§8§8§8§8§8§8a§x§9§9§9§9§9§9m§7u§x§9§9§9§9§9§9t§x§8§8§8§8§8§8 §x§7§7§7§7§7§7H§x§6§6§6§6§6§6a§8t in auction for 350000.
[18:52:53] > x64 Coal ore on sale by SenjuKawaragi has just expired, it goes in the inventory of expired items.
[18:53:52] > CoinDegree52415 remove x1 §f§l§8B§x§5§F§5§F§5§Fa§x§6§9§6§9§6§9h§x§7§3§7§3§7§3a§x§7§D§7§D§7§Dm§x§8§7§8§7§8§7u§x§9§1§9§1§9§1t§x§9§B§9§B§9§B §x§A§5§A§5§A§5Gr§x§9§B§9§B§9§Be§x§9§1§9§1§9§1a§x§8§7§8§7§8§7t§x§7§D§7§D§7§Ds§x§7§3§7§3§7§3w§x§6§9§6§9§6§9o§x§5§F§5§F§5§Fr§8d from storage
[18:53:54] > CoinDegree52415 remove x1 §f§l§8B§x§6§0§6§0§6§0a§x§6§C§6§C§6§Ch§x§7§7§7§7§7§7a§x§8§2§8§2§8§2m§x§8§E§8§E§8§Eu§x§9§9§9§9§9§9t§x§A§4§A§4§A§4 G§x§9§9§9§9§9§9a§x§8§E§8§E§8§Eu§x§8§2§8§2§8§2n§x§7§7§7§7§7§7t§x§6§C§6§C§6§Cl§x§6§0§6§0§6§0e§8t from storage
[18:58:00] > Wemmbuo added x1 §fFrog Plushie §6(#37/101) in auction for 20000.
[18:58:07] > aroraru buy x1 §fFrog Plushie §6(#37/101) to Wemmbuo for $20,000.
[18:58:25] > aroraru remove x64 Beef from buy
[18:58:26] > aroraru remove x13 Raw iron from buy
[18:58:26] > aroraru remove x60 Quartz from buy
[18:58:27] > aroraru remove x1 §fFrog Plushie §6(#37/101) from buy
[18:58:52] > HPMR_GaMerz buy x1 §fPiglin Brute Plushie §6(#65/101) to Wemmbuo for $30,000.
[18:58:53] > HPMR_GaMerz buy x1 §fWolf Plushie §6(#97/101) to Wemmbuo for $30,000.
[19:20:10] > JinSoul15 remove x2 Breeze rod from buy
[19:21:22] > Julene added x1 Flow armor trim smithing template in auction for 70000.
[19:24:19] > frenchhee buy x1 §x§F§F§5§5§0§0§lsᴇʟʟᴡᴀɴᴅ §6- 5.0x to Ryzxc for $400,000.
[19:24:45] > frenchhee remove x1 §x§F§F§5§5§0§0§lsᴇʟʟᴡᴀɴᴅ §6- 5.0x from buy
[19:29:07] > Takeremu added x64 Experience bottle in auction for 80000.
[19:30:15] > Takeremu added x64 Experience bottle in auction for 80000.
[19:42:04] > Wemmbuo added x1 §fBlaze Plushie §6(#10/101) in auction for 50000.
[19:42:15] > Wemmbuo added x1 §fRabbit Plushie (Black & White) §6(#71/101) in auction for 40000.
[19:45:35] > younglion1224 buy x64 Experience bottle to Takeremu for $80,000.
[19:48:06] > younglion1224 remove x64 Experience bottle from buy
[19:48:40] > younglion1224 buy x64 Experience bottle to Takeremu for $80,000.
[19:48:50] > younglion1224 remove x64 Experience bottle from buy
[19:49:55] > micailatot added x1 §x§F§F§3§E§0§0§lSellwand Voucher in auction for 1200000.
[19:50:04] > Ryzxc added x1 §x§F§F§3§E§0§0§lSellwand Voucher in auction for 1000000.
[19:50:45] > PlayTexts buy x1 Enchanted book to nachfaust for $20,000.
[19:50:47] > PlayTexts buy x1 Enchanted book to nachfaust for $20,000.
[19:50:47] > SP3CC_ buy x1 §x§F§F§5§5§0§0§lsᴇʟʟᴡᴀɴᴅ §6- 5.0x to Malachkite for $500,000.
[19:50:49] > EXEZUNO added x1 §x§F§F§3§E§0§0§lSellwand Voucher in auction for 1000000.
[19:50:51] > SP3CC_ buy x1 §x§F§F§5§5§0§0§lsᴇʟʟᴡᴀɴᴅ §6- 5.0x to qu4sar for $500,000.
[19:50:54] > Kenamin added x1 §x§F§F§3§E§0§0§lSellwand Voucher in auction for 1500000.
[19:51:02] > SP3CC_ remove x1 §x§F§F§5§5§0§0§lsᴇʟʟᴡᴀɴᴅ §6- 5.0x form buy
[19:51:02] > SP3CC_ remove x1 §x§F§F§5§5§0§0§lsᴇʟʟᴡᴀɴᴅ §6- 5.0x form buy
[19:51:05] > micailatot remove x1 §x§F§F§3§E§0§0§lSellwand Voucher from storage
[19:51:31] > micailatot added x1 §x§F§F§3§E§0§0§lSellwand Voucher in auction for 1000000.
[19:51:49] > 3xdmge added x1 §x§F§F§3§E§0§0§lSellwand Voucher in auction for 1000000.
[19:52:05] > Wemmbuo added x1 §fHoglin Plushie §6(#44/101) in auction for 50000.
[19:52:18] > kysicx remove x1 §fZoglin Plushie §6(#98/101) from buy
[19:52:22] > Wemmbuo added x1 §fChicken Plushie §6(#25/101) in auction for 45000.
[19:52:34] > kysicx buy x1 §fBlaze Plushie §6(#10/101) to Wemmbuo for $50,000.
[19:52:38] > kysicx buy x1 §fRabbit Plushie (Black & White) §6(#71/101) to Wemmbuo for $40,000.
[19:52:39] > Archoblivion added x1 §x§F§F§5§5§0§0§lsᴇʟʟᴡᴀɴᴅ §6- 5.0x in auction for 250000.
[19:52:47] > kysicx buy x1 §fHoglin Plushie §6(#44/101) to Wemmbuo for $50,000.
[19:52:50] > namerikangel buy x1 §x§F§F§5§5§0§0§lsᴇʟʟᴡᴀɴᴅ §6- 5.0x to Archoblivion for $250,000.
[19:52:51] > x1 §x§F§0§7§A§5§4§lZombie Apocalyptic Key, bought by Panda_Nooba, has just expired, the item is definitively deleted.
[19:52:52] > kysicx remove x1 §fBlaze Plushie §6(#10/101) from buy
[19:52:53] > kysicx remove x1 §fRabbit Plushie (Black & White) §6(#71/101) from buy
[19:52:53] > kysicx remove x1 §fHoglin Plushie §6(#44/101) from buy
[19:53:07] > namerikangel remove x1 §x§F§F§5§5§0§0§lsᴇʟʟᴡᴀɴᴅ §6- 5.0x from buy
[19:53:40] > 3xdmge added x15 §x§F§C§D§0§5§C§lB§x§E§6§D§3§6§B§la§x§C§F§D§5§7§A§ls§x§B§9§D§8§8§9§li§x§A§2§D§A§9§8§lc §x§7§5§D§F§B§6§lC§x§5§F§E§2§C§5§lr§x§7§5§D§F§B§6§la§x§8§C§D§D§A§7§lt§x§A§2§D§A§9§8§le §x§C§F§D§5§7§A§lK§x§E§6§D§3§6§B§le§x§F§C§D§0§5§C§ly in auction for 200000.
[19:53:47] > Kenamin added x1 §fAxolotl Plushie (Cyan) §6(#6/101) in auction for 45000.
[19:54:29] > EXEZUNO remove x1 §x§F§F§3§E§0§0§lSellwand Voucher from storage
[19:55:47] > NastyPepperoni added x1 Enchanted book in auction for 500.
[19:56:00] > NastyPepperoni added x1 Enchanted book in auction for 500.
[19:56:10] > NastyPepperoni added x1 Enchanted book in auction for 500.
[19:56:29] > NastyPepperoni added x64 Experience bottle in auction for 10000.
[19:56:34] > 3xdmge buy x64 Experience bottle to NastyPepperoni for $10,000.
[19:56:39] > 3xdmge remove x64 Experience bottle from buy
[19:57:41] > .AppriXD buy x1 §fAxolotl Plushie (Cyan) §6(#6/101) to Kenamin for $45,000.
[19:59:24] > PlayTexts remove x1 Enchanted book from buy
[19:59:25] > PlayTexts remove x1 Enchanted book from buy
[20:01:30] > x1 §x§E§5§1§B§1§B§lDracula Fishing, bought by Panda_Nooba, has just expired, the item is definitively deleted.
[20:01:32] > .AppriXD remove x1 §fAxolotl Plushie (Cyan) §6(#6/101) from buy
[20:01:32] > .AppriXD remove x5 §x§F§C§D§0§5§C§lB§x§E§6§D§3§6§B§la§x§C§F§D§5§7§A§ls§x§B§9§D§8§8§9§li§x§A§2§D§A§9§8§lc §x§7§5§D§F§B§6§lC§x§5§F§E§2§C§5§lr§x§7§5§D§F§B§6§la§x§8§C§D§D§A§7§lt§x§A§2§D§A§9§8§le §x§C§F§D§5§7§A§lK§x§E§6§D§3§6§B§le§x§F§C§D§0§5§C§ly from buy
[20:07:37] > wCaleb added x1 §x§F§A§0§0§0§AD§x§F§A§1§E§1§6a§x§F§B§3§B§2§1r§x§F§B§5§9§2§Dk§x§F§B§7§7§3§9f§x§F§B§9§5§4§5l§x§F§C§B§2§5§0a§x§F§C§D§0§5§Cm§x§F§C§B§2§5§0e§x§F§B§9§5§4§5 §x§F§B§7§7§3§9S§x§F§B§5§9§2§Dw§x§F§B§3§B§2§1o§x§F§A§1§E§1§6r§x§F§A§0§0§0§Ad in auction for 400000.
[20:08:54] > Julene remove x1 Ominous bottle from storage
[20:09:06] > dejuugarr remove x1 §x§F§F§7§C§0§0§lSteamsparks Key form storage
[20:09:20] > dejuugarr added x1 §x§F§F§7§C§0§0§lSteamsparks Key in auction for 500000.
[20:09:40] > Julene added x1 Diddys ButtPlug in auction for 150000.
[20:09:41] > Edabis remove x1 §x§F§F§7§C§0§0§lSteamsparks Wings from storage
[20:10:02] > Wemmbuo added x1 §fArmadillo Plushie §6(#2/101) in auction for 70000.
[20:10:08] > Edabis added x1 §x§F§F§7§C§0§0§lSteamsparks Wings in auction for 1500000.
[20:12:42] > Wemmbuo added x64 Bamboo in auction for 50000.
[20:15:10] > wCaleb added x64 Spruce log in auction for 15000.
[20:15:21] > wCaleb added x64 Spruce log in auction for 15000.
[20:15:21] > Antonie657 buy x64 Spruce log to wCaleb for $15,000.
[20:15:32] > wCaleb added x64 Spruce log in auction for 15000.
[20:15:44] > Trapers1 added x1 §x§E§4§3§A§9§6§lW§x§E§7§5§3§A§3§lI§x§E§B§6§B§B§0§lN§x§E§E§8§4§B§D§lG§x§F§2§9§D§C§B§lS §x§F§8§C§E§E§5§lO§x§F§C§E§6§F§2§lF §x§F§C§E§6§F§2§lE§x§F§8§C§E§E§5§lT§x§F§5§B§5§D§8§lE§x§F§2§9§D§C§B§lR§x§E§E§8§4§B§D§lN§x§E§B§6§B§B§0§lI§x§E§7§5§3§A§3§lT§x§E§4§3§A§9§6§lY in auction for 10500000.
[20:15:53] > NoClarity buy x1 §x§E§4§3§A§9§6§lW§x§E§7§5§3§A§3§lI§x§E§B§6§B§B§0§lN§x§E§E§8§4§B§D§lG§x§F§2§9§D§C§B§lS §x§F§8§C§E§E§5§lO§x§F§C§E§6§F§2§lF §x§F§C§E§6§F§2§lE§x§F§8§C§E§E§5§lT§x§F§5§B§5§D§8§lE§x§F§2§9§D§C§B§lR§x§E§E§8§4§B§D§lN§x§E§B§6§B§B§0§lI§x§E§7§5§3§A§3§lT§x§E§4§3§A§9§6§lY to Trapers1 for $10,500,000.
[20:16:49] > wCaleb added x64 Spruce log in auction for 4700.
[20:17:45] > wCaleb added x64 Spruce log in auction for 100000000000.
[20:20:04] > dejuugarr added x1 Quartz in auction for 1000000000000.
[20:20:38] > dejuugarr added x1 White bed in auction for 100000000000.
[20:20:55] > NastyPepperoni added x64 Experience bottle in auction for 20000.
[20:20:57] > NoClarity added x1 Milk bucket in auction for 999999999999999999.
[20:21:03] > Antonie657 buy x64 Experience bottle to NastyPepperoni for $20,000.
[20:21:09] > NoClarity remove x1 Milk bucket from storage
[20:21:25] > Antonie657 remove x64 Experience bottle from buy
[20:21:25] > Malachkite buy x1 §x§F§A§0§0§0§AD§x§F§A§1§E§1§6a§x§F§B§3§B§2§1r§x§F§B§5§9§2§Dk§x§F§B§7§7§3§9f§x§F§B§9§5§4§5l§x§F§C§B§2§5§0a§x§F§C§D§0§5§Cm§x§F§C§B§2§5§0e§x§F§B§9§5§4§5 §x§F§B§7§7§3§9S§x§F§B§5§9§2§Dw§x§F§B§3§B§2§1o§x§F§A§1§E§1§6r§x§F§A§0§0§0§Ad to wCaleb for $400,000.
[20:21:25] > Antonie657 remove x64 Spruce log from buy
[20:21:26] > Antonie657 remove x64 Experience bottle from buy
[20:21:28] > dejuugarr buy x1 Enchanted book to NastyPepperoni for $500.
[20:21:38] > ReKYee buy x64 Bamboo to Wemmbuo for $50,000.
[20:21:41] > Geoffinhs buy x1 Enchanted book to NastyPepperoni for $500.
[20:21:47] > JinSoul15 remove x64 Experience bottle from buy
[20:21:48] > Geoffinhs buy x1 Enchanted book to NastyPepperoni for $500.
[20:21:55] > JinSoul15 remove x64 Experience bottle from buy
[20:22:24] > JinSoul15 remove x64 Experience bottle from buy
[20:24:21] > NastyPepperoni added x64 Experience bottle in auction for 20000.
[20:24:26] > Antonie657 buy x64 Experience bottle to NastyPepperoni for $20,000.
[20:24:47] > dejuugarr remove x1 Quartz from storage
[20:24:48] > dejuugarr remove x1 White bed from storage
[20:26:08] > NoClarity added x1 Goat horn in auction for 50000.
[20:32:51] > EXEZUNO remove x1 Bow from storage
[20:33:42] > NoClarity remove x1 §x§E§4§3§A§9§6§lW§x§E§7§5§3§A§3§lI§x§E§B§6§B§B§0§lN§x§E§E§8§4§B§D§lG§x§F§2§9§D§C§B§lS §x§F§8§C§E§E§5§lO§x§F§C§E§6§F§2§lF §x§F§C§E§6§F§2§lE§x§F§8§C§E§E§5§lT§x§F§5§B§5§D§8§lE§x§F§2§9§D§C§B§lR§x§E§E§8§4§B§D§lN§x§E§B§6§B§B§0§lI§x§E§7§5§3§A§3§lT§x§E§4§3§A§9§6§lY from buy
[20:33:56] > x1 §x§F§F§7§C§0§0§lSteamsparks Axe on sale by kysicx has just expired, it goes in the inventory of expired items.
[20:33:56] > EXEZUNO added x1 Bow in auction for 150000.
[20:33:56] > x1 §x§E§5§1§B§1§B§lDracula Halberd on sale by kysicx has just expired, it goes in the inventory of expired items.
[20:34:01] > JinSoul15 buy x1 Bow to EXEZUNO for $150,000.
[20:34:18] > Edabis added x1 §x§F§F§5§5§0§0§lsᴇʟʟᴡᴀɴᴅ §6- 5.0x in auction for 350000.
[20:34:22] > JinSoul15 remove x1 Bow from buy
[20:34:23] > JinSoul15 remove x64 Experience bottle from buy
[20:34:23] > JinSoul15 remove x64 Experience bottle from buy
[20:34:23] > JinSoul15 remove x5 §x§F§C§9§0§5§C§lE§x§E§6§9§C§6§B§lp§x§C§F§A§7§7§A§li§x§B§9§B§3§8§9§lc §x§8§C§C§B§A§7§lC§x§7§5§D§6§B§6§lr§x§5§F§E§2§C§5§la§x§7§9§D§4§B§4§lt§x§9§3§C§7§A§2§le §x§C§8§A§B§7§F§lK§x§E§2§9§E§6§E§le§x§F§C§9§0§5§C§ly from buy
[20:34:23] > JinSoul15 remove x64 Emerald from buy
[20:34:23] > JinSoul15 remove x1 §fHusk Plushie §6(#50/101) from buy
[20:34:24] > JinSoul15 remove x1 Enchanted book from buy
[20:34:25] > .AppriXD buy x1 §x§F§F§5§5§0§0§lsᴇʟʟᴡᴀɴᴅ §6- 5.0x to Edabis for $350,000.
[20:34:30] > EXEZUNO remove x1 Enchanted book from storage
[20:34:32] > Edabis added x1 §x§F§F§5§5§0§0§lsᴇʟʟᴡᴀɴᴅ §6- 5.0x in auction for 350000.
[20:34:46] > EXEZUNO added x1 Enchanted book in auction for 20000.
[20:35:46] > RebornKimmy buy x1 §x§F§F§5§5§0§0§lsᴇʟʟᴡᴀɴᴅ §6- 5.0x to Edabis for $350,000.
[20:35:52] > Panda_Nooba buy x15 §x§F§C§D§0§5§C§lB§x§E§6§D§3§6§B§la§x§C§F§D§5§7§A§ls§x§B§9§D§8§8§9§li§x§A§2§D§A§9§8§lc §x§7§5§D§F§B§6§lC§x§5§F§E§2§C§5§lr§x§7§5§D§F§B§6§la§x§8§C§D§D§A§7§lt§x§A§2§D§A§9§8§le §x§C§F§D§5§7§A§lK§x§E§6§D§3§6§B§le§x§F§C§D§0§5§C§ly to 3xdmge for $200,000.
[20:35:55] > Panda_Nooba buy x1 §x§F§F§7§C§0§0§lSteamsparks Chestplate to Don_Peanuts for $100,000.
[20:36:12] > Edabis remove x1 §x§F§F§7§C§0§0§lSteamsparks Wings from storage
[20:36:21] > Edabis added x1 §x§F§F§7§C§0§0§lSteamsparks Wings in auction for 1000000.
[20:36:29] > Panda_Nooba remove x1 §x§F§F§7§C§0§0§lSteamsparks Chestplate from buy
[20:36:30] > Panda_Nooba remove x15 §x§F§C§D§0§5§C§lB§x§E§6§D§3§6§B§la§x§C§F§D§5§7§A§ls§x§B§9§D§8§8§9§li§x§A§2§D§A§9§8§lc §x§7§5§D§F§B§6§lC§x§5§F§E§2§C§5§lr§x§7§5§D§F§B§6§la§x§8§C§D§D§A§7§lt§x§A§2§D§A§9§8§le §x§C§F§D§5§7§A§lK§x§E§6§D§3§6§B§le§x§F§C§D§0§5§C§ly from buy
[20:37:36] > EXEZUNO remove x1 Enchanted book from storage
[20:38:10] > Panda_Nooba added x1 §x§E§5§1§B§1§B§lDracula Pickaxe in auction for 20000.
[20:38:11] > EXEZUNO added x1 Enchanted book in auction for 10000.
[20:38:14] > JinSoul15 buy x1 §x§E§5§1§B§1§B§lDracula Pickaxe to Panda_Nooba for $20,000.
[20:38:17] > .AppriXD added x1 §f§l§x§8§A§0§0§F§FS§x§9§9§0§0§D§Bh§x§A§8§0§0§B§6i§x§B§7§0§0§9§2n§x§C§6§0§0§6§De§x§D§5§0§0§4§9 §x§E§4§0§0§2§4O§x§F§3§0§0§0§0n§x§E§4§0§0§2§4i§x§D§5§0§0§4§9 §x§C§6§0§0§6§DB§x§B§7§0§0§9§2o§x§A§8§0§0§B§6o§x§9§9§0§0§D§Bt§x§8§A§0§0§F§Fs in auction for 2000000.
[20:39:21] > Trapers1 added x1 Elytra in auction for 3500000.
[20:40:18] > .AppriXD added x1 §x§E§5§1§B§1§B§lDracula Boots in auction for 100000.
[20:40:38] > .AppriXD added x1 §x§F§F§7§C§0§0§lSteamsparks Boots in auction for 110000.
[20:40:43] > Trapers1 remove x1 Elytra form storage
[20:40:55] > .AppriXD added x1 §f§l§x§F§C§D§0§5§CW§x§F§B§C§1§5§5u§x§F§B§B§2§4§Fk§x§F§A§A§3§4§8o§x§F§9§9§5§4§2n§x§F§9§8§6§3§Bg§x§F§8§7§7§3§5 §x§F§8§6§8§2§EL§x§F§7§5§9§2§7e§x§F§6§4§A§2§1g§x§F§6§3§B§1§Ag§x§F§5§2§D§1§4i§x§F§4§1§E§0§Dn§x§F§4§0§F§0§7g§x§F§3§0§0§0§0s in auction for 300000.
[20:41:04] > Trapers1 added x1 Elytra in auction for 3000000.
[20:41:07] > SP3CC_ added x1 §x§5§C§C§F§F§C§lC§x§5§C§D§1§F§5§lo§x§5§D§D§4§E§E§ls§x§5§D§D§6§E§7§lm§x§5§E§D§9§E§1§le§x§5§E§D§B§D§A§lt§x§5§E§D§D§D§3§li§x§5§F§E§0§C§C§lc §x§5§F§E§0§C§C§lH§x§5§E§D§D§D§3§la§x§5§E§D§B§D§A§lt§x§5§E§D§9§E§1§ls §x§5§D§D§4§E§E§lK§x§5§C§D§1§F§5§le§x§5§C§C§F§F§C§ly in auction for 50000.
[20:41:21] > .AppriXD added x1 §f§l§x§F§C§D§0§5§CW§x§F§B§B§D§5§4u§x§F§A§A§A§4§Bk§x§F§A§9§7§4§3o§x§F§9§8§4§3§Bn§x§F§8§7§1§3§2g§x§F§7§5§F§2§A §x§F§6§4§C§2§1B§x§F§5§3§9§1§9o§x§F§5§2§6§1§1o§x§F§4§1§3§0§8t§x§F§3§0§0§0§0s in auction for 300000.
[20:41:28] > Panda_Nooba buy x1 §x§E§5§1§B§1§B§lDracula Boots to .AppriXD for $100,000.
[20:41:31] > Panda_Nooba buy x1 §x§F§F§7§C§0§0§lSteamsparks Boots to .AppriXD for $110,000.
[20:41:40] > Panda_Nooba remove x1 §x§F§F§7§C§0§0§lSteamsparks Boots from buy
[20:41:41] > Panda_Nooba remove x1 §x§E§5§1§B§1§B§lDracula Boots from buy
[20:41:45] > .AppriXD added x1 §x§F§F§7§C§0§0§lSteamsparks Boots in auction for 110000.
[20:42:00] > .AppriXD added x1 §x§F§F§7§C§0§0§lSteamsparks Leggings in auction for 110000.
[20:42:29] > Trapers1 remove x1 Elytra form storage
[20:43:24] > EXEZUNO added x1 §f§l§x§F§C§D§0§5§CW§x§F§A§A§A§4§Bu§x§F§9§8§4§3§Bk§x§F§7§5§F§2§Ao§x§F§5§3§9§1§9n§x§F§4§1§3§0§8g §x§F§5§3§9§1§9S§x§F§7§5§F§2§Aw§x§F§9§8§4§3§Bo§x§F§A§A§A§4§Br§x§F§C§D§0§5§Cd in auction for 500000.
[20:44:22] > EXEZUNO added x1 §f§l§x§F§C§D§0§5§CW§x§F§A§A§A§4§Bu§x§F§9§8§4§3§Bk§x§F§7§5§F§2§Ao§x§F§5§3§9§1§9n§x§F§4§1§3§0§8g §x§F§5§3§9§1§9S§x§F§7§5§F§2§At§x§F§9§8§4§3§Ba§x§F§A§A§A§4§Bf§x§F§C§D§0§5§Cf in auction for 300000.
[20:45:05] > EXEZUNO added x1 §x§F§F§7§C§0§0§lSteamsparks Leggings in auction for 100000.
[20:45:17] > .AppriXD remove x1 §x§F§F§7§C§0§0§lSteamsparks Leggings from storage
[20:45:18] > .AppriXD remove x1 §x§F§F§7§C§0§0§lSteamsparks Boots from storage
[20:45:30] > .AppriXD added x1 §x§F§F§7§C§0§0§lSteamsparks Leggings in auction for 95000.
[20:45:41] > EXEZUNO added x15 §x§F§C§D§0§5§C§lB§x§E§6§D§3§6§B§la§x§C§F§D§5§7§A§ls§x§B§9§D§8§8§9§li§x§A§2§D§A§9§8§lc §x§7§5§D§F§B§6§lC§x§5§F§E§2§C§5§lr§x§7§5§D§F§B§6§la§x§8§C§D§D§A§7§lt§x§A§2§D§A§9§8§le §x§C§F§D§5§7§A§lK§x§E§6§D§3§6§B§le§x§F§C§D§0§5§C§ly in auction for 100000.
[20:45:43] > .AppriXD added x1 §x§F§F§7§C§0§0§lSteamsparks Boots in auction for 95000.
[20:46:03] > Archoblivion buy x15 §x§F§C§D§0§5§C§lB§x§E§6§D§3§6§B§la§x§C§F§D§5§7§A§ls§x§B§9§D§8§8§9§li§x§A§2§D§A§9§8§lc §x§7§5§D§F§B§6§lC§x§5§F§E§2§C§5§lr§x§7§5§D§F§B§6§la§x§8§C§D§D§A§7§lt§x§A§2§D§A§9§8§le §x§C§F§D§5§7§A§lK§x§E§6§D§3§6§B§le§x§F§C§D§0§5§C§ly to EXEZUNO for $100,000.
[20:46:05] > EXEZUNO added x1 Trident in auction for 150000.
[20:46:28] > EXEZUNO buy x1 §f§l§x§8§A§0§0§F§FS§x§9§9§0§0§D§Bh§x§A§8§0§0§B§6i§x§B§7§0§0§9§2n§x§C§6§0§0§6§De§x§D§5§0§0§4§9 §x§E§4§0§0§2§4O§x§F§3§0§0§0§0n§x§E§4§0§0§2§4i§x§D§5§0§0§4§9 §x§C§6§0§0§6§DB§x§B§7§0§0§9§2o§x§A§8§0§0§B§6o§x§9§9§0§0§D§Bt§x§8§A§0§0§F§Fs to .AppriXD for $2,000,000.
[20:46:33] > Archoblivion remove x15 §x§F§C§D§0§5§C§lB§x§E§6§D§3§6§B§la§x§C§F§D§5§7§A§ls§x§B§9§D§8§8§9§li§x§A§2§D§A§9§8§lc §x§7§5§D§F§B§6§lC§x§5§F§E§2§C§5§lr§x§7§5§D§F§B§6§la§x§8§C§D§D§A§7§lt§x§A§2§D§A§9§8§le §x§C§F§D§5§7§A§lK§x§E§6§D§3§6§B§le§x§F§C§D§0§5§C§ly from buy
[20:46:43] > EXEZUNO remove x1 §f§l§x§8§A§0§0§F§FS§x§9§9§0§0§D§Bh§x§A§8§0§0§B§6i§x§B§7§0§0§9§2n§x§C§6§0§0§6§De§x§D§5§0§0§4§9 §x§E§4§0§0§2§4O§x§F§3§0§0§0§0n§x§E§4§0§0§2§4i§x§D§5§0§0§4§9 §x§C§6§0§0§6§DB§x§B§7§0§0§9§2o§x§A§8§0§0§B§6o§x§9§9§0§0§D§Bt§x§8§A§0§0§F§Fs from buy
[20:47:16] > Cynishere added x1 Archangel Kit in auction for 50000000.
[20:47:27] > EXEZUNO added x1 Netherite boots in auction for 400000.
[20:47:41] > Cynishere remove x1 Archangel Kit from storage
[20:47:46] > x1 go to diamond for gudies, item of kabayooo, has just expired, the item is definitively deleted.
[20:47:46] > x1 §f§l§x§F§C§D§0§5§CW§x§F§A§A§2§4§8u§x§F§8§7§4§3§3k§x§F§6§4§5§1§Fo§x§F§4§1§7§0§Ang§x§F§6§4§5§1§F §x§F§8§7§4§3§3H§x§F§A§A§2§4§8o§x§F§C§D§0§5§Ce, item of CacaBoi123, has just expired, the item is definitively deleted.
[20:47:46] > x1 §x§5§9§A§1§D§9§lA§x§7§1§A§E§D§Er§x§8§8§B§C§E§4c§x§A§0§C§9§E§9h§x§B§8§D§7§E§Fa§x§D§0§E§4§F§4n§x§E§7§F§2§F§Ag§fe§x§E§7§F§2§F§Al §x§B§8§D§7§E§FS§x§A§0§C§9§E§9w§x§8§8§B§C§E§4o§x§7§1§A§E§D§Er§x§5§9§A§1§D§9d, item of sigman, has just expired, the item is definitively deleted.
[20:47:46] > x1 §x§F§F§3§E§0§0§lD§x§F§F§3§6§0§0§le§x§F§F§2§F§0§0§lm§x§F§F§2§7§0§0§lo§x§F§F§1§F§0§0§ln §x§F§F§1§0§0§0§lL§x§F§F§0§8§0§0§lo§x§F§F§0§0§0§0§lr§x§F§F§0§9§0§0§ld §x§F§F§1§B§0§0§lS§x§F§F§2§3§0§0§lt§x§F§F§2§C§0§0§la§x§F§F§3§5§0§0§lf§x§F§F§3§E§0§0§lf, item of aBlizzardGod, has just expired, the item is definitively deleted.
[20:47:46] > x1 §x§F§F§7§C§0§0§lSteamsparks Halberd, item of zopell10, has just expired, the item is definitively deleted.
[20:47:46] > x1 §f§l§8B§x§6§1§6§1§6§1a§x§6§D§6§D§6§Dh§x§7§9§7§9§7§9a§x§8§6§8§6§8§6m§x§9§2§9§2§9§2u§x§9§E§9§E§9§Et§7 §x§9§E§9§E§9§EH§x§9§2§9§2§9§2a§x§8§6§8§6§8§6l§x§7§9§7§9§7§9b§x§6§D§6§D§6§De§x§6§1§6§1§6§1r§8d, item of PrezXie, has just expired, the item is definitively deleted.
[20:47:47] > Cynishere remove x1 Archangel Kit from expire
[20:48:36] > EXEZUNO remove x1 Enchanted book form storage
[20:48:36] > EXEZUNO remove x1 §f§l§x§F§C§D§0§5§CW§x§F§A§A§A§4§Bu§x§F§9§8§4§3§Bk§x§F§7§5§F§2§Ao§x§F§5§3§9§1§9n§x§F§4§1§3§0§8g §x§F§5§3§9§1§9S§x§F§7§5§F§2§At§x§F§9§8§4§3§Ba§x§F§A§A§A§4§Bf§x§F§C§D§0§5§Cf form storage
[20:48:36] > EXEZUNO remove x1 §f§l§x§F§C§D§0§5§CW§x§F§A§A§A§4§Bu§x§F§9§8§4§3§Bk§x§F§7§5§F§2§Ao§x§F§5§3§9§1§9n§x§F§4§1§3§0§8g §x§F§5§3§9§1§9S§x§F§7§5§F§2§Aw§x§F§9§8§4§3§Bo§x§F§A§A§A§4§Br§x§F§C§D§0§5§Cd form storage
[20:48:36] > EXEZUNO remove x1 §x§F§F§7§C§0§0§lSteamsparks Leggings form storage
[20:48:36] > EXEZUNO remove x1 Netherite boots form storage
[20:48:36] > EXEZUNO remove x1 Trident form storage
[20:48:56] > NastyPepperoni added x64 Experience bottle in auction for 20000.
[20:49:00] > JinSoul15 buy x64 Experience bottle to NastyPepperoni for $20,000.
[20:50:16] > EXEZUNO added x1 Netherite boots in auction for 380000.
[20:50:23] > .AppriXD added x1 §c§lPlatinum Lure in auction for 200000.
[20:50:36] > JinSoul15 remove x64 Experience bottle from buy
[20:50:37] > JinSoul15 remove x1 §x§E§5§1§B§1§B§lDracula Pickaxe from buy
[20:50:48] > EXEZUNO added x1 §f§l§x§F§C§D§0§5§CW§x§F§A§A§A§4§Bu§x§F§9§8§4§3§Bk§x§F§7§5§F§2§Ao§x§F§5§3§9§1§9n§x§F§4§1§3§0§8g §x§F§5§3§9§1§9S§x§F§7§5§F§2§Aw§x§F§9§8§4§3§Bo§x§F§A§A§A§4§Br§x§F§C§D§0§5§Cd in auction for 400000.
[20:50:58] > .AppriXD added x1 §c§lPlatinum Lure in auction for 150000.
[20:51:04] > .AppriXD remove x1 §c§lPlatinum Lure from storage
[20:51:05] > EXEZUNO added x1 §f§l§x§F§C§D§0§5§CW§x§F§A§A§A§4§Bu§x§F§9§8§4§3§Bk§x§F§7§5§F§2§Ao§x§F§5§3§9§1§9n§x§F§4§1§3§0§8g §x§F§5§3§9§1§9S§x§F§7§5§F§2§At§x§F§9§8§4§3§Ba§x§F§A§A§A§4§Bf§x§F§C§D§0§5§Cf in auction for 150000.
[20:51:07] > Panda_Nooba buy x1 §c§lPlatinum Lure to .AppriXD for $150,000.
[20:51:12] > Panda_Nooba remove x1 §c§lPlatinum Lure from buy
[20:51:18] > EXEZUNO added x1 §x§F§F§7§C§0§0§lSteamsparks Leggings in auction for 80000.
[20:51:26] > .AppriXD remove x1 §c§lPlatinum Lure from expire
[20:51:35] > EXEZUNO added x1 Trident in auction for 280000.
[20:51:40] > .AppriXD added x1 §c§lPlatinum Lure in auction for 180000.
[20:51:50] > EXEZUNO added x1 Enchanted book in auction for 15000.
[20:52:09] > Xavier881 buy x1 §f§l§x§F§C§D§0§5§CW§x§F§B§B§D§5§4u§x§F§A§A§A§4§Bk§x§F§A§9§7§4§3o§x§F§9§8§4§3§Bn§x§F§8§7§1§3§2g§x§F§7§5§F§2§A §x§F§6§4§C§2§1B§x§F§5§3§9§1§9o§x§F§5§2§6§1§1o§x§F§4§1§3§0§8t§x§F§3§0§0§0§0s to .AppriXD for $300,000.
[20:52:19] > Antonie657 remove x1 Enchanted book from storage
[20:52:23] > Xavier881 buy x1 §c§lPlatinum Lure to .AppriXD for $180,000.
[20:52:29] > Xavier881 remove x1 §c§lPlatinum Lure form buy
[20:52:29] > Xavier881 remove x1 §f§l§x§F§C§D§0§5§CW§x§F§B§B§D§5§4u§x§F§A§A§A§4§Bk§x§F§A§9§7§4§3o§x§F§9§8§4§3§Bn§x§F§8§7§1§3§2g§x§F§7§5§F§2§A §x§F§6§4§C§2§1B§x§F§5§3§9§1§9o§x§F§5§2§6§1§1o§x§F§4§1§3§0§8t§x§F§3§0§0§0§0s form buy
[20:52:31] > Antonie657 added x1 Enchanted book in auction for 5000.
[20:52:53] > NastyPepperoni added x64 Experience bottle in auction for 20000.
[20:53:01] > Antonie657 buy x64 Experience bottle to NastyPepperoni for $20,000.
[20:53:29] > Antonie657 remove x1 §f§l§x§F§C§D§0§5§CW§x§F§A§A§2§4§8u§x§F§8§7§4§3§3k§x§F§6§4§5§1§Fo§x§F§4§1§7§0§Ang§x§F§6§4§5§1§F §x§F§8§7§4§3§3H§x§F§A§A§2§4§8o§x§F§C§D§0§5§Ce from storage
[20:53:40] > Xavier881 buy x1 §f§l§x§F§C§D§0§5§CW§x§F§B§B§D§5§4u§x§F§A§A§A§4§Bk§x§F§A§9§7§4§3o§x§F§9§8§4§3§Bn§x§F§8§7§1§3§2g§x§F§7§5§F§2§A §x§F§6§4§C§2§1B§x§F§5§3§9§1§9o§x§F§5§2§6§1§1o§x§F§4§1§3§0§8t§x§F§3§0§0§0§0s to Julene for $275,000.
[20:53:44] > Xavier881 remove x1 §f§l§x§F§C§D§0§5§CW§x§F§B§B§D§5§4u§x§F§A§A§A§4§Bk§x§F§A§9§7§4§3o§x§F§9§8§4§3§Bn§x§F§8§7§1§3§2g§x§F§7§5§F§2§A §x§F§6§4§C§2§1B§x§F§5§3§9§1§9o§x§F§5§2§6§1§1o§x§F§4§1§3§0§8t§x§F§3§0§0§0§0s from buy
[20:56:17] > aznaaa buy x1 §x§F§F§3§E§0§0§lSellwand Voucher to 3xdmge for $1,000,000.
[20:56:21] > aznaaa remove x1 §x§F§F§3§E§0§0§lSellwand Voucher from buy
[20:58:17] > Trapers1 added x1 §x§6§0§0§0§F§F§lɢᴏᴅʟʏ ɪᴛᴇᴍ in auction for 400000.
[21:00:17] > Antonie657 added x1 §f§l§x§F§C§D§0§5§CW§x§F§A§A§2§4§8u§x§F§8§7§4§3§3k§x§F§6§4§5§1§Fo§x§F§4§1§7§0§Ang§x§F§6§4§5§1§F §x§F§8§7§4§3§3H§x§F§A§A§2§4§8o§x§F§C§D§0§5§Ce in auction for 275000.
[21:00:49] > Trapers1 remove x1 §x§6§0§0§0§F§F§lɢᴏᴅʟʏ ɪᴛᴇᴍ form storage
[21:00:57] > Trapers1 added x1 §x§6§0§0§0§F§F§lɢᴏᴅʟʏ ɪᴛᴇᴍ in auction for 200000.
[21:01:07] > Fogstrap buy x1 §x§6§0§0§0§F§F§lɢᴏᴅʟʏ ɪᴛᴇᴍ to Trapers1 for $200,000.
[21:02:51] > Trapers1 added x1 Get clapped by ts LOL in auction for 500000.
[21:03:08] > Trapers1 remove x1 Get clapped by ts LOL form storage
[21:10:13] > micailatot remove x1 §x§F§F§3§E§0§0§lSellwand Voucher from storage
[21:10:20] > micailatot added x1 §x§F§F§3§E§0§0§lSellwand Voucher in auction for 800000.
[21:13:53] > NoClarity added x1 Goat horn in auction for 25000.
[21:14:01] > NoClarity remove x1 Goat horn from storage
[21:14:08] > NoClarity remove x1 Goat horn from storage
[21:14:16] > NoClarity added x1 Goat horn in auction for 50000.
[21:14:43] > Kodakoda buy x1 §x§F§F§3§E§0§0§lSellwand Voucher to micailatot for $800,000.
[21:14:53] > Kodakoda remove x1 §x§F§F§3§E§0§0§lSellwand Voucher from buy
[21:15:10] > Kodakoda added x1 §x§F§F§5§5§0§0§lsᴇʟʟᴡᴀɴᴅ §6- 10.0x in auction for 1200000.
[21:18:16] > NoClarity remove x1 Goat horn from storage
[21:18:22] > NoClarity added x1 Goat horn in auction for 25000.
[21:18:33] > Kodakoda buy x1 Goat horn to NoClarity for $25,000.
[21:18:33] > NoClarity added x1 Goat horn in auction for 25000.
[21:18:38] > Kodakoda remove x1 Goat horn from buy
[21:18:53] > NoClarity added x1 Goat horn in auction for 25000.
[21:19:58] > HwanYo buy x1 §x§F§F§3§E§0§0§lSellwand Voucher to Ryzxc for $1,000,000.
[21:20:17] > HwanYo remove x1 §x§F§F§3§E§0§0§lSellwand Voucher from buy
[21:21:56] > Antonie657 remove x1 §f§l§x§F§C§D§0§5§CW§x§F§A§A§2§4§8u§x§F§8§7§4§3§3k§x§F§6§4§5§1§Fo§x§F§4§1§7§0§Ang§x§F§6§4§5§1§F §x§F§8§7§4§3§3H§x§F§A§A§2§4§8o§x§F§C§D§0§5§Ce from storage
[21:23:21] > HwanYo buy x1 §x§F§F§5§5§0§0§lsᴇʟʟᴡᴀɴᴅ §6- 10.0x to Kodakoda for $1,200,000.
[21:23:35] > NastyPepperoni added x64 Experience bottle in auction for 20000.
[21:23:39] > nagiiish buy x64 Experience bottle to NastyPepperoni for $20,000.
[21:23:55] > NastyPepperoni added x64 Experience bottle in auction for 20000.
[21:23:59] > Weeiyne buy x64 Experience bottle to NastyPepperoni for $20,000.
[21:25:01] > aninin buy x1 Silkest to YchannR for $300,000.
[21:25:06] > Weeiyne remove x64 Experience bottle from buy
[21:26:00] > aninin remove x1 Silkest from buy
[21:27:22] > NoClarity added x1 Goat horn in auction for 25000.
[21:27:27] > Fogstrap buy x1 Goat horn to NoClarity for $25,000.
[21:27:35] > Fogstrap remove x1 Goat horn from buy
[21:27:40] > Fogstrap remove x1 §x§6§0§0§0§F§F§lɢᴏᴅʟʏ ɪᴛᴇᴍ from buy
[21:37:48] > Julene buy x1 Goat horn to NoClarity for $25,000.
[21:37:55] > Julene remove x1 Goat horn from buy
[21:38:38] > RebornKimmy remove x64 Cooked beef from buy
[21:38:42] > RebornKimmy remove x1 Flow armor trim smithing template from buy
[21:38:43] > RebornKimmy remove x1 §x§E§5§1§B§1§B§lDracula Wings from buy
[21:39:33] > NastyPepperoni added x64 Experience bottle in auction for 25000.
[21:39:36] > Zen0969 buy x64 Experience bottle to NastyPepperoni for $25,000.
[21:44:48] > Julene buy x1 Trident to EXEZUNO for $280,000.
[21:44:55] > Julene remove x1 Trident from buy
[21:45:10] > NastyPepperoni added x64 Experience bottle in auction for 30000.
[21:45:20] > Icon_Skully buy x64 Experience bottle to NastyPepperoni for $30,000.
[21:45:59] > NastyPepperoni added x64 Experience bottle in auction for 25000.
[21:46:04] > Trapers1 buy x64 Experience bottle to NastyPepperoni for $25,000.
[21:46:20] > Trapers1 remove x64 Experience bottle form buy
[21:46:24] > HwanYo buy x1 §f§l§x§8§A§0§0§F§FS§x§9§7§0§0§D§Fh§x§A§4§0§0§B§Fi§x§B§1§0§0§9§Fn§x§B§F§0§0§8§0e§x§C§C§0§0§6§0 §x§D§9§0§0§4§0O§x§E§6§0§0§2§0n§x§F§3§0§0§0§0i§x§E§6§0§0§2§0 §x§D§9§0§0§4§0P§x§C§C§0§0§6§0i§x§B§F§0§0§8§0c§x§B§1§0§0§9§Fk§x§A§4§0§0§B§Fa§x§9§7§0§0§D§Fx§x§8§A§0§0§F§Fe to YchannR for $4,000,000.
[21:47:18] > Icon_Skully remove x64 Experience bottle from buy
[21:48:05] > ThatMidnight remove x1 Trident from buy
[21:48:05] > ThatMidnight remove x64 Experience bottle from buy
[21:48:06] > ThatMidnight remove x64 Experience bottle from buy
[21:50:24] > Weeiyne remove x7 Cooked beef from buy
[21:50:25] > Julene buy x1 Enchanted book to nachfaust for $100,000.
[21:50:32] > Julene remove x1 Enchanted book from buy
[21:51:30] > nagiiish remove x64 Experience bottle from buy
[21:51:31] > nagiiish remove x64 Experience bottle from buy
[21:51:31] > nagiiish remove x64 Experience bottle from buy
[21:51:31] > nagiiish remove x64 Experience bottle from buy
[21:52:42] > Julene added x1 Enchanted book in auction for 10000.
[21:52:44] > x1 §fRabbit Plushie (Toast) §6(#74/101) on sale by cheflight has just expired, it goes in the inventory of expired items.
[21:52:54] > ReKYee remove x64 Bamboo from buy
[21:53:22] > H2SO4 buy x1 §f§l§x§F§C§D§0§5§CW§x§F§A§A§A§4§Bu§x§F§9§8§4§3§Bk§x§F§7§5§F§2§Ao§x§F§5§3§9§1§9n§x§F§4§1§3§0§8g §x§F§5§3§9§1§9S§x§F§7§5§F§2§Aw§x§F§9§8§4§3§Bo§x§F§A§A§A§4§Br§x§F§C§D§0§5§Cd to EXEZUNO for $400,000.
[21:53:34] > H2SO4 remove x1 §f§l§x§F§C§D§0§5§CW§x§F§A§A§A§4§Bu§x§F§9§8§4§3§Bk§x§F§7§5§F§2§Ao§x§F§5§3§9§1§9n§x§F§4§1§3§0§8g §x§F§5§3§9§1§9S§x§F§7§5§F§2§Aw§x§F§9§8§4§3§Bo§x§F§A§A§A§4§Br§x§F§C§D§0§5§Cd from buy
[21:54:21] > Fogstrap added x1 Enchanted book in auction for 900000.
[21:55:10] > Fogstrap remove x1 Enchanted book from storage
[21:57:23] > EXEZUNO added x1 §x§C§9§A§7§F§C§lL§x§B§D§A§E§F§6§le§x§B§1§B§4§F§0§lg§x§A§6§B§B§E§A§le§x§9§A§C§1§E§4§ln§x§8§E§C§8§D§D§ld§x§8§2§C§E§D§7§la§x§7§7§D§5§D§1§lr§x§6§B§D§B§C§B§ly §x§6§B§D§B§C§B§lC§x§7§7§D§5§D§1§lr§x§8§2§C§E§D§7§la§x§8§E§C§8§D§D§lt§x§9§A§C§1§E§4§le §x§B§1§B§4§F§0§lK§x§B§D§A§E§F§6§le§x§C§9§A§7§F§C§ly in auction for 30000.
[21:57:32] > x10 §x§F§C§D§0§5§C§lB§x§E§6§D§3§6§B§la§x§C§F§D§5§7§A§ls§x§B§9§D§8§8§9§li§x§A§2§D§A§9§8§lc §x§7§5§D§F§B§6§lC§x§5§F§E§2§C§5§lr§x§7§5§D§F§B§6§la§x§8§C§D§D§A§7§lt§x§A§2§D§A§9§8§le §x§C§F§D§5§7§A§lK§x§E§6§D§3§6§B§le§x§F§C§D§0§5§C§ly on sale by cheflight has just expired, it goes in the inventory of expired items.
[21:58:01] > Julene remove x1 §f§l§x§F§C§D§0§5§CW§x§F§B§C§3§5§6u§x§F§B§B§6§5§1k§x§F§A§A§9§4§Bo§x§F§A§9§C§4§5n§x§F§9§8§F§3§Fg§x§F§9§8§2§3§A §x§F§8§7§5§3§4C§x§F§8§6§8§2§Eh§x§F§7§5§B§2§8e§x§F§6§4§E§2§3s§x§F§6§4§1§1§Dt§x§F§5§3§4§1§7p§x§F§5§2§7§1§1l§x§F§4§1§A§0§Ca§x§F§4§0§D§0§6t§x§F§3§0§0§0§0e from storage
[21:58:02] > Julene remove x1 §f§l§x§F§C§D§0§5§CW§x§F§B§C§1§5§5u§x§F§B§B§2§4§Fk§x§F§A§A§3§4§8o§x§F§9§9§5§4§2n§x§F§9§8§6§3§Bg§x§F§8§7§7§3§5 §x§F§8§6§8§2§EL§x§F§7§5§9§2§7e§x§F§6§4§A§2§1g§x§F§6§3§B§1§Ag§x§F§5§2§D§1§4i§x§F§4§1§E§0§Dn§x§F§4§0§F§0§7g§x§F§3§0§0§0§0s from storage
[22:00:26] > NastyPepperoni added x64 Experience bottle in auction for 30000.
[22:00:42] > 3xdmge buy x64 Experience bottle to NastyPepperoni for $30,000.
[22:00:44] > Antonie657 remove x64 Experience bottle from buy
[22:00:45] > Antonie657 remove x64 Experience bottle from buy
[22:00:47] > 3xdmge remove x64 Experience bottle from buy
[22:03:50] > YooRushy added x1 Diamond pickaxe in auction for 150000.
[22:04:03] > YooRushy added x1 Diamond pickaxe in auction for 150000.
[22:04:40] > YooRushy added x1 Diamond pickaxe in auction for 150000.
[22:16:48] > .VisedSauce5790 added x3 Trial key in auction for 100000.
[22:20:34] > Wemmbuo added x1 §fPiglin Plushie §6(#64/101) in auction for 60000.
[22:20:45] > SEAN4528 buy x64 Wind charge to aroraru for $64,646.
[22:21:22] > SEAN4528 remove x64 Wind charge from buy
[22:27:45] > RebornKimmy remove x1 §x§F§F§7§C§0§0§lSteamsparks Bow from buy
[22:27:46] > RebornKimmy remove x1 §x§F§F§5§5§0§0§lsᴇʟʟᴡᴀɴᴅ §6- 5.0x from buy
[22:27:49] > RebornKimmy remove x1 §x§F§C§D§0§5§C§lB§x§E§6§D§3§6§B§la§x§C§F§D§5§7§A§ls§x§B§9§D§8§8§9§li§x§A§2§D§A§9§8§lc §x§7§5§D§F§B§6§lC§x§5§F§E§2§C§5§lr§x§7§5§D§F§B§6§la§x§8§C§D§D§A§7§lt§x§A§2§D§A§9§8§le §x§C§F§D§5§7§A§lK§x§E§6§D§3§6§B§le§x§F§C§D§0§5§C§ly from buy
[22:27:50] > RebornKimmy remove x1 §x§F§C§D§0§5§C§lB§x§E§6§D§3§6§B§la§x§C§F§D§5§7§A§ls§x§B§9§D§8§8§9§li§x§A§2§D§A§9§8§lc §x§7§5§D§F§B§6§lC§x§5§F§E§2§C§5§lr§x§7§5§D§F§B§6§la§x§8§C§D§D§A§7§lt§x§A§2§D§A§9§8§le §x§C§F§D§5§7§A§lK§x§E§6§D§3§6§B§le§x§F§C§D§0§5§C§ly from buy
[22:27:53] > RebornKimmy remove x1 Netherite ingot from buy
[22:27:55] > RebornKimmy remove x12 §x§C§9§A§7§F§C§lL§x§B§D§A§E§F§6§le§x§B§1§B§4§F§0§lg§x§A§6§B§B§E§A§le§x§9§A§C§1§E§4§ln§x§8§E§C§8§D§D§ld§x§8§2§C§E§D§7§la§x§7§7§D§5§D§1§lr§x§6§B§D§B§C§B§ly §x§6§B§D§B§C§B§lC§x§7§7§D§5§D§1§lr§x§8§2§C§E§D§7§la§x§8§E§C§8§D§D§lt§x§9§A§C§1§E§4§le §x§B§1§B§4§F§0§lK§x§B§D§A§E§F§6§le§x§C§9§A§7§F§C§ly from buy
[22:27:56] > RebornKimmy remove x6 §x§C§9§A§7§F§C§lL§x§B§D§A§E§F§6§le§x§B§1§B§4§F§0§lg§x§A§6§B§B§E§A§le§x§9§A§C§1§E§4§ln§x§8§E§C§8§D§D§ld§x§8§2§C§E§D§7§la§x§7§7§D§5§D§1§lr§x§6§B§D§B§C§B§ly §x§6§B§D§B§C§B§lC§x§7§7§D§5§D§1§lr§x§8§2§C§E§D§7§la§x§8§E§C§8§D§D§lt§x§9§A§C§1§E§4§le §x§B§1§B§4§F§0§lK§x§B§D§A§E§F§6§le§x§C§9§A§7§F§C§ly from buy
[22:27:59] > RebornKimmy remove x37 Iron ingot from buy
[22:27:59] > RebornKimmy remove x12 §9§lSquid Tentacle from buy
[22:28:01] > RebornKimmy remove x1 §x§F§F§5§5§0§0§lsᴇʟʟᴡᴀɴᴅ §6- 5.0x from buy
[22:28:02] > RebornKimmy remove x1 §x§F§F§5§5§0§0§lsᴇʟʟᴡᴀɴᴅ §6- 5.0x from buy
[22:28:02] > RebornKimmy remove x1 §x§F§F§5§5§0§0§lsᴇʟʟᴡᴀɴᴅ §6- 5.0x from buy
[22:28:03] > RebornKimmy remove x1 §x§F§F§5§5§0§0§lsᴇʟʟᴡᴀɴᴅ §6- 5.0x from buy
[22:30:01] > namerikangel added x64 Pale oak log in auction for 10000.
[22:37:25] > .AppriXD remove x1 §f§l§x§F§C§D§0§5§CW§x§F§B§C§1§5§5u§x§F§B§B§2§4§Fk§x§F§A§A§3§4§8o§x§F§9§9§5§4§2n§x§F§9§8§6§3§Bg§x§F§8§7§7§3§5 §x§F§8§6§8§2§EL§x§F§7§5§9§2§7e§x§F§6§4§A§2§1g§x§F§6§3§B§1§Ag§x§F§5§2§D§1§4i§x§F§4§1§E§0§Dn§x§F§4§0§F§0§7g§x§F§3§0§0§0§0s form storage
[22:37:25] > .AppriXD remove x1 §x§F§F§7§C§0§0§lSteamsparks Leggings form storage
[22:37:25] > .AppriXD remove x1 §x§F§F§7§C§0§0§lSteamsparks Boots form storage
[22:37:38] > .AppriXD added x1 §f§l§x§F§C§D§0§5§CW§x§F§B§C§1§5§5u§x§F§B§B§2§4§Fk§x§F§A§A§3§4§8o§x§F§9§9§5§4§2n§x§F§9§8§6§3§Bg§x§F§8§7§7§3§5 §x§F§8§6§8§2§EL§x§F§7§5§9§2§7e§x§F§6§4§A§2§1g§x§F§6§3§B§1§Ag§x§F§5§2§D§1§4i§x§F§4§1§E§0§Dn§x§F§4§0§F§0§7g§x§F§3§0§0§0§0s in auction for 250000.
[22:37:50] > .AppriXD added x1 §x§F§F§7§C§0§0§lSteamsparks Leggings in auction for 90000.
[22:38:01] > .AppriXD added x1 §x§F§F§7§C§0§0§lSteamsparks Boots in auction for 90000.
[22:49:21] > x1 Silence armor trim smithing template, bought by auvicious, has just expired, the item is definitively deleted.
[22:49:22] > HwanYo remove x1 §x§F§F§5§5§0§0§lsᴇʟʟᴡᴀɴᴅ §6- 10.0x from buy
[22:50:24] > HwanYo buy x1 §x§F§F§3§E§0§0§lSellwand Voucher to scarlettti for $1,500,000.
[22:50:25] > HwanYo buy x1 §x§F§F§3§E§0§0§lSellwand Voucher to Kenamin for $1,500,000.
[22:50:29] > HwanYo buy x1 §x§F§F§3§E§0§0§lSellwand Voucher to Blinkrzz for $1,444,444.
[22:50:31] > HwanYo buy x1 §x§F§F§3§E§0§0§lSellwand Voucher to EnderDragon0120 for $1,500,000.
[22:50:38] > HwanYo remove x1 §x§F§F§3§E§0§0§lSellwand Voucher from buy
[22:50:38] > HwanYo remove x1 §x§F§F§3§E§0§0§lSellwand Voucher from buy
[22:50:39] > HwanYo remove x1 §x§F§F§3§E§0§0§lSellwand Voucher from buy
[22:50:39] > HwanYo remove x1 §x§F§F§3§E§0§0§lSellwand Voucher from buy
[23:09:06] > x1 wind charge diamond and gold for 850 at diamond, item of kabayooo, has just expired, the item is definitively deleted.
[23:09:12] > EnderDragon0120 remove x1 §x§F§F§3§E§0§0§lSellwand Voucher from expire
[23:18:57] > x1 Sniffer egg on sale by RottenRael has just expired, it goes in the inventory of expired items.
[23:19:07] > EXEZUNO added x1 Netherite axe in auction for 360000.
[23:20:04] > H2SO4 buy x1 Netherite axe to EXEZUNO for $360,000.
[23:20:14] > H2SO4 remove x1 Netherite axe from buy
[23:36:50] > Wemmbuo added x1 Shulker box in auction for 200000.
[00:08:28] > belvi__ added x1 §5Witch Hat in auction for 10000.
[00:08:40] > .AppriXD buy x1 §5Witch Hat to belvi__ for $10,000.
[00:08:47] > x1 White wool, bought by sweetcorn135, has just expired, the item is definitively deleted.
[00:08:49] > .AppriXD remove x1 §x§F§F§5§5§0§0§lsᴇʟʟᴡᴀɴᴅ §6- 5.0x from buy
[00:08:50] > .AppriXD remove x1 §5Witch Hat from buy
[00:16:59] > zDamixx added x1 Netherite pickaxe in auction for 400000.
[00:19:25] > Blinkrzz buy x1 Flow armor trim smithing template to Julene for $70,000.
[00:19:34] > zDamixx remove x1 Netherite pickaxe from storage
[00:19:45] > KiiviNyx buy x1 §x§C§9§A§7§F§C§lL§x§B§D§A§E§F§6§le§x§B§1§B§4§F§0§lg§x§A§6§B§B§E§A§le§x§9§A§C§1§E§4§ln§x§8§E§C§8§D§D§ld§x§8§2§C§E§D§7§la§x§7§7§D§5§D§1§lr§x§6§B§D§B§C§B§ly §x§6§B§D§B§C§B§lC§x§7§7§D§5§D§1§lr§x§8§2§C§E§D§7§la§x§8§E§C§8§D§D§lt§x§9§A§C§1§E§4§le §x§B§1§B§4§F§0§lK§x§B§D§A§E§F§6§le§x§C§9§A§7§F§C§ly to EXEZUNO for $30,000.
[00:19:52] > zDamixx added x1 Netherite pickaxe in auction for 300000.
[00:20:05] > Blinkrzz added x1 §x§F§F§3§E§0§0§lSellwand Voucher in auction for 1500000.
[00:20:28] > Blinkrzz remove x1 Flow armor trim smithing template from buy
[00:20:40] > KiiviNyx remove x1 §x§C§9§A§7§F§C§lL§x§B§D§A§E§F§6§le§x§B§1§B§4§F§0§lg§x§A§6§B§B§E§A§le§x§9§A§C§1§E§4§ln§x§8§E§C§8§D§D§ld§x§8§2§C§E§D§7§la§x§7§7§D§5§D§1§lr§x§6§B§D§B§C§B§ly §x§6§B§D§B§C§B§lC§x§7§7§D§5§D§1§lr§x§8§2§C§E§D§7§la§x§8§E§C§8§D§D§lt§x§9§A§C§1§E§4§le §x§B§1§B§4§F§0§lK§x§B§D§A§E§F§6§le§x§C§9§A§7§F§C§ly from buy
[00:21:33] > zDamixx added x1 marihuana in auction for 9999999999.
[00:21:37] > zDamixx remove x1 marihuana from storage
[00:35:44] > Antonie657 added x1 §x§E§E§0§0§0§0§lᴜɴʟɪᴍɪᴛᴇᴅ sᴇʟʟᴡᴀɴᴅ in auction for 500000.
[00:35:50] > Weeiyne buy x1 §x§E§E§0§0§0§0§lᴜɴʟɪᴍɪᴛᴇᴅ sᴇʟʟᴡᴀɴᴅ to Antonie657 for $500,000.
[00:36:14] > Antonie657 added x1 §x§E§E§0§0§0§0§lᴜɴʟɪᴍɪᴛᴇᴅ sᴇʟʟᴡᴀɴᴅ in auction for 1000000.
[00:36:54] > auvicious buy x1 §x§E§5§1§B§1§B§lDracula Wings to ravencabansay for $1,000,000.
[00:36:59] > Weeiyne remove x1 §x§E§E§0§0§0§0§lᴜɴʟɪᴍɪᴛᴇᴅ sᴇʟʟᴡᴀɴᴅ from buy
[00:37:19] > auvicious remove x1 §x§E§5§1§B§1§B§lDracula Wings form buy
[00:39:21] > auvicious added x1 §x§E§5§1§B§1§B§lDracula Chestplate in auction for 500000.
[00:41:01] > Seikuji8811 added x1 §e§lCrab Scale in auction for 20000.
[00:41:10] > Xavier881 buy x1 §e§lCrab Scale to Seikuji8811 for $20,000.
[00:41:35] > Seikuji8811 added x1 §9§lCrab Claw in auction for 20000.
[00:42:32] > younglion1224 buy x1 Shulker box to Wemmbuo for $200,000.
[00:43:10] > younglion1224 remove x1 Shulker box from storage
[00:43:18] > younglion1224 remove x1 Shulker box from buy
[00:46:24] > Weeiyne remove x64 Cooked beef from buy
[01:03:27] > MasterElrel buy x64 Wind charge to aroraru for $64,646.
[01:03:33] > MasterElrel remove x64 Wind charge from buy
[01:15:20] > shelby added x1 §c§lPower stick v2 in auction for 2000000.
[01:27:31] > zDamixx remove x1 Netherite pickaxe from storage
[02:25:49] > shelby remove x1 §c§lPower stick v2 from storage
[02:27:02] > x1 Netherrack, item of sweetcorn135, has just expired, the item is definitively deleted.
[02:27:02] > x1 Anvil, item of sweetcorn135, has just expired, the item is definitively deleted.
[02:27:02] > x1 §x§F§0§7§A§5§4§lZombie Apocalyptic Key, item of monggol, has just expired, the item is definitively deleted.
[02:27:02] > x1 §x§F§C§D§0§5§C§lB§x§E§6§D§3§6§B§la§x§C§F§D§5§7§A§ls§x§B§9§D§8§8§9§li§x§A§2§D§A§9§8§lc §x§7§5§D§F§B§6§lC§x§5§F§E§2§C§5§lr§x§7§5§D§F§B§6§la§x§8§C§D§D§A§7§lt§x§A§2§D§A§9§8§le §x§C§F§D§5§7§A§lK§x§E§6§D§3§6§B§le§x§F§C§D§0§5§C§ly, item of Tiltera4549, has just expired, the item is definitively deleted.
[02:27:02] > x1 Enchanted golden apple, item of Fanatic, has just expired, the item is definitively deleted.
[02:27:04] > shelby remove x1 §c§lPower stick v2 from expire
[02:56:14] > Icon_Skully added x1 §x§5§F§E§2§C§5Forest Fishing rod in auction for 75000.
[03:01:38] > Antonie657 remove x1 §x§E§E§0§0§0§0§lᴜɴʟɪᴍɪᴛᴇᴅ sᴇʟʟᴡᴀɴᴅ from storage
[03:01:44] > x1 Enchanted book, item of zezozezozezo2012, has just expired, the item is definitively deleted.
[03:01:46] > Antonie657 remove x1 §x§E§E§0§0§0§0§lᴜɴʟɪᴍɪᴛᴇᴅ sᴇʟʟᴡᴀɴᴅ from expire
[03:01:53] > Antonie657 added x1 §x§E§E§0§0§0§0§lᴜɴʟɪᴍɪᴛᴇᴅ sᴇʟʟᴡᴀɴᴅ in auction for 500000.
[03:08:26] > Icon_Skully added x1 §f§l§8B§x§6§6§6§6§6§6a§x§7§7§7§7§7§7h§x§8§8§8§8§8§8a§x§9§9§9§9§9§9m§7u§x§9§9§9§9§9§9t§x§8§8§8§8§8§8 §x§7§7§7§7§7§7H§x§6§6§6§6§6§6a§8t in auction for 100000.
[03:11:26] > Icon_Skully added x49 Experience bottle in auction for 25000.
[03:11:32] > Antonie657 buy x49 Experience bottle to Icon_Skully for $25,000.
[03:13:53] > Icon_Skully buy x1 §x§E§E§0§0§0§0§lᴜɴʟɪᴍɪᴛᴇᴅ sᴇʟʟᴡᴀɴᴅ to Antonie657 for $500,000.
[03:14:29] > Icon_Skully remove x1 §x§E§E§0§0§0§0§lᴜɴʟɪᴍɪᴛᴇᴅ sᴇʟʟᴡᴀɴᴅ from buy
[03:14:31] > Icon_Skully remove x64 Lily pad from buy
[03:16:17] > Icon_Skully added x1 §fEnder Eye Knife in auction for 150000.
[03:16:36] > Icon_Skully added x1 §x§E§5§1§B§1§B§lDracula Key in auction for 150000.
[03:16:48] > Icon_Skully added x1 §fPanda Hat in auction for 15000.
[03:17:04] > belvi__ buy x1 §fPanda Hat to Icon_Skully for $15,000.
[03:17:28] > Icon_Skully remove x1 §fEnder Eye Knife from storage
[03:17:29] > Icon_Skully remove x1 §x§E§5§1§B§1§B§lDracula Key from storage
[03:18:58] > Icon_Skully added x1 §f§l§x§8§A§0§0§F§FS§x§9§8§0§0§D§Dh§x§A§6§0§0§B§Bi§x§B§4§0§0§9§9n§x§C§2§0§0§7§7e§x§D§0§0§0§5§5 §x§D§E§0§0§3§3O§x§E§C§0§0§1§1ni§x§D§E§0§0§3§3 §x§D§0§0§0§5§5S§x§C§2§0§0§7§7i§x§B§4§0§0§9§9c§x§A§6§0§0§B§Bk§x§9§8§0§0§D§Dl§x§8§A§0§0§F§Fe in auction for 1500000.
[03:19:28] > Icon_Skully added x1 §fShogun Hammer in auction for 350000.
[03:20:33] > Icon_Skully added x1 §f§l§8B§x§5§F§5§F§5§Fa§x§6§9§6§9§6§9h§x§7§3§7§3§7§3a§x§7§D§7§D§7§Dm§x§8§7§8§7§8§7u§x§9§1§9§1§9§1t§x§9§B§9§B§9§B §x§A§5§A§5§A§5Ch§x§9§B§9§B§9§Be§x§9§1§9§1§9§1s§x§8§7§8§7§8§7t§x§7§D§7§D§7§Dp§x§7§3§7§3§7§3l§x§6§9§6§9§6§9a§x§5§F§5§F§5§Ft§8e in auction for 200000.
[03:22:10] > Icon_Skully added x1 §x§E§5§1§B§1§B§lDracula Spear in auction for 25000.
[03:22:23] > SEAN4528 buy x1 §x§E§5§1§B§1§B§lDracula Spear to Icon_Skully for $25,000.
[03:23:16] > SEAN4528 remove x1 §x§E§5§1§B§1§B§lDracula Halberd from storage
[03:23:33] > SEAN4528 added x1 §x§E§5§1§B§1§B§lDracula Halberd in auction for 200000.
[03:26:33] > SAE buy x1 Enchanted book to nachfaust for $20,000.
[03:44:57] > x1 Enchanted book on sale by nachfaust has just expired, it goes in the inventory of expired items.
[03:44:57] > x8 Ominous bottle on sale by nachfaust has just expired, it goes in the inventory of expired items.
[03:44:57] > x8 Ominous bottle on sale by nachfaust has just expired, it goes in the inventory of expired items.
[03:45:48] > shelby added x1 §x§F§F§3§E§0§0§lDemon Lord Wings in auction for 10000000.
[04:00:50] > x1 §x§F§F§7§C§0§0§lSteamsparks Helmet on sale by auvicious has just expired, it goes in the inventory of expired items.
[04:05:39] > NoClarity added x2 §x§F§F§3§E§0§0§lSellwand Voucher in auction for 1400000.
[04:06:25] > Antonie657 added x1 §x§F§F§5§5§0§0§lsᴇʟʟᴡᴀɴᴅ §6- 5.0x in auction for 500000.
[04:44:05] > Xavier881 buy x1 §9§lCrab Claw to Seikuji8811 for $20,000.
[04:44:21] > Xavier881 buy x1 §fShogun Hammer to Icon_Skully for $350,000.
[04:44:32] > Xavier881 buy x1 §f§l§8B§x§5§F§5§F§5§Fa§x§6§9§6§9§6§9h§x§7§3§7§3§7§3a§x§7§D§7§D§7§Dm§x§8§7§8§7§8§7u§x§9§1§9§1§9§1t§x§9§B§9§B§9§B §x§A§5§A§5§A§5Ch§x§9§B§9§B§9§Be§x§9§1§9§1§9§1s§x§8§7§8§7§8§7t§x§7§D§7§D§7§Dp§x§7§3§7§3§7§3l§x§6§9§6§9§6§9a§x§5§F§5§F§5§Ft§8e to Icon_Skully for $200,000.
[04:46:13] > Xavier881 buy x1 §f§l§8B§x§6§6§6§6§6§6a§x§7§7§7§7§7§7h§x§8§8§8§8§8§8a§x§9§9§9§9§9§9m§7u§x§9§9§9§9§9§9t§x§8§8§8§8§8§8 §x§7§7§7§7§7§7H§x§6§6§6§6§6§6a§8t to Icon_Skully for $100,000.
[04:46:19] > Xavier881 remove x1 §f§l§8B§x§6§6§6§6§6§6a§x§7§7§7§7§7§7h§x§8§8§8§8§8§8a§x§9§9§9§9§9§9m§7u§x§9§9§9§9§9§9t§x§8§8§8§8§8§8 §x§7§7§7§7§7§7H§x§6§6§6§6§6§6a§8t from buy
[04:47:12] > Xavier881 remove x1 §fShogun Hammer from buy
[04:47:13] > Xavier881 remove x1 §f§l§8B§x§5§F§5§F§5§Fa§x§6§9§6§9§6§9h§x§7§3§7§3§7§3a§x§7§D§7§D§7§Dm§x§8§7§8§7§8§7u§x§9§1§9§1§9§1t§x§9§B§9§B§9§B §x§A§5§A§5§A§5Ch§x§9§B§9§B§9§Be§x§9§1§9§1§9§1s§x§8§7§8§7§8§7t§x§7§D§7§D§7§Dp§x§7§3§7§3§7§3l§x§6§9§6§9§6§9a§x§5§F§5§F§5§Ft§8e from buy
[04:47:13] > Xavier881 remove x1 §9§lCrab Claw from buy
[04:47:13] > Xavier881 remove x1 §e§lCrab Scale from buy
[05:51:30] > Icon_Skully added x64 Diamond in auction for 45000.
[05:51:30] > x1 §f§l§8B§x§6§6§6§6§6§6a§x§7§7§7§7§7§7h§x§8§8§8§8§8§8a§x§9§9§9§9§9§9m§7u§x§9§9§9§9§9§9t§x§8§8§8§8§8§8 §x§7§7§7§7§7§7H§x§6§6§6§6§6§6a§8t on sale by Renzy01 has just expired, it goes in the inventory of expired items.
[05:51:40] > zDamixx buy x64 Diamond to Icon_Skully for $45,000.
[05:52:52] > Icon_Skully added x1 §x§5§9§A§1§D§9§lA§x§6§E§A§D§D§Er§x§8§3§B§9§E§3c§x§9§7§C§4§E§7h§x§A§C§D§0§E§Ca§x§C§1§D§C§F§1n§x§D§6§E§8§F§6g§x§E§A§F§3§F§Ae§fl §x§D§0§E§4§F§4S§x§B§8§D§7§E§Fh§x§A§0§C§9§E§9i§x§8§8§B§C§E§4e§x§7§1§A§E§D§El§x§5§9§A§1§D§9d in auction for 55000.
[05:53:05] > yxsin112 buy x1 §x§5§9§A§1§D§9§lA§x§6§E§A§D§D§Er§x§8§3§B§9§E§3c§x§9§7§C§4§E§7h§x§A§C§D§0§E§Ca§x§C§1§D§C§F§1n§x§D§6§E§8§F§6g§x§E§A§F§3§F§Ae§fl §x§D§0§E§4§F§4S§x§B§8§D§7§E§Fh§x§A§0§C§9§E§9i§x§8§8§B§C§E§4e§x§7§1§A§E§D§El§x§5§9§A§1§D§9d to Icon_Skully for $55,000.
[05:53:36] > yxsin112 remove x1 §x§5§9§A§1§D§9§lA§x§6§E§A§D§D§Er§x§8§3§B§9§E§3c§x§9§7§C§4§E§7h§x§A§C§D§0§E§Ca§x§C§1§D§C§F§1n§x§D§6§E§8§F§6g§x§E§A§F§3§F§Ae§fl §x§D§0§E§4§F§4S§x§B§8§D§7§E§Fh§x§A§0§C§9§E§9i§x§8§8§B§C§E§4e§x§7§1§A§E§D§El§x§5§9§A§1§D§9d from buy
[06:19:54] > Doomday152 added x4 Netherite upgrade smithing template in auction for 400000.
[06:22:06] > Icon_Skully remove x1 §f§l§x§8§A§0§0§F§FS§x§9§8§0§0§D§Dh§x§A§6§0§0§B§Bi§x§B§4§0§0§9§9n§x§C§2§0§0§7§7e§x§D§0§0§0§5§5 §x§D§E§0§0§3§3O§x§E§C§0§0§1§1ni§x§D§E§0§0§3§3 §x§D§0§0§0§5§5S§x§C§2§0§0§7§7i§x§B§4§0§0§9§9c§x§A§6§0§0§B§Bk§x§9§8§0§0§D§Dl§x§8§A§0§0§F§Fe from storage
[06:34:59] > x1 §x§F§F§7§C§0§0§lSteamsparks Bow on sale by mumbowe777 has just expired, it goes in the inventory of expired items.
[06:34:59] > x1 §x§5§9§A§1§D§9§lA§x§7§5§B§1§D§Fr§x§9§0§C§0§E§6c§x§A§C§D§0§E§Ch§x§C§8§E§0§F§2a§x§E§3§E§F§F§9n§fg§x§E§3§E§F§F§9e§x§C§8§E§0§F§2l §x§9§0§C§0§E§6B§x§7§5§B§1§D§Fo§x§5§9§A§1§D§9w on sale by mumbowe777 has just expired, it goes in the inventory of expired items.
[06:34:59] > .VisedSauce5790 added x7 Breeze rod in auction for 10000.
[06:34:59] > x1 §x§E§5§1§B§1§B§lDracula Pickaxe on sale by mumbowe777 has just expired, it goes in the inventory of expired items.
[08:33:44] > .JakeTheMiner457 added x1 Enchanted book in auction for 10.
[08:33:52] > Fogstrap buy x1 Enchanted book to .JakeTheMiner457 for $10.
[08:33:59] > Fogstrap remove x1 Enchanted book from buy
[08:55:16] > cart224 buy x1 §f§l§8B§x§6§6§6§6§6§6a§x§7§7§7§7§7§7h§x§8§8§8§8§8§8a§x§9§9§9§9§9§9m§7u§x§9§9§9§9§9§9t§x§8§8§8§8§8§8 §x§7§7§7§7§7§7H§x§6§6§6§6§6§6o§8e to .Allxnzv for $150,000.
[08:55:19] > x1 Enchanted book, bought by micailatot, has just expired, the item is definitively deleted.
[08:55:21] > cart224 remove x1 §f§l§8B§x§6§6§6§6§6§6a§x§7§7§7§7§7§7h§x§8§8§8§8§8§8a§x§9§9§9§9§9§9m§7u§x§9§9§9§9§9§9t§x§8§8§8§8§8§8 §x§7§7§7§7§7§7H§x§6§6§6§6§6§6o§8e from buy
[09:32:12] > cart224 buy x1 §f§l§x§F§C§D§0§5§CW§x§F§A§A§A§4§Bu§x§F§9§8§4§3§Bk§x§F§7§5§F§2§Ao§x§F§5§3§9§1§9n§x§F§4§1§3§0§8g §x§F§5§3§9§1§9S§x§F§7§5§F§2§At§x§F§9§8§4§3§Ba§x§F§A§A§A§4§Bf§x§F§C§D§0§5§Cf to EXEZUNO for $150,000.
[09:32:19] > cart224 remove x1 §f§l§x§F§C§D§0§5§CW§x§F§A§A§A§4§Bu§x§F§9§8§4§3§Bk§x§F§7§5§F§2§Ao§x§F§5§3§9§1§9n§x§F§4§1§3§0§8g §x§F§5§3§9§1§9S§x§F§7§5§F§2§At§x§F§9§8§4§3§Ba§x§F§A§A§A§4§Bf§x§F§C§D§0§5§Cf from buy
[11:59:45] > 3xdmge buy x7 Breeze rod to .VisedSauce5790 for $10,000.
[11:59:49] > 3xdmge remove x7 Breeze rod from buy