
[13:59:27] > Its_MergenMC added x1 Beacon in auction for 5000000.
[14:00:58] > Its_MergenMC remove x1 Beacon from storage
[14:01:51] > hilmanpro88 added x1 My Mace in auction for 10.
[14:04:18] > Its_MergenMC added x6 Nether star in auction for 600000.
[14:07:40] > Its_MergenMC added x1 Mace in auction for 1500000.
[14:09:10] > zappyduo added x1 Ekasha Gada in auction for 1500000.
[14:09:47] > zappyduo added x1 §f§l§x§8§A§0§0§F§FS§x§9§9§0§0§D§Bh§x§A§8§0§0§B§6i§x§B§7§0§0§9§2n§x§C§6§0§0§6§De§x§D§5§0§0§4§9 §x§E§4§0§0§2§4O§x§F§3§0§0§0§0n§x§E§4§0§0§2§4i§x§D§5§0§0§4§9 §x§C§6§0§0§6§DS§x§B§7§0§0§9§2t§x§A§8§0§0§B§6a§x§9§9§0§0§D§Bf§x§8§A§0§0§F§Ff in auction for 1500000.
[14:13:31] > Its_MergenMC remove x1 Beacon from expire
[15:04:23] > ryise added x1 Trident in auction for 80000.
[15:08:44] > xmoonx_ buy x1 Ekasha Gada to zappyduo for $1,500,000.
[15:09:03] > x1 Ancient debris, bought by ochirsopvp, has just expired, the item is definitively deleted.
[15:09:04] > xmoonx_ remove x1 Ekasha Gada from buy
[15:12:50] > zappyduo added x1 Fleeko in auction for 1500000.
[15:16:52] > ryise added x1 Ominous trial key in auction for 100000.
[16:52:45] > micailatot added x64 Firework rocket in auction for 50000.
[17:31:21] > Its_MergenMC remove x1 Mace from storage
[17:31:25] > x1 Enchanted book, item of _MANEPEAR_, has just expired, the item is definitively deleted.
[17:31:25] > x1 §x§F§F§7§C§0§0§lSteamsparks Shield, item of scarlettti, has just expired, the item is definitively deleted.
[17:31:26] > Its_MergenMC remove x1 Mace from expire
[18:15:00] > zappyduo buy x1 Ominous trial key to ryise for $100,000.
[18:15:06] > x1 §x§F§F§7§C§0§0§lSteamsparks Wings, bought by Horheee, has just expired, the item is definitively deleted.
[18:15:06] > x1 §f§l§8B§x§6§0§6§0§6§0a§x§6§C§6§C§6§Ch§x§7§7§7§7§7§7a§x§8§2§8§2§8§2m§x§8§E§8§E§8§Eu§x§9§9§9§9§9§9t§x§A§4§A§4§A§4 G§x§9§9§9§9§9§9a§x§8§E§8§E§8§Eu§x§8§2§8§2§8§2n§x§7§7§7§7§7§7t§x§6§C§6§C§6§Cl§x§6§0§6§0§6§0e§8t, bought by Horheee, has just expired, the item is definitively deleted.
[18:15:06] > x1 §f§l§x§E§4§3§A§3§AM§x§D§7§4§7§3§Ae§x§C§A§5§5§3§Ar§x§B§D§6§2§3§9r§x§A§F§7§0§3§9y§x§A§2§7§D§3§9 §x§9§5§8§A§3§9C§x§8§8§9§8§3§9h§x§7§B§A§5§3§9r§x§6§E§B§3§3§8i§x§6§1§C§0§3§8s§x§5§4§C§D§3§8tm§x§6§1§C§0§3§8a§x§6§E§B§3§3§8s§x§7§B§A§5§3§9 §x§8§8§9§8§3§9B§x§9§5§8§A§3§9a§x§A§2§7§D§3§9c§x§A§F§7§0§3§9k§x§B§D§6§2§3§9p§x§C§A§5§5§3§Aa§x§D§7§4§7§3§Ac§x§E§4§3§A§3§Ak, bought by Typeshe, has just expired, the item is definitively deleted.
[18:15:06] > x1 §f§l§x§E§4§3§A§3§AM§x§D§6§4§9§3§Ae§x§C§7§5§7§3§Ar§x§B§9§6§6§3§9r§x§A§A§7§5§3§9y§x§9§C§8§3§3§9 §x§8§E§9§2§3§9C§x§7§F§A§1§3§9h§x§7§1§A§F§3§8r§x§6§3§B§E§3§8i§x§5§4§C§D§3§8st§x§6§3§B§E§3§8m§x§7§1§A§F§3§8a§x§7§F§A§1§3§9s§x§8§E§9§2§3§9 §x§9§C§8§3§3§9H§x§A§A§7§5§3§9e§x§B§9§6§6§3§9l§x§C§7§5§7§3§Am§x§D§6§4§9§3§Ae§x§E§4§3§A§3§At, bought by Typeshe, has just expired, the item is definitively deleted.
[18:15:06] > x1 §x§5§9§A§1§D§9§lA§x§6§A§A§A§D§Dr§x§7§A§B§4§E§1c§x§8§B§B§D§E§4h§x§9§B§C§7§E§8a§x§A§C§D§0§E§Cn§x§B§D§D§9§F§0g§x§C§D§E§3§F§4e§x§D§E§E§C§F§7l §fF§x§E§E§F§6§F§Bi§x§D§E§E§C§F§7s§x§C§D§E§3§F§4h§x§B§D§D§9§F§0i§x§A§C§D§0§E§Cn§x§9§B§C§7§E§8g §x§7§A§B§4§E§1R§x§6§A§A§A§D§Do§x§5§9§A§1§D§9d, bought by Horheee, has just expired, the item is definitively deleted.
[18:15:06] > x1 §x§E§5§1§B§1§B§lDracula Sickle, bought by Renzy01, has just expired, the item is definitively deleted.
[18:15:06] > x1 §x§E§5§1§B§1§B§lDracula Spear, bought by Horheee, has just expired, the item is definitively deleted.
[18:15:07] > zappyduo remove x1 Ominous trial key from buy
[19:05:52] > Clifford added x1 Strength II in auction for 85000.
[19:14:43] > JinSoul15 added x1 §x§E§E§0§0§0§0§lᴜɴʟɪᴍɪᴛᴇᴅ sᴇʟʟᴡᴀɴᴅ in auction for 1000000.
[19:15:11] > zappyduo buy x1 My Mace to hilmanpro88 for $10.
[19:15:20] > zappyduo remove x1 My Mace from buy
[19:43:05] > zappyduo buy x1 Strength II to Clifford for $85,000.
[19:43:10] > zappyduo remove x1 Strength II from buy
[20:05:44] > zappyduo added x2 Golden apple in auction for 10000.
[20:05:51] > zappyduo remove x2 Golden apple from storage
[20:05:53] > Zhark added x1 §x§F§F§5§5§0§0§lsᴇʟʟᴡᴀɴᴅ §6- 10.0x in auction for 1500000.
[20:06:01] > x1 §x§F§F§7§C§0§0§lSteamsparks Wings, item of Mugiwara22, has just expired, the item is definitively deleted.
[20:06:02] > zappyduo remove x2 Golden apple from expire
[20:06:28] > Zhark added x1 §x§F§F§5§5§0§0§lsᴇʟʟᴡᴀɴᴅ §6- 5.0x in auction for 10000000.
[20:36:06] > zappyduo remove x1 §f§l§x§8§A§0§0§F§FS§x§9§9§0§0§D§Bh§x§A§8§0§0§B§6i§x§B§7§0§0§9§2n§x§C§6§0§0§6§De§x§D§5§0§0§4§9 §x§E§4§0§0§2§4O§x§F§3§0§0§0§0n§x§E§4§0§0§2§4i§x§D§5§0§0§4§9 §x§C§6§0§0§6§DS§x§B§7§0§0§9§2t§x§A§8§0§0§B§6a§x§9§9§0§0§D§Bf§x§8§A§0§0§F§Ff from storage
[20:36:18] > x1 §x§F§F§7§C§0§0§lSteamsparks Staff, item of ochirsopvp, has just expired, the item is definitively deleted.
[20:36:18] > x1 §x§F§F§5§5§0§0§lsᴇʟʟᴡᴀɴᴅ §6- 5.0x, item of Typeshe, has just expired, the item is definitively deleted.
[20:36:19] > zappyduo remove x1 §f§l§x§8§A§0§0§F§FS§x§9§9§0§0§D§Bh§x§A§8§0§0§B§6i§x§B§7§0§0§9§2n§x§C§6§0§0§6§De§x§D§5§0§0§4§9 §x§E§4§0§0§2§4O§x§F§3§0§0§0§0n§x§E§4§0§0§2§4i§x§D§5§0§0§4§9 §x§C§6§0§0§6§DS§x§B§7§0§0§9§2t§x§A§8§0§0§B§6a§x§9§9§0§0§D§Bf§x§8§A§0§0§F§Ff from expire
[20:37:45] > Zhark remove x1 §x§F§F§5§5§0§0§lsᴇʟʟᴡᴀɴᴅ §6- 5.0x from storage
[20:37:46] > Zhark remove x1 §x§F§F§5§5§0§0§lsᴇʟʟᴡᴀɴᴅ §6- 10.0x from storage
[21:41:38] > VashleyProGamer buy x11 Sandstone to ReavHere for $10.
[21:49:11] > Clifford added x1 §f§l§8B§x§6§2§6§2§6§2a§x§6§F§6§F§6§Fh§x§7§C§7§C§7§Ca§x§8§9§8§9§8§9m§x§9§6§9§6§9§6u§x§A§3§A§3§A§3t §x§9§6§9§6§9§6S§x§8§9§8§9§8§9h§x§7§C§7§C§7§Ci§x§6§F§6§F§6§Fe§x§6§2§6§2§6§2l§8d in auction for 1500000.
[21:56:10] > Clifford added x5 Nether star in auction for 5000.
[23:00:59] > num_lock123 buy x1 Trident to ryise for $80,000.
[23:01:12] > num_lock123 buy x5 Nether star to Clifford for $5,000.
[23:01:59] > num_lock123 remove x1 §x§E§5§1§B§1§B§lDracula Boots from storage
[23:03:06] > num_lock123 added x1 §x§E§5§1§B§1§B§lDracula Boots in auction for 110000.
[23:05:08] > Clifford remove x1 §f§l§8B§x§6§2§6§2§6§2a§x§6§F§6§F§6§Fh§x§7§C§7§C§7§Ca§x§8§9§8§9§8§9m§x§9§6§9§6§9§6u§x§A§3§A§3§A§3t §x§9§6§9§6§9§6S§x§8§9§8§9§8§9h§x§7§C§7§C§7§Ci§x§6§F§6§F§6§Fe§x§6§2§6§2§6§2l§8d from storage
[23:05:16] > Clifford remove x1 §f§l§8B§x§6§2§6§2§6§2a§x§6§F§6§F§6§Fh§x§7§C§7§C§7§Ca§x§8§9§8§9§8§9m§x§9§6§9§6§9§6u§x§A§3§A§3§A§3t §x§9§6§9§6§9§6S§x§8§9§8§9§8§9h§x§7§C§7§C§7§Ci§x§6§F§6§F§6§Fe§x§6§2§6§2§6§2l§8d from expire
[23:26:25] > num_lock123 remove x5 Nether star from buy
[23:26:25] > num_lock123 remove x1 Trident from buy
[23:41:33] > ryise remove x34 Wind charge form storage
[01:10:40] > num_lock123 added x1 §x§F§F§7§C§0§0§lSteamsparks Hoe in auction for 80000.
[01:11:16] > seaaweed buy x1 §x§F§F§7§C§0§0§lSteamsparks Hoe to num_lock123 for $80,000.
[01:12:35] > seaaweed buy x1 §f§l§x§E§4§3§A§3§AM§x§D§6§4§9§3§Ae§x§C§7§5§7§3§Ar§x§B§9§6§6§3§9r§x§A§A§7§5§3§9y§x§9§C§8§3§3§9 §x§8§E§9§2§3§9C§x§7§F§A§1§3§9h§x§7§1§A§F§3§8r§x§6§3§B§E§3§8i§x§5§4§C§D§3§8st§x§6§3§B§E§3§8m§x§7§1§A§F§3§8a§x§7§F§A§1§3§9s§x§8§E§9§2§3§9 §x§9§C§8§3§3§9S§x§A§A§7§5§3§9c§x§B§9§6§6§3§9y§x§C§7§5§7§3§At§x§D§6§4§9§3§Ah§x§E§4§3§A§3§Ae to micailatot for $550,000.
[01:13:10] > x1 §x§E§5§1§B§1§B§lDracula Shield, bought by Horheee, has just expired, the item is definitively deleted.
[01:13:10] > x1 §f§l§x§E§4§3§A§3§AM§x§D§6§4§9§3§Ae§x§C§7§5§7§3§Ar§x§B§9§6§6§3§9r§x§A§A§7§5§3§9y§x§9§C§8§3§3§9 §x§8§E§9§2§3§9C§x§7§F§A§1§3§9h§x§7§1§A§F§3§8r§x§6§3§B§E§3§8i§x§5§4§C§D§3§8st§x§6§3§B§E§3§8m§x§7§1§A§F§3§8a§x§7§F§A§1§3§9s§x§8§E§9§2§3§9 §x§9§C§8§3§3§9H§x§A§A§7§5§3§9a§x§B§9§6§6§3§9m§x§C§7§5§7§3§Am§x§D§6§4§9§3§Ae§x§E§4§3§A§3§Ar, bought by 8it5inn, has just expired, the item is definitively deleted.
[01:13:12] > seaaweed remove x1 §x§F§F§7§C§0§0§lSteamsparks Hoe from buy
[01:13:13] > seaaweed remove x1 §f§l§x§E§4§3§A§3§AM§x§D§6§4§9§3§Ae§x§C§7§5§7§3§Ar§x§B§9§6§6§3§9r§x§A§A§7§5§3§9y§x§9§C§8§3§3§9 §x§8§E§9§2§3§9C§x§7§F§A§1§3§9h§x§7§1§A§F§3§8r§x§6§3§B§E§3§8i§x§5§4§C§D§3§8st§x§6§3§B§E§3§8m§x§7§1§A§F§3§8a§x§7§F§A§1§3§9s§x§8§E§9§2§3§9 §x§9§C§8§3§3§9S§x§A§A§7§5§3§9c§x§B§9§6§6§3§9y§x§C§7§5§7§3§At§x§D§6§4§9§3§Ah§x§E§4§3§A§3§Ae from buy