
[12:17:40] > quillking67 buy x64 Cooked beef to aznaaa for $2,000.
[12:17:56] > quillking67 buy x64 Cooked beef to aznaaa for $2,000.
[12:35:41] > aroraru added x64 Wind charge in auction for 64646.
[12:49:21] > Kodakoda buy x64 Wind charge to aroraru for $64,646.
[12:49:31] > Kodakoda remove x64 Wind charge form buy
[13:04:19] > aroraru remove x1 §x§F§F§5§5§0§0§lsᴇʟʟᴡᴀɴᴅ §6- 10.0x form storage
[13:04:57] > aroraru added x1 §x§F§F§5§5§0§0§lsᴇʟʟᴡᴀɴᴅ §6- 10.0x in auction for 2000000.
[13:05:58] > aroraru remove x1 §x§F§F§5§5§0§0§lsᴇʟʟᴡᴀɴᴅ §6- 10.0x from storage
[13:06:17] > x1 §f§l§8B§x§6§3§6§3§6§3a§x§7§1§7§1§7§1h§x§8§0§8§0§8§0a§x§8§E§8§E§8§Em§x§9§C§9§C§9§Cu§7t§x§9§C§9§C§9§C §x§8§E§8§E§8§ES§x§8§0§8§0§8§0p§x§7§1§7§1§7§1e§x§6§3§6§3§6§3a§8r, item of _Sutrix_, has just expired, the item is definitively deleted.
[13:06:17] > x1 §x§F§F§7§C§0§0§lSteamsparks Halberd, item of belvi__, has just expired, the item is definitively deleted.
[13:06:17] > x1 §f§l§x§F§C§D§0§5§CW§x§F§B§B§2§4§Fu§x§F§9§9§5§4§2k§x§F§8§7§7§3§5o§x§F§7§5§9§2§7n§x§F§6§3§B§1§Ag§x§F§4§1§E§0§D §x§F§3§0§0§0§0C§x§F§4§1§E§0§Dr§x§F§6§3§B§1§Ao§x§F§7§5§9§2§7s§x§F§8§7§7§3§5s§x§F§9§9§5§4§2b§x§F§B§B§2§4§Fo§x§F§C§D§0§5§Cw, item of belvi__, has just expired, the item is definitively deleted.
[13:06:17] > x1 §f§l§8B§x§6§3§6§3§6§3a§x§7§1§7§1§7§1h§x§8§0§8§0§8§0a§x§8§E§8§E§8§Em§x§9§C§9§C§9§Cu§7t§x§9§C§9§C§9§C §x§8§E§8§E§8§ES§x§8§0§8§0§8§0t§x§7§1§7§1§7§1a§x§6§3§6§3§6§3f§8f, item of belvi__, has just expired, the item is definitively deleted.
[13:06:20] > aroraru remove x1 §x§F§F§5§5§0§0§lsᴇʟʟᴡᴀɴᴅ §6- 10.0x from expire
[13:06:21] > aroraru remove x1 Enchanted book from expire
[13:06:21] > aroraru remove x1 Enchanted book from expire
[13:06:21] > aroraru remove x64 Sweet berries from expire
[13:06:31] > aroraru added x1 §x§F§F§5§5§0§0§lsᴇʟʟᴡᴀɴᴅ §6- 10.0x in auction for 1500000.
[13:06:45] > aroraru added x1 Enchanted book in auction for 50000.
[13:06:52] > NoClarity buy x1 §x§F§F§5§5§0§0§lsᴇʟʟᴡᴀɴᴅ §6- 10.0x to aroraru for $1,500,000.
[13:06:59] > aroraru added x1 Enchanted book in auction for 50000.
[13:07:50] > iiYang buy x2 Ward armor trim smithing template to NoClarity for $40,000.
[13:10:11] > NoClarity added x2 Brewing stand in auction for 10.
[13:14:44] > Cooldoggiexd added x1 1m sand in auction for 10.
[13:14:48] > aroraru buy x1 1m sand to Cooldoggiexd for $10.
[13:15:06] > aroraru buy x2 Brewing stand to NoClarity for $10.
[13:26:03] > EXEZUNO added x1 §f§l§x§8§A§0§0§F§FS§x§9§5§0§0§E§4h§x§A§0§0§0§C§9i§x§A§B§0§0§A§En§x§B§6§0§0§9§4e§x§C§1§0§0§7§9 §x§C§C§0§0§5§EO§x§D§7§0§0§4§3n§x§E§2§0§0§2§8i§x§E§D§0§0§0§D C§x§E§2§0§0§2§8h§x§D§7§0§0§4§3e§x§C§C§0§0§5§Es§x§C§1§0§0§7§9t§x§B§6§0§0§9§4p§x§A§B§0§0§A§El§x§A§0§0§0§C§9a§x§9§5§0§0§E§4t§x§8§A§0§0§F§Fe in auction for 3500000.
[13:42:20] > x1 §x§F§F§5§5§0§0§lsᴇʟʟᴡᴀɴᴅ §6- 10.0x, bought by qu4sar, has just expired, the item is definitively deleted.
[13:42:22] > NoClarity remove x1 §x§F§F§5§5§0§0§lsᴇʟʟᴡᴀɴᴅ §6- 10.0x from buy
[14:32:33] > nebula12321 remove x1 Shulker box from storage
[14:32:50] > nebula12321 added x1 Shulker box in auction for 4500000.
[14:36:02] > NoClarity remove x1 Dispenser from storage
[14:36:05] > NoClarity remove x1 §3§lDolphin Tail from storage
[14:36:08] > NoClarity remove x1 §f§l§x§E§4§3§A§3§AM§x§D§6§4§9§3§Ae§x§C§7§5§7§3§Ar§x§B§9§6§6§3§9r§x§A§A§7§5§3§9y§x§9§C§8§3§3§9 §x§8§E§9§2§3§9C§x§7§F§A§1§3§9h§x§7§1§A§F§3§8r§x§6§3§B§E§3§8i§x§5§4§C§D§3§8st§x§6§3§B§E§3§8m§x§7§1§A§F§3§8a§x§7§F§A§1§3§9s§x§8§E§9§2§3§9 §x§9§C§8§3§3§9S§x§A§A§7§5§3§9h§x§B§9§6§6§3§9i§x§C§7§5§7§3§Ae§x§D§6§4§9§3§Al§x§E§4§3§A§3§Ad from storage
[14:36:09] > NoClarity remove x1 §f§l§x§8§A§0§0§F§FS§x§9§7§0§0§D§Fh§x§A§4§0§0§B§Fi§x§B§1§0§0§9§Fn§x§B§F§0§0§8§0e§x§C§C§0§0§6§0 §x§D§9§0§0§4§0O§x§E§6§0§0§2§0n§x§F§3§0§0§0§0i§x§E§6§0§0§2§0 §x§D§9§0§0§4§0P§x§C§C§0§0§6§0i§x§B§F§0§0§8§0c§x§B§1§0§0§9§Fk§x§A§4§0§0§B§Fa§x§9§7§0§0§D§Fx§x§8§A§0§0§F§Fe from storage
[14:36:09] > NoClarity remove x1 §x§E§5§1§B§1§B§lDracula Dagger from storage
[14:36:22] > NoClarity added x1 §x§E§5§1§B§1§B§lDracula Dagger in auction for 50000.
[14:36:30] > nebula12321 remove x1 Shulker box from storage
[14:36:36] > nebula12321 remove x1 Shulker box from expire
[14:36:42] > NoClarity added x1 §f§l§x§E§4§3§A§3§AM§x§D§6§4§9§3§Ae§x§C§7§5§7§3§Ar§x§B§9§6§6§3§9r§x§A§A§7§5§3§9y§x§9§C§8§3§3§9 §x§8§E§9§2§3§9C§x§7§F§A§1§3§9h§x§7§1§A§F§3§8r§x§6§3§B§E§3§8i§x§5§4§C§D§3§8st§x§6§3§B§E§3§8m§x§7§1§A§F§3§8a§x§7§F§A§1§3§9s§x§8§E§9§2§3§9 §x§9§C§8§3§3§9S§x§A§A§7§5§3§9h§x§B§9§6§6§3§9i§x§C§7§5§7§3§Ae§x§D§6§4§9§3§Al§x§E§4§3§A§3§Ad in auction for 50000.
[14:36:52] > 8it5inn buy x1 §f§l§x§E§4§3§A§3§AM§x§D§6§4§9§3§Ae§x§C§7§5§7§3§Ar§x§B§9§6§6§3§9r§x§A§A§7§5§3§9y§x§9§C§8§3§3§9 §x§8§E§9§2§3§9C§x§7§F§A§1§3§9h§x§7§1§A§F§3§8r§x§6§3§B§E§3§8i§x§5§4§C§D§3§8st§x§6§3§B§E§3§8m§x§7§1§A§F§3§8a§x§7§F§A§1§3§9s§x§8§E§9§2§3§9 §x§9§C§8§3§3§9S§x§A§A§7§5§3§9h§x§B§9§6§6§3§9i§x§C§7§5§7§3§Ae§x§D§6§4§9§3§Al§x§E§4§3§A§3§Ad to NoClarity for $50,000.
[14:37:08] > nebula12321 added x1 bahamut shi in auction for 4500000.
[14:37:15] > NoClarity added x1 §f§l§x§8§A§0§0§F§FS§x§9§7§0§0§D§Fh§x§A§4§0§0§B§Fi§x§B§1§0§0§9§Fn§x§B§F§0§0§8§0e§x§C§C§0§0§6§0 §x§D§9§0§0§4§0O§x§E§6§0§0§2§0n§x§F§3§0§0§0§0i§x§E§6§0§0§2§0 §x§D§9§0§0§4§0P§x§C§C§0§0§6§0i§x§B§F§0§0§8§0c§x§B§1§0§0§9§Fk§x§A§4§0§0§B§Fa§x§9§7§0§0§D§Fx§x§8§A§0§0§F§Fe in auction for 2500000.
[14:38:56] > NoClarity added x1 §3§lDolphin Tail in auction for 100.
[14:39:00] > Responsibules buy x1 §3§lDolphin Tail to NoClarity for $100.
[14:39:57] > 3xdmge added x1 §x§E§E§0§0§0§0§lᴜɴʟɪᴍɪᴛᴇᴅ sᴇʟʟᴡᴀɴᴅ in auction for 1750000.
[14:43:48] > NoClarity added x1 Silksong 2 in auction for 200000.
[14:44:02] > NoClarity remove x1 Silksong 2 from storage
[14:44:33] > makaylee added x1 Silksong 2 in auction for 150000.
[14:54:37] > x1 §x§E§5§1§B§1§B§lDracula Bow on sale by nebula12321 has just expired, it goes in the inventory of expired items.
[14:54:45] > EXEZUNO remove x1 §f§l§x§8§A§0§0§F§FS§x§9§5§0§0§E§4h§x§A§0§0§0§C§9i§x§A§B§0§0§A§En§x§B§6§0§0§9§4e§x§C§1§0§0§7§9 §x§C§C§0§0§5§EO§x§D§7§0§0§4§3n§x§E§2§0§0§2§8i§x§E§D§0§0§0§D C§x§E§2§0§0§2§8h§x§D§7§0§0§4§3e§x§C§C§0§0§5§Es§x§C§1§0§0§7§9t§x§B§6§0§0§9§4p§x§A§B§0§0§A§El§x§A§0§0§0§C§9a§x§9§5§0§0§E§4t§x§8§A§0§0§F§Fe from storage
[14:55:08] > EXEZUNO remove x1 §x§E§E§0§0§0§0§lᴜɴʟɪᴍɪᴛᴇᴅ sᴇʟʟᴡᴀɴᴅ from storage
[14:55:34] > EXEZUNO remove x1 §x§F§F§7§C§0§0§lSteamsparks Battle Axe from storage
[14:55:52] > EXEZUNO added x1 §x§F§F§7§C§0§0§lSteamsparks Battle Axe in auction for 280000.
[14:56:01] > EXEZUNO remove x1 §x§5§9§A§1§D§9§lA§x§7§1§A§E§D§Er§x§8§8§B§C§E§4c§x§A§0§C§9§E§9h§x§B§8§D§7§E§Fa§x§D§0§E§4§F§4n§x§E§7§F§2§F§Ag§fe§x§E§7§F§2§F§Al §x§B§8§D§7§E§FS§x§A§0§C§9§E§9t§x§8§8§B§C§E§4a§x§7§1§A§E§D§Ef§x§5§9§A§1§D§9f from storage
[14:56:19] > EXEZUNO added x1 §x§5§9§A§1§D§9§lA§x§7§1§A§E§D§Er§x§8§8§B§C§E§4c§x§A§0§C§9§E§9h§x§B§8§D§7§E§Fa§x§D§0§E§4§F§4n§x§E§7§F§2§F§Ag§fe§x§E§7§F§2§F§Al §x§B§8§D§7§E§FS§x§A§0§C§9§E§9t§x§8§8§B§C§E§4a§x§7§1§A§E§D§Ef§x§5§9§A§1§D§9f in auction for 210000.
[14:56:35] > NoClarity remove x1 §f§l§x§8§A§0§0§F§FS§x§9§7§0§0§D§Fh§x§A§4§0§0§B§Fi§x§B§1§0§0§9§Fn§x§B§F§0§0§8§0e§x§C§C§0§0§6§0 §x§D§9§0§0§4§0O§x§E§6§0§0§2§0n§x§F§3§0§0§0§0i§x§E§6§0§0§2§0 §x§D§9§0§0§4§0P§x§C§C§0§0§6§0i§x§B§F§0§0§8§0c§x§B§1§0§0§9§Fk§x§A§4§0§0§B§Fa§x§9§7§0§0§D§Fx§x§8§A§0§0§F§Fe from storage
[14:57:01] > EXEZUNO remove x5 §bEntropy Crystal §8(§310,000§8) from storage
[14:57:36] > x1 §fFlower Hat, bought by Trapers1, has just expired, the item is definitively deleted.
[14:57:52] > EXEZUNO remove x5 §bEntropy Crystal §8(§310,000§8) from expire
[14:58:04] > EXEZUNO added x5 §bEntropy Crystal §8(§310,000§8) in auction for 310000.
[15:04:47] > nebula12321 added x1 §f§l§x§F§C§D§0§5§CW§x§F§A§A§A§4§Bu§x§F§9§8§4§3§Bk§x§F§7§5§F§2§Ao§x§F§5§3§9§1§9n§x§F§4§1§3§0§8g §x§F§5§3§9§1§9S§x§F§7§5§F§2§Aw§x§F§9§8§4§3§Bo§x§F§A§A§A§4§Br§x§F§C§D§0§5§Cd in auction for 1500000.
[15:05:17] > Icon_Skully added x1 §f§l§x§E§4§3§A§3§AM§x§D§6§4§9§3§Ae§x§C§7§5§7§3§Ar§x§B§9§6§6§3§9r§x§A§A§7§5§3§9y§x§9§C§8§3§3§9 §x§8§E§9§2§3§9C§x§7§F§A§1§3§9h§x§7§1§A§F§3§8r§x§6§3§B§E§3§8i§x§5§4§C§D§3§8st§x§6§3§B§E§3§8m§x§7§1§A§F§3§8a§x§7§F§A§1§3§9s§x§8§E§9§2§3§9 §x§9§C§8§3§3§9H§x§A§A§7§5§3§9e§x§B§9§6§6§3§9l§x§C§7§5§7§3§Am§x§D§6§4§9§3§Ae§x§E§4§3§A§3§At in auction for 750000.
[15:05:58] > Icon_Skully remove x1 §f§l§x§E§4§3§A§3§AM§x§D§6§4§9§3§Ae§x§C§7§5§7§3§Ar§x§B§9§6§6§3§9r§x§A§A§7§5§3§9y§x§9§C§8§3§3§9 §x§8§E§9§2§3§9C§x§7§F§A§1§3§9h§x§7§1§A§F§3§8r§x§6§3§B§E§3§8i§x§5§4§C§D§3§8st§x§6§3§B§E§3§8m§x§7§1§A§F§3§8a§x§7§F§A§1§3§9s§x§8§E§9§2§3§9 §x§9§C§8§3§3§9H§x§A§A§7§5§3§9e§x§B§9§6§6§3§9l§x§C§7§5§7§3§Am§x§D§6§4§9§3§Ae§x§E§4§3§A§3§At from storage
[15:06:52] > Edabis remove x1 §x§F§F§3§E§0§0§lSellwand Voucher form storage
[15:06:52] > Edabis remove x1 §x§F§F§3§E§0§0§lSellwand Voucher form storage
[15:06:52] > Edabis remove x1 §x§F§F§3§E§0§0§lSellwand Voucher form storage
[15:06:52] > Edabis remove x1 §x§F§F§3§E§0§0§lSellwand Voucher form storage
[15:06:52] > Edabis remove x1 §x§5§9§A§1§D§9§lA§x§7§1§A§E§D§Er§x§8§8§B§C§E§4c§x§A§0§C§9§E§9h§x§B§8§D§7§E§Fa§x§D§0§E§4§F§4n§x§E§7§F§2§F§Ag§fe§x§E§7§F§2§F§Al §x§B§8§D§7§E§FB§x§A§0§C§9§E§9o§x§8§8§B§C§E§4o§x§7§1§A§E§D§Et§x§5§9§A§1§D§9s form storage
[15:08:02] > quillking67 added x1 Diamond pickaxe in auction for 10000.
[15:08:08] > NoClarity added x1 §f§l§x§8§A§0§0§F§FS§x§9§7§0§0§D§Fh§x§A§4§0§0§B§Fi§x§B§1§0§0§9§Fn§x§B§F§0§0§8§0e§x§C§C§0§0§6§0 §x§D§9§0§0§4§0O§x§E§6§0§0§2§0n§x§F§3§0§0§0§0i§x§E§6§0§0§2§0 §x§D§9§0§0§4§0P§x§C§C§0§0§6§0i§x§B§F§0§0§8§0c§x§B§1§0§0§9§Fk§x§A§4§0§0§B§Fa§x§9§7§0§0§D§Fx§x§8§A§0§0§F§Fe in auction for 2500000.
[15:08:14] > Edabis added x1 §x§F§F§3§E§0§0§lSellwand Voucher in auction for 1300000.
[15:08:33] > Edabis added x1 §x§F§F§3§E§0§0§lSellwand Voucher in auction for 1300000.
[15:13:03] > Edabis added x1 §x§F§F§5§5§0§0§lsᴇʟʟᴡᴀɴᴅ §6- 20.0x in auction for 5000000.
[15:13:09] > Edabis remove x1 §x§F§F§5§5§0§0§lsᴇʟʟᴡᴀɴᴅ §6- 20.0x from storage
[15:22:32] > Cooldoggiexd added x1 1m obsidian in auction for 10.
[15:22:37] > nebula12321 buy x1 1m obsidian to Cooldoggiexd for $10.
[15:22:37] > NoClarity added x1 §f§bEnder Dragon Plushie §6(#32/101) in auction for 400000.
[15:22:45] > nebula12321 remove x1 1m obsidian from buy
[15:22:46] > nebula12321 remove x64 Experience bottle from buy
[15:22:46] > nebula12321 remove x34 Wind charge from buy
[15:27:37] > EXEZUNO buy x1 §f§l§x§8§A§0§0§F§FS§x§9§7§0§0§D§Fh§x§A§4§0§0§B§Fi§x§B§1§0§0§9§Fn§x§B§F§0§0§8§0e§x§C§C§0§0§6§0 §x§D§9§0§0§4§0O§x§E§6§0§0§2§0n§x§F§3§0§0§0§0i§x§E§6§0§0§2§0 §x§D§9§0§0§4§0P§x§C§C§0§0§6§0i§x§B§F§0§0§8§0c§x§B§1§0§0§9§Fk§x§A§4§0§0§B§Fa§x§9§7§0§0§D§Fx§x§8§A§0§0§F§Fe to NoClarity for $2,500,000.
[15:27:59] > EXEZUNO remove x1 §f§l§x§8§A§0§0§F§FS§x§9§7§0§0§D§Fh§x§A§4§0§0§B§Fi§x§B§1§0§0§9§Fn§x§B§F§0§0§8§0e§x§C§C§0§0§6§0 §x§D§9§0§0§4§0O§x§E§6§0§0§2§0n§x§F§3§0§0§0§0i§x§E§6§0§0§2§0 §x§D§9§0§0§4§0P§x§C§C§0§0§6§0i§x§B§F§0§0§8§0c§x§B§1§0§0§9§Fk§x§A§4§0§0§B§Fa§x§9§7§0§0§D§Fx§x§8§A§0§0§F§Fe from buy
[15:54:46] > killergamerhihi added x1 Enchanted book in auction for 7000.
[16:23:29] > McWhopper added x24 Diamond in auction for 10.
[16:23:33] > Trapers1 buy x24 Diamond to McWhopper for $10.
[16:24:25] > NoClarity remove x1 §f§bEnder Dragon Plushie §6(#32/101) from storage
[16:24:33] > NoClarity added x1 §f§bEnder Dragon Plushie §6(#32/101) in auction for 300000.
[16:29:15] > x1 §f§l§8B§x§5§F§5§F§5§Fa§x§6§9§6§9§6§9h§x§7§3§7§3§7§3a§x§7§D§7§D§7§Dm§x§8§7§8§7§8§7u§x§9§1§9§1§9§1t§x§9§B§9§B§9§B §x§A§5§A§5§A§5Gr§x§9§B§9§B§9§Be§x§9§1§9§1§9§1a§x§8§7§8§7§8§7t§x§7§D§7§D§7§Ds§x§7§3§7§3§7§3w§x§6§9§6§9§6§9o§x§5§F§5§F§5§Fr§8d on sale by FRANZ_JOSEF0 has just expired, it goes in the inventory of expired items.
[16:58:07] > namerikangel added x64 Breeze rod in auction for 100000.
[16:58:16] > KyLuxxy added x1 §x§5§F§E§2§C§5Redlord Fishing rod in auction for 250000.
[17:06:54] > MasterElrel buy x64 Breeze rod to namerikangel for $100,000.
[17:07:06] > MasterElrel remove x64 Breeze rod from buy
[17:07:55] > x16 White banner on sale by frenchhee has just expired, it goes in the inventory of expired items.
[17:08:15] > KyLuxxy buy x1 §f§bEnder Dragon Plushie §6(#32/101) to NoClarity for $300,000.
[17:08:15] > x16 White banner on sale by frenchhee has just expired, it goes in the inventory of expired items.
[17:09:36] > KyLuxxy remove x1 §x§5§F§E§2§C§5Redlord Fishing rod form storage
[17:10:38] > KyLuxxy remove x1 §f§bEnder Dragon Plushie §6(#32/101) from buy
[17:24:27] > x2 §c§lPlatinum Lure on sale by nebula12321 has just expired, it goes in the inventory of expired items.
[17:36:37] > namerikangel added x64 Breeze rod in auction for 100000.
[17:36:37] > x1 §x§E§5§1§B§1§B§lDracula Leggings on sale by PlayTexts has just expired, it goes in the inventory of expired items.
[17:51:46] > _MANEPEAR_ buy x64 Breeze rod to namerikangel for $100,000.
[17:52:03] > _MANEPEAR_ buy x1 §x§F§F§7§C§0§0§lSteamsparks Battle Axe to EXEZUNO for $280,000.
[17:52:08] > _MANEPEAR_ remove x64 Breeze rod from buy
[17:52:09] > _MANEPEAR_ remove x1 §x§F§F§7§C§0§0§lSteamsparks Battle Axe from buy
[18:21:22] > x1 §x§5§9§A§1§D§9§lA§x§7§5§B§1§D§Fr§x§9§0§C§0§E§6c§x§A§C§D§0§E§Ch§x§C§8§E§0§F§2a§x§E§3§E§F§F§9n§fg§x§E§3§E§F§F§9e§x§C§8§E§0§F§2l §x§9§0§C§0§E§6K§x§7§5§B§1§D§Fe§x§5§9§A§1§D§9y on sale by Zypher_0w0 has just expired, it goes in the inventory of expired items.
[18:23:17] > sinigang_nababoy added x1 §x§F§F§5§5§0§0§lsᴇʟʟᴡᴀɴᴅ §6- 5.0x in auction for 449999.
[18:23:44] > sinigang_nababoy added x2 §c§lPlatinum Lure in auction for 1499999.
[18:25:36] > sinigang_nababoy added x1 Netherite ingot in auction for 60000.
[18:25:46] > belvi__ buy x1 Netherite ingot to sinigang_nababoy for $60,000.
[18:26:02] > sinigang_nababoy added x2 Netherite ingot in auction for 129999.
[18:27:10] > belvi__ buy x2 Netherite ingot to sinigang_nababoy for $129,999.
[18:27:26] > sinigang_nababoy added x2 Netherite ingot in auction for 129999.
[18:32:11] > sinigang_nababoy added x2 Netherite ingot in auction for 120000.
[18:32:15] > sinigang_nababoy remove x2 Netherite ingot from storage
[18:32:19] > sinigang_nababoy remove x2 Netherite ingot from expire
[18:32:38] > sinigang_nababoy remove x1 §f§l§8B§x§6§2§6§2§6§2a§x§6§F§6§F§6§Fh§x§7§C§7§C§7§Ca§x§8§9§8§9§8§9m§x§9§6§9§6§9§6u§x§A§3§A§3§A§3t §x§9§6§9§6§9§6S§x§8§9§8§9§8§9h§x§7§C§7§C§7§Ci§x§6§F§6§F§6§Fe§x§6§2§6§2§6§2l§8d from storage
[18:32:42] > sinigang_nababoy remove x1 §f§l§8B§x§6§2§6§2§6§2a§x§6§F§6§F§6§Fh§x§7§C§7§C§7§Ca§x§8§9§8§9§8§9m§x§9§6§9§6§9§6u§x§A§3§A§3§A§3t §x§9§6§9§6§9§6S§x§8§9§8§9§8§9h§x§7§C§7§C§7§Ci§x§6§F§6§F§6§Fe§x§6§2§6§2§6§2l§8d from expire
[18:33:23] > sinigang_nababoy added x1 §f§l§8B§x§6§2§6§2§6§2a§x§6§F§6§F§6§Fh§x§7§C§7§C§7§Ca§x§8§9§8§9§8§9m§x§9§6§9§6§9§6u§x§A§3§A§3§A§3t §x§9§6§9§6§9§6S§x§8§9§8§9§8§9h§x§7§C§7§C§7§Ci§x§6§F§6§F§6§Fe§x§6§2§6§2§6§2l§8d in auction for 1111111.
[18:33:58] > NoClarity added x1 Nulllfare in auction for 150000.
[18:34:14] > belvi__ buy x2 Netherite ingot to sinigang_nababoy for $120,000.
[18:34:27] > sinigang_nababoy added x2 Netherite ingot in auction for 120000.
[18:34:41] > NoClarity added x1 §x§F§F§3§E§0§0§lD§x§F§F§3§5§0§0§le§x§F§F§2§C§0§0§lm§x§F§F§2§3§0§0§lo§x§F§F§1§B§0§0§ln §x§F§F§0§9§0§0§lL§x§F§F§0§0§0§0§lo§x§F§F§0§A§0§0§lr§x§F§F§1§5§0§0§ld §x§F§F§2§9§0§0§lB§x§F§F§3§4§0§0§lo§x§F§F§3§E§0§0§lw in auction for 600000.
[18:39:16] > sinigang_nababoy added x1 §x§5§9§A§1§D§9§lA§x§6§E§A§D§D§Er§x§8§3§B§9§E§3c§x§9§7§C§4§E§7h§x§A§C§D§0§E§Ca§x§C§1§D§C§F§1n§x§D§6§E§8§F§6g§x§E§A§F§3§F§Ae§fl §x§D§0§E§4§F§4H§x§B§8§D§7§E§Fa§x§A§0§C§9§E§9m§x§8§8§B§C§E§4m§x§7§1§A§E§D§Ee§x§5§9§A§1§D§9r in auction for 500000.
[18:43:38] > x1 §f§l§8B§x§6§6§6§6§6§6a§x§7§7§7§7§7§7h§x§8§8§8§8§8§8a§x§9§9§9§9§9§9m§7u§x§9§9§9§9§9§9t§x§8§8§8§8§8§8 §x§7§7§7§7§7§7B§x§6§6§6§6§6§6o§8w on sale by EnderDragon0120 has just expired, it goes in the inventory of expired items.
[18:43:45] > .Allxnzv added x1 §x§E§5§1§B§1§B§lDracula Leggings in auction for 25000.
[18:44:03] > McWhopper buy x1 §x§E§5§1§B§1§B§lDracula Leggings to .Allxnzv for $25,000.
[18:45:18] > sinigang_nababoy remove x2 Netherite ingot from storage
[18:45:23] > sinigang_nababoy remove x2 Netherite ingot from expire
[18:45:51] > sinigang_nababoy added x2 Netherite ingot in auction for 100001.
[18:46:47] > x1 Enchanted book, bought by nachfaust, has just expired, the item is definitively deleted.
[18:46:47] > x1 Diamond helmet, bought by Julene, has just expired, the item is definitively deleted.
[18:46:47] > x1 §fHorse Plushie (Chestnut) §6(#47/101), bought by Julene, has just expired, the item is definitively deleted.
[18:46:48] > belvi__ remove x2 Netherite ingot from buy
[18:46:48] > belvi__ remove x2 Netherite ingot from buy
[18:46:49] > belvi__ remove x1 Netherite ingot from buy
[18:48:14] > sinigang_nababoy remove x1 §x§5§9§A§1§D§9§lA§x§6§E§A§D§D§Er§x§8§3§B§9§E§3c§x§9§7§C§4§E§7h§x§A§C§D§0§E§Ca§x§C§1§D§C§F§1n§x§D§6§E§8§F§6g§x§E§A§F§3§F§Ae§fl §x§D§0§E§4§F§4H§x§B§8§D§7§E§Fa§x§A§0§C§9§E§9m§x§8§8§B§C§E§4m§x§7§1§A§E§D§Ee§x§5§9§A§1§D§9r from storage
[18:48:16] > sinigang_nababoy remove x2 §c§lPlatinum Lure from storage
[18:48:17] > sinigang_nababoy remove x1 §f§l§8B§x§6§2§6§2§6§2a§x§6§F§6§F§6§Fh§x§7§C§7§C§7§Ca§x§8§9§8§9§8§9m§x§9§6§9§6§9§6u§x§A§3§A§3§A§3t §x§9§6§9§6§9§6S§x§8§9§8§9§8§9h§x§7§C§7§C§7§Ci§x§6§F§6§F§6§Fe§x§6§2§6§2§6§2l§8d from storage
[18:48:19] > sinigang_nababoy remove x1 §x§F§F§5§5§0§0§lsᴇʟʟᴡᴀɴᴅ §6- 5.0x from storage
[18:48:37] > sinigang_nababoy added x2 Netherite ingot in auction for 100000.
[18:48:53] > sinigang_nababoy added x2 Netherite ingot in auction for 100000.
[18:49:09] > sinigang_nababoy added x2 Netherite ingot in auction for 100000.
[18:49:35] > sinigang_nababoy remove x1 §x§5§9§A§1§D§9§lA§x§6§E§A§D§D§Er§x§8§3§B§9§E§3c§x§9§7§C§4§E§7h§x§A§C§D§0§E§Ca§x§C§1§D§C§F§1n§x§D§6§E§8§F§6g§x§E§A§F§3§F§Ae§fl §x§D§0§E§4§F§4H§x§B§8§D§7§E§Fa§x§A§0§C§9§E§9m§x§8§8§B§C§E§4m§x§7§1§A§E§D§Ee§x§5§9§A§1§D§9r from expire
[18:49:36] > sinigang_nababoy remove x2 §c§lPlatinum Lure from expire
[18:49:36] > sinigang_nababoy remove x1 §f§l§8B§x§6§2§6§2§6§2a§x§6§F§6§F§6§Fh§x§7§C§7§C§7§Ca§x§8§9§8§9§8§9m§x§9§6§9§6§9§6u§x§A§3§A§3§A§3t §x§9§6§9§6§9§6S§x§8§9§8§9§8§9h§x§7§C§7§C§7§Ci§x§6§F§6§F§6§Fe§x§6§2§6§2§6§2l§8d from expire
[18:49:37] > sinigang_nababoy remove x1 §x§F§F§5§5§0§0§lsᴇʟʟᴡᴀɴᴅ §6- 5.0x from expire
[18:49:44] > azuyeca remove x1 §x§F§F§5§5§0§0§lsᴇʟʟᴡᴀɴᴅ §6- 5.0x from buy
[18:50:21] > sinigang_nababoy buy x1 Get clapped by ts LOL to Trapers1 for $300,000.
[18:50:30] > x1 Coast armor trim smithing template, bought by monggol, has just expired, the item is definitively deleted.
[18:50:30] > x1 Coast armor trim smithing template, bought by monggol, has just expired, the item is definitively deleted.
[18:50:30] > x1 Coast armor trim smithing template, bought by monggol, has just expired, the item is definitively deleted.
[18:50:32] > sinigang_nababoy remove x1 Get clapped by ts LOL from buy
[18:50:44] > sinigang_nababoy added x1 Get clapped by ts LOL in auction for 559999.
[18:52:32] > Anc_Kyoto buy x1 Nulllfare to NoClarity for $150,000.
[18:52:54] > Anc_Kyoto remove x1 §f§l§x§E§4§3§A§3§AM§x§D§5§4§9§3§Ae§x§C§6§5§9§3§Ar§x§B§7§6§8§3§9r§x§A§8§7§8§3§9y§x§9§9§8§7§3§9 §x§8§9§9§6§3§9C§x§7§A§A§6§3§9h§x§6§B§B§5§3§8r§x§5§C§C§5§3§8i§x§4§D§D§4§3§8s§x§5§C§C§5§3§8t§x§6§B§B§5§3§8m§x§7§A§A§6§3§9a§x§8§9§9§6§3§9s§x§9§9§8§7§3§9 §x§A§8§7§8§3§9S§x§B§7§6§8§3§9p§x§C§6§5§9§3§Ae§x§D§5§4§9§3§Aa§x§E§4§3§A§3§Ar from storage
[18:52:56] > Anc_Kyoto remove x1 §f§l§8B§x§6§3§6§3§6§3a§x§7§1§7§1§7§1h§x§8§0§8§0§8§0a§x§8§E§8§E§8§Em§x§9§C§9§C§9§Cu§7t§x§9§C§9§C§9§C §x§8§E§8§E§8§ES§x§8§0§8§0§8§0p§x§7§1§7§1§7§1e§x§6§3§6§3§6§3a§8r from storage
[18:53:02] > Anc_Kyoto added x1 §f§l§x§E§4§3§A§3§AM§x§D§5§4§9§3§Ae§x§C§6§5§9§3§Ar§x§B§7§6§8§3§9r§x§A§8§7§8§3§9y§x§9§9§8§7§3§9 §x§8§9§9§6§3§9C§x§7§A§A§6§3§9h§x§6§B§B§5§3§8r§x§5§C§C§5§3§8i§x§4§D§D§4§3§8s§x§5§C§C§5§3§8t§x§6§B§B§5§3§8m§x§7§A§A§6§3§9a§x§8§9§9§6§3§9s§x§9§9§8§7§3§9 §x§A§8§7§8§3§9S§x§B§7§6§8§3§9p§x§C§6§5§9§3§Ae§x§D§5§4§9§3§Aa§x§E§4§3§A§3§Ar in auction for 1500000.
[18:53:16] > Anc_Kyoto added x1 §f§l§8B§x§6§3§6§3§6§3a§x§7§1§7§1§7§1h§x§8§0§8§0§8§0a§x§8§E§8§E§8§Em§x§9§C§9§C§9§Cu§7t§x§9§C§9§C§9§C §x§8§E§8§E§8§ES§x§8§0§8§0§8§0p§x§7§1§7§1§7§1e§x§6§3§6§3§6§3a§8r in auction for 1750000.
[18:53:23] > Anc_Kyoto remove x1 Enchanted golden apple from buy
[18:53:23] > x2 Pitcher pod, bought by dearestyumeko, has just expired, the item is definitively deleted.
[18:53:25] > Anc_Kyoto remove x1 Nulllfare from buy
[18:56:49] > NoClarity remove x1 §x§F§F§3§E§0§0§lD§x§F§F§3§5§0§0§le§x§F§F§2§C§0§0§lm§x§F§F§2§3§0§0§lo§x§F§F§1§B§0§0§ln §x§F§F§0§9§0§0§lL§x§F§F§0§0§0§0§lo§x§F§F§0§A§0§0§lr§x§F§F§1§5§0§0§ld §x§F§F§2§9§0§0§lB§x§F§F§3§4§0§0§lo§x§F§F§3§E§0§0§lw from storage
[19:14:50] > MitsuOvO buy x2 Netherite ingot to sinigang_nababoy for $100,000.
[19:38:20] > lorxie buy x1 §f§l§x§E§4§3§A§3§AM§x§D§3§4§B§3§Ae§x§C§2§5§C§3§Ar§x§B§2§6§D§3§9r§x§A§1§7§E§3§9y§x§9§0§9§0§3§9 §x§7§F§A§1§3§9C§x§6§F§B§2§3§8h§x§5§E§C§3§3§8r§x§4§D§D§4§3§8i§x§5§E§C§3§3§8s§x§6§F§B§2§3§8t§x§7§F§A§1§3§9m§x§9§0§9§0§3§9a§x§A§1§7§E§3§9s§x§B§2§6§D§3§9 §x§C§2§5§C§3§AH§x§D§3§4§B§3§Aa§x§E§4§3§A§3§At to Panda_Nooba for $650,000.
[19:38:36] > lorxie remove x1 §f§l§x§E§4§3§A§3§AM§x§D§3§4§B§3§Ae§x§C§2§5§C§3§Ar§x§B§2§6§D§3§9r§x§A§1§7§E§3§9y§x§9§0§9§0§3§9 §x§7§F§A§1§3§9C§x§6§F§B§2§3§8h§x§5§E§C§3§3§8r§x§4§D§D§4§3§8i§x§5§E§C§3§3§8s§x§6§F§B§2§3§8t§x§7§F§A§1§3§9m§x§9§0§9§0§3§9a§x§A§1§7§E§3§9s§x§B§2§6§D§3§9 §x§C§2§5§C§3§AH§x§D§3§4§B§3§Aa§x§E§4§3§A§3§At from buy
[19:42:44] > HwanYo buy x1 §x§F§F§3§E§0§0§lSellwand Voucher to Edabis for $1,300,000.
[19:42:46] > HwanYo buy x1 §x§F§F§3§E§0§0§lSellwand Voucher to Edabis for $1,300,000.
[19:42:52] > Blinkrzz remove x1 §x§5§9§A§1§D§9§lA§x§7§1§A§E§D§Er§x§8§8§B§C§E§4c§x§A§0§C§9§E§9h§x§B§8§D§7§E§Fa§x§D§0§E§4§F§4n§x§E§7§F§2§F§Ag§fe§x§E§7§F§2§F§Al §x§B§8§D§7§E§FB§x§A§0§C§9§E§9o§x§8§8§B§C§E§4o§x§7§1§A§E§D§Et§x§5§9§A§1§D§9s from expire
[19:42:53] > Blinkrzz remove x1 SELLWAND AND OTHERS from expire
[19:42:53] > HwanYo remove x1 §x§F§F§3§E§0§0§lSellwand Voucher from buy
[19:42:55] > HwanYo remove x1 §x§F§F§3§E§0§0§lSellwand Voucher from buy
[19:43:19] > Blinkrzz added x1 §x§5§9§A§1§D§9§lA§x§7§1§A§E§D§Er§x§8§8§B§C§E§4c§x§A§0§C§9§E§9h§x§B§8§D§7§E§Fa§x§D§0§E§4§F§4n§x§E§7§F§2§F§Ag§fe§x§E§7§F§2§F§Al §x§B§8§D§7§E§FB§x§A§0§C§9§E§9o§x§8§8§B§C§E§4o§x§7§1§A§E§D§Et§x§5§9§A§1§D§9s in auction for 3670670.
[19:43:50] > Blinkrzz added x1 SELLWAND AND OTHERS in auction for 1800000.
[19:48:04] > HwanYo added x2 §x§3§4§9§8§D§Bꜱᴋᴇʟᴇᴛᴏɴ ꜱᴘᴀᴡɴᴇʀ in auction for 3000000.
[19:48:17] > HwanYo added x2 §x§3§4§9§8§D§Bꜱᴋᴇʟᴇᴛᴏɴ ꜱᴘᴀᴡɴᴇʀ in auction for 3000000.
[19:48:33] > HwanYo added x3 §x§3§4§9§8§D§Bᴄᴀᴠᴇ ꜱᴘɪᴅᴇʀ ꜱᴘᴀᴡɴᴇʀ in auction for 1200000.
[19:48:55] > HwanYo added x1 §x§3§4§9§8§D§Bᴄᴏᴡ ꜱᴘᴀᴡɴᴇʀ in auction for 500000.
[19:49:01] > belvi__ buy x1 §x§3§4§9§8§D§Bᴄᴏᴡ ꜱᴘᴀᴡɴᴇʀ to HwanYo for $500,000.
[19:49:06] > Fogstrap buy x3 §x§3§4§9§8§D§Bᴄᴀᴠᴇ ꜱᴘɪᴅᴇʀ ꜱᴘᴀᴡɴᴇʀ to HwanYo for $1,200,000.
[19:49:09] > HwanYo added x3 §x§3§4§9§8§D§Bᴘɪɢ ꜱᴘᴀᴡɴᴇʀ in auction for 1000000.
[19:49:19] > Fogstrap remove x3 §x§3§4§9§8§D§Bᴄᴀᴠᴇ ꜱᴘɪᴅᴇʀ ꜱᴘᴀᴡɴᴇʀ from buy
[19:49:47] > cart224 buy x1 Enchanted book to killergamerhihi for $7,000.
[20:39:45] > _MANEPEAR_ added x1 Netherite chestplate in auction for 350000.
[21:35:18] > _MANEPEAR_ remove x1 Netherite chestplate from storage
[21:36:56] > Trapers1 remove x1 §f§l§x§F§C§D§0§5§CW§x§F§A§A§A§4§Bu§x§F§9§8§4§3§Bk§x§F§7§5§F§2§Ao§x§F§5§3§9§1§9n§x§F§4§1§3§0§8g §x§F§5§3§9§1§9W§x§F§7§5§F§2§Ai§x§F§9§8§4§3§Bn§x§F§A§A§A§4§Bg§x§F§C§D§0§5§Cs form storage
[21:37:22] > _MANEPEAR_ added x1 Netherite chestplate in auction for 250000.
[21:37:29] > Trapers1 added x1 §f§l§x§F§C§D§0§5§CW§x§F§A§A§A§4§Bu§x§F§9§8§4§3§Bk§x§F§7§5§F§2§Ao§x§F§5§3§9§1§9n§x§F§4§1§3§0§8g §x§F§5§3§9§1§9W§x§F§7§5§F§2§Ai§x§F§9§8§4§3§Bn§x§F§A§A§A§4§Bg§x§F§C§D§0§5§Cs in auction for 1300000.
[21:47:26] > x1 plushiieeess ʚ♡ɞ, bought by auvicious, has just expired, the item is definitively deleted.
[21:47:27] > belvi__ remove x1 §x§3§4§9§8§D§Bᴄᴏᴡ ꜱᴘᴀᴡɴᴇʀ from buy
[22:03:20] > Antonie657 added x1 §x§F§F§5§5§0§0§lsᴇʟʟᴡᴀɴᴅ §6- 20.0x in auction for 2750000.
[22:29:03] > x1 Mace on sale by EnderDragon0120 has just expired, it goes in the inventory of expired items.
[22:40:08] > Horheee added x1 §x§E§5§1§B§1§B§lDracula Hoe in auction for 150000.
[22:43:29] > Horheee added x5 §x§F§C§D§0§5§C§lB§x§E§6§D§3§6§B§la§x§C§F§D§5§7§A§ls§x§B§9§D§8§8§9§li§x§A§2§D§A§9§8§lc §x§7§5§D§F§B§6§lC§x§5§F§E§2§C§5§lr§x§7§5§D§F§B§6§la§x§8§C§D§D§A§7§lt§x§A§2§D§A§9§8§le §x§C§F§D§5§7§A§lK§x§E§6§D§3§6§B§le§x§F§C§D§0§5§C§ly in auction for 150000.
[22:44:09] > Horheee remove x1 §x§E§5§1§B§1§B§lDracula Hoe form storage
[22:44:09] > Horheee remove x5 §x§F§C§D§0§5§C§lB§x§E§6§D§3§6§B§la§x§C§F§D§5§7§A§ls§x§B§9§D§8§8§9§li§x§A§2§D§A§9§8§lc §x§7§5§D§F§B§6§lC§x§5§F§E§2§C§5§lr§x§7§5§D§F§B§6§la§x§8§C§D§D§A§7§lt§x§A§2§D§A§9§8§le §x§C§F§D§5§7§A§lK§x§E§6§D§3§6§B§le§x§F§C§D§0§5§C§ly form storage
[22:44:09] > Horheee remove x1 §f§l§x§8§A§0§0§F§FS§x§9§9§0§0§D§Bh§x§A§8§0§0§B§6i§x§B§7§0§0§9§2n§x§C§6§0§0§6§De§x§D§5§0§0§4§9 §x§E§4§0§0§2§4O§x§F§3§0§0§0§0n§x§E§4§0§0§2§4i§x§D§5§0§0§4§9 §x§C§6§0§0§6§DB§x§B§7§0§0§9§2o§x§A§8§0§0§B§6o§x§9§9§0§0§D§Bt§x§8§A§0§0§F§Fs form storage
[22:44:09] > Horheee remove x1 §x§F§F§7§C§0§0§lSteamsparks Sword form storage
[22:44:09] > Horheee remove x1 My Extra Stash form storage
[22:44:18] > Horheee added x1 My Extra Stash in auction for 500000.
[22:44:30] > Fogstrap buy x1 My Extra Stash to Horheee for $500,000.
[22:45:16] > Horheee added x1 §x§F§F§7§C§0§0§lSteamsparks Sword in auction for 300000.
[22:45:39] > Horheee added x5 §x§F§C§D§0§5§C§lB§x§E§6§D§3§6§B§la§x§C§F§D§5§7§A§ls§x§B§9§D§8§8§9§li§x§A§2§D§A§9§8§lc §x§7§5§D§F§B§6§lC§x§5§F§E§2§C§5§lr§x§7§5§D§F§B§6§la§x§8§C§D§D§A§7§lt§x§A§2§D§A§9§8§le §x§C§F§D§5§7§A§lK§x§E§6§D§3§6§B§le§x§F§C§D§0§5§C§ly in auction for 100000.
[22:46:45] > Horheee added x1 §x§E§5§1§B§1§B§lDracula Hoe in auction for 100000.
[22:47:07] > x1 /pwarp go 1ZenShop selling netherite gear,and pots on sale by Zen0969 has just expired, it goes in the inventory of expired items.
[22:47:07] > Horheee added x1 §f§l§x§8§A§0§0§F§FS§x§9§9§0§0§D§Bh§x§A§8§0§0§B§6i§x§B§7§0§0§9§2n§x§C§6§0§0§6§De§x§D§5§0§0§4§9 §x§E§4§0§0§2§4O§x§F§3§0§0§0§0n§x§E§4§0§0§2§4i§x§D§5§0§0§4§9 §x§C§6§0§0§6§DB§x§B§7§0§0§9§2o§x§A§8§0§0§B§6o§x§9§9§0§0§D§Bt§x§8§A§0§0§F§Fs in auction for 2000000.
[22:47:23] > NoClarity buy x1 §f§l§x§8§A§0§0§F§FS§x§9§9§0§0§D§Bh§x§A§8§0§0§B§6i§x§B§7§0§0§9§2n§x§C§6§0§0§6§De§x§D§5§0§0§4§9 §x§E§4§0§0§2§4O§x§F§3§0§0§0§0n§x§E§4§0§0§2§4i§x§D§5§0§0§4§9 §x§C§6§0§0§6§DB§x§B§7§0§0§9§2o§x§A§8§0§0§B§6o§x§9§9§0§0§D§Bt§x§8§A§0§0§F§Fs to Horheee for $2,000,000.
[22:47:35] > x1 §x§F§F§5§5§0§0§lsᴇʟʟᴡᴀɴᴅ §6- 10.0x, bought by Fogstrap, has just expired, the item is definitively deleted.
[22:55:53] > Cooldoggiexd added x1 1m sand in auction for 10.
[22:56:56] > aroraru buy x1 1m sand to Cooldoggiexd for $10.
[22:58:36] > Horheee remove x5 §x§F§C§D§0§5§C§lB§x§E§6§D§3§6§B§la§x§C§F§D§5§7§A§ls§x§B§9§D§8§8§9§li§x§A§2§D§A§9§8§lc §x§7§5§D§F§B§6§lC§x§5§F§E§2§C§5§lr§x§7§5§D§F§B§6§la§x§8§C§D§D§A§7§lt§x§A§2§D§A§9§8§le §x§C§F§D§5§7§A§lK§x§E§6§D§3§6§B§le§x§F§C§D§0§5§C§ly from storage
[22:58:44] > Horheee added x8 §x§F§C§D§0§5§C§lB§x§E§6§D§3§6§B§la§x§C§F§D§5§7§A§ls§x§B§9§D§8§8§9§li§x§A§2§D§A§9§8§lc §x§7§5§D§F§B§6§lC§x§5§F§E§2§C§5§lr§x§7§5§D§F§B§6§la§x§8§C§D§D§A§7§lt§x§A§2§D§A§9§8§le §x§C§F§D§5§7§A§lK§x§E§6§D§3§6§B§le§x§F§C§D§0§5§C§ly in auction for 130000.
[22:59:52] > Horheee added x1 §x§F§F§7§C§0§0§lSteamsparks Wings in auction for 1500000.
[23:01:31] > x1 §f§l§8B§x§6§3§6§3§6§3a§x§7§1§7§1§7§1h§x§8§0§8§0§8§0a§x§8§E§8§E§8§Em§x§9§C§9§C§9§Cu§7t§x§9§C§9§C§9§C §x§8§E§8§E§8§ES§x§8§0§8§0§8§0t§x§7§1§7§1§7§1a§x§6§3§6§3§6§3f§8f on sale by Renzy01 has just expired, it goes in the inventory of expired items.
[23:20:41] > x1 Grass block, bought by FuwaLeaf, has just expired, the item is definitively deleted.
[23:20:41] > x1 "Real" Pinata Crate Key, bought by T_YK, has just expired, the item is definitively deleted.
[23:20:43] > NoClarity remove x1 §f§l§x§8§A§0§0§F§FS§x§9§9§0§0§D§Bh§x§A§8§0§0§B§6i§x§B§7§0§0§9§2n§x§C§6§0§0§6§De§x§D§5§0§0§4§9 §x§E§4§0§0§2§4O§x§F§3§0§0§0§0n§x§E§4§0§0§2§4i§x§D§5§0§0§4§9 §x§C§6§0§0§6§DB§x§B§7§0§0§9§2o§x§A§8§0§0§B§6o§x§9§9§0§0§D§Bt§x§8§A§0§0§F§Fs from buy
[23:25:10] > x1 §f§l§x§E§4§3§A§3§AM§x§D§5§4§9§3§Ae§x§C§6§5§9§3§Ar§x§B§7§6§8§3§9r§x§A§8§7§8§3§9y§x§9§9§8§7§3§9 §x§8§9§9§6§3§9C§x§7§A§A§6§3§9h§x§6§B§B§5§3§8r§x§5§C§C§5§3§8i§x§4§D§D§4§3§8s§x§5§C§C§5§3§8t§x§6§B§B§5§3§8m§x§7§A§A§6§3§9a§x§8§9§9§6§3§9s§x§9§9§8§7§3§9 §x§A§8§7§8§3§9S§x§B§7§6§8§3§9t§x§C§6§5§9§3§Aa§x§D§5§4§9§3§Af§x§E§4§3§A§3§Af on sale by Cynishere has just expired, it goes in the inventory of expired items.
[23:28:24] > Horheee added x1 §x§F§E§B§E§C§A§lSeason 3 Celebration Cake <3 in auction for 100000.
[23:43:13] > x1 §fSun Hat on sale by .Allxnzv has just expired, it goes in the inventory of expired items.
[23:43:13] > x1 §x§F§F§3§E§0§0§lSellwand Voucher on sale by Typeshe has just expired, it goes in the inventory of expired items.
[23:43:13] > aroraru added x1 §x§F§F§5§5§0§0§lsᴇʟʟᴡᴀɴᴅ §6- 5.0x in auction for 750000.
[23:43:14] > Horheee added x2 §e§lCrab Scale in auction for 150000.
[23:43:25] > aroraru added x1 §x§F§F§5§5§0§0§lsᴇʟʟᴡᴀɴᴅ §6- 5.0x in auction for 750000.
[23:43:38] > aroraru added x1 §x§F§F§5§5§0§0§lsᴇʟʟᴡᴀɴᴅ §6- 5.0x in auction for 750000.
[23:47:17] > Antonie657 remove x1 §x§F§F§5§5§0§0§lsᴇʟʟᴡᴀɴᴅ §6- 20.0x from storage
[23:47:30] > Antonie657 added x1 §x§F§F§5§5§0§0§lsᴇʟʟᴡᴀɴᴅ §6- 20.0x in auction for 2500000.
[23:47:35] > NoClarity buy x1 §x§F§F§5§5§0§0§lsᴇʟʟᴡᴀɴᴅ §6- 20.0x to Antonie657 for $2,500,000.
[23:48:00] > Horheee remove x1 §x§F§F§7§C§0§0§lSteamsparks Wings from storage
[23:48:07] > Horheee added x1 §x§F§F§7§C§0§0§lSteamsparks Wings in auction for 1500000.
[23:54:07] > Horheee remove x1 §x§E§5§1§B§1§B§lDracula Hoe from storage
[23:54:14] > Horheee added x1 §x§E§5§1§B§1§B§lDracula Hoe in auction for 100000.
[23:54:31] > Antonie657 added x10 §x§F§C§D§0§5§C§lB§x§E§6§D§3§6§B§la§x§C§F§D§5§7§A§ls§x§B§9§D§8§8§9§li§x§A§2§D§A§9§8§lc §x§7§5§D§F§B§6§lC§x§5§F§E§2§C§5§lr§x§7§5§D§F§B§6§la§x§8§C§D§D§A§7§lt§x§A§2§D§A§9§8§le §x§C§F§D§5§7§A§lK§x§E§6§D§3§6§B§le§x§F§C§D§0§5§C§ly in auction for 50000.
[23:54:42] > Horheee buy x10 §x§F§C§D§0§5§C§lB§x§E§6§D§3§6§B§la§x§C§F§D§5§7§A§ls§x§B§9§D§8§8§9§li§x§A§2§D§A§9§8§lc §x§7§5§D§F§B§6§lC§x§5§F§E§2§C§5§lr§x§7§5§D§F§B§6§la§x§8§C§D§D§A§7§lt§x§A§2§D§A§9§8§le §x§C§F§D§5§7§A§lK§x§E§6§D§3§6§B§le§x§F§C§D§0§5§C§ly to Antonie657 for $50,000.
[23:54:47] > Antonie657 added x5 §x§F§C§9§0§5§C§lE§x§E§6§9§C§6§B§lp§x§C§F§A§7§7§A§li§x§B§9§B§3§8§9§lc §x§8§C§C§B§A§7§lC§x§7§5§D§6§B§6§lr§x§5§F§E§2§C§5§la§x§7§9§D§4§B§4§lt§x§9§3§C§7§A§2§le §x§C§8§A§B§7§F§lK§x§E§2§9§E§6§E§le§x§F§C§9§0§5§C§ly in auction for 25000.
[23:54:58] > Horheee buy x5 §x§F§C§9§0§5§C§lE§x§E§6§9§C§6§B§lp§x§C§F§A§7§7§A§li§x§B§9§B§3§8§9§lc §x§8§C§C§B§A§7§lC§x§7§5§D§6§B§6§lr§x§5§F§E§2§C§5§la§x§7§9§D§4§B§4§lt§x§9§3§C§7§A§2§le §x§C§8§A§B§7§F§lK§x§E§2§9§E§6§E§le§x§F§C§9§0§5§C§ly to Antonie657 for $25,000.
[23:55:03] > Horheee remove x5 §x§F§C§9§0§5§C§lE§x§E§6§9§C§6§B§lp§x§C§F§A§7§7§A§li§x§B§9§B§3§8§9§lc §x§8§C§C§B§A§7§lC§x§7§5§D§6§B§6§lr§x§5§F§E§2§C§5§la§x§7§9§D§4§B§4§lt§x§9§3§C§7§A§2§le §x§C§8§A§B§7§F§lK§x§E§2§9§E§6§E§le§x§F§C§9§0§5§C§ly from buy
[23:55:03] > Horheee remove x10 §x§F§C§D§0§5§C§lB§x§E§6§D§3§6§B§la§x§C§F§D§5§7§A§ls§x§B§9§D§8§8§9§li§x§A§2§D§A§9§8§lc §x§7§5§D§F§B§6§lC§x§5§F§E§2§C§5§lr§x§7§5§D§F§B§6§la§x§8§C§D§D§A§7§lt§x§A§2§D§A§9§8§le §x§C§F§D§5§7§A§lK§x§E§6§D§3§6§B§le§x§F§C§D§0§5§C§ly from buy
[23:55:16] > Horheee remove x8 §x§F§C§D§0§5§C§lB§x§E§6§D§3§6§B§la§x§C§F§D§5§7§A§ls§x§B§9§D§8§8§9§li§x§A§2§D§A§9§8§lc §x§7§5§D§F§B§6§lC§x§5§F§E§2§C§5§lr§x§7§5§D§F§B§6§la§x§8§C§D§D§A§7§lt§x§A§2§D§A§9§8§le §x§C§F§D§5§7§A§lK§x§E§6§D§3§6§B§le§x§F§C§D§0§5§C§ly from storage
[23:55:18] > Horheee remove x1 §x§F§F§7§C§0§0§lSteamsparks Sword from storage
[23:55:24] > Horheee added x1 §x§F§F§7§C§0§0§lSteamsparks Sword in auction for 400000.
[23:57:32] > Horheee added x1 §x§E§5§1§B§1§B§lDracula Axe in auction for 250000.
[00:01:10] > MorningSakura buy x1 §x§F§F§7§C§0§0§lSteamsparks Helmet to zopell10 for $50,000.
[00:08:42] > Horheee remove x1 §x§F§E§B§E§C§A§lSeason 3 Celebration Cake <3 from storage
[00:08:43] > Horheee remove x2 §e§lCrab Scale from storage
[00:08:55] > Horheee added x2 §e§lCrab Scale in auction for 50000.
[00:09:40] > Horheee added x1 §f§l§x§E§4§3§A§3§AM§x§D§8§4§6§3§Ae§x§C§D§5§2§3§Ar§x§C§1§5§E§3§Ar§x§B§6§6§9§3§9y§x§A§A§7§5§3§9 §x§9§E§8§1§3§9C§x§9§3§8§D§3§9h§x§8§7§9§9§3§9r§x§7§B§A§5§3§9i§x§7§0§B§0§3§8s§x§6§4§B§C§3§8t§x§5§9§C§8§3§8m§x§4§D§D§4§3§8a§x§5§9§C§8§3§8s§x§6§4§B§C§3§8 §x§7§0§B§0§3§8F§x§7§B§A§5§3§9i§x§8§7§9§9§3§9s§x§9§3§8§D§3§9h§x§9§E§8§1§3§9i§x§A§A§7§5§3§9n§x§B§6§6§9§3§9g§x§C§1§5§E§3§A §x§C§D§5§2§3§Ar§x§D§8§4§6§3§Ao§x§E§4§3§A§3§Ad in auction for 500000.
[00:10:17] > Antonie657 buy x2 Netherite ingot to sinigang_nababoy for $100,000.
[00:10:21] > Antonie657 buy x2 Netherite ingot to sinigang_nababoy for $100,000.
[00:10:24] > Antonie657 buy x2 Netherite ingot to sinigang_nababoy for $100,001.
[00:10:38] > Antonie657 buy x1 crucible to Anc_Kyoto for $1,200,000.
[00:10:43] > Antonie657 remove x2 Netherite ingot from buy
[00:10:43] > Antonie657 remove x2 Netherite ingot from buy
[00:10:44] > Antonie657 remove x2 Netherite ingot from buy
[00:10:45] > Antonie657 remove x1 crucible from buy
[00:11:28] > Antonie657 added x6 Netherite ingot in auction for 480000.
[00:12:21] > Horheee remove x1 §x§F§F§7§C§0§0§lSteamsparks Sword from storage
[00:12:30] > Horheee added x1 §x§F§F§7§C§0§0§lSteamsparks Sword in auction for 450000.
[00:16:10] > x1 White shulker box, item of Zen0969, has just expired, the item is definitively deleted.
[00:16:10] > x1 White shulker box, item of Zen0969, has just expired, the item is definitively deleted.
[00:16:10] > x4 Deepslate redstone ore, item of Julene, has just expired, the item is definitively deleted.
[00:16:10] > x1 White shulker box, item of Zen0969, has just expired, the item is definitively deleted.
[00:16:10] > x1 White shulker box, item of Zen0969, has just expired, the item is definitively deleted.
[00:16:10] > x1 White shulker box, item of Zen0969, has just expired, the item is definitively deleted.
[00:16:10] > x1 White shulker box, item of Zen0969, has just expired, the item is definitively deleted.
[00:16:10] > x1 §f§l§8B§x§6§1§6§1§6§1a§x§6§D§6§D§6§Dh§x§7§9§7§9§7§9a§x§8§6§8§6§8§6m§x§9§2§9§2§9§2u§x§9§E§9§E§9§Et§7 §x§9§E§9§E§9§EH§x§9§2§9§2§9§2a§x§8§6§8§6§8§6l§x§7§9§7§9§7§9b§x§6§D§6§D§6§De§x§6§1§6§1§6§1r§8d, item of prollysmor, has just expired, the item is definitively deleted.
[00:16:10] > x1 §x§F§F§7§C§0§0§lSteamsparks Axe, item of Freyaan, has just expired, the item is definitively deleted.
[00:16:10] > x4 Netherite ingot, item of ravencabansay, has just expired, the item is definitively deleted.
[00:16:14] > Antonie657 remove x1 §x§5§9§A§1§D§9§lA§x§6§E§A§D§D§Er§x§8§3§B§9§E§3c§x§9§7§C§4§E§7h§x§A§C§D§0§E§Ca§x§C§1§D§C§F§1n§x§D§6§E§8§F§6g§x§E§A§F§3§F§Ae§fl §x§D§0§E§4§F§4H§x§B§8§D§7§E§Fa§x§A§0§C§9§E§9m§x§8§8§B§C§E§4m§x§7§1§A§E§D§Ee§x§5§9§A§1§D§9r from expire
[00:16:25] > NoClarity remove x1 §x§F§F§5§5§0§0§lsᴇʟʟᴡᴀɴᴅ §6- 20.0x from buy
[00:18:23] > killergamerhihi buy x3 §x§3§4§9§8§D§Bᴘɪɢ ꜱᴘᴀᴡɴᴇʀ to HwanYo for $1,000,000.
[00:19:53] > killergamerhihi remove x3 §x§3§4§9§8§D§Bᴘɪɢ ꜱᴘᴀᴡɴᴇʀ from buy
[00:31:37] > Solene remove x1 §x§F§F§5§5§0§0§lsᴇʟʟᴡᴀɴᴅ §6- 5.0x from storage
[00:34:53] > belvi__ added x1 §f§l§x§E§4§3§A§3§AM§x§D§7§4§7§3§Ae§x§C§A§5§5§3§Ar§x§B§D§6§2§3§9r§x§A§F§7§0§3§9y§x§A§2§7§D§3§9 §x§9§5§8§A§3§9C§x§8§8§9§8§3§9h§x§7§B§A§5§3§9r§x§6§E§B§3§3§8i§x§6§1§C§0§3§8s§x§5§4§C§D§3§8tm§x§6§1§C§0§3§8a§x§6§E§B§3§3§8s§x§7§B§A§5§3§9 §x§8§8§9§8§3§9B§x§9§5§8§A§3§9a§x§A§2§7§D§3§9c§x§A§F§7§0§3§9k§x§B§D§6§2§3§9p§x§C§A§5§5§3§Aa§x§D§7§4§7§3§Ac§x§E§4§3§A§3§Ak in auction for 400000.
[00:35:03] > 8it5inn buy x1 §f§l§x§E§4§3§A§3§AM§x§D§7§4§7§3§Ae§x§C§A§5§5§3§Ar§x§B§D§6§2§3§9r§x§A§F§7§0§3§9y§x§A§2§7§D§3§9 §x§9§5§8§A§3§9C§x§8§8§9§8§3§9h§x§7§B§A§5§3§9r§x§6§E§B§3§3§8i§x§6§1§C§0§3§8s§x§5§4§C§D§3§8tm§x§6§1§C§0§3§8a§x§6§E§B§3§3§8s§x§7§B§A§5§3§9 §x§8§8§9§8§3§9B§x§9§5§8§A§3§9a§x§A§2§7§D§3§9c§x§A§F§7§0§3§9k§x§B§D§6§2§3§9p§x§C§A§5§5§3§Aa§x§D§7§4§7§3§Ac§x§E§4§3§A§3§Ak to belvi__ for $400,000.
[00:35:17] > Julene buy x1 §f§l§x§E§4§3§A§3§AM§x§D§8§4§6§3§Ae§x§C§D§5§2§3§Ar§x§C§1§5§E§3§Ar§x§B§6§6§9§3§9y§x§A§A§7§5§3§9 §x§9§E§8§1§3§9C§x§9§3§8§D§3§9h§x§8§7§9§9§3§9r§x§7§B§A§5§3§9i§x§7§0§B§0§3§8s§x§6§4§B§C§3§8t§x§5§9§C§8§3§8m§x§4§D§D§4§3§8a§x§5§9§C§8§3§8s§x§6§4§B§C§3§8 §x§7§0§B§0§3§8F§x§7§B§A§5§3§9i§x§8§7§9§9§3§9s§x§9§3§8§D§3§9h§x§9§E§8§1§3§9i§x§A§A§7§5§3§9n§x§B§6§6§9§3§9g§x§C§1§5§E§3§A §x§C§D§5§2§3§Ar§x§D§8§4§6§3§Ao§x§E§4§3§A§3§Ad to Horheee for $500,000.
[00:35:23] > Julene remove x1 §f§l§x§E§4§3§A§3§AM§x§D§8§4§6§3§Ae§x§C§D§5§2§3§Ar§x§C§1§5§E§3§Ar§x§B§6§6§9§3§9y§x§A§A§7§5§3§9 §x§9§E§8§1§3§9C§x§9§3§8§D§3§9h§x§8§7§9§9§3§9r§x§7§B§A§5§3§9i§x§7§0§B§0§3§8s§x§6§4§B§C§3§8t§x§5§9§C§8§3§8m§x§4§D§D§4§3§8a§x§5§9§C§8§3§8s§x§6§4§B§C§3§8 §x§7§0§B§0§3§8F§x§7§B§A§5§3§9i§x§8§7§9§9§3§9s§x§9§3§8§D§3§9h§x§9§E§8§1§3§9i§x§A§A§7§5§3§9n§x§B§6§6§9§3§9g§x§C§1§5§E§3§A §x§C§D§5§2§3§Ar§x§D§8§4§6§3§Ao§x§E§4§3§A§3§Ad from buy
[00:35:59] > 8it5inn remove x1 §f§l§x§E§4§3§A§3§AM§x§D§7§4§7§3§Ae§x§C§A§5§5§3§Ar§x§B§D§6§2§3§9r§x§A§F§7§0§3§9y§x§A§2§7§D§3§9 §x§9§5§8§A§3§9C§x§8§8§9§8§3§9h§x§7§B§A§5§3§9r§x§6§E§B§3§3§8i§x§6§1§C§0§3§8s§x§5§4§C§D§3§8tm§x§6§1§C§0§3§8a§x§6§E§B§3§3§8s§x§7§B§A§5§3§9 §x§8§8§9§8§3§9B§x§9§5§8§A§3§9a§x§A§2§7§D§3§9c§x§A§F§7§0§3§9k§x§B§D§6§2§3§9p§x§C§A§5§5§3§Aa§x§D§7§4§7§3§Ac§x§E§4§3§A§3§Ak from buy
[00:37:59] > Horheee added x1 Music disc cat in auction for 10000.
[00:38:11] > Julene buy x1 Music disc cat to Horheee for $10,000.
[00:38:18] > Julene remove x1 Music disc cat from buy
[00:38:27] > Julene added x1 Music disc cat in auction for 50000.
[00:38:50] > Horheee remove x1 §x§F§F§7§C§0§0§lSteamsparks Sword from storage
[00:38:58] > Horheee added x1 §x§F§F§7§C§0§0§lSteamsparks Sword in auction for 500000.
[00:39:00] > younglion1224 remove x1 Totems from storage
[00:39:02] > younglion1224 remove x1 §x§F§F§3§E§0§0§lSellwand Voucher from storage
[00:39:04] > younglion1224 remove x2 Netherite ingot from storage
[00:42:04] > Horheee added x2 Shulker shell in auction for 100000.
[00:42:14] > Horheee remove x1 §x§E§5§1§B§1§B§lDracula Axe from storage
[00:42:14] > Horheee remove x1 §x§E§5§1§B§1§B§lDracula Hoe from storage
[00:42:27] > Horheee added x1 §x§E§5§1§B§1§B§lDracula Hoe in auction for 100000.
[00:42:39] > Horheee added x1 §x§E§5§1§B§1§B§lDracula Axe in auction for 250000.
[00:45:55] > Horheee remove x1 §x§F§F§7§C§0§0§lSteamsparks Sword from storage
[00:46:01] > Horheee added x1 §x§F§F§7§C§0§0§lSteamsparks Sword in auction for 450000.
[00:49:54] > aroraru added x64 Wind charge in auction for 64646.
[02:06:26] > x1 trading for elytras msg zxdamii if interested on sale by zDamixx has just expired, it goes in the inventory of expired items.
[02:12:15] > Julene remove x1 §x§F§F§3§E§0§0§lDemon Lord Wings from storage
[02:19:08] > Apprintance buy x64 Wind charge to aroraru for $64,646.
[02:19:42] > x3 Beacon, bought by Zypher_0w0, has just expired, the item is definitively deleted.
[02:19:44] > Apprintance remove x64 Wind charge from buy
[02:25:11] > Antonie657 buy x1 §f§l§x§F§C§D§0§5§CW§x§F§A§A§A§4§Bu§x§F§9§8§4§3§Bk§x§F§7§5§F§2§Ao§x§F§5§3§9§1§9n§x§F§4§1§3§0§8g §x§F§5§3§9§1§9W§x§F§7§5§F§2§Ai§x§F§9§8§4§3§Bn§x§F§A§A§A§4§Bg§x§F§C§D§0§5§Cs to Trapers1 for $1,300,000.
[02:25:17] > Antonie657 remove x1 §f§l§x§F§C§D§0§5§CW§x§F§A§A§A§4§Bu§x§F§9§8§4§3§Bk§x§F§7§5§F§2§Ao§x§F§5§3§9§1§9n§x§F§4§1§3§0§8g §x§F§5§3§9§1§9W§x§F§7§5§F§2§Ai§x§F§9§8§4§3§Bn§x§F§A§A§A§4§Bg§x§F§C§D§0§5§Cs from buy
[02:30:22] > Antonie657 remove x6 Netherite ingot from storage
[02:30:33] > Antonie657 added x6 Netherite ingot in auction for 450000.
[02:45:52] > Antonie657 added x64 Spruce log in auction for 10000.
[02:46:19] > Antonie657 added x64 Spruce log in auction for 10000.
[02:46:31] > Antonie657 added x64 Spruce log in auction for 10000.
[02:46:41] > Antonie657 added x64 Spruce log in auction for 10000.
[02:47:06] > Antonie657 added x64 Spruce log in auction for 10000.
[02:52:04] > Antonie657 remove x64 Spruce log from storage
[02:52:05] > Antonie657 remove x64 Spruce log from storage
[02:52:06] > Antonie657 remove x64 Spruce log from storage
[02:52:06] > Antonie657 remove x64 Spruce log from storage
[02:52:06] > Antonie657 remove x64 Spruce log from storage
[02:52:15] > Antonie657 added x64 Spruce log in auction for 8000.
[02:52:32] > Antonie657 added x64 Spruce log in auction for 16000.
[02:52:45] > Antonie657 added x64 Spruce log in auction for 8000.
[03:07:39] > Antonie657 remove x64 Spruce log from storage
[03:07:52] > Antonie657 remove x64 Spruce log from storage
[03:07:52] > Antonie657 remove x64 Spruce log from storage
[03:48:14] > nachfaust added x1 §f§l§x§E§4§3§A§3§AM§x§D§5§4§9§3§Ae§x§C§6§5§9§3§Ar§x§B§7§6§8§3§9r§x§A§8§7§8§3§9y§x§9§9§8§7§3§9 §x§8§9§9§6§3§9C§x§7§A§A§6§3§9h§x§6§B§B§5§3§8r§x§5§C§C§5§3§8i§x§4§D§D§4§3§8s§x§5§C§C§5§3§8t§x§6§B§B§5§3§8m§x§7§A§A§6§3§9a§x§8§9§9§6§3§9s§x§9§9§8§7§3§9 §x§A§8§7§8§3§9B§x§B§7§6§8§3§9o§x§C§6§5§9§3§Ao§x§D§5§4§9§3§At§x§E§4§3§A§3§As in auction for 1000000.
[03:48:32] > nachfaust remove x1 §f§l§x§E§4§3§A§3§AM§x§D§5§4§9§3§Ae§x§C§6§5§9§3§Ar§x§B§7§6§8§3§9r§x§A§8§7§8§3§9y§x§9§9§8§7§3§9 §x§8§9§9§6§3§9C§x§7§A§A§6§3§9h§x§6§B§B§5§3§8r§x§5§C§C§5§3§8i§x§4§D§D§4§3§8s§x§5§C§C§5§3§8t§x§6§B§B§5§3§8m§x§7§A§A§6§3§9a§x§8§9§9§6§3§9s§x§9§9§8§7§3§9 §x§A§8§7§8§3§9B§x§B§7§6§8§3§9o§x§C§6§5§9§3§Ao§x§D§5§4§9§3§At§x§E§4§3§A§3§As form storage
[03:48:32] > nachfaust remove x1 §f§l§x§E§4§3§A§3§AM§x§D§5§4§9§3§Ae§x§C§6§5§9§3§Ar§x§B§7§6§8§3§9r§x§A§8§7§8§3§9y§x§9§9§8§7§3§9 §x§8§9§9§6§3§9C§x§7§A§A§6§3§9h§x§6§B§B§5§3§8r§x§5§C§C§5§3§8i§x§4§D§D§4§3§8s§x§5§C§C§5§3§8t§x§6§B§B§5§3§8m§x§7§A§A§6§3§9a§x§8§9§9§6§3§9s§x§9§9§8§7§3§9 §x§A§8§7§8§3§9S§x§B§7§6§8§3§9p§x§C§6§5§9§3§Ae§x§D§5§4§9§3§Aa§x§E§4§3§A§3§Ar form storage
[03:48:32] > nachfaust remove x1 §f§l§x§E§4§3§A§3§AM§x§D§7§4§7§3§Ae§x§C§A§5§5§3§Ar§x§B§D§6§2§3§9r§x§A§F§7§0§3§9y§x§A§2§7§D§3§9 §x§9§5§8§A§3§9C§x§8§8§9§8§3§9h§x§7§B§A§5§3§9r§x§6§E§B§3§3§8i§x§6§1§C§0§3§8s§x§5§4§C§D§3§8tm§x§6§1§C§0§3§8a§x§6§E§B§3§3§8s§x§7§B§A§5§3§9 §x§8§8§9§8§3§9L§x§9§5§8§A§3§9e§x§A§2§7§D§3§9g§x§A§F§7§0§3§9g§x§B§D§6§2§3§9i§x§C§A§5§5§3§An§x§D§7§4§7§3§Ag§x§E§4§3§A§3§As form storage
[03:48:43] > nachfaust added x1 §f§l§x§E§4§3§A§3§AM§x§D§5§4§9§3§Ae§x§C§6§5§9§3§Ar§x§B§7§6§8§3§9r§x§A§8§7§8§3§9y§x§9§9§8§7§3§9 §x§8§9§9§6§3§9C§x§7§A§A§6§3§9h§x§6§B§B§5§3§8r§x§5§C§C§5§3§8i§x§4§D§D§4§3§8s§x§5§C§C§5§3§8t§x§6§B§B§5§3§8m§x§7§A§A§6§3§9a§x§8§9§9§6§3§9s§x§9§9§8§7§3§9 §x§A§8§7§8§3§9S§x§B§7§6§8§3§9p§x§C§6§5§9§3§Ae§x§D§5§4§9§3§Aa§x§E§4§3§A§3§Ar in auction for 1000000.
[03:48:59] > nachfaust added x1 §f§l§x§E§4§3§A§3§AM§x§D§7§4§7§3§Ae§x§C§A§5§5§3§Ar§x§B§D§6§2§3§9r§x§A§F§7§0§3§9y§x§A§2§7§D§3§9 §x§9§5§8§A§3§9C§x§8§8§9§8§3§9h§x§7§B§A§5§3§9r§x§6§E§B§3§3§8i§x§6§1§C§0§3§8s§x§5§4§C§D§3§8tm§x§6§1§C§0§3§8a§x§6§E§B§3§3§8s§x§7§B§A§5§3§9 §x§8§8§9§8§3§9L§x§9§5§8§A§3§9e§x§A§2§7§D§3§9g§x§A§F§7§0§3§9g§x§B§D§6§2§3§9i§x§C§A§5§5§3§An§x§D§7§4§7§3§Ag§x§E§4§3§A§3§As in auction for 1000000.
[03:49:15] > nachfaust added x1 §f§l§x§E§4§3§A§3§AM§x§D§5§4§9§3§Ae§x§C§6§5§9§3§Ar§x§B§7§6§8§3§9r§x§A§8§7§8§3§9y§x§9§9§8§7§3§9 §x§8§9§9§6§3§9C§x§7§A§A§6§3§9h§x§6§B§B§5§3§8r§x§5§C§C§5§3§8i§x§4§D§D§4§3§8s§x§5§C§C§5§3§8t§x§6§B§B§5§3§8m§x§7§A§A§6§3§9a§x§8§9§9§6§3§9s§x§9§9§8§7§3§9 §x§A§8§7§8§3§9B§x§B§7§6§8§3§9o§x§C§6§5§9§3§Ao§x§D§5§4§9§3§At§x§E§4§3§A§3§As in auction for 1000000.
[05:34:07] > x1 §f§l§x§E§4§3§A§3§AM§x§D§5§4§9§3§Ae§x§C§6§5§9§3§Ar§x§B§7§6§8§3§9r§x§A§8§7§8§3§9y§x§9§9§8§7§3§9 §x§8§9§9§6§3§9C§x§7§A§A§6§3§9h§x§6§B§B§5§3§8r§x§5§C§C§5§3§8i§x§4§D§D§4§3§8s§x§5§C§C§5§3§8t§x§6§B§B§5§3§8m§x§7§A§A§6§3§9a§x§8§9§9§6§3§9s§x§9§9§8§7§3§9 §x§A§8§7§8§3§9S§x§B§7§6§8§3§9t§x§C§6§5§9§3§Aa§x§D§5§4§9§3§Af§x§E§4§3§A§3§Af on sale by belvi__ has just expired, it goes in the inventory of expired items.
[06:13:21] > LMColty added x64 Diamond in auction for 22500.
[06:13:37] > LMColty added x64 Diamond in auction for 22500.
[07:45:30] > x1 §x§F§F§7§C§0§0§lSteamsparks Wings on sale by Mugiwara22 has just expired, it goes in the inventory of expired items.
[09:24:59] > x1 §f§l§8B§x§6§0§6§0§6§0a§x§6§C§6§C§6§Ch§x§7§7§7§7§7§7a§x§8§2§8§2§8§2m§x§8§E§8§E§8§Eu§x§9§9§9§9§9§9t§x§A§4§A§4§A§4 G§x§9§9§9§9§9§9a§x§8§E§8§E§8§Eu§x§8§2§8§2§8§2n§x§7§7§7§7§7§7t§x§6§C§6§C§6§Cl§x§6§0§6§0§6§0e§8t on sale by Izumi has just expired, it goes in the inventory of expired items.
[10:36:55] > x1 §x§F§F§7§C§0§0§lSteamsparks Hoe on sale by MhicksGaming has just expired, it goes in the inventory of expired items.
[10:50:16] > .Quackity26957 buy x64 Diamond to LMColty for $22,500.
[10:50:20] > .Quackity26957 buy x64 Diamond to LMColty for $22,500.
[11:56:23] > aroraru remove x1 Enchanted book from storage
[11:56:24] > aroraru remove x1 Enchanted book from storage
[11:57:38] > x1 Axolotl bucket, bought by dearestyumeko, has just expired, the item is definitively deleted.
[11:57:38] > x12 Diamond, bought by NoClarity, has just expired, the item is definitively deleted.
[11:57:38] > x1 Pitcher pod, bought by dearestyumeko, has just expired, the item is definitively deleted.
[11:57:38] > x1 Sniffer egg, bought by dearestyumeko, has just expired, the item is definitively deleted.
[11:57:38] > x1 Flow armor trim smithing template, bought by tic_sz, has just expired, the item is definitively deleted.
[11:57:40] > aroraru remove x64 Cooked beef from buy