
[12:32:25] > Johng10910 buy x9 Ominous bottle to sean_kirby for $90,000.
[12:32:40] > Johng10910 buy x64 Experience bottle to SydneySweetie for $50,000.
[12:45:18] > Dannn0505 buy x64 Iron block to Kujinne for $70,000.
[12:47:03] > 8it5inn remove x1 §f§l§8B§x§6§2§6§2§6§2a§x§6§F§6§F§6§Fh§x§7§C§7§C§7§Ca§x§8§9§8§9§8§9m§x§9§6§9§6§9§6u§x§A§3§A§3§A§3t §x§9§6§9§6§9§6S§x§8§9§8§9§8§9h§x§7§C§7§C§7§Ci§x§6§F§6§F§6§Fe§x§6§2§6§2§6§2l§8d from storage
[12:47:04] > 8it5inn remove x1 §f§l§8B§x§6§2§6§2§6§2a§x§6§F§6§F§6§Fh§x§7§C§7§C§7§Ca§x§8§9§8§9§8§9m§x§9§6§9§6§9§6u§x§A§3§A§3§A§3t §x§9§6§9§6§9§6H§x§8§9§8§9§8§9a§x§7§C§7§C§7§Ct§x§6§F§6§F§6§F §x§6§2§6§2§6§2V§82 from storage
[12:48:42] > 8it5inn added x1 §f§l§8B§x§6§2§6§2§6§2a§x§6§F§6§F§6§Fh§x§7§C§7§C§7§Ca§x§8§9§8§9§8§9m§x§9§6§9§6§9§6u§x§A§3§A§3§A§3t §x§9§6§9§6§9§6H§x§8§9§8§9§8§9a§x§7§C§7§C§7§Ct§x§6§F§6§F§6§F §x§6§2§6§2§6§2V§82 in auction for 525000.
[12:48:52] > Kodakoda added x1 §x§E§5§1§B§1§B§lDracula Shield in auction for 150000.
[12:49:47] > HwanYo buy x1 §x§F§F§5§5§0§0§lsᴇʟʟᴡᴀɴᴅ §6- 5.0x to Runz for $500,000.
[12:54:03] > dat_boi buy x64 Experience bottle to SydneySweetie for $50,000.
[12:54:14] > dat_boi remove x64 Experience bottle from buy
[12:58:03] > Kujinne added x1 §x§F§F§5§5§0§0§lsᴇʟʟᴡᴀɴᴅ §6- 10.0x in auction for 1100000.
[13:01:45] > FLaMesd added x64 Lapis block in auction for 10000.
[13:02:29] > bedrock_enjoy3r buy x1 §x§F§F§5§5§0§0§lsᴇʟʟᴡᴀɴᴅ §6- 10.0x to Kujinne for $1,100,000.
[13:02:58] > bedrock_enjoy3r remove x1 §x§F§F§5§5§0§0§lsᴇʟʟᴡᴀɴᴅ §6- 10.0x from buy
[13:03:14] > Keeos buy x64 Lapis block to FLaMesd for $10,000.
[13:03:18] > HwanYo remove x4 Enchanted golden apple from buy
[13:03:26] > HwanYo remove x1 §x§F§F§5§5§0§0§lsᴇʟʟᴡᴀɴᴅ §6- 5.0x from buy
[13:03:28] > HwanYo remove x1 §x§F§F§5§5§0§0§lsᴇʟʟᴡᴀɴᴅ §6- 5.0x from buy
[13:03:30] > HwanYo remove x1 §x§F§F§5§5§0§0§lsᴇʟʟᴡᴀɴᴅ §6- 5.0x from buy
[13:03:31] > HwanYo remove x1 §x§F§F§5§5§0§0§lsᴇʟʟᴡᴀɴᴅ §6- 5.0x from buy
[13:03:50] > HwanYo remove x1 §x§F§F§5§5§0§0§lsᴇʟʟᴡᴀɴᴅ §6- 10.0x from buy
[13:03:51] > HwanYo remove x1 §x§F§F§5§5§0§0§lsᴇʟʟᴡᴀɴᴅ §6- 10.0x from buy
[13:15:11] > .JoshuaCraft9422 added x1 §x§F§F§5§5§0§0§lsᴇʟʟᴡᴀɴᴅ §6- 20.0 in auction for 3000000.
[13:15:32] > .JoshuaCraft9422 added x1 §x§F§F§5§5§0§0§lsᴇʟʟᴡᴀɴᴅ §6- 10.0x in auction for 1000000.
[13:17:47] > Keeos buy x1 §esᴋᴇʟᴇᴛᴏɴ sᴘᴀᴡɴᴇʀ to nebula12321 for $950,000.
[13:17:51] > Keeos remove x1 §esᴋᴇʟᴇᴛᴏɴ sᴘᴀᴡɴᴇʀ from buy
[13:17:52] > Keeos remove x64 Lapis block from buy
[13:18:07] > 8it5inn remove x1 §fRabbit Plushie (Salt & Pepper) §6(#73/101) from buy
[13:18:08] > 8it5inn remove x1 §fParrot Plushie (Gray) §6(#60/101) from buy
[13:25:53] > dat_boi added x1 §x§F§F§5§5§0§0§lsᴇʟʟᴡᴀɴᴅ §6- 5.0x in auction for 170000.
[13:29:13] > mae added x16 Iron block in auction for 5000.
[13:31:19] > TostyZura buy x64 Golden apple to Keeos for $200,000.
[13:32:07] > UnavailableTest buy x1 §x§F§F§5§5§0§0§lsᴇʟʟᴡᴀɴᴅ §6- 5.0x to dat_boi for $170,000.
[13:32:35] > UnavailableTest remove x1 Enchanted book form buy
[13:32:35] > UnavailableTest remove x1 §x§F§F§5§5§0§0§lsᴇʟʟᴡᴀɴᴅ §6- 5.0x form buy
[13:32:56] > YooRushy buy x4 §x§F§F§3§E§0§0§lD§x§F§F§3§7§0§0§le§x§F§F§3§0§0§0§lm§x§F§F§2§9§0§0§lo§x§F§F§2§2§0§0§ln §x§F§F§1§5§0§0§lL§x§F§F§0§E§0§0§lo§x§F§F§0§7§0§0§lr§x§F§F§0§0§0§0§ld §x§F§F§0§E§0§0§lF§x§F§F§1§5§0§0§lr§x§F§F§1§C§0§0§la§x§F§F§2§2§0§0§lg§x§F§F§2§9§0§0§lm§x§F§F§3§0§0§0§le§x§F§F§3§7§0§0§ln§x§F§F§3§E§0§0§lt to giyahnpogi for $400,000.
[13:37:44] > UnavailableTest buy x1 §x§F§F§5§5§0§0§lsᴇʟʟᴡᴀɴᴅ §6- 10.0x to .JoshuaCraft9422 for $1,000,000.
[13:37:53] > UnavailableTest remove x1 §x§F§F§5§5§0§0§lsᴇʟʟᴡᴀɴᴅ §6- 10.0x form buy
[13:39:56] > FLaMesd added x64 Lapis block in auction for 10000.
[13:44:13] > YooRushy added x64 Emerald block in auction for 350000.
[13:46:09] > belvi__ remove x1 Diamond helmet from storage
[13:46:10] > belvi__ remove x1 Diamond helmet from storage
[13:46:10] > belvi__ remove x1 Diamond helmet from storage
[13:46:18] > belvi__ added x1 Diamond helmet in auction for 100000.
[13:46:30] > YooRushy added x1 Diamond pickaxe in auction for 100000.
[13:46:39] > belvi__ added x1 Diamond helmet in auction for 80000.
[13:47:01] > belvi__ added x1 Diamond helmet in auction for 80000.
[13:47:58] > YooRushy added x25 Deepslate diamond ore in auction for 390000.
[13:54:05] > Kujinne buy x1 Diamond pickaxe to YooRushy for $100,000.
[13:54:14] > Kujinne buy x1 Diamond axe to SussySuzy for $150,000.
[13:54:46] > Kujinne buy x1 §x§F§F§7§C§0§0§lSteamsparks Spear to Kodakoda for $250,000.
[13:55:00] > Kujinne remove x1 §x§F§F§7§C§0§0§lSteamsparks Spear from buy
[13:55:00] > Kujinne remove x1 Diamond axe from buy
[13:55:01] > Kujinne remove x1 Diamond pickaxe from buy
[13:55:23] > YooRushy added x1 Diamond pickaxe in auction for 100000.
[13:55:47] > YooRushy added x1 Diamond pickaxe in auction for 100000.
[13:56:15] > YooRushy added x1 Diamond pickaxe in auction for 100000.
[13:56:36] > YooRushy added x1 Diamond pickaxe in auction for 100000.
[14:05:30] > Shadowflip_24 added x2 Furnace in auction for 100.
[14:10:56] > kabayooo added x1 §x§F§F§5§5§0§0§lsᴇʟʟᴡᴀɴᴅ §6- 10.0x in auction for 1300000.
[14:11:20] > kabayooo added x1 §x§F§F§5§5§0§0§lsᴇʟʟᴡᴀɴᴅ §6- 10.0x in auction for 1300000.
[14:11:28] > Xerozion added x1 §x§F§F§5§5§0§0§lsᴇʟʟᴡᴀɴᴅ §6- 20.0x in auction for 2000000.
[14:11:45] > moonlyyuns added x1 §x§F§F§3§E§0§0§lSellwand Voucher in auction for 500000.
[14:12:15] > Kodakoda added x1 §fMysterious Hat in auction for 100000.
[14:12:17] > .Allxnzv added x1 §x§F§F§3§E§0§0§lSellwand Voucher in auction for 1000000.
[14:12:22] > Xerozion remove x1 §x§F§F§5§5§0§0§lsᴇʟʟᴡᴀɴᴅ §6- 20.0x from storage
[14:12:39] > Xerozion added x1 §x§F§F§5§5§0§0§lsᴇʟʟᴡᴀɴᴅ §6- 20.0x in auction for 1500000.
[14:12:59] > UnavailableTest added x2 §f§l§8B§x§6§6§6§6§6§6a§x§7§7§7§7§7§7h§x§8§8§8§8§8§8a§x§9§9§9§9§9§9m§7u§x§9§9§9§9§9§9t§x§8§8§8§8§8§8 §x§7§7§7§7§7§7K§x§6§6§6§6§6§6e§8y in auction for 1000000.
[14:13:25] > GoldEngine11 added x1 §x§F§F§5§5§0§0§lsᴇʟʟᴡᴀɴᴅ §6- 10.0x in auction for 1200000.
[14:13:59] > .JoshuaCraft9422 remove x1 §x§F§0§7§A§5§4§lZombie Apocalyptic Key from storage
[14:14:09] > .JoshuaCraft9422 remove x4 Nether star from storage
[14:14:42] > bedrock_enjoy3r buy x1 §x§F§F§5§5§0§0§lsᴇʟʟᴡᴀɴᴅ §6- 20.0x to Xerozion for $1,500,000.
[14:14:58] > x64 Amethyst block, bought by Rain_Reinn, has just expired, the item is definitively deleted.
[14:15:00] > bedrock_enjoy3r remove x1 §x§F§F§5§5§0§0§lsᴇʟʟᴡᴀɴᴅ §6- 20.0x from buy
[14:15:01] > Xerozion buy x1 §x§F§F§3§E§0§0§lSellwand Voucher to moonlyyuns for $500,000.
[14:15:13] > Xerozion remove x1 §x§F§F§3§E§0§0§lSellwand Voucher from buy
[14:15:25] > Xerozion added x1 §x§F§F§5§5§0§0§lsᴇʟʟᴡᴀɴᴅ §6- 5.0x in auction for 100000.
[14:15:39] > nebula12321 buy x1 Diamond helmet to belvi__ for $80,000.
[14:15:44] > nebula12321 remove x1 Diamond helmet from buy
[14:15:49] > UnavailableTest buy x1 §x§F§F§5§5§0§0§lsᴇʟʟᴡᴀɴᴅ §6- 5.0x to Xerozion for $100,000.
[14:16:07] > UnavailableTest remove x1 §x§F§F§5§5§0§0§lsᴇʟʟᴡᴀɴᴅ §6- 5.0x form buy
[14:16:26] > moonlyyuns added x1 §x§F§F§3§E§0§0§lSellwand Voucher in auction for 600000.
[14:18:26] > asshlie remove x1 §x§E§5§1§B§1§B§lDracula Boots from storage
[14:19:26] > .JoshuaCraft9422 remove x1 §x§F§F§5§5§0§0§lsᴇʟʟᴡᴀɴᴅ §6- 20.0 from storage
[14:20:51] > TostyZura remove x4 Golden apple from buy
[14:26:15] > .JoshuaCraft9422 added x1 §x§F§F§5§5§0§0§lsᴇʟʟᴡᴀɴᴅ §6- 20.0 in auction for 2500000.
[14:27:25] > x1 §f§l§x§F§A§0§0§0§AD§x§F§A§1§C§1§5a§x§F§B§3§7§2§0r§x§F§B§5§3§2§Bk§x§F§B§6§F§3§6f§x§F§B§8§B§4§1l§x§F§C§A§6§4§Ca§x§F§C§C§2§5§7me§x§F§C§A§6§4§C §x§F§B§8§B§4§1S§x§F§B§6§F§3§6h§x§F§B§5§3§2§Bi§x§F§B§3§7§2§0e§x§F§A§1§C§1§5l§x§F§A§0§0§0§Ad, bought by FRANZ_JOSEF0, has just expired, the item is definitively deleted.
[14:27:27] > BlackKnight remove x1 §x§F§F§5§5§0§0§lsᴇʟʟᴡᴀɴᴅ §6- 20.0x from buy
[14:28:38] > InternetCafeUser remove x64 Experience bottle from buy
[14:29:57] > Jaggie buy x64 Lapis block to FLaMesd for $10,000.
[14:30:08] > bedrock_enjoy3r buy x1 §x§F§F§5§5§0§0§lsᴇʟʟᴡᴀɴᴅ §6- 20.0 to .JoshuaCraft9422 for $2,500,000.
[14:30:09] > moonlyyuns added x1 §x§F§F§5§5§0§0§lsᴇʟʟᴡᴀɴᴅ §6- 10.0x in auction for 1000000.
[14:30:15] > bedrock_enjoy3r remove x1 §x§F§F§5§5§0§0§lsᴇʟʟᴡᴀɴᴅ §6- 20.0 from buy
[14:30:17] > Jaggie remove x64 Lapis block from buy
[14:30:42] > UnavailableTest buy x1 §x§F§F§3§E§0§0§lSellwand Voucher to moonlyyuns for $600,000.
[14:30:49] > UnavailableTest remove x1 §x§F§F§3§E§0§0§lSellwand Voucher form buy
[14:31:56] > Keeos buy x1 §x§3§4§9§8§D§Bᴡɪᴛᴄʜ ꜱᴘᴀᴡɴᴇʀ to shelby for $5,000,000.
[14:32:01] > Keeos remove x1 §x§3§4§9§8§D§Bᴡɪᴛᴄʜ ꜱᴘᴀᴡɴᴇʀ from buy
[14:32:07] > 8it5inn remove x1 §f§l§x§F§C§D§0§5§CW§x§F§A§A§A§4§Bu§x§F§9§8§4§3§Bk§x§F§7§5§F§2§Ao§x§F§5§3§9§1§9n§x§F§4§1§3§0§8g §x§F§5§3§9§1§9S§x§F§7§5§F§2§Aw§x§F§9§8§4§3§Bo§x§F§A§A§A§4§Br§x§F§C§D§0§5§Cd from storage
[14:32:13] > 8it5inn remove x1 §f§l§8B§x§6§2§6§2§6§2a§x§6§F§6§F§6§Fh§x§7§C§7§C§7§Ca§x§8§9§8§9§8§9m§x§9§6§9§6§9§6u§x§A§3§A§3§A§3t §x§9§6§9§6§9§6H§x§8§9§8§9§8§9a§x§7§C§7§C§7§Ct§x§6§F§6§F§6§F §x§6§2§6§2§6§2V§82 from storage
[14:35:42] > 8it5inn added x1 §f§l§x§F§C§D§0§5§CW§x§F§A§A§A§4§Bu§x§F§9§8§4§3§Bk§x§F§7§5§F§2§Ao§x§F§5§3§9§1§9n§x§F§4§1§3§0§8g §x§F§5§3§9§1§9S§x§F§7§5§F§2§Aw§x§F§9§8§4§3§Bo§x§F§A§A§A§4§Br§x§F§C§D§0§5§Cd in auction for 1300000.
[14:36:03] > 8it5inn added x1 §f§l§8B§x§6§2§6§2§6§2a§x§6§F§6§F§6§Fh§x§7§C§7§C§7§Ca§x§8§9§8§9§8§9m§x§9§6§9§6§9§6u§x§A§3§A§3§A§3t §x§9§6§9§6§9§6H§x§8§9§8§9§8§9a§x§7§C§7§C§7§Ct§x§6§F§6§F§6§F §x§6§2§6§2§6§2V§82 in auction for 330000.
[14:38:28] > ZAFF buy x1 §f§l§x§8§A§0§0§F§FS§x§9§9§0§0§D§Bh§x§A§8§0§0§B§6i§x§B§7§0§0§9§2n§x§C§6§0§0§6§De§x§D§5§0§0§4§9 §x§E§4§0§0§2§4O§x§F§3§0§0§0§0n§x§E§4§0§0§2§4i§x§D§5§0§0§4§9 §x§C§6§0§0§6§DS§x§B§7§0§0§9§2t§x§A§8§0§0§B§6a§x§9§9§0§0§D§Bf§x§8§A§0§0§F§Ff to ry9191 for $1,500,000.
[14:38:37] > ZAFF remove x1 §f§l§x§8§A§0§0§F§FS§x§9§9§0§0§D§Bh§x§A§8§0§0§B§6i§x§B§7§0§0§9§2n§x§C§6§0§0§6§De§x§D§5§0§0§4§9 §x§E§4§0§0§2§4O§x§F§3§0§0§0§0n§x§E§4§0§0§2§4i§x§D§5§0§0§4§9 §x§C§6§0§0§6§DS§x§B§7§0§0§9§2t§x§A§8§0§0§B§6a§x§9§9§0§0§D§Bf§x§8§A§0§0§F§Ff from buy
[14:43:07] > moonlyyuns buy x1 §x§5§F§E§2§C§5Auselly Fishing rod to Zee_ for $700,000.
[14:43:12] > moonlyyuns remove x1 §x§5§F§E§2§C§5Auselly Fishing rod from buy
[14:43:39] > HwanYo buy x1 §x§F§F§5§5§0§0§lsᴇʟʟᴡᴀɴᴅ §6- 10.0x to moonlyyuns for $1,000,000.
[14:44:17] > HwanYo buy x1 §x§F§F§3§E§0§0§lSellwand Voucher to .Allxnzv for $1,000,000.
[14:44:25] > HwanYo remove x1 §x§F§F§3§E§0§0§lSellwand Voucher from buy
[14:44:37] > HwanYo remove x1 §x§F§F§5§5§0§0§lsᴇʟʟᴡᴀɴᴅ §6- 10.0x from buy
[14:48:01] > .JoshuaCraft9422 added x2 §x§3§4§9§8§D§Bᴢᴏᴍʙɪᴇ ꜱᴘᴀᴡɴᴇʀ in auction for 1400000.
[14:52:40] > EnderDragon0120 buy x1 Elytra to celinesanrio for $2,000,000.
[14:53:01] > EnderDragon0120 remove x1 Elytra from buy
[14:57:49] > Johng10910 added x1 §fPanda Hat in auction for 50000.
[14:59:43] > moonlyyuns added x1 §x§F§F§5§5§0§0§lsᴇʟʟᴡᴀɴᴅ §6- 5.0x in auction for 500000.
[15:00:24] > moonlyyuns added x1 §x§F§F§5§5§0§0§lsᴇʟʟᴡᴀɴᴅ §6- 5.0x in auction for 500000.
[15:02:40] > Takeremu remove x64 §x§F§C§9§0§5§C§lE§x§E§6§9§C§6§B§lp§x§C§F§A§7§7§A§li§x§B§9§B§3§8§9§lc §x§8§C§C§B§A§7§lC§x§7§5§D§6§B§6§lr§x§5§F§E§2§C§5§la§x§7§9§D§4§B§4§lt§x§9§3§C§7§A§2§le §x§C§8§A§B§7§F§lK§x§E§2§9§E§6§E§le§x§F§C§9§0§5§C§ly from storage
[15:03:00] > Johng10910 added x1 Coast armor trim smithing template in auction for 100000.
[15:07:20] > HwanYo buy x2 §x§3§4§9§8§D§Bᴢᴏᴍʙɪᴇ ꜱᴘᴀᴡɴᴇʀ to .JoshuaCraft9422 for $1,400,000.
[15:07:53] > x1 §esʜᴇᴇᴘ sᴘᴀᴡɴᴇʀ, bought by Zypher_0w0, has just expired, the item is definitively deleted.
[15:07:55] > HwanYo remove x2 §x§3§4§9§8§D§Bᴢᴏᴍʙɪᴇ ꜱᴘᴀᴡɴᴇʀ from buy
[15:13:22] > Kodakoda added x1 Fishing rod in auction for 50000.
[15:22:02] > Zypher_0w0 buy x1 §x§F§F§5§5§0§0§lsᴇʟʟᴡᴀɴᴅ §6- 5.0x to moonlyyuns for $500,000.
[15:35:40] > Kodakoda remove x1 §f§l§8B§x§6§6§6§6§6§6a§x§7§7§7§7§7§7h§x§8§8§8§8§8§8a§x§9§9§9§9§9§9m§7u§x§9§9§9§9§9§9t§x§8§8§8§8§8§8 §x§7§7§7§7§7§7H§x§6§6§6§6§6§6a§8t from storage
[15:40:22] > EnderDragon0120 added x1 §x§E§3§A§F§4§F§lʟᴇɢᴇɴᴅᴀʀʏ ɪᴛᴇᴍ in auction for 70000.
[15:41:40] > YooRushy remove x1 Diamond pickaxe from storage
[15:41:52] > YooRushy added x1 §x§F§F§5§5§0§0§lsᴇʟʟᴡᴀɴᴅ §6- 5.0x in auction for 500000.
[15:42:10] > H0RNHAL0 buy x1 Diamond helmet to belvi__ for $80,000.
[15:42:38] > EnderDragon0120 added x1 §x§E§5§1§B§1§B§lDracula Shield in auction for 125000.
[15:46:01] > Xynq1 buy x1 §x§E§5§1§B§1§B§lDracula Blade to EnderDragon0120 for $200,000.
[15:46:55] > Xynq1 remove x1 §x§E§5§1§B§1§B§lDracula Blade from buy
[15:46:59] > H0RNHAL0 remove x1 Diamond helmet from buy
[15:47:04] > HwanYo added x1 §fPig Plushie §7(#63/101) in auction for 100000.
[16:02:58] > mae buy x1 §fPig Plushie §7(#63/101) to HwanYo for $100,000.
[16:03:21] > mae buy x1 §x§E§5§1§B§1§B§lDracula Shield to EnderDragon0120 for $125,000.
[16:17:42] > .Didoy12345 buy x1 Fishing rod to Kodakoda for $50,000.
[16:17:51] > x64 Experience bottle, bought by DefinitelyHani, has just expired, the item is definitively deleted.
[16:17:51] > x64 Experience bottle, bought by DefinitelyHani, has just expired, the item is definitively deleted.
[16:17:54] > .Didoy12345 remove x1 Fishing rod from buy
[16:35:48] > HwanYo buy x1 §x§F§F§5§5§0§0§lsᴇʟʟᴡᴀɴᴅ §6- 10.0x to GoldEngine11 for $1,200,000.
[16:36:04] > HwanYo remove x1 §x§F§F§5§5§0§0§lsᴇʟʟᴡᴀɴᴅ §6- 10.0x from buy
[16:36:27] > Kodakoda remove x1 §x§E§5§1§B§1§B§lDracula Shield from storage
[16:36:29] > Kodakoda remove x1 §f§x§D§0§D§0§D§0J§x§C§9§C§9§C§9e§x§C§2§C§2§C§2t§x§B§B§B§B§B§B §x§B§3§B§3§B§3P§x§A§C§A§C§A§Ci§x§A§5§A§5§A§5l§x§9§E§9§E§9§Eo§x§9§7§9§7§9§7t§x§9§0§9§0§9§0 §x§8§9§8§9§8§9H§x§8§2§8§2§8§2e§x§7§A§7§A§7§Al§x§7§3§7§3§7§3m§x§6§C§6§C§6§Ce§x§6§5§6§5§6§5t form storage
[16:36:29] > Kodakoda remove x1 §fMysterious Hat form storage
[16:37:01] > Kodakoda added x1 §x§E§5§1§B§1§B§lDracula Shield in auction for 50000.
[16:50:31] > belvi__ remove x1 Diamond helmet from storage
[16:50:47] > belvi__ added x1 Diamond helmet in auction for 100000.
[17:02:33] > moonlyyuns added x1 §x§F§F§3§E§0§0§lSellwand Voucher in auction for 1000000.
[17:02:50] > Johng10910 added x1 §fWitch Hat in auction for 50000.
[17:02:52] > scarlettti added x1 §x§F§F§3§E§0§0§lSellwand Voucher in auction for 1500000.
[17:02:53] > Zee_ added x1 §f§l§8B§x§5§F§5§F§5§Fa§x§6§9§6§9§6§9h§x§7§3§7§3§7§3a§x§7§D§7§D§7§Dm§x§8§7§8§7§8§7u§x§9§1§9§1§9§1t§x§9§B§9§B§9§B §x§A§5§A§5§A§5Ch§x§9§B§9§B§9§Be§x§9§1§9§1§9§1s§x§8§7§8§7§8§7t§x§7§D§7§D§7§Dp§x§7§3§7§3§7§3l§x§6§9§6§9§6§9a§x§5§F§5§F§5§Ft§8e in auction for 3000000.
[17:03:06] > alecczzz added x1 §x§F§F§5§5§0§0§lsᴇʟʟᴡᴀɴᴅ §6- 5.0x in auction for 500000.
[17:04:22] > belvi__ buy x16 Iron block to mae for $5,000.
[17:04:57] > belvi__ remove x16 Iron block from buy
[17:11:13] > .Didoy12345 added x2 §9§lSquid Tentacle in auction for 200000.
[17:11:54] > .Didoy12345 remove x2 §9§lSquid Tentacle from storage
[17:12:02] > .Didoy12345 added x1 §9§lSquid Tentacle in auction for 200000.
[17:12:13] > .Didoy12345 added x1 §9§lSquid Tentacle in auction for 200000.
[17:15:31] > Icon_Skully added x1 §eᴡɪᴛᴄʜ ꜱᴘᴀᴡɴᴇʀ in auction for 1300000.
[17:15:33] > kkyleeeeesa buy x1 §eᴡɪᴛᴄʜ ꜱᴘᴀᴡɴᴇʀ to Icon_Skully for $1,300,000.
[17:16:16] > Johng10910 added x1 §fZombie Plushie §6(#99/101) in auction for 50000.
[17:16:42] > Johng10910 added x1 §fVillager Plushie §6(#90/101) in auction for 50000.
[17:17:09] > Johng10910 added x1 §fHorse Plushie (Gray) §6(#48/101) in auction for 50000.
[17:18:25] > Seirione remove x1 §x§E§4§3§A§9§6§lW§x§E§7§5§3§A§3§lI§x§E§B§6§B§B§0§lN§x§E§E§8§4§B§D§lG§x§F§2§9§D§C§B§lS §x§F§8§C§E§E§5§lO§x§F§C§E§6§F§2§lF §x§F§C§E§6§F§2§lE§x§F§8§C§E§E§5§lT§x§F§5§B§5§D§8§lE§x§F§2§9§D§C§B§lR§x§E§E§8§4§B§D§lN§x§E§B§6§B§B§0§lI§x§E§7§5§3§A§3§lT§x§E§4§3§A§9§6§lY from storage
[17:18:29] > koshie added x1 §x§3§4§9§8§D§Bꜱᴋᴇʟᴇᴛᴏɴ ꜱᴘᴀᴡɴᴇʀ in auction for 1000000.
[17:18:35] > Seirione added x1 §x§E§4§3§A§9§6§lW§x§E§7§5§3§A§3§lI§x§E§B§6§B§B§0§lN§x§E§E§8§4§B§D§lG§x§F§2§9§D§C§B§lS §x§F§8§C§E§E§5§lO§x§F§C§E§6§F§2§lF §x§F§C§E§6§F§2§lE§x§F§8§C§E§E§5§lT§x§F§5§B§5§D§8§lE§x§F§2§9§D§C§B§lR§x§E§E§8§4§B§D§lN§x§E§B§6§B§B§0§lI§x§E§7§5§3§A§3§lT§x§E§4§3§A§9§6§lY in auction for 5000000.
[17:18:45] > koshie added x1 §f§l§x§8§A§0§0§F§FS§x§9§C§0§0§D§5h§x§A§D§0§0§A§Ai§x§B§F§0§0§8§0n§x§D§0§0§0§5§5e§x§E§2§0§0§2§B §x§F§3§0§0§0§0O§x§E§2§0§0§2§An§x§D§0§0§0§5§5i§x§B§F§0§0§8§0 §x§A§D§0§0§A§AA§x§9§C§0§0§D§5x§x§8§A§0§0§F§Fe in auction for 5000000.
[17:23:05] > giyahnpogi added x5 §x§3§4§9§8§D§Bꜱᴋᴇʟᴇᴛᴏɴ ꜱᴘᴀᴡɴᴇʀ in auction for 5000000.
[17:24:23] > kkyleeeeesa remove x1 §eᴡɪᴛᴄʜ ꜱᴘᴀᴡɴᴇʀ from buy
[17:26:16] > kkyleeeeesa added x1 Spawner in auction for 500000.
[17:27:29] > Keeos buy x1 §x§3§4§9§8§D§Bꜱᴋᴇʟᴇᴛᴏɴ ꜱᴘᴀᴡɴᴇʀ to koshie for $1,000,000.
[17:27:34] > Keeos remove x1 §x§3§4§9§8§D§Bꜱᴋᴇʟᴇᴛᴏɴ ꜱᴘᴀᴡɴᴇʀ form buy
[17:28:18] > 8it5inn remove x1 §f§l§x§F§C§D§0§5§CW§x§F§A§A§A§4§Bu§x§F§9§8§4§3§Bk§x§F§7§5§F§2§Ao§x§F§5§3§9§1§9n§x§F§4§1§3§0§8g §x§F§5§3§9§1§9S§x§F§7§5§F§2§Aw§x§F§9§8§4§3§Bo§x§F§A§A§A§4§Br§x§F§C§D§0§5§Cd from storage
[17:30:12] > .JoshuaCraft9422 remove x1 §x§F§F§7§C§0§0§lSteamsparks Halberd from storage
[17:31:08] > HwanYo buy x1 §fVillager Plushie §6(#90/101) to Johng10910 for $50,000.
[17:31:24] > koshie added x1 §x§5§9§A§1§D§9§lA§x§7§5§B§1§D§Fr§x§9§0§C§0§E§6c§x§A§C§D§0§E§Ch§x§C§8§E§0§F§2a§x§E§3§E§F§F§9n§fg§x§E§3§E§F§F§9e§x§C§8§E§0§F§2l §x§9§0§C§0§E§6H§x§7§5§B§1§D§Fa§x§5§9§A§1§D§9t in auction for 500000.
[17:31:25] > HwanYo buy x1 §x§F§F§3§E§0§0§lSellwand Voucher to moonlyyuns for $1,000,000.
[17:31:31] > HwanYo remove x1 §x§F§F§3§E§0§0§lSellwand Voucher from buy
[17:31:31] > HwanYo remove x1 §fVillager Plushie §6(#90/101) from buy
[17:31:45] > octopus_01 buy x1 §x§F§F§5§5§0§0§lsᴇʟʟᴡᴀɴᴅ §6- 10.0x to kabayooo for $1,300,000.
[17:31:52] > octopus_01 remove x1 §x§F§F§5§5§0§0§lsᴇʟʟᴡᴀɴᴅ §6- 10.0x from buy
[17:32:48] > Johng10910 remove x64 Experience bottle from buy
[17:32:59] > .JoshuaCraft9422 added x1 §x§F§F§7§C§0§0§lSteamsparks Halberd in auction for 450000.
[17:33:05] > Johng10910 remove x6 Nether star from buy
[17:33:15] > Dentatsu buy x1 §x§5§9§A§1§D§9§lA§x§7§5§B§1§D§Fr§x§9§0§C§0§E§6c§x§A§C§D§0§E§Ch§x§C§8§E§0§F§2a§x§E§3§E§F§F§9n§fg§x§E§3§E§F§F§9e§x§C§8§E§0§F§2l §x§9§0§C§0§E§6H§x§7§5§B§1§D§Fa§x§5§9§A§1§D§9t to koshie for $500,000.
[17:33:27] > Dentatsu remove x1 §x§5§9§A§1§D§9§lA§x§7§5§B§1§D§Fr§x§9§0§C§0§E§6c§x§A§C§D§0§E§Ch§x§C§8§E§0§F§2a§x§E§3§E§F§F§9n§fg§x§E§3§E§F§F§9e§x§C§8§E§0§F§2l §x§9§0§C§0§E§6H§x§7§5§B§1§D§Fa§x§5§9§A§1§D§9t form buy
[17:34:07] > 8it5inn buy x1 §x§E§4§3§A§9§6§lW§x§E§7§5§3§A§3§lI§x§E§B§6§B§B§0§lN§x§E§E§8§4§B§D§lG§x§F§2§9§D§C§B§lS §x§F§8§C§E§E§5§lO§x§F§C§E§6§F§2§lF §x§F§C§E§6§F§2§lE§x§F§8§C§E§E§5§lT§x§F§5§B§5§D§8§lE§x§F§2§9§D§C§B§lR§x§E§E§8§4§B§D§lN§x§E§B§6§B§B§0§lI§x§E§7§5§3§A§3§lT§x§E§4§3§A§9§6§lY to Seirione for $5,000,000.
[17:34:22] > 8it5inn remove x1 §x§E§4§3§A§9§6§lW§x§E§7§5§3§A§3§lI§x§E§B§6§B§B§0§lN§x§E§E§8§4§B§D§lG§x§F§2§9§D§C§B§lS §x§F§8§C§E§E§5§lO§x§F§C§E§6§F§2§lF §x§F§C§E§6§F§2§lE§x§F§8§C§E§E§5§lT§x§F§5§B§5§D§8§lE§x§F§2§9§D§C§B§lR§x§E§E§8§4§B§D§lN§x§E§B§6§B§B§0§lI§x§E§7§5§3§A§3§lT§x§E§4§3§A§9§6§lY from buy
[17:35:11] > x1 §f§l§8B§x§6§3§6§3§6§3a§x§7§1§7§1§7§1h§x§8§0§8§0§8§0a§x§8§E§8§E§8§Em§x§9§C§9§C§9§Cu§7t§x§9§C§9§C§9§C §x§8§E§8§E§8§EB§x§8§0§8§0§8§0o§x§7§1§7§1§7§1o§x§6§3§6§3§6§3t§8s, item of Xenooz, has just expired, the item is definitively deleted.
[17:35:11] > x1 potions and totem on pozepotiontotem, item of Zee_, has just expired, the item is definitively deleted.
[17:35:29] > HwanYo remove x1 §x§9§8§6§3§E§7§lG§x§9§0§7§5§E§2§lo§x§8§8§8§7§D§D§ld§x§8§0§9§9§D§8§ll§x§7§7§A§C§D§4§ly §x§6§7§D§0§C§A§lC§x§5§F§E§2§C§5§lr§x§6§7§D§0§C§A§la§x§6§F§B§E§C§F§lt§x§7§7§A§C§D§4§le §x§8§8§8§7§D§D§lK§x§9§0§7§5§E§2§le§x§9§8§6§3§E§7§ly from storage
[17:35:30] > HwanYo remove x1 §x§9§8§6§3§E§7§lG§x§9§0§7§5§E§2§lo§x§8§8§8§7§D§D§ld§x§8§0§9§9§D§8§ll§x§7§7§A§C§D§4§ly §x§6§7§D§0§C§A§lC§x§5§F§E§2§C§5§lr§x§6§7§D§0§C§A§la§x§6§F§B§E§C§F§lt§x§7§7§A§C§D§4§le §x§8§8§8§7§D§D§lK§x§9§0§7§5§E§2§le§x§9§8§6§3§E§7§ly from storage
[17:35:30] > HwanYo remove x1 §x§9§8§6§3§E§7§lG§x§9§0§7§5§E§2§lo§x§8§8§8§7§D§D§ld§x§8§0§9§9§D§8§ll§x§7§7§A§C§D§4§ly §x§6§7§D§0§C§A§lC§x§5§F§E§2§C§5§lr§x§6§7§D§0§C§A§la§x§6§F§B§E§C§F§lt§x§7§7§A§C§D§4§le §x§8§8§8§7§D§D§lK§x§9§0§7§5§E§2§le§x§9§8§6§3§E§7§ly from storage
[17:35:31] > HwanYo remove x1 §x§9§8§6§3§E§7§lG§x§9§0§7§5§E§2§lo§x§8§8§8§7§D§D§ld§x§8§0§9§9§D§8§ll§x§7§7§A§C§D§4§ly §x§6§7§D§0§C§A§lC§x§5§F§E§2§C§5§lr§x§6§7§D§0§C§A§la§x§6§F§B§E§C§F§lt§x§7§7§A§C§D§4§le §x§8§8§8§7§D§D§lK§x§9§0§7§5§E§2§le§x§9§8§6§3§E§7§ly from storage
[17:35:32] > HwanYo remove x1 §x§9§8§6§3§E§7§lG§x§9§0§7§5§E§2§lo§x§8§8§8§7§D§D§ld§x§8§0§9§9§D§8§ll§x§7§7§A§C§D§4§ly §x§6§7§D§0§C§A§lC§x§5§F§E§2§C§5§lr§x§6§7§D§0§C§A§la§x§6§F§B§E§C§F§lt§x§7§7§A§C§D§4§le §x§8§8§8§7§D§D§lK§x§9§0§7§5§E§2§le§x§9§8§6§3§E§7§ly from storage
[17:35:44] > HwanYo added x1 §x§9§8§6§3§E§7§lG§x§9§0§7§5§E§2§lo§x§8§8§8§7§D§D§ld§x§8§0§9§9§D§8§ll§x§7§7§A§C§D§4§ly §x§6§7§D§0§C§A§lC§x§5§F§E§2§C§5§lr§x§6§7§D§0§C§A§la§x§6§F§B§E§C§F§lt§x§7§7§A§C§D§4§le §x§8§8§8§7§D§D§lK§x§9§0§7§5§E§2§le§x§9§8§6§3§E§7§ly in auction for 700000.
[17:36:00] > HwanYo added x1 §x§9§8§6§3§E§7§lG§x§9§0§7§5§E§2§lo§x§8§8§8§7§D§D§ld§x§8§0§9§9§D§8§ll§x§7§7§A§C§D§4§ly §x§6§7§D§0§C§A§lC§x§5§F§E§2§C§5§lr§x§6§7§D§0§C§A§la§x§6§F§B§E§C§F§lt§x§7§7§A§C§D§4§le §x§8§8§8§7§D§D§lK§x§9§0§7§5§E§2§le§x§9§8§6§3§E§7§ly in auction for 650000.
[17:36:11] > HwanYo added x1 §x§9§8§6§3§E§7§lG§x§9§0§7§5§E§2§lo§x§8§8§8§7§D§D§ld§x§8§0§9§9§D§8§ll§x§7§7§A§C§D§4§ly §x§6§7§D§0§C§A§lC§x§5§F§E§2§C§5§lr§x§6§7§D§0§C§A§la§x§6§F§B§E§C§F§lt§x§7§7§A§C§D§4§le §x§8§8§8§7§D§D§lK§x§9§0§7§5§E§2§le§x§9§8§6§3§E§7§ly in auction for 650000.
[17:36:27] > HwanYo added x1 §x§9§8§6§3§E§7§lG§x§9§0§7§5§E§2§lo§x§8§8§8§7§D§D§ld§x§8§0§9§9§D§8§ll§x§7§7§A§C§D§4§ly §x§6§7§D§0§C§A§lC§x§5§F§E§2§C§5§lr§x§6§7§D§0§C§A§la§x§6§F§B§E§C§F§lt§x§7§7§A§C§D§4§le §x§8§8§8§7§D§D§lK§x§9§0§7§5§E§2§le§x§9§8§6§3§E§7§ly in auction for 650000.
[17:36:38] > HwanYo added x1 §x§9§8§6§3§E§7§lG§x§9§0§7§5§E§2§lo§x§8§8§8§7§D§D§ld§x§8§0§9§9§D§8§ll§x§7§7§A§C§D§4§ly §x§6§7§D§0§C§A§lC§x§5§F§E§2§C§5§lr§x§6§7§D§0§C§A§la§x§6§F§B§E§C§F§lt§x§7§7§A§C§D§4§le §x§8§8§8§7§D§D§lK§x§9§0§7§5§E§2§le§x§9§8§6§3§E§7§ly in auction for 650000.
[17:38:10] > kkyleeeeesa added x1 §x§3§4§9§8§D§Bɪʀᴏɴ ɢᴏʟᴇᴍ ꜱᴘᴀᴡɴᴇʀ in auction for 150000.
[17:38:13] > 8it5inn added x1 §f§l§x§F§C§D§0§5§CW§x§F§A§A§A§4§Bu§x§F§9§8§4§3§Bk§x§F§7§5§F§2§Ao§x§F§5§3§9§1§9n§x§F§4§1§3§0§8g §x§F§5§3§9§1§9S§x§F§7§5§F§2§Aw§x§F§9§8§4§3§Bo§x§F§A§A§A§4§Br§x§F§C§D§0§5§Cd in auction for 500000.
[17:38:30] > kkyleeeeesa added x1 §x§3§4§9§8§D§Bɪʀᴏɴ ɢᴏʟᴇᴍ ꜱᴘᴀᴡɴᴇʀ in auction for 150000.
[17:41:15] > Icon_Skully buy x1 §x§3§4§9§8§D§Bɪʀᴏɴ ɢᴏʟᴇᴍ ꜱᴘᴀᴡɴᴇʀ to kkyleeeeesa for $150,000.
[17:41:19] > Icon_Skully buy x1 §x§3§4§9§8§D§Bɪʀᴏɴ ɢᴏʟᴇᴍ ꜱᴘᴀᴡɴᴇʀ to kkyleeeeesa for $150,000.
[17:42:04] > claypotter added x1 Enchanted book in auction for 3500.
[17:42:33] > .Allxnzv buy x1 Enchanted book to claypotter for $3,500.
[17:42:34] > Icon_Skully remove x1 §x§3§4§9§8§D§Bɪʀᴏɴ ɢᴏʟᴇᴍ ꜱᴘᴀᴡɴᴇʀ from buy
[17:42:35] > Icon_Skully remove x1 §x§3§4§9§8§D§Bɪʀᴏɴ ɢᴏʟᴇᴍ ꜱᴘᴀᴡɴᴇʀ from buy
[17:42:49] > .Allxnzv remove x1 Enchanted book from buy
[17:43:22] > KEITHTHEPRO buy x1 Elytra to celinesanrio for $2,000,000.
[17:43:27] > KEITHTHEPRO remove x1 Elytra from buy
[17:53:00] > Icon_Skully added x6 Spawner in auction for 2000000.
[17:53:48] > 8it5inn added x1 Elytra in auction for 1500000.
[17:54:57] > alecczzz added x1 §x§E§E§0§0§0§0§lᴜɴʟɪᴍɪᴛᴇᴅ sᴇʟʟᴡᴀɴᴅ in auction for 100000000.
[17:55:11] > alecczzz remove x1 §x§E§E§0§0§0§0§lᴜɴʟɪᴍɪᴛᴇᴅ sᴇʟʟᴡᴀɴᴅ from storage
[17:59:15] > Icon_Skully added x1 §fShogun Boots in auction for 350000.
[18:05:37] > Icon_Skully buy x1 §x§E§5§1§B§1§B§lDracula Boots to jeff for $100,000.
[18:05:52] > Icon_Skully buy x1 §f§l§x§8§A§0§0§F§FS§x§9§9§0§0§D§Bh§x§A§8§0§0§B§6i§x§B§7§0§0§9§2n§x§C§6§0§0§6§De§x§D§5§0§0§4§9 §x§E§4§0§0§2§4O§x§F§3§0§0§0§0n§x§E§4§0§0§2§4i§x§D§5§0§0§4§9 §x§C§6§0§0§6§DS§x§B§7§0§0§9§2t§x§A§8§0§0§B§6a§x§9§9§0§0§D§Bf§x§8§A§0§0§F§Ff to monggol for $1,500,000.
[18:06:34] > Icon_Skully buy x1 §x§F§F§7§C§0§0§lSteamsparks Key to SussySuzy for $350,000.
[18:06:45] > Icon_Skully buy x1 §x§E§5§1§B§1§B§lDracula Staff to MrGh0st1y for $40,000.
[18:07:02] > Icon_Skully remove x1 §f§l§x§8§A§0§0§F§FS§x§9§9§0§0§D§Bh§x§A§8§0§0§B§6i§x§B§7§0§0§9§2n§x§C§6§0§0§6§De§x§D§5§0§0§4§9 §x§E§4§0§0§2§4O§x§F§3§0§0§0§0n§x§E§4§0§0§2§4i§x§D§5§0§0§4§9 §x§C§6§0§0§6§DS§x§B§7§0§0§9§2t§x§A§8§0§0§B§6a§x§9§9§0§0§D§Bf§x§8§A§0§0§F§Ff from buy
[18:07:03] > Icon_Skully remove x1 §x§E§5§1§B§1§B§lDracula Staff form buy
[18:07:03] > Icon_Skully remove x1 §x§E§5§1§B§1§B§lDracula Boots form buy
[18:07:03] > Icon_Skully remove x1 §x§F§F§7§C§0§0§lSteamsparks Key form buy
[18:08:05] > alecczzz added x1 §x§F§F§7§C§0§0§lSteamsparks Staff in auction for 60000.
[18:33:32] > MakmakJV added x1 §x§F§F§5§5§0§0§lsᴇʟʟᴡᴀɴᴅ §6- 10.0x in auction for 1100000.
[18:35:56] > Johng10910 added x1 Name tag in auction for 100000.
[18:36:16] > claypotter buy x1 Name tag to Johng10910 for $100,000.
[18:37:21] > EnderDragon0120 added x1 §x§E§5§1§B§1§B§lDracula Wings in auction for 650000.
[18:37:34] > EnderDragon0120 added x1 §x§E§5§1§B§1§B§lDracula Wings in auction for 700000.
[18:39:03] > claypotter remove x1 Name tag from buy
[18:39:12] > claypotter remove x1 §x§E§E§0§0§0§0§lᴜɴʟɪᴍɪᴛᴇᴅ sᴇʟʟᴡᴀɴᴅ from buy
[18:41:35] > HwanYo buy x1 §x§F§F§5§5§0§0§lsᴇʟʟᴡᴀɴᴅ §6- 10.0x to MakmakJV for $1,100,000.
[18:42:27] > UnavailableTest remove x2 §f§l§8B§x§6§6§6§6§6§6a§x§7§7§7§7§7§7h§x§8§8§8§8§8§8a§x§9§9§9§9§9§9m§7u§x§9§9§9§9§9§9t§x§8§8§8§8§8§8 §x§7§7§7§7§7§7K§x§6§6§6§6§6§6e§8y from storage
[18:43:01] > UnavailableTest added x2 §f§l§8B§x§6§6§6§6§6§6a§x§7§7§7§7§7§7h§x§8§8§8§8§8§8a§x§9§9§9§9§9§9m§7u§x§9§9§9§9§9§9t§x§8§8§8§8§8§8 §x§7§7§7§7§7§7K§x§6§6§6§6§6§6e§8y in auction for 700000.
[18:50:58] > Icon_Skully remove x6 Spawner from storage
[18:50:58] > Icon_Skully remove x1 §fShogun Boots from storage
[18:51:07] > Icon_Skully added x1 §fShogun Boots in auction for 50000.
[18:51:26] > Icon_Skully added x6 Spawner in auction for 500000.
[18:54:12] > lorxie added x1 §x§F§F§3§E§0§0§lSellwand Voucher in auction for 1000000.
[18:59:21] > Johng10910 buy x64 Emerald block to YooRushy for $350,000.
[18:59:25] > superRyy buy x1 §x§E§5§1§B§1§B§lDracula Shield to Kodakoda for $50,000.
[18:59:39] > x1 §f§x§F§9§A§2§0§DP§x§F§2§9§E§0§Du§x§E§B§9§9§0§Dm§x§E§3§9§5§0§Dp§x§D§C§9§0§0§Dk§x§D§5§8§C§0§Di§x§C§E§8§7§0§Dn§x§C§7§8§3§0§D §x§B§F§7§E§0§DH§x§B§8§7§A§0§Da§x§B§1§7§5§0§Dt, bought by HwanYo, has just expired, the item is definitively deleted.
[18:59:40] > superRyy remove x1 §x§E§5§1§B§1§B§lDracula Shield from buy
[19:00:24] > belvi__ remove x1 Diamond helmet from storage
[19:00:26] > Johng10910 remove x64 Emerald block from buy
[19:00:32] > belvi__ added x1 Diamond helmet in auction for 80000.
[19:01:40] > GoldEngine11 buy x2 §f§l§8B§x§6§6§6§6§6§6a§x§7§7§7§7§7§7h§x§8§8§8§8§8§8a§x§9§9§9§9§9§9m§7u§x§9§9§9§9§9§9t§x§8§8§8§8§8§8 §x§7§7§7§7§7§7K§x§6§6§6§6§6§6e§8y to UnavailableTest for $700,000.
[19:01:55] > GoldEngine11 remove x2 §f§l§8B§x§6§6§6§6§6§6a§x§7§7§7§7§7§7h§x§8§8§8§8§8§8a§x§9§9§9§9§9§9m§7u§x§9§9§9§9§9§9t§x§8§8§8§8§8§8 §x§7§7§7§7§7§7K§x§6§6§6§6§6§6e§8y from buy
[19:01:58] > superRyy buy x1 §x§F§F§7§C§0§0§lSteamsparks Staff to alecczzz for $60,000.
[19:02:09] > superRyy remove x1 §x§F§F§7§C§0§0§lSteamsparks Staff from buy
[19:06:58] > EnderDragon0120 added x1 §x§F§F§7§C§0§0§lSteamsparks Pickaxe in auction for 400000.
[19:10:12] > HwanYo buy x1 §x§F§F§3§E§0§0§lSellwand Voucher to lorxie for $1,000,000.
[19:10:19] > HwanYo remove x1 §x§F§F§3§E§0§0§lSellwand Voucher from buy
[19:21:32] > GoldEngine11 added x1 §x§F§F§5§5§0§0§lsᴇʟʟᴡᴀɴᴅ §6- 5.0x in auction for 550000.
[19:22:05] > GoldEngine11 remove x1 §x§F§F§7§C§0§0§lSteamsparks Battle Axe from storage
[19:22:18] > COSA_Shoyo added x1 §x§F§F§5§5§0§0§lsᴇʟʟᴡᴀɴᴅ §6- 5.0x in auction for 500000.
[19:22:20] > GoldEngine11 remove x1 §x§F§F§7§C§0§0§lSteamsparks Hoe from storage
[19:22:47] > GoldEngine11 added x1 §x§F§F§7§C§0§0§lSteamsparks Hoe in auction for 350000.
[19:24:02] > HwanYo buy x1 §x§F§F§5§5§0§0§lsᴇʟʟᴡᴀɴᴅ §6- 5.0x to COSA_Shoyo for $500,000.
[19:24:04] > HwanYo buy x1 §x§F§F§5§5§0§0§lsᴇʟʟᴡᴀɴᴅ §6- 5.0x to GoldEngine11 for $550,000.
[19:25:11] > kabayooo buy x1 §f§l§x§8§A§0§0§F§FS§x§9§8§0§0§D§Dh§x§A§6§0§0§B§Bi§x§B§4§0§0§9§9n§x§C§2§0§0§7§7e§x§D§0§0§0§5§5 §x§D§E§0§0§3§3O§x§E§C§0§0§1§1ni§x§D§E§0§0§3§3 §x§D§0§0§0§5§5S§x§C§2§0§0§7§7h§x§B§4§0§0§9§9i§x§A§6§0§0§B§Be§x§9§8§0§0§D§Dl§x§8§A§0§0§F§Fd to .Kenku1001 for $1,000,000.
[19:25:18] > kabayooo remove x1 §f§l§x§8§A§0§0§F§FS§x§9§8§0§0§D§Dh§x§A§6§0§0§B§Bi§x§B§4§0§0§9§9n§x§C§2§0§0§7§7e§x§D§0§0§0§5§5 §x§D§E§0§0§3§3O§x§E§C§0§0§1§1ni§x§D§E§0§0§3§3 §x§D§0§0§0§5§5S§x§C§2§0§0§7§7h§x§B§4§0§0§9§9i§x§A§6§0§0§B§Be§x§9§8§0§0§D§Dl§x§8§A§0§0§F§Fd from buy
[19:26:33] > Icon_Skully buy x1 §f§l§x§F§A§0§0§0§AD§x§F§A§1§E§1§6a§x§F§B§3§B§2§1r§x§F§B§5§9§2§Dk§x§F§B§7§7§3§9f§x§F§B§9§5§4§5l§x§F§C§B§2§5§0a§x§F§C§D§0§5§Cm§x§F§C§B§2§5§0e§x§F§B§9§5§4§5 §x§F§B§7§7§3§9S§x§F§B§5§9§2§Dp§x§F§B§3§B§2§1e§x§F§A§1§E§1§6a§x§F§A§0§0§0§Ar to aznaaa for $1,000,000.
[19:26:49] > Icon_Skully buy x1 §f§l§x§F§A§0§0§0§AD§x§F§A§2§A§1§Aa§x§F§B§5§3§2§Br§x§F§B§7§D§3§Bk§x§F§C§A§6§4§Cf§x§F§C§D§0§5§Cl§x§F§C§D§0§5§Ca§x§F§C§A§D§4§Em§x§F§B§8§B§4§1e§x§F§B§6§8§3§3 §x§F§B§4§5§2§5B§x§F§A§2§3§1§8o§x§F§A§0§0§0§Aw to BlackKnight for $250,000.
[19:27:19] > Icon_Skully remove x1 §f§l§x§F§A§0§0§0§AD§x§F§A§1§E§1§6a§x§F§B§3§B§2§1r§x§F§B§5§9§2§Dk§x§F§B§7§7§3§9f§x§F§B§9§5§4§5l§x§F§C§B§2§5§0a§x§F§C§D§0§5§Cm§x§F§C§B§2§5§0e§x§F§B§9§5§4§5 §x§F§B§7§7§3§9S§x§F§B§5§9§2§Dp§x§F§B§3§B§2§1e§x§F§A§1§E§1§6a§x§F§A§0§0§0§Ar form buy
[19:27:19] > Icon_Skully remove x1 §f§l§x§F§A§0§0§0§AD§x§F§A§2§A§1§Aa§x§F§B§5§3§2§Br§x§F§B§7§D§3§Bk§x§F§C§A§6§4§Cf§x§F§C§D§0§5§Cl§x§F§C§D§0§5§Ca§x§F§C§A§D§4§Em§x§F§B§8§B§4§1e§x§F§B§6§8§3§3 §x§F§B§4§5§2§5B§x§F§A§2§3§1§8o§x§F§A§0§0§0§Aw form buy
[19:29:35] > Icon_Skully remove x1 §fShogun Boots form storage
[19:29:35] > Icon_Skully remove x6 Spawner form storage
[19:31:03] > lorxie remove x1 §x§F§F§3§E§0§0§lSellwand Voucher form storage
[19:31:03] > lorxie remove x1 §x§F§F§3§E§0§0§lSellwand Voucher form storage
[19:31:19] > lorxie added x1 §x§F§F§3§E§0§0§lSellwand Voucher in auction for 1000000.
[19:31:37] > lorxie added x1 §x§F§F§3§E§0§0§lSellwand Voucher in auction for 1200000.
[19:31:42] > aznaaa buy x1 Elytra to 8it5inn for $1,500,000.
[19:31:47] > aznaaa remove x1 Elytra from buy
[19:39:36] > aznaaa added x1 §f§l§x§C§6§D§E§F§1B§x§B§6§D§5§E§Eo§x§A§6§C§D§E§Co§x§9§5§C§4§E§9s§x§8§5§B§B§E§6t§x§7§5§B§2§E§3e§x§6§5§A§A§E§1r§x§5§4§A§1§D§E §x§4§4§9§8§D§BU§x§5§4§A§1§D§EF§x§6§5§A§A§E§1O§x§7§5§B§2§E§3 §x§8§5§B§B§E§6B§x§9§5§C§4§E§9o§x§A§6§C§D§E§Co§x§B§6§D§5§E§Et§x§C§6§D§E§F§1s in auction for 1000000.
[19:40:54] > 8it5inn remove x1 §f§l§8B§x§6§2§6§2§6§2a§x§6§F§6§F§6§Fh§x§7§C§7§C§7§Ca§x§8§9§8§9§8§9m§x§9§6§9§6§9§6u§x§A§3§A§3§A§3t §x§9§6§9§6§9§6H§x§8§9§8§9§8§9a§x§7§C§7§C§7§Ct§x§6§F§6§F§6§F §x§6§2§6§2§6§2V§82 form storage
[19:40:54] > 8it5inn remove x1 §f§l§x§F§C§D§0§5§CW§x§F§A§A§A§4§Bu§x§F§9§8§4§3§Bk§x§F§7§5§F§2§Ao§x§F§5§3§9§1§9n§x§F§4§1§3§0§8g §x§F§5§3§9§1§9S§x§F§7§5§F§2§Aw§x§F§9§8§4§3§Bo§x§F§A§A§A§4§Br§x§F§C§D§0§5§Cd form storage
[19:46:53] > Dannn0505 remove x64 Iron block from buy
[19:47:14] > .SharkyisHungry buy x1 §x§F§F§3§E§0§0§lSellwand Voucher to lorxie for $1,000,000.
[19:47:57] > .SharkyisHungry remove x1 §x§F§F§3§E§0§0§lSellwand Voucher from buy
[19:50:23] > Geloo2k added x1 §x§E§5§1§B§1§B§lDracula Bow in auction for 200000.
[19:53:17] > UnavailableTest buy x1 §f§l§x§C§6§D§E§F§1B§x§B§6§D§5§E§Eo§x§A§6§C§D§E§Co§x§9§5§C§4§E§9s§x§8§5§B§B§E§6t§x§7§5§B§2§E§3e§x§6§5§A§A§E§1r§x§5§4§A§1§D§E §x§4§4§9§8§D§BU§x§5§4§A§1§D§EF§x§6§5§A§A§E§1O§x§7§5§B§2§E§3 §x§8§5§B§B§E§6B§x§9§5§C§4§E§9o§x§A§6§C§D§E§Co§x§B§6§D§5§E§Et§x§C§6§D§E§F§1s to aznaaa for $1,000,000.
[19:53:22] > UnavailableTest remove x1 §f§l§x§C§6§D§E§F§1B§x§B§6§D§5§E§Eo§x§A§6§C§D§E§Co§x§9§5§C§4§E§9s§x§8§5§B§B§E§6t§x§7§5§B§2§E§3e§x§6§5§A§A§E§1r§x§5§4§A§1§D§E §x§4§4§9§8§D§BU§x§5§4§A§1§D§EF§x§6§5§A§A§E§1O§x§7§5§B§2§E§3 §x§8§5§B§B§E§6B§x§9§5§C§4§E§9o§x§A§6§C§D§E§Co§x§B§6§D§5§E§Et§x§C§6§D§E§F§1s form buy
[20:09:40] > BlackKnight buy x1 §fHorse Plushie (Gray) §6(#48/101) to Johng10910 for $50,000.
[20:09:42] > BlackKnight buy x1 §fZombie Plushie §6(#99/101) to Johng10910 for $50,000.
[20:15:40] > giyahnpogi added x2 Netherite scrap in auction for 50000.
[20:16:00] > x1 /Pwarp go Pastries for FOODS, item of Kwienn, has just expired, the item is definitively deleted.
[20:16:00] > x2 §x§5§C§C§F§F§C§lC§x§5§C§D§1§F§5§lo§x§5§D§D§4§E§E§ls§x§5§D§D§6§E§7§lm§x§5§E§D§9§E§1§le§x§5§E§D§B§D§A§lt§x§5§E§D§D§D§3§li§x§5§F§E§0§C§C§lc §x§5§F§E§0§C§C§lH§x§5§E§D§D§D§3§la§x§5§E§D§B§D§A§lt§x§5§E§D§9§E§1§ls §x§5§D§D§4§E§E§lK§x§5§C§D§1§F§5§le§x§5§C§C§F§F§C§ly, item of imnectarfr, has just expired, the item is definitively deleted.
[20:16:00] > x4 §eʙʟᴀᴢᴇ sᴘᴀᴡɴᴇʀ, item of nagiiish, has just expired, the item is definitively deleted.
[20:16:00] > x1 §x§5§C§C§F§F§C§lC§x§5§C§D§1§F§5§lo§x§5§D§D§4§E§E§ls§x§5§D§D§6§E§7§lm§x§5§E§D§9§E§1§le§x§5§E§D§B§D§A§lt§x§5§E§D§D§D§3§li§x§5§F§E§0§C§C§lc §x§5§F§E§0§C§C§lH§x§5§E§D§D§D§3§la§x§5§E§D§B§D§A§lt§x§5§E§D§9§E§1§ls §x§5§D§D§4§E§E§lK§x§5§C§D§1§F§5§le§x§5§C§C§F§F§C§ly, item of SP3CC_, has just expired, the item is definitively deleted.
[20:16:00] > x1 §f§l§x§F§A§0§0§0§AD§x§F§A§2§3§1§8a§x§F§B§4§5§2§5r§x§F§B§6§8§3§3k§x§F§B§8§B§4§1f§x§F§C§A§D§4§El§x§F§C§D§0§5§Ca§x§F§C§A§D§4§Em§x§F§B§8§B§4§1e§x§F§B§6§8§3§3 §x§F§B§4§5§2§5H§x§F§A§2§3§1§8a§x§F§A§0§0§0§At, item of imnectarfr, has just expired, the item is definitively deleted.
[20:16:00] > x1 §x§5§9§A§1§D§9§lA§x§6§E§A§D§D§Er§x§8§3§B§9§E§3c§x§9§7§C§4§E§7h§x§A§C§D§0§E§Ca§x§C§1§D§C§F§1n§x§D§6§E§8§F§6g§x§E§A§F§3§F§Ae§fl §x§D§0§E§4§F§4D§x§B§8§D§7§E§Fa§x§A§0§C§9§E§9g§x§8§8§B§C§E§4g§x§7§1§A§E§D§Ee§x§5§9§A§1§D§9r, item of imnectarfr, has just expired, the item is definitively deleted.
[20:16:02] > giyahnpogi remove x1 §x§F§F§3§E§0§0§lD§x§F§F§3§7§0§0§le§x§F§F§3§0§0§0§lm§x§F§F§2§9§0§0§lo§x§F§F§2§2§0§0§ln §x§F§F§1§5§0§0§lL§x§F§F§0§E§0§0§lo§x§F§F§0§7§0§0§lr§x§F§F§0§0§0§0§ld §x§F§F§0§E§0§0§lF§x§F§F§1§5§0§0§lr§x§F§F§1§C§0§0§la§x§F§F§2§2§0§0§lg§x§F§F§2§9§0§0§lm§x§F§F§3§0§0§0§le§x§F§F§3§7§0§0§ln§x§F§F§3§E§0§0§lt from expire
[20:16:03] > giyahnpogi remove x1 §x§F§F§3§E§0§0§lD§x§F§F§3§7§0§0§le§x§F§F§3§0§0§0§lm§x§F§F§2§9§0§0§lo§x§F§F§2§2§0§0§ln §x§F§F§1§5§0§0§lL§x§F§F§0§E§0§0§lo§x§F§F§0§7§0§0§lr§x§F§F§0§0§0§0§ld §x§F§F§0§E§0§0§lF§x§F§F§1§5§0§0§lr§x§F§F§1§C§0§0§la§x§F§F§2§2§0§0§lg§x§F§F§2§9§0§0§lm§x§F§F§3§0§0§0§le§x§F§F§3§7§0§0§ln§x§F§F§3§E§0§0§lt from expire
[20:16:03] > giyahnpogi remove x1 §f§l§8B§x§5§E§5§E§5§Ea§x§6§8§6§8§6§8h§x§7§1§7§1§7§1a§x§7§B§7§B§7§Bm§x§8§4§8§4§8§4u§x§8§E§8§E§8§Et§x§9§7§9§7§9§7 §x§A§1§A§1§A§1F§7i§x§A§1§A§1§A§1s§x§9§7§9§7§9§7h§x§8§E§8§E§8§Ei§x§8§4§8§4§8§4n§x§7§B§7§B§7§Bg§x§7§1§7§1§7§1 §x§6§8§6§8§6§8R§x§5§E§5§E§5§Eo§8d from expire
[20:16:04] > giyahnpogi remove x1 §f§l§8B§x§6§3§6§3§6§3a§x§7§1§7§1§7§1h§x§8§0§8§0§8§0a§x§8§E§8§E§8§Em§x§9§C§9§C§9§Cu§7t§x§9§C§9§C§9§C §x§8§E§8§E§8§ES§x§8§0§8§0§8§0w§x§7§1§7§1§7§1o§x§6§3§6§3§6§3r§8d from expire
[20:33:27] > Icon_Skully buy x64 Oak log to Padjibarr for $60.
[20:33:31] > Icon_Skully buy x64 Oak log to Padjibarr for $60.
[20:51:39] > nebula12321 buy x4 Nether star to Cooldoggiexd for $200,000.
[20:51:46] > nebula12321 remove x4 Nether star from buy
[21:06:14] > HwanYo remove x1 §x§F§F§5§5§0§0§lsᴇʟʟᴡᴀɴᴅ §6- 10.0x from buy
[21:25:04] > Kujinne buy x1 §x§E§5§1§B§1§B§lDracula Wings to EnderDragon0120 for $650,000.
[21:25:20] > Kujinne remove x1 §x§E§5§1§B§1§B§lDracula Wings from buy
[21:29:23] > BlueTea_Official added x2 Ominous trial key in auction for 100000.
[21:30:09] > Zypher_0w0 added x64 Wither skeleton skull in auction for 320000.
[21:30:24] > Zypher_0w0 added x64 Wither skeleton skull in auction for 320000.
[21:30:47] > Zypher_0w0 added x64 Wither skeleton skull in auction for 320000.
[21:39:18] > EnderDragon0120 remove x1 §x§E§5§1§B§1§B§lDracula Wings from storage
[21:39:43] > EnderDragon0120 remove x1 §x§E§5§1§B§1§B§lDracula Wings from expire
[21:39:47] > EnderDragon0120 added x1 §x§E§5§1§B§1§B§lDracula Wings in auction for 550000.
[21:49:32] > AveryTheMayo buy x1 Diamond helmet to belvi__ for $80,000.
[21:49:47] > AveryTheMayo remove x1 Diamond helmet from buy
[21:53:31] > Rain_Reinn added x64 Blaze rod in auction for 10.
[21:53:44] > Rain_Reinn added x64 Blaze rod in auction for 10.
[21:55:08] > FLaMesd added x1 Music disc 13 in auction for 20000.
[21:56:25] > .JoshuaCraft9422 buy x64 Blaze rod to Rain_Reinn for $10.
[21:56:35] > .JoshuaCraft9422 buy x64 Blaze rod to Rain_Reinn for $10.
[21:56:55] > EnderDragon0120 added x1 Netherite leggings in auction for 225000.
[21:58:01] > EnderDragon0120 added x1 §x§F§F§3§E§0§0§lD§x§F§F§3§6§0§0§le§x§F§F§2§F§0§0§lm§x§F§F§2§7§0§0§lo§x§F§F§1§F§0§0§ln §x§F§F§1§0§0§0§lL§x§F§F§0§8§0§0§lo§x§F§F§0§0§0§0§lr§x§F§F§0§8§0§0§ld §x§F§F§1§7§0§0§lD§x§F§F§1§F§0§0§la§x§F§F§2§7§0§0§lg§x§F§F§2§F§0§0§lg§x§F§F§3§6§0§0§le§x§F§F§3§E§0§0§lr in auction for 500000.
[21:58:37] > EnderDragon0120 remove x1 §x§E§3§A§F§4§F§lʟᴇɢᴇɴᴅᴀʀʏ ɪᴛᴇᴍ from storage
[21:58:43] > EnderDragon0120 remove x1 §f§l§8B§x§6§2§6§2§6§2a§x§6§F§6§F§6§Fh§x§7§C§7§C§7§Ca§x§8§9§8§9§8§9m§x§9§6§9§6§9§6u§x§A§3§A§3§A§3t §x§9§6§9§6§9§6H§x§8§9§8§9§8§9a§x§7§C§7§C§7§Ct§x§6§F§6§F§6§F §x§6§2§6§2§6§2V§82 from storage
[21:58:45] > .JoshuaCraft9422 buy x1 §x§F§F§3§E§0§0§lD§x§F§F§3§6§0§0§le§x§F§F§2§F§0§0§lm§x§F§F§2§7§0§0§lo§x§F§F§1§F§0§0§ln §x§F§F§1§0§0§0§lL§x§F§F§0§8§0§0§lo§x§F§F§0§0§0§0§lr§x§F§F§0§8§0§0§ld §x§F§F§1§7§0§0§lD§x§F§F§1§F§0§0§la§x§F§F§2§7§0§0§lg§x§F§F§2§F§0§0§lg§x§F§F§3§6§0§0§le§x§F§F§3§E§0§0§lr to EnderDragon0120 for $500,000.
[21:58:53] > EnderDragon0120 added x1 §x§F§F§7§C§0§0§lSteamsparks Leggings in auction for 400000.
[21:59:30] > EnderDragon0120 added x1 §x§F§F§7§C§0§0§lSteamsparks Battle Axe in auction for 475000.
[22:00:10] > EnderDragon0120 added x1 §x§E§5§1§B§1§B§lDracula Leggings in auction for 280000.
[22:02:02] > HwanYo buy x1 §x§F§F§3§E§0§0§lSellwand Voucher to lorxie for $1,200,000.
[22:02:07] > HwanYo remove x1 §x§F§F§3§E§0§0§lSellwand Voucher from buy
[22:02:22] > HwanYo buy x1 §x§F§F§3§E§0§0§lSellwand Voucher to scarlettti for $1,500,000.
[22:02:26] > HwanYo remove x1 §x§F§F§3§E§0§0§lSellwand Voucher from buy
[22:02:43] > .JoshuaCraft9422 remove x64 Blaze rod from buy
[22:02:44] > .JoshuaCraft9422 remove x64 Blaze rod from buy
[22:02:46] > .JoshuaCraft9422 remove x1 §x§F§F§3§E§0§0§lD§x§F§F§3§6§0§0§le§x§F§F§2§F§0§0§lm§x§F§F§2§7§0§0§lo§x§F§F§1§F§0§0§ln §x§F§F§1§0§0§0§lL§x§F§F§0§8§0§0§lo§x§F§F§0§0§0§0§lr§x§F§F§0§8§0§0§ld §x§F§F§1§7§0§0§lD§x§F§F§1§F§0§0§la§x§F§F§2§7§0§0§lg§x§F§F§2§F§0§0§lg§x§F§F§3§6§0§0§le§x§F§F§3§E§0§0§lr from buy
[22:02:56] > HwanYo buy x1 §x§F§F§5§5§0§0§lsᴇʟʟᴡᴀɴᴅ §6- 5.0x to alecczzz for $500,000.
[22:02:59] > HwanYo buy x1 §x§F§F§5§5§0§0§lsᴇʟʟᴡᴀɴᴅ §6- 5.0x to YooRushy for $500,000.
[22:03:03] > HwanYo buy x1 §x§F§F§5§5§0§0§lsᴇʟʟᴡᴀɴᴅ §6- 5.0x to moonlyyuns for $500,000.
[22:03:14] > HwanYo buy x1 §x§F§F§5§5§0§0§lsᴇʟʟᴡᴀɴᴅ §6- 10.0x to kabayooo for $1,300,000.
[22:03:17] > HwanYo buy x1 §x§F§F§5§5§0§0§lsᴇʟʟᴡᴀɴᴅ §6- 10.0x to kabayooo for $1,300,000.
[22:03:36] > HwanYo remove x1 §x§F§F§5§5§0§0§lsᴇʟʟᴡᴀɴᴅ §6- 10.0x from buy
[22:03:36] > HwanYo remove x1 §x§F§F§5§5§0§0§lsᴇʟʟᴡᴀɴᴅ §6- 10.0x from buy
[22:03:39] > HwanYo remove x1 §x§F§F§5§5§0§0§lsᴇʟʟᴡᴀɴᴅ §6- 5.0x from buy
[22:03:39] > HwanYo remove x1 §x§F§F§5§5§0§0§lsᴇʟʟᴡᴀɴᴅ §6- 5.0x from buy
[22:03:39] > HwanYo remove x1 §x§F§F§5§5§0§0§lsᴇʟʟᴡᴀɴᴅ §6- 5.0x from buy
[22:03:39] > HwanYo remove x1 §x§F§F§5§5§0§0§lsᴇʟʟᴡᴀɴᴅ §6- 5.0x from buy
[22:03:40] > HwanYo remove x1 §x§F§F§5§5§0§0§lsᴇʟʟᴡᴀɴᴅ §6- 5.0x from buy
[22:04:23] > .JoshuaCraft9422 added x1 §x§F§F§3§E§0§0§lD§x§F§F§3§6§0§0§le§x§F§F§2§F§0§0§lm§x§F§F§2§7§0§0§lo§x§F§F§1§F§0§0§ln §x§F§F§1§0§0§0§lL§x§F§F§0§8§0§0§lo§x§F§F§0§0§0§0§lr§x§F§F§0§8§0§0§ld §x§F§F§1§7§0§0§lD§x§F§F§1§F§0§0§la§x§F§F§2§7§0§0§lg§x§F§F§2§F§0§0§lg§x§F§F§3§6§0§0§le§x§F§F§3§E§0§0§lr in auction for 800000.
[22:08:50] > Julene added x2 §x§F§F§3§E§0§0§lSellwand Voucher in auction for 250000.
[22:09:01] > dat_boi added x1 §f§l§8B§x§6§2§6§2§6§2a§x§6§F§6§F§6§Fh§x§7§C§7§C§7§Ca§x§8§9§8§9§8§9m§x§9§6§9§6§9§6u§x§A§3§A§3§A§3t §x§9§6§9§6§9§6S§x§8§9§8§9§8§9h§x§7§C§7§C§7§Ci§x§6§F§6§F§6§Fe§x§6§2§6§2§6§2l§8d in auction for 100000.
[22:09:10] > FLaMesd buy x2 Ominous trial key to BlueTea_Official for $100,000.
[22:09:30] > UnavailableTest buy x2 §x§F§F§3§E§0§0§lSellwand Voucher to Julene for $250,000.
[22:09:42] > FLaMesd added x1 Music disc cat in auction for 20000.
[22:09:44] > UnavailableTest remove x2 §x§F§F§3§E§0§0§lSellwand Voucher form buy
[22:10:38] > BlackKnight buy x1 §f§l§8B§x§6§2§6§2§6§2a§x§6§F§6§F§6§Fh§x§7§C§7§C§7§Ca§x§8§9§8§9§8§9m§x§9§6§9§6§9§6u§x§A§3§A§3§A§3t §x§9§6§9§6§9§6S§x§8§9§8§9§8§9h§x§7§C§7§C§7§Ci§x§6§F§6§F§6§Fe§x§6§2§6§2§6§2l§8d to dat_boi for $100,000.
[22:11:38] > Applegod9 buy x1 Diamond pickaxe to YooRushy for $100,000.
[22:12:09] > Julene added x1 §fMysterious Hat in auction for 100000.
[22:13:20] > Julene added x1 §x§F§F§7§C§0§0§lSteamsparks Spear in auction for 275000.
[22:14:45] > Applegod9 added x1 §x§F§F§5§5§0§0§lsᴇʟʟᴡᴀɴᴅ §6- 10.0x in auction for 600000.
[22:18:42] > x3 Shulker shell, bought by Ax_, has just expired, the item is definitively deleted.
[22:18:44] > Applegod9 remove x1 Diamond pickaxe from buy
[22:20:51] > Applegod9 remove x1 §x§F§F§5§5§0§0§lsᴇʟʟᴡᴀɴᴅ §6- 10.0x from storage
[22:26:14] > Applegod9 added x1 §x§F§F§5§5§0§0§lsᴇʟʟᴡᴀɴᴅ §6- 10.0x in auction for 350000.
[22:26:43] > UnavailableTest buy x1 §x§F§F§5§5§0§0§lsᴇʟʟᴡᴀɴᴅ §6- 10.0x to Applegod9 for $350,000.
[22:26:44] > Julene remove x1 Water bucket from storage
[22:26:58] > UnavailableTest remove x1 §x§F§F§5§5§0§0§lsᴇʟʟᴡᴀɴᴅ §6- 10.0x form buy
[22:29:11] > Applegod9 added x1 §x§3§4§9§8§D§Bᴢᴏᴍʙɪᴇ ꜱᴘᴀᴡɴᴇʀ in auction for 500000.
[22:29:11] > dennnnn buy x1 Netherite leggings to EnderDragon0120 for $225,000.
[22:29:20] > dennnnn remove x1 Netherite leggings from buy
[22:38:31] > dennnnn added x1 §x§F§F§5§5§0§0§lsᴇʟʟᴡᴀɴᴅ §6- 5.0x in auction for 300000.
[22:38:56] > dennnnn added x1 §x§F§F§5§5§0§0§lsᴇʟʟᴡᴀɴᴅ §6- 5.0x in auction for 300000.
[22:40:11] > belvi__ added x1 Diamond boots in auction for 150000.
[22:41:08] > BlueTea_Official added x1 Ominous bottle in auction for 50000.
[22:41:45] > Applegod9 added x1 §x§3§4§9§8§D§Bᴄᴀᴠᴇ ꜱᴘɪᴅᴇʀ ꜱᴘᴀᴡɴᴇʀ in auction for 400000.
[22:43:02] > Julene added x64 Diamond in auction for 50000.
[22:43:24] > Julene added x8 Diamond in auction for 1000.
[22:43:38] > Julene added x1 Potion in auction for 25000.
[22:44:19] > Julene added x1 §x§A§5§8§0§D§D§lᴇᴘɪᴄ ɪᴛᴇᴍ in auction for 11000.
[22:46:46] > Applegod9 added x1 §x§3§4§9§8§D§Bᴄᴀᴠᴇ ꜱᴘɪᴅᴇʀ ꜱᴘᴀᴡɴᴇʀ in auction for 300000.
[22:47:04] > Applegod9 added x1 §x§3§4§9§8§D§Bꜱᴋᴇʟᴇᴛᴏɴ ꜱᴘᴀᴡɴᴇʀ in auction for 500000.
[22:48:11] > rcryeio buy x1 §x§A§5§8§0§D§D§lᴇᴘɪᴄ ɪᴛᴇᴍ to Julene for $11,000.
[22:48:20] > rcryeio remove x1 §x§A§5§8§0§D§D§lᴇᴘɪᴄ ɪᴛᴇᴍ from buy
[22:48:23] > BlueTea_Official added x1 Sniffer egg in auction for 200000.
[22:48:51] > BlueTea_Official buy x2 Netherite scrap to giyahnpogi for $50,000.
[22:49:03] > .AyakoKoru buy x64 Diamond to Julene for $50,000.
[22:49:18] > .AyakoKoru buy x8 Diamond to Julene for $1,000.
[22:49:31] > .AyakoKoru remove x64 Diamond from buy
[22:49:34] > BlueTea_Official remove x2 Netherite scrap form buy
[22:49:45] > .AyakoKoru remove x8 Diamond from buy
[22:52:59] > BlackKnight buy x1 §x§3§4§9§8§D§Bᴄᴀᴠᴇ ꜱᴘɪᴅᴇʀ ꜱᴘᴀᴡɴᴇʀ to Applegod9 for $300,000.
[22:53:06] > BlackKnight buy x1 §x§3§4§9§8§D§Bᴄᴀᴠᴇ ꜱᴘɪᴅᴇʀ ꜱᴘᴀᴡɴᴇʀ to Applegod9 for $400,000.
[22:53:44] > BlackKnight buy x1 §x§E§5§1§B§1§B§lDracula Wings to EnderDragon0120 for $550,000.
[22:54:15] > BlackKnight remove x1 §x§E§5§1§B§1§B§lDracula Wings from buy
[22:54:16] > BlackKnight remove x1 §f§l§8B§x§6§2§6§2§6§2a§x§6§F§6§F§6§Fh§x§7§C§7§C§7§Ca§x§8§9§8§9§8§9m§x§9§6§9§6§9§6u§x§A§3§A§3§A§3t §x§9§6§9§6§9§6S§x§8§9§8§9§8§9h§x§7§C§7§C§7§Ci§x§6§F§6§F§6§Fe§x§6§2§6§2§6§2l§8d from buy
[22:54:17] > BlackKnight remove x1 §x§3§4§9§8§D§Bᴄᴀᴠᴇ ꜱᴘɪᴅᴇʀ ꜱᴘᴀᴡɴᴇʀ from buy
[22:54:18] > BlackKnight remove x1 §x§3§4§9§8§D§Bᴄᴀᴠᴇ ꜱᴘɪᴅᴇʀ ꜱᴘᴀᴡɴᴇʀ from buy
[22:54:19] > BlackKnight remove x1 §fZombie Plushie §6(#99/101) from buy
[22:54:19] > BlackKnight remove x1 §fHorse Plushie (Gray) §6(#48/101) from buy
[23:01:09] > Applegod9 buy x1 Diamond boots to belvi__ for $150,000.
[23:01:27] > Applegod9 remove x1 Diamond boots from buy
[23:08:20] > Applegod9 added x1 Enchanted book in auction for 50000.
[23:09:10] > koshie buy x1 §x§F§F§5§5§0§0§lsᴇʟʟᴡᴀɴᴅ §6- 5.0x to dennnnn for $300,000.
[23:09:13] > koshie buy x1 §x§3§4§9§8§D§Bᴢᴏᴍʙɪᴇ ꜱᴘᴀᴡɴᴇʀ to Applegod9 for $500,000.
[23:09:20] > koshie buy x1 §x§F§F§5§5§0§0§lsᴇʟʟᴡᴀɴᴅ §6- 5.0x to dennnnn for $300,000.
[23:09:47] > koshie remove x1 §x§3§4§9§8§D§Bᴢᴏᴍʙɪᴇ ꜱᴘᴀᴡɴᴇʀ from buy
[23:09:48] > koshie remove x1 §x§F§F§5§5§0§0§lsᴇʟʟᴡᴀɴᴅ §6- 5.0x from buy
[23:09:49] > koshie remove x1 §x§F§F§5§5§0§0§lsᴇʟʟᴡᴀɴᴅ §6- 5.0x from buy
[23:09:53] > Xavier881 buy x1 Sniffer egg to BlueTea_Official for $200,000.
[23:11:10] > Applegod9 added x1 §x§3§4§9§8§D§Bᴄᴀᴠᴇ ꜱᴘɪᴅᴇʀ ꜱᴘᴀᴡɴᴇʀ in auction for 400000.
[23:11:39] > octopus_01 added x1 Femboy Meat in auction for 1000.
[23:25:13] > x1 §x§F§F§5§5§0§0§lsᴇʟʟᴡᴀɴᴅ §6- 5.0x, item of Keenorana, has just expired, the item is definitively deleted.
[23:25:17] > koshie remove x1 §f§l§8B§x§6§3§6§3§6§3a§x§7§1§7§1§7§1h§x§8§0§8§0§8§0a§x§8§E§8§E§8§Em§x§9§C§9§C§9§Cu§7t§x§9§C§9§C§9§C §x§8§E§8§E§8§ES§x§8§0§8§0§8§0p§x§7§1§7§1§7§1e§x§6§3§6§3§6§3a§8r from expire
[23:25:18] > koshie remove x1 §f§l§8B§x§6§2§6§2§6§2a§x§6§F§6§F§6§Fh§x§7§C§7§C§7§Ca§x§8§9§8§9§8§9m§x§9§6§9§6§9§6u§x§A§3§A§3§A§3t §x§9§6§9§6§9§6H§x§8§9§8§9§8§9a§x§7§C§7§C§7§Ct§x§6§F§6§F§6§F §x§6§2§6§2§6§2V§82 from expire
[23:25:19] > koshie remove x1 §f§l§8B§x§6§1§6§1§6§1a§x§6§D§6§D§6§Dh§x§7§9§7§9§7§9a§x§8§6§8§6§8§6m§x§9§2§9§2§9§2u§x§9§E§9§E§9§Et§7 §x§9§E§9§E§9§EH§x§9§2§9§2§9§2a§x§8§6§8§6§8§6l§x§7§9§7§9§7§9b§x§6§D§6§D§6§De§x§6§1§6§1§6§1r§8d from expire
[23:25:20] > koshie remove x1 §x§5§9§A§1§D§9§lA§x§7§1§A§E§D§Er§x§8§8§B§C§E§4c§x§A§0§C§9§E§9h§x§B§8§D§7§E§Fa§x§D§0§E§4§F§4n§x§E§7§F§2§F§Ag§fe§x§E§7§F§2§F§Al §x§B§8§D§7§E§FS§x§A§0§C§9§E§9p§x§8§8§B§C§E§4e§x§7§1§A§E§D§Ea§x§5§9§A§1§D§9r from expire
[23:25:22] > koshie remove x1 §f§l§x§F§C§D§0§5§CW§x§F§A§A§2§4§8u§x§F§8§7§4§3§3k§x§F§6§4§5§1§Fo§x§F§4§1§7§0§Ang§x§F§6§4§5§1§F §x§F§8§7§4§3§3A§x§F§A§A§2§4§8x§x§F§C§D§0§5§Ce from expire
[23:27:58] > dennnnn added x1 §x§F§F§5§5§0§0§lsᴇʟʟᴡᴀɴᴅ §6- 10.0x in auction for 1300000.
[23:50:36] > Xavier881 added x1 Ominous trial key in auction for 100000.
[23:58:07] > Xavier881 added x1 §x§3§4§9§8§D§Bᴄᴀᴠᴇ ꜱᴘɪᴅᴇʀ ꜱᴘᴀᴡɴᴇʀ in auction for 350000.
[00:06:09] > Applegod9 remove x1 §x§3§4§9§8§D§Bᴄᴀᴠᴇ ꜱᴘɪᴅᴇʀ ꜱᴘᴀᴡɴᴇʀ from storage
[00:06:10] > Applegod9 remove x1 §x§3§4§9§8§D§Bꜱᴋᴇʟᴇᴛᴏɴ ꜱᴘᴀᴡɴᴇʀ from storage
[00:06:27] > Applegod9 added x1 §x§3§4§9§8§D§Bꜱᴋᴇʟᴇᴛᴏɴ ꜱᴘᴀᴡɴᴇʀ in auction for 300000.
[00:06:40] > Applegod9 added x1 §x§3§4§9§8§D§Bᴄᴀᴠᴇ ꜱᴘɪᴅᴇʀ ꜱᴘᴀᴡɴᴇʀ in auction for 300000.
[00:14:24] > Applegod9 remove x1 §x§3§4§9§8§D§Bꜱᴋᴇʟᴇᴛᴏɴ ꜱᴘᴀᴡɴᴇʀ from storage
[00:14:25] > Applegod9 remove x1 §x§3§4§9§8§D§Bᴄᴀᴠᴇ ꜱᴘɪᴅᴇʀ ꜱᴘᴀᴡɴᴇʀ from storage
[00:14:44] > Applegod9 added x1 §x§3§4§9§8§D§Bꜱᴋᴇʟᴇᴛᴏɴ ꜱᴘᴀᴡɴᴇʀ in auction for 200000.
[00:14:58] > Applegod9 added x1 §x§3§4§9§8§D§Bᴄᴀᴠᴇ ꜱᴘɪᴅᴇʀ ꜱᴘᴀᴡɴᴇʀ in auction for 200000.
[00:17:41] > Applegod9 remove x1 §x§3§4§9§8§D§Bᴄᴀᴠᴇ ꜱᴘɪᴅᴇʀ ꜱᴘᴀᴡɴᴇʀ from storage
[00:17:42] > Applegod9 remove x1 §x§3§4§9§8§D§Bꜱᴋᴇʟᴇᴛᴏɴ ꜱᴘᴀᴡɴᴇʀ from storage
[00:17:59] > Applegod9 added x1 §x§3§4§9§8§D§Bᴄᴀᴠᴇ ꜱᴘɪᴅᴇʀ ꜱᴘᴀᴡɴᴇʀ in auction for 400000.
[00:18:15] > Applegod9 added x1 §x§3§4§9§8§D§Bꜱᴋᴇʟᴇᴛᴏɴ ꜱᴘᴀᴡɴᴇʀ in auction for 400000.
[00:19:59] > nachfaust added x1 §x§3§4§9§8§D§Bᴄᴀᴠᴇ ꜱᴘɪᴅᴇʀ ꜱᴘᴀᴡɴᴇʀ in auction for 200000.
[00:23:29] > dat_boi buy x64 Sculk catalyst to KyLuxxy for $300,000.
[00:23:41] > x1 §fParrot Plushie (Red) §6(#57/101), bought by koshie, has just expired, the item is definitively deleted.
[00:23:41] > x64 Experience bottle, bought by HwanYo, has just expired, the item is definitively deleted.
[00:23:41] > x1 §fButterfly Hat, bought by Unforce01, has just expired, the item is definitively deleted.
[00:23:42] > dat_boi remove x64 Sculk catalyst from buy
[00:28:37] > dat_boi added x1 §f§l§x§F§A§0§0§0§AD§x§F§A§1§A§1§4a§x§F§B§3§4§1§Fr§x§F§B§4§E§2§9k§x§F§B§6§8§3§3f§x§F§B§8§2§3§Dl§x§F§C§9§C§4§8a§x§F§C§B§6§5§2m§x§F§C§D§0§5§Ce§x§F§C§D§0§5§C §x§F§C§B§6§5§2L§x§F§C§9§C§4§8e§x§F§B§8§2§3§Dg§x§F§B§6§8§3§3g§x§F§B§4§E§2§9i§x§F§B§3§4§1§Fn§x§F§A§1§A§1§4g§x§F§A§0§0§0§As in auction for 200000.
[00:28:49] > dat_boi added x1 §x§E§5§1§B§1§B§lDracula Spear in auction for 150000.
[00:29:07] > dat_boi added x1 §x§F§F§7§C§0§0§lSteamsparks Shield in auction for 200000.
[00:29:25] > dat_boi added x5 §x§9§8§6§3§E§7§lG§x§9§0§7§5§E§2§lo§x§8§8§8§7§D§D§ld§x§8§0§9§9§D§8§ll§x§7§7§A§C§D§4§ly §x§6§7§D§0§C§A§lC§x§5§F§E§2§C§5§lr§x§6§7§D§0§C§A§la§x§6§F§B§E§C§F§lt§x§7§7§A§C§D§4§le §x§8§8§8§7§D§D§lK§x§9§0§7§5§E§2§le§x§9§8§6§3§E§7§ly in auction for 300000.
[00:34:00] > dat_boi added x1 §x§F§F§5§5§0§0§lsᴇʟʟᴡᴀɴᴅ §6- 5.0x in auction for 160000.
[00:34:01] > Julene added x2 §x§F§F§3§E§0§0§lSellwand Voucher in auction for 300000.
[00:35:10] > dat_boi added x1 §x§F§F§5§5§0§0§lsᴇʟʟᴡᴀɴᴅ §6- 5.0x in auction for 160000.
[00:35:22] > Applegod9 added x1 §x§F§F§5§5§0§0§lsᴇʟʟᴡᴀɴᴅ §6- 5.0x in auction for 400000.
[00:35:57] > Kodakoda buy x2 §x§F§F§3§E§0§0§lSellwand Voucher to Julene for $300,000.
[00:36:04] > Kodakoda remove x2 §x§F§F§3§E§0§0§lSellwand Voucher from buy
[00:37:35] > Applegod9 added x1 §x§3§4§9§8§D§Bᴄᴀᴠᴇ ꜱᴘɪᴅᴇʀ ꜱᴘᴀᴡɴᴇʀ in auction for 400000.
[00:38:43] > dat_boi buy x1 Coast armor trim smithing template to Johng10910 for $100,000.
[00:40:00] > Applegod9 remove x1 Enchanted book from storage
[00:40:00] > belvi__ added x1 Diamond pickaxe in auction for 100000.
[00:40:19] > Applegod9 added x2 §x§3§4§9§8§D§Bᴄᴀᴠᴇ ꜱᴘɪᴅᴇʀ ꜱᴘᴀᴡɴᴇʀ in auction for 400000.
[00:41:19] > Kodakoda added x1 §x§F§F§5§5§0§0§lsᴇʟʟᴡᴀɴᴅ §6- 10.0x in auction for 650000.
[00:42:13] > Julene remove x1 §x§F§F§7§C§0§0§lSteamsparks Spear from storage
[00:42:53] > UnavailableTest buy x1 §x§F§F§5§5§0§0§lsᴇʟʟᴡᴀɴᴅ §6- 5.0x to dat_boi for $160,000.
[00:42:58] > UnavailableTest buy x1 §x§F§F§5§5§0§0§lsᴇʟʟᴡᴀɴᴅ §6- 5.0x to dat_boi for $160,000.
[00:43:46] > Julene remove x1 §fMysterious Hat from storage
[00:44:01] > ry9191 buy x5 §x§9§8§6§3§E§7§lG§x§9§0§7§5§E§2§lo§x§8§8§8§7§D§D§ld§x§8§0§9§9§D§8§ll§x§7§7§A§C§D§4§ly §x§6§7§D§0§C§A§lC§x§5§F§E§2§C§5§lr§x§6§7§D§0§C§A§la§x§6§F§B§E§C§F§lt§x§7§7§A§C§D§4§le §x§8§8§8§7§D§D§lK§x§9§0§7§5§E§2§le§x§9§8§6§3§E§7§ly to dat_boi for $300,000.
[00:44:11] > ry9191 remove x5 §x§9§8§6§3§E§7§lG§x§9§0§7§5§E§2§lo§x§8§8§8§7§D§D§ld§x§8§0§9§9§D§8§ll§x§7§7§A§C§D§4§ly §x§6§7§D§0§C§A§lC§x§5§F§E§2§C§5§lr§x§6§7§D§0§C§A§la§x§6§F§B§E§C§F§lt§x§7§7§A§C§D§4§le §x§8§8§8§7§D§D§lK§x§9§0§7§5§E§2§le§x§9§8§6§3§E§7§ly form buy
[00:44:45] > UnavailableTest remove x1 §x§F§F§5§5§0§0§lsᴇʟʟᴡᴀɴᴅ §6- 5.0x form buy
[00:44:45] > UnavailableTest remove x1 §x§F§F§5§5§0§0§lsᴇʟʟᴡᴀɴᴅ §6- 5.0x form buy
[00:49:05] > HPMR_GaMerz buy x2 §x§3§4§9§8§D§Bᴄᴀᴠᴇ ꜱᴘɪᴅᴇʀ ꜱᴘᴀᴡɴᴇʀ to Applegod9 for $400,000.
[00:49:33] > Applegod9 buy x1 Ominous trial key to Xavier881 for $100,000.
[00:50:05] > Applegod9 added x1 §x§3§4§9§8§D§Bᴄᴀᴠᴇ ꜱᴘɪᴅᴇʀ ꜱᴘᴀᴡɴᴇʀ in auction for 400000.
[00:50:13] > Applegod9 remove x1 Ominous trial key from buy
[01:03:30] > Julene added x1 Ominous bottle in auction for 150000.
[01:12:26] > Xavier881 buy x1 §x§F§F§5§5§0§0§lsᴇʟʟᴡᴀɴᴅ §6- 10.0x to Kodakoda for $650,000.
[01:12:40] > Xavier881 remove x1 Sniffer egg form buy
[01:12:40] > Xavier881 remove x1 §x§F§F§5§5§0§0§lsᴇʟʟᴡᴀɴᴅ §6- 10.0x form buy
[01:13:00] > Abbadex buy x1 §x§F§F§5§5§0§0§lsᴇʟʟᴡᴀɴᴅ §6- 5.0x to Applegod9 for $400,000.
[01:13:29] > Abbadex buy x1 Femboy Meat to octopus_01 for $1,000.
[01:18:53] > PrinceBGC remove x1 Selling DM me your offers! from storage
[01:35:38] > ELITEWARRIOR buy x1 Diamond pickaxe to YooRushy for $100,000.
[01:36:01] > ELITEWARRIOR buy x1 Diamond pickaxe to belvi__ for $100,000.
[01:36:12] > ELITEWARRIOR remove x1 Diamond pickaxe form buy
[01:36:12] > ELITEWARRIOR remove x1 Diamond pickaxe form buy
[01:47:37] > nachfaust added x64 Diamond in auction for 150000.
[02:22:21] > belvi__ added x1 Diamond pickaxe in auction for 110000.
[02:22:35] > Ch4r_380 added x1 Netherite ingot in auction for 100000.
[02:22:51] > Ch4r_380 added x1 Netherite ingot in auction for 100000.
[02:23:07] > Ch4r_380 added x1 Netherite ingot in auction for 100000.
[02:23:33] > Ch4r_380 added x1 Netherite ingot in auction for 100000.
[02:23:41] > YchannR buy x1 Ominous bottle to BlueTea_Official for $50,000.
[02:26:55] > Ch4r_380 added x1 Netherite ingot in auction for 100000.
[02:44:52] > Xavier881 added x1 Ominous trial key in auction for 150000.
[02:54:55] > VortexZayne buy x1 Netherite ingot to Ch4r_380 for $100,000.
[02:54:57] > VortexZayne buy x1 Netherite ingot to Ch4r_380 for $100,000.
[02:54:59] > VortexZayne buy x1 Netherite ingot to Ch4r_380 for $100,000.
[02:55:00] > VortexZayne buy x1 Netherite ingot to Ch4r_380 for $100,000.
[02:55:02] > VortexZayne buy x1 Netherite ingot to Ch4r_380 for $100,000.
[03:08:00] > BlackJordan69 buy x1 Diamond pickaxe to belvi__ for $110,000.
[03:08:05] > BlackJordan69 buy x64 Diamond to nachfaust for $150,000.
[03:08:12] > BlackJordan69 buy x1 §x§3§4§9§8§D§Bᴄᴀᴠᴇ ꜱᴘɪᴅᴇʀ ꜱᴘᴀᴡɴᴇʀ to nachfaust for $200,000.
[03:09:14] > BlackJordan69 remove x1 §x§3§4§9§8§D§Bᴄᴀᴠᴇ ꜱᴘɪᴅᴇʀ ꜱᴘᴀᴡɴᴇʀ form buy
[03:09:14] > BlackJordan69 remove x64 Diamond form buy
[03:09:14] > BlackJordan69 remove x1 Diamond pickaxe form buy
[03:14:26] > Icon_Skully remove x64 Oak log from buy
[03:14:27] > Icon_Skully remove x64 Oak log from buy
[03:34:03] > shelby buy x2 Villager spawn egg to koshie for $5,000,000.
[03:35:53] > shelby remove x2 Villager spawn egg from buy
[03:40:04] > belvi__ added x1 Diamond pickaxe in auction for 100000.
[03:40:23] > belvi__ added x1 Diamond pickaxe in auction for 100000.
[03:44:14] > x1 §x§E§5§1§B§1§B§lDracula Bow, item of RainyDeeed69_, has just expired, the item is definitively deleted.
[03:44:14] > x1 §f§l§8B§x§6§3§6§3§6§3a§x§7§1§7§1§7§1h§x§8§0§8§0§8§0a§x§8§E§8§E§8§Em§x§9§C§9§C§9§Cu§7t§x§9§C§9§C§9§C §x§8§E§8§E§8§EB§x§8§0§8§0§8§0o§x§7§1§7§1§7§1o§x§6§3§6§3§6§3t§8s, item of UnavailableTest, has just expired, the item is definitively deleted.
[03:44:17] > baba remove x2 §esʜᴇᴇᴘ sᴘᴀᴡɴᴇʀ from expire
[03:44:31] > baba remove x1 §f§l§8B§x§6§6§6§6§6§6a§x§7§7§7§7§7§7h§x§8§8§8§8§8§8a§x§9§9§9§9§9§9m§7u§x§9§9§9§9§9§9t§x§8§8§8§8§8§8 §x§7§7§7§7§7§7H§x§6§6§6§6§6§6a§8t from expire
[03:44:31] > baba remove x1 §f§l§8B§x§6§2§6§2§6§2a§x§6§F§6§F§6§Fh§x§7§C§7§C§7§Ca§x§8§9§8§9§8§9m§x§9§6§9§6§9§6u§x§A§3§A§3§A§3t §x§9§6§9§6§9§6H§x§8§9§8§9§8§9a§x§7§C§7§C§7§Ct§x§6§F§6§F§6§F §x§6§2§6§2§6§2V§82 from expire
[03:44:33] > baba remove x1 §x§5§9§A§1§D§9§lA§x§7§1§A§E§D§Er§x§8§8§B§C§E§4c§x§A§0§C§9§E§9h§x§B§8§D§7§E§Fa§x§D§0§E§4§F§4n§x§E§7§F§2§F§Ag§fe§x§E§7§F§2§F§Al §x§B§8§D§7§E§FS§x§A§0§C§9§E§9t§x§8§8§B§C§E§4a§x§7§1§A§E§D§Ef§x§5§9§A§1§D§9f from expire
[03:44:42] > baba added x1 §f§l§8B§x§6§6§6§6§6§6a§x§7§7§7§7§7§7h§x§8§8§8§8§8§8a§x§9§9§9§9§9§9m§7u§x§9§9§9§9§9§9t§x§8§8§8§8§8§8 §x§7§7§7§7§7§7H§x§6§6§6§6§6§6a§8t in auction for 800000.
[03:44:57] > baba added x1 §x§5§9§A§1§D§9§lA§x§7§1§A§E§D§Er§x§8§8§B§C§E§4c§x§A§0§C§9§E§9h§x§B§8§D§7§E§Fa§x§D§0§E§4§F§4n§x§E§7§F§2§F§Ag§fe§x§E§7§F§2§F§Al §x§B§8§D§7§E§FS§x§A§0§C§9§E§9t§x§8§8§B§C§E§4a§x§7§1§A§E§D§Ef§x§5§9§A§1§D§9f in auction for 450000.
[03:45:12] > baba added x1 §f§l§8B§x§6§2§6§2§6§2a§x§6§F§6§F§6§Fh§x§7§C§7§C§7§Ca§x§8§9§8§9§8§9m§x§9§6§9§6§9§6u§x§A§3§A§3§A§3t §x§9§6§9§6§9§6H§x§8§9§8§9§8§9a§x§7§C§7§C§7§Ct§x§6§F§6§F§6§F §x§6§2§6§2§6§2V§82 in auction for 850000.
[03:48:08] > Doomday152 buy x1 Diamond pickaxe to YooRushy for $100,000.
[03:48:18] > Doomday152 remove x1 Diamond pickaxe from buy
[03:50:02] > Doomday152 buy x1 Diamond pickaxe to belvi__ for $100,000.
[03:50:07] > Doomday152 remove x1 Diamond pickaxe from buy
[04:43:08] > Xavier882 added x2 §x§F§2§C§6§D§E§lP§x§E§0§C§A§D§B§li§x§C§D§C§D§D§8§ln§x§B§B§D§1§D§5§la§x§A§9§D§4§D§2§lt§x§9§6§D§8§C§E§la §x§7§1§D§F§C§8§lC§x§5§F§E§2§C§5§lr§x§7§4§D§E§C§9§la§x§8§9§D§A§C§C§lt§x§9§E§D§6§D§0§le §x§C§8§C§E§D§7§lK§x§D§D§C§A§D§A§le§x§F§2§C§6§D§E§ly in auction for 2000.
[04:43:11] > Xavier881 buy x2 §x§F§2§C§6§D§E§lP§x§E§0§C§A§D§B§li§x§C§D§C§D§D§8§ln§x§B§B§D§1§D§5§la§x§A§9§D§4§D§2§lt§x§9§6§D§8§C§E§la §x§7§1§D§F§C§8§lC§x§5§F§E§2§C§5§lr§x§7§4§D§E§C§9§la§x§8§9§D§A§C§C§lt§x§9§E§D§6§D§0§le §x§C§8§C§E§D§7§lK§x§D§D§C§A§D§A§le§x§F§2§C§6§D§E§ly to Xavier882 for $2,000.
[04:43:17] > Xavier881 remove x2 §x§F§2§C§6§D§E§lP§x§E§0§C§A§D§B§li§x§C§D§C§D§D§8§ln§x§B§B§D§1§D§5§la§x§A§9§D§4§D§2§lt§x§9§6§D§8§C§E§la §x§7§1§D§F§C§8§lC§x§5§F§E§2§C§5§lr§x§7§4§D§E§C§9§la§x§8§9§D§A§C§C§lt§x§9§E§D§6§D§0§le §x§C§8§C§E§D§7§lK§x§D§D§C§A§D§A§le§x§F§2§C§6§D§E§ly from buy
[04:44:14] > shelby added x1 §x§F§F§5§5§0§0§lsᴇʟʟᴡᴀɴᴅ §6- 5.0x in auction for 1000000.
[04:46:44] > shelby added x1 §f§l§8B§x§6§0§6§0§6§0a§x§6§C§6§C§6§Ch§x§7§7§7§7§7§7a§x§8§2§8§2§8§2m§x§8§E§8§E§8§Eu§x§9§9§9§9§9§9t§x§A§4§A§4§A§4 G§x§9§9§9§9§9§9a§x§8§E§8§E§8§Eu§x§8§2§8§2§8§2n§x§7§7§7§7§7§7t§x§6§C§6§C§6§Cl§x§6§0§6§0§6§0e§8t in auction for 2000000.
[05:16:38] > nachfaust buy x1 §f§l§x§F§A§0§0§0§AD§x§F§A§1§E§1§6a§x§F§B§3§B§2§1r§x§F§B§5§9§2§Dk§x§F§B§7§7§3§9f§x§F§B§9§5§4§5l§x§F§C§B§2§5§0a§x§F§C§D§0§5§Cm§x§F§C§B§2§5§0e§x§F§B§9§5§4§5 §x§F§B§7§7§3§9S§x§F§B§5§9§2§Dp§x§F§B§3§B§2§1e§x§F§A§1§E§1§6a§x§F§A§0§0§0§Ar to kabayooo for $300,000.
[05:17:04] > nachfaust remove x1 §f§l§x§F§A§0§0§0§AD§x§F§A§1§E§1§6a§x§F§B§3§B§2§1r§x§F§B§5§9§2§Dk§x§F§B§7§7§3§9f§x§F§B§9§5§4§5l§x§F§C§B§2§5§0a§x§F§C§D§0§5§Cm§x§F§C§B§2§5§0e§x§F§B§9§5§4§5 §x§F§B§7§7§3§9S§x§F§B§5§9§2§Dp§x§F§B§3§B§2§1e§x§F§A§1§E§1§6a§x§F§A§0§0§0§Ar from buy
[05:26:52] > nachfaust added x1 §x§F§F§5§5§0§0§lsᴇʟʟᴡᴀɴᴅ §6- 5.0x in auction for 500000.
[05:28:13] > belvi__ remove x1 Diamond pickaxe from storage
[05:28:19] > belvi__ added x1 Diamond pickaxe in auction for 100000.
[06:12:29] > .Quackity26957 added x1 Shulker shell in auction for 5000.
[06:22:10] > nachfaust buy x1 Shulker shell to .Quackity26957 for $5,000.
[06:22:22] > nachfaust remove x1 Shulker shell from buy
[06:27:23] > HwanYo buy x1 §x§F§F§5§5§0§0§lsᴇʟʟᴡᴀɴᴅ §6- 10.0x to dennnnn for $1,300,000.
[07:12:30] > yvyq buy x1 Diamond pickaxe to belvi__ for $100,000.
[07:31:47] > HwanYo buy x1 §x§F§F§5§5§0§0§lsᴇʟʟᴡᴀɴᴅ §6- 5.0x to nachfaust for $500,000.
[07:55:40] > belvi__ added x1 Diamond pickaxe in auction for 100000.
[07:55:57] > belvi__ added x1 Diamond pickaxe in auction for 100000.
[08:32:27] > belvi__ added x1 Diamond pickaxe in auction for 100000.
[08:32:40] > belvi__ added x1 Diamond pickaxe in auction for 100000.
[09:06:08] > Xavier881 added x2 §x§3§4§9§8§D§Bꜱᴘɪᴅᴇʀ ꜱᴘᴀᴡɴᴇʀ in auction for 600000.
[09:06:46] > Frog_Frince added x1 §x§F§F§7§C§0§0§lSteamsparks Wings in auction for 2500000.
[09:06:58] > Xavier881 added x1 §x§3§4§9§8§D§Bꜱᴋᴇʟᴇᴛᴏɴ ꜱᴘᴀᴡɴᴇʀ in auction for 200000.
[10:15:32] > x1 §x§F§F§3§E§0§0§lD§x§F§F§3§7§0§0§le§x§F§F§3§0§0§0§lm§x§F§F§2§9§0§0§lo§x§F§F§2§2§0§0§ln §x§F§F§1§5§0§0§lL§x§F§F§0§E§0§0§lo§x§F§F§0§7§0§0§lr§x§F§F§0§0§0§0§ld §x§F§F§0§E§0§0§lF§x§F§F§1§5§0§0§lr§x§F§F§1§C§0§0§la§x§F§F§2§2§0§0§lg§x§F§F§2§9§0§0§lm§x§F§F§3§0§0§0§le§x§F§F§3§7§0§0§ln§x§F§F§3§E§0§0§lt, bought by kabayooo, has just expired, the item is definitively deleted.
[10:21:55] > Padjibarr added x1 §f§l§8B§x§6§3§6§3§6§3a§x§7§1§7§1§7§1h§x§8§0§8§0§8§0a§x§8§E§8§E§8§Em§x§9§C§9§C§9§Cu§7t§x§9§C§9§C§9§C §x§8§E§8§E§8§EW§x§8§0§8§0§8§0i§x§7§1§7§1§7§1n§x§6§3§6§3§6§3g§8s in auction for 1500000.
[10:24:29] > Padjibarr added x1 §x§F§0§7§A§5§4§lZombie Apocalyptic Baseballbat in auction for 1000000.
[10:26:39] > Padjibarr added x1 §x§F§F§5§5§0§0§lsᴇʟʟᴡᴀɴᴅ §6- 5.0x in auction for 300000.
[10:30:05] > AxoLittle added x1 §x§F§F§5§5§0§0§lsᴇʟʟᴡᴀɴᴅ §6- 20.0x in auction for 2000000.
[10:35:18] > yvyq remove x1 Diamond pickaxe form buy
[10:44:54] > Frog_Frince remove x1 §x§F§F§7§C§0§0§lSteamsparks Wings from storage
[10:46:39] > Jaggie buy x1 §x§3§4§9§8§D§Bꜱᴋᴇʟᴇᴛᴏɴ ꜱᴘᴀᴡɴᴇʀ to Xavier881 for $200,000.
[10:47:19] > Jaggie remove x1 §x§3§4§9§8§D§Bꜱᴋᴇʟᴇᴛᴏɴ ꜱᴘᴀᴡɴᴇʀ from buy
[11:01:15] > bedrock_enjoy3r buy x1 §x§F§F§5§5§0§0§lsᴇʟʟᴡᴀɴᴅ §6- 20.0x to AxoLittle for $2,000,000.
[11:02:31] > Gin buy x1 §x§F§F§3§E§0§0§lDemon Lord Wings to MrGh0st1y for $2,000,000.
[11:02:37] > Gin buy x1 §f§l§x§8§A§0§0§F§FS§x§9§C§0§0§D§5h§x§A§D§0§0§A§Ai§x§B§F§0§0§8§0n§x§D§0§0§0§5§5e§x§E§2§0§0§2§B §x§F§3§0§0§0§0O§x§E§2§0§0§2§An§x§D§0§0§0§5§5i§x§B§F§0§0§8§0 §x§A§D§0§0§A§AA§x§9§C§0§0§D§5x§x§8§A§0§0§F§Fe to koshie for $5,000,000.
[11:02:59] > Gin buy x1 Shulker box to celinesanrio for $3,000,000.
[11:03:45] > Gin buy x1 §f§l§8B§x§6§4§6§4§6§4a§x§7§4§7§4§7§4h§x§8§3§8§3§8§3a§x§9§3§9§3§9§3m§x§A§2§A§2§A§2ut§x§9§3§9§3§9§3 §x§8§3§8§3§8§3M§x§7§4§7§4§7§4a§x§6§4§6§4§6§4c§8e to BlackKnight for $2,000,000.
[11:04:19] > Gin buy x1 §x§F§F§5§5§0§0§lsᴇʟʟᴡᴀɴᴅ §6- 5.0x to Padjibarr for $300,000.
[11:05:14] > x1 §x§E§5§1§B§1§B§lDracula Battleaxe, item of mae, has just expired, the item is definitively deleted.
[11:05:14] > x1 /pwarp warp irony for a cheap iron block!!, item of mae, has just expired, the item is definitively deleted.
[11:05:14] > x1 §esʜᴇᴇᴘ sᴘᴀᴡɴᴇʀ, item of cinterMC, has just expired, the item is definitively deleted.
[11:05:14] > x2 §x§F§2§C§6§D§E§lP§x§E§0§C§A§D§B§li§x§C§D§C§D§D§8§ln§x§B§B§D§1§D§5§la§x§A§9§D§4§D§2§lt§x§9§6§D§8§C§E§la §x§7§1§D§F§C§8§lC§x§5§F§E§2§C§5§lr§x§7§4§D§E§C§9§la§x§8§9§D§A§C§C§lt§x§9§E§D§6§D§0§le §x§C§8§C§E§D§7§lK§x§D§D§C§A§D§A§le§x§F§2§C§6§D§E§ly, item of .Dream78720, has just expired, the item is definitively deleted.
[11:05:14] > x1 §x§F§2§C§6§D§E§lP§x§E§0§C§A§D§B§li§x§C§D§C§D§D§8§ln§x§B§B§D§1§D§5§la§x§A§9§D§4§D§2§lt§x§9§6§D§8§C§E§la §x§7§1§D§F§C§8§lC§x§5§F§E§2§C§5§lr§x§7§4§D§E§C§9§la§x§8§9§D§A§C§C§lt§x§9§E§D§6§D§0§le §x§C§8§C§E§D§7§lK§x§D§D§C§A§D§A§le§x§F§2§C§6§D§E§ly, item of .Kenmbu, has just expired, the item is definitively deleted.
[11:05:50] > Gin remove x1 §x§F§F§3§E§0§0§lDemon Lord Wings form buy
[11:05:50] > Gin remove x1 §f§l§x§8§A§0§0§F§FS§x§9§C§0§0§D§5h§x§A§D§0§0§A§Ai§x§B§F§0§0§8§0n§x§D§0§0§0§5§5e§x§E§2§0§0§2§B §x§F§3§0§0§0§0O§x§E§2§0§0§2§An§x§D§0§0§0§5§5i§x§B§F§0§0§8§0 §x§A§D§0§0§A§AA§x§9§C§0§0§D§5x§x§8§A§0§0§F§Fe form buy
[11:05:50] > Gin remove x1 Shulker box form buy
[11:05:50] > Gin remove x1 §f§l§8B§x§6§4§6§4§6§4a§x§7§4§7§4§7§4h§x§8§3§8§3§8§3a§x§9§3§9§3§9§3m§x§A§2§A§2§A§2ut§x§9§3§9§3§9§3 §x§8§3§8§3§8§3M§x§7§4§7§4§7§4a§x§6§4§6§4§6§4c§8e form buy
[11:05:50] > Gin remove x1 §x§F§F§5§5§0§0§lsᴇʟʟᴡᴀɴᴅ §6- 5.0x form buy
[11:22:18] > Callistrix added x1 §x§F§F§7§C§0§0§lSteamsparks Spear in auction for 400000.
[11:24:00] > Callistrix remove x1 §f§l§x§F§C§D§0§5§CW§x§F§B§A§D§4§Du§x§F§9§8§B§3§Dk§x§F§8§6§8§2§Eo§x§F§6§4§5§1§Fn§x§F§5§2§3§0§Fg§x§F§3§0§0§0§0 §x§F§5§2§3§0§FS§x§F§6§4§5§1§Fh§x§F§8§6§8§2§Eo§x§F§9§8§B§3§Dv§x§F§B§A§D§4§De§x§F§C§D§0§5§Cl from expire
[11:25:02] > Callistrix added x1 §f§l§x§F§C§D§0§5§CW§x§F§B§A§D§4§Du§x§F§9§8§B§3§Dk§x§F§8§6§8§2§Eo§x§F§6§4§5§1§Fn§x§F§5§2§3§0§Fg§x§F§3§0§0§0§0 §x§F§5§2§3§0§FS§x§F§6§4§5§1§Fh§x§F§8§6§8§2§Eo§x§F§9§8§B§3§Dv§x§F§B§A§D§4§De§x§F§C§D§0§5§Cl in auction for 200000.
[11:56:13] > bedrock_enjoy3r remove x1 §x§F§F§5§5§0§0§lsᴇʟʟᴡᴀɴᴅ §6- 20.0x from buy
[11:57:44] > Jaggie buy x1 §x§3§4§9§8§D§Bꜱᴋᴇʟᴇᴛᴏɴ ꜱᴘᴀᴡɴᴇʀ to Applegod9 for $400,000.
[11:57:49] > Jaggie remove x1 §x§3§4§9§8§D§Bꜱᴋᴇʟᴇᴛᴏɴ ꜱᴘᴀᴡɴᴇʀ from buy