
[13:26:52] > Unforce01 buy x33 Nether wart to .JakeTheMiner457 for $100.
[13:29:15] > Keeos buy x3 §x§3§4§9§8§D§Bꜱᴋᴇʟᴇᴛᴏɴ ꜱᴘᴀᴡɴᴇʀ to mauserdart for $1,500,000.
[13:29:27] > x1 Ominous bottle, bought by .SharkyisHungry, has just expired, the item is definitively deleted.
[13:29:27] > x1 Ominous bottle, bought by El3ctric_Ey3, has just expired, the item is definitively deleted.
[13:29:28] > Keeos remove x3 §x§3§4§9§8§D§Bꜱᴋᴇʟᴇᴛᴏɴ ꜱᴘᴀᴡɴᴇʀ from buy
[13:45:50] > Unforce01 remove x33 Nether wart form buy
[13:49:53] > micailatot remove x1 Enchanted book from storage
[13:49:54] > micailatot remove x1 Enchanted book from storage
[13:50:11] > micailatot added x1 Enchanted book in auction for 2000.
[13:50:26] > micailatot added x1 Enchanted book in auction for 2500.
[14:03:44] > Dentatsu buy x64 Hopper to Rain_Reinn for $80,000.
[14:03:51] > x64 Blaze rod, bought by Trv, has just expired, the item is definitively deleted.
[14:03:52] > Dentatsu remove x64 Hopper from buy
[14:10:01] > Kaynn added x1 Enchanted book in auction for 350000.
[14:10:31] > .JakeTheMiner457 buy x1 Enchanted book to micailatot for $2,000.
[14:11:41] > Kaynn remove x1 Enchanted book from storage
[14:18:59] > dat_boi remove x1 §x§E§5§1§B§1§B§lDracula Halberd from storage
[14:19:04] > dat_boi remove x1 §x§F§F§7§C§0§0§lSteamsparks Staff from storage
[14:19:04] > dat_boi remove x1 §x§E§5§1§B§1§B§lDracula Dagger from storage
[14:19:05] > dat_boi remove x1 §f§l§8B§x§6§1§6§1§6§1a§x§6§D§6§D§6§Dh§x§7§9§7§9§7§9a§x§8§6§8§6§8§6m§x§9§2§9§2§9§2u§x§9§E§9§E§9§Et§7 §x§9§E§9§E§9§EH§x§9§2§9§2§9§2a§x§8§6§8§6§8§6l§x§7§9§7§9§7§9b§x§6§D§6§D§6§De§x§6§1§6§1§6§1r§8d from storage
[14:24:56] > x1 Enchanted book, item of Puffingsponge, has just expired, the item is definitively deleted.
[14:24:56] > x1 §x§F§F§3§E§0§0§lD§x§F§F§3§6§0§0§le§x§F§F§2§F§0§0§lm§x§F§F§2§7§0§0§lo§x§F§F§1§F§0§0§ln §x§F§F§1§0§0§0§lL§x§F§F§0§8§0§0§lo§x§F§F§0§0§0§0§lr§x§F§F§0§9§0§0§ld §x§F§F§1§B§0§0§lS§x§F§F§2§3§0§0§lp§x§F§F§2§C§0§0§le§x§F§F§3§5§0§0§la§x§F§F§3§E§0§0§lr, item of FRANZ_JOSEF0, has just expired, the item is definitively deleted.
[14:24:56] > x1 LegionShop restocked Witherskulls,Exp bots,Shulker, item of tic_sz, has just expired, the item is definitively deleted.
[14:24:56] > x1 Wither skeleton skull, item of cinterMC, has just expired, the item is definitively deleted.
[14:24:56] > x1 §x§F§F§3§E§0§0§lD§x§F§F§3§7§0§0§le§x§F§F§3§0§0§0§lm§x§F§F§2§9§0§0§lo§x§F§F§2§2§0§0§ln §x§F§F§1§5§0§0§lL§x§F§F§0§E§0§0§lo§x§F§F§0§7§0§0§lr§x§F§F§0§0§0§0§ld §x§F§F§0§E§0§0§lC§x§F§F§1§5§0§0§lr§x§F§F§1§C§0§0§lo§x§F§F§2§2§0§0§ls§x§F§F§2§9§0§0§ls§x§F§F§3§0§0§0§lb§x§F§F§3§7§0§0§lo§x§F§F§3§E§0§0§lw, item of FRANZ_JOSEF0, has just expired, the item is definitively deleted.
[14:24:56] > x8 Nether star, item of llhxnce, has just expired, the item is definitively deleted.
[14:25:00] > Keeos remove x1 §f§l§x§8§A§0§0§F§FS§x§9§9§0§0§D§Bh§x§A§8§0§0§B§6i§x§B§7§0§0§9§2n§x§C§6§0§0§6§De§x§D§5§0§0§4§9 §x§E§4§0§0§2§4O§x§F§3§0§0§0§0n§x§E§4§0§0§2§4i§x§D§5§0§0§4§9 §x§C§6§0§0§6§DS§x§B§7§0§0§9§2t§x§A§8§0§0§B§6a§x§9§9§0§0§D§Bf§x§8§A§0§0§F§Ff from expire
[14:25:01] > Keeos remove x30 Golden apple from expire
[14:25:02] > Keeos remove x3 §x§5§C§C§F§F§C§lC§x§5§C§D§1§F§5§lo§x§5§D§D§4§E§E§ls§x§5§D§D§6§E§7§lm§x§5§E§D§9§E§1§le§x§5§E§D§B§D§A§lt§x§5§E§D§D§D§3§li§x§5§F§E§0§C§C§lc §x§5§F§E§0§C§C§lH§x§5§E§D§D§D§3§la§x§5§E§D§B§D§A§lt§x§5§E§D§9§E§1§ls §x§5§D§D§4§E§E§lK§x§5§C§D§1§F§5§le§x§5§C§C§F§F§C§ly from expire
[14:25:10] > Keeos added x3 §x§5§C§C§F§F§C§lC§x§5§C§D§1§F§5§lo§x§5§D§D§4§E§E§ls§x§5§D§D§6§E§7§lm§x§5§E§D§9§E§1§le§x§5§E§D§B§D§A§lt§x§5§E§D§D§D§3§li§x§5§F§E§0§C§C§lc §x§5§F§E§0§C§C§lH§x§5§E§D§D§D§3§la§x§5§E§D§B§D§A§lt§x§5§E§D§9§E§1§ls §x§5§D§D§4§E§E§lK§x§5§C§D§1§F§5§le§x§5§C§C§F§F§C§ly in auction for 150000.
[14:25:23] > Keeos added x64 Golden apple in auction for 150000.
[14:25:47] > Keeos added x1 §f§l§x§8§A§0§0§F§FS§x§9§9§0§0§D§Bh§x§A§8§0§0§B§6i§x§B§7§0§0§9§2n§x§C§6§0§0§6§De§x§D§5§0§0§4§9 §x§E§4§0§0§2§4O§x§F§3§0§0§0§0n§x§E§4§0§0§2§4i§x§D§5§0§0§4§9 §x§C§6§0§0§6§DS§x§B§7§0§0§9§2t§x§A§8§0§0§B§6a§x§9§9§0§0§D§Bf§x§8§A§0§0§F§Ff in auction for 3000000.
[14:28:21] > dat_boi added x1 §x§F§F§7§C§0§0§lSteamsparks Staff in auction for 20000.
[14:28:32] > dat_boi remove x1 §x§F§F§7§C§0§0§lSteamsparks Staff from storage
[14:28:38] > dat_boi added x1 §f§l§8B§x§6§1§6§1§6§1a§x§6§D§6§D§6§Dh§x§7§9§7§9§7§9a§x§8§6§8§6§8§6m§x§9§2§9§2§9§2u§x§9§E§9§E§9§Et§7 §x§9§E§9§E§9§EH§x§9§2§9§2§9§2a§x§8§6§8§6§8§6l§x§7§9§7§9§7§9b§x§6§D§6§D§6§De§x§6§1§6§1§6§1r§8d in auction for 200000.
[14:28:52] > dat_boi added x1 §x§F§F§7§C§0§0§lSteamsparks Staff in auction for 200000.
[14:29:05] > dat_boi added x1 §x§E§5§1§B§1§B§lDracula Dagger in auction for 200000.
[14:30:58] > belvi__ added x1 §fElf Hat in auction for 50000.
[14:31:13] > belvi__ added x1 §fAxolotl Plushie (Cyan) §6(#6/101) in auction for 50000.
[14:37:22] > Kaynn added x1 Enchanted book in auction for 100000.
[14:47:08] > YchannR remove x1 §x§F§F§3§E§0§0§lDemon Lord Wings form storage
[14:51:54] > UnavailableTest buy x1 §fAxolotl Plushie (Cyan) §6(#6/101) to belvi__ for $50,000.
[14:51:59] > UnavailableTest remove x1 §fAxolotl Plushie (Cyan) §6(#6/101) form buy
[15:03:38] > x1 §x§F§F§5§5§0§0§lsᴇʟʟᴡᴀɴᴅ §6- 5.0x, bought by omikiyomi, has just expired, the item is definitively deleted.
[15:03:38] > x1 §x§F§F§3§E§0§0§lD§x§F§F§3§7§0§0§le§x§F§F§3§0§0§0§lm§x§F§F§2§9§0§0§lo§x§F§F§2§2§0§0§ln §x§F§F§1§5§0§0§lL§x§F§F§0§E§0§0§lo§x§F§F§0§7§0§0§lr§x§F§F§0§0§0§0§ld §x§F§F§0§E§0§0§lF§x§F§F§1§5§0§0§lr§x§F§F§1§C§0§0§la§x§F§F§2§2§0§0§lg§x§F§F§2§9§0§0§lm§x§F§F§3§0§0§0§le§x§F§F§3§7§0§0§ln§x§F§F§3§E§0§0§lt, bought by VortexZayne, has just expired, the item is definitively deleted.
[15:04:16] > Icon_Skully added x1 §f§l§x§F§A§0§0§0§AD§x§F§A§1§C§1§5a§x§F§B§3§7§2§0r§x§F§B§5§3§2§Bk§x§F§B§6§F§3§6f§x§F§B§8§B§4§1l§x§F§C§A§6§4§Ca§x§F§C§C§2§5§7me§x§F§C§A§6§4§C §x§F§B§8§B§4§1S§x§F§B§6§F§3§6i§x§F§B§5§3§2§Bc§x§F§B§3§7§2§0k§x§F§A§1§C§1§5l§x§F§A§0§0§0§Ae in auction for 550000.
[15:05:23] > Lanchan68 buy x4 Snout armor trim smithing template to nachfaust for $400,000.
[15:05:27] > Lanchan68 buy x1 Dragon head to Kaynn for $100,000.
[15:11:57] > SSinKin buy x1 §x§E§5§1§B§1§B§lDracula Dagger to dat_boi for $200,000.
[15:12:20] > SSinKin remove x1 §x§E§5§1§B§1§B§lDracula Dagger from buy
[15:13:09] > dat_boi added x1 §x§F§F§5§5§0§0§lsᴇʟʟᴡᴀɴᴅ §6- 5.0x in auction for 300000.
[15:13:27] > Zypher_0w0 buy x1 §x§F§F§5§5§0§0§lsᴇʟʟᴡᴀɴᴅ §6- 5.0x to dat_boi for $300,000.
[15:14:26] > Zypher_0w0 buy x1 §x§F§F§5§5§0§0§lsᴇʟʟᴡᴀɴᴅ §6- 5.0x to ThatMidnight for $500,000.
[15:22:38] > nachfaust added x64 Wind charge in auction for 50000.
[15:22:53] > nachfaust added x24 Shulker shell in auction for 1000000.
[15:22:59] > ThatMidnight buy x64 Wind charge to nachfaust for $50,000.
[15:23:10] > ThatMidnight remove x64 Wind charge from buy
[15:23:49] > dat_boi added x1 §x§E§5§1§B§1§B§lDracula Pickaxe in auction for 500000.
[15:27:34] > nachfaust added x1 §x§F§F§7§C§0§0§lSteamsparks Leggings in auction for 200000.
[15:31:11] > Icon_Skully added x1 §x§6§0§0§0§F§F§lɢᴏᴅʟʏ ɪᴛᴇᴍ in auction for 250000.
[15:31:14] > MrZyrus7228 buy x1 §x§6§0§0§0§F§F§lɢᴏᴅʟʏ ɪᴛᴇᴍ to Icon_Skully for $250,000.
[15:31:20] > MrZyrus7228 remove x1 §x§6§0§0§0§F§F§lɢᴏᴅʟʏ ɪᴛᴇᴍ from buy
[15:32:54] > Icon_Skully buy x1 §x§F§F§7§C§0§0§lSteamsparks Boots to .Allxnzv for $90,000.
[15:33:39] > Icon_Skully remove x1 §f§l§x§F§C§D§0§5§CW§x§F§A§A§2§4§8u§x§F§8§7§4§3§3k§x§F§6§4§5§1§Fo§x§F§4§1§7§0§Ang§x§F§6§4§5§1§F §x§F§8§7§4§3§3H§x§F§A§A§2§4§8a§x§F§C§D§0§5§Ct form storage
[15:33:39] > Icon_Skully remove x1 §x§F§F§3§E§0§0§lD§x§F§F§3§6§0§0§le§x§F§F§2§F§0§0§lm§x§F§F§2§7§0§0§lo§x§F§F§1§F§0§0§ln §x§F§F§1§0§0§0§lL§x§F§F§0§8§0§0§lo§x§F§F§0§0§0§0§lr§x§F§F§0§9§0§0§ld §x§F§F§1§B§0§0§lS§x§F§F§2§3§0§0§lt§x§F§F§2§C§0§0§la§x§F§F§3§5§0§0§lf§x§F§F§3§E§0§0§lf form storage
[15:33:39] > Icon_Skully remove x1 §x§F§F§3§E§0§0§lD§x§F§F§3§5§0§0§le§x§F§F§2§C§0§0§lm§x§F§F§2§3§0§0§lo§x§F§F§1§B§0§0§ln §x§F§F§0§9§0§0§lL§x§F§F§0§0§0§0§lo§x§F§F§0§A§0§0§lr§x§F§F§1§5§0§0§ld §x§F§F§2§9§0§0§lA§x§F§F§3§4§0§0§lx§x§F§F§3§E§0§0§le form storage
[15:33:39] > Icon_Skully remove x1 §x§F§F§3§E§0§0§lDemon Lord Spear form storage
[15:33:39] > Icon_Skully remove x1 §f§l§x§F§A§0§0§0§AD§x§F§A§1§C§1§5a§x§F§B§3§7§2§0r§x§F§B§5§3§2§Bk§x§F§B§6§F§3§6f§x§F§B§8§B§4§1l§x§F§C§A§6§4§Ca§x§F§C§C§2§5§7me§x§F§C§A§6§4§C §x§F§B§8§B§4§1S§x§F§B§6§F§3§6i§x§F§B§5§3§2§Bc§x§F§B§3§7§2§0k§x§F§A§1§C§1§5l§x§F§A§0§0§0§Ae form storage
[15:33:49] > Icon_Skully remove x1 §x§F§F§7§C§0§0§lSteamsparks Boots from buy
[15:34:11] > Icon_Skully added x1 §x§F§F§3§E§0§0§lD§x§F§F§3§6§0§0§le§x§F§F§2§F§0§0§lm§x§F§F§2§7§0§0§lo§x§F§F§1§F§0§0§ln §x§F§F§1§0§0§0§lL§x§F§F§0§8§0§0§lo§x§F§F§0§0§0§0§lr§x§F§F§0§9§0§0§ld §x§F§F§1§B§0§0§lS§x§F§F§2§3§0§0§lt§x§F§F§2§C§0§0§la§x§F§F§3§5§0§0§lf§x§F§F§3§E§0§0§lf in auction for 100000.
[15:34:23] > Icon_Skully added x1 §x§F§F§3§E§0§0§lD§x§F§F§3§5§0§0§le§x§F§F§2§C§0§0§lm§x§F§F§2§3§0§0§lo§x§F§F§1§B§0§0§ln §x§F§F§0§9§0§0§lL§x§F§F§0§0§0§0§lo§x§F§F§0§A§0§0§lr§x§F§F§1§5§0§0§ld §x§F§F§2§9§0§0§lA§x§F§F§3§4§0§0§lx§x§F§F§3§E§0§0§le in auction for 100000.
[15:34:33] > Icon_Skully added x1 §x§F§F§3§E§0§0§lDemon Lord Spear in auction for 100000.
[15:34:35] > Geloo2k buy x1 §x§F§F§3§E§0§0§lD§x§F§F§3§5§0§0§le§x§F§F§2§C§0§0§lm§x§F§F§2§3§0§0§lo§x§F§F§1§B§0§0§ln §x§F§F§0§9§0§0§lL§x§F§F§0§0§0§0§lo§x§F§F§0§A§0§0§lr§x§F§F§1§5§0§0§ld §x§F§F§2§9§0§0§lA§x§F§F§3§4§0§0§lx§x§F§F§3§E§0§0§le to Icon_Skully for $100,000.
[15:34:39] > dat_boi remove x1 §x§E§5§1§B§1§B§lDracula Pickaxe from storage
[15:34:47] > Icon_Skully added x1 §f§l§x§F§C§D§0§5§CW§x§F§A§A§2§4§8u§x§F§8§7§4§3§3k§x§F§6§4§5§1§Fo§x§F§4§1§7§0§Ang§x§F§6§4§5§1§F §x§F§8§7§4§3§3H§x§F§A§A§2§4§8a§x§F§C§D§0§5§Ct in auction for 150000.
[15:34:52] > Geloo2k buy x1 §x§F§F§3§E§0§0§lDemon Lord Spear to Icon_Skully for $100,000.
[15:34:55] > dat_boi added x1 §x§E§5§1§B§1§B§lDracula Pickaxe in auction for 300000.
[15:34:58] > Geloo2k remove x1 §x§F§F§3§E§0§0§lDemon Lord Spear from buy
[15:34:58] > Geloo2k remove x1 §x§F§F§3§E§0§0§lD§x§F§F§3§5§0§0§le§x§F§F§2§C§0§0§lm§x§F§F§2§3§0§0§lo§x§F§F§1§B§0§0§ln §x§F§F§0§9§0§0§lL§x§F§F§0§0§0§0§lo§x§F§F§0§A§0§0§lr§x§F§F§1§5§0§0§ld §x§F§F§2§9§0§0§lA§x§F§F§3§4§0§0§lx§x§F§F§3§E§0§0§le from buy
[15:35:17] > Icon_Skully added x1 §f§l§x§F§A§0§0§0§AD§x§F§A§1§C§1§5a§x§F§B§3§7§2§0r§x§F§B§5§3§2§Bk§x§F§B§6§F§3§6f§x§F§B§8§B§4§1l§x§F§C§A§6§4§Ca§x§F§C§C§2§5§7me§x§F§C§A§6§4§C §x§F§B§8§B§4§1S§x§F§B§6§F§3§6i§x§F§B§5§3§2§Bc§x§F§B§3§7§2§0k§x§F§A§1§C§1§5l§x§F§A§0§0§0§Ae in auction for 350000.
[15:56:27] > alecczzz added x1 §x§F§F§3§E§0§0§lSellwand Voucher in auction for 300000.
[15:56:32] > MrZyrus7228 buy x1 §x§F§F§3§E§0§0§lSellwand Voucher to alecczzz for $300,000.
[15:56:35] > x1 §fSun Visor Hat, bought by DanRaiv, has just expired, the item is definitively deleted.
[15:56:35] > x2 Enchanted golden apple, bought by octopus_01, has just expired, the item is definitively deleted.
[15:56:37] > MrZyrus7228 remove x1 §x§F§F§3§E§0§0§lSellwand Voucher from buy
[16:00:29] > kabayooo added x1 §x§E§E§0§0§0§0§lᴜɴʟɪᴍɪᴛᴇᴅ sᴇʟʟᴡᴀɴᴅ in auction for 10000.
[16:00:41] > kabayooo remove x1 §x§E§E§0§0§0§0§lᴜɴʟɪᴍɪᴛᴇᴅ sᴇʟʟᴡᴀɴᴅ from storage
[16:01:25] > Icon_Skully added x1 §x§E§3§A§F§4§F§lʟᴇɢᴇɴᴅᴀʀʏ ɪᴛᴇᴍ in auction for 150000.
[16:04:26] > AxoLittle added x1 Enchanted book in auction for 100.
[16:04:32] > kabayooo buy x1 Enchanted book to AxoLittle for $100.
[16:05:50] > AxoLittle added x1 Enchanted book in auction for 1000.
[16:14:59] > AxoLittle added x1 Enchanted book in auction for 100.
[16:15:08] > Icon_Skully buy x1 Enchanted book to AxoLittle for $1,000.
[16:26:33] > HwanYo buy x1 §x§F§F§3§E§0§0§lSellwand Voucher to scarlettti for $1,500,000.
[16:26:37] > HwanYo remove x1 §x§F§F§3§E§0§0§lSellwand Voucher from buy
[16:44:02] > RizzaIck added x1 §x§F§F§5§5§0§0§lsᴇʟʟᴡᴀɴᴅ §6- 5.0x in auction for 500000.
[16:44:11] > MrZyrus7228 buy x1 §x§F§F§5§5§0§0§lsᴇʟʟᴡᴀɴᴅ §6- 5.0x to RizzaIck for $500,000.
[16:44:15] > RizzaIck added x1 §x§F§F§5§5§0§0§lsᴇʟʟᴡᴀɴᴅ §6- 5.0x in auction for 500000.
[16:44:18] > MrZyrus7228 buy x1 §x§F§F§5§5§0§0§lsᴇʟʟᴡᴀɴᴅ §6- 5.0x to RizzaIck for $500,000.
[16:44:24] > x1 Enchanted book, bought by DanRaiv, has just expired, the item is definitively deleted.
[16:44:25] > MrZyrus7228 remove x1 §x§F§F§5§5§0§0§lsᴇʟʟᴡᴀɴᴅ §6- 5.0x from buy
[16:44:27] > MrZyrus7228 remove x1 §x§F§F§5§5§0§0§lsᴇʟʟᴡᴀɴᴅ §6- 5.0x from buy
[16:44:42] > RizzaIck added x1 §x§F§F§5§5§0§0§lsᴇʟʟᴡᴀɴᴅ §6- 10.0x in auction for 1500000.
[16:44:58] > RizzaIck added x1 §x§F§F§5§5§0§0§lsᴇʟʟᴡᴀɴᴅ §6- 5.0x in auction for 500000.
[16:45:11] > RizzaIck added x1 §x§F§F§5§5§0§0§lsᴇʟʟᴡᴀɴᴅ §6- 5.0x in auction for 500000.
[16:45:21] > RizzaIck added x1 §x§F§F§5§5§0§0§lsᴇʟʟᴡᴀɴᴅ §6- 5.0x in auction for 500000.
[16:53:06] > MrZyrus7228 buy x1 §x§F§F§5§5§0§0§lsᴇʟʟᴡᴀɴᴅ §6- 5.0x to RizzaIck for $500,000.
[16:53:11] > MrZyrus7228 remove x1 §x§F§F§5§5§0§0§lsᴇʟʟᴡᴀɴᴅ §6- 5.0x from buy
[16:53:54] > RizzaIck remove x1 §x§F§F§5§5§0§0§lsᴇʟʟᴡᴀɴᴅ §6- 10.0x from storage
[16:53:57] > Sthine8 added x1 §x§F§F§5§5§0§0§lsᴇʟʟᴡᴀɴᴅ §6- 5.0x in auction for 500000.
[16:54:06] > HwanYo buy x1 §x§F§F§5§5§0§0§lsᴇʟʟᴡᴀɴᴅ §6- 5.0x to Sthine8 for $500,000.
[16:54:08] > HwanYo buy x1 §x§F§F§5§5§0§0§lsᴇʟʟᴡᴀɴᴅ §6- 5.0x to RizzaIck for $500,000.
[16:54:10] > HwanYo buy x1 §x§F§F§5§5§0§0§lsᴇʟʟᴡᴀɴᴅ §6- 5.0x to RizzaIck for $500,000.
[16:54:11] > RizzaIck added x1 §x§F§F§5§5§0§0§lsᴇʟʟᴡᴀɴᴅ §6- 10.0x in auction for 1300000.
[16:55:13] > RizzaIck added x1 §x§F§F§5§5§0§0§lsᴇʟʟᴡᴀɴᴅ §6- 20.0x in auction for 5000000.
[16:56:01] > RizzaIck remove x1 §x§F§F§5§5§0§0§lsᴇʟʟᴡᴀɴᴅ §6- 20.0x from storage
[16:56:38] > RizzaIck added x1 §x§F§F§5§5§0§0§lsᴇʟʟᴡᴀɴᴅ §6- 20.0x in auction for 3000000.
[16:56:48] > zopell10 added x1 §x§E§5§1§B§1§B§lDracula Spear in auction for 75000.
[16:57:08] > monggol added x1 §x§5§C§C§F§F§C§lC§x§5§C§D§1§F§5§lo§x§5§D§D§4§E§E§ls§x§5§D§D§6§E§7§lm§x§5§E§D§9§E§1§le§x§5§E§D§B§D§A§lt§x§5§E§D§D§D§3§li§x§5§F§E§0§C§C§lc §x§5§F§E§0§C§C§lH§x§5§E§D§D§D§3§la§x§5§E§D§B§D§A§lt§x§5§E§D§9§E§1§ls §x§5§D§D§4§E§E§lK§x§5§C§D§1§F§5§le§x§5§C§C§F§F§C§ly in auction for 45000.
[17:07:11] > x1 §f§l§8B§x§5§F§5§F§5§Fa§x§6§9§6§9§6§9h§x§7§3§7§3§7§3a§x§7§D§7§D§7§Dm§x§8§7§8§7§8§7u§x§9§1§9§1§9§1t§x§9§B§9§B§9§B §x§A§5§A§5§A§5Ch§x§9§B§9§B§9§Be§x§9§1§9§1§9§1s§x§8§7§8§7§8§7t§x§7§D§7§D§7§Dp§x§7§3§7§3§7§3l§x§6§9§6§9§6§9a§x§5§F§5§F§5§Ft§8e on sale by Zee_ has just expired, it goes in the inventory of expired items.
[17:13:48] > x1 §9§lSquid Tentacle on sale by .Didoy12345 has just expired, it goes in the inventory of expired items.
[17:13:48] > x1 §9§lSquid Tentacle on sale by .Didoy12345 has just expired, it goes in the inventory of expired items.
[17:14:16] > sigman added x2 Gilded blackstone in auction for 100000.
[17:15:37] > sigman remove x2 Gilded blackstone from storage
[17:16:07] > sigman added x8 Gilded blackstone in auction for 100000.
[17:17:16] > Icon_Skully remove x1 §f§l§x§F§A§0§0§0§AD§x§F§A§1§C§1§5a§x§F§B§3§7§2§0r§x§F§B§5§3§2§Bk§x§F§B§6§F§3§6f§x§F§B§8§B§4§1l§x§F§C§A§6§4§Ca§x§F§C§C§2§5§7me§x§F§C§A§6§4§C §x§F§B§8§B§4§1S§x§F§B§6§F§3§6i§x§F§B§5§3§2§Bc§x§F§B§3§7§2§0k§x§F§A§1§C§1§5l§x§F§A§0§0§0§Ae from storage
[17:17:37] > NOGOLIOS added x10 §x§F§C§9§0§5§C§lE§x§E§6§9§C§6§B§lp§x§C§F§A§7§7§A§li§x§B§9§B§3§8§9§lc §x§8§C§C§B§A§7§lC§x§7§5§D§6§B§6§lr§x§5§F§E§2§C§5§la§x§7§9§D§4§B§4§lt§x§9§3§C§7§A§2§le §x§C§8§A§B§7§F§lK§x§E§2§9§E§6§E§le§x§F§C§9§0§5§C§ly in auction for 500000.
[17:18:49] > namerikangel added x1 §f§l§x§8§A§0§0§F§FS§x§9§8§0§0§D§Dh§x§A§6§0§0§B§Bi§x§B§4§0§0§9§9n§x§C§2§0§0§7§7e§x§D§0§0§0§5§5 §x§D§E§0§0§3§3O§x§E§C§0§0§1§1ni§x§D§E§0§0§3§3 §x§D§0§0§0§5§5H§x§C§2§0§0§7§7e§x§B§4§0§0§9§9l§x§A§6§0§0§B§Bm§x§9§8§0§0§D§De§x§8§A§0§0§F§Ft in auction for 3000000.
[17:19:18] > mae added x1 §x§5§9§A§1§D§9§lA§x§7§1§A§E§D§Er§x§8§8§B§C§E§4c§x§A§0§C§9§E§9h§x§B§8§D§7§E§Fa§x§D§0§E§4§F§4n§x§E§7§F§2§F§Ag§fe§x§E§7§F§2§F§Al §x§B§8§D§7§E§FS§x§A§0§C§9§E§9w§x§8§8§B§C§E§4o§x§7§1§A§E§D§Er§x§5§9§A§1§D§9d in auction for 1500000.
[17:19:32] > sean_kirby added x64 Resin brick in auction for 5000.
[17:20:24] > nachfaust remove x4 Flow armor trim smithing template from storage
[17:20:49] > sean_kirby added x2 Resin clump in auction for 69696969.
[17:21:00] > nachfaust added x64 Wind charge in auction for 200000.
[17:23:31] > Shinkage buy x1 Enchanted book to AxoLittle for $100.
[17:24:10] > claypotter buy x1 §f§l§x§8§A§0§0§F§FS§x§9§8§0§0§D§Dh§x§A§6§0§0§B§Bi§x§B§4§0§0§9§9n§x§C§2§0§0§7§7e§x§D§0§0§0§5§5 §x§D§E§0§0§3§3O§x§E§C§0§0§1§1ni§x§D§E§0§0§3§3 §x§D§0§0§0§5§5H§x§C§2§0§0§7§7e§x§B§4§0§0§9§9l§x§A§6§0§0§B§Bm§x§9§8§0§0§D§De§x§8§A§0§0§F§Ft to namerikangel for $3,000,000.
[17:24:45] > claypotter remove x1 §f§l§x§8§A§0§0§F§FS§x§9§8§0§0§D§Dh§x§A§6§0§0§B§Bi§x§B§4§0§0§9§9n§x§C§2§0§0§7§7e§x§D§0§0§0§5§5 §x§D§E§0§0§3§3O§x§E§C§0§0§1§1ni§x§D§E§0§0§3§3 §x§D§0§0§0§5§5H§x§C§2§0§0§7§7e§x§B§4§0§0§9§9l§x§A§6§0§0§B§Bm§x§9§8§0§0§D§De§x§8§A§0§0§F§Ft from buy
[17:24:49] > Keeos added x1 §x§E§5§1§B§1§B§lDracula Wings in auction for 400000.
[17:26:38] > scarlettti added x1 §f§l§x§F§C§D§0§5§CW§x§F§A§A§A§4§Bu§x§F§9§8§4§3§Bk§x§F§7§5§F§2§Ao§x§F§5§3§9§1§9n§x§F§4§1§3§0§8g §x§F§5§3§9§1§9W§x§F§7§5§F§2§Ai§x§F§9§8§4§3§Bn§x§F§A§A§A§4§Bg§x§F§C§D§0§5§Cs in auction for 700000.
[17:26:46] > HwanYo buy x1 §f§l§x§F§C§D§0§5§CW§x§F§A§A§A§4§Bu§x§F§9§8§4§3§Bk§x§F§7§5§F§2§Ao§x§F§5§3§9§1§9n§x§F§4§1§3§0§8g §x§F§5§3§9§1§9W§x§F§7§5§F§2§Ai§x§F§9§8§4§3§Bn§x§F§A§A§A§4§Bg§x§F§C§D§0§5§Cs to scarlettti for $700,000.
[17:26:48] > Fogstrap buy x1 §x§E§5§1§B§1§B§lDracula Wings to Keeos for $400,000.
[17:26:51] > HwanYo remove x1 §f§l§x§F§C§D§0§5§CW§x§F§A§A§A§4§Bu§x§F§9§8§4§3§Bk§x§F§7§5§F§2§Ao§x§F§5§3§9§1§9n§x§F§4§1§3§0§8g §x§F§5§3§9§1§9W§x§F§7§5§F§2§Ai§x§F§9§8§4§3§Bn§x§F§A§A§A§4§Bg§x§F§C§D§0§5§Cs from buy
[17:26:56] > Fogstrap remove x1 §x§E§5§1§B§1§B§lDracula Wings from buy
[17:28:05] > scarlettti added x1 §esᴋᴇʟᴇᴛᴏɴ sᴘᴀᴡɴᴇʀ in auction for 500000.
[17:30:10] > sean_kirby added x64 Resin bricks in auction for 2000.
[17:33:10] > x1 §x§F§F§7§C§0§0§lSteamsparks Halberd on sale by .JoshuaCraft9422 has just expired, it goes in the inventory of expired items.
[17:35:59] > ThatMidnight added x1 §f§l§x§8§A§0§0§F§FS§x§9§6§0§0§E§3h§x§A§1§0§0§C§6i§x§A§D§0§0§A§An§x§B§9§0§0§8§Ee§x§C§4§0§0§7§1 §x§D§0§0§0§5§5O§x§D§C§0§0§3§9n§x§E§7§0§0§1§Ci§x§F§3§0§0§0§0 §x§E§7§0§0§1§CB§x§D§C§0§0§3§9i§x§D§0§0§0§5§5g§x§C§4§0§0§7§1 §x§B§9§0§0§8§ES§x§A§D§0§0§A§Aw§x§A§1§0§0§C§6o§x§9§6§0§0§E§3r§x§8§A§0§0§F§Fd in auction for 2000000.
[17:36:29] > ThatMidnight remove x1 §f§l§x§8§A§0§0§F§FS§x§9§6§0§0§E§3h§x§A§1§0§0§C§6i§x§A§D§0§0§A§An§x§B§9§0§0§8§Ee§x§C§4§0§0§7§1 §x§D§0§0§0§5§5O§x§D§C§0§0§3§9n§x§E§7§0§0§1§Ci§x§F§3§0§0§0§0 §x§E§7§0§0§1§CB§x§D§C§0§0§3§9i§x§D§0§0§0§5§5g§x§C§4§0§0§7§1 §x§B§9§0§0§8§ES§x§A§D§0§0§A§Aw§x§A§1§0§0§C§6o§x§9§6§0§0§E§3r§x§8§A§0§0§F§Fd from storage
[17:36:37] > x1 §x§F§0§7§A§5§4§lZombie Apocalyptic SMG, item of baba, has just expired, the item is definitively deleted.
[17:36:37] > x1 WOW, item of FRANZ_JOSEF0, has just expired, the item is definitively deleted.
[17:36:37] > x1 §x§F§F§3§E§0§0§lD§x§F§F§3§5§0§0§le§x§F§F§2§C§0§0§lm§x§F§F§2§3§0§0§lo§x§F§F§1§B§0§0§ln §x§F§F§0§9§0§0§lL§x§F§F§0§0§0§0§lo§x§F§F§0§A§0§0§lr§x§F§F§1§5§0§0§ld §x§F§F§2§9§0§0§lH§x§F§F§3§4§0§0§lo§x§F§F§3§E§0§0§le, item of baba, has just expired, the item is definitively deleted.
[17:36:37] > x1 §fMedieval Hat, item of DanRaiv, has just expired, the item is definitively deleted.
[17:36:38] > ThatMidnight remove x1 §f§l§x§8§A§0§0§F§FS§x§9§6§0§0§E§3h§x§A§1§0§0§C§6i§x§A§D§0§0§A§An§x§B§9§0§0§8§Ee§x§C§4§0§0§7§1 §x§D§0§0§0§5§5O§x§D§C§0§0§3§9n§x§E§7§0§0§1§Ci§x§F§3§0§0§0§0 §x§E§7§0§0§1§CB§x§D§C§0§0§3§9i§x§D§0§0§0§5§5g§x§C§4§0§0§7§1 §x§B§9§0§0§8§ES§x§A§D§0§0§A§Aw§x§A§1§0§0§C§6o§x§9§6§0§0§E§3r§x§8§A§0§0§F§Fd from expire
[17:37:39] > ThatMidnight added x1 §f§l§x§8§A§0§0§F§FS§x§9§6§0§0§E§3h§x§A§1§0§0§C§6i§x§A§D§0§0§A§An§x§B§9§0§0§8§Ee§x§C§4§0§0§7§1 §x§D§0§0§0§5§5O§x§D§C§0§0§3§9n§x§E§7§0§0§1§Ci§x§F§3§0§0§0§0 §x§E§7§0§0§1§CB§x§D§C§0§0§3§9i§x§D§0§0§0§5§5g§x§C§4§0§0§7§1 §x§B§9§0§0§8§ES§x§A§D§0§0§A§Aw§x§A§1§0§0§C§6o§x§9§6§0§0§E§3r§x§8§A§0§0§F§Fd in auction for 3000000.
[17:39:29] > kabayooo added x1 Diamond leggings in auction for 10000.
[17:42:56] > x3 Birch log, bought by MrZyrus7228, has just expired, the item is definitively deleted.
[17:45:13] > kabayooo added x1 §f§l§8B§x§6§2§6§2§6§2a§x§6§F§6§F§6§Fh§x§7§C§7§C§7§Ca§x§8§9§8§9§8§9m§x§9§6§9§6§9§6u§x§A§3§A§3§A§3t §x§9§6§9§6§9§6P§x§8§9§8§9§8§9i§x§7§C§7§C§7§Cc§x§6§F§6§F§6§Fa§x§6§2§6§2§6§2x§8e in auction for 300000.
[17:45:24] > HPMR_GaMerz buy x64 Resin bricks to sean_kirby for $2,000.
[17:45:27] > HPMR_GaMerz buy x64 Resin brick to sean_kirby for $5,000.
[17:45:43] > HPMR_GaMerz buy x8 Resin bricks to sean_kirby for $100.
[17:45:46] > HPMR_GaMerz buy x64 Golden apple to Keeos for $150,000.
[17:45:49] > HPMR_GaMerz buy x29 Golden apple to Kodakoda for $25,000.
[17:52:19] > Zaanii_ buy x1 §f§l§x§8§A§0§0§F§FS§x§9§8§0§0§D§Dh§x§A§6§0§0§B§Bi§x§B§4§0§0§9§9n§x§C§2§0§0§7§7e§x§D§0§0§0§5§5 §x§D§E§0§0§3§3O§x§E§C§0§0§1§1ni§x§D§E§0§0§3§3 §x§D§0§0§0§5§5S§x§C§2§0§0§7§7h§x§B§4§0§0§9§9i§x§A§6§0§0§B§Be§x§9§8§0§0§D§Dl§x§8§A§0§0§F§Fd to .Allxnzv for $800,000.
[17:53:15] > Zaanii_ remove x1 §f§l§x§8§A§0§0§F§FS§x§9§8§0§0§D§Dh§x§A§6§0§0§B§Bi§x§B§4§0§0§9§9n§x§C§2§0§0§7§7e§x§D§0§0§0§5§5 §x§D§E§0§0§3§3O§x§E§C§0§0§1§1ni§x§D§E§0§0§3§3 §x§D§0§0§0§5§5S§x§C§2§0§0§7§7h§x§B§4§0§0§9§9i§x§A§6§0§0§B§Be§x§9§8§0§0§D§Dl§x§8§A§0§0§F§Fd from buy
[17:58:25] > Zee_ added x1 Oak sign in auction for 20000.
[18:01:53] > Kwienn added x1 §x§E§4§3§A§9§6§lW§x§E§7§5§3§A§3§lI§x§E§B§6§B§B§0§lN§x§E§E§8§4§B§D§lG§x§F§2§9§D§C§B§lS §x§F§8§C§E§E§5§lO§x§F§C§E§6§F§2§lF §x§F§C§E§6§F§2§lE§x§F§8§C§E§E§5§lT§x§F§5§B§5§D§8§lE§x§F§2§9§D§C§B§lR§x§E§E§8§4§B§D§lN§x§E§B§6§B§B§0§lI§x§E§7§5§3§A§3§lT§x§E§4§3§A§9§6§lY in auction for 10000000.
[18:03:25] > .DairyParty8521 buy x1 §x§E§3§A§F§4§F§lʟᴇɢᴇɴᴅᴀʀʏ ɪᴛᴇᴍ to Icon_Skully for $150,000.
[18:08:52] > Wemmbu__ remove x1 §x§F§F§3§E§0§0§lD§x§F§F§3§8§0§0§le§x§F§F§3§2§0§0§lm§x§F§F§2§B§0§0§lo§x§F§F§2§5§0§0§ln §x§F§F§1§9§0§0§lL§x§F§F§1§3§0§0§lo§x§F§F§0§C§0§0§lr§x§F§F§0§6§0§0§ld §x§F§F§0§6§0§0§lB§x§F§F§0§C§0§0§la§x§F§F§1§3§0§0§lt§x§F§F§1§9§0§0§lt§x§F§F§1§F§0§0§ll§x§F§F§2§5§0§0§le §x§F§F§3§2§0§0§lA§x§F§F§3§8§0§0§lx§x§F§F§3§E§0§0§le from buy
[18:08:59] > Wemmbu__ remove x1 Clih player from buy
[18:09:00] > Wemmbu__ remove x64 Cooked porkchop from buy
[18:09:05] > Kwienn added x1 §x§3§4§9§8§D§Bᴡɪᴛʜᴇʀ ꜱᴋᴇʟᴇᴛᴏɴ ꜱᴘᴀᴡɴᴇʀ in auction for 2000000.
[18:09:30] > Kwienn added x1 §x§3§4§9§8§D§Bɪʀᴏɴ ɢᴏʟᴇᴍ ꜱᴘᴀᴡɴᴇʀ in auction for 2000000.
[18:09:48] > .SnubHarbor16079 added x63 Netherrack in auction for 200.
[18:10:21] > .DairyParty8521 remove x1 §x§E§3§A§F§4§F§lʟᴇɢᴇɴᴅᴀʀʏ ɪᴛᴇᴍ from buy
[18:10:35] > .SnubHarbor16079 added x15 Netherrack in auction for 10000.
[18:11:13] > YchannR added x1 §f§l§x§8§A§0§0§F§FS§x§9§6§0§0§E§1h§x§A§3§0§0§C§3i§x§A§F§0§0§A§5n§x§B§B§0§0§8§7e§x§C§8§0§0§6§9 §x§D§4§0§0§4§BO§x§E§0§0§0§2§Dn§x§E§D§0§0§0§Fi §x§E§0§0§0§2§DL§x§D§4§0§0§4§Be§x§C§8§0§0§6§9g§x§B§B§0§0§8§7g§x§A§F§0§0§A§5i§x§A§3§0§0§C§3n§x§9§6§0§0§E§1g§x§8§A§0§0§F§Fs in auction for 5000000.
[18:12:44] > .SnubHarbor16079 added x64 Netherrack in auction for 9000000000.
[18:14:32] > .SnubHarbor16079 added x64 Netherrack in auction for 220.
[18:19:38] > Kodakoda buy x10 §x§F§C§9§0§5§C§lE§x§E§6§9§C§6§B§lp§x§C§F§A§7§7§A§li§x§B§9§B§3§8§9§lc §x§8§C§C§B§A§7§lC§x§7§5§D§6§B§6§lr§x§5§F§E§2§C§5§la§x§7§9§D§4§B§4§lt§x§9§3§C§7§A§2§le §x§C§8§A§B§7§F§lK§x§E§2§9§E§6§E§le§x§F§C§9§0§5§C§ly to NOGOLIOS for $500,000.
[18:20:43] > nachfaust remove x1 Mace from storage
[18:21:22] > nachfaust added x1 Diamond boots in auction for 15000.
[18:21:34] > nachfaust added x1 Diamond boots in auction for 15000.
[18:25:32] > ThatMidnight remove x1 §f§l§x§8§A§0§0§F§FS§x§9§6§0§0§E§3h§x§A§1§0§0§C§6i§x§A§D§0§0§A§An§x§B§9§0§0§8§Ee§x§C§4§0§0§7§1 §x§D§0§0§0§5§5O§x§D§C§0§0§3§9n§x§E§7§0§0§1§Ci§x§F§3§0§0§0§0 §x§E§7§0§0§1§CB§x§D§C§0§0§3§9i§x§D§0§0§0§5§5g§x§C§4§0§0§7§1 §x§B§9§0§0§8§ES§x§A§D§0§0§A§Aw§x§A§1§0§0§C§6o§x§9§6§0§0§E§3r§x§8§A§0§0§F§Fd from storage
[18:25:38] > ThatMidnight remove x1 §f§l§x§8§A§0§0§F§FS§x§9§6§0§0§E§3h§x§A§1§0§0§C§6i§x§A§D§0§0§A§An§x§B§9§0§0§8§Ee§x§C§4§0§0§7§1 §x§D§0§0§0§5§5O§x§D§C§0§0§3§9n§x§E§7§0§0§1§Ci§x§F§3§0§0§0§0 §x§E§7§0§0§1§CB§x§D§C§0§0§3§9i§x§D§0§0§0§5§5g§x§C§4§0§0§7§1 §x§B§9§0§0§8§ES§x§A§D§0§0§A§Aw§x§A§1§0§0§C§6o§x§9§6§0§0§E§3r§x§8§A§0§0§F§Fd from expire
[18:39:52] > scarlettti added x1 §f§l§x§F§C§D§0§5§CW§x§F§A§A§A§4§Bu§x§F§9§8§4§3§Bk§x§F§7§5§F§2§Ao§x§F§5§3§9§1§9n§x§F§4§1§3§0§8g §x§F§5§3§9§1§9W§x§F§7§5§F§2§Ai§x§F§9§8§4§3§Bn§x§F§A§A§A§4§Bg§x§F§C§D§0§5§Cs in auction for 700000.
[18:40:06] > nachfaust buy x1 §f§l§x§F§C§D§0§5§CW§x§F§A§A§A§4§Bu§x§F§9§8§4§3§Bk§x§F§7§5§F§2§Ao§x§F§5§3§9§1§9n§x§F§4§1§3§0§8g §x§F§5§3§9§1§9W§x§F§7§5§F§2§Ai§x§F§9§8§4§3§Bn§x§F§A§A§A§4§Bg§x§F§C§D§0§5§Cs to scarlettti for $700,000.
[18:40:28] > nachfaust remove x1 §f§l§x§F§C§D§0§5§CW§x§F§A§A§A§4§Bu§x§F§9§8§4§3§Bk§x§F§7§5§F§2§Ao§x§F§5§3§9§1§9n§x§F§4§1§3§0§8g §x§F§5§3§9§1§9W§x§F§7§5§F§2§Ai§x§F§9§8§4§3§Bn§x§F§A§A§A§4§Bg§x§F§C§D§0§5§Cs from buy
[18:41:06] > nachfaust remove x1 Diamond boots from storage
[18:41:29] > nachfaust added x1 §x§F§F§7§C§0§0§lSteamsparks Wings in auction for 1500000.
[18:43:04] > SonyAstro buy x1 Diamond boots to nachfaust for $15,000.
[18:43:46] > nachfaust added x1 Diamond boots in auction for 10000.
[18:44:24] > HwanYo remove x3 §x§5§C§C§F§F§C§lC§x§5§C§D§1§F§5§lo§x§5§D§D§4§E§E§ls§x§5§D§D§6§E§7§lm§x§5§E§D§9§E§1§le§x§5§E§D§B§D§A§lt§x§5§E§D§D§D§3§li§x§5§F§E§0§C§C§lc §x§5§F§E§0§C§C§lH§x§5§E§D§D§D§3§la§x§5§E§D§B§D§A§lt§x§5§E§D§9§E§1§ls §x§5§D§D§4§E§E§lK§x§5§C§D§1§F§5§le§x§5§C§C§F§F§C§ly from storage
[18:44:30] > HwanYo added x3 §x§5§C§C§F§F§C§lC§x§5§C§D§1§F§5§lo§x§5§D§D§4§E§E§ls§x§5§D§D§6§E§7§lm§x§5§E§D§9§E§1§le§x§5§E§D§B§D§A§lt§x§5§E§D§D§D§3§li§x§5§F§E§0§C§C§lc §x§5§F§E§0§C§C§lH§x§5§E§D§D§D§3§la§x§5§E§D§B§D§A§lt§x§5§E§D§9§E§1§ls §x§5§D§D§4§E§E§lK§x§5§C§D§1§F§5§le§x§5§C§C§F§F§C§ly in auction for 50000.
[18:44:54] > SonyAstro buy x1 Diamond leggings to kabayooo for $10,000.
[18:45:10] > Kodakoda buy x3 §x§5§C§C§F§F§C§lC§x§5§C§D§1§F§5§lo§x§5§D§D§4§E§E§ls§x§5§D§D§6§E§7§lm§x§5§E§D§9§E§1§le§x§5§E§D§B§D§A§lt§x§5§E§D§D§D§3§li§x§5§F§E§0§C§C§lc §x§5§F§E§0§C§C§lH§x§5§E§D§D§D§3§la§x§5§E§D§B§D§A§lt§x§5§E§D§9§E§1§ls §x§5§D§D§4§E§E§lK§x§5§C§D§1§F§5§le§x§5§C§C§F§F§C§ly to HwanYo for $50,000.
[18:45:19] > Kodakoda remove x10 §x§F§C§9§0§5§C§lE§x§E§6§9§C§6§B§lp§x§C§F§A§7§7§A§li§x§B§9§B§3§8§9§lc §x§8§C§C§B§A§7§lC§x§7§5§D§6§B§6§lr§x§5§F§E§2§C§5§la§x§7§9§D§4§B§4§lt§x§9§3§C§7§A§2§le §x§C§8§A§B§7§F§lK§x§E§2§9§E§6§E§le§x§F§C§9§0§5§C§ly from buy
[18:45:20] > Kodakoda remove x3 §x§5§C§C§F§F§C§lC§x§5§C§D§1§F§5§lo§x§5§D§D§4§E§E§ls§x§5§D§D§6§E§7§lm§x§5§E§D§9§E§1§le§x§5§E§D§B§D§A§lt§x§5§E§D§D§D§3§li§x§5§F§E§0§C§C§lc §x§5§F§E§0§C§C§lH§x§5§E§D§D§D§3§la§x§5§E§D§B§D§A§lt§x§5§E§D§9§E§1§ls §x§5§D§D§4§E§E§lK§x§5§C§D§1§F§5§le§x§5§C§C§F§F§C§ly from buy
[18:46:41] > SonyAstro buy x1 Diamond boots to nachfaust for $10,000.
[18:47:00] > RizzaIck remove x1 §x§F§F§5§5§0§0§lsᴇʟʟᴡᴀɴᴅ §6- 20.0x from storage
[18:47:01] > RizzaIck remove x1 §x§F§F§5§5§0§0§lsᴇʟʟᴡᴀɴᴅ §6- 10.0x from storage
[18:47:04] > nachfaust added x1 Enchanted book in auction for 70000.
[18:47:06] > zopell10 added x1 §x§F§F§7§C§0§0§lSteamsparks Pickaxe in auction for 50000.
[18:47:11] > RizzaIck added x1 §x§F§F§5§5§0§0§lsᴇʟʟᴡᴀɴᴅ §6- 20.0x in auction for 2000000.
[18:47:15] > HwanYo buy x1 §x§F§F§5§5§0§0§lsᴇʟʟᴡᴀɴᴅ §6- 20.0x to RizzaIck for $2,000,000.
[18:47:20] > Sapswright buy x1 §x§F§F§7§C§0§0§lSteamsparks Pickaxe to zopell10 for $50,000.
[18:47:21] > RizzaIck added x1 §x§F§F§5§5§0§0§lsᴇʟʟᴡᴀɴᴅ §6- 10.0x in auction for 1000000.
[18:47:36] > HwanYo buy x1 §x§F§F§5§5§0§0§lsᴇʟʟᴡᴀɴᴅ §6- 10.0x to RizzaIck for $1,000,000.
[18:47:36] > Icon_Skully buy x1 §x§F§F§7§C§0§0§lSteamsparks Wings to nachfaust for $1,500,000.
[18:47:38] > Kodakoda added x1 §fGarden Hat in auction for 50000.
[18:47:43] > ThatMidnight added x1 §f§l§x§8§A§0§0§F§FS§x§9§6§0§0§E§3h§x§A§1§0§0§C§6i§x§A§D§0§0§A§An§x§B§9§0§0§8§Ee§x§C§4§0§0§7§1 §x§D§0§0§0§5§5O§x§D§C§0§0§3§9n§x§E§7§0§0§1§Ci§x§F§3§0§0§0§0 §x§E§7§0§0§1§CB§x§D§C§0§0§3§9i§x§D§0§0§0§5§5g§x§C§4§0§0§7§1 §x§B§9§0§0§8§ES§x§A§D§0§0§A§Aw§x§A§1§0§0§C§6o§x§9§6§0§0§E§3r§x§8§A§0§0§F§Fd in auction for 3000000.
[18:48:05] > Icon_Skully remove x1 Enchanted book from buy
[18:48:06] > Icon_Skully remove x1 §x§F§F§7§C§0§0§lSteamsparks Wings from buy
[18:48:43] > Sapswright remove x1 §x§F§F§7§C§0§0§lSteamsparks Pickaxe from buy
[18:49:29] > SonyAstro remove x1 Diamond boots from buy
[18:49:30] > SonyAstro remove x1 Diamond leggings from buy
[18:49:31] > SonyAstro remove x1 Diamond boots from buy
[18:52:55] > scarlettti added x1 §f§l§8B§x§6§0§6§0§6§0a§x§6§C§6§C§6§Ch§x§7§7§7§7§7§7a§x§8§2§8§2§8§2m§x§8§E§8§E§8§Eu§x§9§9§9§9§9§9t§x§A§4§A§4§A§4 L§x§9§9§9§9§9§9e§x§8§E§8§E§8§Eg§x§8§2§8§2§8§2g§x§7§7§7§7§7§7i§x§6§C§6§C§6§Cn§x§6§0§6§0§6§0g§8s in auction for 1700000.
[18:54:46] > scarlettti buy x2 §x§F§F§3§E§0§0§lD§x§F§F§3§7§0§0§le§x§F§F§3§0§0§0§lm§x§F§F§2§9§0§0§lo§x§F§F§2§2§0§0§ln §x§F§F§1§5§0§0§lL§x§F§F§0§E§0§0§lo§x§F§F§0§7§0§0§lr§x§F§F§0§0§0§0§ld §x§F§F§0§E§0§0§lF§x§F§F§1§5§0§0§lr§x§F§F§1§C§0§0§la§x§F§F§2§2§0§0§lg§x§F§F§2§9§0§0§lm§x§F§F§3§0§0§0§le§x§F§F§3§7§0§0§ln§x§F§F§3§E§0§0§lt to BlackJordan69 for $700,000.
[18:59:54] > scarlettti remove x1 §f§l§8B§x§6§0§6§0§6§0a§x§6§C§6§C§6§Ch§x§7§7§7§7§7§7a§x§8§2§8§2§8§2m§x§8§E§8§E§8§Eu§x§9§9§9§9§9§9t§x§A§4§A§4§A§4 L§x§9§9§9§9§9§9e§x§8§E§8§E§8§Eg§x§8§2§8§2§8§2g§x§7§7§7§7§7§7i§x§6§C§6§C§6§Cn§x§6§0§6§0§6§0g§8s form storage
[18:59:54] > scarlettti remove x1 §f§l§8B§x§6§3§6§3§6§3a§x§7§1§7§1§7§1h§x§8§0§8§0§8§0a§x§8§E§8§E§8§Em§x§9§C§9§C§9§Cu§7t§x§9§C§9§C§9§C §x§8§E§8§E§8§ES§x§8§0§8§0§8§0t§x§7§1§7§1§7§1a§x§6§3§6§3§6§3f§8f form storage
[18:59:54] > scarlettti remove x1 §esᴋᴇʟᴇᴛᴏɴ sᴘᴀᴡɴᴇʀ form storage
[19:00:17] > scarlettti added x1 §esᴋᴇʟᴇᴛᴏɴ sᴘᴀᴡɴᴇʀ in auction for 500000.
[19:00:28] > scarlettti added x1 §f§l§8B§x§6§3§6§3§6§3a§x§7§1§7§1§7§1h§x§8§0§8§0§8§0a§x§8§E§8§E§8§Em§x§9§C§9§C§9§Cu§7t§x§9§C§9§C§9§C §x§8§E§8§E§8§ES§x§8§0§8§0§8§0t§x§7§1§7§1§7§1a§x§6§3§6§3§6§3f§8f in auction for 800000.
[19:00:46] > scarlettti added x1 §f§l§8B§x§6§0§6§0§6§0a§x§6§C§6§C§6§Ch§x§7§7§7§7§7§7a§x§8§2§8§2§8§2m§x§8§E§8§E§8§Eu§x§9§9§9§9§9§9t§x§A§4§A§4§A§4 L§x§9§9§9§9§9§9e§x§8§E§8§E§8§Eg§x§8§2§8§2§8§2g§x§7§7§7§7§7§7i§x§6§C§6§C§6§Cn§x§6§0§6§0§6§0g§8s in auction for 1700000.
[19:01:32] > Sthine8 buy x1 §esᴋᴇʟᴇᴛᴏɴ sᴘᴀᴡɴᴇʀ to scarlettti for $500,000.
[19:01:40] > Sthine8 remove x1 §esᴋᴇʟᴇᴛᴏɴ sᴘᴀᴡɴᴇʀ form buy
[19:02:15] > Sthine8 added x1 §esᴋᴇʟᴇᴛᴏɴ sᴘᴀᴡɴᴇʀ in auction for 900000.
[19:08:12] > nachfaust buy x1 §f<#5FE2C5>Archangel Fishing rod §7#1 to Kodakoda for $450,000.
[19:08:21] > nachfaust remove x1 §f<#5FE2C5>Archangel Fishing rod §7#1 from buy
[19:10:47] > Palietass buy x1 Shulker box to anneyong for $2,000,000.
[19:10:58] > Palietass remove x1 Shulker box from buy
[19:17:16] > Palietass added x1 Cornflower in auction for 34534534534534.
[19:19:14] > Palietass added x1 VISIT OUR TOWN /BonesValley in auction for 99999999.
[19:19:27] > Palietass remove x1 Cornflower from storage
[19:19:47] > nachfaust added x1 Mace in auction for 1500000.
[19:25:16] > x1 §x§F§F§7§C§0§0§lSteamsparks Hoe on sale by GoldEngine11 has just expired, it goes in the inventory of expired items.
[19:27:16] > .JakeTheMiner457 added x1 Shulker box in auction for 150000.
[19:36:37] > Johng10910 buy x1 Enchanted book to Kaynn for $100,000.
[19:36:57] > Johng10910 buy x1 Shulker box to .JakeTheMiner457 for $150,000.
[19:41:44] > .VisedSauce5790 remove x1 §x§E§E§0§0§0§0§lᴜɴʟɪᴍɪᴛᴇᴅ sᴇʟʟᴡᴀɴᴅ from storage
[19:48:40] > reckahorp added x1 §x§5§9§A§1§D§9§lA§x§6§E§A§D§D§Er§x§8§3§B§9§E§3c§x§9§7§C§4§E§7h§x§A§C§D§0§E§Ca§x§C§1§D§C§F§1n§x§D§6§E§8§F§6g§x§E§A§F§3§F§Ae§fl §x§D§6§E§8§F§6P§x§C§1§D§C§F§1i§x§A§C§D§0§E§Cc§x§9§7§C§4§E§7k§x§8§3§B§9§E§3a§x§6§E§A§D§D§Ex§x§5§9§A§1§D§9e in auction for 900000.
[19:52:20] > nnorv1 remove x64 Golden apple from buy
[19:55:58] > reckahorp buy x1 Enchanted book to nachfaust for $70,000.
[19:56:25] > reckahorp remove x1 Enchanted book from buy
[19:56:45] > Zen0969 buy x1 §x§3§4§9§8§D§Bᴡɪᴛʜᴇʀ ꜱᴋᴇʟᴇᴛᴏɴ ꜱᴘᴀᴡɴᴇʀ to Kwienn for $2,000,000.
[19:57:00] > Zen0969 remove x1 Netherite helmet from buy
[19:57:00] > Zen0969 remove x1 Netherite helmet from buy
[19:57:01] > Zen0969 remove x1 §x§3§4§9§8§D§Bᴡɪᴛʜᴇʀ ꜱᴋᴇʟᴇᴛᴏɴ ꜱᴘᴀᴡɴᴇʀ from buy
[20:06:47] > HwanYo remove x1 §x§F§F§5§5§0§0§lsᴇʟʟᴡᴀɴᴅ §6- 20.0x from buy
[20:25:10] > .AppriXD buy x1 §x§5§C§C§F§F§C§lC§x§5§C§D§1§F§5§lo§x§5§D§D§4§E§E§ls§x§5§D§D§6§E§7§lm§x§5§E§D§9§E§1§le§x§5§E§D§B§D§A§lt§x§5§E§D§D§D§3§li§x§5§F§E§0§C§C§lc §x§5§F§E§0§C§C§lH§x§5§E§D§D§D§3§la§x§5§E§D§B§D§A§lt§x§5§E§D§9§E§1§ls §x§5§D§D§4§E§E§lK§x§5§C§D§1§F§5§le§x§5§C§C§F§F§C§ly to monggol for $45,000.
[20:25:19] > .AppriXD remove x1 §x§5§C§C§F§F§C§lC§x§5§C§D§1§F§5§lo§x§5§D§D§4§E§E§ls§x§5§D§D§6§E§7§lm§x§5§E§D§9§E§1§le§x§5§E§D§B§D§A§lt§x§5§E§D§D§D§3§li§x§5§F§E§0§C§C§lc §x§5§F§E§0§C§C§lH§x§5§E§D§D§D§3§la§x§5§E§D§B§D§A§lt§x§5§E§D§9§E§1§ls §x§5§D§D§4§E§E§lK§x§5§C§D§1§F§5§le§x§5§C§C§F§F§C§ly from buy
[20:30:44] > Malachkite added x1 §x§F§F§5§5§0§0§lsᴇʟʟᴡᴀɴᴅ §6- 10.0x in auction for 450000.
[20:30:55] > Enyara buy x1 §x§F§F§5§5§0§0§lsᴇʟʟᴡᴀɴᴅ §6- 10.0x to Malachkite for $450,000.
[20:31:08] > Zen0969 buy x1 §f§l§x§8§A§0§0§F§FS§x§9§6§0§0§E§1h§x§A§3§0§0§C§3i§x§A§F§0§0§A§5n§x§B§B§0§0§8§7e§x§C§8§0§0§6§9 §x§D§4§0§0§4§BO§x§E§0§0§0§2§Dn§x§E§D§0§0§0§Fi §x§E§0§0§0§2§DL§x§D§4§0§0§4§Be§x§C§8§0§0§6§9g§x§B§B§0§0§8§7g§x§A§F§0§0§A§5i§x§A§3§0§0§C§3n§x§9§6§0§0§E§1g§x§8§A§0§0§F§Fs to YchannR for $5,000,000.
[20:31:11] > Zen0969 remove x1 §f§l§x§8§A§0§0§F§FS§x§9§6§0§0§E§1h§x§A§3§0§0§C§3i§x§A§F§0§0§A§5n§x§B§B§0§0§8§7e§x§C§8§0§0§6§9 §x§D§4§0§0§4§BO§x§E§0§0§0§2§Dn§x§E§D§0§0§0§Fi §x§E§0§0§0§2§DL§x§D§4§0§0§4§Be§x§C§8§0§0§6§9g§x§B§B§0§0§8§7g§x§A§F§0§0§A§5i§x§A§3§0§0§C§3n§x§9§6§0§0§E§1g§x§8§A§0§0§F§Fs from buy
[20:33:41] > HandsomeCat buy x5 §x§F§C§9§0§5§C§lE§x§E§6§9§C§6§B§lp§x§C§F§A§7§7§A§li§x§B§9§B§3§8§9§lc §x§8§C§C§B§A§7§lC§x§7§5§D§6§B§6§lr§x§5§F§E§2§C§5§la§x§7§9§D§4§B§4§lt§x§9§3§C§7§A§2§le §x§C§8§A§B§7§F§lK§x§E§2§9§E§6§E§le§x§F§C§9§0§5§C§ly to ReKYee for $320,000.
[20:40:01] > Malachkite added x1 §x§F§F§5§5§0§0§lsᴇʟʟᴡᴀɴᴅ §6- 5.0x in auction for 300000.
[20:40:09] > UnavailableTest buy x1 §x§F§F§5§5§0§0§lsᴇʟʟᴡᴀɴᴅ §6- 5.0x to Malachkite for $300,000.
[20:40:33] > Protection added x1 §x§F§F§3§E§0§0§lSellwand Voucher in auction for 250000.
[20:40:38] > .AppriXD buy x1 §x§F§F§3§E§0§0§lSellwand Voucher to Protection for $250,000.
[20:40:49] > HandsomeCat added x1 §x§F§F§5§5§0§0§lsᴇʟʟᴡᴀɴᴅ §6- 5.0x in auction for 250000.
[20:40:54] > RizzaIck buy x1 §x§F§F§5§5§0§0§lsᴇʟʟᴡᴀɴᴅ §6- 5.0x to HandsomeCat for $250,000.
[20:41:14] > .AppriXD remove x1 §x§F§F§3§E§0§0§lSellwand Voucher from buy
[20:41:14] > .AppriXD remove x1 Enchanted book from buy
[20:41:17] > RizzaIck remove x1 §x§F§F§5§5§0§0§lsᴇʟʟᴡᴀɴᴅ §6- 5.0x from buy
[20:41:22] > RizzaIck added x1 §x§F§F§5§5§0§0§lsᴇʟʟᴡᴀɴᴅ §6- 5.0x in auction for 500000.
[20:41:27] > UnavailableTest buy x1 §x§F§F§5§5§0§0§lsᴇʟʟᴡᴀɴᴅ §6- 5.0x to RizzaIck for $500,000.
[20:41:51] > Enyara remove x1 §x§F§F§5§5§0§0§lsᴇʟʟᴡᴀɴᴅ §6- 10.0x from buy
[20:41:56] > SonyAstro added x1 §x§F§F§5§5§0§0§lsᴇʟʟᴡᴀɴᴅ §6- 5.0x in auction for 250000.
[20:42:01] > UnavailableTest buy x1 §x§F§F§5§5§0§0§lsᴇʟʟᴡᴀɴᴅ §6- 5.0x to SonyAstro for $250,000.
[20:42:26] > UnavailableTest remove x1 §x§F§F§5§5§0§0§lsᴇʟʟᴡᴀɴᴅ §6- 5.0x form buy
[20:42:26] > UnavailableTest remove x1 §x§F§F§5§5§0§0§lsᴇʟʟᴡᴀɴᴅ §6- 5.0x form buy
[20:42:26] > UnavailableTest remove x1 §x§F§F§5§5§0§0§lsᴇʟʟᴡᴀɴᴅ §6- 5.0x form buy
[20:42:35] > scarlettti added x1 §x§F§F§3§E§0§0§lSellwand Voucher in auction for 1500000.
[20:42:58] > _BAAM buy x1 §x§F§F§5§5§0§0§lsᴇʟʟᴡᴀɴᴅ §6- 5.0x to claypotter for $700,000.
[20:43:04] > _BAAM remove x1 §x§F§F§5§5§0§0§lsᴇʟʟᴡᴀɴᴅ §6- 5.0x from buy
[20:43:36] > Dentatsu buy x1 §x§5§9§A§1§D§9§lA§x§6§E§A§D§D§Er§x§8§3§B§9§E§3c§x§9§7§C§4§E§7h§x§A§C§D§0§E§Ca§x§C§1§D§C§F§1n§x§D§6§E§8§F§6g§x§E§A§F§3§F§Ae§fl §x§D§6§E§8§F§6P§x§C§1§D§C§F§1i§x§A§C§D§0§E§Cc§x§9§7§C§4§E§7k§x§8§3§B§9§E§3a§x§6§E§A§D§D§Ex§x§5§9§A§1§D§9e to reckahorp for $900,000.
[20:43:49] > Dentatsu remove x1 §x§5§9§A§1§D§9§lA§x§6§E§A§D§D§Er§x§8§3§B§9§E§3c§x§9§7§C§4§E§7h§x§A§C§D§0§E§Ca§x§C§1§D§C§F§1n§x§D§6§E§8§F§6g§x§E§A§F§3§F§Ae§fl §x§D§6§E§8§F§6P§x§C§1§D§C§F§1i§x§A§C§D§0§E§Cc§x§9§7§C§4§E§7k§x§8§3§B§9§E§3a§x§6§E§A§D§D§Ex§x§5§9§A§1§D§9e from buy
[20:44:01] > .AppriXD added x1 §x§F§F§5§5§0§0§lsᴇʟʟᴡᴀɴᴅ §6- 5.0x in auction for 250000.
[20:44:06] > Enyara buy x1 §x§F§F§5§5§0§0§lsᴇʟʟᴡᴀɴᴅ §6- 5.0x to .AppriXD for $250,000.
[20:44:12] > Enyara remove x1 §x§F§F§5§5§0§0§lsᴇʟʟᴡᴀɴᴅ §6- 5.0x from buy
[20:46:28] > YooRushy added x64 Emerald block in auction for 800000.
[20:49:00] > x1 §x§F§F§3§E§0§0§lD§x§F§F§3§5§0§0§le§x§F§F§2§C§0§0§lm§x§F§F§2§3§0§0§lo§x§F§F§1§B§0§0§ln §x§F§F§0§9§0§0§lL§x§F§F§0§0§0§0§lo§x§F§F§0§A§0§0§lr§x§F§F§1§5§0§0§ld §x§F§F§2§9§0§0§lB§x§F§F§3§4§0§0§lo§x§F§F§3§E§0§0§lw, item of Kwienn, has just expired, the item is definitively deleted.
[20:49:00] > x1 §x§F§F§3§E§0§0§lD§x§F§F§3§6§0§0§le§x§F§F§2§F§0§0§lm§x§F§F§2§7§0§0§lo§x§F§F§1§F§0§0§ln §x§F§F§1§0§0§0§lL§x§F§F§0§8§0§0§lo§x§F§F§0§0§0§0§lr§x§F§F§0§8§0§0§ld §x§F§F§1§7§0§0§lS§x§F§F§1§F§0§0§lh§x§F§F§2§7§0§0§li§x§F§F§2§F§0§0§le§x§F§F§3§6§0§0§ll§x§F§F§3§E§0§0§ld, item of CeeJaiye, has just expired, the item is definitively deleted.
[20:49:00] > x1 /pwarp go PASTRIES , item of Kwienn, has just expired, the item is definitively deleted.
[20:49:00] > x1 §x§F§F§3§E§0§0§lD§x§F§F§3§6§0§0§le§x§F§F§2§F§0§0§lm§x§F§F§2§7§0§0§lo§x§F§F§1§F§0§0§ln §x§F§F§1§0§0§0§lL§x§F§F§0§8§0§0§lo§x§F§F§0§0§0§0§lr§x§F§F§0§8§0§0§ld §x§F§F§1§7§0§0§lS§x§F§F§1§F§0§0§lh§x§F§F§2§7§0§0§li§x§F§F§2§F§0§0§le§x§F§F§3§6§0§0§ll§x§F§F§3§E§0§0§ld, item of Kwienn, has just expired, the item is definitively deleted.
[20:49:00] > x1 Visit /pwarp go IronShop for Iron Blocks, item of Artdeh, has just expired, the item is definitively deleted.
[20:49:48] > YooRushy added x1 Diamond pickaxe in auction for 150000.
[20:49:59] > YooRushy added x1 Diamond pickaxe in auction for 100000.
[20:50:13] > YooRushy added x1 Diamond pickaxe in auction for 100000.
[20:51:21] > YooRushy added x25 Deepslate diamond ore in auction for 390000.
[20:51:53] > YooRushy added x37 Deepslate diamond ore in auction for 580000.
[20:53:18] > Johng10910 added x64 Diamond in auction for 150000.
[21:14:21] > Sthine8 remove x1 §esᴋᴇʟᴇᴛᴏɴ sᴘᴀᴡɴᴇʀ from storage
[21:22:27] > Callistrix buy x3 §x§C§9§A§7§F§C§lL§x§B§D§A§E§F§6§le§x§B§1§B§4§F§0§lg§x§A§6§B§B§E§A§le§x§9§A§C§1§E§4§ln§x§8§E§C§8§D§D§ld§x§8§2§C§E§D§7§la§x§7§7§D§5§D§1§lr§x§6§B§D§B§C§B§ly §x§6§B§D§B§C§B§lC§x§7§7§D§5§D§1§lr§x§8§2§C§E§D§7§la§x§8§E§C§8§D§D§lt§x§9§A§C§1§E§4§le §x§B§1§B§4§F§0§lK§x§B§D§A§E§F§6§le§x§C§9§A§7§F§C§ly to Tiltera4549 for $300,000.
[21:22:43] > Callistrix buy x1 §x§C§9§A§7§F§C§lL§x§B§D§A§E§F§6§le§x§B§1§B§4§F§0§lg§x§A§6§B§B§E§A§le§x§9§A§C§1§E§4§ln§x§8§E§C§8§D§D§ld§x§8§2§C§E§D§7§la§x§7§7§D§5§D§1§lr§x§6§B§D§B§C§B§ly §x§6§B§D§B§C§B§lC§x§7§7§D§5§D§1§lr§x§8§2§C§E§D§7§la§x§8§E§C§8§D§D§lt§x§9§A§C§1§E§4§le §x§B§1§B§4§F§0§lK§x§B§D§A§E§F§6§le§x§C§9§A§7§F§C§ly to Tiltera4549 for $150,000.
[21:22:57] > Callistrix remove x1 §x§C§9§A§7§F§C§lL§x§B§D§A§E§F§6§le§x§B§1§B§4§F§0§lg§x§A§6§B§B§E§A§le§x§9§A§C§1§E§4§ln§x§8§E§C§8§D§D§ld§x§8§2§C§E§D§7§la§x§7§7§D§5§D§1§lr§x§6§B§D§B§C§B§ly §x§6§B§D§B§C§B§lC§x§7§7§D§5§D§1§lr§x§8§2§C§E§D§7§la§x§8§E§C§8§D§D§lt§x§9§A§C§1§E§4§le §x§B§1§B§4§F§0§lK§x§B§D§A§E§F§6§le§x§C§9§A§7§F§C§ly from buy
[21:22:59] > Callistrix remove x3 §x§C§9§A§7§F§C§lL§x§B§D§A§E§F§6§le§x§B§1§B§4§F§0§lg§x§A§6§B§B§E§A§le§x§9§A§C§1§E§4§ln§x§8§E§C§8§D§D§ld§x§8§2§C§E§D§7§la§x§7§7§D§5§D§1§lr§x§6§B§D§B§C§B§ly §x§6§B§D§B§C§B§lC§x§7§7§D§5§D§1§lr§x§8§2§C§E§D§7§la§x§8§E§C§8§D§D§lt§x§9§A§C§1§E§4§le §x§B§1§B§4§F§0§lK§x§B§D§A§E§F§6§le§x§C§9§A§7§F§C§ly from buy
[21:23:37] > Johng10910 added x8 Netherite upgrade smithing template in auction for 350000.
[21:24:04] > Johng10910 added x3 Netherite ingot in auction for 300000.
[21:26:00] > Callistrix remove x1 §x§F§0§7§A§5§4§lZombie Apocalyptic Pistol from storage
[21:26:03] > Callistrix remove x1 §7Cemetery Hat from storage
[21:26:07] > Callistrix remove x1 §f§l§x§F§C§D§0§5§CW§x§F§B§A§D§4§Du§x§F§9§8§B§3§Dk§x§F§8§6§8§2§Eo§x§F§6§4§5§1§Fn§x§F§5§2§3§0§Fg§x§F§3§0§0§0§0 §x§F§5§2§3§0§FS§x§F§6§4§5§1§Fh§x§F§8§6§8§2§Eo§x§F§9§8§B§3§Dv§x§F§B§A§D§4§De§x§F§C§D§0§5§Cl from storage
[21:26:15] > Callistrix remove x1 §x§E§5§1§B§1§B§lDracula Battleaxe from storage
[21:26:17] > Callistrix remove x1 §x§F§F§7§C§0§0§lSteamsparks Spear from storage
[21:28:03] > ReKYee remove x5 §x§F§C§D§0§5§C§lB§x§E§6§D§3§6§B§la§x§C§F§D§5§7§A§ls§x§B§9§D§8§8§9§li§x§A§2§D§A§9§8§lc §x§7§5§D§F§B§6§lC§x§5§F§E§2§C§5§lr§x§7§5§D§F§B§6§la§x§8§C§D§D§A§7§lt§x§A§2§D§A§9§8§le §x§C§F§D§5§7§A§lK§x§E§6§D§3§6§B§le§x§F§C§D§0§5§C§ly from storage
[21:29:43] > Callistrix added x1 §x§F§F§7§C§0§0§lSteamsparks Leggings in auction for 250000.
[21:30:08] > Callistrix added x1 §x§F§0§7§A§5§4§lZombie Apocalyptic Pistol in auction for 200000.
[21:30:30] > steve buy x1 §x§F§0§7§A§5§4§lZombie Apocalyptic Pistol to Callistrix for $200,000.
[21:31:01] > Callistrix added x1 §x§E§5§1§B§1§B§lDracula Shield in auction for 200000.
[21:32:14] > Callistrix added x1 §7Cemetery Hat in auction for 100000.
[21:33:25] > steve remove x1 §x§F§0§7§A§5§4§lZombie Apocalyptic Pistol from buy
[21:33:56] > Callistrix added x3 §x§F§C§9§0§5§C§lE§x§E§6§9§C§6§B§lp§x§C§F§A§7§7§A§li§x§B§9§B§3§8§9§lc §x§8§C§C§B§A§7§lC§x§7§5§D§6§B§6§lr§x§5§F§E§2§C§5§la§x§7§9§D§4§B§4§lt§x§9§3§C§7§A§2§le §x§C§8§A§B§7§F§lK§x§E§2§9§E§6§E§le§x§F§C§9§0§5§C§ly in auction for 300000.
[21:38:49] > .JakeTheMiner457 added x1 Shulker box in auction for 155000.
[21:41:03] > celinesanrio remove x25 Enchanted golden apple form storage
[21:41:03] > celinesanrio remove x1 §x§8§A§0§0§F§FS§x§9§5§0§0§E§4h§x§A§0§0§0§C§9i§x§A§B§0§0§A§En§x§B§6§0§0§9§4e§x§C§1§0§0§7§9 §x§C§C§0§0§5§EO§x§D§7§0§0§4§3n§x§E§2§0§0§2§8i§x§E§D§0§0§0§D B§x§E§2§0§0§2§8a§x§D§7§0§0§4§3t§x§C§C§0§0§5§Et§x§C§1§0§0§7§9l§x§B§6§0§0§9§4e§x§A§B§0§0§A§E §x§A§0§0§0§C§9A§x§9§5§0§0§E§4x§x§8§A§0§0§F§Fe form storage
[21:41:09] > celinesanrio added x1 §x§8§A§0§0§F§FS§x§9§5§0§0§E§4h§x§A§0§0§0§C§9i§x§A§B§0§0§A§En§x§B§6§0§0§9§4e§x§C§1§0§0§7§9 §x§C§C§0§0§5§EO§x§D§7§0§0§4§3n§x§E§2§0§0§2§8i§x§E§D§0§0§0§D B§x§E§2§0§0§2§8a§x§D§7§0§0§4§3t§x§C§C§0§0§5§Et§x§C§1§0§0§7§9l§x§B§6§0§0§9§4e§x§A§B§0§0§A§E §x§A§0§0§0§C§9A§x§9§5§0§0§E§4x§x§8§A§0§0§F§Fe in auction for 1500000.
[21:41:23] > celinesanrio added x25 Enchanted golden apple in auction for 2000000.
[21:42:10] > celinesanrio added x1 Flint and steel in auction for 10.
[21:47:52] > .JakeTheMiner457 added x1 Ominous bottle in auction for 45000.
[21:48:05] > Johng10910 buy x1 Ominous bottle to .JakeTheMiner457 for $45,000.
[21:48:19] > Johng10910 remove x1 Ominous bottle from buy
[21:48:20] > Johng10910 remove x1 Shulker box from buy
[21:48:20] > Johng10910 remove x1 Enchanted book from buy
[21:48:22] > Johng10910 remove x9 Ominous bottle from buy
[21:48:44] > .JakeTheMiner457 added x1 Ominous bottle in auction for 45000.
[21:54:32] > .jamesMC4714 added x1 Enchanted golden apple in auction for 9999999999999999.
[21:55:13] > x1 Music disc 13 on sale by FLaMesd has just expired, it goes in the inventory of expired items.
[21:55:15] > Palietass added x5 Glass pane in auction for 12312312312312313.
[21:55:40] > Nxwaf buy x1 Flint and steel to celinesanrio for $10.
[21:57:58] > Enyara buy x8 Netherite upgrade smithing template to Johng10910 for $350,000.
[21:58:12] > Enyara remove x8 Netherite upgrade smithing template from buy
[22:01:33] > x1 §x§F§F§7§C§0§0§lSteamsparks Leggings on sale by EnderDragon0120 has just expired, it goes in the inventory of expired items.
[22:02:30] > nachfaust added x1 Axolotl bucket in auction for 300000.
[22:02:57] > Johng10910 buy x1 Axolotl bucket to nachfaust for $300,000.
[22:07:30] > Dentatsu buy x1 §f§l§8B§x§6§1§6§1§6§1a§x§6§D§6§D§6§Dh§x§7§9§7§9§7§9a§x§8§6§8§6§8§6m§x§9§2§9§2§9§2u§x§9§E§9§E§9§Et§7 §x§9§E§9§E§9§EH§x§9§2§9§2§9§2a§x§8§6§8§6§8§6l§x§7§9§7§9§7§9b§x§6§D§6§D§6§De§x§6§1§6§1§6§1r§8d to dat_boi for $200,000.
[22:08:27] > dat_boi remove x1 §x§E§5§1§B§1§B§lDracula Pickaxe from storage
[22:08:45] > dat_boi added x1 §x§E§5§1§B§1§B§lDracula Pickaxe in auction for 300000.
[22:09:10] > HwanYo buy x1 §x§F§F§3§E§0§0§lSellwand Voucher to scarlettti for $1,500,000.
[22:09:14] > HwanYo remove x1 §x§F§F§5§5§0§0§lsᴇʟʟᴡᴀɴᴅ §6- 10.0x from buy
[22:09:15] > HwanYo remove x1 §x§F§F§3§E§0§0§lSellwand Voucher from buy
[22:11:37] > x1 Music disc cat on sale by FLaMesd has just expired, it goes in the inventory of expired items.
[22:18:46] > Kaynn added x1 Enchanted book in auction for 90000.
[22:23:41] > ThatMidnight remove x1 §f§l§x§8§A§0§0§F§FS§x§9§6§0§0§E§3h§x§A§1§0§0§C§6i§x§A§D§0§0§A§An§x§B§9§0§0§8§Ee§x§C§4§0§0§7§1 §x§D§0§0§0§5§5O§x§D§C§0§0§3§9n§x§E§7§0§0§1§Ci§x§F§3§0§0§0§0 §x§E§7§0§0§1§CB§x§D§C§0§0§3§9i§x§D§0§0§0§5§5g§x§C§4§0§0§7§1 §x§B§9§0§0§8§ES§x§A§D§0§0§A§Aw§x§A§1§0§0§C§6o§x§9§6§0§0§E§3r§x§8§A§0§0§F§Fd from storage
[22:23:51] > ThatMidnight remove x1 §f§l§x§8§A§0§0§F§FS§x§9§6§0§0§E§3h§x§A§1§0§0§C§6i§x§A§D§0§0§A§An§x§B§9§0§0§8§Ee§x§C§4§0§0§7§1 §x§D§0§0§0§5§5O§x§D§C§0§0§3§9n§x§E§7§0§0§1§Ci§x§F§3§0§0§0§0 §x§E§7§0§0§1§CB§x§D§C§0§0§3§9i§x§D§0§0§0§5§5g§x§C§4§0§0§7§1 §x§B§9§0§0§8§ES§x§A§D§0§0§A§Aw§x§A§1§0§0§C§6o§x§9§6§0§0§E§3r§x§8§A§0§0§F§Fd from expire
[22:30:10] > SonyAstro buy x1 §x§F§F§3§E§0§0§lD§x§F§F§3§6§0§0§le§x§F§F§2§F§0§0§lm§x§F§F§2§7§0§0§lo§x§F§F§1§F§0§0§ln §x§F§F§1§0§0§0§lL§x§F§F§0§8§0§0§lo§x§F§F§0§0§0§0§lr§x§F§F§0§8§0§0§ld §x§F§F§1§7§0§0§lD§x§F§F§1§F§0§0§la§x§F§F§2§7§0§0§lg§x§F§F§2§F§0§0§lg§x§F§F§3§6§0§0§le§x§F§F§3§E§0§0§lr to VortexZayne for $250,000.
[22:30:23] > SonyAstro remove x1 §x§F§F§3§E§0§0§lD§x§F§F§3§6§0§0§le§x§F§F§2§F§0§0§lm§x§F§F§2§7§0§0§lo§x§F§F§1§F§0§0§ln §x§F§F§1§0§0§0§lL§x§F§F§0§8§0§0§lo§x§F§F§0§0§0§0§lr§x§F§F§0§8§0§0§ld §x§F§F§1§7§0§0§lD§x§F§F§1§F§0§0§la§x§F§F§2§7§0§0§lg§x§F§F§2§F§0§0§lg§x§F§F§3§6§0§0§le§x§F§F§3§E§0§0§lr from buy
[22:35:45] > BlackJordan69 buy x1 §x§E§5§1§B§1§B§lDracula Shield to Callistrix for $200,000.
[22:36:57] > BlackJordan69 buy x25 Deepslate diamond ore to YooRushy for $390,000.
[22:37:14] > BlackJordan69 remove x25 Deepslate diamond ore form buy
[22:37:14] > BlackJordan69 remove x1 §x§E§5§1§B§1§B§lDracula Shield form buy
[22:42:03] > Zen0969 buy x1 Enchanted book to Cooldoggiexd for $600,000.
[22:42:08] > Zen0969 buy x1 Enchanted book to Cooldoggiexd for $600,000.
[22:45:24] > .AyakoKoru buy x1 Shulker box to .JakeTheMiner457 for $155,000.
[22:45:34] > .AyakoKoru remove x1 Shulker box from buy
[22:46:25] > .AyakoKoru added x1 Totem of undying in auction for 40000.
[22:46:32] > Lanchan68 buy x1 Totem of undying to .AyakoKoru for $40,000.
[22:46:44] > .AyakoKoru added x1 Totem of undying in auction for 40000.
[22:46:46] > Lanchan68 buy x1 Enchanted book to Kaynn for $90,000.
[22:46:54] > Kaynn added x1 §x§F§E§B§E§C§A§lSeason 3 Celebration Cake <3 in auction for 320000.
[22:46:54] > .AyakoKoru added x1 Totem of undying in auction for 40000.
[22:47:11] > Lanchan68 buy x1 §x§8§A§0§0§F§FS§x§9§5§0§0§E§4h§x§A§0§0§0§C§9i§x§A§B§0§0§A§En§x§B§6§0§0§9§4e§x§C§1§0§0§7§9 §x§C§C§0§0§5§EO§x§D§7§0§0§4§3n§x§E§2§0§0§2§8i§x§E§D§0§0§0§D B§x§E§2§0§0§2§8a§x§D§7§0§0§4§3t§x§C§C§0§0§5§Et§x§C§1§0§0§7§9l§x§B§6§0§0§9§4e§x§A§B§0§0§A§E §x§A§0§0§0§C§9A§x§9§5§0§0§E§4x§x§8§A§0§0§F§Fe to celinesanrio for $1,500,000.
[22:47:17] > CoinDegree52415 buy x1 §x§F§F§7§C§0§0§lSteamsparks Staff to dat_boi for $200,000.
[22:47:18] > .AyakoKoru added x1 Totem of undying in auction for 40000.
[22:51:08] > onlyAprilis buy x64 Diamond to Johng10910 for $150,000.
[22:51:27] > .AyakoKoru added x64 Firework rocket in auction for 25000.
[22:51:35] > Ch4r_380 buy x64 Firework rocket to .AyakoKoru for $25,000.
[22:51:44] > .AyakoKoru added x64 Firework rocket in auction for 25000.
[22:51:45] > Ch4r_380 remove x45 Firework rocket from buy
[22:52:01] > ELITEWARRIOR added x1 Enchanted book in auction for 90000.
[22:52:05] > .TetoxXxortd buy x64 Firework rocket to .AyakoKoru for $25,000.
[22:53:11] > .AyakoKoru added x64 Firework rocket in auction for 25000.
[22:53:23] > .AyakoKoru added x64 Firework rocket in auction for 25000.
[22:54:15] > CoinDegree52415 remove x1 §x§F§F§7§C§0§0§lSteamsparks Staff from buy
[22:54:31] > .TetoxXxortd remove x64 Firework rocket from buy
[22:56:35] > Renzy01 added x1 Netherite upgrade smithing template in auction for 90000.
[22:57:23] > Renzy01 added x4 Netherite upgrade smithing template in auction for 360000.
[22:57:34] > Renzy01 remove x1 Netherite upgrade smithing template from storage
[22:58:53] > HPMR_GaMerz remove x1 White shulker box from buy
[23:00:59] > Renzy01 remove x4 Netherite upgrade smithing template from storage
[23:01:34] > Renzy01 added x3 Netherite upgrade smithing template in auction for 270000.
[23:02:05] > .JakeTheMiner457 buy x5 Netherite upgrade smithing template to Doomday152 for $350,000.
[23:03:28] > .JakeTheMiner457 remove x5 Netherite upgrade smithing template form buy
[23:03:28] > .JakeTheMiner457 remove x1 Enchanted book form buy
[23:08:00] > Palietass buy x1 §x§5§9§A§1§D§9§lA§x§6§E§A§D§D§Er§x§8§3§B§9§E§3c§x§9§7§C§4§E§7h§x§A§C§D§0§E§Ca§x§C§1§D§C§F§1n§x§D§6§E§8§F§6g§x§E§A§F§3§F§Ae§fl §x§D§0§E§4§F§4S§x§B§8§D§7§E§Fh§x§A§0§C§9§E§9i§x§8§8§B§C§E§4e§x§7§1§A§E§D§El§x§5§9§A§1§D§9d to BlackKnight for $1,000,000.
[23:08:08] > Palietass remove x1 §x§5§9§A§1§D§9§lA§x§6§E§A§D§D§Er§x§8§3§B§9§E§3c§x§9§7§C§4§E§7h§x§A§C§D§0§E§Ca§x§C§1§D§C§F§1n§x§D§6§E§8§F§6g§x§E§A§F§3§F§Ae§fl §x§D§0§E§4§F§4S§x§B§8§D§7§E§Fh§x§A§0§C§9§E§9i§x§8§8§B§C§E§4e§x§7§1§A§E§D§El§x§5§9§A§1§D§9d from buy
[23:09:58] > .JakeTheMiner457 added x1 Shulker box in auction for 160000.
[23:11:22] > RizzaIck added x8 Netherite upgrade smithing template in auction for 500000.
[23:11:47] > RizzaIck remove x8 Netherite upgrade smithing template from storage
[23:12:06] > RizzaIck added x2 Netherite upgrade smithing template in auction for 200000.
[23:12:18] > RizzaIck added x2 Netherite upgrade smithing template in auction for 200000.
[23:12:28] > RizzaIck added x2 Netherite upgrade smithing template in auction for 200000.
[23:12:38] > RizzaIck added x2 Netherite upgrade smithing template in auction for 200000.
[23:14:06] > king_ARK remove x1 §x§F§F§5§5§0§0§lsᴇʟʟᴡᴀɴᴅ §6- 10.0x from buy
[23:14:23] > Keeos added x64 Golden apple in auction for 150000.
[23:15:58] > .JakeTheMiner457 added x4 Netherite upgrade smithing template in auction for 400000.
[23:16:07] > Keeos added x64 Golden apple in auction for 150000.
[23:16:34] > Keeos added x64 Golden apple in auction for 150000.
[23:16:45] > Zen0969 buy x64 Golden apple to Keeos for $150,000.
[23:16:46] > Zen0969 buy x64 Golden apple to Keeos for $150,000.
[23:16:47] > Zen0969 buy x64 Golden apple to Keeos for $150,000.
[23:16:53] > Keeos added x64 Golden apple in auction for 150000.
[23:16:54] > Zen0969 remove x64 Golden apple from buy
[23:16:54] > Zen0969 remove x64 Golden apple from buy
[23:16:54] > Zen0969 remove x64 Golden apple from buy
[23:17:26] > Keeos added x64 Golden apple in auction for 150000.
[23:21:36] > RebornKimmy buy x64 Golden apple to Keeos for $150,000.
[23:21:39] > RebornKimmy buy x64 Golden apple to Keeos for $150,000.
[23:21:48] > RebornKimmy buy x2 Enchanted golden apple to Cooldoggiexd for $100,000.
[23:21:52] > RebornKimmy buy x1 Enchanted golden apple to BlackJordan69 for $75,000.
[23:23:08] > Keeos added x64 Golden apple in auction for 150000.
[23:23:12] > Zen0969 buy x64 Golden apple to Keeos for $150,000.
[23:23:23] > Keeos added x64 Golden apple in auction for 150000.
[23:23:34] > Keeos added x64 Golden apple in auction for 150000.
[23:23:43] > Zen0969 buy x64 Golden apple to Keeos for $150,000.
[23:23:44] > Zen0969 buy x64 Golden apple to Keeos for $150,000.
[23:23:48] > Keeos added x64 Golden apple in auction for 150000.
[23:23:50] > Zen0969 remove x64 Golden apple from buy
[23:23:50] > Zen0969 remove x64 Golden apple from buy
[23:23:50] > Zen0969 remove x64 Golden apple from buy
[23:24:05] > Keeos added x64 Golden apple in auction for 150000.
[23:24:16] > Keeos added x64 Golden apple in auction for 150000.
[23:26:06] > Keeos added x64 Golden apple in auction for 150000.
[23:26:22] > Keeos added x64 Golden apple in auction for 150000.
[23:26:31] > Zen0969 buy x64 Golden apple to Keeos for $150,000.
[23:26:32] > Zen0969 buy x64 Golden apple to Keeos for $150,000.
[23:26:33] > Zen0969 buy x64 Golden apple to Keeos for $150,000.
[23:26:34] > Zen0969 buy x64 Golden apple to Keeos for $150,000.
[23:26:35] > Zen0969 buy x64 Golden apple to Keeos for $150,000.
[23:26:38] > Zen0969 remove x64 Golden apple from buy
[23:26:38] > Zen0969 remove x64 Golden apple from buy
[23:26:39] > Zen0969 remove x64 Golden apple from buy
[23:26:39] > Zen0969 remove x64 Golden apple from buy
[23:26:39] > Zen0969 remove x64 Golden apple from buy
[23:27:44] > Keeos added x64 Golden apple in auction for 150000.
[23:28:04] > Keeos added x64 Golden apple in auction for 150000.
[23:28:19] > Keeos added x64 Golden apple in auction for 150000.
[23:28:32] > Keeos added x64 Golden apple in auction for 150000.
[23:28:42] > Keeos added x64 Golden apple in auction for 150000.
[23:30:38] > azuyeca remove x1 §x§F§F§5§5§0§0§lsᴇʟʟᴡᴀɴᴅ §6- 5.0x from storage
[23:32:25] > .Allxnzv added x5 §x§C§9§A§7§F§C§lL§x§B§D§A§E§F§6§le§x§B§1§B§4§F§0§lg§x§A§6§B§B§E§A§le§x§9§A§C§1§E§4§ln§x§8§E§C§8§D§D§ld§x§8§2§C§E§D§7§la§x§7§7§D§5§D§1§lr§x§6§B§D§B§C§B§ly §x§6§B§D§B§C§B§lC§x§7§7§D§5§D§1§lr§x§8§2§C§E§D§7§la§x§8§E§C§8§D§D§lt§x§9§A§C§1§E§4§le §x§B§1§B§4§F§0§lK§x§B§D§A§E§F§6§le§x§C§9§A§7§F§C§ly in auction for 500000.
[23:43:37] > Enyara added x1 §x§3§4§9§8§D§Bɪʀᴏɴ ɢᴏʟᴇᴍ ꜱᴘᴀᴡɴᴇʀ in auction for 1500000.
[23:43:45] > claypotter buy x1 §x§3§4§9§8§D§Bɪʀᴏɴ ɢᴏʟᴇᴍ ꜱᴘᴀᴡɴᴇʀ to Enyara for $1,500,000.
[23:43:47] > HPMR_GaMerz buy x1 Shulker box to .JakeTheMiner457 for $160,000.
[23:43:50] > HPMR_GaMerz buy x64 Golden apple to Keeos for $150,000.
[23:43:51] > HPMR_GaMerz buy x64 Golden apple to Keeos for $150,000.
[23:43:53] > HPMR_GaMerz buy x64 Golden apple to Keeos for $150,000.
[23:43:54] > HPMR_GaMerz buy x64 Golden apple to Keeos for $150,000.
[23:43:55] > HPMR_GaMerz buy x64 Golden apple to Keeos for $150,000.
[23:44:07] > .Allxnzv remove x5 §x§C§9§A§7§F§C§lL§x§B§D§A§E§F§6§le§x§B§1§B§4§F§0§lg§x§A§6§B§B§E§A§le§x§9§A§C§1§E§4§ln§x§8§E§C§8§D§D§ld§x§8§2§C§E§D§7§la§x§7§7§D§5§D§1§lr§x§6§B§D§B§C§B§ly §x§6§B§D§B§C§B§lC§x§7§7§D§5§D§1§lr§x§8§2§C§E§D§7§la§x§8§E§C§8§D§D§lt§x§9§A§C§1§E§4§le §x§B§1§B§4§F§0§lK§x§B§D§A§E§F§6§le§x§C§9§A§7§F§C§ly from storage
[23:44:33] > claypotter remove x1 §x§3§4§9§8§D§Bɪʀᴏɴ ɢᴏʟᴇᴍ ꜱᴘᴀᴡɴᴇʀ from buy
[23:44:33] > .Allxnzv added x1 §x§C§9§A§7§F§C§lL§x§B§D§A§E§F§6§le§x§B§1§B§4§F§0§lg§x§A§6§B§B§E§A§le§x§9§A§C§1§E§4§ln§x§8§E§C§8§D§D§ld§x§8§2§C§E§D§7§la§x§7§7§D§5§D§1§lr§x§6§B§D§B§C§B§ly §x§6§B§D§B§C§B§lC§x§7§7§D§5§D§1§lr§x§8§2§C§E§D§7§la§x§8§E§C§8§D§D§lt§x§9§A§C§1§E§4§le §x§B§1§B§4§F§0§lK§x§B§D§A§E§F§6§le§x§C§9§A§7§F§C§ly in auction for 100000.
[23:44:48] > .Allxnzv added x1 §x§C§9§A§7§F§C§lL§x§B§D§A§E§F§6§le§x§B§1§B§4§F§0§lg§x§A§6§B§B§E§A§le§x§9§A§C§1§E§4§ln§x§8§E§C§8§D§D§ld§x§8§2§C§E§D§7§la§x§7§7§D§5§D§1§lr§x§6§B§D§B§C§B§ly §x§6§B§D§B§C§B§lC§x§7§7§D§5§D§1§lr§x§8§2§C§E§D§7§la§x§8§E§C§8§D§D§lt§x§9§A§C§1§E§4§le §x§B§1§B§4§F§0§lK§x§B§D§A§E§F§6§le§x§C§9§A§7§F§C§ly in auction for 100000.
[23:45:02] > .Allxnzv added x1 §x§C§9§A§7§F§C§lL§x§B§D§A§E§F§6§le§x§B§1§B§4§F§0§lg§x§A§6§B§B§E§A§le§x§9§A§C§1§E§4§ln§x§8§E§C§8§D§D§ld§x§8§2§C§E§D§7§la§x§7§7§D§5§D§1§lr§x§6§B§D§B§C§B§ly §x§6§B§D§B§C§B§lC§x§7§7§D§5§D§1§lr§x§8§2§C§E§D§7§la§x§8§E§C§8§D§D§lt§x§9§A§C§1§E§4§le §x§B§1§B§4§F§0§lK§x§B§D§A§E§F§6§le§x§C§9§A§7§F§C§ly in auction for 100000.
[23:45:15] > .Allxnzv added x1 §x§C§9§A§7§F§C§lL§x§B§D§A§E§F§6§le§x§B§1§B§4§F§0§lg§x§A§6§B§B§E§A§le§x§9§A§C§1§E§4§ln§x§8§E§C§8§D§D§ld§x§8§2§C§E§D§7§la§x§7§7§D§5§D§1§lr§x§6§B§D§B§C§B§ly §x§6§B§D§B§C§B§lC§x§7§7§D§5§D§1§lr§x§8§2§C§E§D§7§la§x§8§E§C§8§D§D§lt§x§9§A§C§1§E§4§le §x§B§1§B§4§F§0§lK§x§B§D§A§E§F§6§le§x§C§9§A§7§F§C§ly in auction for 100000.
[23:45:29] > .Allxnzv added x1 §x§C§9§A§7§F§C§lL§x§B§D§A§E§F§6§le§x§B§1§B§4§F§0§lg§x§A§6§B§B§E§A§le§x§9§A§C§1§E§4§ln§x§8§E§C§8§D§D§ld§x§8§2§C§E§D§7§la§x§7§7§D§5§D§1§lr§x§6§B§D§B§C§B§ly §x§6§B§D§B§C§B§lC§x§7§7§D§5§D§1§lr§x§8§2§C§E§D§7§la§x§8§E§C§8§D§D§lt§x§9§A§C§1§E§4§le §x§B§1§B§4§F§0§lK§x§B§D§A§E§F§6§le§x§C§9§A§7§F§C§ly in auction for 100000.
[23:47:43] > nachfaust added x2 Coast armor trim smithing template in auction for 50000.
[23:52:34] > ELITEWARRIOR added x1 Conduit in auction for 200000.
[23:55:27] > Keeos added x64 Golden apple in auction for 150000.
[23:55:44] > Keeos added x64 Golden apple in auction for 150000.
[23:55:56] > Keeos added x64 Golden apple in auction for 150000.
[23:56:16] > Keeos added x64 Golden apple in auction for 150000.
[23:56:33] > Keeos added x64 Golden apple in auction for 150000.
[23:56:54] > Keeos added x64 Golden apple in auction for 150000.
[23:57:05] > Keeos added x64 Golden apple in auction for 150000.
[23:57:27] > Keeos added x64 Golden apple in auction for 150000.
[23:57:41] > BlackKnight buy x1 §x§3§4§9§8§D§Bɪʀᴏɴ ɢᴏʟᴇᴍ ꜱᴘᴀᴡɴᴇʀ to Kwienn for $2,000,000.
[23:57:59] > Ch4r_380 buy x2 Coast armor trim smithing template to nachfaust for $50,000.
[23:58:08] > Ch4r_380 remove x2 Coast armor trim smithing template from buy
[00:07:00] > namerikangel added x1 §x§F§F§5§5§0§0§lsᴇʟʟᴡᴀɴᴅ §6- 5.0x in auction for 500000.
[00:10:30] > Zypher_0w0 added x64 Wither skeleton skull in auction for 320000.
[00:10:58] > Zypher_0w0 added x64 Wither skeleton skull in auction for 320000.
[00:12:23] > Zypher_0w0 added x64 Wither skeleton skull in auction for 320000.
[00:12:33] > Zypher_0w0 added x64 Wither skeleton skull in auction for 320000.
[00:15:21] > Zypher_0w0 remove x64 Wither skeleton skull from storage
[00:15:21] > Zypher_0w0 remove x64 Wither skeleton skull from storage
[00:28:38] > nachfaust added x1 §x§F§F§5§5§0§0§lsᴇʟʟᴡᴀɴᴅ §6- 5.0x in auction for 500000.
[00:28:43] > Abbadex buy x1 §x§F§F§5§5§0§0§lsᴇʟʟᴡᴀɴᴅ §6- 5.0x to nachfaust for $500,000.
[00:28:45] > Abbadex buy x1 §x§F§F§5§5§0§0§lsᴇʟʟᴡᴀɴᴅ §6- 5.0x to namerikangel for $500,000.
[00:30:02] > BlueTea_Official added x1 §f§l§8B§x§6§6§6§6§6§6a§x§7§7§7§7§7§7h§x§8§8§8§8§8§8a§x§9§9§9§9§9§9m§7u§x§9§9§9§9§9§9t§x§8§8§8§8§8§8 §x§7§7§7§7§7§7K§x§6§6§6§6§6§6e§8y in auction for 100000.
[00:30:15] > ThatMidnight buy x1 §f§l§8B§x§6§6§6§6§6§6a§x§7§7§7§7§7§7h§x§8§8§8§8§8§8a§x§9§9§9§9§9§9m§7u§x§9§9§9§9§9§9t§x§8§8§8§8§8§8 §x§7§7§7§7§7§7K§x§6§6§6§6§6§6e§8y to BlueTea_Official for $100,000.
[00:30:28] > ThatMidnight remove x1 §f§l§8B§x§6§6§6§6§6§6a§x§7§7§7§7§7§7h§x§8§8§8§8§8§8a§x§9§9§9§9§9§9m§7u§x§9§9§9§9§9§9t§x§8§8§8§8§8§8 §x§7§7§7§7§7§7K§x§6§6§6§6§6§6e§8y from buy
[00:31:40] > mae added x1 §x§F§F§5§5§0§0§lsᴇʟʟᴡᴀɴᴅ §6- 5.0x in auction for 1000000.
[00:38:04] > arga2012 added x6 Shulker shell in auction for 900.
[00:38:13] > tic_sz buy x6 Shulker shell to arga2012 for $900.
[00:38:18] > tic_sz remove x6 Shulker shell from buy
[00:40:09] > arga2012 added x1 Shulker box in auction for 50000.
[00:40:21] > arga2012 remove x1 Shulker box from storage
[00:40:48] > arga2012 added x1 Shulker box in auction for 500000.
[00:41:13] > arga2012 remove x1 Shulker box from storage
[00:41:22] > Unforce01 added x1 Blue shulker box in auction for 150000.
[00:41:34] > Unforce01 added x1 White shulker box in auction for 150000.
[00:41:36] > arga2012 added x1 Shulker box in auction for 500000.
[00:42:26] > Bleh added x1 §x§5§9§A§1§D§9§lA§x§7§1§A§E§D§Er§x§8§8§B§C§E§4c§x§A§0§C§9§E§9h§x§B§8§D§7§E§Fa§x§D§0§E§4§F§4n§x§E§7§F§2§F§Ag§fe§x§E§7§F§2§F§Al §x§B§8§D§7§E§FS§x§A§0§C§9§E§9w§x§8§8§B§C§E§4o§x§7§1§A§E§D§Er§x§5§9§A§1§D§9d in auction for 1500000.
[00:43:10] > arga2012 buy x1 Ominous bottle to .JakeTheMiner457 for $45,000.
[00:43:35] > arga2012 added x1 Shulker box in auction for 250000.
[00:44:17] > RizzaIck added x1 §f§l§x§F§C§D§0§5§CW§x§F§B§B§0§4§Eu§x§F§9§9§0§4§0k§x§F§8§7§0§3§2o§x§F§6§5§0§2§3n§x§F§5§3§0§1§5g§x§F§4§1§0§0§7 P§x§F§5§3§0§1§5i§x§F§6§5§0§2§3c§x§F§8§7§0§3§2k§x§F§9§9§0§4§0a§x§F§B§B§0§4§Ex§x§F§C§D§0§5§Ce in auction for 200000.
[00:44:31] > RizzaIck added x1 §x§E§5§1§B§1§B§lDracula Wings in auction for 50000.
[00:44:33] > arga2012 added x1 §x§F§F§5§5§0§0§lsᴇʟʟᴡᴀɴᴅ §6- 5.0x in auction for 800000.
[00:44:36] > tic_sz buy x1 §x§E§5§1§B§1§B§lDracula Wings to RizzaIck for $50,000.
[00:44:45] > RizzaIck added x1 §x§F§F§7§C§0§0§lSteamsparks Wings in auction for 100000.
[00:45:31] > RizzaIck remove x2 Netherite upgrade smithing template from storage
[00:45:33] > RizzaIck remove x2 Netherite upgrade smithing template from storage
[00:45:34] > RizzaIck remove x2 Netherite upgrade smithing template from storage
[00:45:39] > RizzaIck added x1 §f§l§8B§x§6§4§6§4§6§4a§x§7§4§7§4§7§4h§x§8§3§8§3§8§3a§x§9§3§9§3§9§3m§x§A§2§A§2§A§2ut§x§9§3§9§3§9§3 §x§8§3§8§3§8§3C§x§7§4§7§4§7§4l§x§6§4§6§4§6§4u§8b in auction for 1000000.
[00:46:02] > arga2012 added x1 Shulker box in auction for 500000.
[00:46:08] > HPMR_GaMerz remove x4 Enchanted golden apple from buy
[00:46:08] > HPMR_GaMerz remove x2 §x§F§F§3§E§0§0§lD§x§F§F§3§7§0§0§le§x§F§F§3§0§0§0§lm§x§F§F§2§9§0§0§lo§x§F§F§2§2§0§0§ln §x§F§F§1§5§0§0§lL§x§F§F§0§E§0§0§lo§x§F§F§0§7§0§0§lr§x§F§F§0§0§0§0§ld §x§F§F§0§E§0§0§lF§x§F§F§1§5§0§0§lr§x§F§F§1§C§0§0§la§x§F§F§2§2§0§0§lg§x§F§F§2§9§0§0§lm§x§F§F§3§0§0§0§le§x§F§F§3§7§0§0§ln§x§F§F§3§E§0§0§lt from buy
[00:46:09] > HPMR_GaMerz remove x1 Lime shulker box from buy
[00:46:09] > HPMR_GaMerz remove x2 Shulker shell from buy
[00:46:09] > HPMR_GaMerz remove x1 Shulker shell from buy
[00:46:09] > HPMR_GaMerz remove x64 Emerald block from buy
[00:46:10] > HPMR_GaMerz remove x2 Trial key from buy
[00:46:10] > HPMR_GaMerz remove x1 Enchanted book from buy
[00:46:10] > HPMR_GaMerz remove x3 Enchanted golden apple from buy
[00:46:10] > HPMR_GaMerz remove x4 Enchanted golden apple from buy
[00:46:10] > HPMR_GaMerz remove x1 Enchanted book from buy
[00:46:11] > HPMR_GaMerz remove x1 §x§3§4§9§8§D§Bʙʟᴀᴢᴇ ꜱᴘᴀᴡɴᴇʀ from buy
[00:46:11] > HPMR_GaMerz remove x64 Resin bricks from buy
[00:46:11] > HPMR_GaMerz remove x64 Resin brick from buy
[00:46:11] > HPMR_GaMerz remove x8 Resin bricks from buy
[00:46:12] > HPMR_GaMerz remove x64 Golden apple from buy
[00:46:12] > HPMR_GaMerz remove x29 Golden apple from buy
[00:46:12] > HPMR_GaMerz remove x1 Shulker box from buy
[00:46:12] > HPMR_GaMerz remove x29 Golden apple from buy
[00:46:12] > HPMR_GaMerz remove x29 Golden apple from buy
[00:46:13] > HPMR_GaMerz remove x29 Golden apple from buy
[00:46:13] > HPMR_GaMerz remove x29 Golden apple from buy
[00:46:13] > HPMR_GaMerz remove x29 Golden apple from buy
[00:46:55] > RizzaIck added x1 §x§F§0§7§A§5§4§lZombie Apocalyptic Halberd in auction for 1000000.
[00:46:58] > .JakeTheMiner457 remove x4 Netherite upgrade smithing template from storage
[00:47:07] > x1 §eʙʟᴀᴢᴇ sᴘᴀᴡɴᴇʀ, item of .Allxnzv, has just expired, the item is definitively deleted.
[00:47:07] > x1 §x§F§0§7§A§5§4§lZombie Apocalyptic Wing, item of cinterMC, has just expired, the item is definitively deleted.
[00:47:07] > x1 §eʙʟᴀᴢᴇ sᴘᴀᴡɴᴇʀ, item of cinterMC, has just expired, the item is definitively deleted.
[00:47:10] > HPMR_GaMerz remove x1 §x§F§F§3§E§0§0§lD§x§F§F§3§7§0§0§le§x§F§F§3§0§0§0§lm§x§F§F§2§9§0§0§lo§x§F§F§2§2§0§0§ln §x§F§F§1§5§0§0§lL§x§F§F§0§E§0§0§lo§x§F§F§0§7§0§0§lr§x§F§F§0§0§0§0§ld §x§F§F§0§E§0§0§lF§x§F§F§1§5§0§0§lr§x§F§F§1§C§0§0§la§x§F§F§2§2§0§0§lg§x§F§F§2§9§0§0§lm§x§F§F§3§0§0§0§le§x§F§F§3§7§0§0§ln§x§F§F§3§E§0§0§lt from expire
[00:47:10] > HPMR_GaMerz remove x2 §x§F§F§3§E§0§0§lD§x§F§F§3§7§0§0§le§x§F§F§3§0§0§0§lm§x§F§F§2§9§0§0§lo§x§F§F§2§2§0§0§ln §x§F§F§1§5§0§0§lL§x§F§F§0§E§0§0§lo§x§F§F§0§7§0§0§lr§x§F§F§0§0§0§0§ld §x§F§F§0§E§0§0§lF§x§F§F§1§5§0§0§lr§x§F§F§1§C§0§0§la§x§F§F§2§2§0§0§lg§x§F§F§2§9§0§0§lm§x§F§F§3§0§0§0§le§x§F§F§3§7§0§0§ln§x§F§F§3§E§0§0§lt from expire
[00:47:10] > HPMR_GaMerz remove x1 §x§F§F§3§E§0§0§lD§x§F§F§3§7§0§0§le§x§F§F§3§0§0§0§lm§x§F§F§2§9§0§0§lo§x§F§F§2§2§0§0§ln §x§F§F§1§5§0§0§lL§x§F§F§0§E§0§0§lo§x§F§F§0§7§0§0§lr§x§F§F§0§0§0§0§ld §x§F§F§0§E§0§0§lF§x§F§F§1§5§0§0§lr§x§F§F§1§C§0§0§la§x§F§F§2§2§0§0§lg§x§F§F§2§9§0§0§lm§x§F§F§3§0§0§0§le§x§F§F§3§7§0§0§ln§x§F§F§3§E§0§0§lt from expire
[00:47:11] > HPMR_GaMerz remove x1 §x§F§F§3§E§0§0§lD§x§F§F§3§7§0§0§le§x§F§F§3§0§0§0§lm§x§F§F§2§9§0§0§lo§x§F§F§2§2§0§0§ln §x§F§F§1§5§0§0§lL§x§F§F§0§E§0§0§lo§x§F§F§0§7§0§0§lr§x§F§F§0§0§0§0§ld §x§F§F§0§E§0§0§lF§x§F§F§1§5§0§0§lr§x§F§F§1§C§0§0§la§x§F§F§2§2§0§0§lg§x§F§F§2§9§0§0§lm§x§F§F§3§0§0§0§le§x§F§F§3§7§0§0§ln§x§F§F§3§E§0§0§lt from expire
[00:47:11] > HPMR_GaMerz remove x4 §x§F§F§3§E§0§0§lD§x§F§F§3§7§0§0§le§x§F§F§3§0§0§0§lm§x§F§F§2§9§0§0§lo§x§F§F§2§2§0§0§ln §x§F§F§1§5§0§0§lL§x§F§F§0§E§0§0§lo§x§F§F§0§7§0§0§lr§x§F§F§0§0§0§0§ld §x§F§F§0§E§0§0§lF§x§F§F§1§5§0§0§lr§x§F§F§1§C§0§0§la§x§F§F§2§2§0§0§lg§x§F§F§2§9§0§0§lm§x§F§F§3§0§0§0§le§x§F§F§3§7§0§0§ln§x§F§F§3§E§0§0§lt from expire
[00:47:11] > HPMR_GaMerz remove x4 §x§F§F§3§E§0§0§lD§x§F§F§3§7§0§0§le§x§F§F§3§0§0§0§lm§x§F§F§2§9§0§0§lo§x§F§F§2§2§0§0§ln §x§F§F§1§5§0§0§lL§x§F§F§0§E§0§0§lo§x§F§F§0§7§0§0§lr§x§F§F§0§0§0§0§ld §x§F§F§0§E§0§0§lF§x§F§F§1§5§0§0§lr§x§F§F§1§C§0§0§la§x§F§F§2§2§0§0§lg§x§F§F§2§9§0§0§lm§x§F§F§3§0§0§0§le§x§F§F§3§7§0§0§ln§x§F§F§3§E§0§0§lt from expire
[00:47:11] > HPMR_GaMerz remove x2 §x§F§F§3§E§0§0§lD§x§F§F§3§7§0§0§le§x§F§F§3§0§0§0§lm§x§F§F§2§9§0§0§lo§x§F§F§2§2§0§0§ln §x§F§F§1§5§0§0§lL§x§F§F§0§E§0§0§lo§x§F§F§0§7§0§0§lr§x§F§F§0§0§0§0§ld §x§F§F§0§E§0§0§lF§x§F§F§1§5§0§0§lr§x§F§F§1§C§0§0§la§x§F§F§2§2§0§0§lg§x§F§F§2§9§0§0§lm§x§F§F§3§0§0§0§le§x§F§F§3§7§0§0§ln§x§F§F§3§E§0§0§lt from expire
[00:47:11] > HPMR_GaMerz remove x2 §x§F§F§3§E§0§0§lD§x§F§F§3§7§0§0§le§x§F§F§3§0§0§0§lm§x§F§F§2§9§0§0§lo§x§F§F§2§2§0§0§ln §x§F§F§1§5§0§0§lL§x§F§F§0§E§0§0§lo§x§F§F§0§7§0§0§lr§x§F§F§0§0§0§0§ld §x§F§F§0§E§0§0§lF§x§F§F§1§5§0§0§lr§x§F§F§1§C§0§0§la§x§F§F§2§2§0§0§lg§x§F§F§2§9§0§0§lm§x§F§F§3§0§0§0§le§x§F§F§3§7§0§0§ln§x§F§F§3§E§0§0§lt from expire
[00:47:12] > HPMR_GaMerz remove x6 §x§F§F§3§E§0§0§lD§x§F§F§3§7§0§0§le§x§F§F§3§0§0§0§lm§x§F§F§2§9§0§0§lo§x§F§F§2§2§0§0§ln §x§F§F§1§5§0§0§lL§x§F§F§0§E§0§0§lo§x§F§F§0§7§0§0§lr§x§F§F§0§0§0§0§ld §x§F§F§0§E§0§0§lF§x§F§F§1§5§0§0§lr§x§F§F§1§C§0§0§la§x§F§F§2§2§0§0§lg§x§F§F§2§9§0§0§lm§x§F§F§3§0§0§0§le§x§F§F§3§7§0§0§ln§x§F§F§3§E§0§0§lt from expire
[00:47:16] > .JakeTheMiner457 remove x4 Netherite upgrade smithing template from expire
[00:47:20] > RizzaIck added x1 §f§l§8B§x§6§2§6§2§6§2a§x§6§F§6§F§6§Fh§x§7§C§7§C§7§Ca§x§8§9§8§9§8§9m§x§9§6§9§6§9§6u§x§A§3§A§3§A§3t §x§9§6§9§6§9§6S§x§8§9§8§9§8§9h§x§7§C§7§C§7§Co§x§6§F§6§F§6§Fv§x§6§2§6§2§6§2e§8l in auction for 800000.
[00:47:35] > .JakeTheMiner457 added x4 Netherite upgrade smithing template in auction for 370000.
[00:47:44] > HPMR_GaMerz added x1 §x§F§F§3§E§0§0§lD§x§F§F§3§7§0§0§le§x§F§F§3§0§0§0§lm§x§F§F§2§9§0§0§lo§x§F§F§2§2§0§0§ln §x§F§F§1§5§0§0§lL§x§F§F§0§E§0§0§lo§x§F§F§0§7§0§0§lr§x§F§F§0§0§0§0§ld §x§F§F§0§E§0§0§lF§x§F§F§1§5§0§0§lr§x§F§F§1§C§0§0§la§x§F§F§2§2§0§0§lg§x§F§F§2§9§0§0§lm§x§F§F§3§0§0§0§le§x§F§F§3§7§0§0§ln§x§F§F§3§E§0§0§lt in auction for 150000.
[00:47:50] > RizzaIck remove x1 §x§F§F§7§C§0§0§lSteamsparks Wings from storage
[00:47:54] > HPMR_GaMerz added x1 §x§F§F§3§E§0§0§lD§x§F§F§3§7§0§0§le§x§F§F§3§0§0§0§lm§x§F§F§2§9§0§0§lo§x§F§F§2§2§0§0§ln §x§F§F§1§5§0§0§lL§x§F§F§0§E§0§0§lo§x§F§F§0§7§0§0§lr§x§F§F§0§0§0§0§ld §x§F§F§0§E§0§0§lF§x§F§F§1§5§0§0§lr§x§F§F§1§C§0§0§la§x§F§F§2§2§0§0§lg§x§F§F§2§9§0§0§lm§x§F§F§3§0§0§0§le§x§F§F§3§7§0§0§ln§x§F§F§3§E§0§0§lt in auction for 150000.
[00:48:03] > RizzaIck remove x1 §f§l§8B§x§6§2§6§2§6§2a§x§6§F§6§F§6§Fh§x§7§C§7§C§7§Ca§x§8§9§8§9§8§9m§x§9§6§9§6§9§6u§x§A§3§A§3§A§3t §x§9§6§9§6§9§6S§x§8§9§8§9§8§9h§x§7§C§7§C§7§Co§x§6§F§6§F§6§Fv§x§6§2§6§2§6§2e§8l from storage
[00:48:05] > HPMR_GaMerz added x1 §x§F§F§3§E§0§0§lD§x§F§F§3§7§0§0§le§x§F§F§3§0§0§0§lm§x§F§F§2§9§0§0§lo§x§F§F§2§2§0§0§ln §x§F§F§1§5§0§0§lL§x§F§F§0§E§0§0§lo§x§F§F§0§7§0§0§lr§x§F§F§0§0§0§0§ld §x§F§F§0§E§0§0§lF§x§F§F§1§5§0§0§lr§x§F§F§1§C§0§0§la§x§F§F§2§2§0§0§lg§x§F§F§2§9§0§0§lm§x§F§F§3§0§0§0§le§x§F§F§3§7§0§0§ln§x§F§F§3§E§0§0§lt in auction for 150000.
[00:48:09] > RizzaIck added x1 §x§F§F§7§C§0§0§lSteamsparks Wings in auction for 50000.
[00:48:14] > tic_sz buy x1 §x§F§F§7§C§0§0§lSteamsparks Wings to RizzaIck for $50,000.
[00:48:16] > HPMR_GaMerz added x2 §x§F§F§3§E§0§0§lD§x§F§F§3§7§0§0§le§x§F§F§3§0§0§0§lm§x§F§F§2§9§0§0§lo§x§F§F§2§2§0§0§ln §x§F§F§1§5§0§0§lL§x§F§F§0§E§0§0§lo§x§F§F§0§7§0§0§lr§x§F§F§0§0§0§0§ld §x§F§F§0§E§0§0§lF§x§F§F§1§5§0§0§lr§x§F§F§1§C§0§0§la§x§F§F§2§2§0§0§lg§x§F§F§2§9§0§0§lm§x§F§F§3§0§0§0§le§x§F§F§3§7§0§0§ln§x§F§F§3§E§0§0§lt in auction for 300000.
[00:48:19] > Renzy01 remove x3 Netherite upgrade smithing template from storage
[00:48:25] > RizzaIck added x1 §x§F§F§3§E§0§0§lD§x§F§F§3§5§0§0§le§x§F§F§2§C§0§0§lm§x§F§F§2§3§0§0§lo§x§F§F§1§B§0§0§ln §x§F§F§0§9§0§0§lL§x§F§F§0§0§0§0§lo§x§F§F§0§A§0§0§lr§x§F§F§1§5§0§0§ld §x§F§F§2§9§0§0§lA§x§F§F§3§4§0§0§lx§x§F§F§3§E§0§0§le in auction for 500000.
[00:48:28] > HPMR_GaMerz added x2 §x§F§F§3§E§0§0§lD§x§F§F§3§7§0§0§le§x§F§F§3§0§0§0§lm§x§F§F§2§9§0§0§lo§x§F§F§2§2§0§0§ln §x§F§F§1§5§0§0§lL§x§F§F§0§E§0§0§lo§x§F§F§0§7§0§0§lr§x§F§F§0§0§0§0§ld §x§F§F§0§E§0§0§lF§x§F§F§1§5§0§0§lr§x§F§F§1§C§0§0§la§x§F§F§2§2§0§0§lg§x§F§F§2§9§0§0§lm§x§F§F§3§0§0§0§le§x§F§F§3§7§0§0§ln§x§F§F§3§E§0§0§lt in auction for 300000.
[00:49:03] > HPMR_GaMerz added x18 §x§F§F§3§E§0§0§lD§x§F§F§3§7§0§0§le§x§F§F§3§0§0§0§lm§x§F§F§2§9§0§0§lo§x§F§F§2§2§0§0§ln §x§F§F§1§5§0§0§lL§x§F§F§0§E§0§0§lo§x§F§F§0§7§0§0§lr§x§F§F§0§0§0§0§ld §x§F§F§0§E§0§0§lF§x§F§F§1§5§0§0§lr§x§F§F§1§C§0§0§la§x§F§F§2§2§0§0§lg§x§F§F§2§9§0§0§lm§x§F§F§3§0§0§0§le§x§F§F§3§7§0§0§ln§x§F§F§3§E§0§0§lt in auction for 2700000.
[00:51:18] > Sapswright added x1 Diamond pickaxe in auction for 300000.
[00:53:50] > Abbadex remove x1 §x§F§F§5§5§0§0§lsᴇʟʟᴡᴀɴᴅ §6- 5.0x from buy
[00:56:49] > x1 §x§E§5§1§B§1§B§lDracula Chestplate, bought by MrZyrus7228, has just expired, the item is definitively deleted.
[00:56:50] > Abbadex remove x1 §x§F§F§5§5§0§0§lsᴇʟʟᴡᴀɴᴅ §6- 5.0x from buy
[01:01:55] > azuyeca remove x1 §x§F§F§5§5§0§0§lsᴇʟʟᴡᴀɴᴅ §6- 5.0x from expire
[01:03:11] > azuyeca buy x1 §x§C§9§A§7§F§C§lL§x§B§D§A§E§F§6§le§x§B§1§B§4§F§0§lg§x§A§6§B§B§E§A§le§x§9§A§C§1§E§4§ln§x§8§E§C§8§D§D§ld§x§8§2§C§E§D§7§la§x§7§7§D§5§D§1§lr§x§6§B§D§B§C§B§ly §x§6§B§D§B§C§B§lC§x§7§7§D§5§D§1§lr§x§8§2§C§E§D§7§la§x§8§E§C§8§D§D§lt§x§9§A§C§1§E§4§le §x§B§1§B§4§F§0§lK§x§B§D§A§E§F§6§le§x§C§9§A§7§F§C§ly to .Allxnzv for $100,000.
[01:04:53] > azuyeca remove x1 §x§C§9§A§7§F§C§lL§x§B§D§A§E§F§6§le§x§B§1§B§4§F§0§lg§x§A§6§B§B§E§A§le§x§9§A§C§1§E§4§ln§x§8§E§C§8§D§D§ld§x§8§2§C§E§D§7§la§x§7§7§D§5§D§1§lr§x§6§B§D§B§C§B§ly §x§6§B§D§B§C§B§lC§x§7§7§D§5§D§1§lr§x§8§2§C§E§D§7§la§x§8§E§C§8§D§D§lt§x§9§A§C§1§E§4§le §x§B§1§B§4§F§0§lK§x§B§D§A§E§F§6§le§x§C§9§A§7§F§C§ly from buy
[01:15:56] > ELITEWARRIOR added x1 Diamond leggings in auction for 50000.
[01:26:10] > .JoshuaCraft9422 buy x1 Diamond leggings to ELITEWARRIOR for $50,000.
[01:26:25] > x1 A fish filled with air, bought by MrZyrus7228, has just expired, the item is definitively deleted.
[01:32:21] > .JoshuaCraft9422 remove x1 Diamond leggings from buy
[01:32:22] > .JoshuaCraft9422 remove x1 Enchanted book from buy
[01:39:16] > tic_sz added x1  Mjölnir in auction for 15000000.
[01:40:14] > tic_sz remove x1  Mjölnir from storage
[01:40:21] > tic_sz remove x1  Mjölnir from expire
[01:42:47] > .JakeTheMiner457 added x1 Ominous bottle in auction for 15000.
[01:42:56] > YchannR buy x1 Ominous bottle to .JakeTheMiner457 for $15,000.
[02:16:26] > .JakeTheMiner457 remove x4 Netherite upgrade smithing template from storage
[02:16:40] > .JakeTheMiner457 remove x4 Netherite upgrade smithing template form expire
[02:17:06] > .JakeTheMiner457 added x4 Netherite upgrade smithing template in auction for 350000.
[02:17:31] > BlueTea_Official added x3 Netherite upgrade smithing template in auction for 300000.
[02:23:04] > .JakeTheMiner457 buy x3 Netherite ingot to Johng10910 for $300,000.
[02:23:28] > .JakeTheMiner457 remove x4 Netherite upgrade smithing template from storage
[02:23:42] > .JakeTheMiner457 remove x4 Netherite upgrade smithing template from expire
[02:24:25] > .JakeTheMiner457 added x3 Netherite upgrade smithing template in auction for 300000.
[02:35:23] > .JakeTheMiner457 added x1 Shulker box in auction for 160000.
[02:36:05] > .JakeTheMiner457 added x16 Ender pearl in auction for 150.
[02:44:20] > .JakeTheMiner457 remove x3 Netherite ingot from buy
[02:45:54] > .JakeTheMiner457 remove x1 Shulker box from storage
[02:46:07] > .JakeTheMiner457 remove x1 Shulker box from expire
[02:46:23] > .JakeTheMiner457 added x1 Shulker box in auction for 160000.
[02:46:42] > .AppriXD buy x1 Shulker box to .JakeTheMiner457 for $160,000.
[02:47:55] > ironjedi475 added x1 §x§F§0§7§A§5§4§lZombie Apocalyptic Key in auction for 800000.
[02:51:06] > .AppriXD remove x1 Shulker box from buy
[02:53:31] > _BAAM added x1 §x§F§F§3§E§0§0§lD§x§F§F§3§8§0§0§le§x§F§F§3§2§0§0§lm§x§F§F§2§B§0§0§lo§x§F§F§2§5§0§0§ln §x§F§F§1§9§0§0§lL§x§F§F§1§3§0§0§lo§x§F§F§0§C§0§0§lr§x§F§F§0§6§0§0§ld §x§F§F§0§7§0§0§lC§x§F§F§0§E§0§0§lh§x§F§F§1§5§0§0§le§x§F§F§1§C§0§0§ls§x§F§F§2§2§0§0§lp§x§F§F§2§9§0§0§ll§x§F§F§3§0§0§0§la§x§F§F§3§7§0§0§lt§x§F§F§3§E§0§0§le in auction for 1500000.
[03:03:10] > claypotter buy x1 Conduit to ELITEWARRIOR for $200,000.
[03:03:54] > claypotter remove x1 Conduit from buy
[03:18:15] > lthohijfi2014 added x1 Music disc otherside in auction for 10000.
[03:44:43] > x1 §f§l§8B§x§6§6§6§6§6§6a§x§7§7§7§7§7§7h§x§8§8§8§8§8§8a§x§9§9§9§9§9§9m§7u§x§9§9§9§9§9§9t§x§8§8§8§8§8§8 §x§7§7§7§7§7§7H§x§6§6§6§6§6§6a§8t on sale by baba has just expired, it goes in the inventory of expired items.
[03:49:59] > x1 §x§5§9§A§1§D§9§lA§x§7§1§A§E§D§Er§x§8§8§B§C§E§4c§x§A§0§C§9§E§9h§x§B§8§D§7§E§Fa§x§D§0§E§4§F§4n§x§E§7§F§2§F§Ag§fe§x§E§7§F§2§F§Al §x§B§8§D§7§E§FS§x§A§0§C§9§E§9t§x§8§8§B§C§E§4a§x§7§1§A§E§D§Ef§x§5§9§A§1§D§9f on sale by baba has just expired, it goes in the inventory of expired items.
[03:49:59] > x1 §f§l§8B§x§6§2§6§2§6§2a§x§6§F§6§F§6§Fh§x§7§C§7§C§7§Ca§x§8§9§8§9§8§9m§x§9§6§9§6§9§6u§x§A§3§A§3§A§3t §x§9§6§9§6§9§6H§x§8§9§8§9§8§9a§x§7§C§7§C§7§Ct§x§6§F§6§F§6§F §x§6§2§6§2§6§2V§82 on sale by baba has just expired, it goes in the inventory of expired items.
[03:51:50] > ThatMidnight buy x1 §x§F§F§5§5§0§0§lsᴇʟʟᴡᴀɴᴅ §6- 5.0x to arga2012 for $800,000.
[04:17:38] > ThatMidnight remove x1 §x§F§F§5§5§0§0§lsᴇʟʟᴡᴀɴᴅ §6- 5.0x from buy
[04:21:38] > _BAAM buy x1 Diamond pickaxe to YooRushy for $100,000.
[04:21:43] > _BAAM remove x1 Diamond pickaxe form buy
[04:23:52] > Zypher_0w0 added x5 §x§F§C§D§0§5§C§lB§x§E§6§D§3§6§B§la§x§C§F§D§5§7§A§ls§x§B§9§D§8§8§9§li§x§A§2§D§A§9§8§lc §x§7§5§D§F§B§6§lC§x§5§F§E§2§C§5§lr§x§7§5§D§F§B§6§la§x§8§C§D§D§A§7§lt§x§A§2§D§A§9§8§le §x§C§F§D§5§7§A§lK§x§E§6§D§3§6§B§le§x§F§C§D§0§5§C§ly in auction for 10000.
[04:23:57] > tic_sz buy x5 §x§F§C§D§0§5§C§lB§x§E§6§D§3§6§B§la§x§C§F§D§5§7§A§ls§x§B§9§D§8§8§9§li§x§A§2§D§A§9§8§lc §x§7§5§D§F§B§6§lC§x§5§F§E§2§C§5§lr§x§7§5§D§F§B§6§la§x§8§C§D§D§A§7§lt§x§A§2§D§A§9§8§le §x§C§F§D§5§7§A§lK§x§E§6§D§3§6§B§le§x§F§C§D§0§5§C§ly to Zypher_0w0 for $10,000.
[04:33:45] > ThatMidnight added x1 §x§F§F§5§5§0§0§lsᴇʟʟᴡᴀɴᴅ §6- 5.0x in auction for 700000.