
[01:03:22] > Piploploop added x1 Grass block in auction for 10.
[01:03:30] > Piploploop added x1 Grass block in auction for 10.
[01:15:10] > Piploploop added x1 Axolotl bucket in auction for 100000.
[01:25:05] > Piploploop remove x1 Grass block from storage
[01:25:07] > Piploploop remove x1 Grass block from storage
[01:25:07] > Piploploop remove x1 Axolotl bucket from storage
[01:28:47] > Piploploop added x64 Grass block in auction for 10.
[01:28:55] > Piploploop added x1 Diamond axe in auction for 10.
[01:29:09] > Piploploop added x1 Diamond sword in auction for 10.
[01:29:16] > Piploploop added x1 Diamond pickaxe in auction for 10.
[01:32:30] > Piploploop remove x1 Axolotl bucket from expire
[01:32:31] > Piploploop remove x1 Grass block from expire
[01:32:31] > Piploploop remove x1 Grass block from expire
[01:32:57] > Piploploop added x1 Diamond axe in auction for 10.
[01:54:24] > Piploploop added x2 Grass block in auction for 1000000.
[01:57:02] > Piploploop remove x1 Diamond axe form storage
[01:57:02] > Piploploop remove x1 Diamond sword form storage
[01:57:02] > Piploploop remove x1 Diamond pickaxe form storage
[01:57:02] > Piploploop remove x1 Diamond axe form storage
[01:57:02] > Piploploop remove x2 Grass block form storage
[01:57:02] > Piploploop remove x64 Grass block form storage
[02:30:20] > Piploploop added x1 Shulker box in auction for 100.
[02:37:48] > Piploploop added x1 Shulker box in auction for 1000.
[02:44:01] > Piploploop remove x1 Shulker box from storage
[02:49:00] > Piploploop added x1 Mycelium in auction for 10000.
[02:58:46] > Puffingsponge added x64 Stone in auction for 1000.
[03:05:15] > Piploploop added x1 Shulker box in auction for 10.
[03:05:58] > Piploploop remove x1 Shulker box from storage
[03:05:59] > Piploploop remove x1 Mycelium from storage
[03:06:00] > Piploploop remove x1 Shulker box from storage
[03:06:02] > Piploploop buy x64 Stone to Puffingsponge for 1 000$.
[03:06:18] > Piploploop added x1 Shulker box in auction for 10.
[03:06:29] > x1 Shulker box on sale by Piploploop has just expired, it goes in the inventory of expired items.
[03:13:34] > Piploploop added x64 Feather in auction for 100.
[03:13:45] > x64 Feather on sale by Piploploop has just expired, it goes in the inventory of expired items.
[03:24:34] > Piploploop added x64 Feather in auction for 10.
[03:24:49] > Piploploop remove x64 Feather from expire
[03:24:49] > Piploploop remove x1 Shulker box from expire
[03:24:50] > Piploploop remove x1 Shulker box from expire
[03:24:50] > Piploploop remove x1 Mycelium from expire
[03:24:50] > Piploploop remove x1 Shulker box from expire
[03:24:51] > Piploploop remove x1 Shulker box from expire
[03:25:02] > x64 Feather on sale by Piploploop has just expired, it goes in the inventory of expired items.
[03:25:02] > Piploploop added x1 Shulker box in auction for 100.
[03:28:49] > Piploploop added x64 Feather in auction for 100.
[03:28:49] > x1 Shulker box on sale by Piploploop has just expired, it goes in the inventory of expired items.
[03:29:26] > x64 Feather on sale by Piploploop has just expired, it goes in the inventory of expired items.
[03:29:32] > Piploploop added x64 Feather in auction for 100.
[03:29:42] > x64 Feather on sale by Piploploop has just expired, it goes in the inventory of expired items.
[03:29:48] > Piploploop added x64 Feather in auction for 100.
[03:30:06] > x64 Feather on sale by Piploploop has just expired, it goes in the inventory of expired items.
[03:30:49] > Piploploop added x64 Feather in auction for 1000.
[03:35:12] > x64 Feather on sale by Piploploop has just expired, it goes in the inventory of expired items.
[12:00:21] > Piploploop added x64 Feather in auction for 10.
[12:02:45] > Piploploop remove x64 Feather from storage
[12:07:02] > Piploploop added x64 Diamond in auction for 100.
[12:07:10] > Piploploop added x1 Diamond chestplate in auction for 100.
[12:11:59] > Piploploop remove x1 Diamond chestplate form storage
[12:11:59] > Piploploop remove x64 Diamond form storage
[12:12:15] > Piploploop added x1 Diamond chestplate in auction for 100.
[13:55:30] > CarlSui buy x1 Diamond chestplate to Piploploop for $100.
[13:55:37] > Piploploop added x1 §fDemon Lord Wings in auction for 10.
[13:55:43] > Hydrix_Mechanic buy x1 §fDemon Lord Wings to Piploploop for $10.
[13:56:40] > Piploploop added x64 Spruce log in auction for 10.
[13:56:44] > CarlSui buy x64 Spruce log to Piploploop for $10.
[13:56:52] > Piploploop added x2 §x§F§F§0§0§0§0§lS§x§F§F§1§3§0§0§lh§x§F§F§2§6§0§0§lo§x§F§F§3§9§0§0§lg§x§F§F§4§D§0§0§lu§x§F§F§6§0§0§0§ln §x§F§F§8§6§0§0§lF§x§F§F§7§3§0§0§lr§x§F§F§6§0§0§0§la§x§F§F§4§D§0§0§lg§x§F§F§3§9§0§0§lm§x§F§F§2§6§0§0§le§x§F§F§1§3§0§0§ln§x§F§F§0§0§0§0§lt in auction for 10.
[13:56:57] > CarlSui buy x2 §x§F§F§0§0§0§0§lS§x§F§F§1§3§0§0§lh§x§F§F§2§6§0§0§lo§x§F§F§3§9§0§0§lg§x§F§F§4§D§0§0§lu§x§F§F§6§0§0§0§ln §x§F§F§8§6§0§0§lF§x§F§F§7§3§0§0§lr§x§F§F§6§0§0§0§la§x§F§F§4§D§0§0§lg§x§F§F§3§9§0§0§lm§x§F§F§2§6§0§0§le§x§F§F§1§3§0§0§ln§x§F§F§0§0§0§0§lt to Piploploop for $10.
[13:57:02] > Piploploop added x2 §x§F§F§3§E§0§0§lD§x§F§F§3§7§0§0§le§x§F§F§3§0§0§0§lm§x§F§F§2§9§0§0§lo§x§F§F§2§2§0§0§ln §x§F§F§1§5§0§0§lL§x§F§F§0§E§0§0§lo§x§F§F§0§7§0§0§lr§x§F§F§0§0§0§0§ld §x§F§F§0§E§0§0§lF§x§F§F§1§5§0§0§lr§x§F§F§1§C§0§0§la§x§F§F§2§2§0§0§lg§x§F§F§2§9§0§0§lm§x§F§F§3§0§0§0§le§x§F§F§3§7§0§0§ln§x§F§F§3§E§0§0§lt in auction for 10.
[13:57:05] > CarlSui buy x2 §x§F§F§3§E§0§0§lD§x§F§F§3§7§0§0§le§x§F§F§3§0§0§0§lm§x§F§F§2§9§0§0§lo§x§F§F§2§2§0§0§ln §x§F§F§1§5§0§0§lL§x§F§F§0§E§0§0§lo§x§F§F§0§7§0§0§lr§x§F§F§0§0§0§0§ld §x§F§F§0§E§0§0§lF§x§F§F§1§5§0§0§lr§x§F§F§1§C§0§0§la§x§F§F§2§2§0§0§lg§x§F§F§2§9§0§0§lm§x§F§F§3§0§0§0§le§x§F§F§3§7§0§0§ln§x§F§F§3§E§0§0§lt to Piploploop for $10.
[13:57:10] > Piploploop added x1 §x§F§F§5§5§0§0§lsᴇʟʟᴡᴀɴᴅ §7(100) in auction for 10.
[13:57:13] > CarlSui buy x1 §x§F§F§5§5§0§0§lsᴇʟʟᴡᴀɴᴅ §7(100) to Piploploop for $10.
[13:59:01] > 7seals added x1 §x§E§4§3§A§9§6§lW§x§E§7§5§3§A§3§lI§x§E§B§6§B§B§0§lN§x§E§E§8§4§B§D§lG§x§F§2§9§D§C§B§lS §x§F§8§C§E§E§5§lO§x§F§C§E§6§F§2§lF §x§F§C§E§6§F§2§lE§x§F§8§C§E§E§5§lT§x§F§5§B§5§D§8§lE§x§F§2§9§D§C§B§lR§x§E§E§8§4§B§D§lN§x§E§B§6§B§B§0§lI§x§E§7§5§3§A§3§lT§x§E§4§3§A§9§6§lY in auction for 300000.
[14:01:02] > Piploploop added x1 Jungle log in auction for 10.
[14:22:00] > deadinside buy x1 §x§E§4§3§A§9§6§lW§x§E§7§5§3§A§3§lI§x§E§B§6§B§B§0§lN§x§E§E§8§4§B§D§lG§x§F§2§9§D§C§B§lS §x§F§8§C§E§E§5§lO§x§F§C§E§6§F§2§lF §x§F§C§E§6§F§2§lE§x§F§8§C§E§E§5§lT§x§F§5§B§5§D§8§lE§x§F§2§9§D§C§B§lR§x§E§E§8§4§B§D§lN§x§E§B§6§B§B§0§lI§x§E§7§5§3§A§3§lT§x§E§4§3§A§9§6§lY to 7seals for $300 000.
[14:24:16] > deadinside added x1 §x§F§F§0§0§0§0§lS§x§F§F§1§3§0§0§lh§x§F§F§2§6§0§0§lo§x§F§F§3§9§0§0§lg§x§F§F§4§D§0§0§lu§x§F§F§6§0§0§0§ln §x§F§F§8§6§0§0§lF§x§F§F§7§3§0§0§lr§x§F§F§6§0§0§0§la§x§F§F§4§D§0§0§lg§x§F§F§3§9§0§0§lm§x§F§F§2§6§0§0§le§x§F§F§1§3§0§0§ln§x§F§F§0§0§0§0§lt in auction for 100000.
[14:28:21] > Hydrix_Mechanic buy x1 Jungle log to Piploploop for $10.
[15:28:50] > 7seals added x1 §x§E§4§3§A§9§6§lW§x§E§7§5§3§A§3§lI§x§E§B§6§B§B§0§lN§x§E§E§8§4§B§D§lG§x§F§2§9§D§C§B§lS §x§F§8§C§E§E§5§lO§x§F§C§E§6§F§2§lF §x§F§C§E§6§F§2§lE§x§F§8§C§E§E§5§lT§x§F§5§B§5§D§8§lE§x§F§2§9§D§C§B§lR§x§E§E§8§4§B§D§lN§x§E§B§6§B§B§0§lI§x§E§7§5§3§A§3§lT§x§E§4§3§A§9§6§lY in auction for 300000.
[15:29:56] > Hydrix_Mechanic buy x1 §x§E§4§3§A§9§6§lW§x§E§7§5§3§A§3§lI§x§E§B§6§B§B§0§lN§x§E§E§8§4§B§D§lG§x§F§2§9§D§C§B§lS §x§F§8§C§E§E§5§lO§x§F§C§E§6§F§2§lF §x§F§C§E§6§F§2§lE§x§F§8§C§E§E§5§lT§x§F§5§B§5§D§8§lE§x§F§2§9§D§C§B§lR§x§E§E§8§4§B§D§lN§x§E§B§6§B§B§0§lI§x§E§7§5§3§A§3§lT§x§E§4§3§A§9§6§lY to 7seals for $300 000.
[16:34:58] > Zequillaa added x1 §x§6§B§2§C§C§6G§x§7§0§3§2§C§Ca§x§7§5§3§8§D§2l§x§7§A§3§E§D§8a§x§7§F§4§4§D§Ex§x§8§4§4§9§E§5y§x§8§9§4§F§E§B §x§8§E§5§5§F§1H§x§9§3§5§B§F§7a§x§9§8§6§1§F§Dt in auction for 2000000.
[16:36:06] > Zequillaa added x1 §x§E§4§3§A§9§6§lW§x§E§7§5§3§A§3§lI§x§E§B§6§B§B§0§lN§x§E§E§8§4§B§D§lG§x§F§2§9§D§C§B§lS §x§F§8§C§E§E§5§lO§x§F§C§E§6§F§2§lF §x§F§C§E§6§F§2§lE§x§F§8§C§E§E§5§lT§x§F§5§B§5§D§8§lE§x§F§2§9§D§C§B§lR§x§E§E§8§4§B§D§lN§x§E§B§6§B§B§0§lI§x§E§7§5§3§A§3§lT§x§E§4§3§A§9§6§lY in auction for 5000000.
[16:36:15] > Zequillaa added x1 §x§F§F§0§0§0§0§lS§x§F§F§1§3§0§0§lh§x§F§F§2§6§0§0§lo§x§F§F§3§9§0§0§lg§x§F§F§4§D§0§0§lu§x§F§F§6§0§0§0§ln §x§F§F§8§6§0§0§lF§x§F§F§7§3§0§0§lr§x§F§F§6§0§0§0§la§x§F§F§4§D§0§0§lg§x§F§F§3§9§0§0§lm§x§F§F§2§6§0§0§le§x§F§F§1§3§0§0§ln§x§F§F§0§0§0§0§lt in auction for 200000.
[16:59:06] > 7seals added x1 §f§x§F§B§B§6§1§DC§x§F§0§A§F§1§Ca§x§E§5§A§8§1§Bp§x§D§B§A§0§1§9y§x§D§0§9§9§1§8b§x§C§5§9§2§1§7a§x§B§A§8§B§1§6r§x§A§F§8§4§1§5a§x§A§4§7§D§1§4 §x§9§A§7§5§1§2H§x§8§F§6§E§1§1a§x§8§4§6§7§1§0t in auction for 500000.
[19:36:32] > low_taperfade added x1 §x§E§4§3§A§9§6§lW§x§E§7§5§3§A§3§lI§x§E§B§6§B§B§0§lN§x§E§E§8§4§B§D§lG§x§F§2§9§D§C§B§lS §x§F§8§C§E§E§5§lO§x§F§C§E§6§F§2§lF §x§F§C§E§6§F§2§lE§x§F§8§C§E§E§5§lT§x§F§5§B§5§D§8§lE§x§F§2§9§D§C§B§lR§x§E§E§8§4§B§D§lN§x§E§B§6§B§B§0§lI§x§E§7§5§3§A§3§lT§x§E§4§3§A§9§6§lY in auction for 200000.
[19:54:27] > CarlSui buy x1 §x§E§4§3§A§9§6§lW§x§E§7§5§3§A§3§lI§x§E§B§6§B§B§0§lN§x§E§E§8§4§B§D§lG§x§F§2§9§D§C§B§lS §x§F§8§C§E§E§5§lO§x§F§C§E§6§F§2§lF §x§F§C§E§6§F§2§lE§x§F§8§C§E§E§5§lT§x§F§5§B§5§D§8§lE§x§F§2§9§D§C§B§lR§x§E§E§8§4§B§D§lN§x§E§B§6§B§B§0§lI§x§E§7§5§3§A§3§lT§x§E§4§3§A§9§6§lY to low_taperfade for $200 000.
[19:54:40] > CarlSui added x1 §x§E§4§3§A§9§6§lW§x§E§7§5§3§A§3§lI§x§E§B§6§B§B§0§lN§x§E§E§8§4§B§D§lG§x§F§2§9§D§C§B§lS §x§F§8§C§E§E§5§lO§x§F§C§E§6§F§2§lF §x§F§C§E§6§F§2§lE§x§F§8§C§E§E§5§lT§x§F§5§B§5§D§8§lE§x§F§2§9§D§C§B§lR§x§E§E§8§4§B§D§lN§x§E§B§6§B§B§0§lI§x§E§7§5§3§A§3§lT§x§E§4§3§A§9§6§lY in auction for 1000000.
[22:32:07] > low_taperfade added x1 §fDemon Lord Spear in auction for 1000000000.
[22:32:28] > low_taperfade remove x1 §fDemon Lord Spear from storage
[22:35:09] > Cynishere added x1 Jobaxe:broken_heart: in auction for 3000000.
[22:35:56] > Cynishere remove x1 Jobaxe:broken_heart: from storage
[23:35:58] > fun_pun added x1 §fMedieval Hat in auction for 100000.
[23:36:08] > fun_pun added x1 §fPanda Hat in auction for 100000.
[23:36:27] > fun_pun added x1 §f§x§F§B§B§6§1§DC§x§F§0§A§F§1§Ca§x§E§5§A§8§1§Bp§x§D§B§A§0§1§9y§x§D§0§9§9§1§8b§x§C§5§9§2§1§7a§x§B§A§8§B§1§6r§x§A§F§8§4§1§5a§x§A§4§7§D§1§4 §x§9§A§7§5§1§2H§x§8§F§6§E§1§1a§x§8§4§6§7§1§0t in auction for 100000.
[23:36:56] > low_taperfade added x1 §fShogun Helmet in auction for 100000.
[23:37:09] > low_taperfade added x1 §fShogun Chestplate in auction for 100000.