
[13:48:40] > dejuugarr added x1 Enchanted book in auction for 10000.
[14:58:06] > dejuugarr buy x1 §x§F§F§3§E§0§0§lSellwand Voucher to ReavHere for $1,000,000.
[14:58:22] > x3 Beacon, bought by Julene, has just expired, the item is definitively deleted.
[14:58:22] > x1 §f§l§8B§x§6§6§6§6§6§6a§x§7§7§7§7§7§7h§x§8§8§8§8§8§8a§x§9§9§9§9§9§9m§7u§x§9§9§9§9§9§9t§x§8§8§8§8§8§8 §x§7§7§7§7§7§7H§x§6§6§6§6§6§6o§8e, bought by fuzzy_fae, has just expired, the item is definitively deleted.
[14:58:22] > x33 Bone, bought by Horheee, has just expired, the item is definitively deleted.
[14:58:22] > x1 §fNaganadel Tail, bought by Icon_Skully, has just expired, the item is definitively deleted.
[14:58:22] > x1 Ominous bottle, bought by VashleyProGamer, has just expired, the item is definitively deleted.
[14:58:22] > x1 §x§6§0§0§0§F§F§lɢᴏᴅʟʏ ɪᴛᴇᴍ, bought by Icon_Skully, has just expired, the item is definitively deleted.
[14:58:23] > dejuugarr remove x1 §x§F§F§3§E§0§0§lSellwand Voucher from buy
[15:02:23] > dejuugarr added x1 Mace in auction for 10.
[15:02:28] > dejuugarr remove x1 Mace from storage
[15:03:30] > x1 §f§l§x§E§4§3§A§3§AM§x§D§7§4§7§3§Ae§x§C§A§5§5§3§Ar§x§B§D§6§2§3§9r§x§A§F§7§0§3§9y§x§A§2§7§D§3§9 §x§9§5§8§A§3§9C§x§8§8§9§8§3§9h§x§7§B§A§5§3§9r§x§6§E§B§3§3§8i§x§6§1§C§0§3§8s§x§5§4§C§D§3§8tm§x§6§1§C§0§3§8a§x§6§E§B§3§3§8s§x§7§B§A§5§3§9 §x§8§8§9§8§3§9C§x§9§5§8§A§3§9r§x§A§2§7§D§3§9o§x§A§F§7§0§3§9s§x§B§D§6§2§3§9s§x§C§A§5§5§3§Ab§x§D§7§4§7§3§Ao§x§E§4§3§A§3§Aw, item of Anc_Kyoto, has just expired, the item is definitively deleted.
[15:03:30] > x1 §f§l§x§E§4§3§A§3§AM§x§D§6§4§8§3§Ae§x§C§9§5§6§3§Ar§x§B§B§6§4§3§9r§x§A§D§7§2§3§9y§x§9§F§8§0§3§9 §x§9§2§8§E§3§9C§x§8§4§9§C§3§9h§x§7§6§A§A§3§9r§x§6§8§B§8§3§8i§x§5§B§C§6§3§8s§x§4§D§D§4§3§8t§x§5§B§C§6§3§8m§x§6§8§B§8§3§8a§x§7§6§A§A§3§9s§x§8§4§9§C§3§9 §x§9§2§8§E§3§9T§x§9§F§8§0§3§9r§x§A§D§7§2§3§9i§x§B§B§6§4§3§9d§x§C§9§5§6§3§Ae§x§D§6§4§8§3§An§x§E§4§3§A§3§At, item of nachfaust, has just expired, the item is definitively deleted.
[15:03:30] > x1 §fAdventure Hat, item of Frxst3d0ath, has just expired, the item is definitively deleted.
[15:03:30] > x1 Beacon, item of Horheee, has just expired, the item is definitively deleted.
[15:03:30] > x1 §x§F§F§7§C§0§0§lSteamsparks Chestplate, item of NoClarity, has just expired, the item is definitively deleted.
[15:03:31] > dejuugarr remove x1 Mace from expire
[15:03:43] > dejuugarr added x1 Mace in auction for 10.
[15:03:51] > Axioma buy x1 Mace to dejuugarr for $10.
[15:04:16] > Axioma remove x1 Mace from buy
[15:42:37] > terrorist002 buy x1 Enchanted book to dejuugarr for $10,000.
[15:42:59] > terrorist002 remove x1 Enchanted book from buy
[15:49:54] > ReavHere added x1 Golden apple in auction for 50000.
[15:50:10] > ReavHere remove x1 Golden apple from storage
[18:01:37] > Allysa_19 added x1 §x§E§4§3§A§9§6§lW§x§E§7§5§3§A§3§lI§x§E§B§6§B§B§0§lN§x§E§E§8§4§B§D§lG§x§F§2§9§D§C§B§lS §x§F§8§C§E§E§5§lO§x§F§C§E§6§F§2§lF §x§F§C§E§6§F§2§lE§x§F§8§C§E§E§5§lT§x§F§5§B§5§D§8§lE§x§F§2§9§D§C§B§lR§x§E§E§8§4§B§D§lN§x§E§B§6§B§B§0§lI§x§E§7§5§3§A§3§lT§x§E§4§3§A§9§6§lY in auction for 40000000.
[21:21:16] > ReavHere added x1 go to /pwarps go RainForest in auction for 999999999999.
[22:50:07] > x1 Beacon on sale by Haru178 has just expired, it goes in the inventory of expired items.
[22:53:59] > ReavHere added x1 §x§5§9§A§1§D§9§lA§x§6§B§A§B§D§Dr§x§7§E§B§6§E§1c§x§9§0§C§0§E§6h§x§A§3§C§B§E§Aa§x§B§5§D§5§E§En§x§C§8§E§0§F§2g§x§D§A§E§A§F§7e§x§E§D§F§5§F§Bl §x§E§A§F§3§F§AL§x§D§6§E§8§F§6e§x§C§1§D§C§F§1g§x§A§C§D§0§E§Cg§x§9§7§C§4§E§7i§x§8§3§B§9§E§3n§x§6§E§A§D§D§Eg§x§5§9§A§1§D§9s in auction for 2000000.
[23:15:33] > ReavHere added x15 Iron ingot in auction for 1000000.
[23:16:48] > ReavHere remove x1 go to /pwarps go RainForest from storage
[23:17:00] > ReavHere added x1 go to /pwarps go RainForest in auction for 10.
[23:31:55] > ReavHere added x4 Copper block in auction for 100000.
[23:55:37] > ReavHere added x1 Golden shovel in auction for 100000.
[17:41:36] > PuffingSponge added x1 Grass block in auction for 10.
[18:06:19] > PuffingSponge remove x1 Grass block from storage
[18:08:39] > PuffingSponge added x1 Quartz block in auction for 10.
[18:08:43] > PuffingSponge remove x1 Quartz block from storage
[18:54:54] > PuffingSponge added x1 Raw gold in auction for 10.
[18:55:03] > PuffingSponge remove x1 Raw gold from storage
[18:55:15] > PuffingSponge remove x1 Raw gold from expire