
[14:22:04] > imnectarfr buy x5 "Why did the chicken cross the road?" to micailatot for $1,000,000.
[14:23:25] > imnectarfr added x2 Coast armor trim smithing template in auction for 10.
[15:09:06] > Matthew buy x2 Coast armor trim smithing template to imnectarfr for $10.
[15:11:10] > Matthew remove x2 Coast armor trim smithing template from buy
[16:47:32] > Johng10910 added x1 §f§l§x§F§C§D§0§5§CW§x§F§A§A§A§4§Bu§x§F§9§8§4§3§Bk§x§F§7§5§F§2§Ao§x§F§5§3§9§1§9n§x§F§4§1§3§0§8g §x§F§5§3§9§1§9S§x§F§7§5§F§2§At§x§F§9§8§4§3§Ba§x§F§A§A§A§4§Bf§x§F§C§D§0§5§Cf in auction for 200000.
[16:47:56] > Johng10910 added x1 §f§l§x§F§C§D§0§5§CW§x§F§A§A§6§4§Au§x§F§8§7§D§3§7k§x§F§7§5§3§2§5o§x§F§5§2§A§1§2n§x§F§3§0§0§0§0g§x§F§5§2§A§1§2 §x§F§7§5§3§2§5C§x§F§8§7§D§3§7l§x§F§A§A§6§4§Au§x§F§C§D§0§5§Cb in auction for 200000.
[16:48:06] > Johng10910 added x1 §f§l§x§F§C§D§0§5§CW§x§F§A§A§6§4§Au§x§F§8§7§D§3§7k§x§F§7§5§3§2§5o§x§F§5§2§A§1§2n§x§F§3§0§0§0§0g§x§F§5§2§A§1§2 §x§F§7§5§3§2§5C§x§F§8§7§D§3§7l§x§F§A§A§6§4§Au§x§F§C§D§0§5§Cb in auction for 200000.
[16:48:20] > Johng10910 added x1 §f§l§x§F§C§D§0§5§CW§x§F§A§A§2§4§8u§x§F§8§7§4§3§3k§x§F§6§4§5§1§Fo§x§F§4§1§7§0§Ang§x§F§6§4§5§1§F §x§F§8§7§4§3§3A§x§F§A§A§2§4§8x§x§F§C§D§0§5§Ce in auction for 200000.
[19:50:15] > dejuugarr buy x35 Leather to zappyduo for $50,000.
[19:50:21] > dejuugarr remove x2 §x§E§5§1§B§1§B§lDracula Key from buy
[19:50:22] > dejuugarr remove x35 Leather from buy
[19:51:45] > dejuugarr added x1 §x§E§5§1§B§1§B§lDracula Fishing in auction for 10.
[19:51:59] > dejuugarr added x1 §x§E§5§1§B§1§B§lDracula Axe in auction for 10.
[19:52:29] > Zhark buy x1 §x§E§5§1§B§1§B§lDracula Fishing to dejuugarr for $10.
[21:56:57] > iuyfbt added x63 Experience bottle in auction for 47000.
[21:57:12] > Haru178 buy x63 Experience bottle to iuyfbt for $47,000.
[22:01:22] > Haru178 buy x1 §f§l§x§F§C§D§0§5§CW§x§F§A§A§A§4§Bu§x§F§9§8§4§3§Bk§x§F§7§5§F§2§Ao§x§F§5§3§9§1§9n§x§F§4§1§3§0§8g §x§F§5§3§9§1§9S§x§F§7§5§F§2§At§x§F§9§8§4§3§Ba§x§F§A§A§A§4§Bf§x§F§C§D§0§5§Cf to Johng10910 for $200,000.
[22:01:33] > Haru178 remove x64 Lead form buy
[22:01:33] > Haru178 remove x64 Coal block form buy
[22:01:33] > Haru178 remove x64 Coal block form buy
[22:01:33] > Haru178 remove x64 Coal block form buy
[22:01:33] > Haru178 remove x64 Coal block form buy
[22:01:33] > Haru178 remove x64 Coal block form buy
[22:01:33] > Haru178 remove x64 Blaze rod form buy
[22:01:33] > Haru178 remove x63 Experience bottle form buy
[22:01:33] > Haru178 remove x64 Coal block form buy
[22:01:33] > Haru178 remove x1 §f§l§x§F§C§D§0§5§CW§x§F§A§A§A§4§Bu§x§F§9§8§4§3§Bk§x§F§7§5§F§2§Ao§x§F§5§3§9§1§9n§x§F§4§1§3§0§8g §x§F§5§3§9§1§9S§x§F§7§5§F§2§At§x§F§9§8§4§3§Ba§x§F§A§A§A§4§Bf§x§F§C§D§0§5§Cf form buy
[22:03:42] > iuyfbt added x1 Enchanted book in auction for 75000.
[22:04:27] > Haru178 added x1 Beacon in auction for 700000.
[22:04:48] > Johng10910 added x1 Enchanted book in auction for 75000.
[22:04:59] > Icon_Skully buy x1 Enchanted book to Johng10910 for $75,000.
[22:05:20] > iuyfbt added x1 Enchanted book in auction for 50000.
[22:05:35] > Icon_Skully buy x1 Enchanted book to iuyfbt for $50,000.
[22:05:46] > iuyfbt remove x1 Enchanted book from storage
[22:09:38] > Icon_Skully remove x1 Enchanted book form buy
[22:09:38] > Icon_Skully remove x1 Enchanted book form buy
[00:14:58] > x1 /pwarp go TotemTrade Wither Skel Head @400 on sale by Zypher_0w0 has just expired, it goes in the inventory of expired items.
[00:15:05] > El_GHOST23 buy x1 §x§E§5§1§B§1§B§lDracula Axe to dejuugarr for $10.