
[04:39:51] > x1 §x§F§E§B§E§C§A§lSeason 3 Celebration Cake <3 on sale by Minkira has just expired, it goes in the inventory of expired items.
[09:29:19] > Matthew buy x1 §f§l§x§F§C§D§0§5§CW§x§F§A§A§2§4§8u§x§F§8§7§4§3§3k§x§F§6§4§5§1§Fo§x§F§4§1§7§0§Ang§x§F§6§4§5§1§F §x§F§8§7§4§3§3A§x§F§A§A§2§4§8x§x§F§C§D§0§5§Ce to Johng10910 for $200,000.
[09:29:26] > Matthew buy x1 §f§l§x§F§C§D§0§5§CW§x§F§A§A§6§4§Au§x§F§8§7§D§3§7k§x§F§7§5§3§2§5o§x§F§5§2§A§1§2n§x§F§3§0§0§0§0g§x§F§5§2§A§1§2 §x§F§7§5§3§2§5C§x§F§8§7§D§3§7l§x§F§A§A§6§4§Au§x§F§C§D§0§5§Cb to Johng10910 for $200,000.
[09:29:35] > x2 §f§x§D§0§D§0§D§0J§x§C§9§C§9§C§9e§x§C§2§C§2§C§2t§x§B§B§B§B§B§B §x§B§3§B§3§B§3P§x§A§C§A§C§A§Ci§x§A§5§A§5§A§5l§x§9§E§9§E§9§Eo§x§9§7§9§7§9§7t§x§9§0§9§0§9§0 §x§8§9§8§9§8§9H§x§8§2§8§2§8§2e§x§7§A§7§A§7§Al§x§7§3§7§3§7§3m§x§6§C§6§C§6§Ce§x§6§5§6§5§6§5t, bought by mae, has just expired, the item is definitively deleted.
[09:29:35] > x1 §fGhost Hat, bought by mae, has just expired, the item is definitively deleted.
[09:29:35] > x2 §eMummy Hat, bought by mae, has just expired, the item is definitively deleted.
[09:29:38] > Matthew remove x1 §f§l§x§F§C§D§0§5§CW§x§F§A§A§6§4§Au§x§F§8§7§D§3§7k§x§F§7§5§3§2§5o§x§F§5§2§A§1§2n§x§F§3§0§0§0§0g§x§F§5§2§A§1§2 §x§F§7§5§3§2§5C§x§F§8§7§D§3§7l§x§F§A§A§6§4§Au§x§F§C§D§0§5§Cb from buy
[09:29:38] > Matthew remove x1 §f§l§x§F§C§D§0§5§CW§x§F§A§A§2§4§8u§x§F§8§7§4§3§3k§x§F§6§4§5§1§Fo§x§F§4§1§7§0§Ang§x§F§6§4§5§1§F §x§F§8§7§4§3§3A§x§F§A§A§2§4§8x§x§F§C§D§0§5§Ce from buy
[10:35:00] > dejuugarr added x5 §x§F§C§D§0§5§C§lB§x§E§6§D§3§6§B§la§x§C§F§D§5§7§A§ls§x§B§9§D§8§8§9§li§x§A§2§D§A§9§8§lc §x§7§5§D§F§B§6§lC§x§5§F§E§2§C§5§lr§x§7§5§D§F§B§6§la§x§8§C§D§D§A§7§lt§x§A§2§D§A§9§8§le §x§C§F§D§5§7§A§lK§x§E§6§D§3§6§B§le§x§F§C§D§0§5§C§ly in auction for 100.
[10:35:08] > Haru178 buy x5 §x§F§C§D§0§5§C§lB§x§E§6§D§3§6§B§la§x§C§F§D§5§7§A§ls§x§B§9§D§8§8§9§li§x§A§2§D§A§9§8§lc §x§7§5§D§F§B§6§lC§x§5§F§E§2§C§5§lr§x§7§5§D§F§B§6§la§x§8§C§D§D§A§7§lt§x§A§2§D§A§9§8§le §x§C§F§D§5§7§A§lK§x§E§6§D§3§6§B§le§x§F§C§D§0§5§C§ly to dejuugarr for $100.
[11:26:40] > x62 Cobbled deepslate slab on sale by Muirfaha15 has just expired, it goes in the inventory of expired items.
[11:26:40] > x64 Cobbled deepslate slab on sale by Muirfaha15 has just expired, it goes in the inventory of expired items.
[16:42:23] > x1 Selling thousands of food at [/pwarp go MShop] on sale by micailatot has just expired, it goes in the inventory of expired items.
[16:42:23] > x1 §f§l§x§E§4§3§A§3§AM§x§D§8§4§6§3§Ae§x§C§D§5§2§3§Ar§x§C§1§5§E§3§Ar§x§B§6§6§9§3§9y§x§A§A§7§5§3§9 §x§9§E§8§1§3§9C§x§9§3§8§D§3§9h§x§8§7§9§9§3§9r§x§7§B§A§5§3§9i§x§7§0§B§0§3§8s§x§6§4§B§C§3§8t§x§5§9§C§8§3§8m§x§4§D§D§4§3§8a§x§5§9§C§8§3§8s§x§6§4§B§C§3§8 §x§7§0§B§0§3§8F§x§7§B§A§5§3§9i§x§8§7§9§9§3§9s§x§9§3§8§D§3§9h§x§9§E§8§1§3§9i§x§A§A§7§5§3§9n§x§B§6§6§9§3§9g§x§C§1§5§E§3§A §x§C§D§5§2§3§Ar§x§D§8§4§6§3§Ao§x§E§4§3§A§3§Ad on sale by micailatot has just expired, it goes in the inventory of expired items.
[17:08:13] > x1 §2Cauldron Hat, bought by mae, has just expired, the item is definitively deleted.
[17:08:13] > x1 §fWitch Hat, bought by mae, has just expired, the item is definitively deleted.
[17:08:15] > fuzzy_fae remove x2 zappyduo's balls from buy
[18:26:17] > dearestyumeko added x1 Sniffer egg in auction for 10000.
[18:39:24] > dejuugarr buy x1 Sniffer egg to dearestyumeko for $10,000.
[21:00:14] > x1 Diamond, bought by mae, has just expired, the item is definitively deleted.
[21:00:15] > dejuugarr remove x1 Sniffer egg from buy
[22:05:41] > fuzzy_fae remove x1 Netherite upgrade smithing template from buy
[22:06:59] > x1 §f§l§8B§x§6§4§6§4§6§4a§x§7§4§7§4§7§4h§x§8§3§8§3§8§3a§x§9§3§9§3§9§3m§x§A§2§A§2§A§2ut§x§9§3§9§3§9§3 §x§8§3§8§3§8§3M§x§7§4§7§4§7§4a§x§6§4§6§4§6§4c§8e on sale by hilmanpro88 has just expired, it goes in the inventory of expired items.
[22:07:55] > FireFragments001 buy x1 §f§l§x§F§C§D§0§5§CW§x§F§A§A§6§4§Au§x§F§8§7§D§3§7k§x§F§7§5§3§2§5o§x§F§5§2§A§1§2n§x§F§3§0§0§0§0g§x§F§5§2§A§1§2 §x§F§7§5§3§2§5C§x§F§8§7§D§3§7l§x§F§A§A§6§4§Au§x§F§C§D§0§5§Cb to Johng10910 for $200,000.
[22:10:18] > FireFragments001 remove x1 Netherite upgrade smithing template from buy
[22:10:20] > FireFragments001 remove x1 §f§l§x§F§C§D§0§5§CW§x§F§A§A§6§4§Au§x§F§8§7§D§3§7k§x§F§7§5§3§2§5o§x§F§5§2§A§1§2n§x§F§3§0§0§0§0g§x§F§5§2§A§1§2 §x§F§7§5§3§2§5C§x§F§8§7§D§3§7l§x§F§A§A§6§4§Au§x§F§C§D§0§5§Cb from buy
[01:36:59] > fuzzy_fae added x2 diddler in auction for 1000.
[01:37:10] > x1 §x§F§F§5§5§0§0§lsᴇʟʟᴡᴀɴᴅ §6- 20.0x, bought by StatikLight, has just expired, the item is definitively deleted.
[01:37:14] > FireFragments001 remove x26 Raw iron form buy
[01:37:32] > FireFragments001 buy x2 diddler to fuzzy_fae for $1,000.
[01:37:37] > fuzzy_fae added x3 zappy cum in auction for 750.
[01:37:44] > FireFragments001 buy x3 zappy cum to fuzzy_fae for $750.
[01:37:50] > FireFragments001 remove x3 zappy cum from buy
[01:37:50] > FireFragments001 remove x2 diddler from buy
[01:39:54] > fuzzy_fae added x2 zappy cum in auction for 1500.
[01:40:16] > KitThePcPlayer buy x2 zappy cum to fuzzy_fae for $1,500.
[01:40:59] > fuzzy_fae added x4 zappy cum in auction for 3000.
[01:41:09] > KitThePcPlayer buy x4 zappy cum to fuzzy_fae for $3,000.
[01:41:46] > fuzzy_fae added x4 zappy cum in auction for 3000.
[01:41:54] > KitThePcPlayer buy x4 zappy cum to fuzzy_fae for $3,000.
[01:43:17] > fuzzy_fae added x40 zappy cum in auction for 40000.
[01:43:22] > FireFragments001 buy x40 zappy cum to fuzzy_fae for $40,000.
[01:43:44] > FireFragments001 remove x40 zappy cum from buy
[01:44:07] > fuzzy_fae added x4 zappyduo's meat (chopped) in auction for 50000.
[01:44:11] > FireFragments001 buy x4 zappyduo's meat (chopped) to fuzzy_fae for $50,000.
[01:44:22] > FireFragments001 remove x4 zappyduo's meat (chopped) from buy
[01:48:00] > fuzzy_fae added x64 zappyduo's meat (chopped) in auction for 20000.
[01:48:04] > FireFragments001 buy x64 zappyduo's meat (chopped) to fuzzy_fae for $20,000.
[01:48:10] > FireFragments001 remove x64 zappyduo's meat (chopped) from buy